******************************************************************************
                  TI ARM Linker Unix v5.1.6                    
******************************************************************************
>> Linked Wed Oct 14 10:57:41 2015

OUTPUT FILE NAME:   <roveDeviceTemplate.out>
ENTRY POINT SYMBOL: "_c_int00"  address: 00011045


MEMORY CONFIGURATION

         name            origin    length      used     unused   attr    fill
----------------------  --------  ---------  --------  --------  ----  --------
  FLASH                 00000000   00100000  000181e0  000e7e20  R  X
  SRAM                  20000000   00040000  0001101c  0002efe4  RW X


SEGMENT ALLOCATION MAP

run origin  load origin   length   init length attrs members
----------  ----------- ---------- ----------- ----- -------
00000000    00000000    000181e8   000181e8    r-x
  00000000    00000000    0000003c   0000003c    r-- .resetVecs
  0000003c    0000003c    00015446   00015446    r-x .text
  00015484    00015484    000026ce   000026ce    r-- .const
  00017b58    00017b58    00000690   00000690    r-- .cinit
20000000    20000000    00000360   00000000    rw-
  20000000    20000000    00000360   00000000    rw- .vecs
20000380    20000380    00010cbc   00000000    rw-
  20000380    20000380    0000f9dc   00000000    rw- .bss
  2000fd5c    2000fd5c    00000ae0   00000000    rw- .data
  2001083c    2001083c    00000800   00000000    rw- .stack


SECTION ALLOCATION MAP

 output                                  attributes/
section   page    origin      length       input sections
--------  ----  ----------  ----------   ----------------
.bootVecs 
*          0    00000000    00000008     DSECT
                  00000000    00000008     boot.aem4f : boot.oem4f (.bootVecs)

.resetVecs 
*          0    00000000    0000003c     
                  00000000    0000003c     tivaRTSC_JS_pem4f.oem4f (.resetVecs)

xdc.meta   0    00000000    00000108     COPY SECTION
                  00000000    00000108     tivaRTSC_JS_pem4f.oem4f (xdc.meta)

.init_array 
*          0    00000000    00000000     UNINITIALIZED

.text      0    0000003c    00015446     
                  0000003c    00000ec0     rtsv7M4_T_le_v4SPD16_eabi.lib : _printfi.obj (.text)
                  00000efc    00000c70     stk.aem4f : tcpin.oem4f (.text:TcpInput)
                  00001b6c    000008a0               : tcpout.oem4f (.text:TcpOutput)
                  0000240c    00000424     sysbios.aem4f : BIOS.obj (.text:ti_sysbios_family_arm_m3_Hwi_excDumpRegs__I)
                  00002830    00000408     stk.aem4f : ipout.oem4f (.text:IPTxPacket)
                  00002c38    00000384               : ipin.oem4f (.text:IPRxPacket)
                  00002fbc    0000033c     ti.targets.arm.rtsarm.aem4f : System.oem4f (.text:xdc_runtime_System_doPrint__I)
                  000032f8    00000310     rtsv7M4_T_le_v4SPD16_eabi.lib : lowlev.obj (.text)
                  00003608    00000304     sysbios.aem4f : BIOS.obj (.text:ti_sysbios_knl_Semaphore_pend__E)
                  0000390c    000002d4     rtsv7M4_T_le_v4SPD16_eabi.lib : trgdrv.obj (.text)
                  00003be0    000002c0     sysbios.aem4f : BIOS.obj (.text:ti_sysbios_knl_Task_Instance_finalize__E)
                  00003ea0    00000274     stk.aem4f : sock.oem4f (.text:SockSet)
                  00004114    0000024c               : ipfrag.oem4f (.text:IPReasm)
                  00004360    0000024c     sysbios.aem4f : BIOS.obj (.text:ti_sysbios_family_arm_lm4_Timer_start__E)
                  000045ac    00000248                   : BIOS.obj (.text:ti_sysbios_heaps_HeapMem_free__E)
                  000047f4    0000023c     stk.aem4f : icmpin.oem4f (.text:ICMPInput)
                  00004a30    00000234     sysbios.aem4f : BIOS.obj (.text:ti_sysbios_heaps_HeapMem_alloc__E)
                  00004c64    00000224     stk.aem4f : udp.oem4f (.text:UdpInput)
                  00004e88    00000208     sysbios.aem4f : BIOS.obj (.text:ti_sysbios_knl_Task_sleep__E)
                  00005090    00000204     Boot.aem4f : Boot_sysctl.oem4f (.text:ti_catalog_arm_cortexm4_tiva_ce_Boot_sysCtlClockFreqSetI__I)
                  00005294    000001f8     stk.aem4f : sock.oem4f (.text:SockRecv)
                  0000548c    000001f8     sysbios.aem4f : BIOS.obj (.text:ti_sysbios_family_arm_m3_Hwi_excHandlerMax__I)
                  00005684    000001f4     rtsv7M4_T_le_v4SPD16_eabi.lib : ull_div_t2.obj (.text)
                  00005878    000001e4     sysbios.aem4f : BIOS.obj (.text:ti_sysbios_knl_Task_Instance_init__E)
                  00005a5c    000001c0     rtsv7M4_T_le_v4SPD16_eabi.lib : fopen.obj (.text)
                  00005c1c    000001b8     drivers_tivaware.aem4f : EMACSnow.oem4f (.text:EMACSnow_NIMUInit)
                  00005dd4    000001b6     rtsv7M4_T_le_v4SPD16_eabi.lib : fd_add_t2.obj (.text)
                  00005f8a    00000002     hal_userled_stub.aem4f : llled.oem4f (.text:LED_TOGGLE)
                  00005f8c    000001b4     stk.aem4f : lliout.oem4f (.text:LLITxIpPacket)
                  00006140    000001b0               : lliin.oem4f (.text:LLIRxPacket)
                  000062f0    00000198     os.aem4f : mem.oem4f (.text:mmAlloc)
                  00006488    00000194     stk.aem4f : sock.oem4f (.text:SockNew)
                  0000661c    00000190               : igmp.oem4f (.text:IGMPInput)
                  000067ac    00000184     sysbios.aem4f : BIOS.obj (.text:ti_sysbios_knl_Task_setPri__E)
                  00006930    00000170     drivers_tivaware.aem4f : PWMTiva.oem4f (.text:PWMTiva_open)
                  00006aa0    00000170     stk.aem4f : rtc.oem4f (.text:RTCReport)
                  00006c10    00000168     sysbios.aem4f : BIOS.obj (.text:ti_sysbios_family_arm_m3_Hwi_excBusFault__I)
                  00006d78    00000166     stk.aem4f : sb.oem4f (.text:SBRead)
                  00006ede    00000002               : nat.oem4f (.text:NatMsg)
                  00006ee0    00000164               : sock.oem4f (.text:SockConnect)
                  00007044    00000154     netctrl_min_ipv4.aem4f : netctrl.oem4f (.text:NC_NetStart)
                  00007198    00000154     roveBIOS_Init.obj (.text:main)
                  000072ec    00000154     sysbios.aem4f : BIOS.obj (.text:ti_sysbios_family_arm_m3_Hwi_excUsageFault__I)
                  00007440    00000152     roveDeviceTemplate_Thread.obj (.text:roveDeviceTemplateThread)
                  00007592    00000002     os.aem4f : task.oem4f (.text:_TaskInit)
                  00007594    00000144     stk.aem4f : bind.oem4f (.text:BindNew)
                  000076d8    00000140     nettool_ipv4.aem4f : config.oem4f (.text:CfgAddEntry)
                  00007818    00000140                        : dhcpmain.oem4f (.text:DHCPOpen)
                  00007958    00000140     EK_TM4C1294XL.obj (.text:EK_TM4C1294XL_initUART)
                  00007a98    00000140     stk.aem4f : tcp.oem4f (.text:TcpTimeoutCheck)
                  00007bd8    00000140     drivers_tivaware.aem4f : UARTTiva.oem4f (.text:UARTTiva_open)
                  00007d18    00000140     sysbios.aem4f : BIOS.obj (.text:ti_sysbios_family_arm_m3_Hwi_excMemFault__I)
                  00007e58    0000013c     stk.aem4f : sock.oem4f (.text:SockSend)
                  00007f94    00000138     sysbios.aem4f : BIOS.obj (.text:ti_sysbios_family_arm_m3_Hwi_dispatchC__I)
                  000080cc    00000138                   : BIOS.obj (.text:ti_sysbios_heaps_HeapMem_Instance_init__E)
                  00008204    00000138                   : BIOS.obj (.text:ti_sysbios_knl_Semaphore_post__E)
                  0000833c    00000136     rtsv7M4_T_le_v4SPD16_eabi.lib : fd_div_t2.obj (.text)
                  00008472    00000002     os.aem4f : task.oem4f (.text:_TaskShutdown)
                  00008474    00000134     rtsv7M4_T_le_v4SPD16_eabi.lib : fputs.obj (.text)
                  000085a8    00000132     roveWare_TCPSocket.obj (.text:rovePrintf_TCP_CmdMsg)
                  000086da    00000130     driverlib.lib : gpio.obj (.text:GPIOPadConfigSet)
                  0000880a    00000002     hal_ser_stub.aem4f : llserstb.oem4f (.text:_llSerialServiceCheck)
                  0000880c    00000130     stk.aem4f : icmp.oem4f (.text:ICMPGenPacket)
                  0000893c    0000012c     EK_TM4C1294XL.obj (.text:EK_TM4C1294XL_initEMAC)
                  00008a68    0000012c     sysbios.aem4f : BIOS.obj (.text:ti_sysbios_knl_Clock_workFunc__E)
                  00008b94    00000128     stk.aem4f : udp.oem4f (.text:UdpOutput)
                  00008cbc    00000128     sysbios.aem4f : BIOS.obj (.text:ti_sysbios_knl_Task_exit__E)
                  00008de4    00000124     stk.aem4f : sockpcb.oem4f (.text:SockPcbResolve)
                  00008f08    00000124     tivaRTSC_JS_pem4f.oem4f (.text:ti_ndk_config_Global_stackThread)
                  0000902c    00000120     sysbios.aem4f : BIOS.obj (.text:ti_sysbios_knl_Swi_run__I)
                  0000914c    00000120     ti.targets.arm.rtsarm.aem4f : Error.oem4f (.text:xdc_runtime_Error_policyDefault__E)
                  0000926c    0000011c     sysbios.aem4f : BIOS.obj (.text:ti_sysbios_knl_Clock_Instance_init__E)
                  00009388    00000118     stk.aem4f : sockint.oem4f (.text:SockNotify)
                  000094a0    00000118               : tcpout.oem4f (.text:TcpGenPacket)
                  000095b8    00000117     roveWare_TCPSocket.obj (.text:roveCatch_NdkErrors)
                  000096cf    00000001     --HOLE-- [fill = 0]
                  000096d0    00000110     stk.aem4f : nimu.oem4f (.text:NIMUIoctl)
                  000097e0    00000110               : node.oem4f (.text:NodeTreeFree)
                  000098f0    00000110               : raw.oem4f (.text:RawInput)
                  00009a00    0000010c               : igmp.oem4f (.text:IGMPSendReply)
                  00009b0c    0000010c               : route.oem4f (.text:RtCreate)
                  00009c18    0000010c               : rtable.oem4f (.text:RtFind)
                  00009d24    0000010b     roveWare_TCPSocket.obj (.text:roveTCP_Connect)
                  00009e2f    00000001     --HOLE-- [fill = 0]
                  00009e30    00000104     os.aem4f : task.oem4f (.text:llEnter)
                  00009f34    00000104     sysbios.aem4f : BIOS.obj (.text:ti_sysbios_knl_Task_schedule__I)
                  0000a038    00000104     ti.targets.arm.rtsarm.aem4f : Core-mem.oem4f (.text:xdc_runtime_Core_createObject__I)
                  0000a13c    00000104     tivaRTSC_JS_pem4f.oem4f (.text:xdc_runtime_System_printfExtend__I)
                  0000a240    00000102     nettool_ipv4.aem4f : dhcppkt.oem4f (.text:dhcpPacketProcess)
                  0000a342    00000002     hal_ser_stub.aem4f : llserstb.oem4f (.text:_llSerialShutdown)
                  0000a344    00000100     netctrl_min_ipv4.aem4f : netctrl.oem4f (.text:NetScheduler)
                  0000a444    00000100     nettool_ipv4.aem4f : inetaddr.oem4f (.text:inet_aton)
                  0000a544    000000fe     stk.aem4f : pipe.oem4f (.text:PipeRecv)
                  0000a642    000000fc     rtsv7M4_T_le_v4SPD16_eabi.lib : fd_mul_t2.obj (.text)
                  0000a73e    00000002     hal_userled_stub.aem4f : llled.oem4f (.text:_llUserLedInit)
                  0000a740    000000fc     ti.targets.arm.rtsarm.aem4f : Startup.oem4f (.text:xdc_runtime_Startup_startMods__I)
                  0000a83c    000000fa     drivers_tivaware.aem4f : PWMTiva.oem4f (.text:PWMTiva_setDuty)
                  0000a936    00000002     hal_userled_stub.aem4f : llled.oem4f (.text:_llUserLedShutdown)
                  0000a938    000000f8     drivers_tivaware.aem4f : EMACSnow.oem4f (.text:EMACSnow_emacStart)
                  0000aa30    000000f4     os.aem4f : task.oem4f (.text:TaskGetEnv)
                  0000ab24    000000f4     sysbios.aem4f : m3_Hwi_asm.obj (.text:ti_sysbios_family_arm_m3_Hwi_dispatch__I)
                  0000ac18    000000f4                   : BIOS.obj (.text:ti_sysbios_knl_Task_startCore__E)
                  0000ad0c    000000f0     stk.aem4f : lliout.oem4f (.text:LLIGenArpPacket)
                  0000adfc    000000f0     sysbios.aem4f : BIOS.obj (.text:ti_sysbios_knl_Task_postInit__I)
                  0000aeec    000000ee     stk.aem4f : sock.oem4f (.text:SockClose)
                  0000afda    00000002     hal_ser_stub.aem4f : llserstb.oem4f (.text:llSerialService)
                  0000afdc    000000e8     os.aem4f : task.oem4f (.text:TaskSetEnv)
                  0000b0c4    000000e0     stk.aem4f : tcptime.oem4f (.text:TcpTimeoutRexmt)
                  0000b1a4    000000dc               : sb.oem4f (.text:SBWrite)
                  0000b280    000000dc     nettool_ipv4.aem4f : dhcpsock.oem4f (.text:dhcpSocketOpen)
                  0000b35c    000000dc     rtsv7M4_T_le_v4SPD16_eabi.lib : setvbuf.obj (.text)
                  0000b438    000000dc     tivaRTSC_JS_pem4f.oem4f (.text:ti_ndk_config_ip_init)
                  0000b514    000000da     nettool_ipv4.aem4f : dhcpsm.oem4f (.text:dhcpState)
                  0000b5ee    00000002     tivaRTSC_JS_pem4f.oem4f (.text:ti_ndk_config_Global_NetworkClose)
                  0000b5f0    000000d8     stk.aem4f : node.oem4f (.text:NodeAdd)
                  0000b6c8    000000d5               : nimu.oem4f (.text:NIMUReceivePacket)
                  0000b79d    00000001     --HOLE-- [fill = 0]
                  0000b79e    00000002     tivaRTSC_JS_pem4f.oem4f (.text:ti_ndk_config_Global_NetworkOpen)
                  0000b7a0    000000d4     drivers_tivaware.aem4f : EMACSnow.oem4f (.text:EMACSnow_handleRx)
                  0000b874    000000d4     stk.aem4f : sockpcb.oem4f (.text:SockPcbBind)
                  0000b948    000000d2               : tcpprot.oem4f (.text:TcpPrSetOption)
                  0000ba1a    00000002     tivaRTSC_JS_pem4f.oem4f (.text:ti_sysbios_BIOS_nullFunc__I)
                  0000ba1c    000000d0     sysbios.aem4f : BIOS.obj (.text:ti_sysbios_knl_Swi_Instance_init__E)
                  0000baec    000000ce     nettool_ipv4.aem4f : dhcpsm.oem4f (.text:dhcpIPAdd)
                  0000bbba    00000002     sysbios.aem4f : BIOS.obj (.text:ti_sysbios_gates_GateHwi_Instance_init__E)
                  0000bbbc    000000cc     stk.aem4f : icmp.oem4f (.text:ICMPSendRtAdv)
                  0000bc88    000000cc     nettool_ipv4.aem4f : dhcpbild.oem4f (.text:dhcpBuildHeader)
                  0000bd54    000000cc     ti.targets.arm.rtsarm.aem4f : Core-smem.oem4f (.text:xdc_runtime_Core_constructObject__I)
                  0000be20    000000ca     nettool_ipv4.aem4f : dhcppkt.oem4f (.text:dhcpVerifyMessage)
                  0000beea    00000002     tivaRTSC_JS_pem4f.oem4f (.text:xdc_runtime_Startup_reset__I)
                  0000beec    000000c8     stk.aem4f : rawethsock.oem4f (.text:RawEthSockNew)
                  0000bfb4    000000c4     drivers_tivaware.aem4f : EMACSnow.oem4f (.text:EMACSnow_InitDMADescriptors)
                  0000c078    000000c4     stk.aem4f : igmp.oem4f (.text:IGMPJoinHostGroup)
                  0000c13c    000000c4     netctrl_min_ipv4.aem4f : netsrv.oem4f (.text:SPIpNet)
                  0000c200    000000c4     sysbios.aem4f : BIOS.obj (.text:ti_sysbios_family_arm_m3_Hwi_Module_startup__E)
                  0000c2c4    000000c0     nettool_ipv4.aem4f : dhcpsm.oem4f (.text:StateBound)
                  0000c384    000000c0     rtsv7M4_T_le_v4SPD16_eabi.lib : fflush.obj (.text)
                  0000c444    000000bc     stk.aem4f : sockpcb.oem4f (.text:SockPcbFind)
                  0000c500    000000bc               : vlan.oem4f (.text:VLANDeinit)
                  0000c5bc    000000bc     sysbios.aem4f : BIOS.obj (.text:ti_sysbios_knl_Task_unblockI__E)
                  0000c678    000000b8     EK_TM4C1294XL.obj (.text:EK_TM4C1294XL_initGeneral)
                  0000c730    000000b8     stk.aem4f : icmpin.oem4f (.text:ICMPRevSrcRoute)
                  0000c7e8    000000b8               : lli.oem4f (.text:_LLITimeoutCheck)
                  0000c8a0    000000b4               : tcptime.oem4f (.text:TcpTimeoutKeep)
                  0000c954    000000b4     sysbios.aem4f : BIOS.obj (.text:ti_sysbios_family_arm_m3_Hwi_excHardFault__I)
                  0000ca08    000000b4                   : BIOS.obj (.text:ti_sysbios_gates_GateMutex_enter__E)
                  0000cabc    000000b4                   : BIOS.obj (.text:ti_sysbios_knl_Task_checkStacks__E)
                  0000cb70    000000b0     stk.aem4f : rawethsock.oem4f (.text:RawEthSockSet)
                  0000cc20    000000b0               : sockint.oem4f (.text:SockCreatePacket)
                  0000ccd0    000000b0     sysbios.aem4f : BIOS.obj (.text:ti_sysbios_family_arm_m3_Hwi_excDebugMon__I)
                  0000cd80    000000ac     stk.aem4f : rtable.oem4f (.text:RtTimeoutCheck)
                  0000ce2c    000000ac     rtsv7M4_T_le_v4SPD16_eabi.lib : _io_perm.obj (.text)
                  0000ced8    000000ac     sysbios.aem4f : BIOS.obj (.text:ti_sysbios_family_arm_lm4_Timer_enableTiva__I)
                  0000cf84    000000a8                   : BIOS.obj (.text:ti_sysbios_family_arm_lm4_Timer_enableTimers__I)
                  0000d02c    000000a8                   : BIOS.obj (.text:ti_sysbios_knl_Swi_post__E)
                  0000d0d4    000000a8                   : BIOS.obj (.text:ti_sysbios_knl_Task_blockI__E)
                  0000d17c    000000a0     auto_init.aem4f : auto_init.oem4f (.text)
                  0000d21c    000000a0     sysbios.aem4f : BIOS.obj (.text:ti_sysbios_family_arm_m3_Hwi_Instance_init__E)
                  0000d2bc    0000009c     stk.aem4f : exec.oem4f (.text:ExecOpen)
                  0000d358    0000009c     netctrl_min_ipv4.aem4f : netsrv.oem4f (.text:ServiceScan)
                  0000d3f4    0000009c     rtsv7M4_T_le_v4SPD16_eabi.lib : fputc.obj (.text)
                  0000d490    0000009c                                   : memcpy_t2.obj (.text)
                  0000d52c    0000009c     sysbios.aem4f : BIOS.obj (.text:ti_sysbios_knl_Semaphore_Instance_init__E)
                  0000d5c8    0000009a     ti.targets.arm.rtsarm.aem4f : Text.oem4f (.text:xdc_runtime_Text_putSite__E)
                  0000d662    00000002     --HOLE-- [fill = 0]
                  0000d664    00000098     stk.aem4f : ip.oem4f (.text:IPGetRoute)
                  0000d6fc    00000098     netctrl_min_ipv4.aem4f : netctrl.oem4f (.text:NC_SystemOpen)
                  0000d794    00000098     rtsv7M4_T_le_v4SPD16_eabi.lib : fclose.obj (.text)
                  0000d82c    00000096     stk.aem4f : nimu.oem4f (.text:NIMUAddEthernetHeader)
                  0000d8c2    00000002     --HOLE-- [fill = 0]
                  0000d8c4    00000094     nettool_ipv4.aem4f : config.oem4f (.text:CfgExecute)
                  0000d958    00000094                        : config.oem4f (.text:CfgRemoveEntry)
                  0000d9ec    00000094     Boot.aem4f : Boot.oem4f (.text:ti_catalog_arm_cortexm4_tiva_ce_Boot_sysCtlClockFreqSet__E)
                  0000da80    00000094     ti.targets.arm.rtsarm.aem4f : Text.oem4f (.text:xdc_runtime_Text_putMod__E)
                  0000db14    00000090     stk.aem4f : igmp.oem4f (.text:IGMPMsg)
                  0000dba4    00000090               : sockpcb.oem4f (.text:SockPcbCtlError)
                  0000dc34    00000090     os.aem4f : mem.oem4f (.text:_mmInit)
                  0000dcc4    00000090              : mem.oem4f (.text:mmBulkAlloc)
                  0000dd54    0000008e     nettool_ipv4.aem4f : dhcpbild.oem4f (.text:dhcpBuildRequest)
                  0000dde2    00000002     --HOLE-- [fill = 0]
                  0000dde4    0000008c     os.aem4f : mem.oem4f (.text:mmInitPage)
                  0000de70    0000008c     tivaRTSC_JS_pem4f.oem4f (.text:ti_ndk_config_tcp_init)
                  0000defc    0000008c     sysbios.aem4f : BIOS.obj (.text:ti_sysbios_family_arm_m3_Hwi_initNVIC__E)
                  0000df88    0000008c                   : m3_TaskSupport_asm.obj (.text:ti_sysbios_family_arm_m3_TaskSupport_buildTaskStack)
                  0000e014    0000008a     netctrl_min_ipv4.aem4f : netsrv.oem4f (.text:SPRoute)
                  0000e09e    00000002     --HOLE-- [fill = 0]
                  0000e0a0    00000088     EK_TM4C1294XL.obj (.text:EK_TM4C1294XL_initPWM)
                  0000e128    00000088     sysbios.aem4f : BIOS.obj (.text:ti_sysbios_knl_Mailbox_Module_startup__E)
                  0000e1b0    00000086     nettool_ipv4.aem4f : dhcpsm.oem4f (.text:StateRequesting)
                  0000e236    00000086     rtsv7M4_T_le_v4SPD16_eabi.lib : fd_cmp_t2.obj (.text:__aeabi_cdcmple)
                  0000e2bc    00000086                                   : fd_cmp_t2.obj (.text:__aeabi_cdrcmple)
                  0000e342    00000002     --HOLE-- [fill = 0]
                  0000e344    00000084     drivers_tivaware.aem4f : PWMTiva.oem4f (.text:PWMTiva_control)
                  0000e3c8    00000084     stk.aem4f : tcpprot.oem4f (.text:TcpPrAttach)
                  0000e44c    00000084     os.aem4f : mem.oem4f (.text:mmBulkFree)
                  0000e4d0    00000084     sysbios.aem4f : BIOS.obj (.text:ti_sysbios_knl_Task_Module_startup__E)
                  0000e554    00000082     nettool_ipv4.aem4f : dhcpsm.oem4f (.text:StateRenewRebind)
                  0000e5d6    00000002     --HOLE-- [fill = 0]
                  0000e5d8    00000080     stk.aem4f : ip.oem4f (.text:IPMsg)
                  0000e658    00000080               : lli.oem4f (.text:LLINew)
                  0000e6d8    00000080     netctrl_min_ipv4.aem4f : netsrv.oem4f (.text:NS_BootTask)
                  0000e758    00000080     stk.aem4f : pbm.oem4f (.text:PBM_alloc)
                  0000e7d8    00000080               : raw.oem4f (.text:RawOutput)
                  0000e858    00000080     netctrl_min_ipv4.aem4f : netsrv.oem4f (.text:ServiceSpawn)
                  0000e8d8    00000080     os.aem4f : mem.oem4f (.text:mmFree)
                  0000e958    0000007f     tivaRTSC_JS_pem4f.oem4f (.text:ti_ndk_config_Global_NetworkIPAddr)
                  0000e9d7    00000001     --HOLE-- [fill = 0]
                  0000e9d8    0000007e     stk.aem4f : fileuser.oem4f (.text:fdClose)
                  0000ea56    00000002     --HOLE-- [fill = 0]
                  0000ea58    0000007c     nettool_ipv4.aem4f : config.oem4f (.text:CfgGetEntry)
                  0000ead4    0000007c                        : config.oem4f (.text:CfgGetNextEntry)
                  0000eb50    0000007c     drivers_tivaware.aem4f : EMACSnow.oem4f (.text:EMACSnow_processPendingTx)
                  0000ebcc    0000007c                            : EMACSnow.oem4f (.text:EMACSnow_processPhyInterrupt)
                  0000ec48    0000007c     stk.aem4f : igmp.oem4f (.text:IGMPJoin)
                  0000ecc4    0000007c               : socket.oem4f (.text:NDK_setsockopt)
                  0000ed40    0000007c               : nimu.oem4f (.text:NIMURegister)
                  0000edbc    0000007c               : pbm.oem4f (.text:PBM_free)
                  0000ee38    0000007a               : igmp.oem4f (.text:IGMPDoMCast)
                  0000eeb2    0000007a     drivers_tivaware.aem4f : UARTTiva.oem4f (.text:writeData)
                  0000ef2c    00000079     roveWare_TCPSocket.obj (.text:roveTCP_Recv)
                  0000efa5    00000003     --HOLE-- [fill = 0]
                  0000efa8    00000078     driverlib.lib : emac.obj (.text:EMACInit)
                  0000f020    00000078     stk.aem4f : socket.oem4f (.text:NDK_sendto)
                  0000f098    00000078               : nimu.oem4f (.text:NIMUShutdown)
                  0000f110    00000078               : tcptime.oem4f (.text:TcpXmitTimer)
                  0000f188    00000078               : fileuser.oem4f (.text:fdOpenSession)
                  0000f200    00000078     nettool_ipv4.aem4f : inetaddr.oem4f (.text:inet_pton)
                  0000f278    00000078     os.aem4f : task.oem4f (.text:llExit)
                  0000f2f0    00000078     rtsv7M4_T_le_v4SPD16_eabi.lib : memset_t2.obj (.text)
                  0000f368    00000075     stk.aem4f : tcptime.oem4f (.text:TcpTimeoutSackRexmt)
                  0000f3dd    00000003     --HOLE-- [fill = 0]
                  0000f3e0    00000074               : raweth.oem4f (.text:RawEthRxPacket)
                  0000f454    00000074               : sockpcb.oem4f (.text:SockPcbConnect)
                  0000f4c8    00000074     sysbios.aem4f : BIOS.obj (.text:ti_sysbios_knl_Clock_start__E)
                  0000f53c    00000072     stk.aem4f : rtable.oem4f (.text:RtWalkNext)
                  0000f5ae    00000002     --HOLE-- [fill = 0]
                  0000f5b0    00000072     os.aem4f : semaphore.oem4f (.text:SemCreateBinary)
                  0000f622    00000002     --HOLE-- [fill = 0]
                  0000f624    00000070     drivers_tivaware.aem4f : EMACSnow.oem4f (.text:EMACSnow_hwiIntFxn)
                  0000f694    00000070     stk.aem4f : igmp.oem4f (.text:IGMPLeaveHostGroup)
                  0000f704    00000070               : rtable.oem4f (.text:RtFlush)
                  0000f774    00000070               : sock.oem4f (.text:SockShutdown)
                  0000f7e4    00000070     nettool_ipv4.aem4f : dhcptags.oem4f (.text:dhcpDecodeType)
                  0000f854    00000070     rtsv7M4_T_le_v4SPD16_eabi.lib : printf.obj (.text)
                  0000f8c4    00000070     sysbios.aem4f : BIOS.obj (.text:ti_sysbios_family_arm_m3_Hwi_postInit__I)
                  0000f934    00000070     ti.targets.arm.rtsarm.aem4f : Memory.oem4f (.text:xdc_runtime_Memory_alloc__E)
                  0000f9a4    0000006e     stk.aem4f : socket.oem4f (.text:NDK_recv)
                  0000fa12    00000002     --HOLE-- [fill = 0]
                  0000fa14    0000006d               : node.oem4f (.text:NodeNew)
                  0000fa81    00000003     --HOLE-- [fill = 0]
                  0000fa84    0000006c     os.aem4f : ossys.oem4f (.text:DbgPrintf)
                  0000faf0    0000006c     drivers_tivaware.aem4f : EMACSnow.oem4f (.text:EMACSnow_emacStop)
                  0000fb5c    0000006c     stk.aem4f : node.oem4f (.text:NodeTreeNew)
                  0000fbc8    0000006c     drivers_tivaware.aem4f : UARTTiva.oem4f (.text:UARTTiva_read)
                  0000fc34    0000006c                            : UARTTiva.oem4f (.text:UARTTiva_write)
                  0000fca0    0000006c     ti.targets.arm.rtsarm.aem4f : Error.oem4f (.text:xdc_runtime_Error_print__E)
                  0000fd0c    0000006a     drivers_tivaware.aem4f : PWMTiva.oem4f (.text:PWMTiva_close)
                  0000fd76    0000006a     stk.aem4f : tcpprot.oem4f (.text:TcpPrInherit)
                  0000fde0    0000006a               : rtable.oem4f (.text:_RtNodeInsert)
                  0000fe4a    00000068               : socket.oem4f (.text:NDK_socket)
                  0000feb2    00000002     --HOLE-- [fill = 0]
                  0000feb4    00000068               : pbm.oem4f (.text:PBM_open)
                  0000ff1c    00000068     netctrl_min_ipv4.aem4f : netsrv.oem4f (.text:SPConfig)
                  0000ff84    00000068     stk.aem4f : sockpcb.oem4f (.text:SockPcbFindRaw)
                  0000ffec    00000068               : udp.oem4f (.text:UdpChecksum)
                  00010054    00000068     hal_timer_bios.aem4f : lltimer.oem4f (.text:llTimerTick)
                  000100bc    00000066     drivers_tivaware.aem4f : UARTTiva.oem4f (.text:UARTTiva_readPolling)
                  00010122    00000066     ti.targets.arm.rtsarm.aem4f : Core-mem.oem4f (.text:xdc_runtime_Core_deleteObject__I)
                  00010188    00000064     nettool_ipv4.aem4f : config.oem4f (.text:CfgFree)
                  000101ec    00000064     stk.aem4f : pbm.oem4f (.text:PBMQ_enq)
                  00010250    00000064     rtsv7M4_T_le_v4SPD16_eabi.lib : fseek.obj (.text)
                  000102b4    00000064     tivaRTSC_JS_pem4f.oem4f (.text:ti_sysbios_family_arm_m3_Hwi_create)
                  00010318    00000064     stk.aem4f : lliin.oem4f (.text:updateRtTable)
                  0001037c    00000062               : ipin.oem4f (.text:IPRouteIP)
                  000103de    00000002     --HOLE-- [fill = 0]
                  000103e0    00000062               : sb.oem4f (.text:SBNew)
                  00010442    00000062     drivers_tivaware.aem4f : UARTTiva.oem4f (.text:UARTTiva_hwiIntFxn)
                  000104a4    00000062                            : UARTTiva.oem4f (.text:readData)
                  00010506    00000002     --HOLE-- [fill = 0]
                  00010508    00000060     nettool_ipv4.aem4f : config.oem4f (.text:CfgGetEntryCnt)
                  00010568    00000060     stk.aem4f : file.oem4f (.text:FdWaitEvent)
                  000105c8    00000060               : nimu.oem4f (.text:NIMUUnregister)
                  00010628    00000060               : node.oem4f (.text:NodeFind)
                  00010688    00000060               : rtc.oem4f (.text:RTCMsg)
                  000106e8    00000060               : tcp.oem4f (.text:TcpChecksum)
                  00010748    00000060     nettool_ipv4.aem4f : dhcptags.oem4f (.text:dhcpBuildOptions)
                  000107a8    00000060     rtsv7M4_T_le_v4SPD16_eabi.lib : trgmsg.obj (.text)
                  00010808    00000060     sysbios.aem4f : BIOS.obj (.text:ti_sysbios_family_arm_lm4_Timer_isrStub__E)
                  00010868    00000060                   : BIOS.obj (.text:ti_sysbios_knl_Clock_logTick__E)
                  000108c8    00000060     ti.targets.arm.rtsarm.aem4f : System.oem4f (.text:xdc_runtime_System_formatNum__I)
                  00010928    0000005e     stk.aem4f : route.oem4f (.text:RtRemove)
                  00010986    0000005e     nettool_ipv4.aem4f : dhcpsm.oem4f (.text:StateSelecting)
                  000109e4    0000005e     rtsv7M4_T_le_v4SPD16_eabi.lib : copy_decompress_rle.obj (.text)
                  00010a42    00000002     --HOLE-- [fill = 0]
                  00010a44    0000005c     nettool_ipv4.aem4f : config.oem4f (.text:CfgSetExecuteOrder)
                  00010aa0    0000005c     stk.aem4f : nimu.oem4f (.text:NIMUIoctlSpecialCmd)
                  00010afc    0000005c               : sockint.oem4f (.text:SockSpawnAbort)
                  00010b58    0000005c               : vlan.oem4f (.text:VLANReceivePacket)
                  00010bb4    0000005c     sysbios.aem4f : BIOS.obj (.text:ti_sysbios_family_arm_lm4_Timer_Module_startup__E)
                  00010c10    0000005c     tivaRTSC_JS_pem4f.oem4f (.text:ti_sysbios_knl_Swi_create)
                  00010c6c    0000005c     tivaRTSC_JS_pem4f.oem4f (.text:ti_sysbios_knl_Task_create)
                  00010cc8    0000005b     ti.targets.arm.rtsarm.aem4f : Text.oem4f (.text:xdc_runtime_Text_putLab__E)
                  00010d23    00000001     --HOLE-- [fill = 0]
                  00010d24    0000005a     stk.aem4f : route.oem4f (.text:RtRedirect)
                  00010d7e    0000005a               : tcpprot.oem4f (.text:TcpValidateMetrics)
                  00010dd8    0000005a     nettool_ipv4.aem4f : dhcpbild.oem4f (.text:dhcpBuildDecline)
                  00010e32    0000005a     rtsv7M4_T_le_v4SPD16_eabi.lib : ltoa.obj (.text)
                  00010e8c    00000058     stk.aem4f : bind.oem4f (.text:BindFree)
                  00010ee4    00000058     driverlib.lib : emac.obj (.text:EMACPHYConfigSet)
                  00010f3c    00000058     stk.aem4f : igmp.oem4f (.text:IGMPTimer)
                  00010f94    00000058     netctrl_min_ipv4.aem4f : netsrv.oem4f (.text:SPService)
                  00010fec    00000058     os.aem4f : semaphore.oem4f (.text:SemCreate)
                  00011044    00000058     boot.aem4f : boot.oem4f (.text)
                  0001109c    00000058     roveBIOS_Init.obj (.text:roveUART_Init)
                  000110f4    00000058     tivaRTSC_JS_pem4f.oem4f (.text:ti_sysbios_family_arm_m3_Hwi_construct)
                  0001114c    00000058     sysbios.aem4f : m3_Hwi_asm_switch.obj (.text:ti_sysbios_family_arm_m3_Hwi_initStacks__E)
                  000111a4    00000058                   : BIOS.obj (.text:ti_sysbios_knl_Swi_restoreHwi__E)
                  000111fc    00000058                   : BIOS.obj (.text:ti_sysbios_knl_Swi_schedule__I)
                  00011254    00000054     nettool_ipv4.aem4f : config.oem4f (.text:CfgEntryDeRef)
                  000112a8    00000054     stk.aem4f : igmp.oem4f (.text:IGMPLeave)
                  000112fc    00000054               : rawethsock_pcb.oem4f (.text:RawEthSockPcbAttach)
                  00011350    00000054               : tcptime.oem4f (.text:TcpTimeoutPersist)
                  000113a4    00000054     os.aem4f : mem.oem4f (.text:mmCopy)
                  000113f8    00000054     sysbios.aem4f : BIOS.obj (.text:ti_sysbios_knl_Swi_Instance_finalize__E)
                  0001144c    00000050     stk.aem4f : socket.oem4f (.text:NDK_bind)
                  0001149c    00000050               : socket.oem4f (.text:NDK_connect)
                  000114ec    00000050               : route.oem4f (.text:RtNew)
                  0001153c    00000050     driverlib.lib : sysctl.obj (.text:SysCtlPeripheralReset)
                  0001158c    00000050     stk.aem4f : tcpprot.oem4f (.text:TcpPrDetach)
                  000115dc    00000050     Boot.aem4f : Boot_sysctl.oem4f (.text:_SysCtlFrequencyGet)
                  0001162c    00000050     ti.targets.arm.rtsarm.aem4f : Startup.oem4f (.text:xdc_runtime_Startup_exec__E)
                  0001167c    00000050                                 : Text.oem4f (.text:xdc_runtime_Text_visitRope2__I)
                  000116cc    0000004e     stk.aem4f : node.oem4f (.text:NodeDeRef)
                  0001171a    0000004e     roveWare_TCPSocket.obj (.text:roveTCP_HorizonProtocol_Recv)
                  00011768    0000004c     nettool_ipv4.aem4f : ipaddr.oem4f (.text:NtAddNetwork)
                  000117b4    0000004c     stk.aem4f : sockint.oem4f (.text:SockValidateRoute)
                  00011800    0000004c               : file.oem4f (.text:fdint_lockfd)
                  0001184c    0000004c     rtsv7M4_T_le_v4SPD16_eabi.lib : atoi.obj (.text)
                  00011898    0000004c     sysbios.aem4f : BIOS.obj (.text:ti_sysbios_knl_Swi_runLoop__I)
                  000118e4    0000004a     stk.aem4f : sock.oem4f (.text:SockDisconnect)
                  0001192e    00000002     --HOLE-- [fill = 0]
                  00011930    0000004a               : timer.oem4f (.text:TimerNew)
                  0001197a    0000004a     nettool_ipv4.aem4f : config.oem4f (.text:_CfgEntryScan)
                  000119c4    00000048                        : config.oem4f (.text:CfgNew)
                  00011a0c    00000048     drivers_tivaware.aem4f : EMACSnow.oem4f (.text:EMACSnow_processTransmitted)
                  00011a54    00000048     driverlib.lib : gpio.obj (.text:GPIOPinConfigure)
                  00011a9c    00000048     stk.aem4f : lli.oem4f (.text:LLIMsg)
                  00011ae4    00000048               : node.oem4f (.text:NodeWalk)
                  00011b2c    00000048               : sockpcb.oem4f (.text:SockPcbResolveChain)
                  00011b74    00000048               : tcpprot.oem4f (.text:TcpDrop)
                  00011bbc    00000048               : lli.oem4f (.text:_LLIExpListInsert)
                  00011c04    00000048               : rtable.oem4f (.text:_RtExpListInsert)
                  00011c4c    00000048     rtsv7M4_T_le_v4SPD16_eabi.lib : fd_toi_t2.obj (.text)
                  00011c94    00000048     sysbios.aem4f : BIOS.obj (.text:ti_sysbios_family_arm_m3_Hwi_excReserved__I)
                  00011cdc    00000048                   : BIOS.obj (.text:ti_sysbios_heaps_HeapMem_getStats__E)
                  00011d24    00000048                   : BIOS.obj (.text:ti_sysbios_knl_Task_deleteTerminatedTasksFunc__I)
                  00011d6c    00000048     ti.targets.arm.rtsarm.aem4f : Assert.oem4f (.text:xdc_runtime_Assert_raise__I)
                  00011db4    00000047     roveBIOS_Init.obj (.text:rovePWM_Init)
                  00011dfb    00000001     --HOLE-- [fill = 0]
                  00011dfc    00000046     nettool_ipv4.aem4f : ipaddr.oem4f (.text:NtIfIdx2Ip)
                  00011e42    00000046     netctrl_min_ipv4.aem4f : netsrv.oem4f (.text:ServiceKill)
                  00011e88    00000046     ti.targets.arm.rtsarm.aem4f : Core-params.oem4f (.text:xdc_runtime_Core_assignParams__I)
                  00011ece    00000002     --HOLE-- [fill = 0]
                  00011ed0    00000044     EK_TM4C1294XL.obj (.text:EK_TM4C1294XL_initGPIO)
                  00011f14    00000044     stk.aem4f : ipfrag.oem4f (.text:IPReasmFree)
                  00011f58    00000044               : lli.oem4f (.text:LLIGetValidTime)
                  00011f9c    00000044               : rawethsock_pcb.oem4f (.text:RawEthSockPcbDetach)
                  00011fe0    00000044               : rtable.oem4f (.text:RouteMsg)
                  00012024    00000044               : rtable.oem4f (.text:RtWalkEnd)
                  00012068    00000044               : timer.oem4f (.text:TimerListInsert)
                  000120ac    00000044     hal_timer_bios.aem4f : lltimer.oem4f (.text:llTimerGetTime)
                  000120f0    00000044     rtsv7M4_T_le_v4SPD16_eabi.lib : cpy_tbl.obj (.text)
                  00012134    00000044                                   : exit.obj (.text)
                  00012178    00000044                                   : xdtest.obj (.text)
                  000121bc    00000044     sysbios.aem4f : BIOS.obj (.text:ti_sysbios_family_arm_lm4_Timer_stop__E)
                  00012200    00000044                   : BIOS.obj (.text:ti_sysbios_family_arm_m3_Hwi_disableInterrupt__E)
                  00012244    00000044                   : BIOS.obj (.text:ti_sysbios_family_arm_m3_Hwi_enableInterrupt__E)
                  00012288    00000044                   : BIOS.obj (.text:ti_sysbios_knl_Task_allBlockedFunction__I)
                  000122cc    00000044     ti.targets.arm.rtsarm.aem4f : Error.oem4f (.text:xdc_runtime_Error_setX__E)
                  00012310    00000044                                 : SysMin.oem4f (.text:xdc_runtime_SysMin_flush__E)
                  00012354    00000042     stk.aem4f : tcpprot.oem4f (.text:TcpPrSendOOB)
                  00012396    00000042     driverlib.lib : uart.obj (.text:UARTConfigSetExpClk)
                  000123d8    00000042     stk.aem4f : fileuser.oem4f (.text:fdCloseSession)
                  0001241a    00000042     rtsv7M4_T_le_v4SPD16_eabi.lib : u_divt2.obj (.text)
                  0001245c    00000040     stk.aem4f : lliin.oem4f (.text:LLIValidateRoute)
                  0001249c    00000040               : pbm.oem4f (.text:PBM_copy)
                  000124dc    00000040               : sockpcb.oem4f (.text:SockPcbDetach)
                  0001251c    00000040               : sockpcb.oem4f (.text:SockPcbRtChange)
                  0001255c    00000040               : tcpprot.oem4f (.text:TcpPrDisconnect)
                  0001259c    00000040     drivers_tivaware.aem4f : UARTTiva.oem4f (.text:UARTTiva_writePolling)
                  000125dc    00000040     os.aem4f : mem.oem4f (.text:mmZeroInit)
                  0001261c    00000040     sysbios.aem4f : BIOS.obj (.text:ti_sysbios_family_arm_lm4_Timer_startup__E)
                  0001265c    0000003e     nettool_ipv4.aem4f : dhcpmain.oem4f (.text:DHCPClose)
                  0001269a    0000003e     stk.aem4f : icmp.oem4f (.text:ICMPChecksum)
                  000126d8    0000003e               : nimu.oem4f (.text:NIMUAllocateName)
                  00012716    0000003e               : tcpprot.oem4f (.text:TcpPrCtlError)
                  00012754    0000003e               : file.oem4f (.text:fdint_unlockfd)
                  00012792    0000003c     nettool_ipv4.aem4f : config.oem4f (.text:CfgEntryGetData)
                  000127ce    0000003c     driverlib.lib : emac.obj (.text:EMACIntDisable)
                  0001280a    0000003c     stk.aem4f : node.oem4f (.text:NodeUpdatePL)
                  00012846    00000002     --HOLE-- [fill = 0]
                  00012848    0000003c               : rtable.oem4f (.text:RtWalkBegin)
                  00012884    0000003c               : tcpprot.oem4f (.text:TcpPrConnect)
                  000128c0    0000003c               : tcptime.oem4f (.text:TcpSetPersist)
                  000128fc    0000003c               : rtc.oem4f (.text:_RTCSendRtAdv)
                  00012938    0000003c     hal_timer_bios.aem4f : lltimer.oem4f (.text:_llTimerInit)
                  00012974    0000003c     sysbios.aem4f : BIOS.obj (.text:ti_sysbios_family_arm_m3_Hwi_excSvCall__I)
                  000129b0    0000003c                   : BIOS.obj (.text:ti_sysbios_family_arm_m3_Hwi_getStackInfo__E)
                  000129ec    0000003c                   : BIOS.obj (.text:ti_sysbios_heaps_HeapMem_init__I)
                  00012a28    0000003c     tivaRTSC_JS_pem4f.oem4f (.text:ti_sysbios_knl_Clock_create)
                  00012a64    0000003c     sysbios.aem4f : BIOS.obj (.text:ti_sysbios_knl_Swi_startup__E)
                  00012aa0    0000003c     ti.targets.arm.rtsarm.aem4f : Text.oem4f (.text:xdc_runtime_Text_xprintf__I)
                  00012adc    0000003a     driverlib.lib : emac.obj (.text:EMACIntEnable)
                  00012b16    0000003a     stk.aem4f : rtable.oem4f (.text:_RtNodeRemove)
                  00012b50    00000038     driverlib.lib : emac.obj (.text:EMACConfigGet)
                  00012b88    00000038     stk.aem4f : ipfrag.oem4f (.text:IPReasmTimeout)
                  00012bc0    00000038               : node.oem4f (.text:NodeGetRt)
                  00012bf8    00000038     drivers_tivaware.aem4f : PWM.oem4f (.text:PWM_init)
                  00012c30    00000038     driverlib.lib : sysctl.obj (.text:SysCtlPeripheralReady)
                  00012c68    00000038     os.aem4f : task.oem4f (.text:TaskCreate)
                  00012ca0    00000038     stk.aem4f : tcpprot.oem4f (.text:TcpClose)
                  00012cd8    00000038               : timer.oem4f (.text:TimerHSTick)
                  00012d10    00000038     drivers_tivaware.aem4f : UART.oem4f (.text:UART_init)
                  00012d48    00000038     nettool_ipv4.aem4f : dhcptags.oem4f (.text:dhcpOptionsClear)
                  00012d80    00000038     stk.aem4f : file.oem4f (.text:fdint_waitevent)
                  00012db8    00000038     sysbios.aem4f : BIOS.obj (.text:ti_sysbios_family_arm_m3_Hwi_excNoIsr__I)
                  00012df0    00000038                   : BIOS.obj (.text:ti_sysbios_family_arm_m3_TaskSupport_start__E)
                  00012e28    00000038                   : BIOS.obj (.text:ti_sysbios_knl_Task_processVitalTaskFlag__I)
                  00012e60    00000038     ti.targets.arm.rtsarm.aem4f : SysMin.oem4f (.text:xdc_runtime_SysMin_putch__E)
                  00012e98    00000038                                 : System.oem4f (.text:xdc_runtime_System_atexit__E)
                  00012ed0    00000034     nettool_ipv4.aem4f : config.oem4f (.text:CfgSetService)
                  00012f04    00000034     driverlib.lib : emac.obj (.text:EMACConfigSet)
                  00012f38    00000034                   : emac.obj (.text:EMACIntClear)
                  00012f6c    00000034     drivers_tivaware.aem4f : EMAC.oem4f (.text:EMAC_init)
                  00012fa0    00000034     stk.aem4f : ip.oem4f (.text:IPChecksum)
                  00012fd4    00000034               : nimu.oem4f (.text:NIMUFindByName)
                  00013008    00000034               : nimu.oem4f (.text:NIMUInit)
                  0001303c    00000034     driverlib.lib : sysctl.obj (.text:SysCtlPeripheralEnable)
                  00013070    00000034     drivers_tivaware.aem4f : UARTTiva.oem4f (.text:UARTTiva_close)
                  000130a4    00000034     nettool_ipv4.aem4f : dhcpbild.oem4f (.text:dhcpBuildDiscover)
                  000130d8    00000034     os.aem4f : mem.oem4f (.text:mmUnInitPage)
                  0001310c    00000034     sysbios.aem4f : BIOS.obj (.text:ti_sysbios_family_arm_m3_Hwi_excNmi__I)
                  00013140    00000034                   : BIOS.obj (.text:ti_sysbios_hal_Hwi_checkStack)
                  00013174    00000034     tivaRTSC_JS_pem4f.oem4f (.text:ti_sysbios_knl_Semaphore_create)
                  000131a8    00000034     ti.targets.arm.rtsarm.aem4f : Core-label.oem4f (.text:xdc_runtime_Core_assignLabel__I)
                  000131dc    00000033                                 : Text.oem4f (.text:xdc_runtime_Text_printVisFxn__I)
                  0001320f    00000001     --HOLE-- [fill = 0]
                  00013210    00000032     nettool_ipv4.aem4f : config.oem4f (.text:CfgGetImmediate)
                  00013242    00000032     stk.aem4f : route.oem4f (.text:RtDeRef)
                  00013274    00000032               : sb.oem4f (.text:SBSetMax)
                  000132a6    00000032               : sock.oem4f (.text:SockIntAbort)
                  000132d8    00000032               : tcpprot.oem4f (.text:TcpPrSend)
                  0001330a    00000032     drivers_tivaware.aem4f : UARTTiva.oem4f (.text:UARTTiva_readCancel)
                  0001333c    00000032                            : UARTTiva.oem4f (.text:UARTTiva_writeCancel)
                  0001336e    00000032     nettool_ipv4.aem4f : config.oem4f (.text:_CfgAcquire)
                  000133a0    00000032                        : dhcpsm.oem4f (.text:dhcpIPRemove)
                  000133d2    00000032     sysbios.aem4f : BIOS.obj (.text:ti_sysbios_knl_Semaphore_pendTimeout__I)
                  00013404    00000030     driverlib.lib : emac.obj (.text:EMACAddrSet)
                  00013434    00000030     drivers_tivaware.aem4f : EMACSnow.oem4f (.text:EMACSnow_handlePackets)
                  00013464    00000030     os.aem4f : task.oem4f (.text:NDK_hookCreate)
                  00013494    00000030     netctrl_min_ipv4.aem4f : netsrv.oem4f (.text:NS_PreBoot)
                  000134c4    00000030     drivers_tivaware.aem4f : PWMTiva.oem4f (.text:PWMTiva_init)
                  000134f4    00000030     stk.aem4f : sb.oem4f (.text:SBFlush)
                  00013524    00000030               : sock.oem4f (.text:SockBind)
                  00013554    00000030               : sockpcb.oem4f (.text:SockCleanPcb)
                  00013584    00000030               : sockprot.oem4f (.text:SockPrCtlError)
                  000135b4    00000030     nettool_ipv4.aem4f : dhcpsock.oem4f (.text:dhcpPacketSend)
                  000135e4    00000030     stk.aem4f : listlib.oem4f (.text:list_remove_node)
                  00013614    00000030     rtsv7M4_T_le_v4SPD16_eabi.lib : strncpy.obj (.text)
                  00013644    00000030     tivaRTSC_JS_pem4f.oem4f (.text:ti_sysbios_BIOS_atExitFunc__I)
                  00013674    00000030     tivaRTSC_JS_pem4f.oem4f (.text:ti_sysbios_gates_GateHwi_Object__create__S)
                  000136a4    00000030     tivaRTSC_JS_pem4f.oem4f (.text:ti_sysbios_gates_GateMutex_Object__create__S)
                  000136d4    00000030     tivaRTSC_JS_pem4f.oem4f (.text:ti_sysbios_heaps_HeapMem_Object__create__S)
                  00013704    00000030     tivaRTSC_JS_pem4f.oem4f (.text:ti_sysbios_knl_Semaphore_construct)
                  00013734    00000030     ti.targets.arm.rtsarm.aem4f : SysMin.oem4f (.text:xdc_runtime_SysMin_abort__E)
                  00013764    00000030                                 : System.oem4f (.text:xdc_runtime_System_processAtExit__E)
                  00013794    0000002e     stk.aem4f : rawethsock.oem4f (.text:RawEthSockNotify)
                  000137c2    0000002e               : route.oem4f (.text:RtSetFailure)
                  000137f0    0000002e               : sb.oem4f (.text:SBFree)
                  0001381e    0000002e     tivaRTSC_JS_pem4f.oem4f (.text:malloc)
                  0001384c    0000002e     rtsv7M4_T_le_v4SPD16_eabi.lib : i_tofd_t2.obj (.text)
                  0001387a    0000002c     driverlib.lib : emac.obj (.text:EMACIntStatus)
                  000138a6    0000002c     stk.aem4f : file.oem4f (.text:FdSignalEvent)
                  000138d2    0000002c               : nimu.oem4f (.text:NIMUAllocateIndex)
                  000138fe    00000002     --HOLE-- [fill = 0]
                  00013900    0000002c               : nimu.oem4f (.text:NIMUPacketServiceCheck)
                  0001392c    0000002c               : pipe.oem4f (.text:PipeClose)
                  00013958    0000002c               : sockpcb.oem4f (.text:SockPcbAttach)
                  00013984    0000002c     Boot.aem4f : Boot_sysctl.oem4f (.text:_SysCtlMemTimingGet)
                  000139b0    0000002c     sysbios.aem4f : BIOS.obj (.text:ti_sysbios_hal_Hwi_initStack)
                  000139dc    0000002c     tivaRTSC_JS_pem4f.oem4f (.text:ti_sysbios_knl_Clock_doTick__I)
                  00013a08    0000002c     tivaRTSC_JS_pem4f.oem4f (.text:ti_sysbios_knl_Queue_construct)
                  00013a34    0000002c     sysbios.aem4f : BIOS.obj (.text:ti_sysbios_knl_Task_restore__E)
                  00013a60    0000002c     ti.targets.arm.rtsarm.aem4f : Text.oem4f (.text:xdc_runtime_Text_cordText__E)
                  00013a8c    0000002a     driverlib.lib : gpio.obj (.text:GPIODirModeSet)
                  00013ab6    0000002a     stk.aem4f : lli.oem4f (.text:LLIFree)
                  00013ae0    0000002a               : pbm.oem4f (.text:PBMQ_deq)
                  00013b0a    0000002a     nettool_ipv4.aem4f : config.oem4f (.text:_CfgRelease)
                  00013b34    0000002a     ti.targets.arm.rtsarm.aem4f : System.oem4f (.text:xdc_runtime_System_putchar__I)
                  00013b5e    00000002     --HOLE-- [fill = 0]
                  00013b60    00000028     stk.aem4f : bind.oem4f (.text:BindFindByNet)
                  00013b88    00000028     drivers_tivaware.aem4f : EMACSnow.oem4f (.text:EMACSnow_isLinkUp)
                  00013bb0    00000028                            : EMACSnow.oem4f (.text:EMACSnow_pkt_service)
                  00013bd8    00000028     stk.aem4f : igmp.oem4f (.text:IGMPTestGroup)
                  00013c00    00000028     netctrl_min_ipv4.aem4f : netctrl.oem4f (.text:NC_SystemClose)
                  00013c28    00000028     stk.aem4f : nimu.oem4f (.text:NIMUCreatePacket)
                  00013c50    00000028               : nimu.oem4f (.text:NIMUPacketService)
                  00013c78    00000028     netctrl_min_ipv4.aem4f : netsrv.oem4f (.text:ServiceCallback)
                  00013ca0    00000028     stk.aem4f : tcpin.oem4f (.text:TcpEnterTimeWait)
                  00013cc8    00000028               : vlan.oem4f (.text:VLANFindSourceInterface)
                  00013cf0    00000028               : vlan.oem4f (.text:VLANInit)
                  00013d18    00000028               : lli.oem4f (.text:_LLIExpListRemove)
                  00013d40    00000028               : lli.oem4f (.text:_LLITimeoutFlush)
                  00013d68    00000028               : rtable.oem4f (.text:_RtExpListRemove)
                  00013d90    00000028     nettool_ipv4.aem4f : dhcpsock.oem4f (.text:dhcpPacketReceive)
                  00013db8    00000028     sysbios.aem4f : BIOS.obj (.text:ti_sysbios_family_arm_m3_Hwi_Instance_finalize__E)
                  00013de0    00000026     driverlib.lib : emac.obj (.text:EMACPHYRead)
                  00013e06    00000026                   : emac.obj (.text:EMACPHYWrite)
                  00013e2c    00000026     stk.aem4f : rawethsock.oem4f (.text:RawEthSockClose)
                  00013e52    00000026               : route.oem4f (.text:RtSetTimeout)
                  00013e78    00000026     tivaRTSC_JS_pem4f.oem4f (.text:ti_ndk_config_udp_init)
                  00013e9e    00000026     sysbios.aem4f : m3_Hwi_asm.obj (.text:ti_sysbios_family_arm_m3_Hwi_pendSV__I)
                  00013ec4    00000026     ti.targets.arm.rtsarm.aem4f : System.oem4f (.text:xdc_runtime_System_avprintf__E)
                  00013eea    00000024     stk.aem4f : bind.oem4f (.text:BindGetIFByDBCast)
                  00013f0e    00000002     --HOLE-- [fill = 0]
                  00013f10    00000024     drivers_tivaware.aem4f : EMACSnow.oem4f (.text:EMACSnow_emacPoll)
                  00013f34    00000024                            : EMACSnow.oem4f (.text:EMACSnow_primeRx)
                  00013f58    00000024     stk.aem4f : exec.oem4f (.text:ExecTimer)
                  00013f7c    00000024     drivers_tivaware.aem4f : GPIOTiva.oem4f (.text:GPIO_init)
                  00013fa0    00000024     stk.aem4f : nimu.oem4f (.text:NIMUFindByIndex)
                  00013fc4    00000024               : rawethsock_pcb.oem4f (.text:RawEthSockPcbFind)
                  00013fe8    00000024               : route.oem4f (.text:RtFree)
                  0001400c    00000024               : sockpcb.oem4f (.text:SockPcbCleanup)
                  00014030    00000024               : tcptime.oem4f (.text:TcpTimeoutWait2)
                  00014054    00000024               : timer.oem4f (.text:TimerListRemove)
                  00014078    00000024     nettool_ipv4.aem4f : config.oem4f (.text:_CfgEntryProcess)
                  0001409c    00000024     tivaRTSC_JS_pem4f.oem4f (.text:ti_sysbios_BIOS_errorRaiseHook__I)
                  000140c0    00000024     tivaRTSC_JS_pem4f.oem4f (.text:ti_sysbios_BIOS_registerRTSLock__I)
                  000140e4    00000024     tivaRTSC_JS_pem4f.oem4f (.text:ti_sysbios_BIOS_removeRTSLock__I)
                  00014108    00000024     tivaRTSC_JS_pem4f.oem4f (.text:ti_sysbios_BIOS_startFunc__I)
                  0001412c    00000024     sysbios.aem4f : BIOS.obj (.text:ti_sysbios_family_arm_m3_Hwi_doTaskRestore__I)
                  00014150    00000024     tivaRTSC_JS_pem4f.oem4f (.text:ti_sysbios_gates_GateMutex_Object__delete__S)
                  00014174    00000024     sysbios.aem4f : BIOS.obj (.text:ti_sysbios_knl_Clock_Module_startup__E)
                  00014198    00000024     tivaRTSC_JS_pem4f.oem4f (.text:ti_sysbios_knl_Semaphore_Object__delete__S)
                  000141bc    00000024     sysbios.aem4f : BIOS.obj (.text:ti_sysbios_knl_Swi_Module_startup__E)
                  000141e0    00000024                   : BIOS.obj (.text:ti_sysbios_knl_Task_enter__I)
                  00014204    00000024     ti.targets.arm.rtsarm.aem4f : System.oem4f (.text:xdc_runtime_System_vprintf__E)
                  00014228    00000022     nettool_ipv4.aem4f : config.oem4f (.text:CfgEntryInfo)
                  0001424a    00000022                        : config.oem4f (.text:CfgEntryRef)
                  0001426c    00000022     driverlib.lib : pwm.obj (.text:PWMGenConfigure)
                  0001428e    00000022     drivers_tivaware.aem4f : PWMTiva.oem4f (.text:PWMTiva_getPeriodCounts)
                  000142b0    00000022     stk.aem4f : vlan.oem4f (.text:VLANFindNode)
                  000142d2    00000022     roveWare_TCPSocket.obj (.text:setsockopt)
                  000142f4    00000022     tivaRTSC_JS_pem4f.oem4f (.text:xdc_runtime_SysMin_output__I)
                  00014316    00000002     --HOLE-- [fill = 0]
                  00014318    00000020     stk.aem4f : bind.oem4f (.text:BindFindByHost)
                  00014338    00000020     netctrl_min_ipv4.aem4f : netctrl.oem4f (.text:NC_BootComplete)
                  00014358    00000020     stk.aem4f : nimu.oem4f (.text:NIMUGetNumOfObject)
                  00014378    00000020               : rtc.oem4f (.text:RTCAddHook)
                  00014398    00000020               : rtc.oem4f (.text:RTCRemoveHook)
                  000143b8    00000020     tivaRTSC_JS_pem4f.oem4f (.text:ti_sysbios_family_arm_m3_Hwi_Object__delete__S)
                  000143d8    00000020     sysbios.aem4f : m3_Hwi_asm.obj (.text:ti_sysbios_family_arm_m3_Hwi_excHandlerAsm__I)
                  000143f8    00000020                   : BIOS.obj (.text:ti_sysbios_family_arm_m3_Hwi_excHandler__I)
                  00014418    00000020     tivaRTSC_JS_pem4f.oem4f (.text:ti_sysbios_gates_GateHwi_Object__delete__S)
                  00014438    00000020     tivaRTSC_JS_pem4f.oem4f (.text:ti_sysbios_heaps_HeapMem_Object__delete__S)
                  00014458    00000020     sysbios.aem4f : BIOS.obj (.text:ti_sysbios_knl_Idle_run__E)
                  00014478    00000020     tivaRTSC_JS_pem4f.oem4f (.text:ti_sysbios_knl_Semaphore_Object__destruct__S)
                  00014498    00000020     tivaRTSC_JS_pem4f.oem4f (.text:ti_sysbios_knl_Swi_Object__delete__S)
                  000144b8    00000020     tivaRTSC_JS_pem4f.oem4f (.text:ti_sysbios_knl_Task_Object__delete__S)
                  000144d8    00000020     ti.targets.arm.rtsarm.aem4f : Registry.oem4f (.text:xdc_runtime_Registry_findById__E)
                  000144f8    00000020                                 : SysMin.oem4f (.text:xdc_runtime_SysMin_Module_startup__E)
                  00014518    0000001e     driverlib.lib : pwm.obj (.text:PWMPulseWidthSet)
                  00014536    0000001e     drivers_tivaware.aem4f : PWMTiva.oem4f (.text:PWMTiva_getPeriodMicroSecs)
                  00014554    0000001e     stk.aem4f : fileuser.oem4f (.text:fdError)
                  00014572    0000001e               : listlib.oem4f (.text:list_remove)
                  00014590    0000001e     roveWare_TCPSocket.obj (.text:recv)
                  000145ae    0000001e     sysbios.aem4f : m3_Hwi_asm_switch.obj (.text:ti_sysbios_family_xxx_Hwi_switchAndRunFunc)
                  000145cc    0000001c     stk.aem4f : bind.oem4f (.text:BindFindByIF)
                  000145e8    0000001c     drivers_tivaware.aem4f : EMACSnow.oem4f (.text:EMACSnow_init)
                  00014604    0000001c     stk.aem4f : exec.oem4f (.text:ExecBroadcast)
                  00014620    0000001c               : exec.oem4f (.text:ExecClose)
                  0001463c    0000001c     os.aem4f : ossys.oem4f (.text:NDK_sprintf)
                  00014658    0000001c     stk.aem4f : nimu.oem4f (.text:NIMUAddHeader)
                  00014674    0000001c               : sockprot.oem4f (.text:SockPrDetach)
                  00014690    0000001c     os.aem4f : task.oem4f (.text:TaskDestroy)
                  000146ac    0000001c     stk.aem4f : tcp.oem4f (.text:TcpTimeoutRemove)
                  000146c8    0000001c     driverlib.lib : uart.obj (.text:UARTDisable)
                  000146e4    0000001c     rtsv7M4_T_le_v4SPD16_eabi.lib : memccpy.obj (.text)
                  00014700    0000001c     tivaRTSC_JS_pem4f.oem4f (.text:ti_ndk_config_global_taskCreateHook)
                  0001471c    0000001c     tivaRTSC_JS_pem4f.oem4f (.text:ti_sysbios_BIOS_rtsLock__I)
                  00014738    0000001c     tivaRTSC_JS_pem4f.oem4f (.text:ti_sysbios_family_arm_m3_Hwi_Object__destruct__S)
                  00014754    0000001c     sysbios.aem4f : BIOS.obj (.text:ti_sysbios_gates_GateMutex_Instance_init__E)
                  00014770    0000001c     tivaRTSC_JS_pem4f.oem4f (.text:ti_sysbios_knl_Queue_Object__destruct__S)
                  0001478c    0000001c     ti.targets.arm.rtsarm.aem4f : Error.oem4f (.text:xdc_runtime_Error_raiseX__E)
                  000147a8    0000001c                                 : Memory.oem4f (.text:xdc_runtime_Memory_valloc__E)
                  000147c4    0000001c                                 : SysMin.oem4f (.text:xdc_runtime_SysMin_exit__E)
                  000147e0    0000001c                                 : System.oem4f (.text:xdc_runtime_System_abort__E)
                  000147fc    0000001a     stk.aem4f : sockint.oem4f (.text:SockSetOOBMark)
                  00014816    0000001a               : file.oem4f (.text:fdint_getfdt)
                  00014830    0000001a     tivaRTSC_JS_pem4f.oem4f (.text:ti_sysbios_family_arm_m3_Hwi_Handle__label__S)
                  0001484a    0000001a     tivaRTSC_JS_pem4f.oem4f (.text:ti_sysbios_gates_GateHwi_Handle__label__S)
                  00014864    0000001a     tivaRTSC_JS_pem4f.oem4f (.text:ti_sysbios_gates_GateMutex_Handle__label__S)
                  0001487e    0000001a     tivaRTSC_JS_pem4f.oem4f (.text:ti_sysbios_heaps_HeapMem_Handle__label__S)
                  00014898    0000001a     tivaRTSC_JS_pem4f.oem4f (.text:ti_sysbios_knl_Swi_Handle__label__S)
                  000148b2    0000001a     tivaRTSC_JS_pem4f.oem4f (.text:ti_sysbios_knl_Task_Handle__label__S)
                  000148cc    0000001a     sysbios.aem4f : BIOS.obj (.text:ti_sysbios_knl_Task_sleepTimeout__I)
                  000148e6    0000001a     tivaRTSC_JS_pem4f.oem4f (.text:xdc_runtime_System_aprintf__E)
                  00014900    0000001a     tivaRTSC_JS_pem4f.oem4f (.text:xdc_runtime_System_printf__E)
                  0001491a    00000002     --HOLE-- [fill = 0]
                  0001491c    00000018     drivers_tivaware.aem4f : EMACSnow.oem4f (.text:EMACSnow_emacSend)
                  00014934    00000018     driverlib.lib : gpio.obj (.text:GPIOPinTypeGPIOOutput)
                  0001494c    00000018     stk.aem4f : ip.oem4f (.text:IPRtChange)
                  00014964    00000018     drivers_tivaware.aem4f : PWM.oem4f (.text:PWM_open)
                  0001497c    00000018     stk.aem4f : rawethsock_pcb.oem4f (.text:RawEthSockPcbCleanup)
                  00014994    00000018     nettool_ipv4.aem4f : ipaddr.oem4f (.text:RouteHook)
                  000149ac    00000018     stk.aem4f : tcpin.oem4f (.text:SEQ_GEQ)
                  000149c4    00000018               : tcpout.oem4f (.text:SEQ_GEQ)
                  000149dc    00000018               : tcpin.oem4f (.text:SEQ_GT)
                  000149f4    00000018               : tcpout.oem4f (.text:SEQ_GT)
                  00014a0c    00000018               : tcpin.oem4f (.text:SEQ_LEQ)
                  00014a24    00000018               : tcpout.oem4f (.text:SEQ_LEQ)
                  00014a3c    00000018               : tcpin.oem4f (.text:SEQ_LT)
                  00014a54    00000018               : tcpout.oem4f (.text:SEQ_LT)
                  00014a6c    00000018               : tcp.oem4f (.text:TcpTimeoutAdd)
                  00014a84    00000018     drivers_tivaware.aem4f : UART.oem4f (.text:UART_Params_init)
                  00014a9c    00000018                            : UART.oem4f (.text:UART_open)
                  00014ab4    00000018     nettool_ipv4.aem4f : dhcpsock.oem4f (.text:dhcpSocketClose)
                  00014acc    00000018     tivaRTSC_JS_pem4f.oem4f (.text:free)
                  00014ae4    00000018     stk.aem4f : listlib.oem4f (.text:list_add)
                  00014afc    00000018     rtsv7M4_T_le_v4SPD16_eabi.lib : args_main.obj (.text)
                  00014b14    00000018                                   : ll_mul_t2.obj (.text)
                  00014b2c    00000018                                   : strcmp.obj (.text)
                  00014b44    00000018     tivaRTSC_JS_pem4f.oem4f (.text:ti_sysbios_BIOS_rtsUnlock__I)
                  00014b5c    00000018     tivaRTSC_JS_pem4f.oem4f (.text:ti_sysbios_family_arm_lm4_Timer_Module__startupDone__F)
                  00014b74    00000018     tivaRTSC_JS_pem4f.oem4f (.text:ti_sysbios_family_arm_m3_Hwi_Module__startupDone__F)
                  00014b8c    00000018     sysbios.aem4f : m3_TaskSupport_asm.obj (.text:ti_sysbios_family_arm_m3_TaskSupport_swap__E)
                  00014ba4    00000018                   : BIOS.obj (.text:ti_sysbios_gates_GateMutex_leave__E)
                  00014bbc    00000018     ti.targets.arm.rtsarm.aem4f : Error.oem4f (.text:xdc_runtime_Error_check__E)
                  00014bd4    00000018                                 : System.oem4f (.text:xdc_runtime_System_exit__E)
                  00014bec    00000018                                 : Text.oem4f (.text:xdc_runtime_Text_ropeText__E)
                  00014c04    00000016     stk.aem4f : bind.oem4f (.text:BindGetIP)
                  00014c1a    00000016     driverlib.lib : emac.obj (.text:EMACReset)
                  00014c30    00000016                   : emac.obj (.text:EMACRxEnable)
                  00014c46    00000016                   : emac.obj (.text:EMACTxEnable)
                  00014c5c    00000016     stk.aem4f : file.oem4f (.text:fdint_freefdt)
                  00014c72    00000016     rtsv7M4_T_le_v4SPD16_eabi.lib : memchr.obj (.text)
                  00014c88    00000016                                   : strchr.obj (.text)
                  00014c9e    00000016     tivaRTSC_JS_pem4f.oem4f (.text:ti_sysbios_BIOS_exitFunc__I)
                  00014cb4    00000016     ti.targets.arm.rtsarm.aem4f : System.oem4f (.text:xdc_runtime_System_vsprintf__E)
                  00014cca    00000014     stk.aem4f : bind.oem4f (.text:BindIPHost2IF)
                  00014cde    00000002     --HOLE-- [fill = 0]
                  00014ce0    00000014     driverlib.lib : flash.obj (.text:FlashUserGet)
                  00014cf4    00000014     netctrl_min_ipv4.aem4f : netctrl.oem4f (.text:NC_NetStop)
                  00014d08    00000014     os.aem4f : task.oem4f (.text:NDK_hookExit)
                  00014d1c    00000014     stk.aem4f : nimu.oem4f (.text:NIMUSendPacket)
                  00014d30    00000014     nettool_ipv4.aem4f : ipaddr.oem4f (.text:NtRemoveNetwork)
                  00014d44    00000014     driverlib.lib : pwm.obj (.text:PWMClockSet)
                  00014d58    00000014     stk.aem4f : rawethsock_pcb.oem4f (.text:RawEthSockPcbInit)
                  00014d6c    00000014     driverlib.lib : sysctl.obj (.text:SysCtlPWMClockSet)
                  00014d80    00000014     stk.aem4f : timer.oem4f (.text:TimerFree)
                  00014d94    00000014     driverlib.lib : uart.obj (.text:UARTEnable)
                  00014da8    00000014     roveWare_TCPSocket.obj (.text:connect)
                  00014dbc    00000014     rtsv7M4_T_le_v4SPD16_eabi.lib : _lock.obj (.text)
                  00014dd0    00000014                                   : strlen.obj (.text)
                  00014de4    00000014     roveWare_TCPSocket.obj (.text:socket)
                  00014df8    00000014     tivaRTSC_JS_pem4f.oem4f (.text:ti_ndk_config_global_taskExitHook)
                  00014e0c    00000014     tivaRTSC_JS_pem4f.oem4f (.text:ti_sysbios_family_arm_m3_Hwi_Object__get__S)
                  00014e20    00000014     sysbios.aem4f : BIOS.obj (.text:ti_sysbios_family_arm_m3_Hwi_switchFromBootStack__E)
                  00014e34    00000014     tivaRTSC_JS_pem4f.oem4f (.text:ti_sysbios_heaps_HeapMem_Object__get__S)
                  00014e48    00000014     tivaRTSC_JS_pem4f.oem4f (.text:ti_sysbios_knl_Swi_Object__get__S)
                  00014e5c    00000014     tivaRTSC_JS_pem4f.oem4f (.text:ti_sysbios_knl_Task_Object__first__S)
                  00014e70    00000014     tivaRTSC_JS_pem4f.oem4f (.text:ti_sysbios_knl_Task_Object__next__S)
                  00014e84    00000012     driverlib.lib : gpio.obj (.text:GPIOPinTypeEthernetLED)
                  00014e96    00000012                   : gpio.obj (.text:GPIOPinTypePWM)
                  00014ea8    00000012                   : gpio.obj (.text:GPIOPinTypeUART)
                  00014eba    00000012                   : pwm.obj (.text:PWMGenPeriodGet)
                  00014ecc    00000012                   : pwm.obj (.text:PWMOutputInvert)
                  00014ede    00000012                   : pwm.obj (.text:PWMOutputState)
                  00014ef0    00000012     stk.aem4f : sockprot.oem4f (.text:SockPrAttach)
                  00014f02    00000012               : sockint.oem4f (.text:SockSetOOBData)
                  00014f14    00000012     rtsv7M4_T_le_v4SPD16_eabi.lib : copy_zero_init.obj (.text:decompress:ZI)
                  00014f26    00000012     nettool_ipv4.aem4f : inetaddr.oem4f (.text:inet_addr)
                  00014f38    00000012     rtsv7M4_T_le_v4SPD16_eabi.lib : xdclass.obj (.text)
                  00014f4a    00000012     sysbios.aem4f : BIOS.obj (.text:ti_sysbios_hal_Hwi_Module_startup__E)
                  00014f5c    00000012                   : BIOS.obj (.text:ti_sysbios_knl_Semaphore_reset__E)
                  00014f6e    00000012     tivaRTSC_JS_pem4f.oem4f (.text:xdc_runtime_Startup_exec__I)
                  00014f80    00000010     tivaRTSC_JS_pem4f.oem4f (.text:.bootCodeSection:ti_catalog_arm_cortexm4_tiva_ce_Boot_init__I)
                  00014f90    00000010     stk.aem4f : bind.oem4f (.text:BindIF2IPHost)
                  00014fa0    00000010               : bind.oem4f (.text:BindIFNet2IPHost)
                  00014fb0    00000010     driverlib.lib : emac.obj (.text:EMACFrameFilterSet)
                  00014fc0    00000010     stk.aem4f : exec.oem4f (.text:ExecHRef)
                  00014fd0    00000010     netctrl_min_ipv4.aem4f : netctrl.oem4f (.text:NC_IPUpdate)
                  00014fe0    00000010     stk.aem4f : nimu.oem4f (.text:NIMUGetRsvdSizeInfo)
                  00014ff0    00000010     driverlib.lib : pwm.obj (.text:PWMGenPeriodSet)
                  00015000    00000010     drivers_tivaware.aem4f : PWM.oem4f (.text:PWM_Params_init)
                  00015010    00000010     rtsv7M4_T_le_v4SPD16_eabi.lib : strcpy.obj (.text)
                  00015020    00000010     sysbios.aem4f : BIOS.obj (.text:ti_sysbios_BIOS_getCpuFreq__E)
                  00015030    00000010                   : BIOS.obj (.text:ti_sysbios_BIOS_setThreadType__E)
                  00015040    00000010                   : BIOS.obj (.text:ti_sysbios_BIOS_start__E)
                  00015050    00000010                   : m3_TaskSupport_asm.obj (.text:ti_sysbios_family_arm_m3_TaskSupport_glue)
                  00015060    00000010                   : BIOS.obj (.text:ti_sysbios_gates_GateMutex_Instance_finalize__E)
                  00015070    00000010     tivaRTSC_JS_pem4f.oem4f (.text:ti_sysbios_knl_Mailbox_Object__get__S)
                  00015080    00000010     sysbios.aem4f : BIOS.obj (.text:ti_sysbios_knl_Semaphore_Instance_finalize__E)
                  00015090    00000010                   : BIOS.obj (.text:ti_sysbios_knl_Swi_disable__E)
                  000150a0    00000010     tivaRTSC_JS_pem4f.oem4f (.text:ti_sysbios_knl_Task_Object__get__S)
                  000150b0    00000010     sysbios.aem4f : BIOS.obj (.text:ti_sysbios_knl_Task_disable__E)
                  000150c0    00000010                   : BIOS.obj (.text:ti_sysbios_knl_Task_getIdleTask__E)
                  000150d0    00000010     ti.targets.arm.rtsarm.aem4f : Gate.oem4f (.text:xdc_runtime_Gate_leaveSystem__E)
                  000150e0    00000010                                 : Memory.oem4f (.text:xdc_runtime_Memory_free__E)
                  000150f0    00000010                                 : SysMin.oem4f (.text:xdc_runtime_SysMin_ready__E)
                  00015100    00000010                                 : System.oem4f (.text:xdc_runtime_System_vsnprintf__E)
                  00015110    00000010     tivaRTSC_JS_pem4f.oem4f (.text:xdc_runtime_Text_visitRope__I)
                  00015120    0000000e     drivers_tivaware.aem4f : EMACSnow.oem4f (.text:EMACSnow_emacioctl)
                  0001512e    0000000e     stk.aem4f : exec.oem4f (.text:ExecLowResource)
                  0001513c    0000000e     driverlib.lib : uart.obj (.text:UARTCharGetNonBlocking)
                  0001514a    0000000e                   : uart.obj (.text:UARTCharPutNonBlocking)
                  00015158    0000000e     rtsv7M4_T_le_v4SPD16_eabi.lib : copy_decompress_none.obj (.text:decompress:none)
                  00015166    0000000e     sysbios.aem4f : BIOS.obj (.text:ti_sysbios_knl_Queue_empty__E)
                  00015174    0000000c     stk.aem4f : bind.oem4f (.text:BindGetFirst)
                  00015180    0000000c     nettool_ipv4.aem4f : config.oem4f (.text:CfgSetDefault)
                  0001518c    0000000c     os.aem4f : task.oem4f (.text:NDK_hookInit)
                  00015198    0000000c     stk.aem4f : nimu.oem4f (.text:NIMUSetRsvdSizeInfo)
                  000151a4    0000000c     os.aem4f : task.oem4f (.text:NotifyLowResource)
                  000151b0    0000000c     stk.aem4f : pbm.oem4f (.text:PBM_close)
                  000151bc    0000000c     driverlib.lib : pwm.obj (.text:PWMGenDisable)
                  000151c8    0000000c                   : pwm.obj (.text:PWMGenEnable)
                  000151d4    0000000c     os.aem4f : semaphore.oem4f (.text:SemDelete)
                  000151e0    0000000c     hal_timer_bios.aem4f : lltimer.oem4f (.text:_llTimerShutdown)
                  000151ec    0000000c     roveDeviceTemplate_Thread.obj (.text:close)
                  000151f8    0000000c     hal_timer_bios.aem4f : lltimer.oem4f (.text:llTimerGetStartTime)
                  00015204    0000000c     sysbios.aem4f : BIOS.obj (.text:ti_sysbios_BIOS_getThreadType__E)
                  00015210    0000000c                   : BIOS.obj (.text:ti_sysbios_family_arm_lm4_Timer_getMaxTicks__E)
                  0001521c    0000000c     tivaRTSC_JS_pem4f.oem4f (.text:ti_sysbios_family_arm_m3_Hwi_Params__init__S)
                  00015228    0000000c     sysbios.aem4f : BIOS.obj (.text:ti_sysbios_family_arm_m3_Hwi_disableFxn__E)
                  00015234    0000000c                   : BIOS.obj (.text:ti_sysbios_family_arm_m3_TaskSupport_checkStack__E)
                  00015240    0000000c                   : BIOS.obj (.text:ti_sysbios_family_arm_m3_TaskSupport_getStackAlignment__E)
                  0001524c    0000000c                   : BIOS.obj (.text:ti_sysbios_gates_GateHwi_enter__E)
                  00015258    0000000c     tivaRTSC_JS_pem4f.oem4f (.text:ti_sysbios_knl_Clock_Params__init__S)
                  00015264    0000000c     sysbios.aem4f : BIOS.obj (.text:ti_sysbios_knl_Clock_getTicks__E)
                  00015270    0000000c     tivaRTSC_JS_pem4f.oem4f (.text:ti_sysbios_knl_Queue_Object__get__S)
                  0001527c    0000000c     tivaRTSC_JS_pem4f.oem4f (.text:ti_sysbios_knl_Semaphore_Params__init__S)
                  00015288    0000000c     tivaRTSC_JS_pem4f.oem4f (.text:ti_sysbios_knl_Task_Params__init__S)
                  00015294    0000000c     sysbios.aem4f : BIOS.obj (.text:ti_sysbios_knl_Task_self__E)
                  000152a0    0000000c     ti.targets.arm.rtsarm.aem4f : Error.oem4f (.text:xdc_runtime_Error_init__E)
                  000152ac    0000000c                                 : Gate.oem4f (.text:xdc_runtime_Gate_enterSystem__E)
                  000152b8    0000000c                                 : Memory.oem4f (.text:xdc_runtime_Memory_calloc__E)
                  000152c4    0000000c                                 : Memory.oem4f (.text:xdc_runtime_Memory_getMaxDefaultTypeAlign__E)
                  000152d0    0000000a     driverlib.lib : uart.obj (.text:UARTCharGet)
                  000152da    0000000a                   : uart.obj (.text:UARTCharPut)
                  000152e4    0000000a                   : uart.obj (.text:UARTIntDisable)
                  000152ee    0000000a                   : uart.obj (.text:UARTIntStatus)
                  000152f8    0000000a     stk.aem4f : file.oem4f (.text:fdint_signalevent)
                  00015302    0000000a               : file.oem4f (.text:fdint_signaltimeout)
                  0001530c    0000000a     tivaRTSC_JS_pem4f.oem4f (.text:xdc_runtime_IHeap_alloc)
                  00015316    0000000a     tivaRTSC_JS_pem4f.oem4f (.text:xdc_runtime_IHeap_free)
                  00015320    00000008     driverlib.lib : emac.obj (.text:EMACTxDMAPollDemand)
                  00015328    00000008     stk.aem4f : node.oem4f (.text:NodeFree)
                  00015330    00000008     os.aem4f : task.oem4f (.text:TaskBlock)
                  00015338    00000008     driverlib.lib : uart.obj (.text:UARTIntEnable)
                  00015340    00000008     drivers_tivaware.aem4f : UARTTiva.oem4f (.text:UARTTiva_init)
                  00015348    00000008                            : UARTTiva.oem4f (.text:readSemCallback)
                  00015350    00000008     sysbios.aem4f : BIOS.obj (.text:ti_sysbios_family_arm_lm4_Timer_masterDisable__I)
                  00015358    00000008                   : BIOS.obj (.text:ti_sysbios_family_arm_m3_Hwi_doSwiRestore__I)
                  00015360    00000008                   : BIOS.obj (.text:ti_sysbios_family_arm_m3_Hwi_startup__E)
                  00015368    00000008                   : BIOS.obj (.text:ti_sysbios_knl_Idle_loop__E)
                  00015370    00000008                   : BIOS.obj (.text:ti_sysbios_knl_Task_getHookContext__E)
                  00015378    00000008                   : BIOS.obj (.text:ti_sysbios_knl_Task_setHookContext__E)
                  00015380    00000008     drivers_tivaware.aem4f : UARTTiva.oem4f (.text:writeSemCallback)
                  00015388    00000006     driverlib.lib : emac.obj (.text:EMACRxDMADescriptorListSet)
                  0001538e    00000006                   : emac.obj (.text:EMACTxDMADescriptorListSet)
                  00015394    00000006                   : sysctl.obj (.text:SysCtlDelay)
                  0001539a    00000006     stk.aem4f : tcpprot.oem4f (.text:TcpPrRecv)
                  000153a0    00000006     driverlib.lib : uart.obj (.text:UARTFIFOLevelSet)
                  000153a6    00000006     drivers_tivaware.aem4f : UARTTiva.oem4f (.text:UARTTiva_control)
                  000153ac    00000006     ti.targets.arm.rtsarm.aem4f : xdc_noinit.oem4f (.text:__xdc__init)
                  000153b2    00000006     rtsv7M4_T_le_v4SPD16_eabi.lib : copy_decompress_rle.obj (.text:decompress:rle24)
                  000153b8    00000006     sysbios.aem4f : BIOS.obj (.text:ti_sysbios_family_arm_m3_Hwi_restoreFxn__E)
                  000153be    00000006                   : BIOS.obj (.text:ti_sysbios_gates_GateHwi_leave__E)
                  000153c4    00000006                   : BIOS.obj (.text:ti_sysbios_heaps_HeapMem_isBlocking__E)
                  000153ca    00000006                   : BIOS.obj (.text:ti_sysbios_knl_Queue_Instance_init__E)
                  000153d0    00000006     ti.targets.arm.rtsarm.aem4f : System.oem4f (.text:xdc_runtime_System_Module_startup__E)
                  000153d6    00000004     stk.aem4f : bind.oem4f (.text:BindGetIF)
                  000153da    00000004               : bind.oem4f (.text:BindGetNext)
                  000153de    00000004     os.aem4f : ossys.oem4f (.text:NDK_vsprintf)
                  000153e2    00000004     stk.aem4f : node.oem4f (.text:NodeSetRt)
                  000153e6    00000004               : rawethsock_prot.oem4f (.text:RawEthSockPrAttach)
                  000153ea    00000004               : rawethsock_prot.oem4f (.text:RawEthSockPrDetach)
                  000153ee    00000004     os.aem4f : semaphore.oem4f (.text:SemPend)
                  000153f2    00000004              : semaphore.oem4f (.text:SemPost)
                  000153f6    00000004              : semaphore.oem4f (.text:SemReset)
[...]
00015289   ti_sysbios_knl_Task_Params__init__S
00015295   ti_sysbios_knl_Task_self__E
000152a1   xdc_runtime_Error_init__E
000152ad   xdc_runtime_Gate_enterSystem__E
000152b9   xdc_runtime_Memory_calloc__E
000152c5   xdc_runtime_Memory_getMaxDefaultTypeAlign__E
000152d1   UARTCharGet
000152db   UARTCharPut
000152e5   UARTIntDisable
000152ef   UARTIntStatus
000152f9   fdint_signalevent
00015303   fdint_signaltimeout
00015321   EMACTxDMAPollDemand
00015331   TaskBlock
00015339   UARTIntEnable
00015341   UARTTiva_init
00015351   ti_sysbios_family_arm_lm4_Timer_masterDisable__I
00015359   ti_sysbios_family_arm_m3_Hwi_doSwiRestore__I
00015361   ti_sysbios_family_arm_m3_Hwi_startup__E
00015361   ti_sysbios_hal_Hwi_HwiProxy_startup__E
00015361   ti_sysbios_hal_Hwi_startup__E
00015369   ti_sysbios_knl_Idle_loop__E
00015371   ti_sysbios_knl_Task_getHookContext__E
00015379   ti_sysbios_knl_Task_setHookContext__E
00015389   EMACRxDMADescriptorListSet
0001538f   EMACTxDMADescriptorListSet
00015395   SysCtlDelay
0001539b   TcpPrRecv
000153a1   UARTFIFOLevelSet
000153a7   UARTTiva_control
000153ad   __xdc__init
000153b3   __TI_decompress_rle24
000153b9   OEMSysCritOff
000153b9   ti_sysbios_family_arm_m3_Hwi_restoreFxn__E
000153b9   ti_sysbios_hal_Hwi_HwiProxy_restore__E
000153b9   ti_sysbios_hal_Hwi_restore__E
000153bf   ti_sysbios_gates_GateHwi_leave__E
000153c5   ti_sysbios_heaps_HeapMem_isBlocking__E
000153cb   ti_sysbios_knl_Queue_Instance_init__E
000153d1   xdc_runtime_System_Module_startup__E
000153d7   BindGetIF
000153db   BindGetNext
000153df   NDK_vsprintf
000153e3   NodeSetRt
000153e7   RawEthSockPrAttach
000153eb   RawEthSockPrDetach
000153ef   SemPend
000153f3   SemPost
000153f7   SemReset
000153fb   TaskSelf
000153ff   TaskSetPri
00015403   UARTIntClear
00015407   _llSerialInit
0001540b   list_get_head
0001540f   list_get_next
00015413   ti_sysbios_BIOS_RtsGateProxy_enter__E
00015417   ti_sysbios_BIOS_RtsGateProxy_leave__E
0001541b   ti_sysbios_family_arm_lm4_Timer_masterEnable__I
0001541f   ti_sysbios_family_arm_m3_Hwi_delete
00015423   ti_sysbios_family_arm_m3_Hwi_destruct
00015427   ti_sysbios_family_arm_m3_TaskSupport_Module__startupDone__S
0001542b   ti_sysbios_gates_GateHwi_query__E
0001542b   xdc_runtime_Main_Module_GateProxy_query__E
0001542b   xdc_runtime_System_Module_GateProxy_query__E
0001542f   ti_sysbios_BIOS_RtsGateProxy_query__E
0001542f   ti_sysbios_gates_GateMutex_query__E
0001542f   ti_sysbios_heaps_HeapMem_Module_GateProxy_query__E
00015433   ti_sysbios_hal_Hwi_HwiProxy_Module__startupDone__S
00015437   ti_sysbios_heaps_HeapMem_Module_GateProxy_enter__E
0001543b   ti_sysbios_heaps_HeapMem_Module_GateProxy_leave__E
0001543f   ti_sysbios_knl_Clock_TimerProxy_Module__startupDone__S
00015443   ti_sysbios_knl_Clock_TimerProxy_getMaxTicks__E
00015447   ti_sysbios_knl_Queue_destruct
0001544b   ti_sysbios_knl_Semaphore_delete
0001544f   ti_sysbios_knl_Semaphore_destruct
00015453   ti_sysbios_knl_Swi_delete
00015457   ti_sysbios_knl_Task_SupportProxy_Module__startupDone__S
0001545b   ti_sysbios_knl_Task_delete
0001545f   ti_sysbios_knl_Task_startup__E
00015463   xdc_runtime_Error_getMsg__E
00015467   xdc_runtime_Error_getSite__E
0001546b   xdc_runtime_Memory_HeapProxy_alloc__E
0001546f   xdc_runtime_Memory_HeapProxy_free__E
00015473   xdc_runtime_System_Module_GateProxy_enter__E
00015477   xdc_runtime_System_Module_GateProxy_leave__E
0001547b   xdc_runtime_System_aprintf_va__F
0001547f   xdc_runtime_System_printf_va__F
00015484   xdc_runtime_Text_charTab__A
00016c89   xdc_runtime_Error_policy__C
00016c8a   ti_catalog_arm_cortexm4_tiva_ce_Boot_Module__id__C
00016dac   _ctypes_
00016eae   ti_sysbios_family_arm_m3_Hwi_Module__id__C
00016fa4   xdc_runtime_Text_nodeTab__A
0001710c   gpioHWAttrs
00017184   UART_config
0001725c   PWM_config
000172bc   Code2Err
00017310   pwmTivaHWAttrs
00017364   uartTivaHWAttrs
000173e2   ti_sysbios_family_arm_m3_Hwi_Module__loggerDefined__C
000173e4   ti_sysbios_knl_Task_Object__PARAMS__C
00017450   ti_sysbios_family_arm_m3_Hwi_Object__PARAMS__C
00017480   GPIO_config
000174d8   UARTTiva_fxnTable
00017500   ti_sysbios_heaps_HeapMem_Module__FXNS__C
00017528   ti_sysbios_knl_Swi_Object__PARAMS__C
00017550   UART_defaultParams
00017574   ti_sysbios_gates_GateHwi_Module__FXNS__C
00017598   ti_sysbios_gates_GateMutex_Module__FXNS__C
000175bc   ti_sysbios_heaps_HeapMem_Object__PARAMS__C
000175e0   ti_sysbios_knl_Clock_Object__PARAMS__C
00017604   ti_sysbios_knl_Semaphore_Object__PARAMS__C
00017628   xdc_runtime_Startup_sfxnTab__A
0001764c   PWMTiva_fxnTable
00017668   PWMTiva_MAX_PRESCALAR
0001766a   PWMTiva_MAX_MATCH_VALUE
0001766c   ti_sysbios_family_arm_m3_Hwi_Object__DESC__C
0001768c   ti_sysbios_gates_GateHwi_Object__DESC__C
000176ac   ti_sysbios_gates_GateMutex_Object__DESC__C
000176cc   ti_sysbios_heaps_HeapMem_Object__DESC__C
000176ec   ti_sysbios_knl_Clock_Object__DESC__C
0001770c   ti_sysbios_knl_Queue_Object__DESC__C
0001772c   ti_sysbios_knl_Semaphore_Object__DESC__C
0001774c   ti_sysbios_knl_Swi_Object__DESC__C
0001776c   ti_sysbios_knl_Task_Object__DESC__C
0001778c   ti_ndk_config_Global_rawPageSize
00017790   ti_ndk_config_Global_rawPageCount
00017794   ti_ndk_config_Global_smallest
00017798   ti_ndk_config_Global_largest
0001779c   ti_ndk_config_Global_numFrameBuf
000177a0   ti_ndk_config_Global_sizeFrameBuf
000177a4   roveDeviceTemplateThreadTask
000177a8   EMAC_config
000177d8   ti_sysbios_gates_GateHwi_Object__PARAMS__C
000177f0   ti_sysbios_gates_GateMutex_Object__PARAMS__C
00017808   ti_sysbios_knl_Queue_Object__PARAMS__C
00017820   ti_sysbios_knl_Task_hooks__A
00017838   xdc_runtime_Startup_firstFxns__A
0001784c   xdc_runtime_Startup_sfxnRts__A
00017870   PWM_defaultParams
0001787c   emacHWAttrs
00017890   EMACSnow_fxnTable
00017898   ti_sysbios_family_arm_m3_Hwi_excHookFuncs__A
000178a0   ti_sysbios_knl_Idle_funcList__A
000178a8   ti_sysbios_knl_Idle_funcList__C
000178b0   ti_sysbios_knl_Task_hooks__C
000178b8   xdc_runtime_Startup_firstFxns__C
000178c0   xdc_runtime_Startup_lastFxns__C
000178c8   ti_catalog_arm_cortexm4_tiva_ce_Boot_A_mustNotUseEnhancedClockMode__C
000178cc   ti_catalog_arm_cortexm4_tiva_ce_Boot_Module__diagsEnabled__C
000178d0   ti_catalog_arm_cortexm4_tiva_ce_Boot_Module__diagsIncluded__C
000178d4   ti_catalog_arm_cortexm4_tiva_ce_Boot_Module__diagsMask__C
000178d8   ti_sysbios_family_arm_lm4_Timer_enableFunc__C
000178dc   ti_sysbios_family_arm_lm4_Timer_numTimerDevices__C
000178e0   ti_sysbios_family_arm_lm4_Timer_startupNeeded__C
000178e4   ti_sysbios_family_arm_m3_Hwi_E_NMI__C
000178e8   ti_sysbios_family_arm_m3_Hwi_E_alreadyDefined__C
000178ec   ti_sysbios_family_arm_m3_Hwi_E_busFault__C
000178f0   ti_sysbios_family_arm_m3_Hwi_E_debugMon__C
000178f4   ti_sysbios_family_arm_m3_Hwi_E_hardFault__C
000178f8   ti_sysbios_family_arm_m3_Hwi_E_memFault__C
000178fc   ti_sysbios_family_arm_m3_Hwi_E_noIsr__C
00017900   ti_sysbios_family_arm_m3_Hwi_E_reserved__C
00017904   ti_sysbios_family_arm_m3_Hwi_E_svCall__C
00017908   ti_sysbios_family_arm_m3_Hwi_E_usageFault__C
0001790c   ti_sysbios_family_arm_m3_Hwi_LD_end__C
00017910   ti_sysbios_family_arm_m3_Hwi_LM_begin__C
00017914   ti_sysbios_family_arm_m3_Hwi_Module__diagsEnabled__C
00017918   ti_sysbios_family_arm_m3_Hwi_Module__diagsIncluded__C
0001791c   ti_sysbios_family_arm_m3_Hwi_Module__diagsMask__C
00017920   ti_sysbios_family_arm_m3_Hwi_Module__loggerFxn1__C
00017924   ti_sysbios_family_arm_m3_Hwi_Module__loggerFxn8__C
00017928   ti_sysbios_family_arm_m3_Hwi_Module__loggerObj__C
0001792c   ti_sysbios_family_arm_m3_Hwi_NUM_INTERRUPTS__C
00017930   ti_sysbios_family_arm_m3_Hwi_Object__count__C
00017934   ti_sysbios_family_arm_m3_Hwi_ccr__C
00017938   ti_sysbios_family_arm_m3_Hwi_excHandlerFunc__C
0001793c   ti_sysbios_family_arm_m3_Hwi_excHookFuncs__C
00017940   ti_sysbios_family_arm_m3_Hwi_nullIsrFunc__C
00017944   ti_sysbios_family_arm_m3_Hwi_priGroup__C
00017948   ti_sysbios_family_arm_m3_TaskSupport_stackAlignment__C
0001794c   ti_sysbios_gates_GateMutex_A_badContext__C
00017950   ti_sysbios_gates_GateMutex_Instance_State_sem__O
00017954   ti_sysbios_gates_GateMutex_Module__diagsEnabled__C
00017958   ti_sysbios_gates_GateMutex_Module__diagsIncluded__C
0001795c   ti_sysbios_gates_GateMutex_Module__diagsMask__C
00017960   ti_sysbios_hal_Hwi_E_stackOverflow__C
00017964   ti_sysbios_heaps_HeapMem_A_align__C
00017968   ti_sysbios_heaps_HeapMem_A_heapSize__C
0001796c   ti_sysbios_heaps_HeapMem_A_invalidFree__C
00017970   ti_sysbios_heaps_HeapMem_A_zeroBlock__C
00017974   ti_sysbios_heaps_HeapMem_E_memory__C
00017978   ti_sysbios_heaps_HeapMem_Module__diagsEnabled__C
0001797c   ti_sysbios_heaps_HeapMem_Module__diagsIncluded__C
00017980   ti_sysbios_heaps_HeapMem_Module__diagsMask__C
00017984   ti_sysbios_heaps_HeapMem_Module__gateObj__C
00017988   ti_sysbios_heaps_HeapMem_Object__count__C
0001798c   ti_sysbios_heaps_HeapMem_reqAlign__C
00017990   ti_sysbios_knl_Clock_A_badThreadType__C
00017994   ti_sysbios_knl_Clock_LM_begin__C
00017998   ti_sysbios_knl_Clock_LM_tick__C
0001799c   ti_sysbios_knl_Clock_LW_delayed__C
000179a0   ti_sysbios_knl_Clock_Module_State_clockQ__O
000179a4   ti_sysbios_knl_Clock_Module__diagsEnabled__C
000179a8   ti_sysbios_knl_Clock_Module__diagsIncluded__C
000179ac   ti_sysbios_knl_Clock_Module__diagsMask__C
000179b0   ti_sysbios_knl_Clock_Module__loggerFxn1__C
000179b4   ti_sysbios_knl_Clock_Module__loggerFxn2__C
000179b8   ti_sysbios_knl_Clock_Module__loggerObj__C
000179bc   ti_sysbios_knl_Mailbox_Instance_State_freeQue__O
000179c0   ti_sysbios_knl_Mailbox_Object__count__C
000179c4   ti_sysbios_knl_Mailbox_maxTypeAlign__C
000179c8   ti_sysbios_knl_Semaphore_A_badContext__C
000179cc   ti_sysbios_knl_Semaphore_A_noEvents__C
000179d0   ti_sysbios_knl_Semaphore_A_overflow__C
000179d4   ti_sysbios_knl_Semaphore_A_pendTaskDisabled__C
000179d8   ti_sysbios_knl_Semaphore_Instance_State_pendQ__O
000179dc   ti_sysbios_knl_Semaphore_LM_pend__C
000179e0   ti_sysbios_knl_Semaphore_LM_post__C
000179e4   ti_sysbios_knl_Semaphore_Module__diagsEnabled__C
000179e8   ti_sysbios_knl_Semaphore_Module__diagsIncluded__C
000179ec   ti_sysbios_knl_Semaphore_Module__diagsMask__C
000179f0   ti_sysbios_knl_Semaphore_Module__loggerFxn2__C
000179f4   ti_sysbios_knl_Semaphore_Module__loggerFxn4__C
000179f8   ti_sysbios_knl_Semaphore_Module__loggerObj__C
000179fc   ti_sysbios_knl_Swi_A_badPriority__C
00017a00   ti_sysbios_knl_Swi_LD_end__C
00017a04   ti_sysbios_knl_Swi_LM_begin__C
00017a08   ti_sysbios_knl_Swi_LM_post__C
00017a0c   ti_sysbios_knl_Swi_Module__diagsEnabled__C
00017a10   ti_sysbios_knl_Swi_Module__diagsIncluded__C
00017a14   ti_sysbios_knl_Swi_Module__diagsMask__C
00017a18   ti_sysbios_knl_Swi_Module__loggerFxn1__C
00017a1c   ti_sysbios_knl_Swi_Module__loggerFxn4__C
00017a20   ti_sysbios_knl_Swi_Module__loggerObj__C
00017a24   ti_sysbios_knl_Swi_Object__count__C
00017a28   ti_sysbios_knl_Task_A_badPriority__C
00017a2c   ti_sysbios_knl_Task_A_badTaskState__C
00017a30   ti_sysbios_knl_Task_A_badThreadType__C
00017a34   ti_sysbios_knl_Task_A_badTimeout__C
00017a38   ti_sysbios_knl_Task_A_noPendElem__C
00017a3c   ti_sysbios_knl_Task_A_sleepTaskDisabled__C
00017a40   ti_sysbios_knl_Task_E_deleteNotAllowed__C
00017a44   ti_sysbios_knl_Task_E_spOutOfBounds__C
00017a48   ti_sysbios_knl_Task_E_stackOverflow__C
00017a4c   ti_sysbios_knl_Task_LD_block__C
00017a50   ti_sysbios_knl_Task_LD_exit__C
00017a54   ti_sysbios_knl_Task_LD_ready__C
00017a58   ti_sysbios_knl_Task_LM_setPri__C
00017a5c   ti_sysbios_knl_Task_LM_sleep__C
00017a60   ti_sysbios_knl_Task_LM_switch__C
00017a64   ti_sysbios_knl_Task_Module_State_inactiveQ__O
00017a68   ti_sysbios_knl_Task_Module_State_terminatedQ__O
00017a6c   ti_sysbios_knl_Task_Module__diagsEnabled__C
00017a70   ti_sysbios_knl_Task_Module__diagsIncluded__C
00017a74   ti_sysbios_knl_Task_Module__diagsMask__C
00017a78   ti_sysbios_knl_Task_Module__loggerFxn2__C
00017a7c   ti_sysbios_knl_Task_Module__loggerFxn4__C
00017a80   ti_sysbios_knl_Task_Module__loggerObj__C
00017a84   ti_sysbios_knl_Task_Object__count__C
00017a88   ti_sysbios_knl_Task_Object__heap__C
00017a8c   ti_sysbios_knl_Task_allBlockedFunc__C
00017a90   ti_sysbios_knl_Task_defaultStackHeap__C
00017a94   ti_sysbios_knl_Task_defaultStackSize__C
00017a98   ti_sysbios_knl_Task_numConstructedTasks__C
00017a9c   xdc_runtime_Assert_E_assertFailed__C
00017aa0   xdc_runtime_Core_A_initializedParams__C
00017aa4   xdc_runtime_Core_Module__diagsEnabled__C
00017aa8   xdc_runtime_Core_Module__diagsIncluded__C
00017aac   xdc_runtime_Core_Module__diagsMask__C
00017ab0   xdc_runtime_Error_E_memory__C
00017ab4   xdc_runtime_Error_Module__diagsEnabled__C
00017ab8   xdc_runtime_Error_Module__diagsIncluded__C
00017abc   xdc_runtime_Error_Module__diagsMask__C
00017ac0   xdc_runtime_Error_Module__loggerFxn8__C
00017ac4   xdc_runtime_Error_Module__loggerObj__C
00017ac8   xdc_runtime_Error_policyFxn__C
00017acc   xdc_runtime_Error_raiseHook__C
00017ad0   xdc_runtime_IGateProvider_Interface__BASE__C
00017ad4   xdc_runtime_IHeap_Interface__BASE__C
00017ad8   xdc_runtime_IModule_Interface__BASE__C
00017adc   xdc_runtime_Log_L_error__C
00017ae0   xdc_runtime_Memory_defaultHeapInstance__C
00017ae4   xdc_runtime_Startup_execImpl__C
00017ae8   xdc_runtime_Startup_maxPasses__C
00017aec   xdc_runtime_Startup_sfxnRts__C
00017af0   xdc_runtime_Startup_sfxnTab__C
00017af4   xdc_runtime_SysMin_bufSize__C
00017af8   xdc_runtime_SysMin_outputFunc__C
00017afc   xdc_runtime_System_Module__gateObj__C
00017b00   xdc_runtime_System_abortFxn__C
00017b04   xdc_runtime_System_exitFxn__C
00017b08   xdc_runtime_System_extendFxn__C
00017b0c   xdc_runtime_System_maxAtexitHandlers__C
00017b10   xdc_runtime_Text_charTab__C
00017b14   xdc_runtime_Text_nameEmpty__C
00017b18   xdc_runtime_Text_nameStatic__C
00017b1c   xdc_runtime_Text_nameUnknown__C
00017b20   xdc_runtime_Text_nodeTab__C
00017b24   xdc_runtime_Text_visitRopeFxn__C
00017b28   ti_sysbios_gates_GateMutex_Module__id__C
00017b2a   ti_sysbios_hal_Hwi_Module__id__C
00017b2c   ti_sysbios_heaps_HeapMem_Module__id__C
00017b2e   ti_sysbios_knl_Clock_Module__id__C
00017b30   ti_sysbios_knl_Clock_Module__loggerDefined__C
00017b32   ti_sysbios_knl_Semaphore_Module__id__C
00017b34   ti_sysbios_knl_Semaphore_Module__loggerDefined__C
00017b36   ti_sysbios_knl_Swi_Module__id__C
00017b38   ti_sysbios_knl_Swi_Module__loggerDefined__C
00017b3a   ti_sysbios_knl_Task_Module__id__C
00017b3c   ti_sysbios_knl_Task_Module__loggerDefined__C
00017b3e   ti_sysbios_knl_Task_initStackFlag__C
00017b40   xdc_runtime_Core_Module__id__C
00017b42   xdc_runtime_Error_Module__loggerDefined__C
00017b44   xdc_runtime_Error_maxDepth__C
00017b46   xdc_runtime_Memory_Module__id__C
00017b48   xdc_runtime_SysMin_flushAtExit__C
00017b4a   xdc_runtime_Text_charCnt__C
00017b4c   xdc_runtime_Text_isLoaded__C
00017b4e   xdc_runtime_Text_registryModsLastId__C
00017b50   xdc_runtime_Text_unnamedModsLastId__C
000181b0   __TI_Handler_Table_Base
000181bc   __TI_Handler_Table_Limit
000181d0   __TI_CINIT_Base
000181e8   __TI_CINIT_Limit
20000000   ti_sysbios_family_arm_m3_Hwi_ramVectors
20000380   ti_sysbios_heaps_HeapMem_Instance_State_0_buf__A
20005380   ti_ndk_config_Global_pit
20005428   ti_ndk_config_Global_pitBuffer
20009c28   _ICMPIn
20009c74   PBMQ_free
20009c80   ti_ndk_config_Global_pBufMem
2000d880   ti_ndk_config_Global_pHdrMem
2000db78   ti_sysbios_knl_Task_Instance_State_0_stack__A
2000e378   ti_sysbios_knl_Task_Instance_State_1_stack__A
2000e978   ti_sysbios_knl_Task_Instance_State_2_stack__A
2000ec78   uartTivaObjects
2000f0b8   ti_sysbios_family_arm_m3_Hwi_dispatchTable
2000f418   __CIOBUF_
2000f638   tcps
2000f7a4   __TI_tmpnams
2000f964   xdc_runtime_SysMin_Module_State_0_outbuf__A
2000f9e4   ips
2000fa4c   nimu_mcb
2000faac   _ICMPOut
2000fb38   pwmTivaObjects
2000fb70   vlan_mcb
2000fbbc   udps
2000fbe0   BlockCount
2000fbfc   BlockMax
2000fc18   PageCount
2000fc34   PageMax
2000fc50   stkEvent
2000fc8c   raweths
2000fc9c   raws
2000fcac   tpseudo
2000fcb8   upseudo
2000fcc4   emacObjects
2000fcf8   _IGMPInDiscard
2000fcfc   _IGMPInQuery
2000fd00   _IGMPInQueryGroup
2000fd04   _IGMPInResponse
2000fd08   _IGMPOutResponse
2000fd0c   g_ulStatus
2000fd1c   pwm_1
2000fd20   pwm_2
2000fd24   pwm_3
2000fd28   pwm_4
2000fd2c   pwm_5
2000fd30   pwm_6
2000fd34   raweth_pcb
2000fd38   ti_sysbios_knl_Task_Instance_State_0_hookEnv__A
2000fd3c   ti_sysbios_knl_Task_Instance_State_1_hookEnv__A
2000fd40   ti_sysbios_knl_Task_Instance_State_2_hookEnv__A
2000fd44   uart_2
2000fd48   uart_3
2000fd4c   uart_4
2000fd50   uart_5
2000fd54   uart_6
2000fd58   uart_7
2000fd5c   ti_ndk_config_Global_Id2Size
2000fd78   ti_ndk_config_Global_HostName
2000fd7c   LocalIPAddr
2000fd80   LocalIPMask
2000fd84   GatewayIP
2000fd88   DomainName
2000fdcc   ti_sysbios_family_arm_lm4_Timer_Module__root__V
2000fdd4   ti_sysbios_family_arm_lm4_Timer_Module_State_0_handles__A
2000fdf4   ti_sysbios_family_arm_lm4_Timer_Module__state__V
2000fe00   ti_sysbios_family_arm_m3_Hwi_Module__root__V
2000fe08   ti_sysbios_family_arm_m3_Hwi_Object__table__V
2000fe20   ti_sysbios_family_arm_m3_Hwi_Module_State_0_excActive__A
2000fe24   ti_sysbios_family_arm_m3_Hwi_Module_State_0_excContext__A
2000fe28   ti_sysbios_family_arm_m3_Hwi_Module_State_0_excStack__A
2000fe2c   ti_sysbios_gates_GateHwi_Module__root__V
2000fe34   ti_sysbios_gates_GateHwi_Object__table__V
2000fe38   ti_sysbios_gates_GateMutex_Module__root__V
2000fe40   ti_sysbios_hal_Hwi_Module__root__V
2000fe48   ti_sysbios_heaps_HeapMem_Module__root__V
2000fe50   ti_sysbios_heaps_HeapMem_Object__table__V
2000fe68   ti_sysbios_knl_Clock_Module__root__V
2000fe70   ti_sysbios_knl_Event_Module__root__V
2000fe78   ti_sysbios_knl_Mailbox_Module__root__V
2000fe80   ti_sysbios_knl_Queue_Module__root__V
2000fe88   ti_sysbios_knl_Semaphore_Module__root__V
2000fe90   ti_sysbios_knl_Swi_Module__root__V
2000fe98   ti_sysbios_knl_Swi_Module__state__V
2000feb4   ti_sysbios_knl_Task_Module__root__V
2000febc   ti_sysbios_knl_Task_Module_State_0_idleTask__A
2000fec0   xdc_runtime_Error_Module__state__V
2000fec4   xdc_runtime_Memory_Module__state__V
2000fec8   xdc_runtime_Registry_Module__state__V
2000fed0   xdc_runtime_Startup_Module__state__V
2000fed8   xdc_runtime_SysMin_Module__state__V
2000fee4   xdc_runtime_System_Module_State_0_atexitHandlers__A
2000ff04   xdc_runtime_System_Module__state__V
2000ff0c   xdc_runtime_Text_Module__state__V
2000ff14   __xdc__init__addr
2000ff18   _ftable
20010008   ti_sysbios_knl_Task_Object__table__V
200100a0   TSK_idle
200101bc   _ipcfg
20010270   ti_sysbios_knl_Swi_Module_State_0_readyQ__A
200102f0   ti_sysbios_knl_Task_Module_State_0_readyQ__A
200103c0   ti_sysbios_knl_Task_Module__state__V
20010484   ti_sysbios_family_arm_lm4_Timer_Module_State_0_device__A
200104c4   ti_sysbios_family_arm_lm4_Timer_Object__table__V
20010504   ti_sysbios_gates_GateMutex_Object__table__V
20010570   ti_sysbios_family_arm_m3_Hwi_Module__state__V
200105a4   enablePrefetch
200105a8   phyCounter
20010608   ti_sysbios_knl_Swi_Object__table__V
20010638   ti_sysbios_knl_Clock_Module__state__V
20010664   pstrMsgName
2001068c   _oscfg
200106b0   PITCount
200106b4   PITUsed
200106b8   PITHigh
200106d4   ti_sysbios_BIOS_Module__state__V
20010770   __TI_ft_end
20010774   __aeabi_stdin
20010778   __aeabi_stdout
2001077c   __aeabi_stderr
20010788   _IGMPForceVersion1
2001079e   macAddress
200107a4   NIMUDeviceTable
200107bc   _lock
200107c0   _unlock
200107c4   __TI_cleanup_ptr
200107c8   __TI_dtors_ptr
200107d4   _ICMPInErrors
200107d8   _ICMPOutErrors
200107dc   _IPExecuting
200107f4   tcp_iss
200107f8   ptTimeFirst
20010824   main_func_sp
2001082c   _IPReasmPtr
2001083c   __stack
20010a3c   __STACK_TOP
2001103c   __STACK_END
e000e000   ti_sysbios_family_arm_m3_Hwi_nvic
ffffffff   __binit__
ffffffff   __c_args__
ffffffff   binit
UNDEFED    SHT$$INIT_ARRAY$$Base
UNDEFED    SHT$$INIT_ARRAY$$Limit

[1181 symbols]
