******************************************************************************
                  TI ARM Linker Unix v5.1.6                    
******************************************************************************
>> Linked Tue Oct  6 18:32:46 2015

OUTPUT FILE NAME:   <roveDeviceTemplate.out>
ENTRY POINT SYMBOL: "_c_int00"  address: 0001137d


MEMORY CONFIGURATION

         name            origin    length      used     unused   attr    fill
----------------------  --------  ---------  --------  --------  ----  --------
  FLASH                 00000000   00100000  00018518  000e7ae8  R  X
  SRAM                  20000000   00040000  0001101c  0002efe4  RW X


SEGMENT ALLOCATION MAP

run origin  load origin   length   init length attrs members
----------  ----------- ---------- ----------- ----- -------
00000000    00000000    00018520   00018520    r-x
  00000000    00000000    0000003c   0000003c    r-- .resetVecs
  0000003c    0000003c    0001577e   0001577e    r-x .text
  000157bc    000157bc    000026ce   000026ce    r-- .const
  00017e90    00017e90    00000690   00000690    r-- .cinit
20000000    20000000    00000360   00000000    rw-
  20000000    20000000    00000360   00000000    rw- .vecs
20000380    20000380    00010cbc   00000000    rw-
  20000380    20000380    0000f9dc   00000000    rw- .bss
  2000fd5c    2000fd5c    00000ae0   00000000    rw- .data
  2001083c    2001083c    00000800   00000000    rw- .stack


SECTION ALLOCATION MAP

 output                                  attributes/
section   page    origin      length       input sections
--------  ----  ----------  ----------   ----------------
.bootVecs 
*          0    00000000    00000008     DSECT
                  00000000    00000008     boot.aem4f : boot.oem4f (.bootVecs)

.resetVecs 
*          0    00000000    0000003c     
                  00000000    0000003c     tivaRTSC_JS_pem4f.oem4f (.resetVecs)

xdc.meta   0    00000000    00000101     COPY SECTION
                  00000000    00000101     tivaRTSC_JS_pem4f.oem4f (xdc.meta)

.init_array 
*          0    00000000    00000000     UNINITIALIZED

.text      0    0000003c    0001577e     
                  0000003c    00000ec0     rtsv7M4_T_le_v4SPD16_eabi.lib : _printfi.obj (.text)
                  00000efc    00000c70     stk.aem4f : tcpin.oem4f (.text:TcpInput)
                  00001b6c    000008a0               : tcpout.oem4f (.text:TcpOutput)
                  0000240c    00000424     sysbios.aem4f : BIOS.obj (.text:ti_sysbios_family_arm_m3_Hwi_excDumpRegs__I)
                  00002830    00000408     stk.aem4f : ipout.oem4f (.text:IPTxPacket)
                  00002c38    000003a1     roveTCPSocket.obj (.text:roveHorizon_Recv)
                  00002fd9    00000001     --HOLE-- [fill = 0]
                  00002fda    00000002     hal_userled_stub.aem4f : llled.oem4f (.text:LED_TOGGLE)
                  00002fdc    00000384     stk.aem4f : ipin.oem4f (.text:IPRxPacket)
                  00003360    0000033c     ti.targets.arm.rtsarm.aem4f : System.oem4f (.text:xdc_runtime_System_doPrint__I)
                  0000369c    00000310     rtsv7M4_T_le_v4SPD16_eabi.lib : lowlev.obj (.text)
                  000039ac    00000304     sysbios.aem4f : BIOS.obj (.text:ti_sysbios_knl_Semaphore_pend__E)
                  00003cb0    000002d4     rtsv7M4_T_le_v4SPD16_eabi.lib : trgdrv.obj (.text)
                  00003f84    000002c0     sysbios.aem4f : BIOS.obj (.text:ti_sysbios_knl_Task_Instance_finalize__E)
                  00004244    00000274     stk.aem4f : sock.oem4f (.text:SockSet)
                  000044b8    0000024c               : ipfrag.oem4f (.text:IPReasm)
                  00004704    0000024c     sysbios.aem4f : BIOS.obj (.text:ti_sysbios_family_arm_lm4_Timer_start__E)
                  00004950    00000248                   : BIOS.obj (.text:ti_sysbios_heaps_HeapMem_free__E)
                  00004b98    0000023c     stk.aem4f : icmpin.oem4f (.text:ICMPInput)
                  00004dd4    00000234     sysbios.aem4f : BIOS.obj (.text:ti_sysbios_heaps_HeapMem_alloc__E)
                  00005008    00000224     stk.aem4f : udp.oem4f (.text:UdpInput)
                  0000522c    00000208     sysbios.aem4f : BIOS.obj (.text:ti_sysbios_knl_Task_sleep__E)
                  00005434    00000204     Boot.aem4f : Boot_sysctl.oem4f (.text:ti_catalog_arm_cortexm4_tiva_ce_Boot_sysCtlClockFreqSetI__I)
                  00005638    000001f8     stk.aem4f : sock.oem4f (.text:SockRecv)
                  00005830    000001f8     sysbios.aem4f : BIOS.obj (.text:ti_sysbios_family_arm_m3_Hwi_excHandlerMax__I)
                  00005a28    000001f4     rtsv7M4_T_le_v4SPD16_eabi.lib : ull_div_t2.obj (.text)
                  00005c1c    000001e4     sysbios.aem4f : BIOS.obj (.text:ti_sysbios_knl_Task_Instance_init__E)
                  00005e00    000001c0     rtsv7M4_T_le_v4SPD16_eabi.lib : fopen.obj (.text)
                  00005fc0    000001b8     drivers_tivaware.aem4f : EMACSnow.oem4f (.text:EMACSnow_NIMUInit)
                  00006178    000001b6     rtsv7M4_T_le_v4SPD16_eabi.lib : fd_add_t2.obj (.text)
                  0000632e    00000002     stk.aem4f : nat.oem4f (.text:NatMsg)
                  00006330    000001b4               : lliout.oem4f (.text:LLITxIpPacket)
                  000064e4    000001b0               : lliin.oem4f (.text:LLIRxPacket)
                  00006694    00000198     os.aem4f : mem.oem4f (.text:mmAlloc)
                  0000682c    00000194     stk.aem4f : sock.oem4f (.text:SockNew)
                  000069c0    00000190               : igmp.oem4f (.text:IGMPInput)
                  00006b50    00000184     sysbios.aem4f : BIOS.obj (.text:ti_sysbios_knl_Task_setPri__E)
                  00006cd4    00000170     drivers_tivaware.aem4f : PWMTiva.oem4f (.text:PWMTiva_open)
                  00006e44    00000170     stk.aem4f : rtc.oem4f (.text:RTCReport)
                  00006fb4    00000168     sysbios.aem4f : BIOS.obj (.text:ti_sysbios_family_arm_m3_Hwi_excBusFault__I)
                  0000711c    00000166     stk.aem4f : sb.oem4f (.text:SBRead)
                  00007282    00000002     os.aem4f : task.oem4f (.text:_TaskInit)
                  00007284    00000164     stk.aem4f : sock.oem4f (.text:SockConnect)
                  000073e8    00000154     netctrl_min_ipv4.aem4f : netctrl.oem4f (.text:NC_NetStart)
                  0000753c    00000154     roveBIOS_Init.obj (.text:main)
                  00007690    00000154     sysbios.aem4f : BIOS.obj (.text:ti_sysbios_family_arm_m3_Hwi_excUsageFault__I)
                  000077e4    00000144     stk.aem4f : bind.oem4f (.text:BindNew)
                  00007928    00000140     nettool_ipv4.aem4f : config.oem4f (.text:CfgAddEntry)
                  00007a68    00000140                        : dhcpmain.oem4f (.text:DHCPOpen)
                  00007ba8    00000140     EK_TM4C1294XL.obj (.text:EK_TM4C1294XL_initUART)
                  00007ce8    00000140     stk.aem4f : tcp.oem4f (.text:TcpTimeoutCheck)
                  00007e28    00000140     drivers_tivaware.aem4f : UARTTiva.oem4f (.text:UARTTiva_open)
                  00007f68    00000140     sysbios.aem4f : BIOS.obj (.text:ti_sysbios_family_arm_m3_Hwi_excMemFault__I)
                  000080a8    0000013c     stk.aem4f : sock.oem4f (.text:SockSend)
                  000081e4    00000138     sysbios.aem4f : BIOS.obj (.text:ti_sysbios_family_arm_m3_Hwi_dispatchC__I)
                  0000831c    00000138                   : BIOS.obj (.text:ti_sysbios_heaps_HeapMem_Instance_init__E)
                  00008454    00000138                   : BIOS.obj (.text:ti_sysbios_knl_Semaphore_post__E)
                  0000858c    00000136     rtsv7M4_T_le_v4SPD16_eabi.lib : fd_div_t2.obj (.text)
                  000086c2    00000002     os.aem4f : task.oem4f (.text:_TaskShutdown)
                  000086c4    00000134     rtsv7M4_T_le_v4SPD16_eabi.lib : fputs.obj (.text)
                  000087f8    00000130     driverlib.lib : gpio.obj (.text:GPIOPadConfigSet)
                  00008928    00000130     stk.aem4f : icmp.oem4f (.text:ICMPGenPacket)
                  00008a58    0000012c     EK_TM4C1294XL.obj (.text:EK_TM4C1294XL_initEMAC)
                  00008b84    0000012c     sysbios.aem4f : BIOS.obj (.text:ti_sysbios_knl_Clock_workFunc__E)
                  00008cb0    00000128     stk.aem4f : udp.oem4f (.text:UdpOutput)
                  00008dd8    00000128     sysbios.aem4f : BIOS.obj (.text:ti_sysbios_knl_Task_exit__E)
                  00008f00    00000124     stk.aem4f : sockpcb.oem4f (.text:SockPcbResolve)
                  00009024    00000124     tivaRTSC_JS_pem4f.oem4f (.text:ti_ndk_config_Global_stackThread)
                  00009148    00000120     sysbios.aem4f : BIOS.obj (.text:ti_sysbios_knl_Swi_run__I)
                  00009268    00000120     ti.targets.arm.rtsarm.aem4f : Error.oem4f (.text:xdc_runtime_Error_policyDefault__E)
                  00009388    0000011c     sysbios.aem4f : BIOS.obj (.text:ti_sysbios_knl_Clock_Instance_init__E)
                  000094a4    0000011b     roveTCPSocket.obj (.text:roveTCP_Connect)
                  000095bf    00000001     --HOLE-- [fill = 0]
                  000095c0    00000118     stk.aem4f : sockint.oem4f (.text:SockNotify)
                  000096d8    00000118               : tcpout.oem4f (.text:TcpGenPacket)
                  000097f0    00000117     roveTCPSocket.obj (.text:roveCatch_NdkErrors)
                  00009907    00000001     --HOLE-- [fill = 0]
                  00009908    00000110     stk.aem4f : nimu.oem4f (.text:NIMUIoctl)
                  00009a18    00000110               : node.oem4f (.text:NodeTreeFree)
                  00009b28    00000110               : raw.oem4f (.text:RawInput)
                  00009c38    0000010c               : igmp.oem4f (.text:IGMPSendReply)
                  00009d44    0000010c               : route.oem4f (.text:RtCreate)
                  00009e50    0000010c               : rtable.oem4f (.text:RtFind)
                  00009f5c    00000104     os.aem4f : task.oem4f (.text:llEnter)
                  0000a060    00000104     sysbios.aem4f : BIOS.obj (.text:ti_sysbios_knl_Task_schedule__I)
                  0000a164    00000104     ti.targets.arm.rtsarm.aem4f : Core-mem.oem4f (.text:xdc_runtime_Core_createObject__I)
                  0000a268    00000104     tivaRTSC_JS_pem4f.oem4f (.text:xdc_runtime_System_printfExtend__I)
                  0000a36c    00000102     nettool_ipv4.aem4f : dhcppkt.oem4f (.text:dhcpPacketProcess)
                  0000a46e    00000002     hal_ser_stub.aem4f : llserstb.oem4f (.text:_llSerialServiceCheck)
                  0000a470    00000100     netctrl_min_ipv4.aem4f : netctrl.oem4f (.text:NetScheduler)
                  0000a570    00000100     nettool_ipv4.aem4f : inetaddr.oem4f (.text:inet_aton)
                  0000a670    000000fe     stk.aem4f : pipe.oem4f (.text:PipeRecv)
                  0000a76e    000000fc     rtsv7M4_T_le_v4SPD16_eabi.lib : fd_mul_t2.obj (.text)
                  0000a86a    00000002     hal_ser_stub.aem4f : llserstb.oem4f (.text:_llSerialShutdown)
                  0000a86c    000000fc     ti.targets.arm.rtsarm.aem4f : Startup.oem4f (.text:xdc_runtime_Startup_startMods__I)
                  0000a968    000000fa     drivers_tivaware.aem4f : PWMTiva.oem4f (.text:PWMTiva_setDuty)
                  0000aa62    00000002     hal_userled_stub.aem4f : llled.oem4f (.text:_llUserLedInit)
                  0000aa64    000000f8     drivers_tivaware.aem4f : EMACSnow.oem4f (.text:EMACSnow_emacStart)
                  0000ab5c    000000f4     os.aem4f : task.oem4f (.text:TaskGetEnv)
                  0000ac50    000000f4     sysbios.aem4f : m3_Hwi_asm.obj (.text:ti_sysbios_family_arm_m3_Hwi_dispatch__I)
                  0000ad44    000000f4                   : BIOS.obj (.text:ti_sysbios_knl_Task_startCore__E)
                  0000ae38    000000f0     stk.aem4f : lliout.oem4f (.text:LLIGenArpPacket)
                  0000af28    000000f0     sysbios.aem4f : BIOS.obj (.text:ti_sysbios_knl_Task_postInit__I)
                  0000b018    000000ee     stk.aem4f : sock.oem4f (.text:SockClose)
                  0000b106    00000002     hal_userled_stub.aem4f : llled.oem4f (.text:_llUserLedShutdown)
                  0000b108    000000e8     os.aem4f : task.oem4f (.text:TaskSetEnv)
                  0000b1f0    000000e6     roveDeviceTemplate_Thread.obj (.text:roveDeviceTemplateThread)
                  0000b2d6    00000002     hal_ser_stub.aem4f : llserstb.oem4f (.text:llSerialService)
                  0000b2d8    000000e0     stk.aem4f : tcptime.oem4f (.text:TcpTimeoutRexmt)
                  0000b3b8    000000dc               : sb.oem4f (.text:SBWrite)
                  0000b494    000000dc     nettool_ipv4.aem4f : dhcpsock.oem4f (.text:dhcpSocketOpen)
                  0000b570    000000dc     rtsv7M4_T_le_v4SPD16_eabi.lib : setvbuf.obj (.text)
                  0000b64c    000000dc     tivaRTSC_JS_pem4f.oem4f (.text:ti_ndk_config_ip_init)
                  0000b728    000000da     nettool_ipv4.aem4f : dhcpsm.oem4f (.text:dhcpState)
                  0000b802    00000002     tivaRTSC_JS_pem4f.oem4f (.text:ti_ndk_config_Global_NetworkClose)
                  0000b804    000000d8     stk.aem4f : node.oem4f (.text:NodeAdd)
                  0000b8dc    000000d5               : nimu.oem4f (.text:NIMUReceivePacket)
                  0000b9b1    00000001     --HOLE-- [fill = 0]
                  0000b9b2    00000002     tivaRTSC_JS_pem4f.oem4f (.text:ti_ndk_config_Global_NetworkOpen)
                  0000b9b4    000000d4     drivers_tivaware.aem4f : EMACSnow.oem4f (.text:EMACSnow_handleRx)
                  0000ba88    000000d4     stk.aem4f : sockpcb.oem4f (.text:SockPcbBind)
                  0000bb5c    000000d2               : tcpprot.oem4f (.text:TcpPrSetOption)
                  0000bc2e    00000002     tivaRTSC_JS_pem4f.oem4f (.text:ti_sysbios_BIOS_nullFunc__I)
                  0000bc30    000000d0     sysbios.aem4f : BIOS.obj (.text:ti_sysbios_knl_Swi_Instance_init__E)
                  0000bd00    000000ce     nettool_ipv4.aem4f : dhcpsm.oem4f (.text:dhcpIPAdd)
                  0000bdce    00000002     sysbios.aem4f : BIOS.obj (.text:ti_sysbios_gates_GateHwi_Instance_init__E)
                  0000bdd0    000000cc     stk.aem4f : icmp.oem4f (.text:ICMPSendRtAdv)
                  0000be9c    000000cc     nettool_ipv4.aem4f : dhcpbild.oem4f (.text:dhcpBuildHeader)
                  0000bf68    000000cc     ti.targets.arm.rtsarm.aem4f : Core-smem.oem4f (.text:xdc_runtime_Core_constructObject__I)
                  0000c034    000000ca     nettool_ipv4.aem4f : dhcppkt.oem4f (.text:dhcpVerifyMessage)
                  0000c0fe    00000002     tivaRTSC_JS_pem4f.oem4f (.text:xdc_runtime_Startup_reset__I)
                  0000c100    000000c8     stk.aem4f : rawethsock.oem4f (.text:RawEthSockNew)
                  0000c1c8    000000c4     drivers_tivaware.aem4f : EMACSnow.oem4f (.text:EMACSnow_InitDMADescriptors)
                  0000c28c    000000c4     stk.aem4f : igmp.oem4f (.text:IGMPJoinHostGroup)
                  0000c350    000000c4     netctrl_min_ipv4.aem4f : netsrv.oem4f (.text:SPIpNet)
                  0000c414    000000c4     sysbios.aem4f : BIOS.obj (.text:ti_sysbios_family_arm_m3_Hwi_Module_startup__E)
                  0000c4d8    000000c0     nettool_ipv4.aem4f : dhcpsm.oem4f (.text:StateBound)
                  0000c598    000000c0     rtsv7M4_T_le_v4SPD16_eabi.lib : fflush.obj (.text)
                  0000c658    000000bc     stk.aem4f : sockpcb.oem4f (.text:SockPcbFind)
                  0000c714    000000bc               : vlan.oem4f (.text:VLANDeinit)
                  0000c7d0    000000bc     sysbios.aem4f : BIOS.obj (.text:ti_sysbios_knl_Task_unblockI__E)
                  0000c88c    000000b8     EK_TM4C1294XL.obj (.text:EK_TM4C1294XL_initGeneral)
                  0000c944    000000b8     stk.aem4f : icmpin.oem4f (.text:ICMPRevSrcRoute)
                  0000c9fc    000000b8               : lli.oem4f (.text:_LLITimeoutCheck)
                  0000cab4    000000b4               : tcptime.oem4f (.text:TcpTimeoutKeep)
                  0000cb68    000000b4     sysbios.aem4f : BIOS.obj (.text:ti_sysbios_family_arm_m3_Hwi_excHardFault__I)
                  0000cc1c    000000b4                   : BIOS.obj (.text:ti_sysbios_gates_GateMutex_enter__E)
                  0000ccd0    000000b4                   : BIOS.obj (.text:ti_sysbios_knl_Task_checkStacks__E)
                  0000cd84    000000b0     stk.aem4f : rawethsock.oem4f (.text:RawEthSockSet)
                  0000ce34    000000b0               : sockint.oem4f (.text:SockCreatePacket)
                  0000cee4    000000b0     sysbios.aem4f : BIOS.obj (.text:ti_sysbios_family_arm_m3_Hwi_excDebugMon__I)
                  0000cf94    000000ac     stk.aem4f : rtable.oem4f (.text:RtTimeoutCheck)
                  0000d040    000000ac     rtsv7M4_T_le_v4SPD16_eabi.lib : _io_perm.obj (.text)
                  0000d0ec    000000ac     sysbios.aem4f : BIOS.obj (.text:ti_sysbios_family_arm_lm4_Timer_enableTiva__I)
                  0000d198    000000a8                   : BIOS.obj (.text:ti_sysbios_family_arm_lm4_Timer_enableTimers__I)
                  0000d240    000000a8                   : BIOS.obj (.text:ti_sysbios_knl_Swi_post__E)
                  0000d2e8    000000a8                   : BIOS.obj (.text:ti_sysbios_knl_Task_blockI__E)
                  0000d390    000000a0     auto_init.aem4f : auto_init.oem4f (.text)
                  0000d430    000000a0     sysbios.aem4f : BIOS.obj (.text:ti_sysbios_family_arm_m3_Hwi_Instance_init__E)
                  0000d4d0    0000009c     stk.aem4f : exec.oem4f (.text:ExecOpen)
                  0000d56c    0000009c     netctrl_min_ipv4.aem4f : netsrv.oem4f (.text:ServiceScan)
                  0000d608    0000009c     rtsv7M4_T_le_v4SPD16_eabi.lib : fputc.obj (.text)
                  0000d6a4    0000009c                                   : memcpy_t2.obj (.text)
                  0000d740    0000009c     sysbios.aem4f : BIOS.obj (.text:ti_sysbios_knl_Semaphore_Instance_init__E)
                  0000d7dc    0000009a     ti.targets.arm.rtsarm.aem4f : Text.oem4f (.text:xdc_runtime_Text_putSite__E)
                  0000d876    00000002     --HOLE-- [fill = 0]
                  0000d878    00000098     stk.aem4f : ip.oem4f (.text:IPGetRoute)
                  0000d910    00000098     netctrl_min_ipv4.aem4f : netctrl.oem4f (.text:NC_SystemOpen)
                  0000d9a8    00000098     rtsv7M4_T_le_v4SPD16_eabi.lib : fclose.obj (.text)
                  0000da40    00000096     stk.aem4f : nimu.oem4f (.text:NIMUAddEthernetHeader)
                  0000dad6    00000002     --HOLE-- [fill = 0]
                  0000dad8    00000094     nettool_ipv4.aem4f : config.oem4f (.text:CfgExecute)
                  0000db6c    00000094                        : config.oem4f (.text:CfgRemoveEntry)
                  0000dc00    00000094     Boot.aem4f : Boot.oem4f (.text:ti_catalog_arm_cortexm4_tiva_ce_Boot_sysCtlClockFreqSet__E)
                  0000dc94    00000094     ti.targets.arm.rtsarm.aem4f : Text.oem4f (.text:xdc_runtime_Text_putMod__E)
                  0000dd28    00000090     stk.aem4f : igmp.oem4f (.text:IGMPMsg)
                  0000ddb8    00000090               : sockpcb.oem4f (.text:SockPcbCtlError)
                  0000de48    00000090     os.aem4f : mem.oem4f (.text:_mmInit)
                  0000ded8    00000090              : mem.oem4f (.text:mmBulkAlloc)
                  0000df68    0000008e     nettool_ipv4.aem4f : dhcpbild.oem4f (.text:dhcpBuildRequest)
                  0000dff6    00000002     --HOLE-- [fill = 0]
                  0000dff8    0000008c     os.aem4f : mem.oem4f (.text:mmInitPage)
                  0000e084    0000008c     tivaRTSC_JS_pem4f.oem4f (.text:ti_ndk_config_tcp_init)
                  0000e110    0000008c     sysbios.aem4f : BIOS.obj (.text:ti_sysbios_family_arm_m3_Hwi_initNVIC__E)
                  0000e19c    0000008c                   : m3_TaskSupport_asm.obj (.text:ti_sysbios_family_arm_m3_TaskSupport_buildTaskStack)
                  0000e228    0000008a     netctrl_min_ipv4.aem4f : netsrv.oem4f (.text:SPRoute)
                  0000e2b2    00000002     --HOLE-- [fill = 0]
                  0000e2b4    00000088     EK_TM4C1294XL.obj (.text:EK_TM4C1294XL_initPWM)
                  0000e33c    00000088     sysbios.aem4f : BIOS.obj (.text:ti_sysbios_knl_Mailbox_Module_startup__E)
                  0000e3c4    00000086     nettool_ipv4.aem4f : dhcpsm.oem4f (.text:StateRequesting)
                  0000e44a    00000086     rtsv7M4_T_le_v4SPD16_eabi.lib : fd_cmp_t2.obj (.text:__aeabi_cdcmple)
                  0000e4d0    00000086                                   : fd_cmp_t2.obj (.text:__aeabi_cdrcmple)
                  0000e556    00000002     --HOLE-- [fill = 0]
                  0000e558    00000084     drivers_tivaware.aem4f : PWMTiva.oem4f (.text:PWMTiva_control)
                  0000e5dc    00000084     stk.aem4f : tcpprot.oem4f (.text:TcpPrAttach)
                  0000e660    00000084     os.aem4f : mem.oem4f (.text:mmBulkFree)
                  0000e6e4    00000084     sysbios.aem4f : BIOS.obj (.text:ti_sysbios_knl_Task_Module_startup__E)
                  0000e768    00000082     nettool_ipv4.aem4f : dhcpsm.oem4f (.text:StateRenewRebind)
                  0000e7ea    00000002     --HOLE-- [fill = 0]
                  0000e7ec    00000080     stk.aem4f : ip.oem4f (.text:IPMsg)
                  0000e86c    00000080               : lli.oem4f (.text:LLINew)
                  0000e8ec    00000080     netctrl_min_ipv4.aem4f : netsrv.oem4f (.text:NS_BootTask)
                  0000e96c    00000080     stk.aem4f : pbm.oem4f (.text:PBM_alloc)
                  0000e9ec    00000080               : raw.oem4f (.text:RawOutput)
                  0000ea6c    00000080     netctrl_min_ipv4.aem4f : netsrv.oem4f (.text:ServiceSpawn)
                  0000eaec    00000080     os.aem4f : mem.oem4f (.text:mmFree)
                  0000eb6c    0000007f     tivaRTSC_JS_pem4f.oem4f (.text:ti_ndk_config_Global_NetworkIPAddr)
                  0000ebeb    00000001     --HOLE-- [fill = 0]
                  0000ebec    0000007e     stk.aem4f : fileuser.oem4f (.text:fdClose)
                  0000ec6a    00000002     --HOLE-- [fill = 0]
                  0000ec6c    0000007c     nettool_ipv4.aem4f : config.oem4f (.text:CfgGetEntry)
                  0000ece8    0000007c                        : config.oem4f (.text:CfgGetNextEntry)
                  0000ed64    0000007c     drivers_tivaware.aem4f : EMACSnow.oem4f (.text:EMACSnow_processPendingTx)
                  0000ede0    0000007c                            : EMACSnow.oem4f (.text:EMACSnow_processPhyInterrupt)
                  0000ee5c    0000007c     stk.aem4f : igmp.oem4f (.text:IGMPJoin)
                  0000eed8    0000007c               : socket.oem4f (.text:NDK_setsockopt)
                  0000ef54    0000007c               : nimu.oem4f (.text:NIMURegister)
                  0000efd0    0000007c               : pbm.oem4f (.text:PBM_free)
                  0000f04c    0000007a               : igmp.oem4f (.text:IGMPDoMCast)
                  0000f0c6    00000002     --HOLE-- [fill = 0]
                  0000f0c8    0000007a     roveTCPSocket.obj (.text:rovePrintf_MessageCfg)
                  0000f142    0000007a     drivers_tivaware.aem4f : UARTTiva.oem4f (.text:writeData)
                  0000f1bc    00000078     driverlib.lib : emac.obj (.text:EMACInit)
                  0000f234    00000078     stk.aem4f : socket.oem4f (.text:NDK_sendto)
                  0000f2ac    00000078               : nimu.oem4f (.text:NIMUShutdown)
                  0000f324    00000078               : tcptime.oem4f (.text:TcpXmitTimer)
                  0000f39c    00000078               : fileuser.oem4f (.text:fdOpenSession)
                  0000f414    00000078     nettool_ipv4.aem4f : inetaddr.oem4f (.text:inet_pton)
                  0000f48c    00000078     os.aem4f : task.oem4f (.text:llExit)
                  0000f504    00000078     rtsv7M4_T_le_v4SPD16_eabi.lib : memset_t2.obj (.text)
                  0000f57c    00000075     stk.aem4f : tcptime.oem4f (.text:TcpTimeoutSackRexmt)
                  0000f5f1    00000003     --HOLE-- [fill = 0]
                  0000f5f4    00000074               : raweth.oem4f (.text:RawEthRxPacket)
                  0000f668    00000074               : sockpcb.oem4f (.text:SockPcbConnect)
                  0000f6dc    00000074     sysbios.aem4f : BIOS.obj (.text:ti_sysbios_knl_Clock_start__E)
                  0000f750    00000072     stk.aem4f : rtable.oem4f (.text:RtWalkNext)
                  0000f7c2    00000002     --HOLE-- [fill = 0]
                  0000f7c4    00000072     os.aem4f : semaphore.oem4f (.text:SemCreateBinary)
                  0000f836    00000002     --HOLE-- [fill = 0]
                  0000f838    00000070     drivers_tivaware.aem4f : EMACSnow.oem4f (.text:EMACSnow_hwiIntFxn)
                  0000f8a8    00000070     stk.aem4f : igmp.oem4f (.text:IGMPLeaveHostGroup)
                  0000f918    00000070               : rtable.oem4f (.text:RtFlush)
                  0000f988    00000070               : sock.oem4f (.text:SockShutdown)
                  0000f9f8    00000070     nettool_ipv4.aem4f : dhcptags.oem4f (.text:dhcpDecodeType)
                  0000fa68    00000070     rtsv7M4_T_le_v4SPD16_eabi.lib : printf.obj (.text)
                  0000fad8    00000070     sysbios.aem4f : BIOS.obj (.text:ti_sysbios_family_arm_m3_Hwi_postInit__I)
                  0000fb48    00000070     ti.targets.arm.rtsarm.aem4f : Memory.oem4f (.text:xdc_runtime_Memory_alloc__E)
                  0000fbb8    0000006e     stk.aem4f : socket.oem4f (.text:NDK_recv)
                  0000fc26    00000002     --HOLE-- [fill = 0]
                  0000fc28    0000006d               : node.oem4f (.text:NodeNew)
                  0000fc95    00000003     --HOLE-- [fill = 0]
                  0000fc98    0000006c     os.aem4f : ossys.oem4f (.text:DbgPrintf)
                  0000fd04    0000006c     drivers_tivaware.aem4f : EMACSnow.oem4f (.text:EMACSnow_emacStop)
                  0000fd70    0000006c     stk.aem4f : node.oem4f (.text:NodeTreeNew)
                  0000fddc    0000006c     drivers_tivaware.aem4f : UARTTiva.oem4f (.text:UARTTiva_read)
                  0000fe48    0000006c                            : UARTTiva.oem4f (.text:UARTTiva_write)
                  0000feb4    0000006c     roveWare_tivaWrappers.obj (.text:roveGetStructId_ByteCnt)
                  0000ff20    0000006c     ti.targets.arm.rtsarm.aem4f : Error.oem4f (.text:xdc_runtime_Error_print__E)
                  0000ff8c    0000006a     drivers_tivaware.aem4f : PWMTiva.oem4f (.text:PWMTiva_close)
                  0000fff6    0000006a     stk.aem4f : tcpprot.oem4f (.text:TcpPrInherit)
                  00010060    0000006a               : rtable.oem4f (.text:_RtNodeInsert)
                  000100ca    00000068               : socket.oem4f (.text:NDK_socket)
                  00010132    00000002     --HOLE-- [fill = 0]
                  00010134    00000068               : pbm.oem4f (.text:PBM_open)
                  0001019c    00000068     netctrl_min_ipv4.aem4f : netsrv.oem4f (.text:SPConfig)
                  00010204    00000068     stk.aem4f : sockpcb.oem4f (.text:SockPcbFindRaw)
                  0001026c    00000068               : udp.oem4f (.text:UdpChecksum)
                  000102d4    00000068     hal_timer_bios.aem4f : lltimer.oem4f (.text:llTimerTick)
                  0001033c    00000066     drivers_tivaware.aem4f : UARTTiva.oem4f (.text:UARTTiva_readPolling)
                  000103a2    00000066     ti.targets.arm.rtsarm.aem4f : Core-mem.oem4f (.text:xdc_runtime_Core_deleteObject__I)
                  00010408    00000064     nettool_ipv4.aem4f : config.oem4f (.text:CfgFree)
                  0001046c    00000064     stk.aem4f : pbm.oem4f (.text:PBMQ_enq)
                  000104d0    00000064     rtsv7M4_T_le_v4SPD16_eabi.lib : fseek.obj (.text)
                  00010534    00000064     tivaRTSC_JS_pem4f.oem4f (.text:ti_sysbios_family_arm_m3_Hwi_create)
                  00010598    00000064     stk.aem4f : lliin.oem4f (.text:updateRtTable)
                  000105fc    00000062               : ipin.oem4f (.text:IPRouteIP)
                  0001065e    00000002     --HOLE-- [fill = 0]
                  00010660    00000062               : sb.oem4f (.text:SBNew)
                  000106c2    00000062     drivers_tivaware.aem4f : UARTTiva.oem4f (.text:UARTTiva_hwiIntFxn)
                  00010724    00000062                            : UARTTiva.oem4f (.text:readData)
                  00010786    00000002     --HOLE-- [fill = 0]
                  00010788    00000060     nettool_ipv4.aem4f : config.oem4f (.text:CfgGetEntryCnt)
                  000107e8    00000060     stk.aem4f : file.oem4f (.text:FdWaitEvent)
                  00010848    00000060               : nimu.oem4f (.text:NIMUUnregister)
                  000108a8    00000060               : node.oem4f (.text:NodeFind)
                  00010908    00000060               : rtc.oem4f (.text:RTCMsg)
                  00010968    00000060               : tcp.oem4f (.text:TcpChecksum)
                  000109c8    00000060     nettool_ipv4.aem4f : dhcptags.oem4f (.text:dhcpBuildOptions)
                  00010a28    00000060     rtsv7M4_T_le_v4SPD16_eabi.lib : trgmsg.obj (.text)
                  00010a88    00000060     sysbios.aem4f : BIOS.obj (.text:ti_sysbios_family_arm_lm4_Timer_isrStub__E)
                  00010ae8    00000060                   : BIOS.obj (.text:ti_sysbios_knl_Clock_logTick__E)
                  00010b48    00000060     ti.targets.arm.rtsarm.aem4f : System.oem4f (.text:xdc_runtime_System_formatNum__I)
                  00010ba8    0000005e     stk.aem4f : route.oem4f (.text:RtRemove)
                  00010c06    0000005e     nettool_ipv4.aem4f : dhcpsm.oem4f (.text:StateSelecting)
                  00010c64    0000005e     rtsv7M4_T_le_v4SPD16_eabi.lib : copy_decompress_rle.obj (.text)
                  00010cc2    00000002     --HOLE-- [fill = 0]
                  00010cc4    0000005c     nettool_ipv4.aem4f : config.oem4f (.text:CfgSetExecuteOrder)
                  00010d20    0000005c     stk.aem4f : nimu.oem4f (.text:NIMUIoctlSpecialCmd)
                  00010d7c    0000005c               : sockint.oem4f (.text:SockSpawnAbort)
                  00010dd8    0000005c               : vlan.oem4f (.text:VLANReceivePacket)
                  00010e34    0000005c     sysbios.aem4f : BIOS.obj (.text:ti_sysbios_family_arm_lm4_Timer_Module_startup__E)
                  00010e90    0000005c     tivaRTSC_JS_pem4f.oem4f (.text:ti_sysbios_knl_Swi_create)
                  00010eec    0000005c     tivaRTSC_JS_pem4f.oem4f (.text:ti_sysbios_knl_Task_create)
                  00010f48    0000005b     roveWare_tivaWrappers.obj (.text:rovePrintf_ByteBuffer)
                  00010fa3    00000001     --HOLE-- [fill = 0]
                  00010fa4    0000005b     ti.targets.arm.rtsarm.aem4f : Text.oem4f (.text:xdc_runtime_Text_putLab__E)
                  00010fff    00000001     --HOLE-- [fill = 0]
                  00011000    0000005a     stk.aem4f : route.oem4f (.text:RtRedirect)
                  0001105a    0000005a               : tcpprot.oem4f (.text:TcpValidateMetrics)
                  000110b4    0000005a     nettool_ipv4.aem4f : dhcpbild.oem4f (.text:dhcpBuildDecline)
                  0001110e    00000002     --HOLE-- [fill = 0]
                  00011110    0000005a     roveTCPSocket.obj (.text:rovePrintf_RoveTCPSocket)
                  0001116a    0000005a     rtsv7M4_T_le_v4SPD16_eabi.lib : ltoa.obj (.text)
                  000111c4    00000058     stk.aem4f : bind.oem4f (.text:BindFree)
                  0001121c    00000058     driverlib.lib : emac.obj (.text:EMACPHYConfigSet)
                  00011274    00000058     stk.aem4f : igmp.oem4f (.text:IGMPTimer)
                  000112cc    00000058     netctrl_min_ipv4.aem4f : netsrv.oem4f (.text:SPService)
                  00011324    00000058     os.aem4f : semaphore.oem4f (.text:SemCreate)
                  0001137c    00000058     boot.aem4f : boot.oem4f (.text)
                  000113d4    00000058     roveBIOS_Init.obj (.text:roveUART_Init)
                  0001142c    00000058     tivaRTSC_JS_pem4f.oem4f (.text:ti_sysbios_family_arm_m3_Hwi_construct)
                  00011484    00000058     sysbios.aem4f : m3_Hwi_asm_switch.obj (.text:ti_sysbios_family_arm_m3_Hwi_initStacks__E)
                  000114dc    00000058                   : BIOS.obj (.text:ti_sysbios_knl_Swi_restoreHwi__E)
                  00011534    00000058                   : BIOS.obj (.text:ti_sysbios_knl_Swi_schedule__I)
                  0001158c    00000054     nettool_ipv4.aem4f : config.oem4f (.text:CfgEntryDeRef)
                  000115e0    00000054     stk.aem4f : igmp.oem4f (.text:IGMPLeave)
                  00011634    00000054               : rawethsock_pcb.oem4f (.text:RawEthSockPcbAttach)
                  00011688    00000054               : tcptime.oem4f (.text:TcpTimeoutPersist)
                  000116dc    00000054     os.aem4f : mem.oem4f (.text:mmCopy)
                  00011730    00000054     sysbios.aem4f : BIOS.obj (.text:ti_sysbios_knl_Swi_Instance_finalize__E)
                  00011784    00000050     stk.aem4f : socket.oem4f (.text:NDK_bind)
                  000117d4    00000050               : socket.oem4f (.text:NDK_connect)
                  00011824    00000050               : route.oem4f (.text:RtNew)
                  00011874    00000050     driverlib.lib : sysctl.obj (.text:SysCtlPeripheralReset)
                  000118c4    00000050     stk.aem4f : tcpprot.oem4f (.text:TcpPrDetach)
                  00011914    00000050     Boot.aem4f : Boot_sysctl.oem4f (.text:_SysCtlFrequencyGet)
                  00011964    00000050     ti.targets.arm.rtsarm.aem4f : Startup.oem4f (.text:xdc_runtime_Startup_exec__E)
                  000119b4    00000050                                 : Text.oem4f (.text:xdc_runtime_Text_visitRope2__I)
                  00011a04    0000004e     stk.aem4f : node.oem4f (.text:NodeDeRef)
                  00011a52    00000002     --HOLE-- [fill = 0]
                  00011a54    0000004c     nettool_ipv4.aem4f : ipaddr.oem4f (.text:NtAddNetwork)
                  00011aa0    0000004c     stk.aem4f : sockint.oem4f (.text:SockValidateRoute)
                  00011aec    0000004c               : file.oem4f (.text:fdint_lockfd)
                  00011b38    0000004c     rtsv7M4_T_le_v4SPD16_eabi.lib : atoi.obj (.text)
                  00011b84    0000004c     sysbios.aem4f : BIOS.obj (.text:ti_sysbios_knl_Swi_runLoop__I)
                  00011bd0    0000004b     roveBIOS_Init.obj (.text:rovePWM_Init)
                  00011c1b    00000001     --HOLE-- [fill = 0]
                  00011c1c    0000004a     stk.aem4f : sock.oem4f (.text:SockDisconnect)
                  00011c66    00000002     --HOLE-- [fill = 0]
                  00011c68    0000004a               : timer.oem4f (.text:TimerNew)
                  00011cb2    0000004a     nettool_ipv4.aem4f : config.oem4f (.text:_CfgEntryScan)
                  00011cfc    00000048                        : config.oem4f (.text:CfgNew)
                  00011d44    00000048     drivers_tivaware.aem4f : EMACSnow.oem4f (.text:EMACSnow_processTransmitted)
                  00011d8c    00000048     driverlib.lib : gpio.obj (.text:GPIOPinConfigure)
                  00011dd4    00000048     stk.aem4f : lli.oem4f (.text:LLIMsg)
                  00011e1c    00000048               : node.oem4f (.text:NodeWalk)
                  00011e64    00000048               : sockpcb.oem4f (.text:SockPcbResolveChain)
                  00011eac    00000048               : tcpprot.oem4f (.text:TcpDrop)
                  00011ef4    00000048               : lli.oem4f (.text:_LLIExpListInsert)
                  00011f3c    00000048               : rtable.oem4f (.text:_RtExpListInsert)
                  00011f84    00000048     roveTCPSocket.obj (.text:roveTCP_Recv)
                  00011fcc    00000048     rtsv7M4_T_le_v4SPD16_eabi.lib : fd_toi_t2.obj (.text)
                  00012014    00000048     sysbios.aem4f : BIOS.obj (.text:ti_sysbios_family_arm_m3_Hwi_excReserved__I)
                  0001205c    00000048                   : BIOS.obj (.text:ti_sysbios_heaps_HeapMem_getStats__E)
                  000120a4    00000048                   : BIOS.obj (.text:ti_sysbios_knl_Task_deleteTerminatedTasksFunc__I)
                  000120ec    00000048     ti.targets.arm.rtsarm.aem4f : Assert.oem4f (.text:xdc_runtime_Assert_raise__I)
                  00012134    00000046     nettool_ipv4.aem4f : ipaddr.oem4f (.text:NtIfIdx2Ip)
                  0001217a    00000046     netctrl_min_ipv4.aem4f : netsrv.oem4f (.text:ServiceKill)
                  000121c0    00000046     ti.targets.arm.rtsarm.aem4f : Core-params.oem4f (.text:xdc_runtime_Core_assignParams__I)
                  00012206    00000002     --HOLE-- [fill = 0]
                  00012208    00000044     EK_TM4C1294XL.obj (.text:EK_TM4C1294XL_initGPIO)
                  0001224c    00000044     stk.aem4f : ipfrag.oem4f (.text:IPReasmFree)
                  00012290    00000044               : lli.oem4f (.text:LLIGetValidTime)
                  000122d4    00000044               : rawethsock_pcb.oem4f (.text:RawEthSockPcbDetach)
                  00012318    00000044               : rtable.oem4f (.text:RouteMsg)
                  0001235c    00000044               : rtable.oem4f (.text:RtWalkEnd)
                  000123a0    00000044               : timer.oem4f (.text:TimerListInsert)
                  000123e4    00000044     hal_timer_bios.aem4f : lltimer.oem4f (.text:llTimerGetTime)
                  00012428    00000044     rtsv7M4_T_le_v4SPD16_eabi.lib : cpy_tbl.obj (.text)
                  0001246c    00000044                                   : exit.obj (.text)
                  000124b0    00000044                                   : xdtest.obj (.text)
                  000124f4    00000044     sysbios.aem4f : BIOS.obj (.text:ti_sysbios_family_arm_lm4_Timer_stop__E)
                  00012538    00000044                   : BIOS.obj (.text:ti_sysbios_family_arm_m3_Hwi_disableInterrupt__E)
                  0001257c    00000044                   : BIOS.obj (.text:ti_sysbios_family_arm_m3_Hwi_enableInterrupt__E)
                  000125c0    00000044                   : BIOS.obj (.text:ti_sysbios_knl_Task_allBlockedFunction__I)
                  00012604    00000044     ti.targets.arm.rtsarm.aem4f : Error.oem4f (.text:xdc_runtime_Error_setX__E)
                  00012648    00000044                                 : SysMin.oem4f (.text:xdc_runtime_SysMin_flush__E)
                  0001268c    00000042     stk.aem4f : tcpprot.oem4f (.text:TcpPrSendOOB)
                  000126ce    00000042     driverlib.lib : uart.obj (.text:UARTConfigSetExpClk)
                  00012710    00000042     stk.aem4f : fileuser.oem4f (.text:fdCloseSession)
                  00012752    00000042     rtsv7M4_T_le_v4SPD16_eabi.lib : u_divt2.obj (.text)
                  00012794    00000040     stk.aem4f : lliin.oem4f (.text:LLIValidateRoute)
                  000127d4    00000040               : pbm.oem4f (.text:PBM_copy)
                  00012814    00000040               : sockpcb.oem4f (.text:SockPcbDetach)
                  00012854    00000040               : sockpcb.oem4f (.text:SockPcbRtChange)
                  00012894    00000040               : tcpprot.oem4f (.text:TcpPrDisconnect)
                  000128d4    00000040     drivers_tivaware.aem4f : UARTTiva.oem4f (.text:UARTTiva_writePolling)
                  00012914    00000040     os.aem4f : mem.oem4f (.text:mmZeroInit)
                  00012954    00000040     sysbios.aem4f : BIOS.obj (.text:ti_sysbios_family_arm_lm4_Timer_startup__E)
                  00012994    0000003e     nettool_ipv4.aem4f : dhcpmain.oem4f (.text:DHCPClose)
                  000129d2    0000003e     stk.aem4f : icmp.oem4f (.text:ICMPChecksum)
                  00012a10    0000003e               : nimu.oem4f (.text:NIMUAllocateName)
                  00012a4e    0000003e               : tcpprot.oem4f (.text:TcpPrCtlError)
                  00012a8c    0000003e               : file.oem4f (.text:fdint_unlockfd)
                  00012aca    0000003c     nettool_ipv4.aem4f : config.oem4f (.text:CfgEntryGetData)
                  00012b06    0000003c     driverlib.lib : emac.obj (.text:EMACIntDisable)
                  00012b42    0000003c     stk.aem4f : node.oem4f (.text:NodeUpdatePL)
                  00012b7e    00000002     --HOLE-- [fill = 0]
                  00012b80    0000003c               : rtable.oem4f (.text:RtWalkBegin)
                  00012bbc    0000003c               : tcpprot.oem4f (.text:TcpPrConnect)
                  00012bf8    0000003c               : tcptime.oem4f (.text:TcpSetPersist)
                  00012c34    0000003c               : rtc.oem4f (.text:_RTCSendRtAdv)
                  00012c70    0000003c     hal_timer_bios.aem4f : lltimer.oem4f (.text:_llTimerInit)
                  00012cac    0000003c     sysbios.aem4f : BIOS.obj (.text:ti_sysbios_family_arm_m3_Hwi_excSvCall__I)
                  00012ce8    0000003c                   : BIOS.obj (.text:ti_sysbios_family_arm_m3_Hwi_getStackInfo__E)
                  00012d24    0000003c                   : BIOS.obj (.text:ti_sysbios_heaps_HeapMem_init__I)
                  00012d60    0000003c     tivaRTSC_JS_pem4f.oem4f (.text:ti_sysbios_knl_Clock_create)
                  00012d9c    0000003c     sysbios.aem4f : BIOS.obj (.text:ti_sysbios_knl_Swi_startup__E)
                  00012dd8    0000003c     ti.targets.arm.rtsarm.aem4f : Text.oem4f (.text:xdc_runtime_Text_xprintf__I)
                  00012e14    0000003a     driverlib.lib : emac.obj (.text:EMACIntEnable)
                  00012e4e    0000003a     stk.aem4f : rtable.oem4f (.text:_RtNodeRemove)
                  00012e88    00000038     driverlib.lib : emac.obj (.text:EMACConfigGet)
                  00012ec0    00000038     stk.aem4f : ipfrag.oem4f (.text:IPReasmTimeout)
                  00012ef8    00000038               : node.oem4f (.text:NodeGetRt)
                  00012f30    00000038     drivers_tivaware.aem4f : PWM.oem4f (.text:PWM_init)
                  00012f68    00000038     driverlib.lib : sysctl.obj (.text:SysCtlPeripheralReady)
                  00012fa0    00000038     os.aem4f : task.oem4f (.text:TaskCreate)
                  00012fd8    00000038     stk.aem4f : tcpprot.oem4f (.text:TcpClose)
                  00013010    00000038               : timer.oem4f (.text:TimerHSTick)
                  00013048    00000038     drivers_tivaware.aem4f : UART.oem4f (.text:UART_init)
                  00013080    00000038     nettool_ipv4.aem4f : dhcptags.oem4f (.text:dhcpOptionsClear)
                  000130b8    00000038     stk.aem4f : file.oem4f (.text:fdint_waitevent)
                  000130f0    00000038     sysbios.aem4f : BIOS.obj (.text:ti_sysbios_family_arm_m3_Hwi_excNoIsr__I)
                  00013128    00000038                   : BIOS.obj (.text:ti_sysbios_family_arm_m3_TaskSupport_start__E)
                  00013160    00000038                   : BIOS.obj (.text:ti_sysbios_knl_Task_processVitalTaskFlag__I)
                  00013198    00000038     ti.targets.arm.rtsarm.aem4f : SysMin.oem4f (.text:xdc_runtime_SysMin_putch__E)
                  000131d0    00000038                                 : System.oem4f (.text:xdc_runtime_System_atexit__E)
                  00013208    00000034     nettool_ipv4.aem4f : config.oem4f (.text:CfgSetService)
                  0001323c    00000034     driverlib.lib : emac.obj (.text:EMACConfigSet)
                  00013270    00000034                   : emac.obj (.text:EMACIntClear)
                  000132a4    00000034     drivers_tivaware.aem4f : EMAC.oem4f (.text:EMAC_init)
                  000132d8    00000034     stk.aem4f : ip.oem4f (.text:IPChecksum)
                  0001330c    00000034               : nimu.oem4f (.text:NIMUFindByName)
                  00013340    00000034               : nimu.oem4f (.text:NIMUInit)
                  00013374    00000034     driverlib.lib : sysctl.obj (.text:SysCtlPeripheralEnable)
                  000133a8    00000034     drivers_tivaware.aem4f : UARTTiva.oem4f (.text:UARTTiva_close)
                  000133dc    00000034     nettool_ipv4.aem4f : dhcpbild.oem4f (.text:dhcpBuildDiscover)
                  00013410    00000034     os.aem4f : mem.oem4f (.text:mmUnInitPage)
                  00013444    00000034     sysbios.aem4f : BIOS.obj (.text:ti_sysbios_family_arm_m3_Hwi_excNmi__I)
                  00013478    00000034                   : BIOS.obj (.text:ti_sysbios_hal_Hwi_checkStack)
                  000134ac    00000034     tivaRTSC_JS_pem4f.oem4f (.text:ti_sysbios_knl_Semaphore_create)
                  000134e0    00000034     ti.targets.arm.rtsarm.aem4f : Core-label.oem4f (.text:xdc_runtime_Core_assignLabel__I)
                  00013514    00000033                                 : Text.oem4f (.text:xdc_runtime_Text_printVisFxn__I)
                  00013547    00000001     --HOLE-- [fill = 0]
                  00013548    00000032     nettool_ipv4.aem4f : config.oem4f (.text:CfgGetImmediate)
                  0001357a    00000032     stk.aem4f : route.oem4f (.text:RtDeRef)
                  000135ac    00000032               : sb.oem4f (.text:SBSetMax)
                  000135de    00000032               : sock.oem4f (.text:SockIntAbort)
                  00013610    00000032               : tcpprot.oem4f (.text:TcpPrSend)
                  00013642    00000032     drivers_tivaware.aem4f : UARTTiva.oem4f (.text:UARTTiva_readCancel)
                  00013674    00000032                            : UARTTiva.oem4f (.text:UARTTiva_writeCancel)
                  000136a6    00000032     nettool_ipv4.aem4f : config.oem4f (.text:_CfgAcquire)
                  000136d8    00000032                        : dhcpsm.oem4f (.text:dhcpIPRemove)
                  0001370a    00000032     sysbios.aem4f : BIOS.obj (.text:ti_sysbios_knl_Semaphore_pendTimeout__I)
                  0001373c    00000030     driverlib.lib : emac.obj (.text:EMACAddrSet)
                  0001376c    00000030     drivers_tivaware.aem4f : EMACSnow.oem4f (.text:EMACSnow_handlePackets)
                  0001379c    00000030     os.aem4f : task.oem4f (.text:NDK_hookCreate)
                  000137cc    00000030     netctrl_min_ipv4.aem4f : netsrv.oem4f (.text:NS_PreBoot)
                  000137fc    00000030     drivers_tivaware.aem4f : PWMTiva.oem4f (.text:PWMTiva_init)
                  0001382c    00000030     stk.aem4f : sb.oem4f (.text:SBFlush)
                  0001385c    00000030               : sock.oem4f (.text:SockBind)
                  0001388c    00000030               : sockpcb.oem4f (.text:SockCleanPcb)
                  000138bc    00000030               : sockprot.oem4f (.text:SockPrCtlError)
                  000138ec    00000030     nettool_ipv4.aem4f : dhcpsock.oem4f (.text:dhcpPacketSend)
                  0001391c    00000030     stk.aem4f : listlib.oem4f (.text:list_remove_node)
                  0001394c    00000030     rtsv7M4_T_le_v4SPD16_eabi.lib : strncpy.obj (.text)
                  0001397c    00000030     tivaRTSC_JS_pem4f.oem4f (.text:ti_sysbios_BIOS_atExitFunc__I)
                  000139ac    00000030     tivaRTSC_JS_pem4f.oem4f (.text:ti_sysbios_gates_GateHwi_Object__create__S)
                  000139dc    00000030     tivaRTSC_JS_pem4f.oem4f (.text:ti_sysbios_gates_GateMutex_Object__create__S)
                  00013a0c    00000030     tivaRTSC_JS_pem4f.oem4f (.text:ti_sysbios_heaps_HeapMem_Object__create__S)
                  00013a3c    00000030     tivaRTSC_JS_pem4f.oem4f (.text:ti_sysbios_knl_Semaphore_construct)
                  00013a6c    00000030     ti.targets.arm.rtsarm.aem4f : SysMin.oem4f (.text:xdc_runtime_SysMin_abort__E)
                  00013a9c    00000030                                 : System.oem4f (.text:xdc_runtime_System_processAtExit__E)
                  00013acc    0000002e     stk.aem4f : rawethsock.oem4f (.text:RawEthSockNotify)
                  00013afa    0000002e               : route.oem4f (.text:RtSetFailure)
                  00013b28    0000002e               : sb.oem4f (.text:SBFree)
                  00013b56    0000002e     tivaRTSC_JS_pem4f.oem4f (.text:malloc)
                  00013b84    0000002e     rtsv7M4_T_le_v4SPD16_eabi.lib : i_tofd_t2.obj (.text)
                  00013bb2    0000002c     driverlib.lib : emac.obj (.text:EMACIntStatus)
                  00013bde    0000002c     stk.aem4f : file.oem4f (.text:FdSignalEvent)
                  00013c0a    0000002c               : nimu.oem4f (.text:NIMUAllocateIndex)
                  00013c36    00000002     --HOLE-- [fill = 0]
                  00013c38    0000002c               : nimu.oem4f (.text:NIMUPacketServiceCheck)
                  00013c64    0000002c               : pipe.oem4f (.text:PipeClose)
                  00013c90    0000002c               : sockpcb.oem4f (.text:SockPcbAttach)
                  00013cbc    0000002c     Boot.aem4f : Boot_sysctl.oem4f (.text:_SysCtlMemTimingGet)
                  00013ce8    0000002c     sysbios.aem4f : BIOS.obj (.text:ti_sysbios_hal_Hwi_initStack)
                  00013d14    0000002c     tivaRTSC_JS_pem4f.oem4f (.text:ti_sysbios_knl_Clock_doTick__I)
                  00013d40    0000002c     tivaRTSC_JS_pem4f.oem4f (.text:ti_sysbios_knl_Queue_construct)
                  00013d6c    0000002c     sysbios.aem4f : BIOS.obj (.text:ti_sysbios_knl_Task_restore__E)
                  00013d98    0000002c     ti.targets.arm.rtsarm.aem4f : Text.oem4f (.text:xdc_runtime_Text_cordText__E)
                  00013dc4    0000002a     driverlib.lib : gpio.obj (.text:GPIODirModeSet)
                  00013dee    0000002a     stk.aem4f : lli.oem4f (.text:LLIFree)
                  00013e18    0000002a               : pbm.oem4f (.text:PBMQ_deq)
                  00013e42    0000002a     nettool_ipv4.aem4f : config.oem4f (.text:_CfgRelease)
                  00013e6c    0000002a     ti.targets.arm.rtsarm.aem4f : System.oem4f (.text:xdc_runtime_System_putchar__I)
                  00013e96    00000002     --HOLE-- [fill = 0]
                  00013e98    00000028     stk.aem4f : bind.oem4f (.text:BindFindByNet)
                  00013ec0    00000028     drivers_tivaware.aem4f : EMACSnow.oem4f (.text:EMACSnow_isLinkUp)
                  00013ee8    00000028                            : EMACSnow.oem4f (.text:EMACSnow_pkt_service)
                  00013f10    00000028     stk.aem4f : igmp.oem4f (.text:IGMPTestGroup)
                  00013f38    00000028     netctrl_min_ipv4.aem4f : netctrl.oem4f (.text:NC_SystemClose)
                  00013f60    00000028     stk.aem4f : nimu.oem4f (.text:NIMUCreatePacket)
                  00013f88    00000028               : nimu.oem4f (.text:NIMUPacketService)
                  00013fb0    00000028     netctrl_min_ipv4.aem4f : netsrv.oem4f (.text:ServiceCallback)
                  00013fd8    00000028     stk.aem4f : tcpin.oem4f (.text:TcpEnterTimeWait)
                  00014000    00000028               : vlan.oem4f (.text:VLANFindSourceInterface)
                  00014028    00000028               : vlan.oem4f (.text:VLANInit)
                  00014050    00000028               : lli.oem4f (.text:_LLIExpListRemove)
                  00014078    00000028               : lli.oem4f (.text:_LLITimeoutFlush)
                  000140a0    00000028               : rtable.oem4f (.text:_RtExpListRemove)
                  000140c8    00000028     nettool_ipv4.aem4f : dhcpsock.oem4f (.text:dhcpPacketReceive)
                  000140f0    00000028     sysbios.aem4f : BIOS.obj (.text:ti_sysbios_family_arm_m3_Hwi_Instance_finalize__E)
                  00014118    00000026     driverlib.lib : emac.obj (.text:EMACPHYRead)
                  0001413e    00000026                   : emac.obj (.text:EMACPHYWrite)
                  00014164    00000026     stk.aem4f : rawethsock.oem4f (.text:RawEthSockClose)
                  0001418a    00000026               : route.oem4f (.text:RtSetTimeout)
                  000141b0    00000026     tivaRTSC_JS_pem4f.oem4f (.text:ti_ndk_config_udp_init)
                  000141d6    00000026     sysbios.aem4f : m3_Hwi_asm.obj (.text:ti_sysbios_family_arm_m3_Hwi_pendSV__I)
                  000141fc    00000026     ti.targets.arm.rtsarm.aem4f : System.oem4f (.text:xdc_runtime_System_avprintf__E)
                  00014222    00000024     stk.aem4f : bind.oem4f (.text:BindGetIFByDBCast)
                  00014246    00000002     --HOLE-- [fill = 0]
                  00014248    00000024     drivers_tivaware.aem4f : EMACSnow.oem4f (.text:EMACSnow_emacPoll)
                  0001426c    00000024                            : EMACSnow.oem4f (.text:EMACSnow_primeRx)
                  00014290    00000024     stk.aem4f : exec.oem4f (.text:ExecTimer)
                  000142b4    00000024     drivers_tivaware.aem4f : GPIOTiva.oem4f (.text:GPIO_init)
                  000142d8    00000024     stk.aem4f : nimu.oem4f (.text:NIMUFindByIndex)
                  000142fc    00000024               : rawethsock_pcb.oem4f (.text:RawEthSockPcbFind)
                  00014320    00000024               : route.oem4f (.text:RtFree)
                  00014344    00000024               : sockpcb.oem4f (.text:SockPcbCleanup)
                  00014368    00000024               : tcptime.oem4f (.text:TcpTimeoutWait2)
                  0001438c    00000024               : timer.oem4f (.text:TimerListRemove)
                  000143b0    00000024     nettool_ipv4.aem4f : config.oem4f (.text:_CfgEntryProcess)
                  000143d4    00000024     tivaRTSC_JS_pem4f.oem4f (.text:ti_sysbios_BIOS_errorRaiseHook__I)
                  000143f8    00000024     tivaRTSC_JS_pem4f.oem4f (.text:ti_sysbios_BIOS_registerRTSLock__I)
                  0001441c    00000024     tivaRTSC_JS_pem4f.oem4f (.text:ti_sysbios_BIOS_removeRTSLock__I)
                  00014440    00000024     tivaRTSC_JS_pem4f.oem4f (.text:ti_sysbios_BIOS_startFunc__I)
                  00014464    00000024     sysbios.aem4f : BIOS.obj (.text:ti_sysbios_family_arm_m3_Hwi_doTaskRestore__I)
                  00014488    00000024     tivaRTSC_JS_pem4f.oem4f (.text:ti_sysbios_gates_GateMutex_Object__delete__S)
                  000144ac    00000024     sysbios.aem4f : BIOS.obj (.text:ti_sysbios_knl_Clock_Module_startup__E)
                  000144d0    00000024     tivaRTSC_JS_pem4f.oem4f (.text:ti_sysbios_knl_Semaphore_Object__delete__S)
                  000144f4    00000024     sysbios.aem4f : BIOS.obj (.text:ti_sysbios_knl_Swi_Module_startup__E)
                  00014518    00000024                   : BIOS.obj (.text:ti_sysbios_knl_Task_enter__I)
                  0001453c    00000024     ti.targets.arm.rtsarm.aem4f : System.oem4f (.text:xdc_runtime_System_vprintf__E)
                  00014560    00000022     nettool_ipv4.aem4f : config.oem4f (.text:CfgEntryInfo)
                  00014582    00000022                        : config.oem4f (.text:CfgEntryRef)
                  000145a4    00000022     driverlib.lib : pwm.obj (.text:PWMGenConfigure)
                  000145c6    00000022     drivers_tivaware.aem4f : PWMTiva.oem4f (.text:PWMTiva_getPeriodCounts)
                  000145e8    00000022     stk.aem4f : vlan.oem4f (.text:VLANFindNode)
                  0001460a    00000022     roveTCPSocket.obj (.text:setsockopt)
                  0001462c    00000022     tivaRTSC_JS_pem4f.oem4f (.text:xdc_runtime_SysMin_output__I)
                  0001464e    00000002     --HOLE-- [fill = 0]
                  00014650    00000020     stk.aem4f : bind.oem4f (.text:BindFindByHost)
                  00014670    00000020     netctrl_min_ipv4.aem4f : netctrl.oem4f (.text:NC_BootComplete)
                  00014690    00000020     stk.aem4f : nimu.oem4f (.text:NIMUGetNumOfObject)
                  000146b0    00000020               : rtc.oem4f (.text:RTCAddHook)
                  000146d0    00000020               : rtc.oem4f (.text:RTCRemoveHook)
                  000146f0    00000020     tivaRTSC_JS_pem4f.oem4f (.text:ti_sysbios_family_arm_m3_Hwi_Object__delete__S)
                  00014710    00000020     sysbios.aem4f : m3_Hwi_asm.obj (.text:ti_sysbios_family_arm_m3_Hwi_excHandlerAsm__I)
                  00014730    00000020                   : BIOS.obj (.text:ti_sysbios_family_arm_m3_Hwi_excHandler__I)
                  00014750    00000020     tivaRTSC_JS_pem4f.oem4f (.text:ti_sysbios_gates_GateHwi_Object__delete__S)
                  00014770    00000020     tivaRTSC_JS_pem4f.oem4f (.text:ti_sysbios_heaps_HeapMem_Object__delete__S)
                  00014790    00000020     sysbios.aem4f : BIOS.obj (.text:ti_sysbios_knl_Idle_run__E)
                  000147b0    00000020     tivaRTSC_JS_pem4f.oem4f (.text:ti_sysbios_knl_Semaphore_Object__destruct__S)
                  000147d0    00000020     tivaRTSC_JS_pem4f.oem4f (.text:ti_sysbios_knl_Swi_Object__delete__S)
                  000147f0    00000020     tivaRTSC_JS_pem4f.oem4f (.text:ti_sysbios_knl_Task_Object__delete__S)
                  00014810    00000020     ti.targets.arm.rtsarm.aem4f : Registry.oem4f (.text:xdc_runtime_Registry_findById__E)
                  00014830    00000020                                 : SysMin.oem4f (.text:xdc_runtime_SysMin_Module_startup__E)
                  00014850    0000001e     driverlib.lib : pwm.obj (.text:PWMPulseWidthSet)
                  0001486e    0000001e     drivers_tivaware.aem4f : PWMTiva.oem4f (.text:PWMTiva_getPeriodMicroSecs)
                  0001488c    0000001e     stk.aem4f : fileuser.oem4f (.text:fdError)
                  000148aa    0000001e               : listlib.oem4f (.text:list_remove)
                  000148c8    0000001e     roveTCPSocket.obj (.text:recv)
                  000148e6    0000001e     sysbios.aem4f : m3_Hwi_asm_switch.obj (.text:ti_sysbios_family_xxx_Hwi_switchAndRunFunc)
                  00014904    0000001c     stk.aem4f : bind.oem4f (.text:BindFindByIF)
                  00014920    0000001c     drivers_tivaware.aem4f : EMACSnow.oem4f (.text:EMACSnow_init)
                  0001493c    0000001c     stk.aem4f : exec.oem4f (.text:ExecBroadcast)
                  00014958    0000001c               : exec.oem4f (.text:ExecClose)
                  00014974    0000001c     os.aem4f : ossys.oem4f (.text:NDK_sprintf)
                  00014990    0000001c     stk.aem4f : nimu.oem4f (.text:NIMUAddHeader)
                  000149ac    0000001c               : sockprot.oem4f (.text:SockPrDetach)
                  000149c8    0000001c     os.aem4f : task.oem4f (.text:TaskDestroy)
                  000149e4    0000001c     stk.aem4f : tcp.oem4f (.text:TcpTimeoutRemove)
                  00014a00    0000001c     driverlib.lib : uart.obj (.text:UARTDisable)
                  00014a1c    0000001c     rtsv7M4_T_le_v4SPD16_eabi.lib : memccpy.obj (.text)
                  00014a38    0000001c     tivaRTSC_JS_pem4f.oem4f (.text:ti_ndk_config_global_taskCreateHook)
                  00014a54    0000001c     tivaRTSC_JS_pem4f.oem4f (.text:ti_sysbios_BIOS_rtsLock__I)
                  00014a70    0000001c     tivaRTSC_JS_pem4f.oem4f (.text:ti_sysbios_family_arm_m3_Hwi_Object__destruct__S)
                  00014a8c    0000001c     sysbios.aem4f : BIOS.obj (.text:ti_sysbios_gates_GateMutex_Instance_init__E)
                  00014aa8    0000001c     tivaRTSC_JS_pem4f.oem4f (.text:ti_sysbios_knl_Queue_Object__destruct__S)
                  00014ac4    0000001c     ti.targets.arm.rtsarm.aem4f : Error.oem4f (.text:xdc_runtime_Error_raiseX__E)
                  00014ae0    0000001c                                 : Memory.oem4f (.text:xdc_runtime_Memory_valloc__E)
                  00014afc    0000001c                                 : SysMin.oem4f (.text:xdc_runtime_SysMin_exit__E)
                  00014b18    0000001c                                 : System.oem4f (.text:xdc_runtime_System_abort__E)
                  00014b34    0000001a     stk.aem4f : sockint.oem4f (.text:SockSetOOBMark)
                  00014b4e    0000001a               : file.oem4f (.text:fdint_getfdt)
                  00014b68    0000001a     tivaRTSC_JS_pem4f.oem4f (.text:ti_sysbios_family_arm_m3_Hwi_Handle__label__S)
                  00014b82    0000001a     tivaRTSC_JS_pem4f.oem4f (.text:ti_sysbios_gates_GateHwi_Handle__label__S)
                  00014b9c    0000001a     tivaRTSC_JS_pem4f.oem4f (.text:ti_sysbios_gates_GateMutex_Handle__label__S)
                  00014bb6    0000001a     tivaRTSC_JS_pem4f.oem4f (.text:ti_sysbios_heaps_HeapMem_Handle__label__S)
                  00014bd0    0000001a     tivaRTSC_JS_pem4f.oem4f (.text:ti_sysbios_knl_Swi_Handle__label__S)
                  00014bea    0000001a     tivaRTSC_JS_pem4f.oem4f (.text:ti_sysbios_knl_Task_Handle__label__S)
                  00014c04    0000001a     sysbios.aem4f : BIOS.obj (.text:ti_sysbios_knl_Task_sleepTimeout__I)
                  00014c1e    0000001a     tivaRTSC_JS_pem4f.oem4f (.text:xdc_runtime_System_aprintf__E)
                  00014c38    0000001a     tivaRTSC_JS_pem4f.oem4f (.text:xdc_runtime_System_printf__E)
                  00014c52    00000002     --HOLE-- [fill = 0]
                  00014c54    00000018     drivers_tivaware.aem4f : EMACSnow.oem4f (.text:EMACSnow_emacSend)
                  00014c6c    00000018     driverlib.lib : gpio.obj (.text:GPIOPinTypeGPIOOutput)
                  00014c84    00000018     stk.aem4f : ip.oem4f (.text:IPRtChange)
                  00014c9c    00000018     drivers_tivaware.aem4f : PWM.oem4f (.text:PWM_open)
                  00014cb4    00000018     stk.aem4f : rawethsock_pcb.oem4f (.text:RawEthSockPcbCleanup)
                  00014ccc    00000018     nettool_ipv4.aem4f : ipaddr.oem4f (.text:RouteHook)
                  00014ce4    00000018     stk.aem4f : tcpin.oem4f (.text:SEQ_GEQ)
                  00014cfc    00000018               : tcpout.oem4f (.text:SEQ_GEQ)
                  00014d14    00000018               : tcpin.oem4f (.text:SEQ_GT)
                  00014d2c    00000018               : tcpout.oem4f (.text:SEQ_GT)
                  00014d44    00000018               : tcpin.oem4f (.text:SEQ_LEQ)
                  00014d5c    00000018               : tcpout.oem4f (.text:SEQ_LEQ)
                  00014d74    00000018               : tcpin.oem4f (.text:SEQ_LT)
                  00014d8c    00000018               : tcpout.oem4f (.text:SEQ_LT)
                  00014da4    00000018               : tcp.oem4f (.text:TcpTimeoutAdd)
                  00014dbc    00000018     drivers_tivaware.aem4f : UART.oem4f (.text:UART_Params_init)
                  00014dd4    00000018                            : UART.oem4f (.text:UART_open)
                  00014dec    00000018     nettool_ipv4.aem4f : dhcpsock.oem4f (.text:dhcpSocketClose)
                  00014e04    00000018     tivaRTSC_JS_pem4f.oem4f (.text:free)
                  00014e1c    00000018     stk.aem4f : listlib.oem4f (.text:list_add)
                  00014e34    00000018     rtsv7M4_T_le_v4SPD16_eabi.lib : args_main.obj (.text)
                  00014e4c    00000018                                   : ll_mul_t2.obj (.text)
                  00014e64    00000018                                   : strcmp.obj (.text)
                  00014e7c    00000018     tivaRTSC_JS_pem4f.oem4f (.text:ti_sysbios_BIOS_rtsUnlock__I)
                  00014e94    00000018     tivaRTSC_JS_pem4f.oem4f (.text:ti_sysbios_family_arm_lm4_Timer_Module__startupDone__F)
                  00014eac    00000018     tivaRTSC_JS_pem4f.oem4f (.text:ti_sysbios_family_arm_m3_Hwi_Module__startupDone__F)
                  00014ec4    00000018     sysbios.aem4f : m3_TaskSupport_asm.obj (.text:ti_sysbios_family_arm_m3_TaskSupport_swap__E)
                  00014edc    00000018                   : BIOS.obj (.text:ti_sysbios_gates_GateMutex_leave__E)
                  00014ef4    00000018     ti.targets.arm.rtsarm.aem4f : Error.oem4f (.text:xdc_runtime_Error_check__E)
                  00014f0c    00000018                                 : System.oem4f (.text:xdc_runtime_System_exit__E)
                  00014f24    00000018                                 : Text.oem4f (.text:xdc_runtime_Text_ropeText__E)
                  00014f3c    00000016     stk.aem4f : bind.oem4f (.text:BindGetIP)
                  00014f52    00000016     driverlib.lib : emac.obj (.text:EMACReset)
                  00014f68    00000016                   : emac.obj (.text:EMACRxEnable)
                  00014f7e    00000016                   : emac.obj (.text:EMACTxEnable)
                  00014f94    00000016     stk.aem4f : file.oem4f (.text:fdint_freefdt)
                  00014faa    00000016     rtsv7M4_T_le_v4SPD16_eabi.lib : memchr.obj (.text)
                  00014fc0    00000016                                   : strchr.obj (.text)
                  00014fd6    00000016     tivaRTSC_JS_pem4f.oem4f (.text:ti_sysbios_BIOS_exitFunc__I)
                  00014fec    00000016     ti.targets.arm.rtsarm.aem4f : System.oem4f (.text:xdc_runtime_System_vsprintf__E)
                  00015002    00000014     stk.aem4f : bind.oem4f (.text:BindIPHost2IF)
                  00015016    00000002     --HOLE-- [fill = 0]
                  00015018    00000014     driverlib.lib : flash.obj (.text:FlashUserGet)
                  0001502c    00000014     netctrl_min_ipv4.aem4f : netctrl.oem4f (.text:NC_NetStop)
                  00015040    00000014     os.aem4f : task.oem4f (.text:NDK_hookExit)
                  00015054    00000014     stk.aem4f : nimu.oem4f (.text:NIMUSendPacket)
                  00015068    00000014     nettool_ipv4.aem4f : ipaddr.oem4f (.text:NtRemoveNetwork)
                  0001507c    00000014     driverlib.lib : pwm.obj (.text:PWMClockSet)
                  00015090    00000014     stk.aem4f : rawethsock_pcb.oem4f (.text:RawEthSockPcbInit)
                  000150a4    00000014     driverlib.lib : sysctl.obj (.text:SysCtlPWMClockSet)
                  000150b8    00000014     stk.aem4f : timer.oem4f (.text:TimerFree)
                  000150cc    00000014     driverlib.lib : uart.obj (.text:UARTEnable)
                  000150e0    00000014     roveTCPSocket.obj (.text:connect)
                  000150f4    00000014     rtsv7M4_T_le_v4SPD16_eabi.lib : _lock.obj (.text)
                  00015108    00000014                                   : strlen.obj (.text)
                  0001511c    00000014     roveTCPSocket.obj (.text:socket)
                  00015130    00000014     tivaRTSC_JS_pem4f.oem4f (.text:ti_ndk_config_global_taskExitHook)
                  00015144    00000014     tivaRTSC_JS_pem4f.oem4f (.text:ti_sysbios_family_arm_m3_Hwi_Object__get__S)
                  00015158    00000014     sysbios.aem4f : BIOS.obj (.text:ti_sysbios_family_arm_m3_Hwi_switchFromBootStack__E)
                  0001516c    00000014     tivaRTSC_JS_pem4f.oem4f (.text:ti_sysbios_heaps_HeapMem_Object__get__S)
                  00015180    00000014     tivaRTSC_JS_pem4f.oem4f (.text:ti_sysbios_knl_Swi_Object__get__S)
                  00015194    00000014     tivaRTSC_JS_pem4f.oem4f (.text:ti_sysbios_knl_Task_Object__first__S)
                  000151a8    00000014     tivaRTSC_JS_pem4f.oem4f (.text:ti_sysbios_knl_Task_Object__next__S)
                  000151bc    00000012     driverlib.lib : gpio.obj (.text:GPIOPinTypeEthernetLED)
                  000151ce    00000012                   : gpio.obj (.text:GPIOPinTypePWM)
                  000151e0    00000012                   : gpio.obj (.text:GPIOPinTypeUART)
                  000151f2    00000012                   : pwm.obj (.text:PWMGenPeriodGet)
                  00015204    00000012                   : pwm.obj (.text:PWMOutputInvert)
                  00015216    00000012                   : pwm.obj (.text:PWMOutputState)
                  00015228    00000012     stk.aem4f : sockprot.oem4f (.text:SockPrAttach)
                  0001523a    00000012               : sockint.oem4f (.text:SockSetOOBData)
                  0001524c    00000012     rtsv7M4_T_le_v4SPD16_eabi.lib : copy_zero_init.obj (.text:decompress:ZI)
                  0001525e    00000012     nettool_ipv4.aem4f : inetaddr.oem4f (.text:inet_addr)
                  00015270    00000012     rtsv7M4_T_le_v4SPD16_eabi.lib : xdclass.obj (.text)
                  00015282    00000012     sysbios.aem4f : BIOS.obj (.text:ti_sysbios_hal_Hwi_Module_startup__E)
                  00015294    00000012                   : BIOS.obj (.text:ti_sysbios_knl_Semaphore_reset__E)
                  000152a6    00000012     tivaRTSC_JS_pem4f.oem4f (.text:xdc_runtime_Startup_exec__I)
                  000152b8    00000010     tivaRTSC_JS_pem4f.oem4f (.text:.bootCodeSection:ti_catalog_arm_cortexm4_tiva_ce_Boot_init__I)
                  000152c8    00000010     stk.aem4f : bind.oem4f (.text:BindIF2IPHost)
                  000152d8    00000010               : bind.oem4f (.text:BindIFNet2IPHost)
                  000152e8    00000010     driverlib.lib : emac.obj (.text:EMACFrameFilterSet)
                  000152f8    00000010     stk.aem4f : exec.oem4f (.text:ExecHRef)
                  00015308    00000010     netctrl_min_ipv4.aem4f : netctrl.oem4f (.text:NC_IPUpdate)
                  00015318    00000010     stk.aem4f : nimu.oem4f (.text:NIMUGetRsvdSizeInfo)
                  00015328    00000010     driverlib.lib : pwm.obj (.text:PWMGenPeriodSet)
                  00015338    00000010     drivers_tivaware.aem4f : PWM.oem4f (.text:PWM_Params_init)
                  00015348    00000010     rtsv7M4_T_le_v4SPD16_eabi.lib : strcpy.obj (.text)
                  00015358    00000010     sysbios.aem4f : BIOS.obj (.text:ti_sysbios_BIOS_getCpuFreq__E)
                  00015368    00000010                   : BIOS.obj (.text:ti_sysbios_BIOS_setThreadType__E)
                  00015378    00000010                   : BIOS.obj (.text:ti_sysbios_BIOS_start__E)
                  00015388    00000010                   : m3_TaskSupport_asm.obj (.text:ti_sysbios_family_arm_m3_TaskSupport_glue)
                  00015398    00000010                   : BIOS.obj (.text:ti_sysbios_gates_GateMutex_Instance_finalize__E)
                  000153a8    00000010     tivaRTSC_JS_pem4f.oem4f (.text:ti_sysbios_knl_Mailbox_Object__get__S)
                  000153b8    00000010     sysbios.aem4f : BIOS.obj (.text:ti_sysbios_knl_Semaphore_Instance_finalize__E)
                  000153c8    00000010                   : BIOS.obj (.text:ti_sysbios_knl_Swi_disable__E)
                  000153d8    00000010     tivaRTSC_JS_pem4f.oem4f (.text:ti_sysbios_knl_Task_Object__get__S)
                  000153e8    00000010     sysbios.aem4f : BIOS.obj (.text:ti_sysbios_knl_Task_disable__E)
                  000153f8    00000010                   : BIOS.obj (.text:ti_sysbios_knl_Task_getIdleTask__E)
                  00015408    00000010     ti.targets.arm.rtsarm.aem4f : Gate.oem4f (.text:xdc_runtime_Gate_leaveSystem__E)
                  00015418    00000010                                 : Memory.oem4f (.text:xdc_runtime_Memory_free__E)
                  00015428    00000010                                 : SysMin.oem4f (.text:xdc_runtime_SysMin_ready__E)
                  00015438    00000010                                 : System.oem4f (.text:xdc_runtime_System_vsnprintf__E)
                  00015448    00000010     tivaRTSC_JS_pem4f.oem4f (.text:xdc_runtime_Text_visitRope__I)
                  00015458    0000000e     drivers_tivaware.aem4f : EMACSnow.oem4f (.text:EMACSnow_emacioctl)
                  00015466    0000000e     stk.aem4f : exec.oem4f (.text:ExecLowResource)
                  00015474    0000000e     driverlib.lib : uart.obj (.text:UARTCharGetNonBlocking)
                  00015482    0000000e                   : uart.obj (.text:UARTCharPutNonBlocking)
                  00015490    0000000e     rtsv7M4_T_le_v4SPD16_eabi.lib : copy_decompress_none.obj (.text:decompress:none)
                  0001549e    0000000e     sysbios.aem4f : BIOS.obj (.text:ti_sysbios_knl_Queue_empty__E)
                  000154ac    0000000c     stk.aem4f : bind.oem4f (.text:BindGetFirst)
                  000154b8    0000000c     nettool_ipv4.aem4f : config.oem4f (.text:CfgSetDefault)
                  000154c4    0000000c     os.aem4f : task.oem4f (.text:NDK_hookInit)
                  000154d0    0000000c     stk.aem4f : nimu.oem4f (.text:NIMUSetRsvdSizeInfo)
                  000154dc    0000000c     os.aem4f : task.oem4f (.text:NotifyLowResource)
                  000154e8    0000000c     stk.aem4f : pbm.oem4f (.text:PBM_close)
                  000154f4    0000000c     driverlib.lib : pwm.obj (.text:PWMGenDisable)
                  00015500    0000000c                   : pwm.obj (.text:PWMGenEnable)
                  0001550c    0000000c     os.aem4f : semaphore.oem4f (.text:SemDelete)
                  00015518    0000000c     hal_timer_bios.aem4f : lltimer.oem4f (.text:_llTimerShutdown)
                  00015524    0000000c     roveDeviceTemplate_Thread.obj (.text:close)
                  00015530    0000000c     hal_timer_bios.aem4f : lltimer.oem4f (.text:llTimerGetStartTime)
                  0001553c    0000000c     sysbios.aem4f : BIOS.obj (.text:ti_sysbios_BIOS_getThreadType__E)
                  00015548    0000000c                   : BIOS.obj (.text:ti_sysbios_family_arm_lm4_Timer_getMaxTicks__E)
                  00015554    0000000c     tivaRTSC_JS_pem4f.oem4f (.text:ti_sysbios_family_arm_m3_Hwi_Params__init__S)
                  00015560    0000000c     sysbios.aem4f : BIOS.obj (.text:ti_sysbios_family_arm_m3_Hwi_disableFxn__E)
                  0001556c    0000000c                   : BIOS.obj (.text:ti_sysbios_family_arm_m3_TaskSupport_checkStack__E)
                  00015578    0000000c                   : BIOS.obj (.text:ti_sysbios_family_arm_m3_TaskSupport_getStackAlignment__E)
                  00015584    0000000c                   : BIOS.obj (.text:ti_sysbios_gates_GateHwi_enter__E)
                  00015590    0000000c     tivaRTSC_JS_pem4f.oem4f (.text:ti_sysbios_knl_Clock_Params__init__S)
                  0001559c    0000000c     sysbios.aem4f : BIOS.obj (.text:ti_sysbios_knl_Clock_getTicks__E)
                  000155a8    0000000c     tivaRTSC_JS_pem4f.oem4f (.text:ti_sysbios_knl_Queue_Object__get__S)
                  000155b4    0000000c     tivaRTSC_JS_pem4f.oem4f (.text:ti_sysbios_knl_Semaphore_Params__init__S)
                  000155c0    0000000c     tivaRTSC_JS_pem4f.oem4f (.text:ti_sysbios_knl_Task_Params__init__S)
                  000155cc    0000000c     sysbios.aem4f : BIOS.obj (.text:ti_sysbios_knl_Task_self__E)
                  000155d8    0000000c     ti.targets.arm.rtsarm.aem4f : Error.oem4f (.text:xdc_runtime_Error_init__E)
                  000155e4    0000000c                                 : Gate.oem4f (.text:xdc_runtime_Gate_enterSystem__E)
                  000155f0    0000000c                                 : Memory.oem4f (.text:xdc_runtime_Memory_calloc__E)
                  000155fc    0000000c                                 : Memory.oem4f (.text:xdc_runtime_Memory_getMaxDefaultTypeAlign__E)
                  00015608    0000000a     driverlib.lib : uart.obj (.text:UARTCharGet)
                  00015612    0000000a                   : uart.obj (.text:UARTCharPut)
                  0001561c    0000000a                   : uart.obj (.text:UARTIntDisable)
                  00015626    0000000a                   : uart.obj (.text:UARTIntStatus)
                  00015630    0000000a     stk.aem4f : file.oem4f (.text:fdint_signalevent)
                  0001563a    0000000a               : file.oem4f (.text:fdint_signaltimeout)
                  00015644    0000000a     tivaRTSC_JS_pem4f.oem4f (.text:xdc_runtime_IHeap_alloc)
                  0001564e    0000000a     tivaRTSC_JS_pem4f.oem4f (.text:xdc_runtime_IHeap_free)
                  00015658    00000008     driverlib.lib : emac.obj (.text:EMACTxDMAPollDemand)
                  00015660    00000008     stk.aem4f : node.oem4f (.text:NodeFree)
                  00015668    00000008     os.aem4f : task.oem4f (.text:TaskBlock)
                  00015670    00000008     driverlib.lib : uart.obj (.text:UARTIntEnable)
                  00015678    00000008     drivers_tivaware.aem4f : UARTTiva.oem4f (.text:UARTTiva_init)
                  00015680    00000008                            : UARTTiva.oem4f (.text:readSemCallback)
                  00015688    00000008     sysbios.aem4f : BIOS.obj (.text:ti_sysbios_family_arm_lm4_Timer_masterDisable__I)
                  00015690    00000008                   : BIOS.obj (.text:ti_sysbios_family_arm_m3_Hwi_doSwiRestore__I)
                  00015698    00000008                   : BIOS.obj (.text:ti_sysbios_family_arm_m3_Hwi_startup__E)
                  000156a0    00000008                   : BIOS.obj (.text:ti_sysbios_knl_Idle_loop__E)
                  000156a8    00000008                   : BIOS.obj (.text:ti_sysbios_knl_Task_getHookContext__E)
                  000156b0    00000008                   : BIOS.obj (.text:ti_sysbios_knl_Task_setHookContext__E)
                  000156b8    00000008     drivers_tivaware.aem4f : UARTTiva.oem4f (.text:writeSemCallback)
                  000156c0    00000006     driverlib.lib : emac.obj (.text:EMACRxDMADescriptorListSet)
                  000156c6    00000006                   : emac.obj (.text:EMACTxDMADescriptorListSet)
                  000156cc    00000006                   : sysctl.obj (.text:SysCtlDelay)
                  000156d2    00000006     stk.aem4f : tcpprot.oem4f (.text:TcpPrRecv)
                  000156d8    00000006     driverlib.lib : uart.obj (.text:UARTFIFOLevelSet)
                  000156de    00000006     drivers_tivaware.aem4f : UARTTiva.oem4f (.text:UARTTiva_control)
                  000156e4    00000006     ti.targets.arm.rtsarm.aem4f : xdc_noinit.oem4f (.text:__xdc__init)
                  000156ea    00000006     rtsv7M4_T_le_v4SPD16_eabi.lib : copy_decompress_rle.obj (.text:decompress:rle24)
                  000156f0    00000006     sysbios.aem4f : BIOS.obj (.text:ti_sysbios_family_arm_m3_Hwi_restoreFxn__E)
                  000156f6    00000006                   : BIOS.obj (.text:ti_sysbios_gates_GateHwi_leave__E)
                  000156fc    00000006                   : BIOS.obj (.text:ti_sysbios_heaps_HeapMem_isBlocking__E)
                  00015702    00000006                   : BIOS.obj (.text:ti_sysbios_knl_Queue_Instance_init__E)
                  00015708    00000006     ti.targets.arm.rtsarm.aem4f : System.oem4f (.text:xdc_runtime_System_Module_startup__E)
                  0001570e    00000004     stk.aem4f : bind.oem4f (.text:BindGetIF)
                  00015712    00000004               : bind.oem4f (.text:BindGetNext)
                  00015716    00000004     os.aem4f : ossys.oem4f (.text:NDK_vsprintf)
                  0001571a    00000004     stk.aem4f : node.oem4f (.text:NodeSetRt)
[...]
000155c1   ti_sysbios_knl_Task_Params__init__S
000155cd   ti_sysbios_knl_Task_self__E
000155d9   xdc_runtime_Error_init__E
000155e5   xdc_runtime_Gate_enterSystem__E
000155f1   xdc_runtime_Memory_calloc__E
000155fd   xdc_runtime_Memory_getMaxDefaultTypeAlign__E
00015609   UARTCharGet
00015613   UARTCharPut
0001561d   UARTIntDisable
00015627   UARTIntStatus
00015631   fdint_signalevent
0001563b   fdint_signaltimeout
00015659   EMACTxDMAPollDemand
00015669   TaskBlock
00015671   UARTIntEnable
00015679   UARTTiva_init
00015689   ti_sysbios_family_arm_lm4_Timer_masterDisable__I
00015691   ti_sysbios_family_arm_m3_Hwi_doSwiRestore__I
00015699   ti_sysbios_family_arm_m3_Hwi_startup__E
00015699   ti_sysbios_hal_Hwi_HwiProxy_startup__E
00015699   ti_sysbios_hal_Hwi_startup__E
000156a1   ti_sysbios_knl_Idle_loop__E
000156a9   ti_sysbios_knl_Task_getHookContext__E
000156b1   ti_sysbios_knl_Task_setHookContext__E
000156c1   EMACRxDMADescriptorListSet
000156c7   EMACTxDMADescriptorListSet
000156cd   SysCtlDelay
000156d3   TcpPrRecv
000156d9   UARTFIFOLevelSet
000156df   UARTTiva_control
000156e5   __xdc__init
000156eb   __TI_decompress_rle24
000156f1   OEMSysCritOff
000156f1   ti_sysbios_family_arm_m3_Hwi_restoreFxn__E
000156f1   ti_sysbios_hal_Hwi_HwiProxy_restore__E
000156f1   ti_sysbios_hal_Hwi_restore__E
000156f7   ti_sysbios_gates_GateHwi_leave__E
000156fd   ti_sysbios_heaps_HeapMem_isBlocking__E
00015703   ti_sysbios_knl_Queue_Instance_init__E
00015709   xdc_runtime_System_Module_startup__E
0001570f   BindGetIF
00015713   BindGetNext
00015717   NDK_vsprintf
0001571b   NodeSetRt
0001571f   RawEthSockPrAttach
00015723   RawEthSockPrDetach
00015727   SemPend
0001572b   SemPost
0001572f   SemReset
00015733   TaskSelf
00015737   TaskSetPri
0001573b   UARTIntClear
0001573f   _llSerialInit
00015743   list_get_head
00015747   list_get_next
0001574b   ti_sysbios_BIOS_RtsGateProxy_enter__E
0001574f   ti_sysbios_BIOS_RtsGateProxy_leave__E
00015753   ti_sysbios_family_arm_lm4_Timer_masterEnable__I
00015757   ti_sysbios_family_arm_m3_Hwi_delete
0001575b   ti_sysbios_family_arm_m3_Hwi_destruct
0001575f   ti_sysbios_family_arm_m3_TaskSupport_Module__startupDone__S
00015763   ti_sysbios_gates_GateHwi_query__E
00015763   xdc_runtime_Main_Module_GateProxy_query__E
00015763   xdc_runtime_System_Module_GateProxy_query__E
00015767   ti_sysbios_BIOS_RtsGateProxy_query__E
00015767   ti_sysbios_gates_GateMutex_query__E
00015767   ti_sysbios_heaps_HeapMem_Module_GateProxy_query__E
0001576b   ti_sysbios_hal_Hwi_HwiProxy_Module__startupDone__S
0001576f   ti_sysbios_heaps_HeapMem_Module_GateProxy_enter__E
00015773   ti_sysbios_heaps_HeapMem_Module_GateProxy_leave__E
00015777   ti_sysbios_knl_Clock_TimerProxy_Module__startupDone__S
0001577b   ti_sysbios_knl_Clock_TimerProxy_getMaxTicks__E
0001577f   ti_sysbios_knl_Queue_destruct
00015783   ti_sysbios_knl_Semaphore_delete
00015787   ti_sysbios_knl_Semaphore_destruct
0001578b   ti_sysbios_knl_Swi_delete
0001578f   ti_sysbios_knl_Task_SupportProxy_Module__startupDone__S
00015793   ti_sysbios_knl_Task_delete
00015797   ti_sysbios_knl_Task_startup__E
0001579b   xdc_runtime_Error_getMsg__E
0001579f   xdc_runtime_Error_getSite__E
000157a3   xdc_runtime_Memory_HeapProxy_alloc__E
000157a7   xdc_runtime_Memory_HeapProxy_free__E
000157ab   xdc_runtime_System_Module_GateProxy_enter__E
000157af   xdc_runtime_System_Module_GateProxy_leave__E
000157b3   xdc_runtime_System_aprintf_va__F
000157b7   xdc_runtime_System_printf_va__F
000157bc   xdc_runtime_Text_charTab__A
00016fc1   xdc_runtime_Error_policy__C
00016fc2   ti_catalog_arm_cortexm4_tiva_ce_Boot_Module__id__C
000170e4   _ctypes_
000171e6   ti_sysbios_family_arm_m3_Hwi_Module__id__C
000172dc   xdc_runtime_Text_nodeTab__A
00017444   gpioHWAttrs
000174bc   UART_config
00017594   PWM_config
000175f4   Code2Err
00017648   pwmTivaHWAttrs
0001769c   uartTivaHWAttrs
0001771a   ti_sysbios_family_arm_m3_Hwi_Module__loggerDefined__C
0001771c   ti_sysbios_knl_Task_Object__PARAMS__C
00017788   ti_sysbios_family_arm_m3_Hwi_Object__PARAMS__C
000177b8   GPIO_config
00017810   UARTTiva_fxnTable
00017838   ti_sysbios_heaps_HeapMem_Module__FXNS__C
00017860   ti_sysbios_knl_Swi_Object__PARAMS__C
00017888   UART_defaultParams
000178ac   ti_sysbios_gates_GateHwi_Module__FXNS__C
000178d0   ti_sysbios_gates_GateMutex_Module__FXNS__C
000178f4   ti_sysbios_heaps_HeapMem_Object__PARAMS__C
00017918   ti_sysbios_knl_Clock_Object__PARAMS__C
0001793c   ti_sysbios_knl_Semaphore_Object__PARAMS__C
00017960   xdc_runtime_Startup_sfxnTab__A
00017984   PWMTiva_fxnTable
000179a0   PWMTiva_MAX_PRESCALAR
000179a2   PWMTiva_MAX_MATCH_VALUE
000179a4   ti_sysbios_family_arm_m3_Hwi_Object__DESC__C
000179c4   ti_sysbios_gates_GateHwi_Object__DESC__C
000179e4   ti_sysbios_gates_GateMutex_Object__DESC__C
00017a04   ti_sysbios_heaps_HeapMem_Object__DESC__C
00017a24   ti_sysbios_knl_Clock_Object__DESC__C
00017a44   ti_sysbios_knl_Queue_Object__DESC__C
00017a64   ti_sysbios_knl_Semaphore_Object__DESC__C
00017a84   ti_sysbios_knl_Swi_Object__DESC__C
00017aa4   ti_sysbios_knl_Task_Object__DESC__C
00017ac4   ti_ndk_config_Global_rawPageSize
00017ac8   ti_ndk_config_Global_rawPageCount
00017acc   ti_ndk_config_Global_smallest
00017ad0   ti_ndk_config_Global_largest
00017ad4   ti_ndk_config_Global_numFrameBuf
00017ad8   ti_ndk_config_Global_sizeFrameBuf
00017adc   roveDeviceTemplateThreadTask
00017ae0   EMAC_config
00017b10   ti_sysbios_gates_GateHwi_Object__PARAMS__C
00017b28   ti_sysbios_gates_GateMutex_Object__PARAMS__C
00017b40   ti_sysbios_knl_Queue_Object__PARAMS__C
00017b58   ti_sysbios_knl_Task_hooks__A
00017b70   xdc_runtime_Startup_firstFxns__A
00017b84   xdc_runtime_Startup_sfxnRts__A
00017ba8   PWM_defaultParams
00017bb4   emacHWAttrs
00017bc8   EMACSnow_fxnTable
00017bd0   ti_sysbios_family_arm_m3_Hwi_excHookFuncs__A
00017bd8   ti_sysbios_knl_Idle_funcList__A
00017be0   ti_sysbios_knl_Idle_funcList__C
00017be8   ti_sysbios_knl_Task_hooks__C
00017bf0   xdc_runtime_Startup_firstFxns__C
00017bf8   xdc_runtime_Startup_lastFxns__C
00017c00   ti_catalog_arm_cortexm4_tiva_ce_Boot_A_mustNotUseEnhancedClockMode__C
00017c04   ti_catalog_arm_cortexm4_tiva_ce_Boot_Module__diagsEnabled__C
00017c08   ti_catalog_arm_cortexm4_tiva_ce_Boot_Module__diagsIncluded__C
00017c0c   ti_catalog_arm_cortexm4_tiva_ce_Boot_Module__diagsMask__C
00017c10   ti_sysbios_family_arm_lm4_Timer_enableFunc__C
00017c14   ti_sysbios_family_arm_lm4_Timer_numTimerDevices__C
00017c18   ti_sysbios_family_arm_lm4_Timer_startupNeeded__C
00017c1c   ti_sysbios_family_arm_m3_Hwi_E_NMI__C
00017c20   ti_sysbios_family_arm_m3_Hwi_E_alreadyDefined__C
00017c24   ti_sysbios_family_arm_m3_Hwi_E_busFault__C
00017c28   ti_sysbios_family_arm_m3_Hwi_E_debugMon__C
00017c2c   ti_sysbios_family_arm_m3_Hwi_E_hardFault__C
00017c30   ti_sysbios_family_arm_m3_Hwi_E_memFault__C
00017c34   ti_sysbios_family_arm_m3_Hwi_E_noIsr__C
00017c38   ti_sysbios_family_arm_m3_Hwi_E_reserved__C
00017c3c   ti_sysbios_family_arm_m3_Hwi_E_svCall__C
00017c40   ti_sysbios_family_arm_m3_Hwi_E_usageFault__C
00017c44   ti_sysbios_family_arm_m3_Hwi_LD_end__C
00017c48   ti_sysbios_family_arm_m3_Hwi_LM_begin__C
00017c4c   ti_sysbios_family_arm_m3_Hwi_Module__diagsEnabled__C
00017c50   ti_sysbios_family_arm_m3_Hwi_Module__diagsIncluded__C
00017c54   ti_sysbios_family_arm_m3_Hwi_Module__diagsMask__C
00017c58   ti_sysbios_family_arm_m3_Hwi_Module__loggerFxn1__C
00017c5c   ti_sysbios_family_arm_m3_Hwi_Module__loggerFxn8__C
00017c60   ti_sysbios_family_arm_m3_Hwi_Module__loggerObj__C
00017c64   ti_sysbios_family_arm_m3_Hwi_NUM_INTERRUPTS__C
00017c68   ti_sysbios_family_arm_m3_Hwi_Object__count__C
00017c6c   ti_sysbios_family_arm_m3_Hwi_ccr__C
00017c70   ti_sysbios_family_arm_m3_Hwi_excHandlerFunc__C
00017c74   ti_sysbios_family_arm_m3_Hwi_excHookFuncs__C
00017c78   ti_sysbios_family_arm_m3_Hwi_nullIsrFunc__C
00017c7c   ti_sysbios_family_arm_m3_Hwi_priGroup__C
00017c80   ti_sysbios_family_arm_m3_TaskSupport_stackAlignment__C
00017c84   ti_sysbios_gates_GateMutex_A_badContext__C
00017c88   ti_sysbios_gates_GateMutex_Instance_State_sem__O
00017c8c   ti_sysbios_gates_GateMutex_Module__diagsEnabled__C
00017c90   ti_sysbios_gates_GateMutex_Module__diagsIncluded__C
00017c94   ti_sysbios_gates_GateMutex_Module__diagsMask__C
00017c98   ti_sysbios_hal_Hwi_E_stackOverflow__C
00017c9c   ti_sysbios_heaps_HeapMem_A_align__C
00017ca0   ti_sysbios_heaps_HeapMem_A_heapSize__C
00017ca4   ti_sysbios_heaps_HeapMem_A_invalidFree__C
00017ca8   ti_sysbios_heaps_HeapMem_A_zeroBlock__C
00017cac   ti_sysbios_heaps_HeapMem_E_memory__C
00017cb0   ti_sysbios_heaps_HeapMem_Module__diagsEnabled__C
00017cb4   ti_sysbios_heaps_HeapMem_Module__diagsIncluded__C
00017cb8   ti_sysbios_heaps_HeapMem_Module__diagsMask__C
00017cbc   ti_sysbios_heaps_HeapMem_Module__gateObj__C
00017cc0   ti_sysbios_heaps_HeapMem_Object__count__C
00017cc4   ti_sysbios_heaps_HeapMem_reqAlign__C
00017cc8   ti_sysbios_knl_Clock_A_badThreadType__C
00017ccc   ti_sysbios_knl_Clock_LM_begin__C
00017cd0   ti_sysbios_knl_Clock_LM_tick__C
00017cd4   ti_sysbios_knl_Clock_LW_delayed__C
00017cd8   ti_sysbios_knl_Clock_Module_State_clockQ__O
00017cdc   ti_sysbios_knl_Clock_Module__diagsEnabled__C
00017ce0   ti_sysbios_knl_Clock_Module__diagsIncluded__C
00017ce4   ti_sysbios_knl_Clock_Module__diagsMask__C
00017ce8   ti_sysbios_knl_Clock_Module__loggerFxn1__C
00017cec   ti_sysbios_knl_Clock_Module__loggerFxn2__C
00017cf0   ti_sysbios_knl_Clock_Module__loggerObj__C
00017cf4   ti_sysbios_knl_Mailbox_Instance_State_freeQue__O
00017cf8   ti_sysbios_knl_Mailbox_Object__count__C
00017cfc   ti_sysbios_knl_Mailbox_maxTypeAlign__C
00017d00   ti_sysbios_knl_Semaphore_A_badContext__C
00017d04   ti_sysbios_knl_Semaphore_A_noEvents__C
00017d08   ti_sysbios_knl_Semaphore_A_overflow__C
00017d0c   ti_sysbios_knl_Semaphore_A_pendTaskDisabled__C
00017d10   ti_sysbios_knl_Semaphore_Instance_State_pendQ__O
00017d14   ti_sysbios_knl_Semaphore_LM_pend__C
00017d18   ti_sysbios_knl_Semaphore_LM_post__C
00017d1c   ti_sysbios_knl_Semaphore_Module__diagsEnabled__C
00017d20   ti_sysbios_knl_Semaphore_Module__diagsIncluded__C
00017d24   ti_sysbios_knl_Semaphore_Module__diagsMask__C
00017d28   ti_sysbios_knl_Semaphore_Module__loggerFxn2__C
00017d2c   ti_sysbios_knl_Semaphore_Module__loggerFxn4__C
00017d30   ti_sysbios_knl_Semaphore_Module__loggerObj__C
00017d34   ti_sysbios_knl_Swi_A_badPriority__C
00017d38   ti_sysbios_knl_Swi_LD_end__C
00017d3c   ti_sysbios_knl_Swi_LM_begin__C
00017d40   ti_sysbios_knl_Swi_LM_post__C
00017d44   ti_sysbios_knl_Swi_Module__diagsEnabled__C
00017d48   ti_sysbios_knl_Swi_Module__diagsIncluded__C
00017d4c   ti_sysbios_knl_Swi_Module__diagsMask__C
00017d50   ti_sysbios_knl_Swi_Module__loggerFxn1__C
00017d54   ti_sysbios_knl_Swi_Module__loggerFxn4__C
00017d58   ti_sysbios_knl_Swi_Module__loggerObj__C
00017d5c   ti_sysbios_knl_Swi_Object__count__C
00017d60   ti_sysbios_knl_Task_A_badPriority__C
00017d64   ti_sysbios_knl_Task_A_badTaskState__C
00017d68   ti_sysbios_knl_Task_A_badThreadType__C
00017d6c   ti_sysbios_knl_Task_A_badTimeout__C
00017d70   ti_sysbios_knl_Task_A_noPendElem__C
00017d74   ti_sysbios_knl_Task_A_sleepTaskDisabled__C
00017d78   ti_sysbios_knl_Task_E_deleteNotAllowed__C
00017d7c   ti_sysbios_knl_Task_E_spOutOfBounds__C
00017d80   ti_sysbios_knl_Task_E_stackOverflow__C
00017d84   ti_sysbios_knl_Task_LD_block__C
00017d88   ti_sysbios_knl_Task_LD_exit__C
00017d8c   ti_sysbios_knl_Task_LD_ready__C
00017d90   ti_sysbios_knl_Task_LM_setPri__C
00017d94   ti_sysbios_knl_Task_LM_sleep__C
00017d98   ti_sysbios_knl_Task_LM_switch__C
00017d9c   ti_sysbios_knl_Task_Module_State_inactiveQ__O
00017da0   ti_sysbios_knl_Task_Module_State_terminatedQ__O
00017da4   ti_sysbios_knl_Task_Module__diagsEnabled__C
00017da8   ti_sysbios_knl_Task_Module__diagsIncluded__C
00017dac   ti_sysbios_knl_Task_Module__diagsMask__C
00017db0   ti_sysbios_knl_Task_Module__loggerFxn2__C
00017db4   ti_sysbios_knl_Task_Module__loggerFxn4__C
00017db8   ti_sysbios_knl_Task_Module__loggerObj__C
00017dbc   ti_sysbios_knl_Task_Object__count__C
00017dc0   ti_sysbios_knl_Task_Object__heap__C
00017dc4   ti_sysbios_knl_Task_allBlockedFunc__C
00017dc8   ti_sysbios_knl_Task_defaultStackHeap__C
00017dcc   ti_sysbios_knl_Task_defaultStackSize__C
00017dd0   ti_sysbios_knl_Task_numConstructedTasks__C
00017dd4   xdc_runtime_Assert_E_assertFailed__C
00017dd8   xdc_runtime_Core_A_initializedParams__C
00017ddc   xdc_runtime_Core_Module__diagsEnabled__C
00017de0   xdc_runtime_Core_Module__diagsIncluded__C
00017de4   xdc_runtime_Core_Module__diagsMask__C
00017de8   xdc_runtime_Error_E_memory__C
00017dec   xdc_runtime_Error_Module__diagsEnabled__C
00017df0   xdc_runtime_Error_Module__diagsIncluded__C
00017df4   xdc_runtime_Error_Module__diagsMask__C
00017df8   xdc_runtime_Error_Module__loggerFxn8__C
00017dfc   xdc_runtime_Error_Module__loggerObj__C
00017e00   xdc_runtime_Error_policyFxn__C
00017e04   xdc_runtime_Error_raiseHook__C
00017e08   xdc_runtime_IGateProvider_Interface__BASE__C
00017e0c   xdc_runtime_IHeap_Interface__BASE__C
00017e10   xdc_runtime_IModule_Interface__BASE__C
00017e14   xdc_runtime_Log_L_error__C
00017e18   xdc_runtime_Memory_defaultHeapInstance__C
00017e1c   xdc_runtime_Startup_execImpl__C
00017e20   xdc_runtime_Startup_maxPasses__C
00017e24   xdc_runtime_Startup_sfxnRts__C
00017e28   xdc_runtime_Startup_sfxnTab__C
00017e2c   xdc_runtime_SysMin_bufSize__C
00017e30   xdc_runtime_SysMin_outputFunc__C
00017e34   xdc_runtime_System_Module__gateObj__C
00017e38   xdc_runtime_System_abortFxn__C
00017e3c   xdc_runtime_System_exitFxn__C
00017e40   xdc_runtime_System_extendFxn__C
00017e44   xdc_runtime_System_maxAtexitHandlers__C
00017e48   xdc_runtime_Text_charTab__C
00017e4c   xdc_runtime_Text_nameEmpty__C
00017e50   xdc_runtime_Text_nameStatic__C
00017e54   xdc_runtime_Text_nameUnknown__C
00017e58   xdc_runtime_Text_nodeTab__C
00017e5c   xdc_runtime_Text_visitRopeFxn__C
00017e60   ti_sysbios_gates_GateMutex_Module__id__C
00017e62   ti_sysbios_hal_Hwi_Module__id__C
00017e64   ti_sysbios_heaps_HeapMem_Module__id__C
00017e66   ti_sysbios_knl_Clock_Module__id__C
00017e68   ti_sysbios_knl_Clock_Module__loggerDefined__C
00017e6a   ti_sysbios_knl_Semaphore_Module__id__C
00017e6c   ti_sysbios_knl_Semaphore_Module__loggerDefined__C
00017e6e   ti_sysbios_knl_Swi_Module__id__C
00017e70   ti_sysbios_knl_Swi_Module__loggerDefined__C
00017e72   ti_sysbios_knl_Task_Module__id__C
00017e74   ti_sysbios_knl_Task_Module__loggerDefined__C
00017e76   ti_sysbios_knl_Task_initStackFlag__C
00017e78   xdc_runtime_Core_Module__id__C
00017e7a   xdc_runtime_Error_Module__loggerDefined__C
00017e7c   xdc_runtime_Error_maxDepth__C
00017e7e   xdc_runtime_Memory_Module__id__C
00017e80   xdc_runtime_SysMin_flushAtExit__C
00017e82   xdc_runtime_Text_charCnt__C
00017e84   xdc_runtime_Text_isLoaded__C
00017e86   xdc_runtime_Text_registryModsLastId__C
00017e88   xdc_runtime_Text_unnamedModsLastId__C
000184e8   __TI_Handler_Table_Base
000184f4   __TI_Handler_Table_Limit
00018508   __TI_CINIT_Base
00018520   __TI_CINIT_Limit
20000000   ti_sysbios_family_arm_m3_Hwi_ramVectors
20000380   ti_sysbios_heaps_HeapMem_Instance_State_0_buf__A
20005380   ti_ndk_config_Global_pit
20005428   ti_ndk_config_Global_pitBuffer
20009c28   _ICMPIn
20009c74   PBMQ_free
20009c80   ti_ndk_config_Global_pBufMem
2000d880   ti_ndk_config_Global_pHdrMem
2000db78   ti_sysbios_knl_Task_Instance_State_0_stack__A
2000e378   ti_sysbios_knl_Task_Instance_State_1_stack__A
2000e978   ti_sysbios_knl_Task_Instance_State_2_stack__A
2000ec78   uartTivaObjects
2000f0b8   ti_sysbios_family_arm_m3_Hwi_dispatchTable
2000f418   __CIOBUF_
2000f638   tcps
2000f7a4   __TI_tmpnams
2000f964   xdc_runtime_SysMin_Module_State_0_outbuf__A
2000f9e4   ips
2000fa4c   nimu_mcb
2000faac   _ICMPOut
2000fb38   pwmTivaObjects
2000fb70   vlan_mcb
2000fbbc   udps
2000fbe0   BlockCount
2000fbfc   BlockMax
2000fc18   PageCount
2000fc34   PageMax
2000fc50   stkEvent
2000fc8c   raweths
2000fc9c   raws
2000fcac   tpseudo
2000fcb8   upseudo
2000fcc4   emacObjects
2000fcf8   _IGMPInDiscard
2000fcfc   _IGMPInQuery
2000fd00   _IGMPInQueryGroup
2000fd04   _IGMPInResponse
2000fd08   _IGMPOutResponse
2000fd0c   g_ulStatus
2000fd1c   pwm_1
2000fd20   pwm_2
2000fd24   pwm_3
2000fd28   pwm_4
2000fd2c   pwm_5
2000fd30   pwm_6
2000fd34   raweth_pcb
2000fd38   ti_sysbios_knl_Task_Instance_State_0_hookEnv__A
2000fd3c   ti_sysbios_knl_Task_Instance_State_1_hookEnv__A
2000fd40   ti_sysbios_knl_Task_Instance_State_2_hookEnv__A
2000fd44   uart_2
2000fd48   uart_3
2000fd4c   uart_4
2000fd50   uart_5
2000fd54   uart_6
2000fd58   uart_7
2000fd5c   ti_ndk_config_Global_Id2Size
2000fd78   ti_ndk_config_Global_HostName
2000fd7c   LocalIPAddr
2000fd80   LocalIPMask
2000fd84   GatewayIP
2000fd88   DomainName
2000fdcc   ti_sysbios_family_arm_lm4_Timer_Module__root__V
2000fdd4   ti_sysbios_family_arm_lm4_Timer_Module_State_0_handles__A
2000fdf4   ti_sysbios_family_arm_lm4_Timer_Module__state__V
2000fe00   ti_sysbios_family_arm_m3_Hwi_Module__root__V
2000fe08   ti_sysbios_family_arm_m3_Hwi_Object__table__V
2000fe20   ti_sysbios_family_arm_m3_Hwi_Module_State_0_excActive__A
2000fe24   ti_sysbios_family_arm_m3_Hwi_Module_State_0_excContext__A
2000fe28   ti_sysbios_family_arm_m3_Hwi_Module_State_0_excStack__A
2000fe2c   ti_sysbios_gates_GateHwi_Module__root__V
2000fe34   ti_sysbios_gates_GateHwi_Object__table__V
2000fe38   ti_sysbios_gates_GateMutex_Module__root__V
2000fe40   ti_sysbios_hal_Hwi_Module__root__V
2000fe48   ti_sysbios_heaps_HeapMem_Module__root__V
2000fe50   ti_sysbios_heaps_HeapMem_Object__table__V
2000fe68   ti_sysbios_knl_Clock_Module__root__V
2000fe70   ti_sysbios_knl_Event_Module__root__V
2000fe78   ti_sysbios_knl_Mailbox_Module__root__V
2000fe80   ti_sysbios_knl_Queue_Module__root__V
2000fe88   ti_sysbios_knl_Semaphore_Module__root__V
2000fe90   ti_sysbios_knl_Swi_Module__root__V
2000fe98   ti_sysbios_knl_Swi_Module__state__V
2000feb4   ti_sysbios_knl_Task_Module__root__V
2000febc   ti_sysbios_knl_Task_Module_State_0_idleTask__A
2000fec0   xdc_runtime_Error_Module__state__V
2000fec4   xdc_runtime_Memory_Module__state__V
2000fec8   xdc_runtime_Registry_Module__state__V
2000fed0   xdc_runtime_Startup_Module__state__V
2000fed8   xdc_runtime_SysMin_Module__state__V
2000fee4   xdc_runtime_System_Module_State_0_atexitHandlers__A
2000ff04   xdc_runtime_System_Module__state__V
2000ff0c   xdc_runtime_Text_Module__state__V
2000ff14   __xdc__init__addr
2000ff18   _ftable
20010008   ti_sysbios_knl_Task_Object__table__V
200100a0   TSK_idle
200101bc   _ipcfg
20010270   ti_sysbios_knl_Swi_Module_State_0_readyQ__A
200102f0   ti_sysbios_knl_Task_Module_State_0_readyQ__A
200103c0   ti_sysbios_knl_Task_Module__state__V
20010484   ti_sysbios_family_arm_lm4_Timer_Module_State_0_device__A
200104c4   ti_sysbios_family_arm_lm4_Timer_Object__table__V
20010504   ti_sysbios_gates_GateMutex_Object__table__V
20010570   ti_sysbios_family_arm_m3_Hwi_Module__state__V
200105a4   enablePrefetch
200105a8   phyCounter
20010608   ti_sysbios_knl_Swi_Object__table__V
20010638   ti_sysbios_knl_Clock_Module__state__V
20010664   pstrMsgName
2001068c   _oscfg
200106b0   PITCount
200106b4   PITUsed
200106b8   PITHigh
200106d4   ti_sysbios_BIOS_Module__state__V
20010770   __TI_ft_end
20010774   __aeabi_stdin
20010778   __aeabi_stdout
2001077c   __aeabi_stderr
20010788   _IGMPForceVersion1
2001079e   macAddress
200107a4   NIMUDeviceTable
200107bc   _lock
200107c0   _unlock
200107c4   __TI_cleanup_ptr
200107c8   __TI_dtors_ptr
200107d4   _ICMPInErrors
200107d8   _ICMPOutErrors
200107dc   _IPExecuting
200107f4   tcp_iss
200107f8   ptTimeFirst
20010824   main_func_sp
2001082c   _IPReasmPtr
2001083c   __stack
20010a3c   __STACK_TOP
2001103c   __STACK_END
e000e000   ti_sysbios_family_arm_m3_Hwi_nvic
ffffffff   __binit__
ffffffff   __c_args__
ffffffff   binit
UNDEFED    SHT$$INIT_ARRAY$$Base
UNDEFED    SHT$$INIT_ARRAY$$Limit

[1184 symbols]
