******************************************************************************
                  TI ARM Linker Unix v5.1.6                    
******************************************************************************
>> Linked Sat Oct 10 13:16:30 2015

OUTPUT FILE NAME:   <roveDeviceTemplate.out>
ENTRY POINT SYMBOL: "_c_int00"  address: 00011181


MEMORY CONFIGURATION

         name            origin    length      used     unused   attr    fill
----------------------  --------  ---------  --------  --------  ----  --------
  FLASH                 00000000   00100000  00018360  000e7ca0  R  X
  SRAM                  20000000   00040000  0001101c  0002efe4  RW X


SEGMENT ALLOCATION MAP

run origin  load origin   length   init length attrs members
----------  ----------- ---------- ----------- ----- -------
00000000    00000000    00018368   00018368    r-x
  00000000    00000000    0000003c   0000003c    r-- .resetVecs
  0000003c    0000003c    000155c6   000155c6    r-x .text
  00015604    00015604    000026ce   000026ce    r-- .const
  00017cd8    00017cd8    00000690   00000690    r-- .cinit
20000000    20000000    00000360   00000000    rw-
  20000000    20000000    00000360   00000000    rw- .vecs
20000380    20000380    00010cbc   00000000    rw-
  20000380    20000380    0000f9dc   00000000    rw- .bss
  2000fd5c    2000fd5c    00000ae0   00000000    rw- .data
  2001083c    2001083c    00000800   00000000    rw- .stack


SECTION ALLOCATION MAP

 output                                  attributes/
section   page    origin      length       input sections
--------  ----  ----------  ----------   ----------------
.bootVecs 
*          0    00000000    00000008     DSECT
                  00000000    00000008     boot.aem4f : boot.oem4f (.bootVecs)

.resetVecs 
*          0    00000000    0000003c     
                  00000000    0000003c     tivaRTSC_JS_pem4f.oem4f (.resetVecs)

xdc.meta   0    00000000    00000108     COPY SECTION
                  00000000    00000108     tivaRTSC_JS_pem4f.oem4f (xdc.meta)

.init_array 
*          0    00000000    00000000     UNINITIALIZED

.text      0    0000003c    000155c6     
                  0000003c    00000ec0     rtsv7M4_T_le_v4SPD16_eabi.lib : _printfi.obj (.text)
                  00000efc    00000c70     stk.aem4f : tcpin.oem4f (.text:TcpInput)
                  00001b6c    000008a0               : tcpout.oem4f (.text:TcpOutput)
                  0000240c    00000424     sysbios.aem4f : BIOS.obj (.text:ti_sysbios_family_arm_m3_Hwi_excDumpRegs__I)
                  00002830    00000408     stk.aem4f : ipout.oem4f (.text:IPTxPacket)
                  00002c38    00000384               : ipin.oem4f (.text:IPRxPacket)
                  00002fbc    0000033c     ti.targets.arm.rtsarm.aem4f : System.oem4f (.text:xdc_runtime_System_doPrint__I)
                  000032f8    00000310     rtsv7M4_T_le_v4SPD16_eabi.lib : lowlev.obj (.text)
                  00003608    00000304     sysbios.aem4f : BIOS.obj (.text:ti_sysbios_knl_Semaphore_pend__E)
                  0000390c    000002d4     rtsv7M4_T_le_v4SPD16_eabi.lib : trgdrv.obj (.text)
                  00003be0    000002c0     sysbios.aem4f : BIOS.obj (.text:ti_sysbios_knl_Task_Instance_finalize__E)
                  00003ea0    00000274     stk.aem4f : sock.oem4f (.text:SockSet)
                  00004114    00000269     roveWare_TCPSocket.obj (.text:roveHorizon_Recv)
                  0000437d    00000001     --HOLE-- [fill = 0]
                  0000437e    00000002     hal_userled_stub.aem4f : llled.oem4f (.text:LED_TOGGLE)
                  00004380    0000024c     stk.aem4f : ipfrag.oem4f (.text:IPReasm)
                  000045cc    0000024c     sysbios.aem4f : BIOS.obj (.text:ti_sysbios_family_arm_lm4_Timer_start__E)
                  00004818    00000248                   : BIOS.obj (.text:ti_sysbios_heaps_HeapMem_free__E)
                  00004a60    0000023c     stk.aem4f : icmpin.oem4f (.text:ICMPInput)
                  00004c9c    00000234     sysbios.aem4f : BIOS.obj (.text:ti_sysbios_heaps_HeapMem_alloc__E)
                  00004ed0    00000224     stk.aem4f : udp.oem4f (.text:UdpInput)
                  000050f4    00000208     sysbios.aem4f : BIOS.obj (.text:ti_sysbios_knl_Task_sleep__E)
                  000052fc    00000204     Boot.aem4f : Boot_sysctl.oem4f (.text:ti_catalog_arm_cortexm4_tiva_ce_Boot_sysCtlClockFreqSetI__I)
                  00005500    000001f8     stk.aem4f : sock.oem4f (.text:SockRecv)
                  000056f8    000001f8     sysbios.aem4f : BIOS.obj (.text:ti_sysbios_family_arm_m3_Hwi_excHandlerMax__I)
                  000058f0    000001f4     rtsv7M4_T_le_v4SPD16_eabi.lib : ull_div_t2.obj (.text)
                  00005ae4    000001e4     sysbios.aem4f : BIOS.obj (.text:ti_sysbios_knl_Task_Instance_init__E)
                  00005cc8    000001c0     rtsv7M4_T_le_v4SPD16_eabi.lib : fopen.obj (.text)
                  00005e88    000001b8     drivers_tivaware.aem4f : EMACSnow.oem4f (.text:EMACSnow_NIMUInit)
                  00006040    000001b6     rtsv7M4_T_le_v4SPD16_eabi.lib : fd_add_t2.obj (.text)
                  000061f6    00000002     stk.aem4f : nat.oem4f (.text:NatMsg)
                  000061f8    000001b4               : lliout.oem4f (.text:LLITxIpPacket)
                  000063ac    000001b0               : lliin.oem4f (.text:LLIRxPacket)
                  0000655c    00000198     os.aem4f : mem.oem4f (.text:mmAlloc)
                  000066f4    00000194     stk.aem4f : sock.oem4f (.text:SockNew)
                  00006888    00000190               : igmp.oem4f (.text:IGMPInput)
                  00006a18    00000184     sysbios.aem4f : BIOS.obj (.text:ti_sysbios_knl_Task_setPri__E)
                  00006b9c    00000170     drivers_tivaware.aem4f : PWMTiva.oem4f (.text:PWMTiva_open)
                  00006d0c    00000170     stk.aem4f : rtc.oem4f (.text:RTCReport)
                  00006e7c    00000168     sysbios.aem4f : BIOS.obj (.text:ti_sysbios_family_arm_m3_Hwi_excBusFault__I)
                  00006fe4    00000166     stk.aem4f : sb.oem4f (.text:SBRead)
                  0000714a    00000002     os.aem4f : task.oem4f (.text:_TaskInit)
                  0000714c    00000164     stk.aem4f : sock.oem4f (.text:SockConnect)
                  000072b0    00000154     netctrl_min_ipv4.aem4f : netctrl.oem4f (.text:NC_NetStart)
                  00007404    00000154     roveBIOS_Init.obj (.text:main)
                  00007558    00000154     sysbios.aem4f : BIOS.obj (.text:ti_sysbios_family_arm_m3_Hwi_excUsageFault__I)
                  000076ac    00000144     stk.aem4f : bind.oem4f (.text:BindNew)
                  000077f0    00000140     nettool_ipv4.aem4f : config.oem4f (.text:CfgAddEntry)
                  00007930    00000140                        : dhcpmain.oem4f (.text:DHCPOpen)
                  00007a70    00000140     EK_TM4C1294XL.obj (.text:EK_TM4C1294XL_initUART)
                  00007bb0    00000140     stk.aem4f : tcp.oem4f (.text:TcpTimeoutCheck)
                  00007cf0    00000140     drivers_tivaware.aem4f : UARTTiva.oem4f (.text:UARTTiva_open)
                  00007e30    00000140     sysbios.aem4f : BIOS.obj (.text:ti_sysbios_family_arm_m3_Hwi_excMemFault__I)
                  00007f70    0000013c     stk.aem4f : sock.oem4f (.text:SockSend)
                  000080ac    00000138     sysbios.aem4f : BIOS.obj (.text:ti_sysbios_family_arm_m3_Hwi_dispatchC__I)
                  000081e4    00000138                   : BIOS.obj (.text:ti_sysbios_heaps_HeapMem_Instance_init__E)
                  0000831c    00000138                   : BIOS.obj (.text:ti_sysbios_knl_Semaphore_post__E)
                  00008454    00000136     rtsv7M4_T_le_v4SPD16_eabi.lib : fd_div_t2.obj (.text)
                  0000858a    00000002     os.aem4f : task.oem4f (.text:_TaskShutdown)
                  0000858c    00000134     rtsv7M4_T_le_v4SPD16_eabi.lib : fputs.obj (.text)
                  000086c0    00000130     driverlib.lib : gpio.obj (.text:GPIOPadConfigSet)
                  000087f0    00000130     stk.aem4f : icmp.oem4f (.text:ICMPGenPacket)
                  00008920    0000012c     EK_TM4C1294XL.obj (.text:EK_TM4C1294XL_initEMAC)
                  00008a4c    0000012c     sysbios.aem4f : BIOS.obj (.text:ti_sysbios_knl_Clock_workFunc__E)
                  00008b78    00000128     stk.aem4f : udp.oem4f (.text:UdpOutput)
                  00008ca0    00000128     sysbios.aem4f : BIOS.obj (.text:ti_sysbios_knl_Task_exit__E)
                  00008dc8    00000124     stk.aem4f : sockpcb.oem4f (.text:SockPcbResolve)
                  00008eec    00000124     tivaRTSC_JS_pem4f.oem4f (.text:ti_ndk_config_Global_stackThread)
                  00009010    00000120     sysbios.aem4f : BIOS.obj (.text:ti_sysbios_knl_Swi_run__I)
                  00009130    00000120     ti.targets.arm.rtsarm.aem4f : Error.oem4f (.text:xdc_runtime_Error_policyDefault__E)
                  00009250    0000011c     sysbios.aem4f : BIOS.obj (.text:ti_sysbios_knl_Clock_Instance_init__E)
                  0000936c    0000011b     roveWare_TCPSocket.obj (.text:roveTCP_Connect)
                  00009487    00000001     --HOLE-- [fill = 0]
                  00009488    00000118     stk.aem4f : sockint.oem4f (.text:SockNotify)
                  000095a0    00000118               : tcpout.oem4f (.text:TcpGenPacket)
                  000096b8    00000117     roveWare_TCPSocket.obj (.text:roveCatch_NdkErrors)
                  000097cf    00000001     --HOLE-- [fill = 0]
                  000097d0    00000110     stk.aem4f : nimu.oem4f (.text:NIMUIoctl)
                  000098e0    00000110               : node.oem4f (.text:NodeTreeFree)
                  000099f0    00000110               : raw.oem4f (.text:RawInput)
                  00009b00    0000010c               : igmp.oem4f (.text:IGMPSendReply)
                  00009c0c    0000010c               : route.oem4f (.text:RtCreate)
                  00009d18    0000010c               : rtable.oem4f (.text:RtFind)
                  00009e24    00000104     os.aem4f : task.oem4f (.text:llEnter)
                  00009f28    00000104     sysbios.aem4f : BIOS.obj (.text:ti_sysbios_knl_Task_schedule__I)
                  0000a02c    00000104     ti.targets.arm.rtsarm.aem4f : Core-mem.oem4f (.text:xdc_runtime_Core_createObject__I)
                  0000a130    00000104     tivaRTSC_JS_pem4f.oem4f (.text:xdc_runtime_System_printfExtend__I)
                  0000a234    00000102     nettool_ipv4.aem4f : dhcppkt.oem4f (.text:dhcpPacketProcess)
                  0000a336    00000002     hal_ser_stub.aem4f : llserstb.oem4f (.text:_llSerialServiceCheck)
                  0000a338    00000100     netctrl_min_ipv4.aem4f : netctrl.oem4f (.text:NetScheduler)
                  0000a438    00000100     nettool_ipv4.aem4f : inetaddr.oem4f (.text:inet_aton)
                  0000a538    000000fe     stk.aem4f : pipe.oem4f (.text:PipeRecv)
                  0000a636    000000fc     rtsv7M4_T_le_v4SPD16_eabi.lib : fd_mul_t2.obj (.text)
                  0000a732    00000002     hal_ser_stub.aem4f : llserstb.oem4f (.text:_llSerialShutdown)
                  0000a734    000000fc     ti.targets.arm.rtsarm.aem4f : Startup.oem4f (.text:xdc_runtime_Startup_startMods__I)
                  0000a830    000000fa     drivers_tivaware.aem4f : PWMTiva.oem4f (.text:PWMTiva_setDuty)
                  0000a92a    00000002     hal_userled_stub.aem4f : llled.oem4f (.text:_llUserLedInit)
                  0000a92c    000000f8     drivers_tivaware.aem4f : EMACSnow.oem4f (.text:EMACSnow_emacStart)
                  0000aa24    000000f4     os.aem4f : task.oem4f (.text:TaskGetEnv)
                  0000ab18    000000f4     sysbios.aem4f : m3_Hwi_asm.obj (.text:ti_sysbios_family_arm_m3_Hwi_dispatch__I)
                  0000ac0c    000000f4                   : BIOS.obj (.text:ti_sysbios_knl_Task_startCore__E)
                  0000ad00    000000f0     stk.aem4f : lliout.oem4f (.text:LLIGenArpPacket)
                  0000adf0    000000f0     sysbios.aem4f : BIOS.obj (.text:ti_sysbios_knl_Task_postInit__I)
                  0000aee0    000000ee     stk.aem4f : sock.oem4f (.text:SockClose)
                  0000afce    00000002     hal_userled_stub.aem4f : llled.oem4f (.text:_llUserLedShutdown)
                  0000afd0    000000e8     os.aem4f : task.oem4f (.text:TaskSetEnv)
                  0000b0b8    000000e0     stk.aem4f : tcptime.oem4f (.text:TcpTimeoutRexmt)
                  0000b198    000000dc               : sb.oem4f (.text:SBWrite)
                  0000b274    000000dc     nettool_ipv4.aem4f : dhcpsock.oem4f (.text:dhcpSocketOpen)
                  0000b350    000000dc     rtsv7M4_T_le_v4SPD16_eabi.lib : setvbuf.obj (.text)
                  0000b42c    000000dc     tivaRTSC_JS_pem4f.oem4f (.text:ti_ndk_config_ip_init)
                  0000b508    000000da     nettool_ipv4.aem4f : dhcpsm.oem4f (.text:dhcpState)
                  0000b5e2    00000002     hal_ser_stub.aem4f : llserstb.oem4f (.text:llSerialService)
                  0000b5e4    000000d8     stk.aem4f : node.oem4f (.text:NodeAdd)
                  0000b6bc    000000d5               : nimu.oem4f (.text:NIMUReceivePacket)
                  0000b791    00000001     --HOLE-- [fill = 0]
                  0000b792    00000002     tivaRTSC_JS_pem4f.oem4f (.text:ti_ndk_config_Global_NetworkClose)
                  0000b794    000000d4     drivers_tivaware.aem4f : EMACSnow.oem4f (.text:EMACSnow_handleRx)
                  0000b868    000000d4     stk.aem4f : sockpcb.oem4f (.text:SockPcbBind)
                  0000b93c    000000d2               : tcpprot.oem4f (.text:TcpPrSetOption)
                  0000ba0e    00000002     tivaRTSC_JS_pem4f.oem4f (.text:ti_ndk_config_Global_NetworkOpen)
                  0000ba10    000000d0     sysbios.aem4f : BIOS.obj (.text:ti_sysbios_knl_Swi_Instance_init__E)
                  0000bae0    000000ce     nettool_ipv4.aem4f : dhcpsm.oem4f (.text:dhcpIPAdd)
                  0000bbae    00000002     tivaRTSC_JS_pem4f.oem4f (.text:ti_sysbios_BIOS_nullFunc__I)
                  0000bbb0    000000cc     stk.aem4f : icmp.oem4f (.text:ICMPSendRtAdv)
                  0000bc7c    000000cc     nettool_ipv4.aem4f : dhcpbild.oem4f (.text:dhcpBuildHeader)
                  0000bd48    000000cc     ti.targets.arm.rtsarm.aem4f : Core-smem.oem4f (.text:xdc_runtime_Core_constructObject__I)
                  0000be14    000000ca     nettool_ipv4.aem4f : dhcppkt.oem4f (.text:dhcpVerifyMessage)
                  0000bede    00000002     sysbios.aem4f : BIOS.obj (.text:ti_sysbios_gates_GateHwi_Instance_init__E)
                  0000bee0    000000c8     stk.aem4f : rawethsock.oem4f (.text:RawEthSockNew)
                  0000bfa8    000000c4     drivers_tivaware.aem4f : EMACSnow.oem4f (.text:EMACSnow_InitDMADescriptors)
                  0000c06c    000000c4     stk.aem4f : igmp.oem4f (.text:IGMPJoinHostGroup)
                  0000c130    000000c4     netctrl_min_ipv4.aem4f : netsrv.oem4f (.text:SPIpNet)
                  0000c1f4    000000c4     sysbios.aem4f : BIOS.obj (.text:ti_sysbios_family_arm_m3_Hwi_Module_startup__E)
                  0000c2b8    000000c0     nettool_ipv4.aem4f : dhcpsm.oem4f (.text:StateBound)
                  0000c378    000000c0     rtsv7M4_T_le_v4SPD16_eabi.lib : fflush.obj (.text)
                  0000c438    000000bc     stk.aem4f : sockpcb.oem4f (.text:SockPcbFind)
                  0000c4f4    000000bc               : vlan.oem4f (.text:VLANDeinit)
                  0000c5b0    000000bc     sysbios.aem4f : BIOS.obj (.text:ti_sysbios_knl_Task_unblockI__E)
                  0000c66c    000000ba     roveDeviceTemplate_Thread.obj (.text:roveDeviceTemplateThread)
                  0000c726    00000002     tivaRTSC_JS_pem4f.oem4f (.text:xdc_runtime_Startup_reset__I)
                  0000c728    000000b8     EK_TM4C1294XL.obj (.text:EK_TM4C1294XL_initGeneral)
                  0000c7e0    000000b8     stk.aem4f : icmpin.oem4f (.text:ICMPRevSrcRoute)
                  0000c898    000000b8               : lli.oem4f (.text:_LLITimeoutCheck)
                  0000c950    000000b4               : tcptime.oem4f (.text:TcpTimeoutKeep)
                  0000ca04    000000b4     sysbios.aem4f : BIOS.obj (.text:ti_sysbios_family_arm_m3_Hwi_excHardFault__I)
                  0000cab8    000000b4                   : BIOS.obj (.text:ti_sysbios_gates_GateMutex_enter__E)
                  0000cb6c    000000b4                   : BIOS.obj (.text:ti_sysbios_knl_Task_checkStacks__E)
                  0000cc20    000000b0     stk.aem4f : rawethsock.oem4f (.text:RawEthSockSet)
                  0000ccd0    000000b0               : sockint.oem4f (.text:SockCreatePacket)
                  0000cd80    000000b0     sysbios.aem4f : BIOS.obj (.text:ti_sysbios_family_arm_m3_Hwi_excDebugMon__I)
                  0000ce30    000000ac     stk.aem4f : rtable.oem4f (.text:RtTimeoutCheck)
                  0000cedc    000000ac     rtsv7M4_T_le_v4SPD16_eabi.lib : _io_perm.obj (.text)
                  0000cf88    000000ac     sysbios.aem4f : BIOS.obj (.text:ti_sysbios_family_arm_lm4_Timer_enableTiva__I)
                  0000d034    000000a8                   : BIOS.obj (.text:ti_sysbios_family_arm_lm4_Timer_enableTimers__I)
                  0000d0dc    000000a8                   : BIOS.obj (.text:ti_sysbios_knl_Swi_post__E)
                  0000d184    000000a8                   : BIOS.obj (.text:ti_sysbios_knl_Task_blockI__E)
                  0000d22c    000000a0     auto_init.aem4f : auto_init.oem4f (.text)
                  0000d2cc    000000a0     sysbios.aem4f : BIOS.obj (.text:ti_sysbios_family_arm_m3_Hwi_Instance_init__E)
                  0000d36c    0000009c     stk.aem4f : exec.oem4f (.text:ExecOpen)
                  0000d408    0000009c     netctrl_min_ipv4.aem4f : netsrv.oem4f (.text:ServiceScan)
                  0000d4a4    0000009c     roveWare_tivaWrappers.obj (.text:rovePrintf_RoveStructs)
                  0000d540    0000009c     rtsv7M4_T_le_v4SPD16_eabi.lib : fputc.obj (.text)
                  0000d5dc    0000009c                                   : memcpy_t2.obj (.text)
                  0000d678    0000009c     sysbios.aem4f : BIOS.obj (.text:ti_sysbios_knl_Semaphore_Instance_init__E)
                  0000d714    0000009a     ti.targets.arm.rtsarm.aem4f : Text.oem4f (.text:xdc_runtime_Text_putSite__E)
                  0000d7ae    00000002     --HOLE-- [fill = 0]
                  0000d7b0    00000098     stk.aem4f : ip.oem4f (.text:IPGetRoute)
                  0000d848    00000098     netctrl_min_ipv4.aem4f : netctrl.oem4f (.text:NC_SystemOpen)
                  0000d8e0    00000098     rtsv7M4_T_le_v4SPD16_eabi.lib : fclose.obj (.text)
                  0000d978    00000096     stk.aem4f : nimu.oem4f (.text:NIMUAddEthernetHeader)
                  0000da0e    00000002     --HOLE-- [fill = 0]
                  0000da10    00000094     nettool_ipv4.aem4f : config.oem4f (.text:CfgExecute)
                  0000daa4    00000094                        : config.oem4f (.text:CfgRemoveEntry)
                  0000db38    00000094     Boot.aem4f : Boot.oem4f (.text:ti_catalog_arm_cortexm4_tiva_ce_Boot_sysCtlClockFreqSet__E)
                  0000dbcc    00000094     ti.targets.arm.rtsarm.aem4f : Text.oem4f (.text:xdc_runtime_Text_putMod__E)
                  0000dc60    00000090     stk.aem4f : igmp.oem4f (.text:IGMPMsg)
                  0000dcf0    00000090               : sockpcb.oem4f (.text:SockPcbCtlError)
                  0000dd80    00000090     os.aem4f : mem.oem4f (.text:_mmInit)
                  0000de10    00000090              : mem.oem4f (.text:mmBulkAlloc)
                  0000dea0    0000008e     nettool_ipv4.aem4f : dhcpbild.oem4f (.text:dhcpBuildRequest)
                  0000df2e    00000002     --HOLE-- [fill = 0]
                  0000df30    0000008c     os.aem4f : mem.oem4f (.text:mmInitPage)
                  0000dfbc    0000008c     tivaRTSC_JS_pem4f.oem4f (.text:ti_ndk_config_tcp_init)
                  0000e048    0000008c     sysbios.aem4f : BIOS.obj (.text:ti_sysbios_family_arm_m3_Hwi_initNVIC__E)
                  0000e0d4    0000008c                   : m3_TaskSupport_asm.obj (.text:ti_sysbios_family_arm_m3_TaskSupport_buildTaskStack)
                  0000e160    0000008a     netctrl_min_ipv4.aem4f : netsrv.oem4f (.text:SPRoute)
                  0000e1ea    00000002     --HOLE-- [fill = 0]
                  0000e1ec    00000088     EK_TM4C1294XL.obj (.text:EK_TM4C1294XL_initPWM)
                  0000e274    00000088     sysbios.aem4f : BIOS.obj (.text:ti_sysbios_knl_Mailbox_Module_startup__E)
                  0000e2fc    00000086     nettool_ipv4.aem4f : dhcpsm.oem4f (.text:StateRequesting)
                  0000e382    00000086     rtsv7M4_T_le_v4SPD16_eabi.lib : fd_cmp_t2.obj (.text:__aeabi_cdcmple)
                  0000e408    00000086                                   : fd_cmp_t2.obj (.text:__aeabi_cdrcmple)
                  0000e48e    00000002     --HOLE-- [fill = 0]
                  0000e490    00000084     drivers_tivaware.aem4f : PWMTiva.oem4f (.text:PWMTiva_control)
                  0000e514    00000084     stk.aem4f : tcpprot.oem4f (.text:TcpPrAttach)
                  0000e598    00000084     os.aem4f : mem.oem4f (.text:mmBulkFree)
                  0000e61c    00000084     sysbios.aem4f : BIOS.obj (.text:ti_sysbios_knl_Task_Module_startup__E)
                  0000e6a0    00000082     nettool_ipv4.aem4f : dhcpsm.oem4f (.text:StateRenewRebind)
                  0000e722    00000002     --HOLE-- [fill = 0]
                  0000e724    00000080     stk.aem4f : ip.oem4f (.text:IPMsg)
                  0000e7a4    00000080               : lli.oem4f (.text:LLINew)
                  0000e824    00000080     netctrl_min_ipv4.aem4f : netsrv.oem4f (.text:NS_BootTask)
                  0000e8a4    00000080     stk.aem4f : pbm.oem4f (.text:PBM_alloc)
                  0000e924    00000080               : raw.oem4f (.text:RawOutput)
                  0000e9a4    00000080     netctrl_min_ipv4.aem4f : netsrv.oem4f (.text:ServiceSpawn)
                  0000ea24    00000080     os.aem4f : mem.oem4f (.text:mmFree)
                  0000eaa4    0000007f     tivaRTSC_JS_pem4f.oem4f (.text:ti_ndk_config_Global_NetworkIPAddr)
                  0000eb23    00000001     --HOLE-- [fill = 0]
                  0000eb24    0000007e     stk.aem4f : fileuser.oem4f (.text:fdClose)
                  0000eba2    00000002     --HOLE-- [fill = 0]
                  0000eba4    0000007c     nettool_ipv4.aem4f : config.oem4f (.text:CfgGetEntry)
                  0000ec20    0000007c                        : config.oem4f (.text:CfgGetNextEntry)
                  0000ec9c    0000007c     drivers_tivaware.aem4f : EMACSnow.oem4f (.text:EMACSnow_processPendingTx)
                  0000ed18    0000007c                            : EMACSnow.oem4f (.text:EMACSnow_processPhyInterrupt)
                  0000ed94    0000007c     stk.aem4f : igmp.oem4f (.text:IGMPJoin)
                  0000ee10    0000007c               : socket.oem4f (.text:NDK_setsockopt)
                  0000ee8c    0000007c               : nimu.oem4f (.text:NIMURegister)
                  0000ef08    0000007c               : pbm.oem4f (.text:PBM_free)
                  0000ef84    0000007a               : igmp.oem4f (.text:IGMPDoMCast)
                  0000effe    0000007a     drivers_tivaware.aem4f : UARTTiva.oem4f (.text:writeData)
                  0000f078    00000078     driverlib.lib : emac.obj (.text:EMACInit)
                  0000f0f0    00000078     stk.aem4f : socket.oem4f (.text:NDK_sendto)
                  0000f168    00000078               : nimu.oem4f (.text:NIMUShutdown)
                  0000f1e0    00000078               : tcptime.oem4f (.text:TcpXmitTimer)
                  0000f258    00000078               : fileuser.oem4f (.text:fdOpenSession)
                  0000f2d0    00000078     nettool_ipv4.aem4f : inetaddr.oem4f (.text:inet_pton)
                  0000f348    00000078     os.aem4f : task.oem4f (.text:llExit)
                  0000f3c0    00000078     rtsv7M4_T_le_v4SPD16_eabi.lib : memset_t2.obj (.text)
                  0000f438    00000075     stk.aem4f : tcptime.oem4f (.text:TcpTimeoutSackRexmt)
                  0000f4ad    00000003     --HOLE-- [fill = 0]
                  0000f4b0    00000074               : raweth.oem4f (.text:RawEthRxPacket)
                  0000f524    00000074               : sockpcb.oem4f (.text:SockPcbConnect)
                  0000f598    00000074     sysbios.aem4f : BIOS.obj (.text:ti_sysbios_knl_Clock_start__E)
                  0000f60c    00000072     stk.aem4f : rtable.oem4f (.text:RtWalkNext)
                  0000f67e    00000002     --HOLE-- [fill = 0]
                  0000f680    00000072     os.aem4f : semaphore.oem4f (.text:SemCreateBinary)
                  0000f6f2    00000002     --HOLE-- [fill = 0]
                  0000f6f4    00000070     drivers_tivaware.aem4f : EMACSnow.oem4f (.text:EMACSnow_hwiIntFxn)
                  0000f764    00000070     stk.aem4f : igmp.oem4f (.text:IGMPLeaveHostGroup)
                  0000f7d4    00000070               : rtable.oem4f (.text:RtFlush)
                  0000f844    00000070               : sock.oem4f (.text:SockShutdown)
                  0000f8b4    00000070     nettool_ipv4.aem4f : dhcptags.oem4f (.text:dhcpDecodeType)
                  0000f924    00000070     rtsv7M4_T_le_v4SPD16_eabi.lib : printf.obj (.text)
                  0000f994    00000070     sysbios.aem4f : BIOS.obj (.text:ti_sysbios_family_arm_m3_Hwi_postInit__I)
                  0000fa04    00000070     ti.targets.arm.rtsarm.aem4f : Memory.oem4f (.text:xdc_runtime_Memory_alloc__E)
                  0000fa74    0000006e     stk.aem4f : socket.oem4f (.text:NDK_recv)
                  0000fae2    00000002     --HOLE-- [fill = 0]
                  0000fae4    0000006d               : node.oem4f (.text:NodeNew)
                  0000fb51    00000003     --HOLE-- [fill = 0]
                  0000fb54    0000006c     os.aem4f : ossys.oem4f (.text:DbgPrintf)
                  0000fbc0    0000006c     drivers_tivaware.aem4f : EMACSnow.oem4f (.text:EMACSnow_emacStop)
                  0000fc2c    0000006c     stk.aem4f : node.oem4f (.text:NodeTreeNew)
                  0000fc98    0000006c     drivers_tivaware.aem4f : UARTTiva.oem4f (.text:UARTTiva_read)
                  0000fd04    0000006c                            : UARTTiva.oem4f (.text:UARTTiva_write)
                  0000fd70    0000006c     roveWare_tivaWrappers.obj (.text:roveGetStructId_ByteCnt)
                  0000fddc    0000006c     ti.targets.arm.rtsarm.aem4f : Error.oem4f (.text:xdc_runtime_Error_print__E)
                  0000fe48    0000006a     drivers_tivaware.aem4f : PWMTiva.oem4f (.text:PWMTiva_close)
                  0000feb2    0000006a     stk.aem4f : tcpprot.oem4f (.text:TcpPrInherit)
                  0000ff1c    0000006a               : rtable.oem4f (.text:_RtNodeInsert)
                  0000ff86    00000068               : socket.oem4f (.text:NDK_socket)
                  0000ffee    00000002     --HOLE-- [fill = 0]
                  0000fff0    00000068               : pbm.oem4f (.text:PBM_open)
                  00010058    00000068     netctrl_min_ipv4.aem4f : netsrv.oem4f (.text:SPConfig)
                  000100c0    00000068     stk.aem4f : sockpcb.oem4f (.text:SockPcbFindRaw)
                  00010128    00000068               : udp.oem4f (.text:UdpChecksum)
                  00010190    00000068     hal_timer_bios.aem4f : lltimer.oem4f (.text:llTimerTick)
                  000101f8    00000066     drivers_tivaware.aem4f : UARTTiva.oem4f (.text:UARTTiva_readPolling)
                  0001025e    00000066     ti.targets.arm.rtsarm.aem4f : Core-mem.oem4f (.text:xdc_runtime_Core_deleteObject__I)
                  000102c4    00000064     nettool_ipv4.aem4f : config.oem4f (.text:CfgFree)
                  00010328    00000064     stk.aem4f : pbm.oem4f (.text:PBMQ_enq)
                  0001038c    00000064     rtsv7M4_T_le_v4SPD16_eabi.lib : fseek.obj (.text)
                  000103f0    00000064     tivaRTSC_JS_pem4f.oem4f (.text:ti_sysbios_family_arm_m3_Hwi_create)
                  00010454    00000064     stk.aem4f : lliin.oem4f (.text:updateRtTable)
                  000104b8    00000062               : ipin.oem4f (.text:IPRouteIP)
                  0001051a    00000002     --HOLE-- [fill = 0]
                  0001051c    00000062               : sb.oem4f (.text:SBNew)
                  0001057e    00000062     drivers_tivaware.aem4f : UARTTiva.oem4f (.text:UARTTiva_hwiIntFxn)
                  000105e0    00000062                            : UARTTiva.oem4f (.text:readData)
                  00010642    00000002     --HOLE-- [fill = 0]
                  00010644    00000060     nettool_ipv4.aem4f : config.oem4f (.text:CfgGetEntryCnt)
                  000106a4    00000060     stk.aem4f : file.oem4f (.text:FdWaitEvent)
                  00010704    00000060               : nimu.oem4f (.text:NIMUUnregister)
                  00010764    00000060               : node.oem4f (.text:NodeFind)
                  000107c4    00000060               : rtc.oem4f (.text:RTCMsg)
                  00010824    00000060               : tcp.oem4f (.text:TcpChecksum)
                  00010884    00000060     nettool_ipv4.aem4f : dhcptags.oem4f (.text:dhcpBuildOptions)
                  000108e4    00000060     rtsv7M4_T_le_v4SPD16_eabi.lib : trgmsg.obj (.text)
                  00010944    00000060     sysbios.aem4f : BIOS.obj (.text:ti_sysbios_family_arm_lm4_Timer_isrStub__E)
                  000109a4    00000060                   : BIOS.obj (.text:ti_sysbios_knl_Clock_logTick__E)
                  00010a04    00000060     ti.targets.arm.rtsarm.aem4f : System.oem4f (.text:xdc_runtime_System_formatNum__I)
                  00010a64    0000005e     stk.aem4f : route.oem4f (.text:RtRemove)
                  00010ac2    0000005e     nettool_ipv4.aem4f : dhcpsm.oem4f (.text:StateSelecting)
                  00010b20    0000005e     rtsv7M4_T_le_v4SPD16_eabi.lib : copy_decompress_rle.obj (.text)
                  00010b7e    00000002     --HOLE-- [fill = 0]
                  00010b80    0000005c     nettool_ipv4.aem4f : config.oem4f (.text:CfgSetExecuteOrder)
                  00010bdc    0000005c     stk.aem4f : nimu.oem4f (.text:NIMUIoctlSpecialCmd)
                  00010c38    0000005c               : sockint.oem4f (.text:SockSpawnAbort)
                  00010c94    0000005c               : vlan.oem4f (.text:VLANReceivePacket)
                  00010cf0    0000005c     sysbios.aem4f : BIOS.obj (.text:ti_sysbios_family_arm_lm4_Timer_Module_startup__E)
                  00010d4c    0000005c     tivaRTSC_JS_pem4f.oem4f (.text:ti_sysbios_knl_Swi_create)
                  00010da8    0000005c     tivaRTSC_JS_pem4f.oem4f (.text:ti_sysbios_knl_Task_create)
                  00010e04    0000005b     ti.targets.arm.rtsarm.aem4f : Text.oem4f (.text:xdc_runtime_Text_putLab__E)
                  00010e5f    00000001     --HOLE-- [fill = 0]
                  00010e60    0000005a     stk.aem4f : route.oem4f (.text:RtRedirect)
                  00010eba    0000005a               : tcpprot.oem4f (.text:TcpValidateMetrics)
                  00010f14    0000005a     nettool_ipv4.aem4f : dhcpbild.oem4f (.text:dhcpBuildDecline)
                  00010f6e    0000005a     rtsv7M4_T_le_v4SPD16_eabi.lib : ltoa.obj (.text)
                  00010fc8    00000058     stk.aem4f : bind.oem4f (.text:BindFree)
                  00011020    00000058     driverlib.lib : emac.obj (.text:EMACPHYConfigSet)
                  00011078    00000058     stk.aem4f : igmp.oem4f (.text:IGMPTimer)
                  000110d0    00000058     netctrl_min_ipv4.aem4f : netsrv.oem4f (.text:SPService)
                  00011128    00000058     os.aem4f : semaphore.oem4f (.text:SemCreate)
                  00011180    00000058     boot.aem4f : boot.oem4f (.text)
                  000111d8    00000058     roveBIOS_Init.obj (.text:roveUART_Init)
                  00011230    00000058     tivaRTSC_JS_pem4f.oem4f (.text:ti_sysbios_family_arm_m3_Hwi_construct)
                  00011288    00000058     sysbios.aem4f : m3_Hwi_asm_switch.obj (.text:ti_sysbios_family_arm_m3_Hwi_initStacks__E)
                  000112e0    00000058                   : BIOS.obj (.text:ti_sysbios_knl_Swi_restoreHwi__E)
                  00011338    00000058                   : BIOS.obj (.text:ti_sysbios_knl_Swi_schedule__I)
                  00011390    00000054     nettool_ipv4.aem4f : config.oem4f (.text:CfgEntryDeRef)
                  000113e4    00000054     stk.aem4f : igmp.oem4f (.text:IGMPLeave)
                  00011438    00000054               : rawethsock_pcb.oem4f (.text:RawEthSockPcbAttach)
                  0001148c    00000054               : tcptime.oem4f (.text:TcpTimeoutPersist)
                  000114e0    00000054     os.aem4f : mem.oem4f (.text:mmCopy)
                  00011534    00000054     sysbios.aem4f : BIOS.obj (.text:ti_sysbios_knl_Swi_Instance_finalize__E)
                  00011588    00000053     roveWare_tivaWrappers.obj (.text:rovePrintf_ByteBuffer)
                  000115db    00000001     --HOLE-- [fill = 0]
                  000115dc    00000050     stk.aem4f : socket.oem4f (.text:NDK_bind)
                  0001162c    00000050               : socket.oem4f (.text:NDK_connect)
                  0001167c    00000050               : route.oem4f (.text:RtNew)
                  000116cc    00000050     driverlib.lib : sysctl.obj (.text:SysCtlPeripheralReset)
                  0001171c    00000050     stk.aem4f : tcpprot.oem4f (.text:TcpPrDetach)
                  0001176c    00000050     Boot.aem4f : Boot_sysctl.oem4f (.text:_SysCtlFrequencyGet)
                  000117bc    00000050     ti.targets.arm.rtsarm.aem4f : Startup.oem4f (.text:xdc_runtime_Startup_exec__E)
                  0001180c    00000050                                 : Text.oem4f (.text:xdc_runtime_Text_visitRope2__I)
                  0001185c    0000004e     stk.aem4f : node.oem4f (.text:NodeDeRef)
                  000118aa    00000002     --HOLE-- [fill = 0]
                  000118ac    0000004c     nettool_ipv4.aem4f : ipaddr.oem4f (.text:NtAddNetwork)
                  000118f8    0000004c     stk.aem4f : sockint.oem4f (.text:SockValidateRoute)
                  00011944    0000004c               : file.oem4f (.text:fdint_lockfd)
                  00011990    0000004c     rtsv7M4_T_le_v4SPD16_eabi.lib : atoi.obj (.text)
                  000119dc    0000004c     sysbios.aem4f : BIOS.obj (.text:ti_sysbios_knl_Swi_runLoop__I)
                  00011a28    0000004a     stk.aem4f : sock.oem4f (.text:SockDisconnect)
                  00011a72    00000002     --HOLE-- [fill = 0]
                  00011a74    0000004a               : timer.oem4f (.text:TimerNew)
                  00011abe    0000004a     nettool_ipv4.aem4f : config.oem4f (.text:_CfgEntryScan)
                  00011b08    00000048                        : config.oem4f (.text:CfgNew)
                  00011b50    00000048     drivers_tivaware.aem4f : EMACSnow.oem4f (.text:EMACSnow_processTransmitted)
                  00011b98    00000048     driverlib.lib : gpio.obj (.text:GPIOPinConfigure)
                  00011be0    00000048     stk.aem4f : lli.oem4f (.text:LLIMsg)
                  00011c28    00000048               : node.oem4f (.text:NodeWalk)
                  00011c70    00000048               : sockpcb.oem4f (.text:SockPcbResolveChain)
                  00011cb8    00000048               : tcpprot.oem4f (.text:TcpDrop)
                  00011d00    00000048               : lli.oem4f (.text:_LLIExpListInsert)
                  00011d48    00000048               : rtable.oem4f (.text:_RtExpListInsert)
                  00011d90    00000048     rtsv7M4_T_le_v4SPD16_eabi.lib : fd_toi_t2.obj (.text)
                  00011dd8    00000048     sysbios.aem4f : BIOS.obj (.text:ti_sysbios_family_arm_m3_Hwi_excReserved__I)
                  00011e20    00000048                   : BIOS.obj (.text:ti_sysbios_heaps_HeapMem_getStats__E)
                  00011e68    00000048                   : BIOS.obj (.text:ti_sysbios_knl_Task_deleteTerminatedTasksFunc__I)
                  00011eb0    00000048     ti.targets.arm.rtsarm.aem4f : Assert.oem4f (.text:xdc_runtime_Assert_raise__I)
                  00011ef8    00000047     roveBIOS_Init.obj (.text:rovePWM_Init)
                  00011f3f    00000001     --HOLE-- [fill = 0]
                  00011f40    00000046     nettool_ipv4.aem4f : ipaddr.oem4f (.text:NtIfIdx2Ip)
                  00011f86    00000046     netctrl_min_ipv4.aem4f : netsrv.oem4f (.text:ServiceKill)
                  00011fcc    00000046     ti.targets.arm.rtsarm.aem4f : Core-params.oem4f (.text:xdc_runtime_Core_assignParams__I)
                  00012012    00000002     --HOLE-- [fill = 0]
                  00012014    00000044     EK_TM4C1294XL.obj (.text:EK_TM4C1294XL_initGPIO)
                  00012058    00000044     stk.aem4f : ipfrag.oem4f (.text:IPReasmFree)
                  0001209c    00000044               : lli.oem4f (.text:LLIGetValidTime)
                  000120e0    00000044               : rawethsock_pcb.oem4f (.text:RawEthSockPcbDetach)
                  00012124    00000044               : rtable.oem4f (.text:RouteMsg)
                  00012168    00000044               : rtable.oem4f (.text:RtWalkEnd)
                  000121ac    00000044               : timer.oem4f (.text:TimerListInsert)
                  000121f0    00000044     hal_timer_bios.aem4f : lltimer.oem4f (.text:llTimerGetTime)
                  00012234    00000044     rtsv7M4_T_le_v4SPD16_eabi.lib : cpy_tbl.obj (.text)
                  00012278    00000044                                   : exit.obj (.text)
                  000122bc    00000044                                   : xdtest.obj (.text)
                  00012300    00000044     sysbios.aem4f : BIOS.obj (.text:ti_sysbios_family_arm_lm4_Timer_stop__E)
                  00012344    00000044                   : BIOS.obj (.text:ti_sysbios_family_arm_m3_Hwi_disableInterrupt__E)
                  00012388    00000044                   : BIOS.obj (.text:ti_sysbios_family_arm_m3_Hwi_enableInterrupt__E)
                  000123cc    00000044                   : BIOS.obj (.text:ti_sysbios_knl_Task_allBlockedFunction__I)
                  00012410    00000044     ti.targets.arm.rtsarm.aem4f : Error.oem4f (.text:xdc_runtime_Error_setX__E)
                  00012454    00000044                                 : SysMin.oem4f (.text:xdc_runtime_SysMin_flush__E)
                  00012498    00000042     stk.aem4f : tcpprot.oem4f (.text:TcpPrSendOOB)
                  000124da    00000042     driverlib.lib : uart.obj (.text:UARTConfigSetExpClk)
                  0001251c    00000042     stk.aem4f : fileuser.oem4f (.text:fdCloseSession)
                  0001255e    00000042     rtsv7M4_T_le_v4SPD16_eabi.lib : u_divt2.obj (.text)
                  000125a0    00000040     stk.aem4f : lliin.oem4f (.text:LLIValidateRoute)
                  000125e0    00000040               : pbm.oem4f (.text:PBM_copy)
                  00012620    00000040               : sockpcb.oem4f (.text:SockPcbDetach)
                  00012660    00000040               : sockpcb.oem4f (.text:SockPcbRtChange)
                  000126a0    00000040               : tcpprot.oem4f (.text:TcpPrDisconnect)
                  000126e0    00000040     drivers_tivaware.aem4f : UARTTiva.oem4f (.text:UARTTiva_writePolling)
                  00012720    00000040     os.aem4f : mem.oem4f (.text:mmZeroInit)
                  00012760    00000040     sysbios.aem4f : BIOS.obj (.text:ti_sysbios_family_arm_lm4_Timer_startup__E)
                  000127a0    0000003e     nettool_ipv4.aem4f : dhcpmain.oem4f (.text:DHCPClose)
                  000127de    0000003e     stk.aem4f : icmp.oem4f (.text:ICMPChecksum)
                  0001281c    0000003e               : nimu.oem4f (.text:NIMUAllocateName)
                  0001285a    0000003e               : tcpprot.oem4f (.text:TcpPrCtlError)
                  00012898    0000003e               : file.oem4f (.text:fdint_unlockfd)
                  000128d6    0000003c     nettool_ipv4.aem4f : config.oem4f (.text:CfgEntryGetData)
                  00012912    0000003c     driverlib.lib : emac.obj (.text:EMACIntDisable)
                  0001294e    0000003c     stk.aem4f : node.oem4f (.text:NodeUpdatePL)
                  0001298a    00000002     --HOLE-- [fill = 0]
                  0001298c    0000003c               : rtable.oem4f (.text:RtWalkBegin)
                  000129c8    0000003c               : tcpprot.oem4f (.text:TcpPrConnect)
                  00012a04    0000003c               : tcptime.oem4f (.text:TcpSetPersist)
                  00012a40    0000003c               : rtc.oem4f (.text:_RTCSendRtAdv)
                  00012a7c    0000003c     hal_timer_bios.aem4f : lltimer.oem4f (.text:_llTimerInit)
                  00012ab8    0000003c     roveWare_TCPSocket.obj (.text:roveTCP_Recv)
                  00012af4    0000003c     sysbios.aem4f : BIOS.obj (.text:ti_sysbios_family_arm_m3_Hwi_excSvCall__I)
                  00012b30    0000003c                   : BIOS.obj (.text:ti_sysbios_family_arm_m3_Hwi_getStackInfo__E)
                  00012b6c    0000003c                   : BIOS.obj (.text:ti_sysbios_heaps_HeapMem_init__I)
                  00012ba8    0000003c     tivaRTSC_JS_pem4f.oem4f (.text:ti_sysbios_knl_Clock_create)
                  00012be4    0000003c     sysbios.aem4f : BIOS.obj (.text:ti_sysbios_knl_Swi_startup__E)
                  00012c20    0000003c     ti.targets.arm.rtsarm.aem4f : Text.oem4f (.text:xdc_runtime_Text_xprintf__I)
                  00012c5c    0000003a     driverlib.lib : emac.obj (.text:EMACIntEnable)
                  00012c96    0000003a     stk.aem4f : rtable.oem4f (.text:_RtNodeRemove)
                  00012cd0    00000038     driverlib.lib : emac.obj (.text:EMACConfigGet)
                  00012d08    00000038     stk.aem4f : ipfrag.oem4f (.text:IPReasmTimeout)
                  00012d40    00000038               : node.oem4f (.text:NodeGetRt)
                  00012d78    00000038     drivers_tivaware.aem4f : PWM.oem4f (.text:PWM_init)
                  00012db0    00000038     driverlib.lib : sysctl.obj (.text:SysCtlPeripheralReady)
                  00012de8    00000038     os.aem4f : task.oem4f (.text:TaskCreate)
                  00012e20    00000038     stk.aem4f : tcpprot.oem4f (.text:TcpClose)
                  00012e58    00000038               : timer.oem4f (.text:TimerHSTick)
                  00012e90    00000038     drivers_tivaware.aem4f : UART.oem4f (.text:UART_init)
                  00012ec8    00000038     nettool_ipv4.aem4f : dhcptags.oem4f (.text:dhcpOptionsClear)
                  00012f00    00000038     stk.aem4f : file.oem4f (.text:fdint_waitevent)
                  00012f38    00000038     sysbios.aem4f : BIOS.obj (.text:ti_sysbios_family_arm_m3_Hwi_excNoIsr__I)
                  00012f70    00000038                   : BIOS.obj (.text:ti_sysbios_family_arm_m3_TaskSupport_start__E)
                  00012fa8    00000038                   : BIOS.obj (.text:ti_sysbios_knl_Task_processVitalTaskFlag__I)
                  00012fe0    00000038     ti.targets.arm.rtsarm.aem4f : SysMin.oem4f (.text:xdc_runtime_SysMin_putch__E)
                  00013018    00000038                                 : System.oem4f (.text:xdc_runtime_System_atexit__E)
                  00013050    00000034     nettool_ipv4.aem4f : config.oem4f (.text:CfgSetService)
                  00013084    00000034     driverlib.lib : emac.obj (.text:EMACConfigSet)
                  000130b8    00000034                   : emac.obj (.text:EMACIntClear)
                  000130ec    00000034     drivers_tivaware.aem4f : EMAC.oem4f (.text:EMAC_init)
                  00013120    00000034     stk.aem4f : ip.oem4f (.text:IPChecksum)
                  00013154    00000034               : nimu.oem4f (.text:NIMUFindByName)
                  00013188    00000034               : nimu.oem4f (.text:NIMUInit)
                  000131bc    00000034     driverlib.lib : sysctl.obj (.text:SysCtlPeripheralEnable)
                  000131f0    00000034     drivers_tivaware.aem4f : UARTTiva.oem4f (.text:UARTTiva_close)
                  00013224    00000034     nettool_ipv4.aem4f : dhcpbild.oem4f (.text:dhcpBuildDiscover)
                  00013258    00000034     os.aem4f : mem.oem4f (.text:mmUnInitPage)
                  0001328c    00000034     sysbios.aem4f : BIOS.obj (.text:ti_sysbios_family_arm_m3_Hwi_excNmi__I)
                  000132c0    00000034                   : BIOS.obj (.text:ti_sysbios_hal_Hwi_checkStack)
                  000132f4    00000034     tivaRTSC_JS_pem4f.oem4f (.text:ti_sysbios_knl_Semaphore_create)
                  00013328    00000034     ti.targets.arm.rtsarm.aem4f : Core-label.oem4f (.text:xdc_runtime_Core_assignLabel__I)
                  0001335c    00000033                                 : Text.oem4f (.text:xdc_runtime_Text_printVisFxn__I)
                  0001338f    00000001     --HOLE-- [fill = 0]
                  00013390    00000032     nettool_ipv4.aem4f : config.oem4f (.text:CfgGetImmediate)
                  000133c2    00000032     stk.aem4f : route.oem4f (.text:RtDeRef)
                  000133f4    00000032               : sb.oem4f (.text:SBSetMax)
                  00013426    00000032               : sock.oem4f (.text:SockIntAbort)
                  00013458    00000032               : tcpprot.oem4f (.text:TcpPrSend)
                  0001348a    00000032     drivers_tivaware.aem4f : UARTTiva.oem4f (.text:UARTTiva_readCancel)
                  000134bc    00000032                            : UARTTiva.oem4f (.text:UARTTiva_writeCancel)
                  000134ee    00000032     nettool_ipv4.aem4f : config.oem4f (.text:_CfgAcquire)
                  00013520    00000032                        : dhcpsm.oem4f (.text:dhcpIPRemove)
                  00013552    00000032     sysbios.aem4f : BIOS.obj (.text:ti_sysbios_knl_Semaphore_pendTimeout__I)
                  00013584    00000030     driverlib.lib : emac.obj (.text:EMACAddrSet)
                  000135b4    00000030     drivers_tivaware.aem4f : EMACSnow.oem4f (.text:EMACSnow_handlePackets)
                  000135e4    00000030     os.aem4f : task.oem4f (.text:NDK_hookCreate)
                  00013614    00000030     netctrl_min_ipv4.aem4f : netsrv.oem4f (.text:NS_PreBoot)
                  00013644    00000030     drivers_tivaware.aem4f : PWMTiva.oem4f (.text:PWMTiva_init)
                  00013674    00000030     stk.aem4f : sb.oem4f (.text:SBFlush)
                  000136a4    00000030               : sock.oem4f (.text:SockBind)
                  000136d4    00000030               : sockpcb.oem4f (.text:SockCleanPcb)
                  00013704    00000030               : sockprot.oem4f (.text:SockPrCtlError)
                  00013734    00000030     nettool_ipv4.aem4f : dhcpsock.oem4f (.text:dhcpPacketSend)
                  00013764    00000030     stk.aem4f : listlib.oem4f (.text:list_remove_node)
                  00013794    00000030     rtsv7M4_T_le_v4SPD16_eabi.lib : strncpy.obj (.text)
                  000137c4    00000030     tivaRTSC_JS_pem4f.oem4f (.text:ti_sysbios_BIOS_atExitFunc__I)
                  000137f4    00000030     tivaRTSC_JS_pem4f.oem4f (.text:ti_sysbios_gates_GateHwi_Object__create__S)
                  00013824    00000030     tivaRTSC_JS_pem4f.oem4f (.text:ti_sysbios_gates_GateMutex_Object__create__S)
                  00013854    00000030     tivaRTSC_JS_pem4f.oem4f (.text:ti_sysbios_heaps_HeapMem_Object__create__S)
                  00013884    00000030     tivaRTSC_JS_pem4f.oem4f (.text:ti_sysbios_knl_Semaphore_construct)
                  000138b4    00000030     ti.targets.arm.rtsarm.aem4f : SysMin.oem4f (.text:xdc_runtime_SysMin_abort__E)
                  000138e4    00000030                                 : System.oem4f (.text:xdc_runtime_System_processAtExit__E)
                  00013914    0000002e     stk.aem4f : rawethsock.oem4f (.text:RawEthSockNotify)
                  00013942    0000002e               : route.oem4f (.text:RtSetFailure)
                  00013970    0000002e               : sb.oem4f (.text:SBFree)
                  0001399e    0000002e     tivaRTSC_JS_pem4f.oem4f (.text:malloc)
                  000139cc    0000002e     rtsv7M4_T_le_v4SPD16_eabi.lib : i_tofd_t2.obj (.text)
                  000139fa    0000002c     driverlib.lib : emac.obj (.text:EMACIntStatus)
                  00013a26    0000002c     stk.aem4f : file.oem4f (.text:FdSignalEvent)
                  00013a52    0000002c               : nimu.oem4f (.text:NIMUAllocateIndex)
                  00013a7e    00000002     --HOLE-- [fill = 0]
                  00013a80    0000002c               : nimu.oem4f (.text:NIMUPacketServiceCheck)
                  00013aac    0000002c               : pipe.oem4f (.text:PipeClose)
                  00013ad8    0000002c               : sockpcb.oem4f (.text:SockPcbAttach)
                  00013b04    0000002c     Boot.aem4f : Boot_sysctl.oem4f (.text:_SysCtlMemTimingGet)
                  00013b30    0000002c     sysbios.aem4f : BIOS.obj (.text:ti_sysbios_hal_Hwi_initStack)
                  00013b5c    0000002c     tivaRTSC_JS_pem4f.oem4f (.text:ti_sysbios_knl_Clock_doTick__I)
                  00013b88    0000002c     tivaRTSC_JS_pem4f.oem4f (.text:ti_sysbios_knl_Queue_construct)
                  00013bb4    0000002c     sysbios.aem4f : BIOS.obj (.text:ti_sysbios_knl_Task_restore__E)
                  00013be0    0000002c     ti.targets.arm.rtsarm.aem4f : Text.oem4f (.text:xdc_runtime_Text_cordText__E)
                  00013c0c    0000002a     driverlib.lib : gpio.obj (.text:GPIODirModeSet)
                  00013c36    0000002a     stk.aem4f : lli.oem4f (.text:LLIFree)
                  00013c60    0000002a               : pbm.oem4f (.text:PBMQ_deq)
                  00013c8a    0000002a     nettool_ipv4.aem4f : config.oem4f (.text:_CfgRelease)
                  00013cb4    0000002a     ti.targets.arm.rtsarm.aem4f : System.oem4f (.text:xdc_runtime_System_putchar__I)
                  00013cde    00000002     --HOLE-- [fill = 0]
                  00013ce0    00000028     stk.aem4f : bind.oem4f (.text:BindFindByNet)
                  00013d08    00000028     drivers_tivaware.aem4f : EMACSnow.oem4f (.text:EMACSnow_isLinkUp)
                  00013d30    00000028                            : EMACSnow.oem4f (.text:EMACSnow_pkt_service)
                  00013d58    00000028     stk.aem4f : igmp.oem4f (.text:IGMPTestGroup)
                  00013d80    00000028     netctrl_min_ipv4.aem4f : netctrl.oem4f (.text:NC_SystemClose)
                  00013da8    00000028     stk.aem4f : nimu.oem4f (.text:NIMUCreatePacket)
                  00013dd0    00000028               : nimu.oem4f (.text:NIMUPacketService)
                  00013df8    00000028     netctrl_min_ipv4.aem4f : netsrv.oem4f (.text:ServiceCallback)
                  00013e20    00000028     stk.aem4f : tcpin.oem4f (.text:TcpEnterTimeWait)
                  00013e48    00000028               : vlan.oem4f (.text:VLANFindSourceInterface)
                  00013e70    00000028               : vlan.oem4f (.text:VLANInit)
                  00013e98    00000028               : lli.oem4f (.text:_LLIExpListRemove)
                  00013ec0    00000028               : lli.oem4f (.text:_LLITimeoutFlush)
                  00013ee8    00000028               : rtable.oem4f (.text:_RtExpListRemove)
                  00013f10    00000028     nettool_ipv4.aem4f : dhcpsock.oem4f (.text:dhcpPacketReceive)
                  00013f38    00000028     sysbios.aem4f : BIOS.obj (.text:ti_sysbios_family_arm_m3_Hwi_Instance_finalize__E)
                  00013f60    00000026     driverlib.lib : emac.obj (.text:EMACPHYRead)
                  00013f86    00000026                   : emac.obj (.text:EMACPHYWrite)
                  00013fac    00000026     stk.aem4f : rawethsock.oem4f (.text:RawEthSockClose)
                  00013fd2    00000026               : route.oem4f (.text:RtSetTimeout)
                  00013ff8    00000026     tivaRTSC_JS_pem4f.oem4f (.text:ti_ndk_config_udp_init)
                  0001401e    00000026     sysbios.aem4f : m3_Hwi_asm.obj (.text:ti_sysbios_family_arm_m3_Hwi_pendSV__I)
                  00014044    00000026     ti.targets.arm.rtsarm.aem4f : System.oem4f (.text:xdc_runtime_System_avprintf__E)
                  0001406a    00000024     stk.aem4f : bind.oem4f (.text:BindGetIFByDBCast)
                  0001408e    00000002     --HOLE-- [fill = 0]
                  00014090    00000024     drivers_tivaware.aem4f : EMACSnow.oem4f (.text:EMACSnow_emacPoll)
                  000140b4    00000024                            : EMACSnow.oem4f (.text:EMACSnow_primeRx)
                  000140d8    00000024     stk.aem4f : exec.oem4f (.text:ExecTimer)
                  000140fc    00000024     drivers_tivaware.aem4f : GPIOTiva.oem4f (.text:GPIO_init)
                  00014120    00000024     stk.aem4f : nimu.oem4f (.text:NIMUFindByIndex)
                  00014144    00000024               : rawethsock_pcb.oem4f (.text:RawEthSockPcbFind)
                  00014168    00000024               : route.oem4f (.text:RtFree)
                  0001418c    00000024               : sockpcb.oem4f (.text:SockPcbCleanup)
                  000141b0    00000024               : tcptime.oem4f (.text:TcpTimeoutWait2)
                  000141d4    00000024               : timer.oem4f (.text:TimerListRemove)
                  000141f8    00000024     nettool_ipv4.aem4f : config.oem4f (.text:_CfgEntryProcess)
                  0001421c    00000024     tivaRTSC_JS_pem4f.oem4f (.text:ti_sysbios_BIOS_errorRaiseHook__I)
                  00014240    00000024     tivaRTSC_JS_pem4f.oem4f (.text:ti_sysbios_BIOS_registerRTSLock__I)
                  00014264    00000024     tivaRTSC_JS_pem4f.oem4f (.text:ti_sysbios_BIOS_removeRTSLock__I)
                  00014288    00000024     tivaRTSC_JS_pem4f.oem4f (.text:ti_sysbios_BIOS_startFunc__I)
                  000142ac    00000024     sysbios.aem4f : BIOS.obj (.text:ti_sysbios_family_arm_m3_Hwi_doTaskRestore__I)
                  000142d0    00000024     tivaRTSC_JS_pem4f.oem4f (.text:ti_sysbios_gates_GateMutex_Object__delete__S)
                  000142f4    00000024     sysbios.aem4f : BIOS.obj (.text:ti_sysbios_knl_Clock_Module_startup__E)
                  00014318    00000024     tivaRTSC_JS_pem4f.oem4f (.text:ti_sysbios_knl_Semaphore_Object__delete__S)
                  0001433c    00000024     sysbios.aem4f : BIOS.obj (.text:ti_sysbios_knl_Swi_Module_startup__E)
                  00014360    00000024                   : BIOS.obj (.text:ti_sysbios_knl_Task_enter__I)
                  00014384    00000024     ti.targets.arm.rtsarm.aem4f : System.oem4f (.text:xdc_runtime_System_vprintf__E)
                  000143a8    00000022     nettool_ipv4.aem4f : config.oem4f (.text:CfgEntryInfo)
                  000143ca    00000022                        : config.oem4f (.text:CfgEntryRef)
                  000143ec    00000022     driverlib.lib : pwm.obj (.text:PWMGenConfigure)
                  0001440e    00000022     drivers_tivaware.aem4f : PWMTiva.oem4f (.text:PWMTiva_getPeriodCounts)
                  00014430    00000022     stk.aem4f : vlan.oem4f (.text:VLANFindNode)
                  00014452    00000022     roveWare_TCPSocket.obj (.text:setsockopt)
                  00014474    00000022     tivaRTSC_JS_pem4f.oem4f (.text:xdc_runtime_SysMin_output__I)
                  00014496    00000002     --HOLE-- [fill = 0]
                  00014498    00000020     stk.aem4f : bind.oem4f (.text:BindFindByHost)
                  000144b8    00000020     netctrl_min_ipv4.aem4f : netctrl.oem4f (.text:NC_BootComplete)
                  000144d8    00000020     stk.aem4f : nimu.oem4f (.text:NIMUGetNumOfObject)
                  000144f8    00000020               : rtc.oem4f (.text:RTCAddHook)
                  00014518    00000020               : rtc.oem4f (.text:RTCRemoveHook)
                  00014538    00000020     tivaRTSC_JS_pem4f.oem4f (.text:ti_sysbios_family_arm_m3_Hwi_Object__delete__S)
                  00014558    00000020     sysbios.aem4f : m3_Hwi_asm.obj (.text:ti_sysbios_family_arm_m3_Hwi_excHandlerAsm__I)
                  00014578    00000020                   : BIOS.obj (.text:ti_sysbios_family_arm_m3_Hwi_excHandler__I)
                  00014598    00000020     tivaRTSC_JS_pem4f.oem4f (.text:ti_sysbios_gates_GateHwi_Object__delete__S)
                  000145b8    00000020     tivaRTSC_JS_pem4f.oem4f (.text:ti_sysbios_heaps_HeapMem_Object__delete__S)
                  000145d8    00000020     sysbios.aem4f : BIOS.obj (.text:ti_sysbios_knl_Idle_run__E)
                  000145f8    00000020     tivaRTSC_JS_pem4f.oem4f (.text:ti_sysbios_knl_Semaphore_Object__destruct__S)
                  00014618    00000020     tivaRTSC_JS_pem4f.oem4f (.text:ti_sysbios_knl_Swi_Object__delete__S)
                  00014638    00000020     tivaRTSC_JS_pem4f.oem4f (.text:ti_sysbios_knl_Task_Object__delete__S)
                  00014658    00000020     ti.targets.arm.rtsarm.aem4f : Registry.oem4f (.text:xdc_runtime_Registry_findById__E)
                  00014678    00000020                                 : SysMin.oem4f (.text:xdc_runtime_SysMin_Module_startup__E)
                  00014698    0000001e     driverlib.lib : pwm.obj (.text:PWMPulseWidthSet)
                  000146b6    0000001e     drivers_tivaware.aem4f : PWMTiva.oem4f (.text:PWMTiva_getPeriodMicroSecs)
                  000146d4    0000001e     stk.aem4f : fileuser.oem4f (.text:fdError)
                  000146f2    0000001e               : listlib.oem4f (.text:list_remove)
                  00014710    0000001e     roveWare_TCPSocket.obj (.text:recv)
                  0001472e    0000001e     sysbios.aem4f : m3_Hwi_asm_switch.obj (.text:ti_sysbios_family_xxx_Hwi_switchAndRunFunc)
                  0001474c    0000001c     stk.aem4f : bind.oem4f (.text:BindFindByIF)
                  00014768    0000001c     drivers_tivaware.aem4f : EMACSnow.oem4f (.text:EMACSnow_init)
                  00014784    0000001c     stk.aem4f : exec.oem4f (.text:ExecBroadcast)
                  000147a0    0000001c               : exec.oem4f (.text:ExecClose)
                  000147bc    0000001c     os.aem4f : ossys.oem4f (.text:NDK_sprintf)
                  000147d8    0000001c     stk.aem4f : nimu.oem4f (.text:NIMUAddHeader)
                  000147f4    0000001c               : sockprot.oem4f (.text:SockPrDetach)
                  00014810    0000001c     os.aem4f : task.oem4f (.text:TaskDestroy)
                  0001482c    0000001c     stk.aem4f : tcp.oem4f (.text:TcpTimeoutRemove)
                  00014848    0000001c     driverlib.lib : uart.obj (.text:UARTDisable)
                  00014864    0000001c     rtsv7M4_T_le_v4SPD16_eabi.lib : memccpy.obj (.text)
                  00014880    0000001c     tivaRTSC_JS_pem4f.oem4f (.text:ti_ndk_config_global_taskCreateHook)
                  0001489c    0000001c     tivaRTSC_JS_pem4f.oem4f (.text:ti_sysbios_BIOS_rtsLock__I)
                  000148b8    0000001c     tivaRTSC_JS_pem4f.oem4f (.text:ti_sysbios_family_arm_m3_Hwi_Object__destruct__S)
                  000148d4    0000001c     sysbios.aem4f : BIOS.obj (.text:ti_sysbios_gates_GateMutex_Instance_init__E)
                  000148f0    0000001c     tivaRTSC_JS_pem4f.oem4f (.text:ti_sysbios_knl_Queue_Object__destruct__S)
                  0001490c    0000001c     ti.targets.arm.rtsarm.aem4f : Error.oem4f (.text:xdc_runtime_Error_raiseX__E)
                  00014928    0000001c                                 : Memory.oem4f (.text:xdc_runtime_Memory_valloc__E)
                  00014944    0000001c                                 : SysMin.oem4f (.text:xdc_runtime_SysMin_exit__E)
                  00014960    0000001c                                 : System.oem4f (.text:xdc_runtime_System_abort__E)
                  0001497c    0000001a     stk.aem4f : sockint.oem4f (.text:SockSetOOBMark)
                  00014996    0000001a               : file.oem4f (.text:fdint_getfdt)
                  000149b0    0000001a     tivaRTSC_JS_pem4f.oem4f (.text:ti_sysbios_family_arm_m3_Hwi_Handle__label__S)
                  000149ca    0000001a     tivaRTSC_JS_pem4f.oem4f (.text:ti_sysbios_gates_GateHwi_Handle__label__S)
                  000149e4    0000001a     tivaRTSC_JS_pem4f.oem4f (.text:ti_sysbios_gates_GateMutex_Handle__label__S)
                  000149fe    0000001a     tivaRTSC_JS_pem4f.oem4f (.text:ti_sysbios_heaps_HeapMem_Handle__label__S)
                  00014a18    0000001a     tivaRTSC_JS_pem4f.oem4f (.text:ti_sysbios_knl_Swi_Handle__label__S)
                  00014a32    0000001a     tivaRTSC_JS_pem4f.oem4f (.text:ti_sysbios_knl_Task_Handle__label__S)
                  00014a4c    0000001a     sysbios.aem4f : BIOS.obj (.text:ti_sysbios_knl_Task_sleepTimeout__I)
                  00014a66    0000001a     tivaRTSC_JS_pem4f.oem4f (.text:xdc_runtime_System_aprintf__E)
                  00014a80    0000001a     tivaRTSC_JS_pem4f.oem4f (.text:xdc_runtime_System_printf__E)
                  00014a9a    00000002     --HOLE-- [fill = 0]
                  00014a9c    00000018     drivers_tivaware.aem4f : EMACSnow.oem4f (.text:EMACSnow_emacSend)
                  00014ab4    00000018     driverlib.lib : gpio.obj (.text:GPIOPinTypeGPIOOutput)
                  00014acc    00000018     stk.aem4f : ip.oem4f (.text:IPRtChange)
                  00014ae4    00000018     drivers_tivaware.aem4f : PWM.oem4f (.text:PWM_open)
                  00014afc    00000018     stk.aem4f : rawethsock_pcb.oem4f (.text:RawEthSockPcbCleanup)
                  00014b14    00000018     nettool_ipv4.aem4f : ipaddr.oem4f (.text:RouteHook)
                  00014b2c    00000018     stk.aem4f : tcpin.oem4f (.text:SEQ_GEQ)
                  00014b44    00000018               : tcpout.oem4f (.text:SEQ_GEQ)
                  00014b5c    00000018               : tcpin.oem4f (.text:SEQ_GT)
                  00014b74    00000018               : tcpout.oem4f (.text:SEQ_GT)
                  00014b8c    00000018               : tcpin.oem4f (.text:SEQ_LEQ)
                  00014ba4    00000018               : tcpout.oem4f (.text:SEQ_LEQ)
                  00014bbc    00000018               : tcpin.oem4f (.text:SEQ_LT)
                  00014bd4    00000018               : tcpout.oem4f (.text:SEQ_LT)
                  00014bec    00000018               : tcp.oem4f (.text:TcpTimeoutAdd)
                  00014c04    00000018     drivers_tivaware.aem4f : UART.oem4f (.text:UART_Params_init)
                  00014c1c    00000018                            : UART.oem4f (.text:UART_open)
                  00014c34    00000018     nettool_ipv4.aem4f : dhcpsock.oem4f (.text:dhcpSocketClose)
                  00014c4c    00000018     tivaRTSC_JS_pem4f.oem4f (.text:free)
                  00014c64    00000018     stk.aem4f : listlib.oem4f (.text:list_add)
                  00014c7c    00000018     rtsv7M4_T_le_v4SPD16_eabi.lib : args_main.obj (.text)
                  00014c94    00000018                                   : ll_mul_t2.obj (.text)
                  00014cac    00000018                                   : strcmp.obj (.text)
                  00014cc4    00000018     tivaRTSC_JS_pem4f.oem4f (.text:ti_sysbios_BIOS_rtsUnlock__I)
                  00014cdc    00000018     tivaRTSC_JS_pem4f.oem4f (.text:ti_sysbios_family_arm_lm4_Timer_Module__startupDone__F)
                  00014cf4    00000018     tivaRTSC_JS_pem4f.oem4f (.text:ti_sysbios_family_arm_m3_Hwi_Module__startupDone__F)
                  00014d0c    00000018     sysbios.aem4f : m3_TaskSupport_asm.obj (.text:ti_sysbios_family_arm_m3_TaskSupport_swap__E)
                  00014d24    00000018                   : BIOS.obj (.text:ti_sysbios_gates_GateMutex_leave__E)
                  00014d3c    00000018     ti.targets.arm.rtsarm.aem4f : Error.oem4f (.text:xdc_runtime_Error_check__E)
                  00014d54    00000018                                 : System.oem4f (.text:xdc_runtime_System_exit__E)
                  00014d6c    00000018                                 : Text.oem4f (.text:xdc_runtime_Text_ropeText__E)
                  00014d84    00000016     stk.aem4f : bind.oem4f (.text:BindGetIP)
                  00014d9a    00000016     driverlib.lib : emac.obj (.text:EMACReset)
                  00014db0    00000016                   : emac.obj (.text:EMACRxEnable)
                  00014dc6    00000016                   : emac.obj (.text:EMACTxEnable)
                  00014ddc    00000016     stk.aem4f : file.oem4f (.text:fdint_freefdt)
                  00014df2    00000016     rtsv7M4_T_le_v4SPD16_eabi.lib : memchr.obj (.text)
                  00014e08    00000016                                   : strchr.obj (.text)
                  00014e1e    00000016     tivaRTSC_JS_pem4f.oem4f (.text:ti_sysbios_BIOS_exitFunc__I)
                  00014e34    00000016     ti.targets.arm.rtsarm.aem4f : System.oem4f (.text:xdc_runtime_System_vsprintf__E)
                  00014e4a    00000014     stk.aem4f : bind.oem4f (.text:BindIPHost2IF)
                  00014e5e    00000002     --HOLE-- [fill = 0]
                  00014e60    00000014     driverlib.lib : flash.obj (.text:FlashUserGet)
                  00014e74    00000014     netctrl_min_ipv4.aem4f : netctrl.oem4f (.text:NC_NetStop)
                  00014e88    00000014     os.aem4f : task.oem4f (.text:NDK_hookExit)
                  00014e9c    00000014     stk.aem4f : nimu.oem4f (.text:NIMUSendPacket)
                  00014eb0    00000014     nettool_ipv4.aem4f : ipaddr.oem4f (.text:NtRemoveNetwork)
                  00014ec4    00000014     driverlib.lib : pwm.obj (.text:PWMClockSet)
                  00014ed8    00000014     stk.aem4f : rawethsock_pcb.oem4f (.text:RawEthSockPcbInit)
                  00014eec    00000014     driverlib.lib : sysctl.obj (.text:SysCtlPWMClockSet)
                  00014f00    00000014     stk.aem4f : timer.oem4f (.text:TimerFree)
                  00014f14    00000014     driverlib.lib : uart.obj (.text:UARTEnable)
                  00014f28    00000014     roveWare_TCPSocket.obj (.text:connect)
                  00014f3c    00000014     rtsv7M4_T_le_v4SPD16_eabi.lib : _lock.obj (.text)
                  00014f50    00000014                                   : strlen.obj (.text)
                  00014f64    00000014     roveWare_TCPSocket.obj (.text:socket)
                  00014f78    00000014     tivaRTSC_JS_pem4f.oem4f (.text:ti_ndk_config_global_taskExitHook)
                  00014f8c    00000014     tivaRTSC_JS_pem4f.oem4f (.text:ti_sysbios_family_arm_m3_Hwi_Object__get__S)
                  00014fa0    00000014     sysbios.aem4f : BIOS.obj (.text:ti_sysbios_family_arm_m3_Hwi_switchFromBootStack__E)
                  00014fb4    00000014     tivaRTSC_JS_pem4f.oem4f (.text:ti_sysbios_heaps_HeapMem_Object__get__S)
                  00014fc8    00000014     tivaRTSC_JS_pem4f.oem4f (.text:ti_sysbios_knl_Swi_Object__get__S)
                  00014fdc    00000014     tivaRTSC_JS_pem4f.oem4f (.text:ti_sysbios_knl_Task_Object__first__S)
                  00014ff0    00000014     tivaRTSC_JS_pem4f.oem4f (.text:ti_sysbios_knl_Task_Object__next__S)
                  00015004    00000012     driverlib.lib : gpio.obj (.text:GPIOPinTypeEthernetLED)
                  00015016    00000012                   : gpio.obj (.text:GPIOPinTypePWM)
                  00015028    00000012                   : gpio.obj (.text:GPIOPinTypeUART)
                  0001503a    00000012                   : pwm.obj (.text:PWMGenPeriodGet)
                  0001504c    00000012                   : pwm.obj (.text:PWMOutputInvert)
                  0001505e    00000012                   : pwm.obj (.text:PWMOutputState)
                  00015070    00000012     stk.aem4f : sockprot.oem4f (.text:SockPrAttach)
                  00015082    00000012               : sockint.oem4f (.text:SockSetOOBData)
                  00015094    00000012     rtsv7M4_T_le_v4SPD16_eabi.lib : copy_zero_init.obj (.text:decompress:ZI)
                  000150a6    00000012     nettool_ipv4.aem4f : inetaddr.oem4f (.text:inet_addr)
                  000150b8    00000012     rtsv7M4_T_le_v4SPD16_eabi.lib : xdclass.obj (.text)
                  000150ca    00000012     sysbios.aem4f : BIOS.obj (.text:ti_sysbios_hal_Hwi_Module_startup__E)
                  000150dc    00000012                   : BIOS.obj (.text:ti_sysbios_knl_Semaphore_reset__E)
                  000150ee    00000012     tivaRTSC_JS_pem4f.oem4f (.text:xdc_runtime_Startup_exec__I)
                  00015100    00000010     tivaRTSC_JS_pem4f.oem4f (.text:.bootCodeSection:ti_catalog_arm_cortexm4_tiva_ce_Boot_init__I)
                  00015110    00000010     stk.aem4f : bind.oem4f (.text:BindIF2IPHost)
                  00015120    00000010               : bind.oem4f (.text:BindIFNet2IPHost)
                  00015130    00000010     driverlib.lib : emac.obj (.text:EMACFrameFilterSet)
                  00015140    00000010     stk.aem4f : exec.oem4f (.text:ExecHRef)
                  00015150    00000010     netctrl_min_ipv4.aem4f : netctrl.oem4f (.text:NC_IPUpdate)
                  00015160    00000010     stk.aem4f : nimu.oem4f (.text:NIMUGetRsvdSizeInfo)
                  00015170    00000010     driverlib.lib : pwm.obj (.text:PWMGenPeriodSet)
                  00015180    00000010     drivers_tivaware.aem4f : PWM.oem4f (.text:PWM_Params_init)
                  00015190    00000010     rtsv7M4_T_le_v4SPD16_eabi.lib : strcpy.obj (.text)
                  000151a0    00000010     sysbios.aem4f : BIOS.obj (.text:ti_sysbios_BIOS_getCpuFreq__E)
                  000151b0    00000010                   : BIOS.obj (.text:ti_sysbios_BIOS_setThreadType__E)
                  000151c0    00000010                   : BIOS.obj (.text:ti_sysbios_BIOS_start__E)
                  000151d0    00000010                   : m3_TaskSupport_asm.obj (.text:ti_sysbios_family_arm_m3_TaskSupport_glue)
                  000151e0    00000010                   : BIOS.obj (.text:ti_sysbios_gates_GateMutex_Instance_finalize__E)
                  000151f0    00000010     tivaRTSC_JS_pem4f.oem4f (.text:ti_sysbios_knl_Mailbox_Object__get__S)
                  00015200    00000010     sysbios.aem4f : BIOS.obj (.text:ti_sysbios_knl_Semaphore_Instance_finalize__E)
                  00015210    00000010                   : BIOS.obj (.text:ti_sysbios_knl_Swi_disable__E)
                  00015220    00000010     tivaRTSC_JS_pem4f.oem4f (.text:ti_sysbios_knl_Task_Object__get__S)
                  00015230    00000010     sysbios.aem4f : BIOS.obj (.text:ti_sysbios_knl_Task_disable__E)
                  00015240    00000010                   : BIOS.obj (.text:ti_sysbios_knl_Task_getIdleTask__E)
                  00015250    00000010     ti.targets.arm.rtsarm.aem4f : Gate.oem4f (.text:xdc_runtime_Gate_leaveSystem__E)
                  00015260    00000010                                 : Memory.oem4f (.text:xdc_runtime_Memory_free__E)
                  00015270    00000010                                 : SysMin.oem4f (.text:xdc_runtime_SysMin_ready__E)
                  00015280    00000010                                 : System.oem4f (.text:xdc_runtime_System_vsnprintf__E)
                  00015290    00000010     tivaRTSC_JS_pem4f.oem4f (.text:xdc_runtime_Text_visitRope__I)
                  000152a0    0000000e     drivers_tivaware.aem4f : EMACSnow.oem4f (.text:EMACSnow_emacioctl)
                  000152ae    0000000e     stk.aem4f : exec.oem4f (.text:ExecLowResource)
                  000152bc    0000000e     driverlib.lib : uart.obj (.text:UARTCharGetNonBlocking)
                  000152ca    0000000e                   : uart.obj (.text:UARTCharPutNonBlocking)
                  000152d8    0000000e     rtsv7M4_T_le_v4SPD16_eabi.lib : copy_decompress_none.obj (.text:decompress:none)
                  000152e6    0000000e     sysbios.aem4f : BIOS.obj (.text:ti_sysbios_knl_Queue_empty__E)
                  000152f4    0000000c     stk.aem4f : bind.oem4f (.text:BindGetFirst)
                  00015300    0000000c     nettool_ipv4.aem4f : config.oem4f (.text:CfgSetDefault)
                  0001530c    0000000c     os.aem4f : task.oem4f (.text:NDK_hookInit)
                  00015318    0000000c     stk.aem4f : nimu.oem4f (.text:NIMUSetRsvdSizeInfo)
                  00015324    0000000c     os.aem4f : task.oem4f (.text:NotifyLowResource)
                  00015330    0000000c     stk.aem4f : pbm.oem4f (.text:PBM_close)
                  0001533c    0000000c     driverlib.lib : pwm.obj (.text:PWMGenDisable)
                  00015348    0000000c                   : pwm.obj (.text:PWMGenEnable)
                  00015354    0000000c     os.aem4f : semaphore.oem4f (.text:SemDelete)
                  00015360    0000000c     hal_timer_bios.aem4f : lltimer.oem4f (.text:_llTimerShutdown)
                  0001536c    0000000c     roveDeviceTemplate_Thread.obj (.text:close)
                  00015378    0000000c     hal_timer_bios.aem4f : lltimer.oem4f (.text:llTimerGetStartTime)
                  00015384    0000000c     sysbios.aem4f : BIOS.obj (.text:ti_sysbios_BIOS_getThreadType__E)
                  00015390    0000000c                   : BIOS.obj (.text:ti_sysbios_family_arm_lm4_Timer_getMaxTicks__E)
                  0001539c    0000000c     tivaRTSC_JS_pem4f.oem4f (.text:ti_sysbios_family_arm_m3_Hwi_Params__init__S)
                  000153a8    0000000c     sysbios.aem4f : BIOS.obj (.text:ti_sysbios_family_arm_m3_Hwi_disableFxn__E)
                  000153b4    0000000c                   : BIOS.obj (.text:ti_sysbios_family_arm_m3_TaskSupport_checkStack__E)
                  000153c0    0000000c                   : BIOS.obj (.text:ti_sysbios_family_arm_m3_TaskSupport_getStackAlignment__E)
                  000153cc    0000000c                   : BIOS.obj (.text:ti_sysbios_gates_GateHwi_enter__E)
                  000153d8    0000000c     tivaRTSC_JS_pem4f.oem4f (.text:ti_sysbios_knl_Clock_Params__init__S)
                  000153e4    0000000c     sysbios.aem4f : BIOS.obj (.text:ti_sysbios_knl_Clock_getTicks__E)
                  000153f0    0000000c     tivaRTSC_JS_pem4f.oem4f (.text:ti_sysbios_knl_Queue_Object__get__S)
                  000153fc    0000000c     tivaRTSC_JS_pem4f.oem4f (.text:ti_sysbios_knl_Semaphore_Params__init__S)
                  00015408    0000000c     tivaRTSC_JS_pem4f.oem4f (.text:ti_sysbios_knl_Task_Params__init__S)
                  00015414    0000000c     sysbios.aem4f : BIOS.obj (.text:ti_sysbios_knl_Task_self__E)
                  00015420    0000000c     ti.targets.arm.rtsarm.aem4f : Error.oem4f (.text:xdc_runtime_Error_init__E)
                  0001542c    0000000c                                 : Gate.oem4f (.text:xdc_runtime_Gate_enterSystem__E)
                  00015438    0000000c                                 : Memory.oem4f (.text:xdc_runtime_Memory_calloc__E)
                  00015444    0000000c                                 : Memory.oem4f (.text:xdc_runtime_Memory_getMaxDefaultTypeAlign__E)
                  00015450    0000000a     driverlib.lib : uart.obj (.text:UARTCharGet)
                  0001545a    0000000a                   : uart.obj (.text:UARTCharPut)
                  00015464    0000000a                   : uart.obj (.text:UARTIntDisable)
                  0001546e    0000000a                   : uart.obj (.text:UARTIntStatus)
                  00015478    0000000a     stk.aem4f : file.oem4f (.text:fdint_signalevent)
                  00015482    0000000a               : file.oem4f (.text:fdint_signaltimeout)
                  0001548c    0000000a     tivaRTSC_JS_pem4f.oem4f (.text:xdc_runtime_IHeap_alloc)
                  00015496    0000000a     tivaRTSC_JS_pem4f.oem4f (.text:xdc_runtime_IHeap_free)
                  000154a0    00000008     driverlib.lib : emac.obj (.text:EMACTxDMAPollDemand)
                  000154a8    00000008     stk.aem4f : node.oem4f (.text:NodeFree)
                  000154b0    00000008     os.aem4f : task.oem4f (.text:TaskBlock)
                  000154b8    00000008     driverlib.lib : uart.obj (.text:UARTIntEnable)
                  000154c0    00000008     drivers_tivaware.aem4f : UARTTiva.oem4f (.text:UARTTiva_init)
                  000154c8    00000008                            : UARTTiva.oem4f (.text:readSemCallback)
                  000154d0    00000008     sysbios.aem4f : BIOS.obj (.text:ti_sysbios_family_arm_lm4_Timer_masterDisable__I)
                  000154d8    00000008                   : BIOS.obj (.text:ti_sysbios_family_arm_m3_Hwi_doSwiRestore__I)
                  000154e0    00000008                   : BIOS.obj (.text:ti_sysbios_family_arm_m3_Hwi_startup__E)
                  000154e8    00000008                   : BIOS.obj (.text:ti_sysbios_knl_Idle_loop__E)
                  000154f0    00000008                   : BIOS.obj (.text:ti_sysbios_knl_Task_getHookContext__E)
                  000154f8    00000008                   : BIOS.obj (.text:ti_sysbios_knl_Task_setHookContext__E)
                  00015500    00000008     drivers_tivaware.aem4f : UARTTiva.oem4f (.text:writeSemCallback)
                  00015508    00000006     driverlib.lib : emac.obj (.text:EMACRxDMADescriptorListSet)
                  0001550e    00000006                   : emac.obj (.text:EMACTxDMADescriptorListSet)
                  00015514    00000006                   : sysctl.obj (.text:SysCtlDelay)
                  0001551a    00000006     stk.aem4f : tcpprot.oem4f (.text:TcpPrRecv)
                  00015520    00000006     driverlib.lib : uart.obj (.text:UARTFIFOLevelSet)
                  00015526    00000006     drivers_tivaware.aem4f : UARTTiva.oem4f (.text:UARTTiva_control)
                  0001552c    00000006     ti.targets.arm.rtsarm.aem4f : xdc_noinit.oem4f (.text:__xdc__init)
                  00015532    00000006     rtsv7M4_T_le_v4SPD16_eabi.lib : copy_decompress_rle.obj (.text:decompress:rle24)
                  00015538    00000006     sysbios.aem4f : BIOS.obj (.text:ti_sysbios_family_arm_m3_Hwi_restoreFxn__E)
                  0001553e    00000006                   : BIOS.obj (.text:ti_sysbios_gates_GateHwi_leave__E)
                  00015544    00000006                   : BIOS.obj (.text:ti_sysbios_heaps_HeapMem_isBlocking__E)
                  0001554a    00000006                   : BIOS.obj (.text:ti_sysbios_knl_Queue_Instance_init__E)
                  00015550    00000006     ti.targets.arm.rtsarm.aem4f : System.oem4f (.text:xdc_runtime_System_Module_startup__E)
                  00015556    00000004     stk.aem4f : bind.oem4f (.text:BindGetIF)
                  0001555a    00000004               : bind.oem4f (.text:BindGetNext)
                  0001555e    00000004     os.aem4f : ossys.oem4f (.text:NDK_vsprintf)
                  00015562    00000004     stk.aem4f : node.oem4f (.text:NodeSetRt)
                  00015566    00000004               : rawethsock_prot.oem4f (.text:RawEthSockPrAttach)
[...]
00015409   ti_sysbios_knl_Task_Params__init__S
00015415   ti_sysbios_knl_Task_self__E
00015421   xdc_runtime_Error_init__E
0001542d   xdc_runtime_Gate_enterSystem__E
00015439   xdc_runtime_Memory_calloc__E
00015445   xdc_runtime_Memory_getMaxDefaultTypeAlign__E
00015451   UARTCharGet
0001545b   UARTCharPut
00015465   UARTIntDisable
0001546f   UARTIntStatus
00015479   fdint_signalevent
00015483   fdint_signaltimeout
000154a1   EMACTxDMAPollDemand
000154b1   TaskBlock
000154b9   UARTIntEnable
000154c1   UARTTiva_init
000154d1   ti_sysbios_family_arm_lm4_Timer_masterDisable__I
000154d9   ti_sysbios_family_arm_m3_Hwi_doSwiRestore__I
000154e1   ti_sysbios_family_arm_m3_Hwi_startup__E
000154e1   ti_sysbios_hal_Hwi_HwiProxy_startup__E
000154e1   ti_sysbios_hal_Hwi_startup__E
000154e9   ti_sysbios_knl_Idle_loop__E
000154f1   ti_sysbios_knl_Task_getHookContext__E
000154f9   ti_sysbios_knl_Task_setHookContext__E
00015509   EMACRxDMADescriptorListSet
0001550f   EMACTxDMADescriptorListSet
00015515   SysCtlDelay
0001551b   TcpPrRecv
00015521   UARTFIFOLevelSet
00015527   UARTTiva_control
0001552d   __xdc__init
00015533   __TI_decompress_rle24
00015539   OEMSysCritOff
00015539   ti_sysbios_family_arm_m3_Hwi_restoreFxn__E
00015539   ti_sysbios_hal_Hwi_HwiProxy_restore__E
00015539   ti_sysbios_hal_Hwi_restore__E
0001553f   ti_sysbios_gates_GateHwi_leave__E
00015545   ti_sysbios_heaps_HeapMem_isBlocking__E
0001554b   ti_sysbios_knl_Queue_Instance_init__E
00015551   xdc_runtime_System_Module_startup__E
00015557   BindGetIF
0001555b   BindGetNext
0001555f   NDK_vsprintf
00015563   NodeSetRt
00015567   RawEthSockPrAttach
0001556b   RawEthSockPrDetach
0001556f   SemPend
00015573   SemPost
00015577   SemReset
0001557b   TaskSelf
0001557f   TaskSetPri
00015583   UARTIntClear
00015587   _llSerialInit
0001558b   list_get_head
0001558f   list_get_next
00015593   ti_sysbios_BIOS_RtsGateProxy_enter__E
00015597   ti_sysbios_BIOS_RtsGateProxy_leave__E
0001559b   ti_sysbios_family_arm_lm4_Timer_masterEnable__I
0001559f   ti_sysbios_family_arm_m3_Hwi_delete
000155a3   ti_sysbios_family_arm_m3_Hwi_destruct
000155a7   ti_sysbios_family_arm_m3_TaskSupport_Module__startupDone__S
000155ab   ti_sysbios_gates_GateHwi_query__E
000155ab   xdc_runtime_Main_Module_GateProxy_query__E
000155ab   xdc_runtime_System_Module_GateProxy_query__E
000155af   ti_sysbios_BIOS_RtsGateProxy_query__E
000155af   ti_sysbios_gates_GateMutex_query__E
000155af   ti_sysbios_heaps_HeapMem_Module_GateProxy_query__E
000155b3   ti_sysbios_hal_Hwi_HwiProxy_Module__startupDone__S
000155b7   ti_sysbios_heaps_HeapMem_Module_GateProxy_enter__E
000155bb   ti_sysbios_heaps_HeapMem_Module_GateProxy_leave__E
000155bf   ti_sysbios_knl_Clock_TimerProxy_Module__startupDone__S
000155c3   ti_sysbios_knl_Clock_TimerProxy_getMaxTicks__E
000155c7   ti_sysbios_knl_Queue_destruct
000155cb   ti_sysbios_knl_Semaphore_delete
000155cf   ti_sysbios_knl_Semaphore_destruct
000155d3   ti_sysbios_knl_Swi_delete
000155d7   ti_sysbios_knl_Task_SupportProxy_Module__startupDone__S
000155db   ti_sysbios_knl_Task_delete
000155df   ti_sysbios_knl_Task_startup__E
000155e3   xdc_runtime_Error_getMsg__E
000155e7   xdc_runtime_Error_getSite__E
000155eb   xdc_runtime_Memory_HeapProxy_alloc__E
000155ef   xdc_runtime_Memory_HeapProxy_free__E
000155f3   xdc_runtime_System_Module_GateProxy_enter__E
000155f7   xdc_runtime_System_Module_GateProxy_leave__E
000155fb   xdc_runtime_System_aprintf_va__F
000155ff   xdc_runtime_System_printf_va__F
00015604   xdc_runtime_Text_charTab__A
00016e09   xdc_runtime_Error_policy__C
00016e0a   ti_catalog_arm_cortexm4_tiva_ce_Boot_Module__id__C
00016f2c   _ctypes_
0001702e   ti_sysbios_family_arm_m3_Hwi_Module__id__C
00017124   xdc_runtime_Text_nodeTab__A
0001728c   gpioHWAttrs
00017304   UART_config
000173dc   PWM_config
0001743c   Code2Err
00017490   pwmTivaHWAttrs
000174e4   uartTivaHWAttrs
00017562   ti_sysbios_family_arm_m3_Hwi_Module__loggerDefined__C
00017564   ti_sysbios_knl_Task_Object__PARAMS__C
000175d0   ti_sysbios_family_arm_m3_Hwi_Object__PARAMS__C
00017600   GPIO_config
00017658   UARTTiva_fxnTable
00017680   ti_sysbios_heaps_HeapMem_Module__FXNS__C
000176a8   ti_sysbios_knl_Swi_Object__PARAMS__C
000176d0   UART_defaultParams
000176f4   ti_sysbios_gates_GateHwi_Module__FXNS__C
00017718   ti_sysbios_gates_GateMutex_Module__FXNS__C
0001773c   ti_sysbios_heaps_HeapMem_Object__PARAMS__C
00017760   ti_sysbios_knl_Clock_Object__PARAMS__C
00017784   ti_sysbios_knl_Semaphore_Object__PARAMS__C
000177a8   xdc_runtime_Startup_sfxnTab__A
000177cc   PWMTiva_fxnTable
000177e8   PWMTiva_MAX_PRESCALAR
000177ea   PWMTiva_MAX_MATCH_VALUE
000177ec   ti_sysbios_family_arm_m3_Hwi_Object__DESC__C
0001780c   ti_sysbios_gates_GateHwi_Object__DESC__C
0001782c   ti_sysbios_gates_GateMutex_Object__DESC__C
0001784c   ti_sysbios_heaps_HeapMem_Object__DESC__C
0001786c   ti_sysbios_knl_Clock_Object__DESC__C
0001788c   ti_sysbios_knl_Queue_Object__DESC__C
000178ac   ti_sysbios_knl_Semaphore_Object__DESC__C
000178cc   ti_sysbios_knl_Swi_Object__DESC__C
000178ec   ti_sysbios_knl_Task_Object__DESC__C
0001790c   ti_ndk_config_Global_rawPageSize
00017910   ti_ndk_config_Global_rawPageCount
00017914   ti_ndk_config_Global_smallest
00017918   ti_ndk_config_Global_largest
0001791c   ti_ndk_config_Global_numFrameBuf
00017920   ti_ndk_config_Global_sizeFrameBuf
00017924   roveDeviceTemplateThreadTask
00017928   EMAC_config
00017958   ti_sysbios_gates_GateHwi_Object__PARAMS__C
00017970   ti_sysbios_gates_GateMutex_Object__PARAMS__C
00017988   ti_sysbios_knl_Queue_Object__PARAMS__C
000179a0   ti_sysbios_knl_Task_hooks__A
000179b8   xdc_runtime_Startup_firstFxns__A
000179cc   xdc_runtime_Startup_sfxnRts__A
000179f0   PWM_defaultParams
000179fc   emacHWAttrs
00017a10   EMACSnow_fxnTable
00017a18   ti_sysbios_family_arm_m3_Hwi_excHookFuncs__A
00017a20   ti_sysbios_knl_Idle_funcList__A
00017a28   ti_sysbios_knl_Idle_funcList__C
00017a30   ti_sysbios_knl_Task_hooks__C
00017a38   xdc_runtime_Startup_firstFxns__C
00017a40   xdc_runtime_Startup_lastFxns__C
00017a48   ti_catalog_arm_cortexm4_tiva_ce_Boot_A_mustNotUseEnhancedClockMode__C
00017a4c   ti_catalog_arm_cortexm4_tiva_ce_Boot_Module__diagsEnabled__C
00017a50   ti_catalog_arm_cortexm4_tiva_ce_Boot_Module__diagsIncluded__C
00017a54   ti_catalog_arm_cortexm4_tiva_ce_Boot_Module__diagsMask__C
00017a58   ti_sysbios_family_arm_lm4_Timer_enableFunc__C
00017a5c   ti_sysbios_family_arm_lm4_Timer_numTimerDevices__C
00017a60   ti_sysbios_family_arm_lm4_Timer_startupNeeded__C
00017a64   ti_sysbios_family_arm_m3_Hwi_E_NMI__C
00017a68   ti_sysbios_family_arm_m3_Hwi_E_alreadyDefined__C
00017a6c   ti_sysbios_family_arm_m3_Hwi_E_busFault__C
00017a70   ti_sysbios_family_arm_m3_Hwi_E_debugMon__C
00017a74   ti_sysbios_family_arm_m3_Hwi_E_hardFault__C
00017a78   ti_sysbios_family_arm_m3_Hwi_E_memFault__C
00017a7c   ti_sysbios_family_arm_m3_Hwi_E_noIsr__C
00017a80   ti_sysbios_family_arm_m3_Hwi_E_reserved__C
00017a84   ti_sysbios_family_arm_m3_Hwi_E_svCall__C
00017a88   ti_sysbios_family_arm_m3_Hwi_E_usageFault__C
00017a8c   ti_sysbios_family_arm_m3_Hwi_LD_end__C
00017a90   ti_sysbios_family_arm_m3_Hwi_LM_begin__C
00017a94   ti_sysbios_family_arm_m3_Hwi_Module__diagsEnabled__C
00017a98   ti_sysbios_family_arm_m3_Hwi_Module__diagsIncluded__C
00017a9c   ti_sysbios_family_arm_m3_Hwi_Module__diagsMask__C
00017aa0   ti_sysbios_family_arm_m3_Hwi_Module__loggerFxn1__C
00017aa4   ti_sysbios_family_arm_m3_Hwi_Module__loggerFxn8__C
00017aa8   ti_sysbios_family_arm_m3_Hwi_Module__loggerObj__C
00017aac   ti_sysbios_family_arm_m3_Hwi_NUM_INTERRUPTS__C
00017ab0   ti_sysbios_family_arm_m3_Hwi_Object__count__C
00017ab4   ti_sysbios_family_arm_m3_Hwi_ccr__C
00017ab8   ti_sysbios_family_arm_m3_Hwi_excHandlerFunc__C
00017abc   ti_sysbios_family_arm_m3_Hwi_excHookFuncs__C
00017ac0   ti_sysbios_family_arm_m3_Hwi_nullIsrFunc__C
00017ac4   ti_sysbios_family_arm_m3_Hwi_priGroup__C
00017ac8   ti_sysbios_family_arm_m3_TaskSupport_stackAlignment__C
00017acc   ti_sysbios_gates_GateMutex_A_badContext__C
00017ad0   ti_sysbios_gates_GateMutex_Instance_State_sem__O
00017ad4   ti_sysbios_gates_GateMutex_Module__diagsEnabled__C
00017ad8   ti_sysbios_gates_GateMutex_Module__diagsIncluded__C
00017adc   ti_sysbios_gates_GateMutex_Module__diagsMask__C
00017ae0   ti_sysbios_hal_Hwi_E_stackOverflow__C
00017ae4   ti_sysbios_heaps_HeapMem_A_align__C
00017ae8   ti_sysbios_heaps_HeapMem_A_heapSize__C
00017aec   ti_sysbios_heaps_HeapMem_A_invalidFree__C
00017af0   ti_sysbios_heaps_HeapMem_A_zeroBlock__C
00017af4   ti_sysbios_heaps_HeapMem_E_memory__C
00017af8   ti_sysbios_heaps_HeapMem_Module__diagsEnabled__C
00017afc   ti_sysbios_heaps_HeapMem_Module__diagsIncluded__C
00017b00   ti_sysbios_heaps_HeapMem_Module__diagsMask__C
00017b04   ti_sysbios_heaps_HeapMem_Module__gateObj__C
00017b08   ti_sysbios_heaps_HeapMem_Object__count__C
00017b0c   ti_sysbios_heaps_HeapMem_reqAlign__C
00017b10   ti_sysbios_knl_Clock_A_badThreadType__C
00017b14   ti_sysbios_knl_Clock_LM_begin__C
00017b18   ti_sysbios_knl_Clock_LM_tick__C
00017b1c   ti_sysbios_knl_Clock_LW_delayed__C
00017b20   ti_sysbios_knl_Clock_Module_State_clockQ__O
00017b24   ti_sysbios_knl_Clock_Module__diagsEnabled__C
00017b28   ti_sysbios_knl_Clock_Module__diagsIncluded__C
00017b2c   ti_sysbios_knl_Clock_Module__diagsMask__C
00017b30   ti_sysbios_knl_Clock_Module__loggerFxn1__C
00017b34   ti_sysbios_knl_Clock_Module__loggerFxn2__C
00017b38   ti_sysbios_knl_Clock_Module__loggerObj__C
00017b3c   ti_sysbios_knl_Mailbox_Instance_State_freeQue__O
00017b40   ti_sysbios_knl_Mailbox_Object__count__C
00017b44   ti_sysbios_knl_Mailbox_maxTypeAlign__C
00017b48   ti_sysbios_knl_Semaphore_A_badContext__C
00017b4c   ti_sysbios_knl_Semaphore_A_noEvents__C
00017b50   ti_sysbios_knl_Semaphore_A_overflow__C
00017b54   ti_sysbios_knl_Semaphore_A_pendTaskDisabled__C
00017b58   ti_sysbios_knl_Semaphore_Instance_State_pendQ__O
00017b5c   ti_sysbios_knl_Semaphore_LM_pend__C
00017b60   ti_sysbios_knl_Semaphore_LM_post__C
00017b64   ti_sysbios_knl_Semaphore_Module__diagsEnabled__C
00017b68   ti_sysbios_knl_Semaphore_Module__diagsIncluded__C
00017b6c   ti_sysbios_knl_Semaphore_Module__diagsMask__C
00017b70   ti_sysbios_knl_Semaphore_Module__loggerFxn2__C
00017b74   ti_sysbios_knl_Semaphore_Module__loggerFxn4__C
00017b78   ti_sysbios_knl_Semaphore_Module__loggerObj__C
00017b7c   ti_sysbios_knl_Swi_A_badPriority__C
00017b80   ti_sysbios_knl_Swi_LD_end__C
00017b84   ti_sysbios_knl_Swi_LM_begin__C
00017b88   ti_sysbios_knl_Swi_LM_post__C
00017b8c   ti_sysbios_knl_Swi_Module__diagsEnabled__C
00017b90   ti_sysbios_knl_Swi_Module__diagsIncluded__C
00017b94   ti_sysbios_knl_Swi_Module__diagsMask__C
00017b98   ti_sysbios_knl_Swi_Module__loggerFxn1__C
00017b9c   ti_sysbios_knl_Swi_Module__loggerFxn4__C
00017ba0   ti_sysbios_knl_Swi_Module__loggerObj__C
00017ba4   ti_sysbios_knl_Swi_Object__count__C
00017ba8   ti_sysbios_knl_Task_A_badPriority__C
00017bac   ti_sysbios_knl_Task_A_badTaskState__C
00017bb0   ti_sysbios_knl_Task_A_badThreadType__C
00017bb4   ti_sysbios_knl_Task_A_badTimeout__C
00017bb8   ti_sysbios_knl_Task_A_noPendElem__C
00017bbc   ti_sysbios_knl_Task_A_sleepTaskDisabled__C
00017bc0   ti_sysbios_knl_Task_E_deleteNotAllowed__C
00017bc4   ti_sysbios_knl_Task_E_spOutOfBounds__C
00017bc8   ti_sysbios_knl_Task_E_stackOverflow__C
00017bcc   ti_sysbios_knl_Task_LD_block__C
00017bd0   ti_sysbios_knl_Task_LD_exit__C
00017bd4   ti_sysbios_knl_Task_LD_ready__C
00017bd8   ti_sysbios_knl_Task_LM_setPri__C
00017bdc   ti_sysbios_knl_Task_LM_sleep__C
00017be0   ti_sysbios_knl_Task_LM_switch__C
00017be4   ti_sysbios_knl_Task_Module_State_inactiveQ__O
00017be8   ti_sysbios_knl_Task_Module_State_terminatedQ__O
00017bec   ti_sysbios_knl_Task_Module__diagsEnabled__C
00017bf0   ti_sysbios_knl_Task_Module__diagsIncluded__C
00017bf4   ti_sysbios_knl_Task_Module__diagsMask__C
00017bf8   ti_sysbios_knl_Task_Module__loggerFxn2__C
00017bfc   ti_sysbios_knl_Task_Module__loggerFxn4__C
00017c00   ti_sysbios_knl_Task_Module__loggerObj__C
00017c04   ti_sysbios_knl_Task_Object__count__C
00017c08   ti_sysbios_knl_Task_Object__heap__C
00017c0c   ti_sysbios_knl_Task_allBlockedFunc__C
00017c10   ti_sysbios_knl_Task_defaultStackHeap__C
00017c14   ti_sysbios_knl_Task_defaultStackSize__C
00017c18   ti_sysbios_knl_Task_numConstructedTasks__C
00017c1c   xdc_runtime_Assert_E_assertFailed__C
00017c20   xdc_runtime_Core_A_initializedParams__C
00017c24   xdc_runtime_Core_Module__diagsEnabled__C
00017c28   xdc_runtime_Core_Module__diagsIncluded__C
00017c2c   xdc_runtime_Core_Module__diagsMask__C
00017c30   xdc_runtime_Error_E_memory__C
00017c34   xdc_runtime_Error_Module__diagsEnabled__C
00017c38   xdc_runtime_Error_Module__diagsIncluded__C
00017c3c   xdc_runtime_Error_Module__diagsMask__C
00017c40   xdc_runtime_Error_Module__loggerFxn8__C
00017c44   xdc_runtime_Error_Module__loggerObj__C
00017c48   xdc_runtime_Error_policyFxn__C
00017c4c   xdc_runtime_Error_raiseHook__C
00017c50   xdc_runtime_IGateProvider_Interface__BASE__C
00017c54   xdc_runtime_IHeap_Interface__BASE__C
00017c58   xdc_runtime_IModule_Interface__BASE__C
00017c5c   xdc_runtime_Log_L_error__C
00017c60   xdc_runtime_Memory_defaultHeapInstance__C
00017c64   xdc_runtime_Startup_execImpl__C
00017c68   xdc_runtime_Startup_maxPasses__C
00017c6c   xdc_runtime_Startup_sfxnRts__C
00017c70   xdc_runtime_Startup_sfxnTab__C
00017c74   xdc_runtime_SysMin_bufSize__C
00017c78   xdc_runtime_SysMin_outputFunc__C
00017c7c   xdc_runtime_System_Module__gateObj__C
00017c80   xdc_runtime_System_abortFxn__C
00017c84   xdc_runtime_System_exitFxn__C
00017c88   xdc_runtime_System_extendFxn__C
00017c8c   xdc_runtime_System_maxAtexitHandlers__C
00017c90   xdc_runtime_Text_charTab__C
00017c94   xdc_runtime_Text_nameEmpty__C
00017c98   xdc_runtime_Text_nameStatic__C
00017c9c   xdc_runtime_Text_nameUnknown__C
00017ca0   xdc_runtime_Text_nodeTab__C
00017ca4   xdc_runtime_Text_visitRopeFxn__C
00017ca8   ti_sysbios_gates_GateMutex_Module__id__C
00017caa   ti_sysbios_hal_Hwi_Module__id__C
00017cac   ti_sysbios_heaps_HeapMem_Module__id__C
00017cae   ti_sysbios_knl_Clock_Module__id__C
00017cb0   ti_sysbios_knl_Clock_Module__loggerDefined__C
00017cb2   ti_sysbios_knl_Semaphore_Module__id__C
00017cb4   ti_sysbios_knl_Semaphore_Module__loggerDefined__C
00017cb6   ti_sysbios_knl_Swi_Module__id__C
00017cb8   ti_sysbios_knl_Swi_Module__loggerDefined__C
00017cba   ti_sysbios_knl_Task_Module__id__C
00017cbc   ti_sysbios_knl_Task_Module__loggerDefined__C
00017cbe   ti_sysbios_knl_Task_initStackFlag__C
00017cc0   xdc_runtime_Core_Module__id__C
00017cc2   xdc_runtime_Error_Module__loggerDefined__C
00017cc4   xdc_runtime_Error_maxDepth__C
00017cc6   xdc_runtime_Memory_Module__id__C
00017cc8   xdc_runtime_SysMin_flushAtExit__C
00017cca   xdc_runtime_Text_charCnt__C
00017ccc   xdc_runtime_Text_isLoaded__C
00017cce   xdc_runtime_Text_registryModsLastId__C
00017cd0   xdc_runtime_Text_unnamedModsLastId__C
00018330   __TI_Handler_Table_Base
0001833c   __TI_Handler_Table_Limit
00018350   __TI_CINIT_Base
00018368   __TI_CINIT_Limit
20000000   ti_sysbios_family_arm_m3_Hwi_ramVectors
20000380   ti_sysbios_heaps_HeapMem_Instance_State_0_buf__A
20005380   ti_ndk_config_Global_pit
20005428   ti_ndk_config_Global_pitBuffer
20009c28   _ICMPIn
20009c74   PBMQ_free
20009c80   ti_ndk_config_Global_pBufMem
2000d880   ti_ndk_config_Global_pHdrMem
2000db78   ti_sysbios_knl_Task_Instance_State_0_stack__A
2000e378   ti_sysbios_knl_Task_Instance_State_1_stack__A
2000e978   ti_sysbios_knl_Task_Instance_State_2_stack__A
2000ec78   uartTivaObjects
2000f0b8   ti_sysbios_family_arm_m3_Hwi_dispatchTable
2000f418   __CIOBUF_
2000f638   tcps
2000f7a4   __TI_tmpnams
2000f964   xdc_runtime_SysMin_Module_State_0_outbuf__A
2000f9e4   ips
2000fa4c   nimu_mcb
2000faac   _ICMPOut
2000fb38   pwmTivaObjects
2000fb70   vlan_mcb
2000fbbc   udps
2000fbe0   BlockCount
2000fbfc   BlockMax
2000fc18   PageCount
2000fc34   PageMax
2000fc50   stkEvent
2000fc8c   raweths
2000fc9c   raws
2000fcac   tpseudo
2000fcb8   upseudo
2000fcc4   emacObjects
2000fcf8   _IGMPInDiscard
2000fcfc   _IGMPInQuery
2000fd00   _IGMPInQueryGroup
2000fd04   _IGMPInResponse
2000fd08   _IGMPOutResponse
2000fd0c   g_ulStatus
2000fd1c   pwm_1
2000fd20   pwm_2
2000fd24   pwm_3
2000fd28   pwm_4
2000fd2c   pwm_5
2000fd30   pwm_6
2000fd34   raweth_pcb
2000fd38   ti_sysbios_knl_Task_Instance_State_0_hookEnv__A
2000fd3c   ti_sysbios_knl_Task_Instance_State_1_hookEnv__A
2000fd40   ti_sysbios_knl_Task_Instance_State_2_hookEnv__A
2000fd44   uart_2
2000fd48   uart_3
2000fd4c   uart_4
2000fd50   uart_5
2000fd54   uart_6
2000fd58   uart_7
2000fd5c   ti_ndk_config_Global_Id2Size
2000fd78   ti_ndk_config_Global_HostName
2000fd7c   LocalIPAddr
2000fd80   LocalIPMask
2000fd84   GatewayIP
2000fd88   DomainName
2000fdcc   ti_sysbios_family_arm_lm4_Timer_Module__root__V
2000fdd4   ti_sysbios_family_arm_lm4_Timer_Module_State_0_handles__A
2000fdf4   ti_sysbios_family_arm_lm4_Timer_Module__state__V
2000fe00   ti_sysbios_family_arm_m3_Hwi_Module__root__V
2000fe08   ti_sysbios_family_arm_m3_Hwi_Object__table__V
2000fe20   ti_sysbios_family_arm_m3_Hwi_Module_State_0_excActive__A
2000fe24   ti_sysbios_family_arm_m3_Hwi_Module_State_0_excContext__A
2000fe28   ti_sysbios_family_arm_m3_Hwi_Module_State_0_excStack__A
2000fe2c   ti_sysbios_gates_GateHwi_Module__root__V
2000fe34   ti_sysbios_gates_GateHwi_Object__table__V
2000fe38   ti_sysbios_gates_GateMutex_Module__root__V
2000fe40   ti_sysbios_hal_Hwi_Module__root__V
2000fe48   ti_sysbios_heaps_HeapMem_Module__root__V
2000fe50   ti_sysbios_heaps_HeapMem_Object__table__V
2000fe68   ti_sysbios_knl_Clock_Module__root__V
2000fe70   ti_sysbios_knl_Event_Module__root__V
2000fe78   ti_sysbios_knl_Mailbox_Module__root__V
2000fe80   ti_sysbios_knl_Queue_Module__root__V
2000fe88   ti_sysbios_knl_Semaphore_Module__root__V
2000fe90   ti_sysbios_knl_Swi_Module__root__V
2000fe98   ti_sysbios_knl_Swi_Module__state__V
2000feb4   ti_sysbios_knl_Task_Module__root__V
2000febc   ti_sysbios_knl_Task_Module_State_0_idleTask__A
2000fec0   xdc_runtime_Error_Module__state__V
2000fec4   xdc_runtime_Memory_Module__state__V
2000fec8   xdc_runtime_Registry_Module__state__V
2000fed0   xdc_runtime_Startup_Module__state__V
2000fed8   xdc_runtime_SysMin_Module__state__V
2000fee4   xdc_runtime_System_Module_State_0_atexitHandlers__A
2000ff04   xdc_runtime_System_Module__state__V
2000ff0c   xdc_runtime_Text_Module__state__V
2000ff14   __xdc__init__addr
2000ff18   _ftable
20010008   ti_sysbios_knl_Task_Object__table__V
200100a0   TSK_idle
200101bc   _ipcfg
20010270   ti_sysbios_knl_Swi_Module_State_0_readyQ__A
200102f0   ti_sysbios_knl_Task_Module_State_0_readyQ__A
200103c0   ti_sysbios_knl_Task_Module__state__V
20010484   ti_sysbios_family_arm_lm4_Timer_Module_State_0_device__A
200104c4   ti_sysbios_family_arm_lm4_Timer_Object__table__V
20010504   ti_sysbios_gates_GateMutex_Object__table__V
20010570   ti_sysbios_family_arm_m3_Hwi_Module__state__V
200105a4   enablePrefetch
200105a8   phyCounter
20010608   ti_sysbios_knl_Swi_Object__table__V
20010638   ti_sysbios_knl_Clock_Module__state__V
20010664   pstrMsgName
2001068c   _oscfg
200106b0   PITCount
200106b4   PITUsed
200106b8   PITHigh
200106d4   ti_sysbios_BIOS_Module__state__V
20010770   __TI_ft_end
20010774   __aeabi_stdin
20010778   __aeabi_stdout
2001077c   __aeabi_stderr
20010788   _IGMPForceVersion1
2001079e   macAddress
200107a4   NIMUDeviceTable
200107bc   _lock
200107c0   _unlock
200107c4   __TI_cleanup_ptr
200107c8   __TI_dtors_ptr
200107d4   _ICMPInErrors
200107d8   _ICMPOutErrors
200107dc   _IPExecuting
200107f4   tcp_iss
200107f8   ptTimeFirst
20010824   main_func_sp
2001082c   _IPReasmPtr
2001083c   __stack
20010a3c   __STACK_TOP
2001103c   __STACK_END
e000e000   ti_sysbios_family_arm_m3_Hwi_nvic
ffffffff   __binit__
ffffffff   __c_args__
ffffffff   binit
UNDEFED    SHT$$INIT_ARRAY$$Base
UNDEFED    SHT$$INIT_ARRAY$$Limit

[1183 symbols]
