******************************************************************************
                  TI ARM Linker Unix v5.1.6                    
******************************************************************************
>> Linked Fri Oct  9 10:48:21 2015

OUTPUT FILE NAME:   <roveDeviceTemplate.out>
ENTRY POINT SYMBOL: "_c_int00"  address: 00011175


MEMORY CONFIGURATION

         name            origin    length      used     unused   attr    fill
----------------------  --------  ---------  --------  --------  ----  --------
  FLASH                 00000000   00100000  0001830c  000e7cf4  R  X
  SRAM                  20000000   00040000  0001101c  0002efe4  RW X


SEGMENT ALLOCATION MAP

run origin  load origin   length   init length attrs members
----------  ----------- ---------- ----------- ----- -------
00000000    00000000    00018310   00018310    r-x
  00000000    00000000    0000003c   0000003c    r-- .resetVecs
  0000003c    0000003c    00015572   00015572    r-x .text
  000155b0    000155b0    000026ce   000026ce    r-- .const
  00017c80    00017c80    00000690   00000690    r-- .cinit
20000000    20000000    00000360   00000000    rw-
  20000000    20000000    00000360   00000000    rw- .vecs
20000380    20000380    00010cbc   00000000    rw-
  20000380    20000380    0000f9dc   00000000    rw- .bss
  2000fd5c    2000fd5c    00000ae0   00000000    rw- .data
  2001083c    2001083c    00000800   00000000    rw- .stack


SECTION ALLOCATION MAP

 output                                  attributes/
section   page    origin      length       input sections
--------  ----  ----------  ----------   ----------------
.bootVecs 
*          0    00000000    00000008     DSECT
                  00000000    00000008     boot.aem4f : boot.oem4f (.bootVecs)

.resetVecs 
*          0    00000000    0000003c     
                  00000000    0000003c     tivaRTSC_JS_pem4f.oem4f (.resetVecs)

xdc.meta   0    00000000    00000108     COPY SECTION
                  00000000    00000108     tivaRTSC_JS_pem4f.oem4f (xdc.meta)

.init_array 
*          0    00000000    00000000     UNINITIALIZED

.text      0    0000003c    00015572     
                  0000003c    00000ec0     rtsv7M4_T_le_v4SPD16_eabi.lib : _printfi.obj (.text)
                  00000efc    00000c70     stk.aem4f : tcpin.oem4f (.text:TcpInput)
                  00001b6c    000008a0               : tcpout.oem4f (.text:TcpOutput)
                  0000240c    00000424     sysbios.aem4f : BIOS.obj (.text:ti_sysbios_family_arm_m3_Hwi_excDumpRegs__I)
                  00002830    00000408     stk.aem4f : ipout.oem4f (.text:IPTxPacket)
                  00002c38    00000384               : ipin.oem4f (.text:IPRxPacket)
                  00002fbc    0000033c     ti.targets.arm.rtsarm.aem4f : System.oem4f (.text:xdc_runtime_System_doPrint__I)
                  000032f8    00000310     rtsv7M4_T_le_v4SPD16_eabi.lib : lowlev.obj (.text)
                  00003608    00000304     sysbios.aem4f : BIOS.obj (.text:ti_sysbios_knl_Semaphore_pend__E)
                  0000390c    000002d4     rtsv7M4_T_le_v4SPD16_eabi.lib : trgdrv.obj (.text)
                  00003be0    000002c0     sysbios.aem4f : BIOS.obj (.text:ti_sysbios_knl_Task_Instance_finalize__E)
                  00003ea0    00000274     stk.aem4f : sock.oem4f (.text:SockSet)
                  00004114    0000026d     roveTCPSocket.obj (.text:roveHorizon_Recv)
                  00004381    00000001     --HOLE-- [fill = 0]
                  00004382    00000002     hal_userled_stub.aem4f : llled.oem4f (.text:LED_TOGGLE)
                  00004384    0000024c     stk.aem4f : ipfrag.oem4f (.text:IPReasm)
                  000045d0    0000024c     sysbios.aem4f : BIOS.obj (.text:ti_sysbios_family_arm_lm4_Timer_start__E)
                  0000481c    00000248                   : BIOS.obj (.text:ti_sysbios_heaps_HeapMem_free__E)
                  00004a64    0000023c     stk.aem4f : icmpin.oem4f (.text:ICMPInput)
                  00004ca0    00000234     sysbios.aem4f : BIOS.obj (.text:ti_sysbios_heaps_HeapMem_alloc__E)
                  00004ed4    00000224     stk.aem4f : udp.oem4f (.text:UdpInput)
                  000050f8    00000208     sysbios.aem4f : BIOS.obj (.text:ti_sysbios_knl_Task_sleep__E)
                  00005300    00000204     Boot.aem4f : Boot_sysctl.oem4f (.text:ti_catalog_arm_cortexm4_tiva_ce_Boot_sysCtlClockFreqSetI__I)
                  00005504    000001f8     stk.aem4f : sock.oem4f (.text:SockRecv)
                  000056fc    000001f8     sysbios.aem4f : BIOS.obj (.text:ti_sysbios_family_arm_m3_Hwi_excHandlerMax__I)
                  000058f4    000001f4     rtsv7M4_T_le_v4SPD16_eabi.lib : ull_div_t2.obj (.text)
                  00005ae8    000001e4     sysbios.aem4f : BIOS.obj (.text:ti_sysbios_knl_Task_Instance_init__E)
                  00005ccc    000001c0     rtsv7M4_T_le_v4SPD16_eabi.lib : fopen.obj (.text)
                  00005e8c    000001b8     drivers_tivaware.aem4f : EMACSnow.oem4f (.text:EMACSnow_NIMUInit)
                  00006044    000001b6     rtsv7M4_T_le_v4SPD16_eabi.lib : fd_add_t2.obj (.text)
                  000061fa    00000002     stk.aem4f : nat.oem4f (.text:NatMsg)
                  000061fc    000001b4               : lliout.oem4f (.text:LLITxIpPacket)
                  000063b0    000001b0               : lliin.oem4f (.text:LLIRxPacket)
                  00006560    00000198     os.aem4f : mem.oem4f (.text:mmAlloc)
                  000066f8    00000194     stk.aem4f : sock.oem4f (.text:SockNew)
                  0000688c    00000190               : igmp.oem4f (.text:IGMPInput)
                  00006a1c    00000184     sysbios.aem4f : BIOS.obj (.text:ti_sysbios_knl_Task_setPri__E)
                  00006ba0    00000170     drivers_tivaware.aem4f : PWMTiva.oem4f (.text:PWMTiva_open)
                  00006d10    00000170     stk.aem4f : rtc.oem4f (.text:RTCReport)
                  00006e80    00000168     sysbios.aem4f : BIOS.obj (.text:ti_sysbios_family_arm_m3_Hwi_excBusFault__I)
                  00006fe8    00000166     stk.aem4f : sb.oem4f (.text:SBRead)
                  0000714e    00000002     os.aem4f : task.oem4f (.text:_TaskInit)
                  00007150    00000164     stk.aem4f : sock.oem4f (.text:SockConnect)
                  000072b4    00000154     netctrl_min_ipv4.aem4f : netctrl.oem4f (.text:NC_NetStart)
                  00007408    00000154     roveBIOS_Init.obj (.text:main)
                  0000755c    00000154     sysbios.aem4f : BIOS.obj (.text:ti_sysbios_family_arm_m3_Hwi_excUsageFault__I)
                  000076b0    00000144     stk.aem4f : bind.oem4f (.text:BindNew)
                  000077f4    00000140     nettool_ipv4.aem4f : config.oem4f (.text:CfgAddEntry)
                  00007934    00000140                        : dhcpmain.oem4f (.text:DHCPOpen)
                  00007a74    00000140     EK_TM4C1294XL.obj (.text:EK_TM4C1294XL_initUART)
                  00007bb4    00000140     stk.aem4f : tcp.oem4f (.text:TcpTimeoutCheck)
                  00007cf4    00000140     drivers_tivaware.aem4f : UARTTiva.oem4f (.text:UARTTiva_open)
                  00007e34    00000140     sysbios.aem4f : BIOS.obj (.text:ti_sysbios_family_arm_m3_Hwi_excMemFault__I)
                  00007f74    0000013c     stk.aem4f : sock.oem4f (.text:SockSend)
                  000080b0    00000138     sysbios.aem4f : BIOS.obj (.text:ti_sysbios_family_arm_m3_Hwi_dispatchC__I)
                  000081e8    00000138                   : BIOS.obj (.text:ti_sysbios_heaps_HeapMem_Instance_init__E)
                  00008320    00000138                   : BIOS.obj (.text:ti_sysbios_knl_Semaphore_post__E)
                  00008458    00000136     rtsv7M4_T_le_v4SPD16_eabi.lib : fd_div_t2.obj (.text)
                  0000858e    00000002     os.aem4f : task.oem4f (.text:_TaskShutdown)
                  00008590    00000134     rtsv7M4_T_le_v4SPD16_eabi.lib : fputs.obj (.text)
                  000086c4    00000130     driverlib.lib : gpio.obj (.text:GPIOPadConfigSet)
                  000087f4    00000130     stk.aem4f : icmp.oem4f (.text:ICMPGenPacket)
                  00008924    0000012c     EK_TM4C1294XL.obj (.text:EK_TM4C1294XL_initEMAC)
                  00008a50    0000012c     sysbios.aem4f : BIOS.obj (.text:ti_sysbios_knl_Clock_workFunc__E)
                  00008b7c    00000128     stk.aem4f : udp.oem4f (.text:UdpOutput)
                  00008ca4    00000128     sysbios.aem4f : BIOS.obj (.text:ti_sysbios_knl_Task_exit__E)
                  00008dcc    00000124     stk.aem4f : sockpcb.oem4f (.text:SockPcbResolve)
                  00008ef0    00000124     tivaRTSC_JS_pem4f.oem4f (.text:ti_ndk_config_Global_stackThread)
                  00009014    00000120     sysbios.aem4f : BIOS.obj (.text:ti_sysbios_knl_Swi_run__I)
                  00009134    00000120     ti.targets.arm.rtsarm.aem4f : Error.oem4f (.text:xdc_runtime_Error_policyDefault__E)
                  00009254    0000011c     sysbios.aem4f : BIOS.obj (.text:ti_sysbios_knl_Clock_Instance_init__E)
                  00009370    0000011b     roveTCPSocket.obj (.text:roveTCP_Connect)
                  0000948b    00000001     --HOLE-- [fill = 0]
                  0000948c    00000118     stk.aem4f : sockint.oem4f (.text:SockNotify)
                  000095a4    00000118               : tcpout.oem4f (.text:TcpGenPacket)
                  000096bc    00000117     roveTCPSocket.obj (.text:roveCatch_NdkErrors)
                  000097d3    00000001     --HOLE-- [fill = 0]
                  000097d4    00000110     stk.aem4f : nimu.oem4f (.text:NIMUIoctl)
                  000098e4    00000110               : node.oem4f (.text:NodeTreeFree)
                  000099f4    00000110               : raw.oem4f (.text:RawInput)
                  00009b04    0000010c               : igmp.oem4f (.text:IGMPSendReply)
                  00009c10    0000010c               : route.oem4f (.text:RtCreate)
                  00009d1c    0000010c               : rtable.oem4f (.text:RtFind)
                  00009e28    00000104     os.aem4f : task.oem4f (.text:llEnter)
                  00009f2c    00000104     sysbios.aem4f : BIOS.obj (.text:ti_sysbios_knl_Task_schedule__I)
                  0000a030    00000104     ti.targets.arm.rtsarm.aem4f : Core-mem.oem4f (.text:xdc_runtime_Core_createObject__I)
                  0000a134    00000104     tivaRTSC_JS_pem4f.oem4f (.text:xdc_runtime_System_printfExtend__I)
                  0000a238    00000102     nettool_ipv4.aem4f : dhcppkt.oem4f (.text:dhcpPacketProcess)
                  0000a33a    00000002     hal_ser_stub.aem4f : llserstb.oem4f (.text:_llSerialServiceCheck)
                  0000a33c    00000100     netctrl_min_ipv4.aem4f : netctrl.oem4f (.text:NetScheduler)
                  0000a43c    00000100     nettool_ipv4.aem4f : inetaddr.oem4f (.text:inet_aton)
                  0000a53c    000000fe     stk.aem4f : pipe.oem4f (.text:PipeRecv)
                  0000a63a    000000fc     rtsv7M4_T_le_v4SPD16_eabi.lib : fd_mul_t2.obj (.text)
                  0000a736    00000002     hal_ser_stub.aem4f : llserstb.oem4f (.text:_llSerialShutdown)
                  0000a738    000000fc     ti.targets.arm.rtsarm.aem4f : Startup.oem4f (.text:xdc_runtime_Startup_startMods__I)
                  0000a834    000000fa     drivers_tivaware.aem4f : PWMTiva.oem4f (.text:PWMTiva_setDuty)
                  0000a92e    00000002     hal_userled_stub.aem4f : llled.oem4f (.text:_llUserLedInit)
                  0000a930    000000f8     drivers_tivaware.aem4f : EMACSnow.oem4f (.text:EMACSnow_emacStart)
                  0000aa28    000000f4     os.aem4f : task.oem4f (.text:TaskGetEnv)
                  0000ab1c    000000f4     sysbios.aem4f : m3_Hwi_asm.obj (.text:ti_sysbios_family_arm_m3_Hwi_dispatch__I)
                  0000ac10    000000f4                   : BIOS.obj (.text:ti_sysbios_knl_Task_startCore__E)
                  0000ad04    000000f0     stk.aem4f : lliout.oem4f (.text:LLIGenArpPacket)
                  0000adf4    000000f0     sysbios.aem4f : BIOS.obj (.text:ti_sysbios_knl_Task_postInit__I)
                  0000aee4    000000ee     stk.aem4f : sock.oem4f (.text:SockClose)
                  0000afd2    00000002     hal_userled_stub.aem4f : llled.oem4f (.text:_llUserLedShutdown)
                  0000afd4    000000ea     roveDeviceTemplate_Thread.obj (.text:roveDeviceTemplateThread)
                  0000b0be    00000002     hal_ser_stub.aem4f : llserstb.oem4f (.text:llSerialService)
                  0000b0c0    000000e8     os.aem4f : task.oem4f (.text:TaskSetEnv)
                  0000b1a8    000000e0     stk.aem4f : tcptime.oem4f (.text:TcpTimeoutRexmt)
                  0000b288    000000dc               : sb.oem4f (.text:SBWrite)
                  0000b364    000000dc     nettool_ipv4.aem4f : dhcpsock.oem4f (.text:dhcpSocketOpen)
                  0000b440    000000dc     rtsv7M4_T_le_v4SPD16_eabi.lib : setvbuf.obj (.text)
                  0000b51c    000000dc     tivaRTSC_JS_pem4f.oem4f (.text:ti_ndk_config_ip_init)
                  0000b5f8    000000da     nettool_ipv4.aem4f : dhcpsm.oem4f (.text:dhcpState)
                  0000b6d2    00000002     tivaRTSC_JS_pem4f.oem4f (.text:ti_ndk_config_Global_NetworkClose)
                  0000b6d4    000000d8     stk.aem4f : node.oem4f (.text:NodeAdd)
                  0000b7ac    000000d5               : nimu.oem4f (.text:NIMUReceivePacket)
                  0000b881    00000001     --HOLE-- [fill = 0]
                  0000b882    00000002     tivaRTSC_JS_pem4f.oem4f (.text:ti_ndk_config_Global_NetworkOpen)
                  0000b884    000000d4     drivers_tivaware.aem4f : EMACSnow.oem4f (.text:EMACSnow_handleRx)
                  0000b958    000000d4     stk.aem4f : sockpcb.oem4f (.text:SockPcbBind)
                  0000ba2c    000000d2               : tcpprot.oem4f (.text:TcpPrSetOption)
                  0000bafe    00000002     tivaRTSC_JS_pem4f.oem4f (.text:ti_sysbios_BIOS_nullFunc__I)
                  0000bb00    000000d0     sysbios.aem4f : BIOS.obj (.text:ti_sysbios_knl_Swi_Instance_init__E)
                  0000bbd0    000000ce     nettool_ipv4.aem4f : dhcpsm.oem4f (.text:dhcpIPAdd)
                  0000bc9e    00000002     sysbios.aem4f : BIOS.obj (.text:ti_sysbios_gates_GateHwi_Instance_init__E)
                  0000bca0    000000cc     stk.aem4f : icmp.oem4f (.text:ICMPSendRtAdv)
                  0000bd6c    000000cc     nettool_ipv4.aem4f : dhcpbild.oem4f (.text:dhcpBuildHeader)
                  0000be38    000000cc     ti.targets.arm.rtsarm.aem4f : Core-smem.oem4f (.text:xdc_runtime_Core_constructObject__I)
                  0000bf04    000000ca     nettool_ipv4.aem4f : dhcppkt.oem4f (.text:dhcpVerifyMessage)
                  0000bfce    00000002     tivaRTSC_JS_pem4f.oem4f (.text:xdc_runtime_Startup_reset__I)
                  0000bfd0    000000c8     stk.aem4f : rawethsock.oem4f (.text:RawEthSockNew)
                  0000c098    000000c4     drivers_tivaware.aem4f : EMACSnow.oem4f (.text:EMACSnow_InitDMADescriptors)
                  0000c15c    000000c4     stk.aem4f : igmp.oem4f (.text:IGMPJoinHostGroup)
                  0000c220    000000c4     netctrl_min_ipv4.aem4f : netsrv.oem4f (.text:SPIpNet)
                  0000c2e4    000000c4     sysbios.aem4f : BIOS.obj (.text:ti_sysbios_family_arm_m3_Hwi_Module_startup__E)
                  0000c3a8    000000c0     nettool_ipv4.aem4f : dhcpsm.oem4f (.text:StateBound)
                  0000c468    000000c0     rtsv7M4_T_le_v4SPD16_eabi.lib : fflush.obj (.text)
                  0000c528    000000bc     stk.aem4f : sockpcb.oem4f (.text:SockPcbFind)
                  0000c5e4    000000bc               : vlan.oem4f (.text:VLANDeinit)
                  0000c6a0    000000bc     sysbios.aem4f : BIOS.obj (.text:ti_sysbios_knl_Task_unblockI__E)
                  0000c75c    000000b8     EK_TM4C1294XL.obj (.text:EK_TM4C1294XL_initGeneral)
                  0000c814    000000b8     stk.aem4f : icmpin.oem4f (.text:ICMPRevSrcRoute)
                  0000c8cc    000000b8               : lli.oem4f (.text:_LLITimeoutCheck)
                  0000c984    000000b4               : tcptime.oem4f (.text:TcpTimeoutKeep)
                  0000ca38    000000b4     sysbios.aem4f : BIOS.obj (.text:ti_sysbios_family_arm_m3_Hwi_excHardFault__I)
                  0000caec    000000b4                   : BIOS.obj (.text:ti_sysbios_gates_GateMutex_enter__E)
                  0000cba0    000000b4                   : BIOS.obj (.text:ti_sysbios_knl_Task_checkStacks__E)
                  0000cc54    000000b0     stk.aem4f : rawethsock.oem4f (.text:RawEthSockSet)
                  0000cd04    000000b0               : sockint.oem4f (.text:SockCreatePacket)
                  0000cdb4    000000b0     sysbios.aem4f : BIOS.obj (.text:ti_sysbios_family_arm_m3_Hwi_excDebugMon__I)
                  0000ce64    000000ac     stk.aem4f : rtable.oem4f (.text:RtTimeoutCheck)
                  0000cf10    000000ac     rtsv7M4_T_le_v4SPD16_eabi.lib : _io_perm.obj (.text)
                  0000cfbc    000000ac     sysbios.aem4f : BIOS.obj (.text:ti_sysbios_family_arm_lm4_Timer_enableTiva__I)
                  0000d068    000000a8                   : BIOS.obj (.text:ti_sysbios_family_arm_lm4_Timer_enableTimers__I)
                  0000d110    000000a8                   : BIOS.obj (.text:ti_sysbios_knl_Swi_post__E)
                  0000d1b8    000000a8                   : BIOS.obj (.text:ti_sysbios_knl_Task_blockI__E)
                  0000d260    000000a0     auto_init.aem4f : auto_init.oem4f (.text)
                  0000d300    000000a0     sysbios.aem4f : BIOS.obj (.text:ti_sysbios_family_arm_m3_Hwi_Instance_init__E)
                  0000d3a0    0000009c     stk.aem4f : exec.oem4f (.text:ExecOpen)
                  0000d43c    0000009c     netctrl_min_ipv4.aem4f : netsrv.oem4f (.text:ServiceScan)
                  0000d4d8    0000009c     rtsv7M4_T_le_v4SPD16_eabi.lib : fputc.obj (.text)
                  0000d574    0000009c                                   : memcpy_t2.obj (.text)
                  0000d610    0000009c     sysbios.aem4f : BIOS.obj (.text:ti_sysbios_knl_Semaphore_Instance_init__E)
                  0000d6ac    0000009a     ti.targets.arm.rtsarm.aem4f : Text.oem4f (.text:xdc_runtime_Text_putSite__E)
                  0000d746    00000002     --HOLE-- [fill = 0]
                  0000d748    00000098     stk.aem4f : ip.oem4f (.text:IPGetRoute)
                  0000d7e0    00000098     netctrl_min_ipv4.aem4f : netctrl.oem4f (.text:NC_SystemOpen)
                  0000d878    00000098     rtsv7M4_T_le_v4SPD16_eabi.lib : fclose.obj (.text)
                  0000d910    00000096     stk.aem4f : nimu.oem4f (.text:NIMUAddEthernetHeader)
                  0000d9a6    00000002     --HOLE-- [fill = 0]
                  0000d9a8    00000094     nettool_ipv4.aem4f : config.oem4f (.text:CfgExecute)
                  0000da3c    00000094                        : config.oem4f (.text:CfgRemoveEntry)
                  0000dad0    00000094     Boot.aem4f : Boot.oem4f (.text:ti_catalog_arm_cortexm4_tiva_ce_Boot_sysCtlClockFreqSet__E)
                  0000db64    00000094     ti.targets.arm.rtsarm.aem4f : Text.oem4f (.text:xdc_runtime_Text_putMod__E)
                  0000dbf8    00000090     stk.aem4f : igmp.oem4f (.text:IGMPMsg)
                  0000dc88    00000090               : sockpcb.oem4f (.text:SockPcbCtlError)
                  0000dd18    00000090     os.aem4f : mem.oem4f (.text:_mmInit)
                  0000dda8    00000090              : mem.oem4f (.text:mmBulkAlloc)
                  0000de38    0000008e     nettool_ipv4.aem4f : dhcpbild.oem4f (.text:dhcpBuildRequest)
                  0000dec6    00000002     --HOLE-- [fill = 0]
                  0000dec8    0000008c     os.aem4f : mem.oem4f (.text:mmInitPage)
                  0000df54    0000008c     tivaRTSC_JS_pem4f.oem4f (.text:ti_ndk_config_tcp_init)
                  0000dfe0    0000008c     sysbios.aem4f : BIOS.obj (.text:ti_sysbios_family_arm_m3_Hwi_initNVIC__E)
                  0000e06c    0000008c                   : m3_TaskSupport_asm.obj (.text:ti_sysbios_family_arm_m3_TaskSupport_buildTaskStack)
                  0000e0f8    0000008a     netctrl_min_ipv4.aem4f : netsrv.oem4f (.text:SPRoute)
                  0000e182    00000002     --HOLE-- [fill = 0]
                  0000e184    00000088     EK_TM4C1294XL.obj (.text:EK_TM4C1294XL_initPWM)
                  0000e20c    00000088     sysbios.aem4f : BIOS.obj (.text:ti_sysbios_knl_Mailbox_Module_startup__E)
                  0000e294    00000086     nettool_ipv4.aem4f : dhcpsm.oem4f (.text:StateRequesting)
                  0000e31a    00000086     rtsv7M4_T_le_v4SPD16_eabi.lib : fd_cmp_t2.obj (.text:__aeabi_cdcmple)
                  0000e3a0    00000086                                   : fd_cmp_t2.obj (.text:__aeabi_cdrcmple)
                  0000e426    00000002     --HOLE-- [fill = 0]
                  0000e428    00000084     drivers_tivaware.aem4f : PWMTiva.oem4f (.text:PWMTiva_control)
                  0000e4ac    00000084     stk.aem4f : tcpprot.oem4f (.text:TcpPrAttach)
                  0000e530    00000084     os.aem4f : mem.oem4f (.text:mmBulkFree)
                  0000e5b4    00000084     sysbios.aem4f : BIOS.obj (.text:ti_sysbios_knl_Task_Module_startup__E)
                  0000e638    00000082     nettool_ipv4.aem4f : dhcpsm.oem4f (.text:StateRenewRebind)
                  0000e6ba    00000002     --HOLE-- [fill = 0]
                  0000e6bc    00000080     stk.aem4f : ip.oem4f (.text:IPMsg)
                  0000e73c    00000080               : lli.oem4f (.text:LLINew)
                  0000e7bc    00000080     netctrl_min_ipv4.aem4f : netsrv.oem4f (.text:NS_BootTask)
                  0000e83c    00000080     stk.aem4f : pbm.oem4f (.text:PBM_alloc)
                  0000e8bc    00000080               : raw.oem4f (.text:RawOutput)
                  0000e93c    00000080     netctrl_min_ipv4.aem4f : netsrv.oem4f (.text:ServiceSpawn)
                  0000e9bc    00000080     os.aem4f : mem.oem4f (.text:mmFree)
                  0000ea3c    0000007f     tivaRTSC_JS_pem4f.oem4f (.text:ti_ndk_config_Global_NetworkIPAddr)
                  0000eabb    00000001     --HOLE-- [fill = 0]
                  0000eabc    0000007e     stk.aem4f : fileuser.oem4f (.text:fdClose)
                  0000eb3a    00000002     --HOLE-- [fill = 0]
                  0000eb3c    0000007c     nettool_ipv4.aem4f : config.oem4f (.text:CfgGetEntry)
                  0000ebb8    0000007c                        : config.oem4f (.text:CfgGetNextEntry)
                  0000ec34    0000007c     drivers_tivaware.aem4f : EMACSnow.oem4f (.text:EMACSnow_processPendingTx)
                  0000ecb0    0000007c                            : EMACSnow.oem4f (.text:EMACSnow_processPhyInterrupt)
                  0000ed2c    0000007c     stk.aem4f : igmp.oem4f (.text:IGMPJoin)
                  0000eda8    0000007c               : socket.oem4f (.text:NDK_setsockopt)
                  0000ee24    0000007c               : nimu.oem4f (.text:NIMURegister)
                  0000eea0    0000007c               : pbm.oem4f (.text:PBM_free)
                  0000ef1c    0000007a               : igmp.oem4f (.text:IGMPDoMCast)
                  0000ef96    0000007a     drivers_tivaware.aem4f : UARTTiva.oem4f (.text:writeData)
                  0000f010    00000078     driverlib.lib : emac.obj (.text:EMACInit)
                  0000f088    00000078     stk.aem4f : socket.oem4f (.text:NDK_sendto)
                  0000f100    00000078               : nimu.oem4f (.text:NIMUShutdown)
                  0000f178    00000078               : tcptime.oem4f (.text:TcpXmitTimer)
                  0000f1f0    00000078               : fileuser.oem4f (.text:fdOpenSession)
                  0000f268    00000078     nettool_ipv4.aem4f : inetaddr.oem4f (.text:inet_pton)
                  0000f2e0    00000078     os.aem4f : task.oem4f (.text:llExit)
                  0000f358    00000078     rtsv7M4_T_le_v4SPD16_eabi.lib : memset_t2.obj (.text)
                  0000f3d0    00000075     stk.aem4f : tcptime.oem4f (.text:TcpTimeoutSackRexmt)
                  0000f445    00000003     --HOLE-- [fill = 0]
                  0000f448    00000074               : raweth.oem4f (.text:RawEthRxPacket)
                  0000f4bc    00000074               : sockpcb.oem4f (.text:SockPcbConnect)
                  0000f530    00000074     sysbios.aem4f : BIOS.obj (.text:ti_sysbios_knl_Clock_start__E)
                  0000f5a4    00000072     stk.aem4f : rtable.oem4f (.text:RtWalkNext)
                  0000f616    00000002     --HOLE-- [fill = 0]
                  0000f618    00000072     os.aem4f : semaphore.oem4f (.text:SemCreateBinary)
                  0000f68a    00000002     --HOLE-- [fill = 0]
                  0000f68c    00000070     drivers_tivaware.aem4f : EMACSnow.oem4f (.text:EMACSnow_hwiIntFxn)
                  0000f6fc    00000070     stk.aem4f : igmp.oem4f (.text:IGMPLeaveHostGroup)
                  0000f76c    00000070               : rtable.oem4f (.text:RtFlush)
                  0000f7dc    00000070               : sock.oem4f (.text:SockShutdown)
                  0000f84c    00000070     nettool_ipv4.aem4f : dhcptags.oem4f (.text:dhcpDecodeType)
                  0000f8bc    00000070     rtsv7M4_T_le_v4SPD16_eabi.lib : printf.obj (.text)
                  0000f92c    00000070     sysbios.aem4f : BIOS.obj (.text:ti_sysbios_family_arm_m3_Hwi_postInit__I)
                  0000f99c    00000070     ti.targets.arm.rtsarm.aem4f : Memory.oem4f (.text:xdc_runtime_Memory_alloc__E)
                  0000fa0c    0000006e     stk.aem4f : socket.oem4f (.text:NDK_recv)
                  0000fa7a    00000002     --HOLE-- [fill = 0]
                  0000fa7c    0000006d               : node.oem4f (.text:NodeNew)
                  0000fae9    00000003     --HOLE-- [fill = 0]
                  0000faec    0000006c     os.aem4f : ossys.oem4f (.text:DbgPrintf)
                  0000fb58    0000006c     drivers_tivaware.aem4f : EMACSnow.oem4f (.text:EMACSnow_emacStop)
                  0000fbc4    0000006c     stk.aem4f : node.oem4f (.text:NodeTreeNew)
                  0000fc30    0000006c     drivers_tivaware.aem4f : UARTTiva.oem4f (.text:UARTTiva_read)
                  0000fc9c    0000006c                            : UARTTiva.oem4f (.text:UARTTiva_write)
                  0000fd08    0000006c     roveWare_tivaWrappers.obj (.text:roveGetStructId_ByteCnt)
                  0000fd74    0000006c     ti.targets.arm.rtsarm.aem4f : Error.oem4f (.text:xdc_runtime_Error_print__E)
                  0000fde0    0000006a     drivers_tivaware.aem4f : PWMTiva.oem4f (.text:PWMTiva_close)
                  0000fe4a    0000006a     stk.aem4f : tcpprot.oem4f (.text:TcpPrInherit)
                  0000feb4    0000006a               : rtable.oem4f (.text:_RtNodeInsert)
                  0000ff1e    00000068               : socket.oem4f (.text:NDK_socket)
                  0000ff86    00000002     --HOLE-- [fill = 0]
                  0000ff88    00000068               : pbm.oem4f (.text:PBM_open)
                  0000fff0    00000068     netctrl_min_ipv4.aem4f : netsrv.oem4f (.text:SPConfig)
                  00010058    00000068     stk.aem4f : sockpcb.oem4f (.text:SockPcbFindRaw)
                  000100c0    00000068               : udp.oem4f (.text:UdpChecksum)
                  00010128    00000068     hal_timer_bios.aem4f : lltimer.oem4f (.text:llTimerTick)
                  00010190    00000066     drivers_tivaware.aem4f : UARTTiva.oem4f (.text:UARTTiva_readPolling)
                  000101f6    00000066     ti.targets.arm.rtsarm.aem4f : Core-mem.oem4f (.text:xdc_runtime_Core_deleteObject__I)
                  0001025c    00000064     nettool_ipv4.aem4f : config.oem4f (.text:CfgFree)
                  000102c0    00000064     stk.aem4f : pbm.oem4f (.text:PBMQ_enq)
                  00010324    00000064     rtsv7M4_T_le_v4SPD16_eabi.lib : fseek.obj (.text)
                  00010388    00000064     tivaRTSC_JS_pem4f.oem4f (.text:ti_sysbios_family_arm_m3_Hwi_create)
                  000103ec    00000064     stk.aem4f : lliin.oem4f (.text:updateRtTable)
                  00010450    00000062               : ipin.oem4f (.text:IPRouteIP)
                  000104b2    00000002     --HOLE-- [fill = 0]
                  000104b4    00000062               : sb.oem4f (.text:SBNew)
                  00010516    00000062     drivers_tivaware.aem4f : UARTTiva.oem4f (.text:UARTTiva_hwiIntFxn)
                  00010578    00000062                            : UARTTiva.oem4f (.text:readData)
                  000105da    00000002     --HOLE-- [fill = 0]
                  000105dc    00000060     nettool_ipv4.aem4f : config.oem4f (.text:CfgGetEntryCnt)
                  0001063c    00000060     stk.aem4f : file.oem4f (.text:FdWaitEvent)
                  0001069c    00000060               : nimu.oem4f (.text:NIMUUnregister)
                  000106fc    00000060               : node.oem4f (.text:NodeFind)
                  0001075c    00000060               : rtc.oem4f (.text:RTCMsg)
                  000107bc    00000060               : tcp.oem4f (.text:TcpChecksum)
                  0001081c    00000060     nettool_ipv4.aem4f : dhcptags.oem4f (.text:dhcpBuildOptions)
                  0001087c    00000060     rtsv7M4_T_le_v4SPD16_eabi.lib : trgmsg.obj (.text)
                  000108dc    00000060     sysbios.aem4f : BIOS.obj (.text:ti_sysbios_family_arm_lm4_Timer_isrStub__E)
                  0001093c    00000060                   : BIOS.obj (.text:ti_sysbios_knl_Clock_logTick__E)
                  0001099c    00000060     ti.targets.arm.rtsarm.aem4f : System.oem4f (.text:xdc_runtime_System_formatNum__I)
                  000109fc    0000005e     stk.aem4f : route.oem4f (.text:RtRemove)
                  00010a5a    0000005e     nettool_ipv4.aem4f : dhcpsm.oem4f (.text:StateSelecting)
                  00010ab8    0000005e     rtsv7M4_T_le_v4SPD16_eabi.lib : copy_decompress_rle.obj (.text)
                  00010b16    00000002     --HOLE-- [fill = 0]
                  00010b18    0000005c     nettool_ipv4.aem4f : config.oem4f (.text:CfgSetExecuteOrder)
                  00010b74    0000005c     stk.aem4f : nimu.oem4f (.text:NIMUIoctlSpecialCmd)
                  00010bd0    0000005c               : sockint.oem4f (.text:SockSpawnAbort)
                  00010c2c    0000005c               : vlan.oem4f (.text:VLANReceivePacket)
                  00010c88    0000005c     sysbios.aem4f : BIOS.obj (.text:ti_sysbios_family_arm_lm4_Timer_Module_startup__E)
                  00010ce4    0000005c     tivaRTSC_JS_pem4f.oem4f (.text:ti_sysbios_knl_Swi_create)
                  00010d40    0000005c     tivaRTSC_JS_pem4f.oem4f (.text:ti_sysbios_knl_Task_create)
                  00010d9c    0000005b     roveWare_tivaWrappers.obj (.text:rovePrintf_ByteBuffer)
                  00010df7    00000001     --HOLE-- [fill = 0]
                  00010df8    0000005b     ti.targets.arm.rtsarm.aem4f : Text.oem4f (.text:xdc_runtime_Text_putLab__E)
                  00010e53    00000001     --HOLE-- [fill = 0]
                  00010e54    0000005a     stk.aem4f : route.oem4f (.text:RtRedirect)
                  00010eae    0000005a               : tcpprot.oem4f (.text:TcpValidateMetrics)
                  00010f08    0000005a     nettool_ipv4.aem4f : dhcpbild.oem4f (.text:dhcpBuildDecline)
                  00010f62    0000005a     rtsv7M4_T_le_v4SPD16_eabi.lib : ltoa.obj (.text)
                  00010fbc    00000058     stk.aem4f : bind.oem4f (.text:BindFree)
                  00011014    00000058     driverlib.lib : emac.obj (.text:EMACPHYConfigSet)
                  0001106c    00000058     stk.aem4f : igmp.oem4f (.text:IGMPTimer)
                  000110c4    00000058     netctrl_min_ipv4.aem4f : netsrv.oem4f (.text:SPService)
                  0001111c    00000058     os.aem4f : semaphore.oem4f (.text:SemCreate)
                  00011174    00000058     boot.aem4f : boot.oem4f (.text)
                  000111cc    00000058     roveBIOS_Init.obj (.text:roveUART_Init)
                  00011224    00000058     tivaRTSC_JS_pem4f.oem4f (.text:ti_sysbios_family_arm_m3_Hwi_construct)
                  0001127c    00000058     sysbios.aem4f : m3_Hwi_asm_switch.obj (.text:ti_sysbios_family_arm_m3_Hwi_initStacks__E)
                  000112d4    00000058                   : BIOS.obj (.text:ti_sysbios_knl_Swi_restoreHwi__E)
                  0001132c    00000058                   : BIOS.obj (.text:ti_sysbios_knl_Swi_schedule__I)
                  00011384    00000054     nettool_ipv4.aem4f : config.oem4f (.text:CfgEntryDeRef)
                  000113d8    00000054     stk.aem4f : igmp.oem4f (.text:IGMPLeave)
                  0001142c    00000054               : rawethsock_pcb.oem4f (.text:RawEthSockPcbAttach)
                  00011480    00000054               : tcptime.oem4f (.text:TcpTimeoutPersist)
                  000114d4    00000054     os.aem4f : mem.oem4f (.text:mmCopy)
                  00011528    00000054     sysbios.aem4f : BIOS.obj (.text:ti_sysbios_knl_Swi_Instance_finalize__E)
                  0001157c    00000050     stk.aem4f : socket.oem4f (.text:NDK_bind)
                  000115cc    00000050               : socket.oem4f (.text:NDK_connect)
                  0001161c    00000050               : route.oem4f (.text:RtNew)
                  0001166c    00000050     driverlib.lib : sysctl.obj (.text:SysCtlPeripheralReset)
                  000116bc    00000050     stk.aem4f : tcpprot.oem4f (.text:TcpPrDetach)
                  0001170c    00000050     Boot.aem4f : Boot_sysctl.oem4f (.text:_SysCtlFrequencyGet)
                  0001175c    00000050     ti.targets.arm.rtsarm.aem4f : Startup.oem4f (.text:xdc_runtime_Startup_exec__E)
                  000117ac    00000050                                 : Text.oem4f (.text:xdc_runtime_Text_visitRope2__I)
                  000117fc    0000004e     stk.aem4f : node.oem4f (.text:NodeDeRef)
                  0001184a    00000002     --HOLE-- [fill = 0]
                  0001184c    0000004c     nettool_ipv4.aem4f : ipaddr.oem4f (.text:NtAddNetwork)
                  00011898    0000004c     stk.aem4f : sockint.oem4f (.text:SockValidateRoute)
                  000118e4    0000004c               : file.oem4f (.text:fdint_lockfd)
                  00011930    0000004c     rtsv7M4_T_le_v4SPD16_eabi.lib : atoi.obj (.text)
                  0001197c    0000004c     sysbios.aem4f : BIOS.obj (.text:ti_sysbios_knl_Swi_runLoop__I)
                  000119c8    0000004a     stk.aem4f : sock.oem4f (.text:SockDisconnect)
                  00011a12    00000002     --HOLE-- [fill = 0]
                  00011a14    0000004a               : timer.oem4f (.text:TimerNew)
                  00011a5e    0000004a     nettool_ipv4.aem4f : config.oem4f (.text:_CfgEntryScan)
                  00011aa8    00000048                        : config.oem4f (.text:CfgNew)
                  00011af0    00000048     drivers_tivaware.aem4f : EMACSnow.oem4f (.text:EMACSnow_processTransmitted)
                  00011b38    00000048     driverlib.lib : gpio.obj (.text:GPIOPinConfigure)
                  00011b80    00000048     stk.aem4f : lli.oem4f (.text:LLIMsg)
                  00011bc8    00000048               : node.oem4f (.text:NodeWalk)
                  00011c10    00000048               : sockpcb.oem4f (.text:SockPcbResolveChain)
                  00011c58    00000048               : tcpprot.oem4f (.text:TcpDrop)
                  00011ca0    00000048               : lli.oem4f (.text:_LLIExpListInsert)
                  00011ce8    00000048               : rtable.oem4f (.text:_RtExpListInsert)
                  00011d30    00000048     roveTCPSocket.obj (.text:roveTCP_Recv)
                  00011d78    00000048     rtsv7M4_T_le_v4SPD16_eabi.lib : fd_toi_t2.obj (.text)
                  00011dc0    00000048     sysbios.aem4f : BIOS.obj (.text:ti_sysbios_family_arm_m3_Hwi_excReserved__I)
                  00011e08    00000048                   : BIOS.obj (.text:ti_sysbios_heaps_HeapMem_getStats__E)
                  00011e50    00000048                   : BIOS.obj (.text:ti_sysbios_knl_Task_deleteTerminatedTasksFunc__I)
                  00011e98    00000048     ti.targets.arm.rtsarm.aem4f : Assert.oem4f (.text:xdc_runtime_Assert_raise__I)
                  00011ee0    00000047     roveBIOS_Init.obj (.text:rovePWM_Init)
                  00011f27    00000001     --HOLE-- [fill = 0]
                  00011f28    00000046     nettool_ipv4.aem4f : ipaddr.oem4f (.text:NtIfIdx2Ip)
                  00011f6e    00000046     netctrl_min_ipv4.aem4f : netsrv.oem4f (.text:ServiceKill)
                  00011fb4    00000046     ti.targets.arm.rtsarm.aem4f : Core-params.oem4f (.text:xdc_runtime_Core_assignParams__I)
                  00011ffa    00000002     --HOLE-- [fill = 0]
                  00011ffc    00000044     EK_TM4C1294XL.obj (.text:EK_TM4C1294XL_initGPIO)
                  00012040    00000044     stk.aem4f : ipfrag.oem4f (.text:IPReasmFree)
                  00012084    00000044               : lli.oem4f (.text:LLIGetValidTime)
                  000120c8    00000044               : rawethsock_pcb.oem4f (.text:RawEthSockPcbDetach)
                  0001210c    00000044               : rtable.oem4f (.text:RouteMsg)
                  00012150    00000044               : rtable.oem4f (.text:RtWalkEnd)
                  00012194    00000044               : timer.oem4f (.text:TimerListInsert)
                  000121d8    00000044     hal_timer_bios.aem4f : lltimer.oem4f (.text:llTimerGetTime)
                  0001221c    00000044     rtsv7M4_T_le_v4SPD16_eabi.lib : cpy_tbl.obj (.text)
                  00012260    00000044                                   : exit.obj (.text)
                  000122a4    00000044                                   : xdtest.obj (.text)
                  000122e8    00000044     sysbios.aem4f : BIOS.obj (.text:ti_sysbios_family_arm_lm4_Timer_stop__E)
                  0001232c    00000044                   : BIOS.obj (.text:ti_sysbios_family_arm_m3_Hwi_disableInterrupt__E)
                  00012370    00000044                   : BIOS.obj (.text:ti_sysbios_family_arm_m3_Hwi_enableInterrupt__E)
                  000123b4    00000044                   : BIOS.obj (.text:ti_sysbios_knl_Task_allBlockedFunction__I)
                  000123f8    00000044     ti.targets.arm.rtsarm.aem4f : Error.oem4f (.text:xdc_runtime_Error_setX__E)
                  0001243c    00000044                                 : SysMin.oem4f (.text:xdc_runtime_SysMin_flush__E)
                  00012480    00000042     stk.aem4f : tcpprot.oem4f (.text:TcpPrSendOOB)
                  000124c2    00000042     driverlib.lib : uart.obj (.text:UARTConfigSetExpClk)
                  00012504    00000042     stk.aem4f : fileuser.oem4f (.text:fdCloseSession)
                  00012546    00000042     rtsv7M4_T_le_v4SPD16_eabi.lib : u_divt2.obj (.text)
                  00012588    00000040     stk.aem4f : lliin.oem4f (.text:LLIValidateRoute)
                  000125c8    00000040               : pbm.oem4f (.text:PBM_copy)
                  00012608    00000040               : sockpcb.oem4f (.text:SockPcbDetach)
                  00012648    00000040               : sockpcb.oem4f (.text:SockPcbRtChange)
                  00012688    00000040               : tcpprot.oem4f (.text:TcpPrDisconnect)
                  000126c8    00000040     drivers_tivaware.aem4f : UARTTiva.oem4f (.text:UARTTiva_writePolling)
                  00012708    00000040     os.aem4f : mem.oem4f (.text:mmZeroInit)
                  00012748    00000040     sysbios.aem4f : BIOS.obj (.text:ti_sysbios_family_arm_lm4_Timer_startup__E)
                  00012788    0000003e     nettool_ipv4.aem4f : dhcpmain.oem4f (.text:DHCPClose)
                  000127c6    0000003e     stk.aem4f : icmp.oem4f (.text:ICMPChecksum)
                  00012804    0000003e               : nimu.oem4f (.text:NIMUAllocateName)
                  00012842    0000003e               : tcpprot.oem4f (.text:TcpPrCtlError)
                  00012880    0000003e               : file.oem4f (.text:fdint_unlockfd)
                  000128be    0000003c     nettool_ipv4.aem4f : config.oem4f (.text:CfgEntryGetData)
                  000128fa    0000003c     driverlib.lib : emac.obj (.text:EMACIntDisable)
                  00012936    0000003c     stk.aem4f : node.oem4f (.text:NodeUpdatePL)
                  00012972    00000002     --HOLE-- [fill = 0]
                  00012974    0000003c               : rtable.oem4f (.text:RtWalkBegin)
                  000129b0    0000003c               : tcpprot.oem4f (.text:TcpPrConnect)
                  000129ec    0000003c               : tcptime.oem4f (.text:TcpSetPersist)
                  00012a28    0000003c               : rtc.oem4f (.text:_RTCSendRtAdv)
                  00012a64    0000003c     hal_timer_bios.aem4f : lltimer.oem4f (.text:_llTimerInit)
                  00012aa0    0000003c     sysbios.aem4f : BIOS.obj (.text:ti_sysbios_family_arm_m3_Hwi_excSvCall__I)
                  00012adc    0000003c                   : BIOS.obj (.text:ti_sysbios_family_arm_m3_Hwi_getStackInfo__E)
                  00012b18    0000003c                   : BIOS.obj (.text:ti_sysbios_heaps_HeapMem_init__I)
                  00012b54    0000003c     tivaRTSC_JS_pem4f.oem4f (.text:ti_sysbios_knl_Clock_create)
                  00012b90    0000003c     sysbios.aem4f : BIOS.obj (.text:ti_sysbios_knl_Swi_startup__E)
                  00012bcc    0000003c     ti.targets.arm.rtsarm.aem4f : Text.oem4f (.text:xdc_runtime_Text_xprintf__I)
                  00012c08    0000003a     driverlib.lib : emac.obj (.text:EMACIntEnable)
                  00012c42    0000003a     stk.aem4f : rtable.oem4f (.text:_RtNodeRemove)
                  00012c7c    00000038     driverlib.lib : emac.obj (.text:EMACConfigGet)
                  00012cb4    00000038     stk.aem4f : ipfrag.oem4f (.text:IPReasmTimeout)
                  00012cec    00000038               : node.oem4f (.text:NodeGetRt)
                  00012d24    00000038     drivers_tivaware.aem4f : PWM.oem4f (.text:PWM_init)
                  00012d5c    00000038     driverlib.lib : sysctl.obj (.text:SysCtlPeripheralReady)
                  00012d94    00000038     os.aem4f : task.oem4f (.text:TaskCreate)
                  00012dcc    00000038     stk.aem4f : tcpprot.oem4f (.text:TcpClose)
                  00012e04    00000038               : timer.oem4f (.text:TimerHSTick)
                  00012e3c    00000038     drivers_tivaware.aem4f : UART.oem4f (.text:UART_init)
                  00012e74    00000038     nettool_ipv4.aem4f : dhcptags.oem4f (.text:dhcpOptionsClear)
                  00012eac    00000038     stk.aem4f : file.oem4f (.text:fdint_waitevent)
                  00012ee4    00000038     sysbios.aem4f : BIOS.obj (.text:ti_sysbios_family_arm_m3_Hwi_excNoIsr__I)
                  00012f1c    00000038                   : BIOS.obj (.text:ti_sysbios_family_arm_m3_TaskSupport_start__E)
                  00012f54    00000038                   : BIOS.obj (.text:ti_sysbios_knl_Task_processVitalTaskFlag__I)
                  00012f8c    00000038     ti.targets.arm.rtsarm.aem4f : SysMin.oem4f (.text:xdc_runtime_SysMin_putch__E)
                  00012fc4    00000038                                 : System.oem4f (.text:xdc_runtime_System_atexit__E)
                  00012ffc    00000034     nettool_ipv4.aem4f : config.oem4f (.text:CfgSetService)
                  00013030    00000034     driverlib.lib : emac.obj (.text:EMACConfigSet)
                  00013064    00000034                   : emac.obj (.text:EMACIntClear)
                  00013098    00000034     drivers_tivaware.aem4f : EMAC.oem4f (.text:EMAC_init)
                  000130cc    00000034     stk.aem4f : ip.oem4f (.text:IPChecksum)
                  00013100    00000034               : nimu.oem4f (.text:NIMUFindByName)
                  00013134    00000034               : nimu.oem4f (.text:NIMUInit)
                  00013168    00000034     driverlib.lib : sysctl.obj (.text:SysCtlPeripheralEnable)
                  0001319c    00000034     drivers_tivaware.aem4f : UARTTiva.oem4f (.text:UARTTiva_close)
                  000131d0    00000034     nettool_ipv4.aem4f : dhcpbild.oem4f (.text:dhcpBuildDiscover)
                  00013204    00000034     os.aem4f : mem.oem4f (.text:mmUnInitPage)
                  00013238    00000034     sysbios.aem4f : BIOS.obj (.text:ti_sysbios_family_arm_m3_Hwi_excNmi__I)
                  0001326c    00000034                   : BIOS.obj (.text:ti_sysbios_hal_Hwi_checkStack)
                  000132a0    00000034     tivaRTSC_JS_pem4f.oem4f (.text:ti_sysbios_knl_Semaphore_create)
                  000132d4    00000034     ti.targets.arm.rtsarm.aem4f : Core-label.oem4f (.text:xdc_runtime_Core_assignLabel__I)
                  00013308    00000033                                 : Text.oem4f (.text:xdc_runtime_Text_printVisFxn__I)
                  0001333b    00000001     --HOLE-- [fill = 0]
                  0001333c    00000032     nettool_ipv4.aem4f : config.oem4f (.text:CfgGetImmediate)
                  0001336e    00000032     stk.aem4f : route.oem4f (.text:RtDeRef)
                  000133a0    00000032               : sb.oem4f (.text:SBSetMax)
                  000133d2    00000032               : sock.oem4f (.text:SockIntAbort)
                  00013404    00000032               : tcpprot.oem4f (.text:TcpPrSend)
                  00013436    00000032     drivers_tivaware.aem4f : UARTTiva.oem4f (.text:UARTTiva_readCancel)
                  00013468    00000032                            : UARTTiva.oem4f (.text:UARTTiva_writeCancel)
                  0001349a    00000032     nettool_ipv4.aem4f : config.oem4f (.text:_CfgAcquire)
                  000134cc    00000032                        : dhcpsm.oem4f (.text:dhcpIPRemove)
                  000134fe    00000032     sysbios.aem4f : BIOS.obj (.text:ti_sysbios_knl_Semaphore_pendTimeout__I)
                  00013530    00000030     driverlib.lib : emac.obj (.text:EMACAddrSet)
                  00013560    00000030     drivers_tivaware.aem4f : EMACSnow.oem4f (.text:EMACSnow_handlePackets)
                  00013590    00000030     os.aem4f : task.oem4f (.text:NDK_hookCreate)
                  000135c0    00000030     netctrl_min_ipv4.aem4f : netsrv.oem4f (.text:NS_PreBoot)
                  000135f0    00000030     drivers_tivaware.aem4f : PWMTiva.oem4f (.text:PWMTiva_init)
                  00013620    00000030     stk.aem4f : sb.oem4f (.text:SBFlush)
                  00013650    00000030               : sock.oem4f (.text:SockBind)
                  00013680    00000030               : sockpcb.oem4f (.text:SockCleanPcb)
                  000136b0    00000030               : sockprot.oem4f (.text:SockPrCtlError)
                  000136e0    00000030     nettool_ipv4.aem4f : dhcpsock.oem4f (.text:dhcpPacketSend)
                  00013710    00000030     stk.aem4f : listlib.oem4f (.text:list_remove_node)
                  00013740    00000030     rtsv7M4_T_le_v4SPD16_eabi.lib : strncpy.obj (.text)
                  00013770    00000030     tivaRTSC_JS_pem4f.oem4f (.text:ti_sysbios_BIOS_atExitFunc__I)
                  000137a0    00000030     tivaRTSC_JS_pem4f.oem4f (.text:ti_sysbios_gates_GateHwi_Object__create__S)
                  000137d0    00000030     tivaRTSC_JS_pem4f.oem4f (.text:ti_sysbios_gates_GateMutex_Object__create__S)
                  00013800    00000030     tivaRTSC_JS_pem4f.oem4f (.text:ti_sysbios_heaps_HeapMem_Object__create__S)
                  00013830    00000030     tivaRTSC_JS_pem4f.oem4f (.text:ti_sysbios_knl_Semaphore_construct)
                  00013860    00000030     ti.targets.arm.rtsarm.aem4f : SysMin.oem4f (.text:xdc_runtime_SysMin_abort__E)
                  00013890    00000030                                 : System.oem4f (.text:xdc_runtime_System_processAtExit__E)
                  000138c0    0000002e     stk.aem4f : rawethsock.oem4f (.text:RawEthSockNotify)
                  000138ee    0000002e               : route.oem4f (.text:RtSetFailure)
                  0001391c    0000002e               : sb.oem4f (.text:SBFree)
                  0001394a    0000002e     tivaRTSC_JS_pem4f.oem4f (.text:malloc)
                  00013978    0000002e     rtsv7M4_T_le_v4SPD16_eabi.lib : i_tofd_t2.obj (.text)
                  000139a6    0000002c     driverlib.lib : emac.obj (.text:EMACIntStatus)
                  000139d2    0000002c     stk.aem4f : file.oem4f (.text:FdSignalEvent)
                  000139fe    0000002c               : nimu.oem4f (.text:NIMUAllocateIndex)
                  00013a2a    00000002     --HOLE-- [fill = 0]
                  00013a2c    0000002c               : nimu.oem4f (.text:NIMUPacketServiceCheck)
                  00013a58    0000002c               : pipe.oem4f (.text:PipeClose)
                  00013a84    0000002c               : sockpcb.oem4f (.text:SockPcbAttach)
                  00013ab0    0000002c     Boot.aem4f : Boot_sysctl.oem4f (.text:_SysCtlMemTimingGet)
                  00013adc    0000002c     sysbios.aem4f : BIOS.obj (.text:ti_sysbios_hal_Hwi_initStack)
                  00013b08    0000002c     tivaRTSC_JS_pem4f.oem4f (.text:ti_sysbios_knl_Clock_doTick__I)
                  00013b34    0000002c     tivaRTSC_JS_pem4f.oem4f (.text:ti_sysbios_knl_Queue_construct)
                  00013b60    0000002c     sysbios.aem4f : BIOS.obj (.text:ti_sysbios_knl_Task_restore__E)
                  00013b8c    0000002c     ti.targets.arm.rtsarm.aem4f : Text.oem4f (.text:xdc_runtime_Text_cordText__E)
                  00013bb8    0000002a     driverlib.lib : gpio.obj (.text:GPIODirModeSet)
                  00013be2    0000002a     stk.aem4f : lli.oem4f (.text:LLIFree)
                  00013c0c    0000002a               : pbm.oem4f (.text:PBMQ_deq)
                  00013c36    0000002a     nettool_ipv4.aem4f : config.oem4f (.text:_CfgRelease)
                  00013c60    0000002a     ti.targets.arm.rtsarm.aem4f : System.oem4f (.text:xdc_runtime_System_putchar__I)
                  00013c8a    00000002     --HOLE-- [fill = 0]
                  00013c8c    00000028     stk.aem4f : bind.oem4f (.text:BindFindByNet)
                  00013cb4    00000028     drivers_tivaware.aem4f : EMACSnow.oem4f (.text:EMACSnow_isLinkUp)
                  00013cdc    00000028                            : EMACSnow.oem4f (.text:EMACSnow_pkt_service)
                  00013d04    00000028     stk.aem4f : igmp.oem4f (.text:IGMPTestGroup)
                  00013d2c    00000028     netctrl_min_ipv4.aem4f : netctrl.oem4f (.text:NC_SystemClose)
                  00013d54    00000028     stk.aem4f : nimu.oem4f (.text:NIMUCreatePacket)
                  00013d7c    00000028               : nimu.oem4f (.text:NIMUPacketService)
                  00013da4    00000028     netctrl_min_ipv4.aem4f : netsrv.oem4f (.text:ServiceCallback)
                  00013dcc    00000028     stk.aem4f : tcpin.oem4f (.text:TcpEnterTimeWait)
                  00013df4    00000028               : vlan.oem4f (.text:VLANFindSourceInterface)
                  00013e1c    00000028               : vlan.oem4f (.text:VLANInit)
                  00013e44    00000028               : lli.oem4f (.text:_LLIExpListRemove)
                  00013e6c    00000028               : lli.oem4f (.text:_LLITimeoutFlush)
                  00013e94    00000028               : rtable.oem4f (.text:_RtExpListRemove)
                  00013ebc    00000028     nettool_ipv4.aem4f : dhcpsock.oem4f (.text:dhcpPacketReceive)
                  00013ee4    00000028     sysbios.aem4f : BIOS.obj (.text:ti_sysbios_family_arm_m3_Hwi_Instance_finalize__E)
                  00013f0c    00000026     driverlib.lib : emac.obj (.text:EMACPHYRead)
                  00013f32    00000026                   : emac.obj (.text:EMACPHYWrite)
                  00013f58    00000026     stk.aem4f : rawethsock.oem4f (.text:RawEthSockClose)
                  00013f7e    00000026               : route.oem4f (.text:RtSetTimeout)
                  00013fa4    00000026     tivaRTSC_JS_pem4f.oem4f (.text:ti_ndk_config_udp_init)
                  00013fca    00000026     sysbios.aem4f : m3_Hwi_asm.obj (.text:ti_sysbios_family_arm_m3_Hwi_pendSV__I)
                  00013ff0    00000026     ti.targets.arm.rtsarm.aem4f : System.oem4f (.text:xdc_runtime_System_avprintf__E)
                  00014016    00000024     stk.aem4f : bind.oem4f (.text:BindGetIFByDBCast)
                  0001403a    00000002     --HOLE-- [fill = 0]
                  0001403c    00000024     drivers_tivaware.aem4f : EMACSnow.oem4f (.text:EMACSnow_emacPoll)
                  00014060    00000024                            : EMACSnow.oem4f (.text:EMACSnow_primeRx)
                  00014084    00000024     stk.aem4f : exec.oem4f (.text:ExecTimer)
                  000140a8    00000024     drivers_tivaware.aem4f : GPIOTiva.oem4f (.text:GPIO_init)
                  000140cc    00000024     stk.aem4f : nimu.oem4f (.text:NIMUFindByIndex)
                  000140f0    00000024               : rawethsock_pcb.oem4f (.text:RawEthSockPcbFind)
                  00014114    00000024               : route.oem4f (.text:RtFree)
                  00014138    00000024               : sockpcb.oem4f (.text:SockPcbCleanup)
                  0001415c    00000024               : tcptime.oem4f (.text:TcpTimeoutWait2)
                  00014180    00000024               : timer.oem4f (.text:TimerListRemove)
                  000141a4    00000024     nettool_ipv4.aem4f : config.oem4f (.text:_CfgEntryProcess)
                  000141c8    00000024     tivaRTSC_JS_pem4f.oem4f (.text:ti_sysbios_BIOS_errorRaiseHook__I)
                  000141ec    00000024     tivaRTSC_JS_pem4f.oem4f (.text:ti_sysbios_BIOS_registerRTSLock__I)
                  00014210    00000024     tivaRTSC_JS_pem4f.oem4f (.text:ti_sysbios_BIOS_removeRTSLock__I)
                  00014234    00000024     tivaRTSC_JS_pem4f.oem4f (.text:ti_sysbios_BIOS_startFunc__I)
                  00014258    00000024     sysbios.aem4f : BIOS.obj (.text:ti_sysbios_family_arm_m3_Hwi_doTaskRestore__I)
                  0001427c    00000024     tivaRTSC_JS_pem4f.oem4f (.text:ti_sysbios_gates_GateMutex_Object__delete__S)
                  000142a0    00000024     sysbios.aem4f : BIOS.obj (.text:ti_sysbios_knl_Clock_Module_startup__E)
                  000142c4    00000024     tivaRTSC_JS_pem4f.oem4f (.text:ti_sysbios_knl_Semaphore_Object__delete__S)
                  000142e8    00000024     sysbios.aem4f : BIOS.obj (.text:ti_sysbios_knl_Swi_Module_startup__E)
                  0001430c    00000024                   : BIOS.obj (.text:ti_sysbios_knl_Task_enter__I)
                  00014330    00000024     ti.targets.arm.rtsarm.aem4f : System.oem4f (.text:xdc_runtime_System_vprintf__E)
                  00014354    00000022     nettool_ipv4.aem4f : config.oem4f (.text:CfgEntryInfo)
                  00014376    00000022                        : config.oem4f (.text:CfgEntryRef)
                  00014398    00000022     driverlib.lib : pwm.obj (.text:PWMGenConfigure)
                  000143ba    00000022     drivers_tivaware.aem4f : PWMTiva.oem4f (.text:PWMTiva_getPeriodCounts)
                  000143dc    00000022     stk.aem4f : vlan.oem4f (.text:VLANFindNode)
                  000143fe    00000022     roveTCPSocket.obj (.text:setsockopt)
                  00014420    00000022     tivaRTSC_JS_pem4f.oem4f (.text:xdc_runtime_SysMin_output__I)
                  00014442    00000002     --HOLE-- [fill = 0]
                  00014444    00000020     stk.aem4f : bind.oem4f (.text:BindFindByHost)
                  00014464    00000020     netctrl_min_ipv4.aem4f : netctrl.oem4f (.text:NC_BootComplete)
                  00014484    00000020     stk.aem4f : nimu.oem4f (.text:NIMUGetNumOfObject)
                  000144a4    00000020               : rtc.oem4f (.text:RTCAddHook)
                  000144c4    00000020               : rtc.oem4f (.text:RTCRemoveHook)
                  000144e4    00000020     tivaRTSC_JS_pem4f.oem4f (.text:ti_sysbios_family_arm_m3_Hwi_Object__delete__S)
                  00014504    00000020     sysbios.aem4f : m3_Hwi_asm.obj (.text:ti_sysbios_family_arm_m3_Hwi_excHandlerAsm__I)
                  00014524    00000020                   : BIOS.obj (.text:ti_sysbios_family_arm_m3_Hwi_excHandler__I)
                  00014544    00000020     tivaRTSC_JS_pem4f.oem4f (.text:ti_sysbios_gates_GateHwi_Object__delete__S)
                  00014564    00000020     tivaRTSC_JS_pem4f.oem4f (.text:ti_sysbios_heaps_HeapMem_Object__delete__S)
                  00014584    00000020     sysbios.aem4f : BIOS.obj (.text:ti_sysbios_knl_Idle_run__E)
                  000145a4    00000020     tivaRTSC_JS_pem4f.oem4f (.text:ti_sysbios_knl_Semaphore_Object__destruct__S)
                  000145c4    00000020     tivaRTSC_JS_pem4f.oem4f (.text:ti_sysbios_knl_Swi_Object__delete__S)
                  000145e4    00000020     tivaRTSC_JS_pem4f.oem4f (.text:ti_sysbios_knl_Task_Object__delete__S)
                  00014604    00000020     ti.targets.arm.rtsarm.aem4f : Registry.oem4f (.text:xdc_runtime_Registry_findById__E)
                  00014624    00000020                                 : SysMin.oem4f (.text:xdc_runtime_SysMin_Module_startup__E)
                  00014644    0000001e     driverlib.lib : pwm.obj (.text:PWMPulseWidthSet)
                  00014662    0000001e     drivers_tivaware.aem4f : PWMTiva.oem4f (.text:PWMTiva_getPeriodMicroSecs)
                  00014680    0000001e     stk.aem4f : fileuser.oem4f (.text:fdError)
                  0001469e    0000001e               : listlib.oem4f (.text:list_remove)
                  000146bc    0000001e     roveTCPSocket.obj (.text:recv)
                  000146da    0000001e     sysbios.aem4f : m3_Hwi_asm_switch.obj (.text:ti_sysbios_family_xxx_Hwi_switchAndRunFunc)
                  000146f8    0000001c     stk.aem4f : bind.oem4f (.text:BindFindByIF)
                  00014714    0000001c     drivers_tivaware.aem4f : EMACSnow.oem4f (.text:EMACSnow_init)
                  00014730    0000001c     stk.aem4f : exec.oem4f (.text:ExecBroadcast)
                  0001474c    0000001c               : exec.oem4f (.text:ExecClose)
                  00014768    0000001c     os.aem4f : ossys.oem4f (.text:NDK_sprintf)
                  00014784    0000001c     stk.aem4f : nimu.oem4f (.text:NIMUAddHeader)
                  000147a0    0000001c               : sockprot.oem4f (.text:SockPrDetach)
                  000147bc    0000001c     os.aem4f : task.oem4f (.text:TaskDestroy)
                  000147d8    0000001c     stk.aem4f : tcp.oem4f (.text:TcpTimeoutRemove)
                  000147f4    0000001c     driverlib.lib : uart.obj (.text:UARTDisable)
                  00014810    0000001c     rtsv7M4_T_le_v4SPD16_eabi.lib : memccpy.obj (.text)
                  0001482c    0000001c     tivaRTSC_JS_pem4f.oem4f (.text:ti_ndk_config_global_taskCreateHook)
                  00014848    0000001c     tivaRTSC_JS_pem4f.oem4f (.text:ti_sysbios_BIOS_rtsLock__I)
                  00014864    0000001c     tivaRTSC_JS_pem4f.oem4f (.text:ti_sysbios_family_arm_m3_Hwi_Object__destruct__S)
                  00014880    0000001c     sysbios.aem4f : BIOS.obj (.text:ti_sysbios_gates_GateMutex_Instance_init__E)
                  0001489c    0000001c     tivaRTSC_JS_pem4f.oem4f (.text:ti_sysbios_knl_Queue_Object__destruct__S)
                  000148b8    0000001c     ti.targets.arm.rtsarm.aem4f : Error.oem4f (.text:xdc_runtime_Error_raiseX__E)
                  000148d4    0000001c                                 : Memory.oem4f (.text:xdc_runtime_Memory_valloc__E)
                  000148f0    0000001c                                 : SysMin.oem4f (.text:xdc_runtime_SysMin_exit__E)
                  0001490c    0000001c                                 : System.oem4f (.text:xdc_runtime_System_abort__E)
                  00014928    0000001a     stk.aem4f : sockint.oem4f (.text:SockSetOOBMark)
                  00014942    0000001a               : file.oem4f (.text:fdint_getfdt)
                  0001495c    0000001a     tivaRTSC_JS_pem4f.oem4f (.text:ti_sysbios_family_arm_m3_Hwi_Handle__label__S)
                  00014976    0000001a     tivaRTSC_JS_pem4f.oem4f (.text:ti_sysbios_gates_GateHwi_Handle__label__S)
                  00014990    0000001a     tivaRTSC_JS_pem4f.oem4f (.text:ti_sysbios_gates_GateMutex_Handle__label__S)
                  000149aa    0000001a     tivaRTSC_JS_pem4f.oem4f (.text:ti_sysbios_heaps_HeapMem_Handle__label__S)
                  000149c4    0000001a     tivaRTSC_JS_pem4f.oem4f (.text:ti_sysbios_knl_Swi_Handle__label__S)
                  000149de    0000001a     tivaRTSC_JS_pem4f.oem4f (.text:ti_sysbios_knl_Task_Handle__label__S)
                  000149f8    0000001a     sysbios.aem4f : BIOS.obj (.text:ti_sysbios_knl_Task_sleepTimeout__I)
                  00014a12    0000001a     tivaRTSC_JS_pem4f.oem4f (.text:xdc_runtime_System_aprintf__E)
                  00014a2c    0000001a     tivaRTSC_JS_pem4f.oem4f (.text:xdc_runtime_System_printf__E)
                  00014a46    00000002     --HOLE-- [fill = 0]
                  00014a48    00000018     drivers_tivaware.aem4f : EMACSnow.oem4f (.text:EMACSnow_emacSend)
                  00014a60    00000018     driverlib.lib : gpio.obj (.text:GPIOPinTypeGPIOOutput)
                  00014a78    00000018     stk.aem4f : ip.oem4f (.text:IPRtChange)
                  00014a90    00000018     drivers_tivaware.aem4f : PWM.oem4f (.text:PWM_open)
                  00014aa8    00000018     stk.aem4f : rawethsock_pcb.oem4f (.text:RawEthSockPcbCleanup)
                  00014ac0    00000018     nettool_ipv4.aem4f : ipaddr.oem4f (.text:RouteHook)
                  00014ad8    00000018     stk.aem4f : tcpin.oem4f (.text:SEQ_GEQ)
                  00014af0    00000018               : tcpout.oem4f (.text:SEQ_GEQ)
                  00014b08    00000018               : tcpin.oem4f (.text:SEQ_GT)
                  00014b20    00000018               : tcpout.oem4f (.text:SEQ_GT)
                  00014b38    00000018               : tcpin.oem4f (.text:SEQ_LEQ)
                  00014b50    00000018               : tcpout.oem4f (.text:SEQ_LEQ)
                  00014b68    00000018               : tcpin.oem4f (.text:SEQ_LT)
                  00014b80    00000018               : tcpout.oem4f (.text:SEQ_LT)
                  00014b98    00000018               : tcp.oem4f (.text:TcpTimeoutAdd)
                  00014bb0    00000018     drivers_tivaware.aem4f : UART.oem4f (.text:UART_Params_init)
                  00014bc8    00000018                            : UART.oem4f (.text:UART_open)
                  00014be0    00000018     nettool_ipv4.aem4f : dhcpsock.oem4f (.text:dhcpSocketClose)
                  00014bf8    00000018     tivaRTSC_JS_pem4f.oem4f (.text:free)
                  00014c10    00000018     stk.aem4f : listlib.oem4f (.text:list_add)
                  00014c28    00000018     rtsv7M4_T_le_v4SPD16_eabi.lib : args_main.obj (.text)
                  00014c40    00000018                                   : ll_mul_t2.obj (.text)
                  00014c58    00000018                                   : strcmp.obj (.text)
                  00014c70    00000018     tivaRTSC_JS_pem4f.oem4f (.text:ti_sysbios_BIOS_rtsUnlock__I)
                  00014c88    00000018     tivaRTSC_JS_pem4f.oem4f (.text:ti_sysbios_family_arm_lm4_Timer_Module__startupDone__F)
                  00014ca0    00000018     tivaRTSC_JS_pem4f.oem4f (.text:ti_sysbios_family_arm_m3_Hwi_Module__startupDone__F)
                  00014cb8    00000018     sysbios.aem4f : m3_TaskSupport_asm.obj (.text:ti_sysbios_family_arm_m3_TaskSupport_swap__E)
                  00014cd0    00000018                   : BIOS.obj (.text:ti_sysbios_gates_GateMutex_leave__E)
                  00014ce8    00000018     ti.targets.arm.rtsarm.aem4f : Error.oem4f (.text:xdc_runtime_Error_check__E)
                  00014d00    00000018                                 : System.oem4f (.text:xdc_runtime_System_exit__E)
                  00014d18    00000018                                 : Text.oem4f (.text:xdc_runtime_Text_ropeText__E)
                  00014d30    00000016     stk.aem4f : bind.oem4f (.text:BindGetIP)
                  00014d46    00000016     driverlib.lib : emac.obj (.text:EMACReset)
                  00014d5c    00000016                   : emac.obj (.text:EMACRxEnable)
                  00014d72    00000016                   : emac.obj (.text:EMACTxEnable)
                  00014d88    00000016     stk.aem4f : file.oem4f (.text:fdint_freefdt)
                  00014d9e    00000016     rtsv7M4_T_le_v4SPD16_eabi.lib : memchr.obj (.text)
                  00014db4    00000016                                   : strchr.obj (.text)
                  00014dca    00000016     tivaRTSC_JS_pem4f.oem4f (.text:ti_sysbios_BIOS_exitFunc__I)
                  00014de0    00000016     ti.targets.arm.rtsarm.aem4f : System.oem4f (.text:xdc_runtime_System_vsprintf__E)
                  00014df6    00000014     stk.aem4f : bind.oem4f (.text:BindIPHost2IF)
                  00014e0a    00000002     --HOLE-- [fill = 0]
                  00014e0c    00000014     driverlib.lib : flash.obj (.text:FlashUserGet)
                  00014e20    00000014     netctrl_min_ipv4.aem4f : netctrl.oem4f (.text:NC_NetStop)
                  00014e34    00000014     os.aem4f : task.oem4f (.text:NDK_hookExit)
                  00014e48    00000014     stk.aem4f : nimu.oem4f (.text:NIMUSendPacket)
                  00014e5c    00000014     nettool_ipv4.aem4f : ipaddr.oem4f (.text:NtRemoveNetwork)
                  00014e70    00000014     driverlib.lib : pwm.obj (.text:PWMClockSet)
                  00014e84    00000014     stk.aem4f : rawethsock_pcb.oem4f (.text:RawEthSockPcbInit)
                  00014e98    00000014     driverlib.lib : sysctl.obj (.text:SysCtlPWMClockSet)
                  00014eac    00000014     stk.aem4f : timer.oem4f (.text:TimerFree)
                  00014ec0    00000014     driverlib.lib : uart.obj (.text:UARTEnable)
                  00014ed4    00000014     roveTCPSocket.obj (.text:connect)
                  00014ee8    00000014     rtsv7M4_T_le_v4SPD16_eabi.lib : _lock.obj (.text)
                  00014efc    00000014                                   : strlen.obj (.text)
                  00014f10    00000014     roveTCPSocket.obj (.text:socket)
                  00014f24    00000014     tivaRTSC_JS_pem4f.oem4f (.text:ti_ndk_config_global_taskExitHook)
                  00014f38    00000014     tivaRTSC_JS_pem4f.oem4f (.text:ti_sysbios_family_arm_m3_Hwi_Object__get__S)
                  00014f4c    00000014     sysbios.aem4f : BIOS.obj (.text:ti_sysbios_family_arm_m3_Hwi_switchFromBootStack__E)
                  00014f60    00000014     tivaRTSC_JS_pem4f.oem4f (.text:ti_sysbios_heaps_HeapMem_Object__get__S)
                  00014f74    00000014     tivaRTSC_JS_pem4f.oem4f (.text:ti_sysbios_knl_Swi_Object__get__S)
                  00014f88    00000014     tivaRTSC_JS_pem4f.oem4f (.text:ti_sysbios_knl_Task_Object__first__S)
                  00014f9c    00000014     tivaRTSC_JS_pem4f.oem4f (.text:ti_sysbios_knl_Task_Object__next__S)
                  00014fb0    00000012     driverlib.lib : gpio.obj (.text:GPIOPinTypeEthernetLED)
                  00014fc2    00000012                   : gpio.obj (.text:GPIOPinTypePWM)
                  00014fd4    00000012                   : gpio.obj (.text:GPIOPinTypeUART)
                  00014fe6    00000012                   : pwm.obj (.text:PWMGenPeriodGet)
                  00014ff8    00000012                   : pwm.obj (.text:PWMOutputInvert)
                  0001500a    00000012                   : pwm.obj (.text:PWMOutputState)
                  0001501c    00000012     stk.aem4f : sockprot.oem4f (.text:SockPrAttach)
                  0001502e    00000012               : sockint.oem4f (.text:SockSetOOBData)
                  00015040    00000012     rtsv7M4_T_le_v4SPD16_eabi.lib : copy_zero_init.obj (.text:decompress:ZI)
                  00015052    00000012     nettool_ipv4.aem4f : inetaddr.oem4f (.text:inet_addr)
                  00015064    00000012     rtsv7M4_T_le_v4SPD16_eabi.lib : xdclass.obj (.text)
                  00015076    00000012     sysbios.aem4f : BIOS.obj (.text:ti_sysbios_hal_Hwi_Module_startup__E)
                  00015088    00000012                   : BIOS.obj (.text:ti_sysbios_knl_Semaphore_reset__E)
                  0001509a    00000012     tivaRTSC_JS_pem4f.oem4f (.text:xdc_runtime_Startup_exec__I)
                  000150ac    00000010     tivaRTSC_JS_pem4f.oem4f (.text:.bootCodeSection:ti_catalog_arm_cortexm4_tiva_ce_Boot_init__I)
                  000150bc    00000010     stk.aem4f : bind.oem4f (.text:BindIF2IPHost)
                  000150cc    00000010               : bind.oem4f (.text:BindIFNet2IPHost)
                  000150dc    00000010     driverlib.lib : emac.obj (.text:EMACFrameFilterSet)
                  000150ec    00000010     stk.aem4f : exec.oem4f (.text:ExecHRef)
                  000150fc    00000010     netctrl_min_ipv4.aem4f : netctrl.oem4f (.text:NC_IPUpdate)
                  0001510c    00000010     stk.aem4f : nimu.oem4f (.text:NIMUGetRsvdSizeInfo)
                  0001511c    00000010     driverlib.lib : pwm.obj (.text:PWMGenPeriodSet)
                  0001512c    00000010     drivers_tivaware.aem4f : PWM.oem4f (.text:PWM_Params_init)
                  0001513c    00000010     rtsv7M4_T_le_v4SPD16_eabi.lib : strcpy.obj (.text)
                  0001514c    00000010     sysbios.aem4f : BIOS.obj (.text:ti_sysbios_BIOS_getCpuFreq__E)
                  0001515c    00000010                   : BIOS.obj (.text:ti_sysbios_BIOS_setThreadType__E)
                  0001516c    00000010                   : BIOS.obj (.text:ti_sysbios_BIOS_start__E)
                  0001517c    00000010                   : m3_TaskSupport_asm.obj (.text:ti_sysbios_family_arm_m3_TaskSupport_glue)
                  0001518c    00000010                   : BIOS.obj (.text:ti_sysbios_gates_GateMutex_Instance_finalize__E)
                  0001519c    00000010     tivaRTSC_JS_pem4f.oem4f (.text:ti_sysbios_knl_Mailbox_Object__get__S)
                  000151ac    00000010     sysbios.aem4f : BIOS.obj (.text:ti_sysbios_knl_Semaphore_Instance_finalize__E)
                  000151bc    00000010                   : BIOS.obj (.text:ti_sysbios_knl_Swi_disable__E)
                  000151cc    00000010     tivaRTSC_JS_pem4f.oem4f (.text:ti_sysbios_knl_Task_Object__get__S)
                  000151dc    00000010     sysbios.aem4f : BIOS.obj (.text:ti_sysbios_knl_Task_disable__E)
                  000151ec    00000010                   : BIOS.obj (.text:ti_sysbios_knl_Task_getIdleTask__E)
                  000151fc    00000010     ti.targets.arm.rtsarm.aem4f : Gate.oem4f (.text:xdc_runtime_Gate_leaveSystem__E)
                  0001520c    00000010                                 : Memory.oem4f (.text:xdc_runtime_Memory_free__E)
                  0001521c    00000010                                 : SysMin.oem4f (.text:xdc_runtime_SysMin_ready__E)
                  0001522c    00000010                                 : System.oem4f (.text:xdc_runtime_System_vsnprintf__E)
                  0001523c    00000010     tivaRTSC_JS_pem4f.oem4f (.text:xdc_runtime_Text_visitRope__I)
                  0001524c    0000000e     drivers_tivaware.aem4f : EMACSnow.oem4f (.text:EMACSnow_emacioctl)
                  0001525a    0000000e     stk.aem4f : exec.oem4f (.text:ExecLowResource)
                  00015268    0000000e     driverlib.lib : uart.obj (.text:UARTCharGetNonBlocking)
                  00015276    0000000e                   : uart.obj (.text:UARTCharPutNonBlocking)
                  00015284    0000000e     rtsv7M4_T_le_v4SPD16_eabi.lib : copy_decompress_none.obj (.text:decompress:none)
                  00015292    0000000e     sysbios.aem4f : BIOS.obj (.text:ti_sysbios_knl_Queue_empty__E)
                  000152a0    0000000c     stk.aem4f : bind.oem4f (.text:BindGetFirst)
                  000152ac    0000000c     nettool_ipv4.aem4f : config.oem4f (.text:CfgSetDefault)
                  000152b8    0000000c     os.aem4f : task.oem4f (.text:NDK_hookInit)
                  000152c4    0000000c     stk.aem4f : nimu.oem4f (.text:NIMUSetRsvdSizeInfo)
                  000152d0    0000000c     os.aem4f : task.oem4f (.text:NotifyLowResource)
                  000152dc    0000000c     stk.aem4f : pbm.oem4f (.text:PBM_close)
                  000152e8    0000000c     driverlib.lib : pwm.obj (.text:PWMGenDisable)
                  000152f4    0000000c                   : pwm.obj (.text:PWMGenEnable)
                  00015300    0000000c     os.aem4f : semaphore.oem4f (.text:SemDelete)
                  0001530c    0000000c     hal_timer_bios.aem4f : lltimer.oem4f (.text:_llTimerShutdown)
                  00015318    0000000c     roveDeviceTemplate_Thread.obj (.text:close)
                  00015324    0000000c     hal_timer_bios.aem4f : lltimer.oem4f (.text:llTimerGetStartTime)
                  00015330    0000000c     sysbios.aem4f : BIOS.obj (.text:ti_sysbios_BIOS_getThreadType__E)
                  0001533c    0000000c                   : BIOS.obj (.text:ti_sysbios_family_arm_lm4_Timer_getMaxTicks__E)
                  00015348    0000000c     tivaRTSC_JS_pem4f.oem4f (.text:ti_sysbios_family_arm_m3_Hwi_Params__init__S)
                  00015354    0000000c     sysbios.aem4f : BIOS.obj (.text:ti_sysbios_family_arm_m3_Hwi_disableFxn__E)
                  00015360    0000000c                   : BIOS.obj (.text:ti_sysbios_family_arm_m3_TaskSupport_checkStack__E)
                  0001536c    0000000c                   : BIOS.obj (.text:ti_sysbios_family_arm_m3_TaskSupport_getStackAlignment__E)
                  00015378    0000000c                   : BIOS.obj (.text:ti_sysbios_gates_GateHwi_enter__E)
                  00015384    0000000c     tivaRTSC_JS_pem4f.oem4f (.text:ti_sysbios_knl_Clock_Params__init__S)
                  00015390    0000000c     sysbios.aem4f : BIOS.obj (.text:ti_sysbios_knl_Clock_getTicks__E)
                  0001539c    0000000c     tivaRTSC_JS_pem4f.oem4f (.text:ti_sysbios_knl_Queue_Object__get__S)
                  000153a8    0000000c     tivaRTSC_JS_pem4f.oem4f (.text:ti_sysbios_knl_Semaphore_Params__init__S)
                  000153b4    0000000c     tivaRTSC_JS_pem4f.oem4f (.text:ti_sysbios_knl_Task_Params__init__S)
                  000153c0    0000000c     sysbios.aem4f : BIOS.obj (.text:ti_sysbios_knl_Task_self__E)
                  000153cc    0000000c     ti.targets.arm.rtsarm.aem4f : Error.oem4f (.text:xdc_runtime_Error_init__E)
                  000153d8    0000000c                                 : Gate.oem4f (.text:xdc_runtime_Gate_enterSystem__E)
                  000153e4    0000000c                                 : Memory.oem4f (.text:xdc_runtime_Memory_calloc__E)
                  000153f0    0000000c                                 : Memory.oem4f (.text:xdc_runtime_Memory_getMaxDefaultTypeAlign__E)
                  000153fc    0000000a     driverlib.lib : uart.obj (.text:UARTCharGet)
                  00015406    0000000a                   : uart.obj (.text:UARTCharPut)
                  00015410    0000000a                   : uart.obj (.text:UARTIntDisable)
                  0001541a    0000000a                   : uart.obj (.text:UARTIntStatus)
                  00015424    0000000a     stk.aem4f : file.oem4f (.text:fdint_signalevent)
                  0001542e    0000000a               : file.oem4f (.text:fdint_signaltimeout)
                  00015438    0000000a     tivaRTSC_JS_pem4f.oem4f (.text:xdc_runtime_IHeap_alloc)
                  00015442    0000000a     tivaRTSC_JS_pem4f.oem4f (.text:xdc_runtime_IHeap_free)
                  0001544c    00000008     driverlib.lib : emac.obj (.text:EMACTxDMAPollDemand)
                  00015454    00000008     stk.aem4f : node.oem4f (.text:NodeFree)
                  0001545c    00000008     os.aem4f : task.oem4f (.text:TaskBlock)
                  00015464    00000008     driverlib.lib : uart.obj (.text:UARTIntEnable)
                  0001546c    00000008     drivers_tivaware.aem4f : UARTTiva.oem4f (.text:UARTTiva_init)
                  00015474    00000008                            : UARTTiva.oem4f (.text:readSemCallback)
                  0001547c    00000008     sysbios.aem4f : BIOS.obj (.text:ti_sysbios_family_arm_lm4_Timer_masterDisable__I)
                  00015484    00000008                   : BIOS.obj (.text:ti_sysbios_family_arm_m3_Hwi_doSwiRestore__I)
                  0001548c    00000008                   : BIOS.obj (.text:ti_sysbios_family_arm_m3_Hwi_startup__E)
                  00015494    00000008                   : BIOS.obj (.text:ti_sysbios_knl_Idle_loop__E)
                  0001549c    00000008                   : BIOS.obj (.text:ti_sysbios_knl_Task_getHookContext__E)
                  000154a4    00000008                   : BIOS.obj (.text:ti_sysbios_knl_Task_setHookContext__E)
                  000154ac    00000008     drivers_tivaware.aem4f : UARTTiva.oem4f (.text:writeSemCallback)
                  000154b4    00000006     driverlib.lib : emac.obj (.text:EMACRxDMADescriptorListSet)
                  000154ba    00000006                   : emac.obj (.text:EMACTxDMADescriptorListSet)
                  000154c0    00000006                   : sysctl.obj (.text:SysCtlDelay)
                  000154c6    00000006     stk.aem4f : tcpprot.oem4f (.text:TcpPrRecv)
                  000154cc    00000006     driverlib.lib : uart.obj (.text:UARTFIFOLevelSet)
                  000154d2    00000006     drivers_tivaware.aem4f : UARTTiva.oem4f (.text:UARTTiva_control)
                  000154d8    00000006     ti.targets.arm.rtsarm.aem4f : xdc_noinit.oem4f (.text:__xdc__init)
                  000154de    00000006     rtsv7M4_T_le_v4SPD16_eabi.lib : copy_decompress_rle.obj (.text:decompress:rle24)
                  000154e4    00000006     sysbios.aem4f : BIOS.obj (.text:ti_sysbios_family_arm_m3_Hwi_restoreFxn__E)
                  000154ea    00000006                   : BIOS.obj (.text:ti_sysbios_gates_GateHwi_leave__E)
                  000154f0    00000006                   : BIOS.obj (.text:ti_sysbios_heaps_HeapMem_isBlocking__E)
                  000154f6    00000006                   : BIOS.obj (.text:ti_sysbios_knl_Queue_Instance_init__E)
                  000154fc    00000006     ti.targets.arm.rtsarm.aem4f : System.oem4f (.text:xdc_runtime_System_Module_startup__E)
                  00015502    00000004     stk.aem4f : bind.oem4f (.text:BindGetIF)
                  00015506    00000004               : bind.oem4f (.text:BindGetNext)
                  0001550a    00000004     os.aem4f : ossys.oem4f (.text:NDK_vsprintf)
                  0001550e    00000004     stk.aem4f : node.oem4f (.text:NodeSetRt)
                  00015512    00000004               : rawethsock_prot.oem4f (.text:RawEthSockPrAttach)
                  00015516    00000004               : rawethsock_prot.oem4f (.text:RawEthSockPrDetach)
                  0001551a    00000004     os.aem4f : semaphore.oem4f (.text:SemPend)
[...]
000153b5   ti_sysbios_knl_Task_Params__init__S
000153c1   ti_sysbios_knl_Task_self__E
000153cd   xdc_runtime_Error_init__E
000153d9   xdc_runtime_Gate_enterSystem__E
000153e5   xdc_runtime_Memory_calloc__E
000153f1   xdc_runtime_Memory_getMaxDefaultTypeAlign__E
000153fd   UARTCharGet
00015407   UARTCharPut
00015411   UARTIntDisable
0001541b   UARTIntStatus
00015425   fdint_signalevent
0001542f   fdint_signaltimeout
0001544d   EMACTxDMAPollDemand
0001545d   TaskBlock
00015465   UARTIntEnable
0001546d   UARTTiva_init
0001547d   ti_sysbios_family_arm_lm4_Timer_masterDisable__I
00015485   ti_sysbios_family_arm_m3_Hwi_doSwiRestore__I
0001548d   ti_sysbios_family_arm_m3_Hwi_startup__E
0001548d   ti_sysbios_hal_Hwi_HwiProxy_startup__E
0001548d   ti_sysbios_hal_Hwi_startup__E
00015495   ti_sysbios_knl_Idle_loop__E
0001549d   ti_sysbios_knl_Task_getHookContext__E
000154a5   ti_sysbios_knl_Task_setHookContext__E
000154b5   EMACRxDMADescriptorListSet
000154bb   EMACTxDMADescriptorListSet
000154c1   SysCtlDelay
000154c7   TcpPrRecv
000154cd   UARTFIFOLevelSet
000154d3   UARTTiva_control
000154d9   __xdc__init
000154df   __TI_decompress_rle24
000154e5   OEMSysCritOff
000154e5   ti_sysbios_family_arm_m3_Hwi_restoreFxn__E
000154e5   ti_sysbios_hal_Hwi_HwiProxy_restore__E
000154e5   ti_sysbios_hal_Hwi_restore__E
000154eb   ti_sysbios_gates_GateHwi_leave__E
000154f1   ti_sysbios_heaps_HeapMem_isBlocking__E
000154f7   ti_sysbios_knl_Queue_Instance_init__E
000154fd   xdc_runtime_System_Module_startup__E
00015503   BindGetIF
00015507   BindGetNext
0001550b   NDK_vsprintf
0001550f   NodeSetRt
00015513   RawEthSockPrAttach
00015517   RawEthSockPrDetach
0001551b   SemPend
0001551f   SemPost
00015523   SemReset
00015527   TaskSelf
0001552b   TaskSetPri
0001552f   UARTIntClear
00015533   _llSerialInit
00015537   list_get_head
0001553b   list_get_next
0001553f   ti_sysbios_BIOS_RtsGateProxy_enter__E
00015543   ti_sysbios_BIOS_RtsGateProxy_leave__E
00015547   ti_sysbios_family_arm_lm4_Timer_masterEnable__I
0001554b   ti_sysbios_family_arm_m3_Hwi_delete
0001554f   ti_sysbios_family_arm_m3_Hwi_destruct
00015553   ti_sysbios_family_arm_m3_TaskSupport_Module__startupDone__S
00015557   ti_sysbios_gates_GateHwi_query__E
00015557   xdc_runtime_Main_Module_GateProxy_query__E
00015557   xdc_runtime_System_Module_GateProxy_query__E
0001555b   ti_sysbios_BIOS_RtsGateProxy_query__E
0001555b   ti_sysbios_gates_GateMutex_query__E
0001555b   ti_sysbios_heaps_HeapMem_Module_GateProxy_query__E
0001555f   ti_sysbios_hal_Hwi_HwiProxy_Module__startupDone__S
00015563   ti_sysbios_heaps_HeapMem_Module_GateProxy_enter__E
00015567   ti_sysbios_heaps_HeapMem_Module_GateProxy_leave__E
0001556b   ti_sysbios_knl_Clock_TimerProxy_Module__startupDone__S
0001556f   ti_sysbios_knl_Clock_TimerProxy_getMaxTicks__E
00015573   ti_sysbios_knl_Queue_destruct
00015577   ti_sysbios_knl_Semaphore_delete
0001557b   ti_sysbios_knl_Semaphore_destruct
0001557f   ti_sysbios_knl_Swi_delete
00015583   ti_sysbios_knl_Task_SupportProxy_Module__startupDone__S
00015587   ti_sysbios_knl_Task_delete
0001558b   ti_sysbios_knl_Task_startup__E
0001558f   xdc_runtime_Error_getMsg__E
00015593   xdc_runtime_Error_getSite__E
00015597   xdc_runtime_Memory_HeapProxy_alloc__E
0001559b   xdc_runtime_Memory_HeapProxy_free__E
0001559f   xdc_runtime_System_Module_GateProxy_enter__E
000155a3   xdc_runtime_System_Module_GateProxy_leave__E
000155a7   xdc_runtime_System_aprintf_va__F
000155ab   xdc_runtime_System_printf_va__F
000155b0   xdc_runtime_Text_charTab__A
00016db5   xdc_runtime_Error_policy__C
00016db6   ti_catalog_arm_cortexm4_tiva_ce_Boot_Module__id__C
00016ed8   _ctypes_
00016fda   ti_sysbios_family_arm_m3_Hwi_Module__id__C
000170d0   xdc_runtime_Text_nodeTab__A
00017238   gpioHWAttrs
000172b0   UART_config
00017388   PWM_config
000173e8   Code2Err
0001743c   pwmTivaHWAttrs
00017490   uartTivaHWAttrs
0001750e   ti_sysbios_family_arm_m3_Hwi_Module__loggerDefined__C
00017510   ti_sysbios_knl_Task_Object__PARAMS__C
0001757c   ti_sysbios_family_arm_m3_Hwi_Object__PARAMS__C
000175ac   GPIO_config
00017604   UARTTiva_fxnTable
0001762c   ti_sysbios_heaps_HeapMem_Module__FXNS__C
00017654   ti_sysbios_knl_Swi_Object__PARAMS__C
0001767c   UART_defaultParams
000176a0   ti_sysbios_gates_GateHwi_Module__FXNS__C
000176c4   ti_sysbios_gates_GateMutex_Module__FXNS__C
000176e8   ti_sysbios_heaps_HeapMem_Object__PARAMS__C
0001770c   ti_sysbios_knl_Clock_Object__PARAMS__C
00017730   ti_sysbios_knl_Semaphore_Object__PARAMS__C
00017754   xdc_runtime_Startup_sfxnTab__A
00017778   PWMTiva_fxnTable
00017794   PWMTiva_MAX_PRESCALAR
00017796   PWMTiva_MAX_MATCH_VALUE
00017798   ti_sysbios_family_arm_m3_Hwi_Object__DESC__C
000177b8   ti_sysbios_gates_GateHwi_Object__DESC__C
000177d8   ti_sysbios_gates_GateMutex_Object__DESC__C
000177f8   ti_sysbios_heaps_HeapMem_Object__DESC__C
00017818   ti_sysbios_knl_Clock_Object__DESC__C
00017838   ti_sysbios_knl_Queue_Object__DESC__C
00017858   ti_sysbios_knl_Semaphore_Object__DESC__C
00017878   ti_sysbios_knl_Swi_Object__DESC__C
00017898   ti_sysbios_knl_Task_Object__DESC__C
000178b8   ti_ndk_config_Global_rawPageSize
000178bc   ti_ndk_config_Global_rawPageCount
000178c0   ti_ndk_config_Global_smallest
000178c4   ti_ndk_config_Global_largest
000178c8   ti_ndk_config_Global_numFrameBuf
000178cc   ti_ndk_config_Global_sizeFrameBuf
000178d0   roveDeviceTemplateThreadTask
000178d4   EMAC_config
00017904   ti_sysbios_gates_GateHwi_Object__PARAMS__C
0001791c   ti_sysbios_gates_GateMutex_Object__PARAMS__C
00017934   ti_sysbios_knl_Queue_Object__PARAMS__C
0001794c   ti_sysbios_knl_Task_hooks__A
00017964   xdc_runtime_Startup_firstFxns__A
00017978   xdc_runtime_Startup_sfxnRts__A
0001799c   PWM_defaultParams
000179a8   emacHWAttrs
000179bc   EMACSnow_fxnTable
000179c4   ti_sysbios_family_arm_m3_Hwi_excHookFuncs__A
000179cc   ti_sysbios_knl_Idle_funcList__A
000179d4   ti_sysbios_knl_Idle_funcList__C
000179dc   ti_sysbios_knl_Task_hooks__C
000179e4   xdc_runtime_Startup_firstFxns__C
000179ec   xdc_runtime_Startup_lastFxns__C
000179f4   ti_catalog_arm_cortexm4_tiva_ce_Boot_A_mustNotUseEnhancedClockMode__C
000179f8   ti_catalog_arm_cortexm4_tiva_ce_Boot_Module__diagsEnabled__C
000179fc   ti_catalog_arm_cortexm4_tiva_ce_Boot_Module__diagsIncluded__C
00017a00   ti_catalog_arm_cortexm4_tiva_ce_Boot_Module__diagsMask__C
00017a04   ti_sysbios_family_arm_lm4_Timer_enableFunc__C
00017a08   ti_sysbios_family_arm_lm4_Timer_numTimerDevices__C
00017a0c   ti_sysbios_family_arm_lm4_Timer_startupNeeded__C
00017a10   ti_sysbios_family_arm_m3_Hwi_E_NMI__C
00017a14   ti_sysbios_family_arm_m3_Hwi_E_alreadyDefined__C
00017a18   ti_sysbios_family_arm_m3_Hwi_E_busFault__C
00017a1c   ti_sysbios_family_arm_m3_Hwi_E_debugMon__C
00017a20   ti_sysbios_family_arm_m3_Hwi_E_hardFault__C
00017a24   ti_sysbios_family_arm_m3_Hwi_E_memFault__C
00017a28   ti_sysbios_family_arm_m3_Hwi_E_noIsr__C
00017a2c   ti_sysbios_family_arm_m3_Hwi_E_reserved__C
00017a30   ti_sysbios_family_arm_m3_Hwi_E_svCall__C
00017a34   ti_sysbios_family_arm_m3_Hwi_E_usageFault__C
00017a38   ti_sysbios_family_arm_m3_Hwi_LD_end__C
00017a3c   ti_sysbios_family_arm_m3_Hwi_LM_begin__C
00017a40   ti_sysbios_family_arm_m3_Hwi_Module__diagsEnabled__C
00017a44   ti_sysbios_family_arm_m3_Hwi_Module__diagsIncluded__C
00017a48   ti_sysbios_family_arm_m3_Hwi_Module__diagsMask__C
00017a4c   ti_sysbios_family_arm_m3_Hwi_Module__loggerFxn1__C
00017a50   ti_sysbios_family_arm_m3_Hwi_Module__loggerFxn8__C
00017a54   ti_sysbios_family_arm_m3_Hwi_Module__loggerObj__C
00017a58   ti_sysbios_family_arm_m3_Hwi_NUM_INTERRUPTS__C
00017a5c   ti_sysbios_family_arm_m3_Hwi_Object__count__C
00017a60   ti_sysbios_family_arm_m3_Hwi_ccr__C
00017a64   ti_sysbios_family_arm_m3_Hwi_excHandlerFunc__C
00017a68   ti_sysbios_family_arm_m3_Hwi_excHookFuncs__C
00017a6c   ti_sysbios_family_arm_m3_Hwi_nullIsrFunc__C
00017a70   ti_sysbios_family_arm_m3_Hwi_priGroup__C
00017a74   ti_sysbios_family_arm_m3_TaskSupport_stackAlignment__C
00017a78   ti_sysbios_gates_GateMutex_A_badContext__C
00017a7c   ti_sysbios_gates_GateMutex_Instance_State_sem__O
00017a80   ti_sysbios_gates_GateMutex_Module__diagsEnabled__C
00017a84   ti_sysbios_gates_GateMutex_Module__diagsIncluded__C
00017a88   ti_sysbios_gates_GateMutex_Module__diagsMask__C
00017a8c   ti_sysbios_hal_Hwi_E_stackOverflow__C
00017a90   ti_sysbios_heaps_HeapMem_A_align__C
00017a94   ti_sysbios_heaps_HeapMem_A_heapSize__C
00017a98   ti_sysbios_heaps_HeapMem_A_invalidFree__C
00017a9c   ti_sysbios_heaps_HeapMem_A_zeroBlock__C
00017aa0   ti_sysbios_heaps_HeapMem_E_memory__C
00017aa4   ti_sysbios_heaps_HeapMem_Module__diagsEnabled__C
00017aa8   ti_sysbios_heaps_HeapMem_Module__diagsIncluded__C
00017aac   ti_sysbios_heaps_HeapMem_Module__diagsMask__C
00017ab0   ti_sysbios_heaps_HeapMem_Module__gateObj__C
00017ab4   ti_sysbios_heaps_HeapMem_Object__count__C
00017ab8   ti_sysbios_heaps_HeapMem_reqAlign__C
00017abc   ti_sysbios_knl_Clock_A_badThreadType__C
00017ac0   ti_sysbios_knl_Clock_LM_begin__C
00017ac4   ti_sysbios_knl_Clock_LM_tick__C
00017ac8   ti_sysbios_knl_Clock_LW_delayed__C
00017acc   ti_sysbios_knl_Clock_Module_State_clockQ__O
00017ad0   ti_sysbios_knl_Clock_Module__diagsEnabled__C
00017ad4   ti_sysbios_knl_Clock_Module__diagsIncluded__C
00017ad8   ti_sysbios_knl_Clock_Module__diagsMask__C
00017adc   ti_sysbios_knl_Clock_Module__loggerFxn1__C
00017ae0   ti_sysbios_knl_Clock_Module__loggerFxn2__C
00017ae4   ti_sysbios_knl_Clock_Module__loggerObj__C
00017ae8   ti_sysbios_knl_Mailbox_Instance_State_freeQue__O
00017aec   ti_sysbios_knl_Mailbox_Object__count__C
00017af0   ti_sysbios_knl_Mailbox_maxTypeAlign__C
00017af4   ti_sysbios_knl_Semaphore_A_badContext__C
00017af8   ti_sysbios_knl_Semaphore_A_noEvents__C
00017afc   ti_sysbios_knl_Semaphore_A_overflow__C
00017b00   ti_sysbios_knl_Semaphore_A_pendTaskDisabled__C
00017b04   ti_sysbios_knl_Semaphore_Instance_State_pendQ__O
00017b08   ti_sysbios_knl_Semaphore_LM_pend__C
00017b0c   ti_sysbios_knl_Semaphore_LM_post__C
00017b10   ti_sysbios_knl_Semaphore_Module__diagsEnabled__C
00017b14   ti_sysbios_knl_Semaphore_Module__diagsIncluded__C
00017b18   ti_sysbios_knl_Semaphore_Module__diagsMask__C
00017b1c   ti_sysbios_knl_Semaphore_Module__loggerFxn2__C
00017b20   ti_sysbios_knl_Semaphore_Module__loggerFxn4__C
00017b24   ti_sysbios_knl_Semaphore_Module__loggerObj__C
00017b28   ti_sysbios_knl_Swi_A_badPriority__C
00017b2c   ti_sysbios_knl_Swi_LD_end__C
00017b30   ti_sysbios_knl_Swi_LM_begin__C
00017b34   ti_sysbios_knl_Swi_LM_post__C
00017b38   ti_sysbios_knl_Swi_Module__diagsEnabled__C
00017b3c   ti_sysbios_knl_Swi_Module__diagsIncluded__C
00017b40   ti_sysbios_knl_Swi_Module__diagsMask__C
00017b44   ti_sysbios_knl_Swi_Module__loggerFxn1__C
00017b48   ti_sysbios_knl_Swi_Module__loggerFxn4__C
00017b4c   ti_sysbios_knl_Swi_Module__loggerObj__C
00017b50   ti_sysbios_knl_Swi_Object__count__C
00017b54   ti_sysbios_knl_Task_A_badPriority__C
00017b58   ti_sysbios_knl_Task_A_badTaskState__C
00017b5c   ti_sysbios_knl_Task_A_badThreadType__C
00017b60   ti_sysbios_knl_Task_A_badTimeout__C
00017b64   ti_sysbios_knl_Task_A_noPendElem__C
00017b68   ti_sysbios_knl_Task_A_sleepTaskDisabled__C
00017b6c   ti_sysbios_knl_Task_E_deleteNotAllowed__C
00017b70   ti_sysbios_knl_Task_E_spOutOfBounds__C
00017b74   ti_sysbios_knl_Task_E_stackOverflow__C
00017b78   ti_sysbios_knl_Task_LD_block__C
00017b7c   ti_sysbios_knl_Task_LD_exit__C
00017b80   ti_sysbios_knl_Task_LD_ready__C
00017b84   ti_sysbios_knl_Task_LM_setPri__C
00017b88   ti_sysbios_knl_Task_LM_sleep__C
00017b8c   ti_sysbios_knl_Task_LM_switch__C
00017b90   ti_sysbios_knl_Task_Module_State_inactiveQ__O
00017b94   ti_sysbios_knl_Task_Module_State_terminatedQ__O
00017b98   ti_sysbios_knl_Task_Module__diagsEnabled__C
00017b9c   ti_sysbios_knl_Task_Module__diagsIncluded__C
00017ba0   ti_sysbios_knl_Task_Module__diagsMask__C
00017ba4   ti_sysbios_knl_Task_Module__loggerFxn2__C
00017ba8   ti_sysbios_knl_Task_Module__loggerFxn4__C
00017bac   ti_sysbios_knl_Task_Module__loggerObj__C
00017bb0   ti_sysbios_knl_Task_Object__count__C
00017bb4   ti_sysbios_knl_Task_Object__heap__C
00017bb8   ti_sysbios_knl_Task_allBlockedFunc__C
00017bbc   ti_sysbios_knl_Task_defaultStackHeap__C
00017bc0   ti_sysbios_knl_Task_defaultStackSize__C
00017bc4   ti_sysbios_knl_Task_numConstructedTasks__C
00017bc8   xdc_runtime_Assert_E_assertFailed__C
00017bcc   xdc_runtime_Core_A_initializedParams__C
00017bd0   xdc_runtime_Core_Module__diagsEnabled__C
00017bd4   xdc_runtime_Core_Module__diagsIncluded__C
00017bd8   xdc_runtime_Core_Module__diagsMask__C
00017bdc   xdc_runtime_Error_E_memory__C
00017be0   xdc_runtime_Error_Module__diagsEnabled__C
00017be4   xdc_runtime_Error_Module__diagsIncluded__C
00017be8   xdc_runtime_Error_Module__diagsMask__C
00017bec   xdc_runtime_Error_Module__loggerFxn8__C
00017bf0   xdc_runtime_Error_Module__loggerObj__C
00017bf4   xdc_runtime_Error_policyFxn__C
00017bf8   xdc_runtime_Error_raiseHook__C
00017bfc   xdc_runtime_IGateProvider_Interface__BASE__C
00017c00   xdc_runtime_IHeap_Interface__BASE__C
00017c04   xdc_runtime_IModule_Interface__BASE__C
00017c08   xdc_runtime_Log_L_error__C
00017c0c   xdc_runtime_Memory_defaultHeapInstance__C
00017c10   xdc_runtime_Startup_execImpl__C
00017c14   xdc_runtime_Startup_maxPasses__C
00017c18   xdc_runtime_Startup_sfxnRts__C
00017c1c   xdc_runtime_Startup_sfxnTab__C
00017c20   xdc_runtime_SysMin_bufSize__C
00017c24   xdc_runtime_SysMin_outputFunc__C
00017c28   xdc_runtime_System_Module__gateObj__C
00017c2c   xdc_runtime_System_abortFxn__C
00017c30   xdc_runtime_System_exitFxn__C
00017c34   xdc_runtime_System_extendFxn__C
00017c38   xdc_runtime_System_maxAtexitHandlers__C
00017c3c   xdc_runtime_Text_charTab__C
00017c40   xdc_runtime_Text_nameEmpty__C
00017c44   xdc_runtime_Text_nameStatic__C
00017c48   xdc_runtime_Text_nameUnknown__C
00017c4c   xdc_runtime_Text_nodeTab__C
00017c50   xdc_runtime_Text_visitRopeFxn__C
00017c54   ti_sysbios_gates_GateMutex_Module__id__C
00017c56   ti_sysbios_hal_Hwi_Module__id__C
00017c58   ti_sysbios_heaps_HeapMem_Module__id__C
00017c5a   ti_sysbios_knl_Clock_Module__id__C
00017c5c   ti_sysbios_knl_Clock_Module__loggerDefined__C
00017c5e   ti_sysbios_knl_Semaphore_Module__id__C
00017c60   ti_sysbios_knl_Semaphore_Module__loggerDefined__C
00017c62   ti_sysbios_knl_Swi_Module__id__C
00017c64   ti_sysbios_knl_Swi_Module__loggerDefined__C
00017c66   ti_sysbios_knl_Task_Module__id__C
00017c68   ti_sysbios_knl_Task_Module__loggerDefined__C
00017c6a   ti_sysbios_knl_Task_initStackFlag__C
00017c6c   xdc_runtime_Core_Module__id__C
00017c6e   xdc_runtime_Error_Module__loggerDefined__C
00017c70   xdc_runtime_Error_maxDepth__C
00017c72   xdc_runtime_Memory_Module__id__C
00017c74   xdc_runtime_SysMin_flushAtExit__C
00017c76   xdc_runtime_Text_charCnt__C
00017c78   xdc_runtime_Text_isLoaded__C
00017c7a   xdc_runtime_Text_registryModsLastId__C
00017c7c   xdc_runtime_Text_unnamedModsLastId__C
000182d8   __TI_Handler_Table_Base
000182e4   __TI_Handler_Table_Limit
000182f8   __TI_CINIT_Base
00018310   __TI_CINIT_Limit
20000000   ti_sysbios_family_arm_m3_Hwi_ramVectors
20000380   ti_sysbios_heaps_HeapMem_Instance_State_0_buf__A
20005380   ti_ndk_config_Global_pit
20005428   ti_ndk_config_Global_pitBuffer
20009c28   _ICMPIn
20009c74   PBMQ_free
20009c80   ti_ndk_config_Global_pBufMem
2000d880   ti_ndk_config_Global_pHdrMem
2000db78   ti_sysbios_knl_Task_Instance_State_0_stack__A
2000e378   ti_sysbios_knl_Task_Instance_State_1_stack__A
2000e978   ti_sysbios_knl_Task_Instance_State_2_stack__A
2000ec78   uartTivaObjects
2000f0b8   ti_sysbios_family_arm_m3_Hwi_dispatchTable
2000f418   __CIOBUF_
2000f638   tcps
2000f7a4   __TI_tmpnams
2000f964   xdc_runtime_SysMin_Module_State_0_outbuf__A
2000f9e4   ips
2000fa4c   nimu_mcb
2000faac   _ICMPOut
2000fb38   pwmTivaObjects
2000fb70   vlan_mcb
2000fbbc   udps
2000fbe0   BlockCount
2000fbfc   BlockMax
2000fc18   PageCount
2000fc34   PageMax
2000fc50   stkEvent
2000fc8c   raweths
2000fc9c   raws
2000fcac   tpseudo
2000fcb8   upseudo
2000fcc4   emacObjects
2000fcf8   _IGMPInDiscard
2000fcfc   _IGMPInQuery
2000fd00   _IGMPInQueryGroup
2000fd04   _IGMPInResponse
2000fd08   _IGMPOutResponse
2000fd0c   g_ulStatus
2000fd1c   pwm_1
2000fd20   pwm_2
2000fd24   pwm_3
2000fd28   pwm_4
2000fd2c   pwm_5
2000fd30   pwm_6
2000fd34   raweth_pcb
2000fd38   ti_sysbios_knl_Task_Instance_State_0_hookEnv__A
2000fd3c   ti_sysbios_knl_Task_Instance_State_1_hookEnv__A
2000fd40   ti_sysbios_knl_Task_Instance_State_2_hookEnv__A
2000fd44   uart_2
2000fd48   uart_3
2000fd4c   uart_4
2000fd50   uart_5
2000fd54   uart_6
2000fd58   uart_7
2000fd5c   ti_ndk_config_Global_Id2Size
2000fd78   ti_ndk_config_Global_HostName
2000fd7c   LocalIPAddr
2000fd80   LocalIPMask
2000fd84   GatewayIP
2000fd88   DomainName
2000fdcc   ti_sysbios_family_arm_lm4_Timer_Module__root__V
2000fdd4   ti_sysbios_family_arm_lm4_Timer_Module_State_0_handles__A
2000fdf4   ti_sysbios_family_arm_lm4_Timer_Module__state__V
2000fe00   ti_sysbios_family_arm_m3_Hwi_Module__root__V
2000fe08   ti_sysbios_family_arm_m3_Hwi_Object__table__V
2000fe20   ti_sysbios_family_arm_m3_Hwi_Module_State_0_excActive__A
2000fe24   ti_sysbios_family_arm_m3_Hwi_Module_State_0_excContext__A
2000fe28   ti_sysbios_family_arm_m3_Hwi_Module_State_0_excStack__A
2000fe2c   ti_sysbios_gates_GateHwi_Module__root__V
2000fe34   ti_sysbios_gates_GateHwi_Object__table__V
2000fe38   ti_sysbios_gates_GateMutex_Module__root__V
2000fe40   ti_sysbios_hal_Hwi_Module__root__V
2000fe48   ti_sysbios_heaps_HeapMem_Module__root__V
2000fe50   ti_sysbios_heaps_HeapMem_Object__table__V
2000fe68   ti_sysbios_knl_Clock_Module__root__V
2000fe70   ti_sysbios_knl_Event_Module__root__V
2000fe78   ti_sysbios_knl_Mailbox_Module__root__V
2000fe80   ti_sysbios_knl_Queue_Module__root__V
2000fe88   ti_sysbios_knl_Semaphore_Module__root__V
2000fe90   ti_sysbios_knl_Swi_Module__root__V
2000fe98   ti_sysbios_knl_Swi_Module__state__V
2000feb4   ti_sysbios_knl_Task_Module__root__V
2000febc   ti_sysbios_knl_Task_Module_State_0_idleTask__A
2000fec0   xdc_runtime_Error_Module__state__V
2000fec4   xdc_runtime_Memory_Module__state__V
2000fec8   xdc_runtime_Registry_Module__state__V
2000fed0   xdc_runtime_Startup_Module__state__V
2000fed8   xdc_runtime_SysMin_Module__state__V
2000fee4   xdc_runtime_System_Module_State_0_atexitHandlers__A
2000ff04   xdc_runtime_System_Module__state__V
2000ff0c   xdc_runtime_Text_Module__state__V
2000ff14   __xdc__init__addr
2000ff18   _ftable
20010008   ti_sysbios_knl_Task_Object__table__V
200100a0   TSK_idle
200101bc   _ipcfg
20010270   ti_sysbios_knl_Swi_Module_State_0_readyQ__A
200102f0   ti_sysbios_knl_Task_Module_State_0_readyQ__A
200103c0   ti_sysbios_knl_Task_Module__state__V
20010484   ti_sysbios_family_arm_lm4_Timer_Module_State_0_device__A
200104c4   ti_sysbios_family_arm_lm4_Timer_Object__table__V
20010504   ti_sysbios_gates_GateMutex_Object__table__V
20010570   ti_sysbios_family_arm_m3_Hwi_Module__state__V
200105a4   enablePrefetch
200105a8   phyCounter
20010608   ti_sysbios_knl_Swi_Object__table__V
20010638   ti_sysbios_knl_Clock_Module__state__V
20010664   pstrMsgName
2001068c   _oscfg
200106b0   PITCount
200106b4   PITUsed
200106b8   PITHigh
200106d4   ti_sysbios_BIOS_Module__state__V
20010770   __TI_ft_end
20010774   __aeabi_stdin
20010778   __aeabi_stdout
2001077c   __aeabi_stderr
20010788   _IGMPForceVersion1
2001079e   macAddress
200107a4   NIMUDeviceTable
200107bc   _lock
200107c0   _unlock
200107c4   __TI_cleanup_ptr
200107c8   __TI_dtors_ptr
200107d4   _ICMPInErrors
200107d8   _ICMPOutErrors
200107dc   _IPExecuting
200107f4   tcp_iss
200107f8   ptTimeFirst
20010824   main_func_sp
2001082c   _IPReasmPtr
2001083c   __stack
20010a3c   __STACK_TOP
2001103c   __STACK_END
e000e000   ti_sysbios_family_arm_m3_Hwi_nvic
ffffffff   __binit__
ffffffff   __c_args__
ffffffff   binit
UNDEFED    SHT$$INIT_ARRAY$$Base
UNDEFED    SHT$$INIT_ARRAY$$Limit

[1182 symbols]
