******************************************************************************
                  TI ARM Linker Unix v5.1.6                    
******************************************************************************
>> Linked Tue Oct 13 22:07:53 2015

OUTPUT FILE NAME:   <roveDeviceTemplate.out>
ENTRY POINT SYMBOL: "_c_int00"  address: 00011009


MEMORY CONFIGURATION

         name            origin    length      used     unused   attr    fill
----------------------  --------  ---------  --------  --------  ----  --------
  FLASH                 00000000   00100000  00018158  000e7ea8  R  X
  SRAM                  20000000   00040000  0001101c  0002efe4  RW X


SEGMENT ALLOCATION MAP

run origin  load origin   length   init length attrs members
----------  ----------- ---------- ----------- ----- -------
00000000    00000000    00018160   00018160    r-x
  00000000    00000000    0000003c   0000003c    r-- .resetVecs
  0000003c    0000003c    000153be   000153be    r-x .text
  000153fc    000153fc    000026ce   000026ce    r-- .const
  00017ad0    00017ad0    00000690   00000690    r-- .cinit
20000000    20000000    00000360   00000000    rw-
  20000000    20000000    00000360   00000000    rw- .vecs
20000380    20000380    00010cbc   00000000    rw-
  20000380    20000380    0000f9dc   00000000    rw- .bss
  2000fd5c    2000fd5c    00000ae0   00000000    rw- .data
  2001083c    2001083c    00000800   00000000    rw- .stack


SECTION ALLOCATION MAP

 output                                  attributes/
section   page    origin      length       input sections
--------  ----  ----------  ----------   ----------------
.bootVecs 
*          0    00000000    00000008     DSECT
                  00000000    00000008     boot.aem4f : boot.oem4f (.bootVecs)

.resetVecs 
*          0    00000000    0000003c     
                  00000000    0000003c     tivaRTSC_JS_pem4f.oem4f (.resetVecs)

xdc.meta   0    00000000    00000108     COPY SECTION
                  00000000    00000108     tivaRTSC_JS_pem4f.oem4f (xdc.meta)

.init_array 
*          0    00000000    00000000     UNINITIALIZED

.text      0    0000003c    000153be     
                  0000003c    00000ec0     rtsv7M4_T_le_v4SPD16_eabi.lib : _printfi.obj (.text)
                  00000efc    00000c70     stk.aem4f : tcpin.oem4f (.text:TcpInput)
                  00001b6c    000008a0               : tcpout.oem4f (.text:TcpOutput)
                  0000240c    00000424     sysbios.aem4f : BIOS.obj (.text:ti_sysbios_family_arm_m3_Hwi_excDumpRegs__I)
                  00002830    00000408     stk.aem4f : ipout.oem4f (.text:IPTxPacket)
                  00002c38    00000384               : ipin.oem4f (.text:IPRxPacket)
                  00002fbc    0000033c     ti.targets.arm.rtsarm.aem4f : System.oem4f (.text:xdc_runtime_System_doPrint__I)
                  000032f8    00000310     rtsv7M4_T_le_v4SPD16_eabi.lib : lowlev.obj (.text)
                  00003608    00000304     sysbios.aem4f : BIOS.obj (.text:ti_sysbios_knl_Semaphore_pend__E)
                  0000390c    000002d4     rtsv7M4_T_le_v4SPD16_eabi.lib : trgdrv.obj (.text)
                  00003be0    000002c0     sysbios.aem4f : BIOS.obj (.text:ti_sysbios_knl_Task_Instance_finalize__E)
                  00003ea0    00000274     stk.aem4f : sock.oem4f (.text:SockSet)
                  00004114    0000024c               : ipfrag.oem4f (.text:IPReasm)
                  00004360    0000024c     sysbios.aem4f : BIOS.obj (.text:ti_sysbios_family_arm_lm4_Timer_start__E)
                  000045ac    00000248                   : BIOS.obj (.text:ti_sysbios_heaps_HeapMem_free__E)
                  000047f4    0000023c     stk.aem4f : icmpin.oem4f (.text:ICMPInput)
                  00004a30    00000234     sysbios.aem4f : BIOS.obj (.text:ti_sysbios_heaps_HeapMem_alloc__E)
                  00004c64    00000224     stk.aem4f : udp.oem4f (.text:UdpInput)
                  00004e88    00000208     sysbios.aem4f : BIOS.obj (.text:ti_sysbios_knl_Task_sleep__E)
                  00005090    00000204     Boot.aem4f : Boot_sysctl.oem4f (.text:ti_catalog_arm_cortexm4_tiva_ce_Boot_sysCtlClockFreqSetI__I)
                  00005294    000001f8     stk.aem4f : sock.oem4f (.text:SockRecv)
                  0000548c    000001f8     sysbios.aem4f : BIOS.obj (.text:ti_sysbios_family_arm_m3_Hwi_excHandlerMax__I)
                  00005684    000001f4     rtsv7M4_T_le_v4SPD16_eabi.lib : ull_div_t2.obj (.text)
                  00005878    000001e4     sysbios.aem4f : BIOS.obj (.text:ti_sysbios_knl_Task_Instance_init__E)
                  00005a5c    000001c0     rtsv7M4_T_le_v4SPD16_eabi.lib : fopen.obj (.text)
                  00005c1c    000001b8     drivers_tivaware.aem4f : EMACSnow.oem4f (.text:EMACSnow_NIMUInit)
                  00005dd4    000001b6     rtsv7M4_T_le_v4SPD16_eabi.lib : fd_add_t2.obj (.text)
                  00005f8a    00000002     hal_userled_stub.aem4f : llled.oem4f (.text:LED_TOGGLE)
                  00005f8c    000001b4     stk.aem4f : lliout.oem4f (.text:LLITxIpPacket)
                  00006140    000001b0               : lliin.oem4f (.text:LLIRxPacket)
                  000062f0    00000198     os.aem4f : mem.oem4f (.text:mmAlloc)
                  00006488    00000194     stk.aem4f : sock.oem4f (.text:SockNew)
                  0000661c    00000190               : igmp.oem4f (.text:IGMPInput)
                  000067ac    00000184     sysbios.aem4f : BIOS.obj (.text:ti_sysbios_knl_Task_setPri__E)
                  00006930    00000170     drivers_tivaware.aem4f : PWMTiva.oem4f (.text:PWMTiva_open)
                  00006aa0    00000170     stk.aem4f : rtc.oem4f (.text:RTCReport)
                  00006c10    00000168     sysbios.aem4f : BIOS.obj (.text:ti_sysbios_family_arm_m3_Hwi_excBusFault__I)
                  00006d78    00000166     stk.aem4f : sb.oem4f (.text:SBRead)
                  00006ede    00000002               : nat.oem4f (.text:NatMsg)
                  00006ee0    00000164               : sock.oem4f (.text:SockConnect)
                  00007044    00000154     netctrl_min_ipv4.aem4f : netctrl.oem4f (.text:NC_NetStart)
                  00007198    00000154     roveBIOS_Init.obj (.text:main)
                  000072ec    00000154     sysbios.aem4f : BIOS.obj (.text:ti_sysbios_family_arm_m3_Hwi_excUsageFault__I)
                  00007440    00000144     stk.aem4f : bind.oem4f (.text:BindNew)
                  00007584    00000140     nettool_ipv4.aem4f : config.oem4f (.text:CfgAddEntry)
                  000076c4    00000140                        : dhcpmain.oem4f (.text:DHCPOpen)
                  00007804    00000140     EK_TM4C1294XL.obj (.text:EK_TM4C1294XL_initUART)
                  00007944    00000140     stk.aem4f : tcp.oem4f (.text:TcpTimeoutCheck)
                  00007a84    00000140     drivers_tivaware.aem4f : UARTTiva.oem4f (.text:UARTTiva_open)
                  00007bc4    00000140     sysbios.aem4f : BIOS.obj (.text:ti_sysbios_family_arm_m3_Hwi_excMemFault__I)
                  00007d04    0000013c     stk.aem4f : sock.oem4f (.text:SockSend)
                  00007e40    00000138     sysbios.aem4f : BIOS.obj (.text:ti_sysbios_family_arm_m3_Hwi_dispatchC__I)
                  00007f78    00000138                   : BIOS.obj (.text:ti_sysbios_heaps_HeapMem_Instance_init__E)
                  000080b0    00000138                   : BIOS.obj (.text:ti_sysbios_knl_Semaphore_post__E)
                  000081e8    00000136     rtsv7M4_T_le_v4SPD16_eabi.lib : fd_div_t2.obj (.text)
                  0000831e    00000002     os.aem4f : task.oem4f (.text:_TaskInit)
                  00008320    00000134     rtsv7M4_T_le_v4SPD16_eabi.lib : fputs.obj (.text)
                  00008454    00000130     driverlib.lib : gpio.obj (.text:GPIOPadConfigSet)
                  00008584    00000130     stk.aem4f : icmp.oem4f (.text:ICMPGenPacket)
                  000086b4    0000012c     EK_TM4C1294XL.obj (.text:EK_TM4C1294XL_initEMAC)
                  000087e0    0000012c     sysbios.aem4f : BIOS.obj (.text:ti_sysbios_knl_Clock_workFunc__E)
                  0000890c    00000128     stk.aem4f : udp.oem4f (.text:UdpOutput)
                  00008a34    00000128     sysbios.aem4f : BIOS.obj (.text:ti_sysbios_knl_Task_exit__E)
                  00008b5c    00000124     stk.aem4f : sockpcb.oem4f (.text:SockPcbResolve)
                  00008c80    00000124     tivaRTSC_JS_pem4f.oem4f (.text:ti_ndk_config_Global_stackThread)
                  00008da4    00000120     sysbios.aem4f : BIOS.obj (.text:ti_sysbios_knl_Swi_run__I)
                  00008ec4    00000120     ti.targets.arm.rtsarm.aem4f : Error.oem4f (.text:xdc_runtime_Error_policyDefault__E)
                  00008fe4    0000011c     sysbios.aem4f : BIOS.obj (.text:ti_sysbios_knl_Clock_Instance_init__E)
                  00009100    0000011b     roveWare_TCPSocket.obj (.text:roveTCP_Connect)
                  0000921b    00000001     --HOLE-- [fill = 0]
                  0000921c    00000118     stk.aem4f : sockint.oem4f (.text:SockNotify)
                  00009334    00000118               : tcpout.oem4f (.text:TcpGenPacket)
                  0000944c    00000117     roveWare_TCPSocket.obj (.text:roveCatch_NdkErrors)
                  00009563    00000001     --HOLE-- [fill = 0]
                  00009564    00000116     roveWare_TCPSocket.obj (.text:rovePrintf_TCP_CmdMsg)
                  0000967a    00000110     stk.aem4f : nimu.oem4f (.text:NIMUIoctl)
                  0000978a    00000002     os.aem4f : task.oem4f (.text:_TaskShutdown)
                  0000978c    00000110     stk.aem4f : node.oem4f (.text:NodeTreeFree)
                  0000989c    00000110               : raw.oem4f (.text:RawInput)
                  000099ac    0000010c               : igmp.oem4f (.text:IGMPSendReply)
                  00009ab8    0000010c               : route.oem4f (.text:RtCreate)
                  00009bc4    0000010c               : rtable.oem4f (.text:RtFind)
                  00009cd0    00000104     os.aem4f : task.oem4f (.text:llEnter)
                  00009dd4    00000104     sysbios.aem4f : BIOS.obj (.text:ti_sysbios_knl_Task_schedule__I)
                  00009ed8    00000104     ti.targets.arm.rtsarm.aem4f : Core-mem.oem4f (.text:xdc_runtime_Core_createObject__I)
                  00009fdc    00000104     tivaRTSC_JS_pem4f.oem4f (.text:xdc_runtime_System_printfExtend__I)
                  0000a0e0    00000102     nettool_ipv4.aem4f : dhcppkt.oem4f (.text:dhcpPacketProcess)
                  0000a1e2    00000002     hal_ser_stub.aem4f : llserstb.oem4f (.text:_llSerialServiceCheck)
                  0000a1e4    00000100     netctrl_min_ipv4.aem4f : netctrl.oem4f (.text:NetScheduler)
                  0000a2e4    00000100     nettool_ipv4.aem4f : inetaddr.oem4f (.text:inet_aton)
                  0000a3e4    000000fe     stk.aem4f : pipe.oem4f (.text:PipeRecv)
                  0000a4e2    000000fc     rtsv7M4_T_le_v4SPD16_eabi.lib : fd_mul_t2.obj (.text)
                  0000a5de    00000002     hal_ser_stub.aem4f : llserstb.oem4f (.text:_llSerialShutdown)
                  0000a5e0    000000fc     ti.targets.arm.rtsarm.aem4f : Startup.oem4f (.text:xdc_runtime_Startup_startMods__I)
                  0000a6dc    000000fa     drivers_tivaware.aem4f : PWMTiva.oem4f (.text:PWMTiva_setDuty)
                  0000a7d6    00000002     hal_userled_stub.aem4f : llled.oem4f (.text:_llUserLedInit)
                  0000a7d8    000000f8     drivers_tivaware.aem4f : EMACSnow.oem4f (.text:EMACSnow_emacStart)
                  0000a8d0    000000f4     os.aem4f : task.oem4f (.text:TaskGetEnv)
                  0000a9c4    000000f4     sysbios.aem4f : m3_Hwi_asm.obj (.text:ti_sysbios_family_arm_m3_Hwi_dispatch__I)
                  0000aab8    000000f4                   : BIOS.obj (.text:ti_sysbios_knl_Task_startCore__E)
                  0000abac    000000f2     roveDeviceTemplate_Thread.obj (.text:roveDeviceTemplateThread)
                  0000ac9e    00000002     hal_userled_stub.aem4f : llled.oem4f (.text:_llUserLedShutdown)
                  0000aca0    000000f0     stk.aem4f : lliout.oem4f (.text:LLIGenArpPacket)
                  0000ad90    000000f0     sysbios.aem4f : BIOS.obj (.text:ti_sysbios_knl_Task_postInit__I)
                  0000ae80    000000ee     stk.aem4f : sock.oem4f (.text:SockClose)
                  0000af6e    00000002     hal_ser_stub.aem4f : llserstb.oem4f (.text:llSerialService)
                  0000af70    000000e8     os.aem4f : task.oem4f (.text:TaskSetEnv)
                  0000b058    000000e0     stk.aem4f : tcptime.oem4f (.text:TcpTimeoutRexmt)
                  0000b138    000000dc               : sb.oem4f (.text:SBWrite)
                  0000b214    000000dc     nettool_ipv4.aem4f : dhcpsock.oem4f (.text:dhcpSocketOpen)
                  0000b2f0    000000dc     rtsv7M4_T_le_v4SPD16_eabi.lib : setvbuf.obj (.text)
                  0000b3cc    000000dc     tivaRTSC_JS_pem4f.oem4f (.text:ti_ndk_config_ip_init)
                  0000b4a8    000000da     nettool_ipv4.aem4f : dhcpsm.oem4f (.text:dhcpState)
                  0000b582    00000002     tivaRTSC_JS_pem4f.oem4f (.text:ti_ndk_config_Global_NetworkClose)
                  0000b584    000000d8     stk.aem4f : node.oem4f (.text:NodeAdd)
                  0000b65c    000000d5               : nimu.oem4f (.text:NIMUReceivePacket)
                  0000b731    00000001     --HOLE-- [fill = 0]
                  0000b732    00000002     tivaRTSC_JS_pem4f.oem4f (.text:ti_ndk_config_Global_NetworkOpen)
                  0000b734    000000d4     drivers_tivaware.aem4f : EMACSnow.oem4f (.text:EMACSnow_handleRx)
                  0000b808    000000d4     stk.aem4f : sockpcb.oem4f (.text:SockPcbBind)
                  0000b8dc    000000d2               : tcpprot.oem4f (.text:TcpPrSetOption)
                  0000b9ae    00000002     tivaRTSC_JS_pem4f.oem4f (.text:ti_sysbios_BIOS_nullFunc__I)
                  0000b9b0    000000d0     sysbios.aem4f : BIOS.obj (.text:ti_sysbios_knl_Swi_Instance_init__E)
                  0000ba80    000000ce     nettool_ipv4.aem4f : dhcpsm.oem4f (.text:dhcpIPAdd)
                  0000bb4e    00000002     sysbios.aem4f : BIOS.obj (.text:ti_sysbios_gates_GateHwi_Instance_init__E)
                  0000bb50    000000cc     stk.aem4f : icmp.oem4f (.text:ICMPSendRtAdv)
                  0000bc1c    000000cc     nettool_ipv4.aem4f : dhcpbild.oem4f (.text:dhcpBuildHeader)
                  0000bce8    000000cc     ti.targets.arm.rtsarm.aem4f : Core-smem.oem4f (.text:xdc_runtime_Core_constructObject__I)
                  0000bdb4    000000ca     nettool_ipv4.aem4f : dhcppkt.oem4f (.text:dhcpVerifyMessage)
                  0000be7e    00000002     tivaRTSC_JS_pem4f.oem4f (.text:xdc_runtime_Startup_reset__I)
                  0000be80    000000c8     stk.aem4f : rawethsock.oem4f (.text:RawEthSockNew)
                  0000bf48    000000c4     drivers_tivaware.aem4f : EMACSnow.oem4f (.text:EMACSnow_InitDMADescriptors)
                  0000c00c    000000c4     stk.aem4f : igmp.oem4f (.text:IGMPJoinHostGroup)
                  0000c0d0    000000c4     netctrl_min_ipv4.aem4f : netsrv.oem4f (.text:SPIpNet)
                  0000c194    000000c4     sysbios.aem4f : BIOS.obj (.text:ti_sysbios_family_arm_m3_Hwi_Module_startup__E)
                  0000c258    000000c0     nettool_ipv4.aem4f : dhcpsm.oem4f (.text:StateBound)
                  0000c318    000000c0     rtsv7M4_T_le_v4SPD16_eabi.lib : fflush.obj (.text)
                  0000c3d8    000000bc     stk.aem4f : sockpcb.oem4f (.text:SockPcbFind)
                  0000c494    000000bc               : vlan.oem4f (.text:VLANDeinit)
                  0000c550    000000bc     sysbios.aem4f : BIOS.obj (.text:ti_sysbios_knl_Task_unblockI__E)
                  0000c60c    000000b8     EK_TM4C1294XL.obj (.text:EK_TM4C1294XL_initGeneral)
                  0000c6c4    000000b8     stk.aem4f : icmpin.oem4f (.text:ICMPRevSrcRoute)
                  0000c77c    000000b8               : lli.oem4f (.text:_LLITimeoutCheck)
                  0000c834    000000b4               : tcptime.oem4f (.text:TcpTimeoutKeep)
                  0000c8e8    000000b4     sysbios.aem4f : BIOS.obj (.text:ti_sysbios_family_arm_m3_Hwi_excHardFault__I)
                  0000c99c    000000b4                   : BIOS.obj (.text:ti_sysbios_gates_GateMutex_enter__E)
                  0000ca50    000000b4                   : BIOS.obj (.text:ti_sysbios_knl_Task_checkStacks__E)
                  0000cb04    000000b0     stk.aem4f : rawethsock.oem4f (.text:RawEthSockSet)
                  0000cbb4    000000b0               : sockint.oem4f (.text:SockCreatePacket)
                  0000cc64    000000b0     sysbios.aem4f : BIOS.obj (.text:ti_sysbios_family_arm_m3_Hwi_excDebugMon__I)
                  0000cd14    000000ac     stk.aem4f : rtable.oem4f (.text:RtTimeoutCheck)
                  0000cdc0    000000ac     roveWare_TCPSocket.obj (.text:roveTCP_Recv)
                  0000ce6c    000000ac     rtsv7M4_T_le_v4SPD16_eabi.lib : _io_perm.obj (.text)
                  0000cf18    000000ac     sysbios.aem4f : BIOS.obj (.text:ti_sysbios_family_arm_lm4_Timer_enableTiva__I)
                  0000cfc4    000000a8                   : BIOS.obj (.text:ti_sysbios_family_arm_lm4_Timer_enableTimers__I)
                  0000d06c    000000a8                   : BIOS.obj (.text:ti_sysbios_knl_Swi_post__E)
                  0000d114    000000a8                   : BIOS.obj (.text:ti_sysbios_knl_Task_blockI__E)
                  0000d1bc    000000a0     auto_init.aem4f : auto_init.oem4f (.text)
                  0000d25c    000000a0     sysbios.aem4f : BIOS.obj (.text:ti_sysbios_family_arm_m3_Hwi_Instance_init__E)
                  0000d2fc    0000009c     stk.aem4f : exec.oem4f (.text:ExecOpen)
                  0000d398    0000009c     netctrl_min_ipv4.aem4f : netsrv.oem4f (.text:ServiceScan)
                  0000d434    0000009c     rtsv7M4_T_le_v4SPD16_eabi.lib : fputc.obj (.text)
                  0000d4d0    0000009c                                   : memcpy_t2.obj (.text)
                  0000d56c    0000009c     sysbios.aem4f : BIOS.obj (.text:ti_sysbios_knl_Semaphore_Instance_init__E)
                  0000d608    0000009a     ti.targets.arm.rtsarm.aem4f : Text.oem4f (.text:xdc_runtime_Text_putSite__E)
                  0000d6a2    00000002     --HOLE-- [fill = 0]
                  0000d6a4    00000098     stk.aem4f : ip.oem4f (.text:IPGetRoute)
                  0000d73c    00000098     netctrl_min_ipv4.aem4f : netctrl.oem4f (.text:NC_SystemOpen)
                  0000d7d4    00000098     rtsv7M4_T_le_v4SPD16_eabi.lib : fclose.obj (.text)
                  0000d86c    00000096     stk.aem4f : nimu.oem4f (.text:NIMUAddEthernetHeader)
                  0000d902    00000002     --HOLE-- [fill = 0]
                  0000d904    00000094     nettool_ipv4.aem4f : config.oem4f (.text:CfgExecute)
                  0000d998    00000094                        : config.oem4f (.text:CfgRemoveEntry)
                  0000da2c    00000094     Boot.aem4f : Boot.oem4f (.text:ti_catalog_arm_cortexm4_tiva_ce_Boot_sysCtlClockFreqSet__E)
                  0000dac0    00000094     ti.targets.arm.rtsarm.aem4f : Text.oem4f (.text:xdc_runtime_Text_putMod__E)
                  0000db54    00000090     stk.aem4f : igmp.oem4f (.text:IGMPMsg)
                  0000dbe4    00000090               : sockpcb.oem4f (.text:SockPcbCtlError)
                  0000dc74    00000090     os.aem4f : mem.oem4f (.text:_mmInit)
                  0000dd04    00000090              : mem.oem4f (.text:mmBulkAlloc)
                  0000dd94    0000008e     nettool_ipv4.aem4f : dhcpbild.oem4f (.text:dhcpBuildRequest)
                  0000de22    00000002     --HOLE-- [fill = 0]
                  0000de24    0000008c     os.aem4f : mem.oem4f (.text:mmInitPage)
                  0000deb0    0000008c     tivaRTSC_JS_pem4f.oem4f (.text:ti_ndk_config_tcp_init)
                  0000df3c    0000008c     sysbios.aem4f : BIOS.obj (.text:ti_sysbios_family_arm_m3_Hwi_initNVIC__E)
                  0000dfc8    0000008c                   : m3_TaskSupport_asm.obj (.text:ti_sysbios_family_arm_m3_TaskSupport_buildTaskStack)
                  0000e054    0000008a     netctrl_min_ipv4.aem4f : netsrv.oem4f (.text:SPRoute)
                  0000e0de    00000002     --HOLE-- [fill = 0]
                  0000e0e0    00000088     EK_TM4C1294XL.obj (.text:EK_TM4C1294XL_initPWM)
                  0000e168    00000088     sysbios.aem4f : BIOS.obj (.text:ti_sysbios_knl_Mailbox_Module_startup__E)
                  0000e1f0    00000086     nettool_ipv4.aem4f : dhcpsm.oem4f (.text:StateRequesting)
                  0000e276    00000086     rtsv7M4_T_le_v4SPD16_eabi.lib : fd_cmp_t2.obj (.text:__aeabi_cdcmple)
                  0000e2fc    00000086                                   : fd_cmp_t2.obj (.text:__aeabi_cdrcmple)
                  0000e382    00000002     --HOLE-- [fill = 0]
                  0000e384    00000084     drivers_tivaware.aem4f : PWMTiva.oem4f (.text:PWMTiva_control)
                  0000e408    00000084     stk.aem4f : tcpprot.oem4f (.text:TcpPrAttach)
                  0000e48c    00000084     os.aem4f : mem.oem4f (.text:mmBulkFree)
                  0000e510    00000084     sysbios.aem4f : BIOS.obj (.text:ti_sysbios_knl_Task_Module_startup__E)
                  0000e594    00000082     nettool_ipv4.aem4f : dhcpsm.oem4f (.text:StateRenewRebind)
                  0000e616    00000002     --HOLE-- [fill = 0]
                  0000e618    00000080     stk.aem4f : ip.oem4f (.text:IPMsg)
                  0000e698    00000080               : lli.oem4f (.text:LLINew)
                  0000e718    00000080     netctrl_min_ipv4.aem4f : netsrv.oem4f (.text:NS_BootTask)
                  0000e798    00000080     stk.aem4f : pbm.oem4f (.text:PBM_alloc)
                  0000e818    00000080               : raw.oem4f (.text:RawOutput)
                  0000e898    00000080     netctrl_min_ipv4.aem4f : netsrv.oem4f (.text:ServiceSpawn)
                  0000e918    00000080     os.aem4f : mem.oem4f (.text:mmFree)
                  0000e998    0000007f     tivaRTSC_JS_pem4f.oem4f (.text:ti_ndk_config_Global_NetworkIPAddr)
                  0000ea17    00000001     --HOLE-- [fill = 0]
                  0000ea18    0000007e     stk.aem4f : fileuser.oem4f (.text:fdClose)
                  0000ea96    00000002     --HOLE-- [fill = 0]
                  0000ea98    0000007c     nettool_ipv4.aem4f : config.oem4f (.text:CfgGetEntry)
                  0000eb14    0000007c                        : config.oem4f (.text:CfgGetNextEntry)
                  0000eb90    0000007c     drivers_tivaware.aem4f : EMACSnow.oem4f (.text:EMACSnow_processPendingTx)
                  0000ec0c    0000007c                            : EMACSnow.oem4f (.text:EMACSnow_processPhyInterrupt)
                  0000ec88    0000007c     stk.aem4f : igmp.oem4f (.text:IGMPJoin)
                  0000ed04    0000007c               : socket.oem4f (.text:NDK_setsockopt)
                  0000ed80    0000007c               : nimu.oem4f (.text:NIMURegister)
                  0000edfc    0000007c               : pbm.oem4f (.text:PBM_free)
                  0000ee78    0000007a               : igmp.oem4f (.text:IGMPDoMCast)
                  0000eef2    0000007a     drivers_tivaware.aem4f : UARTTiva.oem4f (.text:writeData)
                  0000ef6c    00000078     driverlib.lib : emac.obj (.text:EMACInit)
                  0000efe4    00000078     stk.aem4f : socket.oem4f (.text:NDK_sendto)
                  0000f05c    00000078               : nimu.oem4f (.text:NIMUShutdown)
                  0000f0d4    00000078               : tcptime.oem4f (.text:TcpXmitTimer)
                  0000f14c    00000078               : fileuser.oem4f (.text:fdOpenSession)
                  0000f1c4    00000078     nettool_ipv4.aem4f : inetaddr.oem4f (.text:inet_pton)
                  0000f23c    00000078     os.aem4f : task.oem4f (.text:llExit)
                  0000f2b4    00000078     rtsv7M4_T_le_v4SPD16_eabi.lib : memset_t2.obj (.text)
                  0000f32c    00000075     stk.aem4f : tcptime.oem4f (.text:TcpTimeoutSackRexmt)
                  0000f3a1    00000003     --HOLE-- [fill = 0]
                  0000f3a4    00000074               : raweth.oem4f (.text:RawEthRxPacket)
                  0000f418    00000074               : sockpcb.oem4f (.text:SockPcbConnect)
                  0000f48c    00000074     sysbios.aem4f : BIOS.obj (.text:ti_sysbios_knl_Clock_start__E)
                  0000f500    00000072     stk.aem4f : rtable.oem4f (.text:RtWalkNext)
                  0000f572    00000002     --HOLE-- [fill = 0]
                  0000f574    00000072     os.aem4f : semaphore.oem4f (.text:SemCreateBinary)
                  0000f5e6    00000002     --HOLE-- [fill = 0]
                  0000f5e8    00000070     drivers_tivaware.aem4f : EMACSnow.oem4f (.text:EMACSnow_hwiIntFxn)
                  0000f658    00000070     stk.aem4f : igmp.oem4f (.text:IGMPLeaveHostGroup)
                  0000f6c8    00000070               : rtable.oem4f (.text:RtFlush)
                  0000f738    00000070               : sock.oem4f (.text:SockShutdown)
                  0000f7a8    00000070     nettool_ipv4.aem4f : dhcptags.oem4f (.text:dhcpDecodeType)
                  0000f818    00000070     rtsv7M4_T_le_v4SPD16_eabi.lib : printf.obj (.text)
                  0000f888    00000070     sysbios.aem4f : BIOS.obj (.text:ti_sysbios_family_arm_m3_Hwi_postInit__I)
                  0000f8f8    00000070     ti.targets.arm.rtsarm.aem4f : Memory.oem4f (.text:xdc_runtime_Memory_alloc__E)
                  0000f968    0000006e     stk.aem4f : socket.oem4f (.text:NDK_recv)
                  0000f9d6    00000002     --HOLE-- [fill = 0]
                  0000f9d8    0000006d               : node.oem4f (.text:NodeNew)
                  0000fa45    00000003     --HOLE-- [fill = 0]
                  0000fa48    0000006c     os.aem4f : ossys.oem4f (.text:DbgPrintf)
                  0000fab4    0000006c     drivers_tivaware.aem4f : EMACSnow.oem4f (.text:EMACSnow_emacStop)
                  0000fb20    0000006c     stk.aem4f : node.oem4f (.text:NodeTreeNew)
                  0000fb8c    0000006c     drivers_tivaware.aem4f : UARTTiva.oem4f (.text:UARTTiva_read)
                  0000fbf8    0000006c                            : UARTTiva.oem4f (.text:UARTTiva_write)
                  0000fc64    0000006c     ti.targets.arm.rtsarm.aem4f : Error.oem4f (.text:xdc_runtime_Error_print__E)
                  0000fcd0    0000006a     drivers_tivaware.aem4f : PWMTiva.oem4f (.text:PWMTiva_close)
                  0000fd3a    0000006a     stk.aem4f : tcpprot.oem4f (.text:TcpPrInherit)
                  0000fda4    0000006a               : rtable.oem4f (.text:_RtNodeInsert)
                  0000fe0e    00000068               : socket.oem4f (.text:NDK_socket)
                  0000fe76    00000002     --HOLE-- [fill = 0]
                  0000fe78    00000068               : pbm.oem4f (.text:PBM_open)
                  0000fee0    00000068     netctrl_min_ipv4.aem4f : netsrv.oem4f (.text:SPConfig)
                  0000ff48    00000068     stk.aem4f : sockpcb.oem4f (.text:SockPcbFindRaw)
                  0000ffb0    00000068               : udp.oem4f (.text:UdpChecksum)
                  00010018    00000068     hal_timer_bios.aem4f : lltimer.oem4f (.text:llTimerTick)
                  00010080    00000066     drivers_tivaware.aem4f : UARTTiva.oem4f (.text:UARTTiva_readPolling)
                  000100e6    00000066     ti.targets.arm.rtsarm.aem4f : Core-mem.oem4f (.text:xdc_runtime_Core_deleteObject__I)
                  0001014c    00000064     nettool_ipv4.aem4f : config.oem4f (.text:CfgFree)
                  000101b0    00000064     stk.aem4f : pbm.oem4f (.text:PBMQ_enq)
                  00010214    00000064     rtsv7M4_T_le_v4SPD16_eabi.lib : fseek.obj (.text)
                  00010278    00000064     tivaRTSC_JS_pem4f.oem4f (.text:ti_sysbios_family_arm_m3_Hwi_create)
                  000102dc    00000064     stk.aem4f : lliin.oem4f (.text:updateRtTable)
                  00010340    00000062               : ipin.oem4f (.text:IPRouteIP)
                  000103a2    00000002     --HOLE-- [fill = 0]
                  000103a4    00000062               : sb.oem4f (.text:SBNew)
                  00010406    00000062     drivers_tivaware.aem4f : UARTTiva.oem4f (.text:UARTTiva_hwiIntFxn)
                  00010468    00000062                            : UARTTiva.oem4f (.text:readData)
                  000104ca    00000002     --HOLE-- [fill = 0]
                  000104cc    00000060     nettool_ipv4.aem4f : config.oem4f (.text:CfgGetEntryCnt)
                  0001052c    00000060     stk.aem4f : file.oem4f (.text:FdWaitEvent)
                  0001058c    00000060               : nimu.oem4f (.text:NIMUUnregister)
                  000105ec    00000060               : node.oem4f (.text:NodeFind)
                  0001064c    00000060               : rtc.oem4f (.text:RTCMsg)
                  000106ac    00000060               : tcp.oem4f (.text:TcpChecksum)
                  0001070c    00000060     nettool_ipv4.aem4f : dhcptags.oem4f (.text:dhcpBuildOptions)
                  0001076c    00000060     rtsv7M4_T_le_v4SPD16_eabi.lib : trgmsg.obj (.text)
                  000107cc    00000060     sysbios.aem4f : BIOS.obj (.text:ti_sysbios_family_arm_lm4_Timer_isrStub__E)
                  0001082c    00000060                   : BIOS.obj (.text:ti_sysbios_knl_Clock_logTick__E)
                  0001088c    00000060     ti.targets.arm.rtsarm.aem4f : System.oem4f (.text:xdc_runtime_System_formatNum__I)
                  000108ec    0000005e     stk.aem4f : route.oem4f (.text:RtRemove)
                  0001094a    0000005e     nettool_ipv4.aem4f : dhcpsm.oem4f (.text:StateSelecting)
                  000109a8    0000005e     rtsv7M4_T_le_v4SPD16_eabi.lib : copy_decompress_rle.obj (.text)
                  00010a06    00000002     --HOLE-- [fill = 0]
                  00010a08    0000005c     nettool_ipv4.aem4f : config.oem4f (.text:CfgSetExecuteOrder)
                  00010a64    0000005c     stk.aem4f : nimu.oem4f (.text:NIMUIoctlSpecialCmd)
                  00010ac0    0000005c               : sockint.oem4f (.text:SockSpawnAbort)
                  00010b1c    0000005c               : vlan.oem4f (.text:VLANReceivePacket)
                  00010b78    0000005c     sysbios.aem4f : BIOS.obj (.text:ti_sysbios_family_arm_lm4_Timer_Module_startup__E)
                  00010bd4    0000005c     tivaRTSC_JS_pem4f.oem4f (.text:ti_sysbios_knl_Swi_create)
                  00010c30    0000005c     tivaRTSC_JS_pem4f.oem4f (.text:ti_sysbios_knl_Task_create)
                  00010c8c    0000005b     ti.targets.arm.rtsarm.aem4f : Text.oem4f (.text:xdc_runtime_Text_putLab__E)
                  00010ce7    00000001     --HOLE-- [fill = 0]
                  00010ce8    0000005a     stk.aem4f : route.oem4f (.text:RtRedirect)
                  00010d42    0000005a               : tcpprot.oem4f (.text:TcpValidateMetrics)
                  00010d9c    0000005a     nettool_ipv4.aem4f : dhcpbild.oem4f (.text:dhcpBuildDecline)
                  00010df6    0000005a     rtsv7M4_T_le_v4SPD16_eabi.lib : ltoa.obj (.text)
                  00010e50    00000058     stk.aem4f : bind.oem4f (.text:BindFree)
                  00010ea8    00000058     driverlib.lib : emac.obj (.text:EMACPHYConfigSet)
                  00010f00    00000058     stk.aem4f : igmp.oem4f (.text:IGMPTimer)
                  00010f58    00000058     netctrl_min_ipv4.aem4f : netsrv.oem4f (.text:SPService)
                  00010fb0    00000058     os.aem4f : semaphore.oem4f (.text:SemCreate)
                  00011008    00000058     boot.aem4f : boot.oem4f (.text)
                  00011060    00000058     roveBIOS_Init.obj (.text:roveUART_Init)
                  000110b8    00000058     tivaRTSC_JS_pem4f.oem4f (.text:ti_sysbios_family_arm_m3_Hwi_construct)
                  00011110    00000058     sysbios.aem4f : m3_Hwi_asm_switch.obj (.text:ti_sysbios_family_arm_m3_Hwi_initStacks__E)
                  00011168    00000058                   : BIOS.obj (.text:ti_sysbios_knl_Swi_restoreHwi__E)
                  000111c0    00000058                   : BIOS.obj (.text:ti_sysbios_knl_Swi_schedule__I)
                  00011218    00000054     nettool_ipv4.aem4f : config.oem4f (.text:CfgEntryDeRef)
                  0001126c    00000054     stk.aem4f : igmp.oem4f (.text:IGMPLeave)
                  000112c0    00000054               : rawethsock_pcb.oem4f (.text:RawEthSockPcbAttach)
                  00011314    00000054               : tcptime.oem4f (.text:TcpTimeoutPersist)
                  00011368    00000054     os.aem4f : mem.oem4f (.text:mmCopy)
                  000113bc    00000054     sysbios.aem4f : BIOS.obj (.text:ti_sysbios_knl_Swi_Instance_finalize__E)
                  00011410    00000050     stk.aem4f : socket.oem4f (.text:NDK_bind)
                  00011460    00000050               : socket.oem4f (.text:NDK_connect)
                  000114b0    00000050               : route.oem4f (.text:RtNew)
                  00011500    00000050     driverlib.lib : sysctl.obj (.text:SysCtlPeripheralReset)
                  00011550    00000050     stk.aem4f : tcpprot.oem4f (.text:TcpPrDetach)
                  000115a0    00000050     Boot.aem4f : Boot_sysctl.oem4f (.text:_SysCtlFrequencyGet)
                  000115f0    00000050     ti.targets.arm.rtsarm.aem4f : Startup.oem4f (.text:xdc_runtime_Startup_exec__E)
                  00011640    00000050                                 : Text.oem4f (.text:xdc_runtime_Text_visitRope2__I)
                  00011690    0000004e     stk.aem4f : node.oem4f (.text:NodeDeRef)
                  000116de    00000002     --HOLE-- [fill = 0]
                  000116e0    0000004c     nettool_ipv4.aem4f : ipaddr.oem4f (.text:NtAddNetwork)
                  0001172c    0000004c     stk.aem4f : sockint.oem4f (.text:SockValidateRoute)
                  00011778    0000004c               : file.oem4f (.text:fdint_lockfd)
                  000117c4    0000004c     rtsv7M4_T_le_v4SPD16_eabi.lib : atoi.obj (.text)
                  00011810    0000004c     sysbios.aem4f : BIOS.obj (.text:ti_sysbios_knl_Swi_runLoop__I)
                  0001185c    0000004a     stk.aem4f : sock.oem4f (.text:SockDisconnect)
                  000118a6    00000002     --HOLE-- [fill = 0]
                  000118a8    0000004a               : timer.oem4f (.text:TimerNew)
                  000118f2    0000004a     nettool_ipv4.aem4f : config.oem4f (.text:_CfgEntryScan)
                  0001193c    00000048                        : config.oem4f (.text:CfgNew)
                  00011984    00000048     drivers_tivaware.aem4f : EMACSnow.oem4f (.text:EMACSnow_processTransmitted)
                  000119cc    00000048     driverlib.lib : gpio.obj (.text:GPIOPinConfigure)
                  00011a14    00000048     stk.aem4f : lli.oem4f (.text:LLIMsg)
                  00011a5c    00000048               : node.oem4f (.text:NodeWalk)
                  00011aa4    00000048               : sockpcb.oem4f (.text:SockPcbResolveChain)
                  00011aec    00000048               : tcpprot.oem4f (.text:TcpDrop)
                  00011b34    00000048               : lli.oem4f (.text:_LLIExpListInsert)
                  00011b7c    00000048               : rtable.oem4f (.text:_RtExpListInsert)
                  00011bc4    00000048     rtsv7M4_T_le_v4SPD16_eabi.lib : fd_toi_t2.obj (.text)
                  00011c0c    00000048     sysbios.aem4f : BIOS.obj (.text:ti_sysbios_family_arm_m3_Hwi_excReserved__I)
                  00011c54    00000048                   : BIOS.obj (.text:ti_sysbios_heaps_HeapMem_getStats__E)
                  00011c9c    00000048                   : BIOS.obj (.text:ti_sysbios_knl_Task_deleteTerminatedTasksFunc__I)
                  00011ce4    00000048     ti.targets.arm.rtsarm.aem4f : Assert.oem4f (.text:xdc_runtime_Assert_raise__I)
                  00011d2c    00000047     roveBIOS_Init.obj (.text:rovePWM_Init)
                  00011d73    00000001     --HOLE-- [fill = 0]
                  00011d74    00000046     nettool_ipv4.aem4f : ipaddr.oem4f (.text:NtIfIdx2Ip)
                  00011dba    00000046     netctrl_min_ipv4.aem4f : netsrv.oem4f (.text:ServiceKill)
                  00011e00    00000046     ti.targets.arm.rtsarm.aem4f : Core-params.oem4f (.text:xdc_runtime_Core_assignParams__I)
                  00011e46    00000002     --HOLE-- [fill = 0]
                  00011e48    00000044     EK_TM4C1294XL.obj (.text:EK_TM4C1294XL_initGPIO)
                  00011e8c    00000044     stk.aem4f : ipfrag.oem4f (.text:IPReasmFree)
                  00011ed0    00000044               : lli.oem4f (.text:LLIGetValidTime)
                  00011f14    00000044               : rawethsock_pcb.oem4f (.text:RawEthSockPcbDetach)
                  00011f58    00000044               : rtable.oem4f (.text:RouteMsg)
                  00011f9c    00000044               : rtable.oem4f (.text:RtWalkEnd)
                  00011fe0    00000044               : timer.oem4f (.text:TimerListInsert)
                  00012024    00000044     hal_timer_bios.aem4f : lltimer.oem4f (.text:llTimerGetTime)
                  00012068    00000044     rtsv7M4_T_le_v4SPD16_eabi.lib : cpy_tbl.obj (.text)
                  000120ac    00000044                                   : exit.obj (.text)
                  000120f0    00000044                                   : xdtest.obj (.text)
                  00012134    00000044     sysbios.aem4f : BIOS.obj (.text:ti_sysbios_family_arm_lm4_Timer_stop__E)
                  00012178    00000044                   : BIOS.obj (.text:ti_sysbios_family_arm_m3_Hwi_disableInterrupt__E)
                  000121bc    00000044                   : BIOS.obj (.text:ti_sysbios_family_arm_m3_Hwi_enableInterrupt__E)
                  00012200    00000044                   : BIOS.obj (.text:ti_sysbios_knl_Task_allBlockedFunction__I)
                  00012244    00000044     ti.targets.arm.rtsarm.aem4f : Error.oem4f (.text:xdc_runtime_Error_setX__E)
                  00012288    00000044                                 : SysMin.oem4f (.text:xdc_runtime_SysMin_flush__E)
                  000122cc    00000042     stk.aem4f : tcpprot.oem4f (.text:TcpPrSendOOB)
                  0001230e    00000042     driverlib.lib : uart.obj (.text:UARTConfigSetExpClk)
                  00012350    00000042     stk.aem4f : fileuser.oem4f (.text:fdCloseSession)
                  00012392    00000042     rtsv7M4_T_le_v4SPD16_eabi.lib : u_divt2.obj (.text)
                  000123d4    00000040     stk.aem4f : lliin.oem4f (.text:LLIValidateRoute)
                  00012414    00000040               : pbm.oem4f (.text:PBM_copy)
                  00012454    00000040               : sockpcb.oem4f (.text:SockPcbDetach)
                  00012494    00000040               : sockpcb.oem4f (.text:SockPcbRtChange)
                  000124d4    00000040               : tcpprot.oem4f (.text:TcpPrDisconnect)
                  00012514    00000040     drivers_tivaware.aem4f : UARTTiva.oem4f (.text:UARTTiva_writePolling)
                  00012554    00000040     os.aem4f : mem.oem4f (.text:mmZeroInit)
                  00012594    00000040     sysbios.aem4f : BIOS.obj (.text:ti_sysbios_family_arm_lm4_Timer_startup__E)
                  000125d4    0000003e     nettool_ipv4.aem4f : dhcpmain.oem4f (.text:DHCPClose)
                  00012612    0000003e     stk.aem4f : icmp.oem4f (.text:ICMPChecksum)
                  00012650    0000003e               : nimu.oem4f (.text:NIMUAllocateName)
                  0001268e    0000003e               : tcpprot.oem4f (.text:TcpPrCtlError)
                  000126cc    0000003e               : file.oem4f (.text:fdint_unlockfd)
                  0001270a    0000003c     nettool_ipv4.aem4f : config.oem4f (.text:CfgEntryGetData)
                  00012746    0000003c     driverlib.lib : emac.obj (.text:EMACIntDisable)
                  00012782    0000003c     stk.aem4f : node.oem4f (.text:NodeUpdatePL)
                  000127be    00000002     --HOLE-- [fill = 0]
                  000127c0    0000003c               : rtable.oem4f (.text:RtWalkBegin)
                  000127fc    0000003c               : tcpprot.oem4f (.text:TcpPrConnect)
                  00012838    0000003c               : tcptime.oem4f (.text:TcpSetPersist)
                  00012874    0000003c               : rtc.oem4f (.text:_RTCSendRtAdv)
                  000128b0    0000003c     hal_timer_bios.aem4f : lltimer.oem4f (.text:_llTimerInit)
                  000128ec    0000003c     sysbios.aem4f : BIOS.obj (.text:ti_sysbios_family_arm_m3_Hwi_excSvCall__I)
                  00012928    0000003c                   : BIOS.obj (.text:ti_sysbios_family_arm_m3_Hwi_getStackInfo__E)
                  00012964    0000003c                   : BIOS.obj (.text:ti_sysbios_heaps_HeapMem_init__I)
                  000129a0    0000003c     tivaRTSC_JS_pem4f.oem4f (.text:ti_sysbios_knl_Clock_create)
                  000129dc    0000003c     sysbios.aem4f : BIOS.obj (.text:ti_sysbios_knl_Swi_startup__E)
                  00012a18    0000003c     ti.targets.arm.rtsarm.aem4f : Text.oem4f (.text:xdc_runtime_Text_xprintf__I)
                  00012a54    0000003a     driverlib.lib : emac.obj (.text:EMACIntEnable)
                  00012a8e    0000003a     stk.aem4f : rtable.oem4f (.text:_RtNodeRemove)
                  00012ac8    00000038     driverlib.lib : emac.obj (.text:EMACConfigGet)
                  00012b00    00000038     stk.aem4f : ipfrag.oem4f (.text:IPReasmTimeout)
                  00012b38    00000038               : node.oem4f (.text:NodeGetRt)
                  00012b70    00000038     drivers_tivaware.aem4f : PWM.oem4f (.text:PWM_init)
                  00012ba8    00000038     driverlib.lib : sysctl.obj (.text:SysCtlPeripheralReady)
                  00012be0    00000038     os.aem4f : task.oem4f (.text:TaskCreate)
                  00012c18    00000038     stk.aem4f : tcpprot.oem4f (.text:TcpClose)
                  00012c50    00000038               : timer.oem4f (.text:TimerHSTick)
                  00012c88    00000038     drivers_tivaware.aem4f : UART.oem4f (.text:UART_init)
                  00012cc0    00000038     nettool_ipv4.aem4f : dhcptags.oem4f (.text:dhcpOptionsClear)
                  00012cf8    00000038     stk.aem4f : file.oem4f (.text:fdint_waitevent)
                  00012d30    00000038     sysbios.aem4f : BIOS.obj (.text:ti_sysbios_family_arm_m3_Hwi_excNoIsr__I)
                  00012d68    00000038                   : BIOS.obj (.text:ti_sysbios_family_arm_m3_TaskSupport_start__E)
                  00012da0    00000038                   : BIOS.obj (.text:ti_sysbios_knl_Task_processVitalTaskFlag__I)
                  00012dd8    00000038     ti.targets.arm.rtsarm.aem4f : SysMin.oem4f (.text:xdc_runtime_SysMin_putch__E)
                  00012e10    00000038                                 : System.oem4f (.text:xdc_runtime_System_atexit__E)
                  00012e48    00000034     nettool_ipv4.aem4f : config.oem4f (.text:CfgSetService)
                  00012e7c    00000034     driverlib.lib : emac.obj (.text:EMACConfigSet)
                  00012eb0    00000034                   : emac.obj (.text:EMACIntClear)
                  00012ee4    00000034     drivers_tivaware.aem4f : EMAC.oem4f (.text:EMAC_init)
                  00012f18    00000034     stk.aem4f : ip.oem4f (.text:IPChecksum)
                  00012f4c    00000034               : nimu.oem4f (.text:NIMUFindByName)
                  00012f80    00000034               : nimu.oem4f (.text:NIMUInit)
                  00012fb4    00000034     driverlib.lib : sysctl.obj (.text:SysCtlPeripheralEnable)
                  00012fe8    00000034     drivers_tivaware.aem4f : UARTTiva.oem4f (.text:UARTTiva_close)
                  0001301c    00000034     nettool_ipv4.aem4f : dhcpbild.oem4f (.text:dhcpBuildDiscover)
                  00013050    00000034     os.aem4f : mem.oem4f (.text:mmUnInitPage)
                  00013084    00000034     sysbios.aem4f : BIOS.obj (.text:ti_sysbios_family_arm_m3_Hwi_excNmi__I)
                  000130b8    00000034                   : BIOS.obj (.text:ti_sysbios_hal_Hwi_checkStack)
                  000130ec    00000034     tivaRTSC_JS_pem4f.oem4f (.text:ti_sysbios_knl_Semaphore_create)
                  00013120    00000034     ti.targets.arm.rtsarm.aem4f : Core-label.oem4f (.text:xdc_runtime_Core_assignLabel__I)
                  00013154    00000033                                 : Text.oem4f (.text:xdc_runtime_Text_printVisFxn__I)
                  00013187    00000001     --HOLE-- [fill = 0]
                  00013188    00000032     nettool_ipv4.aem4f : config.oem4f (.text:CfgGetImmediate)
                  000131ba    00000032     stk.aem4f : route.oem4f (.text:RtDeRef)
                  000131ec    00000032               : sb.oem4f (.text:SBSetMax)
                  0001321e    00000032               : sock.oem4f (.text:SockIntAbort)
                  00013250    00000032               : tcpprot.oem4f (.text:TcpPrSend)
                  00013282    00000032     drivers_tivaware.aem4f : UARTTiva.oem4f (.text:UARTTiva_readCancel)
                  000132b4    00000032                            : UARTTiva.oem4f (.text:UARTTiva_writeCancel)
                  000132e6    00000032     nettool_ipv4.aem4f : config.oem4f (.text:_CfgAcquire)
                  00013318    00000032                        : dhcpsm.oem4f (.text:dhcpIPRemove)
                  0001334a    00000032     sysbios.aem4f : BIOS.obj (.text:ti_sysbios_knl_Semaphore_pendTimeout__I)
                  0001337c    00000030     driverlib.lib : emac.obj (.text:EMACAddrSet)
                  000133ac    00000030     drivers_tivaware.aem4f : EMACSnow.oem4f (.text:EMACSnow_handlePackets)
                  000133dc    00000030     os.aem4f : task.oem4f (.text:NDK_hookCreate)
                  0001340c    00000030     netctrl_min_ipv4.aem4f : netsrv.oem4f (.text:NS_PreBoot)
                  0001343c    00000030     drivers_tivaware.aem4f : PWMTiva.oem4f (.text:PWMTiva_init)
                  0001346c    00000030     stk.aem4f : sb.oem4f (.text:SBFlush)
                  0001349c    00000030               : sock.oem4f (.text:SockBind)
                  000134cc    00000030               : sockpcb.oem4f (.text:SockCleanPcb)
                  000134fc    00000030               : sockprot.oem4f (.text:SockPrCtlError)
                  0001352c    00000030     nettool_ipv4.aem4f : dhcpsock.oem4f (.text:dhcpPacketSend)
                  0001355c    00000030     stk.aem4f : listlib.oem4f (.text:list_remove_node)
                  0001358c    00000030     rtsv7M4_T_le_v4SPD16_eabi.lib : strncpy.obj (.text)
                  000135bc    00000030     tivaRTSC_JS_pem4f.oem4f (.text:ti_sysbios_BIOS_atExitFunc__I)
                  000135ec    00000030     tivaRTSC_JS_pem4f.oem4f (.text:ti_sysbios_gates_GateHwi_Object__create__S)
                  0001361c    00000030     tivaRTSC_JS_pem4f.oem4f (.text:ti_sysbios_gates_GateMutex_Object__create__S)
                  0001364c    00000030     tivaRTSC_JS_pem4f.oem4f (.text:ti_sysbios_heaps_HeapMem_Object__create__S)
                  0001367c    00000030     tivaRTSC_JS_pem4f.oem4f (.text:ti_sysbios_knl_Semaphore_construct)
                  000136ac    00000030     ti.targets.arm.rtsarm.aem4f : SysMin.oem4f (.text:xdc_runtime_SysMin_abort__E)
                  000136dc    00000030                                 : System.oem4f (.text:xdc_runtime_System_processAtExit__E)
                  0001370c    0000002e     stk.aem4f : rawethsock.oem4f (.text:RawEthSockNotify)
                  0001373a    0000002e               : route.oem4f (.text:RtSetFailure)
                  00013768    0000002e               : sb.oem4f (.text:SBFree)
                  00013796    0000002e     tivaRTSC_JS_pem4f.oem4f (.text:malloc)
                  000137c4    0000002e     rtsv7M4_T_le_v4SPD16_eabi.lib : i_tofd_t2.obj (.text)
                  000137f2    0000002c     driverlib.lib : emac.obj (.text:EMACIntStatus)
                  0001381e    0000002c     stk.aem4f : file.oem4f (.text:FdSignalEvent)
                  0001384a    0000002c               : nimu.oem4f (.text:NIMUAllocateIndex)
                  00013876    00000002     --HOLE-- [fill = 0]
                  00013878    0000002c               : nimu.oem4f (.text:NIMUPacketServiceCheck)
                  000138a4    0000002c               : pipe.oem4f (.text:PipeClose)
                  000138d0    0000002c               : sockpcb.oem4f (.text:SockPcbAttach)
                  000138fc    0000002c     Boot.aem4f : Boot_sysctl.oem4f (.text:_SysCtlMemTimingGet)
                  00013928    0000002c     sysbios.aem4f : BIOS.obj (.text:ti_sysbios_hal_Hwi_initStack)
                  00013954    0000002c     tivaRTSC_JS_pem4f.oem4f (.text:ti_sysbios_knl_Clock_doTick__I)
                  00013980    0000002c     tivaRTSC_JS_pem4f.oem4f (.text:ti_sysbios_knl_Queue_construct)
                  000139ac    0000002c     sysbios.aem4f : BIOS.obj (.text:ti_sysbios_knl_Task_restore__E)
                  000139d8    0000002c     ti.targets.arm.rtsarm.aem4f : Text.oem4f (.text:xdc_runtime_Text_cordText__E)
                  00013a04    0000002a     driverlib.lib : gpio.obj (.text:GPIODirModeSet)
                  00013a2e    0000002a     stk.aem4f : lli.oem4f (.text:LLIFree)
                  00013a58    0000002a               : pbm.oem4f (.text:PBMQ_deq)
                  00013a82    0000002a     nettool_ipv4.aem4f : config.oem4f (.text:_CfgRelease)
                  00013aac    0000002a     ti.targets.arm.rtsarm.aem4f : System.oem4f (.text:xdc_runtime_System_putchar__I)
                  00013ad6    00000002     --HOLE-- [fill = 0]
                  00013ad8    00000028     stk.aem4f : bind.oem4f (.text:BindFindByNet)
                  00013b00    00000028     drivers_tivaware.aem4f : EMACSnow.oem4f (.text:EMACSnow_isLinkUp)
                  00013b28    00000028                            : EMACSnow.oem4f (.text:EMACSnow_pkt_service)
                  00013b50    00000028     stk.aem4f : igmp.oem4f (.text:IGMPTestGroup)
                  00013b78    00000028     netctrl_min_ipv4.aem4f : netctrl.oem4f (.text:NC_SystemClose)
                  00013ba0    00000028     stk.aem4f : nimu.oem4f (.text:NIMUCreatePacket)
                  00013bc8    00000028               : nimu.oem4f (.text:NIMUPacketService)
                  00013bf0    00000028     netctrl_min_ipv4.aem4f : netsrv.oem4f (.text:ServiceCallback)
                  00013c18    00000028     stk.aem4f : tcpin.oem4f (.text:TcpEnterTimeWait)
                  00013c40    00000028               : vlan.oem4f (.text:VLANFindSourceInterface)
                  00013c68    00000028               : vlan.oem4f (.text:VLANInit)
                  00013c90    00000028               : lli.oem4f (.text:_LLIExpListRemove)
                  00013cb8    00000028               : lli.oem4f (.text:_LLITimeoutFlush)
                  00013ce0    00000028               : rtable.oem4f (.text:_RtExpListRemove)
                  00013d08    00000028     nettool_ipv4.aem4f : dhcpsock.oem4f (.text:dhcpPacketReceive)
                  00013d30    00000028     sysbios.aem4f : BIOS.obj (.text:ti_sysbios_family_arm_m3_Hwi_Instance_finalize__E)
                  00013d58    00000026     driverlib.lib : emac.obj (.text:EMACPHYRead)
                  00013d7e    00000026                   : emac.obj (.text:EMACPHYWrite)
                  00013da4    00000026     stk.aem4f : rawethsock.oem4f (.text:RawEthSockClose)
                  00013dca    00000026               : route.oem4f (.text:RtSetTimeout)
                  00013df0    00000026     tivaRTSC_JS_pem4f.oem4f (.text:ti_ndk_config_udp_init)
                  00013e16    00000026     sysbios.aem4f : m3_Hwi_asm.obj (.text:ti_sysbios_family_arm_m3_Hwi_pendSV__I)
                  00013e3c    00000026     ti.targets.arm.rtsarm.aem4f : System.oem4f (.text:xdc_runtime_System_avprintf__E)
                  00013e62    00000024     stk.aem4f : bind.oem4f (.text:BindGetIFByDBCast)
                  00013e86    00000002     --HOLE-- [fill = 0]
                  00013e88    00000024     drivers_tivaware.aem4f : EMACSnow.oem4f (.text:EMACSnow_emacPoll)
                  00013eac    00000024                            : EMACSnow.oem4f (.text:EMACSnow_primeRx)
                  00013ed0    00000024     stk.aem4f : exec.oem4f (.text:ExecTimer)
                  00013ef4    00000024     drivers_tivaware.aem4f : GPIOTiva.oem4f (.text:GPIO_init)
                  00013f18    00000024     stk.aem4f : nimu.oem4f (.text:NIMUFindByIndex)
                  00013f3c    00000024               : rawethsock_pcb.oem4f (.text:RawEthSockPcbFind)
                  00013f60    00000024               : route.oem4f (.text:RtFree)
                  00013f84    00000024               : sockpcb.oem4f (.text:SockPcbCleanup)
                  00013fa8    00000024               : tcptime.oem4f (.text:TcpTimeoutWait2)
                  00013fcc    00000024               : timer.oem4f (.text:TimerListRemove)
                  00013ff0    00000024     nettool_ipv4.aem4f : config.oem4f (.text:_CfgEntryProcess)
                  00014014    00000024     tivaRTSC_JS_pem4f.oem4f (.text:ti_sysbios_BIOS_errorRaiseHook__I)
                  00014038    00000024     tivaRTSC_JS_pem4f.oem4f (.text:ti_sysbios_BIOS_registerRTSLock__I)
                  0001405c    00000024     tivaRTSC_JS_pem4f.oem4f (.text:ti_sysbios_BIOS_removeRTSLock__I)
                  00014080    00000024     tivaRTSC_JS_pem4f.oem4f (.text:ti_sysbios_BIOS_startFunc__I)
                  000140a4    00000024     sysbios.aem4f : BIOS.obj (.text:ti_sysbios_family_arm_m3_Hwi_doTaskRestore__I)
                  000140c8    00000024     tivaRTSC_JS_pem4f.oem4f (.text:ti_sysbios_gates_GateMutex_Object__delete__S)
                  000140ec    00000024     sysbios.aem4f : BIOS.obj (.text:ti_sysbios_knl_Clock_Module_startup__E)
                  00014110    00000024     tivaRTSC_JS_pem4f.oem4f (.text:ti_sysbios_knl_Semaphore_Object__delete__S)
                  00014134    00000024     sysbios.aem4f : BIOS.obj (.text:ti_sysbios_knl_Swi_Module_startup__E)
                  00014158    00000024                   : BIOS.obj (.text:ti_sysbios_knl_Task_enter__I)
                  0001417c    00000024     ti.targets.arm.rtsarm.aem4f : System.oem4f (.text:xdc_runtime_System_vprintf__E)
                  000141a0    00000022     nettool_ipv4.aem4f : config.oem4f (.text:CfgEntryInfo)
                  000141c2    00000022                        : config.oem4f (.text:CfgEntryRef)
                  000141e4    00000022     driverlib.lib : pwm.obj (.text:PWMGenConfigure)
                  00014206    00000022     drivers_tivaware.aem4f : PWMTiva.oem4f (.text:PWMTiva_getPeriodCounts)
                  00014228    00000022     stk.aem4f : vlan.oem4f (.text:VLANFindNode)
                  0001424a    00000022     roveWare_TCPSocket.obj (.text:setsockopt)
                  0001426c    00000022     tivaRTSC_JS_pem4f.oem4f (.text:xdc_runtime_SysMin_output__I)
                  0001428e    00000002     --HOLE-- [fill = 0]
                  00014290    00000020     stk.aem4f : bind.oem4f (.text:BindFindByHost)
                  000142b0    00000020     netctrl_min_ipv4.aem4f : netctrl.oem4f (.text:NC_BootComplete)
                  000142d0    00000020     stk.aem4f : nimu.oem4f (.text:NIMUGetNumOfObject)
                  000142f0    00000020               : rtc.oem4f (.text:RTCAddHook)
                  00014310    00000020               : rtc.oem4f (.text:RTCRemoveHook)
                  00014330    00000020     tivaRTSC_JS_pem4f.oem4f (.text:ti_sysbios_family_arm_m3_Hwi_Object__delete__S)
                  00014350    00000020     sysbios.aem4f : m3_Hwi_asm.obj (.text:ti_sysbios_family_arm_m3_Hwi_excHandlerAsm__I)
                  00014370    00000020                   : BIOS.obj (.text:ti_sysbios_family_arm_m3_Hwi_excHandler__I)
                  00014390    00000020     tivaRTSC_JS_pem4f.oem4f (.text:ti_sysbios_gates_GateHwi_Object__delete__S)
                  000143b0    00000020     tivaRTSC_JS_pem4f.oem4f (.text:ti_sysbios_heaps_HeapMem_Object__delete__S)
                  000143d0    00000020     sysbios.aem4f : BIOS.obj (.text:ti_sysbios_knl_Idle_run__E)
                  000143f0    00000020     tivaRTSC_JS_pem4f.oem4f (.text:ti_sysbios_knl_Semaphore_Object__destruct__S)
                  00014410    00000020     tivaRTSC_JS_pem4f.oem4f (.text:ti_sysbios_knl_Swi_Object__delete__S)
                  00014430    00000020     tivaRTSC_JS_pem4f.oem4f (.text:ti_sysbios_knl_Task_Object__delete__S)
                  00014450    00000020     ti.targets.arm.rtsarm.aem4f : Registry.oem4f (.text:xdc_runtime_Registry_findById__E)
                  00014470    00000020                                 : SysMin.oem4f (.text:xdc_runtime_SysMin_Module_startup__E)
                  00014490    0000001e     driverlib.lib : pwm.obj (.text:PWMPulseWidthSet)
                  000144ae    0000001e     drivers_tivaware.aem4f : PWMTiva.oem4f (.text:PWMTiva_getPeriodMicroSecs)
                  000144cc    0000001e     stk.aem4f : fileuser.oem4f (.text:fdError)
                  000144ea    0000001e               : listlib.oem4f (.text:list_remove)
                  00014508    0000001e     roveWare_TCPSocket.obj (.text:recv)
                  00014526    0000001e     sysbios.aem4f : m3_Hwi_asm_switch.obj (.text:ti_sysbios_family_xxx_Hwi_switchAndRunFunc)
                  00014544    0000001c     stk.aem4f : bind.oem4f (.text:BindFindByIF)
                  00014560    0000001c     drivers_tivaware.aem4f : EMACSnow.oem4f (.text:EMACSnow_init)
                  0001457c    0000001c     stk.aem4f : exec.oem4f (.text:ExecBroadcast)
                  00014598    0000001c               : exec.oem4f (.text:ExecClose)
                  000145b4    0000001c     os.aem4f : ossys.oem4f (.text:NDK_sprintf)
                  000145d0    0000001c     stk.aem4f : nimu.oem4f (.text:NIMUAddHeader)
                  000145ec    0000001c               : sockprot.oem4f (.text:SockPrDetach)
                  00014608    0000001c     os.aem4f : task.oem4f (.text:TaskDestroy)
                  00014624    0000001c     stk.aem4f : tcp.oem4f (.text:TcpTimeoutRemove)
                  00014640    0000001c     driverlib.lib : uart.obj (.text:UARTDisable)
                  0001465c    0000001c     rtsv7M4_T_le_v4SPD16_eabi.lib : memccpy.obj (.text)
                  00014678    0000001c     tivaRTSC_JS_pem4f.oem4f (.text:ti_ndk_config_global_taskCreateHook)
                  00014694    0000001c     tivaRTSC_JS_pem4f.oem4f (.text:ti_sysbios_BIOS_rtsLock__I)
                  000146b0    0000001c     tivaRTSC_JS_pem4f.oem4f (.text:ti_sysbios_family_arm_m3_Hwi_Object__destruct__S)
                  000146cc    0000001c     sysbios.aem4f : BIOS.obj (.text:ti_sysbios_gates_GateMutex_Instance_init__E)
                  000146e8    0000001c     tivaRTSC_JS_pem4f.oem4f (.text:ti_sysbios_knl_Queue_Object__destruct__S)
                  00014704    0000001c     ti.targets.arm.rtsarm.aem4f : Error.oem4f (.text:xdc_runtime_Error_raiseX__E)
                  00014720    0000001c                                 : Memory.oem4f (.text:xdc_runtime_Memory_valloc__E)
                  0001473c    0000001c                                 : SysMin.oem4f (.text:xdc_runtime_SysMin_exit__E)
                  00014758    0000001c                                 : System.oem4f (.text:xdc_runtime_System_abort__E)
                  00014774    0000001a     stk.aem4f : sockint.oem4f (.text:SockSetOOBMark)
                  0001478e    0000001a               : file.oem4f (.text:fdint_getfdt)
                  000147a8    0000001a     tivaRTSC_JS_pem4f.oem4f (.text:ti_sysbios_family_arm_m3_Hwi_Handle__label__S)
                  000147c2    0000001a     tivaRTSC_JS_pem4f.oem4f (.text:ti_sysbios_gates_GateHwi_Handle__label__S)
                  000147dc    0000001a     tivaRTSC_JS_pem4f.oem4f (.text:ti_sysbios_gates_GateMutex_Handle__label__S)
                  000147f6    0000001a     tivaRTSC_JS_pem4f.oem4f (.text:ti_sysbios_heaps_HeapMem_Handle__label__S)
                  00014810    0000001a     tivaRTSC_JS_pem4f.oem4f (.text:ti_sysbios_knl_Swi_Handle__label__S)
                  0001482a    0000001a     tivaRTSC_JS_pem4f.oem4f (.text:ti_sysbios_knl_Task_Handle__label__S)
                  00014844    0000001a     sysbios.aem4f : BIOS.obj (.text:ti_sysbios_knl_Task_sleepTimeout__I)
                  0001485e    0000001a     tivaRTSC_JS_pem4f.oem4f (.text:xdc_runtime_System_aprintf__E)
                  00014878    0000001a     tivaRTSC_JS_pem4f.oem4f (.text:xdc_runtime_System_printf__E)
                  00014892    00000002     --HOLE-- [fill = 0]
                  00014894    00000018     drivers_tivaware.aem4f : EMACSnow.oem4f (.text:EMACSnow_emacSend)
                  000148ac    00000018     driverlib.lib : gpio.obj (.text:GPIOPinTypeGPIOOutput)
                  000148c4    00000018     stk.aem4f : ip.oem4f (.text:IPRtChange)
                  000148dc    00000018     drivers_tivaware.aem4f : PWM.oem4f (.text:PWM_open)
                  000148f4    00000018     stk.aem4f : rawethsock_pcb.oem4f (.text:RawEthSockPcbCleanup)
                  0001490c    00000018     nettool_ipv4.aem4f : ipaddr.oem4f (.text:RouteHook)
                  00014924    00000018     stk.aem4f : tcpin.oem4f (.text:SEQ_GEQ)
                  0001493c    00000018               : tcpout.oem4f (.text:SEQ_GEQ)
                  00014954    00000018               : tcpin.oem4f (.text:SEQ_GT)
                  0001496c    00000018               : tcpout.oem4f (.text:SEQ_GT)
                  00014984    00000018               : tcpin.oem4f (.text:SEQ_LEQ)
                  0001499c    00000018               : tcpout.oem4f (.text:SEQ_LEQ)
                  000149b4    00000018               : tcpin.oem4f (.text:SEQ_LT)
                  000149cc    00000018               : tcpout.oem4f (.text:SEQ_LT)
                  000149e4    00000018               : tcp.oem4f (.text:TcpTimeoutAdd)
                  000149fc    00000018     drivers_tivaware.aem4f : UART.oem4f (.text:UART_Params_init)
                  00014a14    00000018                            : UART.oem4f (.text:UART_open)
                  00014a2c    00000018     nettool_ipv4.aem4f : dhcpsock.oem4f (.text:dhcpSocketClose)
                  00014a44    00000018     tivaRTSC_JS_pem4f.oem4f (.text:free)
                  00014a5c    00000018     stk.aem4f : listlib.oem4f (.text:list_add)
                  00014a74    00000018     rtsv7M4_T_le_v4SPD16_eabi.lib : args_main.obj (.text)
                  00014a8c    00000018                                   : ll_mul_t2.obj (.text)
                  00014aa4    00000018                                   : strcmp.obj (.text)
                  00014abc    00000018     tivaRTSC_JS_pem4f.oem4f (.text:ti_sysbios_BIOS_rtsUnlock__I)
                  00014ad4    00000018     tivaRTSC_JS_pem4f.oem4f (.text:ti_sysbios_family_arm_lm4_Timer_Module__startupDone__F)
                  00014aec    00000018     tivaRTSC_JS_pem4f.oem4f (.text:ti_sysbios_family_arm_m3_Hwi_Module__startupDone__F)
                  00014b04    00000018     sysbios.aem4f : m3_TaskSupport_asm.obj (.text:ti_sysbios_family_arm_m3_TaskSupport_swap__E)
                  00014b1c    00000018                   : BIOS.obj (.text:ti_sysbios_gates_GateMutex_leave__E)
                  00014b34    00000018     ti.targets.arm.rtsarm.aem4f : Error.oem4f (.text:xdc_runtime_Error_check__E)
                  00014b4c    00000018                                 : System.oem4f (.text:xdc_runtime_System_exit__E)
                  00014b64    00000018                                 : Text.oem4f (.text:xdc_runtime_Text_ropeText__E)
                  00014b7c    00000016     stk.aem4f : bind.oem4f (.text:BindGetIP)
                  00014b92    00000016     driverlib.lib : emac.obj (.text:EMACReset)
                  00014ba8    00000016                   : emac.obj (.text:EMACRxEnable)
                  00014bbe    00000016                   : emac.obj (.text:EMACTxEnable)
                  00014bd4    00000016     stk.aem4f : file.oem4f (.text:fdint_freefdt)
                  00014bea    00000016     rtsv7M4_T_le_v4SPD16_eabi.lib : memchr.obj (.text)
                  00014c00    00000016                                   : strchr.obj (.text)
                  00014c16    00000016     tivaRTSC_JS_pem4f.oem4f (.text:ti_sysbios_BIOS_exitFunc__I)
                  00014c2c    00000016     ti.targets.arm.rtsarm.aem4f : System.oem4f (.text:xdc_runtime_System_vsprintf__E)
                  00014c42    00000014     stk.aem4f : bind.oem4f (.text:BindIPHost2IF)
                  00014c56    00000002     --HOLE-- [fill = 0]
                  00014c58    00000014     driverlib.lib : flash.obj (.text:FlashUserGet)
                  00014c6c    00000014     netctrl_min_ipv4.aem4f : netctrl.oem4f (.text:NC_NetStop)
                  00014c80    00000014     os.aem4f : task.oem4f (.text:NDK_hookExit)
                  00014c94    00000014     stk.aem4f : nimu.oem4f (.text:NIMUSendPacket)
                  00014ca8    00000014     nettool_ipv4.aem4f : ipaddr.oem4f (.text:NtRemoveNetwork)
                  00014cbc    00000014     driverlib.lib : pwm.obj (.text:PWMClockSet)
                  00014cd0    00000014     stk.aem4f : rawethsock_pcb.oem4f (.text:RawEthSockPcbInit)
                  00014ce4    00000014     driverlib.lib : sysctl.obj (.text:SysCtlPWMClockSet)
                  00014cf8    00000014     stk.aem4f : timer.oem4f (.text:TimerFree)
                  00014d0c    00000014     driverlib.lib : uart.obj (.text:UARTEnable)
                  00014d20    00000014     roveWare_TCPSocket.obj (.text:connect)
                  00014d34    00000014     rtsv7M4_T_le_v4SPD16_eabi.lib : _lock.obj (.text)
                  00014d48    00000014                                   : strlen.obj (.text)
                  00014d5c    00000014     roveWare_TCPSocket.obj (.text:socket)
                  00014d70    00000014     tivaRTSC_JS_pem4f.oem4f (.text:ti_ndk_config_global_taskExitHook)
                  00014d84    00000014     tivaRTSC_JS_pem4f.oem4f (.text:ti_sysbios_family_arm_m3_Hwi_Object__get__S)
                  00014d98    00000014     sysbios.aem4f : BIOS.obj (.text:ti_sysbios_family_arm_m3_Hwi_switchFromBootStack__E)
                  00014dac    00000014     tivaRTSC_JS_pem4f.oem4f (.text:ti_sysbios_heaps_HeapMem_Object__get__S)
                  00014dc0    00000014     tivaRTSC_JS_pem4f.oem4f (.text:ti_sysbios_knl_Swi_Object__get__S)
                  00014dd4    00000014     tivaRTSC_JS_pem4f.oem4f (.text:ti_sysbios_knl_Task_Object__first__S)
                  00014de8    00000014     tivaRTSC_JS_pem4f.oem4f (.text:ti_sysbios_knl_Task_Object__next__S)
                  00014dfc    00000012     driverlib.lib : gpio.obj (.text:GPIOPinTypeEthernetLED)
                  00014e0e    00000012                   : gpio.obj (.text:GPIOPinTypePWM)
                  00014e20    00000012                   : gpio.obj (.text:GPIOPinTypeUART)
                  00014e32    00000012                   : pwm.obj (.text:PWMGenPeriodGet)
                  00014e44    00000012                   : pwm.obj (.text:PWMOutputInvert)
                  00014e56    00000012                   : pwm.obj (.text:PWMOutputState)
                  00014e68    00000012     stk.aem4f : sockprot.oem4f (.text:SockPrAttach)
                  00014e7a    00000012               : sockint.oem4f (.text:SockSetOOBData)
                  00014e8c    00000012     rtsv7M4_T_le_v4SPD16_eabi.lib : copy_zero_init.obj (.text:decompress:ZI)
                  00014e9e    00000012     nettool_ipv4.aem4f : inetaddr.oem4f (.text:inet_addr)
                  00014eb0    00000012     rtsv7M4_T_le_v4SPD16_eabi.lib : xdclass.obj (.text)
                  00014ec2    00000012     sysbios.aem4f : BIOS.obj (.text:ti_sysbios_hal_Hwi_Module_startup__E)
                  00014ed4    00000012                   : BIOS.obj (.text:ti_sysbios_knl_Semaphore_reset__E)
                  00014ee6    00000012     tivaRTSC_JS_pem4f.oem4f (.text:xdc_runtime_Startup_exec__I)
                  00014ef8    00000010     tivaRTSC_JS_pem4f.oem4f (.text:.bootCodeSection:ti_catalog_arm_cortexm4_tiva_ce_Boot_init__I)
                  00014f08    00000010     stk.aem4f : bind.oem4f (.text:BindIF2IPHost)
                  00014f18    00000010               : bind.oem4f (.text:BindIFNet2IPHost)
                  00014f28    00000010     driverlib.lib : emac.obj (.text:EMACFrameFilterSet)
                  00014f38    00000010     stk.aem4f : exec.oem4f (.text:ExecHRef)
                  00014f48    00000010     netctrl_min_ipv4.aem4f : netctrl.oem4f (.text:NC_IPUpdate)
                  00014f58    00000010     stk.aem4f : nimu.oem4f (.text:NIMUGetRsvdSizeInfo)
                  00014f68    00000010     driverlib.lib : pwm.obj (.text:PWMGenPeriodSet)
                  00014f78    00000010     drivers_tivaware.aem4f : PWM.oem4f (.text:PWM_Params_init)
                  00014f88    00000010     rtsv7M4_T_le_v4SPD16_eabi.lib : strcpy.obj (.text)
                  00014f98    00000010     sysbios.aem4f : BIOS.obj (.text:ti_sysbios_BIOS_getCpuFreq__E)
                  00014fa8    00000010                   : BIOS.obj (.text:ti_sysbios_BIOS_setThreadType__E)
                  00014fb8    00000010                   : BIOS.obj (.text:ti_sysbios_BIOS_start__E)
                  00014fc8    00000010                   : m3_TaskSupport_asm.obj (.text:ti_sysbios_family_arm_m3_TaskSupport_glue)
                  00014fd8    00000010                   : BIOS.obj (.text:ti_sysbios_gates_GateMutex_Instance_finalize__E)
                  00014fe8    00000010     tivaRTSC_JS_pem4f.oem4f (.text:ti_sysbios_knl_Mailbox_Object__get__S)
                  00014ff8    00000010     sysbios.aem4f : BIOS.obj (.text:ti_sysbios_knl_Semaphore_Instance_finalize__E)
                  00015008    00000010                   : BIOS.obj (.text:ti_sysbios_knl_Swi_disable__E)
                  00015018    00000010     tivaRTSC_JS_pem4f.oem4f (.text:ti_sysbios_knl_Task_Object__get__S)
                  00015028    00000010     sysbios.aem4f : BIOS.obj (.text:ti_sysbios_knl_Task_disable__E)
                  00015038    00000010                   : BIOS.obj (.text:ti_sysbios_knl_Task_getIdleTask__E)
                  00015048    00000010     ti.targets.arm.rtsarm.aem4f : Gate.oem4f (.text:xdc_runtime_Gate_leaveSystem__E)
                  00015058    00000010                                 : Memory.oem4f (.text:xdc_runtime_Memory_free__E)
                  00015068    00000010                                 : SysMin.oem4f (.text:xdc_runtime_SysMin_ready__E)
                  00015078    00000010                                 : System.oem4f (.text:xdc_runtime_System_vsnprintf__E)
                  00015088    00000010     tivaRTSC_JS_pem4f.oem4f (.text:xdc_runtime_Text_visitRope__I)
                  00015098    0000000e     drivers_tivaware.aem4f : EMACSnow.oem4f (.text:EMACSnow_emacioctl)
                  000150a6    0000000e     stk.aem4f : exec.oem4f (.text:ExecLowResource)
                  000150b4    0000000e     driverlib.lib : uart.obj (.text:UARTCharGetNonBlocking)
                  000150c2    0000000e                   : uart.obj (.text:UARTCharPutNonBlocking)
                  000150d0    0000000e     rtsv7M4_T_le_v4SPD16_eabi.lib : copy_decompress_none.obj (.text:decompress:none)
                  000150de    0000000e     sysbios.aem4f : BIOS.obj (.text:ti_sysbios_knl_Queue_empty__E)
                  000150ec    0000000c     stk.aem4f : bind.oem4f (.text:BindGetFirst)
                  000150f8    0000000c     nettool_ipv4.aem4f : config.oem4f (.text:CfgSetDefault)
                  00015104    0000000c     os.aem4f : task.oem4f (.text:NDK_hookInit)
                  00015110    0000000c     stk.aem4f : nimu.oem4f (.text:NIMUSetRsvdSizeInfo)
                  0001511c    0000000c     os.aem4f : task.oem4f (.text:NotifyLowResource)
                  00015128    0000000c     stk.aem4f : pbm.oem4f (.text:PBM_close)
                  00015134    0000000c     driverlib.lib : pwm.obj (.text:PWMGenDisable)
                  00015140    0000000c                   : pwm.obj (.text:PWMGenEnable)
                  0001514c    0000000c     os.aem4f : semaphore.oem4f (.text:SemDelete)
                  00015158    0000000c     hal_timer_bios.aem4f : lltimer.oem4f (.text:_llTimerShutdown)
                  00015164    0000000c     roveDeviceTemplate_Thread.obj (.text:close)
                  00015170    0000000c     hal_timer_bios.aem4f : lltimer.oem4f (.text:llTimerGetStartTime)
                  0001517c    0000000c     sysbios.aem4f : BIOS.obj (.text:ti_sysbios_BIOS_getThreadType__E)
                  00015188    0000000c                   : BIOS.obj (.text:ti_sysbios_family_arm_lm4_Timer_getMaxTicks__E)
                  00015194    0000000c     tivaRTSC_JS_pem4f.oem4f (.text:ti_sysbios_family_arm_m3_Hwi_Params__init__S)
                  000151a0    0000000c     sysbios.aem4f : BIOS.obj (.text:ti_sysbios_family_arm_m3_Hwi_disableFxn__E)
                  000151ac    0000000c                   : BIOS.obj (.text:ti_sysbios_family_arm_m3_TaskSupport_checkStack__E)
                  000151b8    0000000c                   : BIOS.obj (.text:ti_sysbios_family_arm_m3_TaskSupport_getStackAlignment__E)
                  000151c4    0000000c                   : BIOS.obj (.text:ti_sysbios_gates_GateHwi_enter__E)
                  000151d0    0000000c     tivaRTSC_JS_pem4f.oem4f (.text:ti_sysbios_knl_Clock_Params__init__S)
                  000151dc    0000000c     sysbios.aem4f : BIOS.obj (.text:ti_sysbios_knl_Clock_getTicks__E)
                  000151e8    0000000c     tivaRTSC_JS_pem4f.oem4f (.text:ti_sysbios_knl_Queue_Object__get__S)
                  000151f4    0000000c     tivaRTSC_JS_pem4f.oem4f (.text:ti_sysbios_knl_Semaphore_Params__init__S)
                  00015200    0000000c     tivaRTSC_JS_pem4f.oem4f (.text:ti_sysbios_knl_Task_Params__init__S)
                  0001520c    0000000c     sysbios.aem4f : BIOS.obj (.text:ti_sysbios_knl_Task_self__E)
                  00015218    0000000c     ti.targets.arm.rtsarm.aem4f : Error.oem4f (.text:xdc_runtime_Error_init__E)
                  00015224    0000000c                                 : Gate.oem4f (.text:xdc_runtime_Gate_enterSystem__E)
                  00015230    0000000c                                 : Memory.oem4f (.text:xdc_runtime_Memory_calloc__E)
                  0001523c    0000000c                                 : Memory.oem4f (.text:xdc_runtime_Memory_getMaxDefaultTypeAlign__E)
                  00015248    0000000a     driverlib.lib : uart.obj (.text:UARTCharGet)
                  00015252    0000000a                   : uart.obj (.text:UARTCharPut)
                  0001525c    0000000a                   : uart.obj (.text:UARTIntDisable)
                  00015266    0000000a                   : uart.obj (.text:UARTIntStatus)
                  00015270    0000000a     stk.aem4f : file.oem4f (.text:fdint_signalevent)
                  0001527a    0000000a               : file.oem4f (.text:fdint_signaltimeout)
                  00015284    0000000a     tivaRTSC_JS_pem4f.oem4f (.text:xdc_runtime_IHeap_alloc)
                  0001528e    0000000a     tivaRTSC_JS_pem4f.oem4f (.text:xdc_runtime_IHeap_free)
                  00015298    00000008     driverlib.lib : emac.obj (.text:EMACTxDMAPollDemand)
                  000152a0    00000008     stk.aem4f : node.oem4f (.text:NodeFree)
                  000152a8    00000008     os.aem4f : task.oem4f (.text:TaskBlock)
                  000152b0    00000008     driverlib.lib : uart.obj (.text:UARTIntEnable)
                  000152b8    00000008     drivers_tivaware.aem4f : UARTTiva.oem4f (.text:UARTTiva_init)
                  000152c0    00000008                            : UARTTiva.oem4f (.text:readSemCallback)
                  000152c8    00000008     sysbios.aem4f : BIOS.obj (.text:ti_sysbios_family_arm_lm4_Timer_masterDisable__I)
                  000152d0    00000008                   : BIOS.obj (.text:ti_sysbios_family_arm_m3_Hwi_doSwiRestore__I)
                  000152d8    00000008                   : BIOS.obj (.text:ti_sysbios_family_arm_m3_Hwi_startup__E)
                  000152e0    00000008                   : BIOS.obj (.text:ti_sysbios_knl_Idle_loop__E)
                  000152e8    00000008                   : BIOS.obj (.text:ti_sysbios_knl_Task_getHookContext__E)
                  000152f0    00000008                   : BIOS.obj (.text:ti_sysbios_knl_Task_setHookContext__E)
                  000152f8    00000008     drivers_tivaware.aem4f : UARTTiva.oem4f (.text:writeSemCallback)
                  00015300    00000006     driverlib.lib : emac.obj (.text:EMACRxDMADescriptorListSet)
                  00015306    00000006                   : emac.obj (.text:EMACTxDMADescriptorListSet)
                  0001530c    00000006                   : sysctl.obj (.text:SysCtlDelay)
                  00015312    00000006     stk.aem4f : tcpprot.oem4f (.text:TcpPrRecv)
                  00015318    00000006     driverlib.lib : uart.obj (.text:UARTFIFOLevelSet)
                  0001531e    00000006     drivers_tivaware.aem4f : UARTTiva.oem4f (.text:UARTTiva_control)
                  00015324    00000006     ti.targets.arm.rtsarm.aem4f : xdc_noinit.oem4f (.text:__xdc__init)
                  0001532a    00000006     rtsv7M4_T_le_v4SPD16_eabi.lib : copy_decompress_rle.obj (.text:decompress:rle24)
                  00015330    00000006     sysbios.aem4f : BIOS.obj (.text:ti_sysbios_family_arm_m3_Hwi_restoreFxn__E)
                  00015336    00000006                   : BIOS.obj (.text:ti_sysbios_gates_GateHwi_leave__E)
                  0001533c    00000006                   : BIOS.obj (.text:ti_sysbios_heaps_HeapMem_isBlocking__E)
                  00015342    00000006                   : BIOS.obj (.text:ti_sysbios_knl_Queue_Instance_init__E)
                  00015348    00000006     ti.targets.arm.rtsarm.aem4f : System.oem4f (.text:xdc_runtime_System_Module_startup__E)
                  0001534e    00000004     stk.aem4f : bind.oem4f (.text:BindGetIF)
                  00015352    00000004               : bind.oem4f (.text:BindGetNext)
                  00015356    00000004     os.aem4f : ossys.oem4f (.text:NDK_vsprintf)
                  0001535a    00000004     stk.aem4f : node.oem4f (.text:NodeSetRt)
                  0001535e    00000004               : rawethsock_prot.oem4f (.text:RawEthSockPrAttach)
                  00015362    00000004               : rawethsock_prot.oem4f (.text:RawEthSockPrDetach)
                  00015366    00000004     os.aem4f : semaphore.oem4f (.text:SemPend)
                  0001536a    00000004              : semaphore.oem4f (.text:SemPost)
                  0001536e    00000004              : semaphore.oem4f (.text:SemReset)
                  00015372    00000004              : task.oem4f (.text:TaskSelf)
[...]
00015201   ti_sysbios_knl_Task_Params__init__S
0001520d   ti_sysbios_knl_Task_self__E
00015219   xdc_runtime_Error_init__E
00015225   xdc_runtime_Gate_enterSystem__E
00015231   xdc_runtime_Memory_calloc__E
0001523d   xdc_runtime_Memory_getMaxDefaultTypeAlign__E
00015249   UARTCharGet
00015253   UARTCharPut
0001525d   UARTIntDisable
00015267   UARTIntStatus
00015271   fdint_signalevent
0001527b   fdint_signaltimeout
00015299   EMACTxDMAPollDemand
000152a9   TaskBlock
000152b1   UARTIntEnable
000152b9   UARTTiva_init
000152c9   ti_sysbios_family_arm_lm4_Timer_masterDisable__I
000152d1   ti_sysbios_family_arm_m3_Hwi_doSwiRestore__I
000152d9   ti_sysbios_family_arm_m3_Hwi_startup__E
000152d9   ti_sysbios_hal_Hwi_HwiProxy_startup__E
000152d9   ti_sysbios_hal_Hwi_startup__E
000152e1   ti_sysbios_knl_Idle_loop__E
000152e9   ti_sysbios_knl_Task_getHookContext__E
000152f1   ti_sysbios_knl_Task_setHookContext__E
00015301   EMACRxDMADescriptorListSet
00015307   EMACTxDMADescriptorListSet
0001530d   SysCtlDelay
00015313   TcpPrRecv
00015319   UARTFIFOLevelSet
0001531f   UARTTiva_control
00015325   __xdc__init
0001532b   __TI_decompress_rle24
00015331   OEMSysCritOff
00015331   ti_sysbios_family_arm_m3_Hwi_restoreFxn__E
00015331   ti_sysbios_hal_Hwi_HwiProxy_restore__E
00015331   ti_sysbios_hal_Hwi_restore__E
00015337   ti_sysbios_gates_GateHwi_leave__E
0001533d   ti_sysbios_heaps_HeapMem_isBlocking__E
00015343   ti_sysbios_knl_Queue_Instance_init__E
00015349   xdc_runtime_System_Module_startup__E
0001534f   BindGetIF
00015353   BindGetNext
00015357   NDK_vsprintf
0001535b   NodeSetRt
0001535f   RawEthSockPrAttach
00015363   RawEthSockPrDetach
00015367   SemPend
0001536b   SemPost
0001536f   SemReset
00015373   TaskSelf
00015377   TaskSetPri
0001537b   UARTIntClear
0001537f   _llSerialInit
00015383   list_get_head
00015387   list_get_next
0001538b   ti_sysbios_BIOS_RtsGateProxy_enter__E
0001538f   ti_sysbios_BIOS_RtsGateProxy_leave__E
00015393   ti_sysbios_family_arm_lm4_Timer_masterEnable__I
00015397   ti_sysbios_family_arm_m3_Hwi_delete
0001539b   ti_sysbios_family_arm_m3_Hwi_destruct
0001539f   ti_sysbios_family_arm_m3_TaskSupport_Module__startupDone__S
000153a3   ti_sysbios_gates_GateHwi_query__E
000153a3   xdc_runtime_Main_Module_GateProxy_query__E
000153a3   xdc_runtime_System_Module_GateProxy_query__E
000153a7   ti_sysbios_BIOS_RtsGateProxy_query__E
000153a7   ti_sysbios_gates_GateMutex_query__E
000153a7   ti_sysbios_heaps_HeapMem_Module_GateProxy_query__E
000153ab   ti_sysbios_hal_Hwi_HwiProxy_Module__startupDone__S
000153af   ti_sysbios_heaps_HeapMem_Module_GateProxy_enter__E
000153b3   ti_sysbios_heaps_HeapMem_Module_GateProxy_leave__E
000153b7   ti_sysbios_knl_Clock_TimerProxy_Module__startupDone__S
000153bb   ti_sysbios_knl_Clock_TimerProxy_getMaxTicks__E
000153bf   ti_sysbios_knl_Queue_destruct
000153c3   ti_sysbios_knl_Semaphore_delete
000153c7   ti_sysbios_knl_Semaphore_destruct
000153cb   ti_sysbios_knl_Swi_delete
000153cf   ti_sysbios_knl_Task_SupportProxy_Module__startupDone__S
000153d3   ti_sysbios_knl_Task_delete
000153d7   ti_sysbios_knl_Task_startup__E
000153db   xdc_runtime_Error_getMsg__E
000153df   xdc_runtime_Error_getSite__E
000153e3   xdc_runtime_Memory_HeapProxy_alloc__E
000153e7   xdc_runtime_Memory_HeapProxy_free__E
000153eb   xdc_runtime_System_Module_GateProxy_enter__E
000153ef   xdc_runtime_System_Module_GateProxy_leave__E
000153f3   xdc_runtime_System_aprintf_va__F
000153f7   xdc_runtime_System_printf_va__F
000153fc   xdc_runtime_Text_charTab__A
00016c01   xdc_runtime_Error_policy__C
00016c02   ti_catalog_arm_cortexm4_tiva_ce_Boot_Module__id__C
00016d24   _ctypes_
00016e26   ti_sysbios_family_arm_m3_Hwi_Module__id__C
00016f1c   xdc_runtime_Text_nodeTab__A
00017084   gpioHWAttrs
000170fc   UART_config
000171d4   PWM_config
00017234   Code2Err
00017288   pwmTivaHWAttrs
000172dc   uartTivaHWAttrs
0001735a   ti_sysbios_family_arm_m3_Hwi_Module__loggerDefined__C
0001735c   ti_sysbios_knl_Task_Object__PARAMS__C
000173c8   ti_sysbios_family_arm_m3_Hwi_Object__PARAMS__C
000173f8   GPIO_config
00017450   UARTTiva_fxnTable
00017478   ti_sysbios_heaps_HeapMem_Module__FXNS__C
000174a0   ti_sysbios_knl_Swi_Object__PARAMS__C
000174c8   UART_defaultParams
000174ec   ti_sysbios_gates_GateHwi_Module__FXNS__C
00017510   ti_sysbios_gates_GateMutex_Module__FXNS__C
00017534   ti_sysbios_heaps_HeapMem_Object__PARAMS__C
00017558   ti_sysbios_knl_Clock_Object__PARAMS__C
0001757c   ti_sysbios_knl_Semaphore_Object__PARAMS__C
000175a0   xdc_runtime_Startup_sfxnTab__A
000175c4   PWMTiva_fxnTable
000175e0   PWMTiva_MAX_PRESCALAR
000175e2   PWMTiva_MAX_MATCH_VALUE
000175e4   ti_sysbios_family_arm_m3_Hwi_Object__DESC__C
00017604   ti_sysbios_gates_GateHwi_Object__DESC__C
00017624   ti_sysbios_gates_GateMutex_Object__DESC__C
00017644   ti_sysbios_heaps_HeapMem_Object__DESC__C
00017664   ti_sysbios_knl_Clock_Object__DESC__C
00017684   ti_sysbios_knl_Queue_Object__DESC__C
000176a4   ti_sysbios_knl_Semaphore_Object__DESC__C
000176c4   ti_sysbios_knl_Swi_Object__DESC__C
000176e4   ti_sysbios_knl_Task_Object__DESC__C
00017704   ti_ndk_config_Global_rawPageSize
00017708   ti_ndk_config_Global_rawPageCount
0001770c   ti_ndk_config_Global_smallest
00017710   ti_ndk_config_Global_largest
00017714   ti_ndk_config_Global_numFrameBuf
00017718   ti_ndk_config_Global_sizeFrameBuf
0001771c   roveDeviceTemplateThreadTask
00017720   EMAC_config
00017750   ti_sysbios_gates_GateHwi_Object__PARAMS__C
00017768   ti_sysbios_gates_GateMutex_Object__PARAMS__C
00017780   ti_sysbios_knl_Queue_Object__PARAMS__C
00017798   ti_sysbios_knl_Task_hooks__A
000177b0   xdc_runtime_Startup_firstFxns__A
000177c4   xdc_runtime_Startup_sfxnRts__A
000177e8   PWM_defaultParams
000177f4   emacHWAttrs
00017808   EMACSnow_fxnTable
00017810   ti_sysbios_family_arm_m3_Hwi_excHookFuncs__A
00017818   ti_sysbios_knl_Idle_funcList__A
00017820   ti_sysbios_knl_Idle_funcList__C
00017828   ti_sysbios_knl_Task_hooks__C
00017830   xdc_runtime_Startup_firstFxns__C
00017838   xdc_runtime_Startup_lastFxns__C
00017840   ti_catalog_arm_cortexm4_tiva_ce_Boot_A_mustNotUseEnhancedClockMode__C
00017844   ti_catalog_arm_cortexm4_tiva_ce_Boot_Module__diagsEnabled__C
00017848   ti_catalog_arm_cortexm4_tiva_ce_Boot_Module__diagsIncluded__C
0001784c   ti_catalog_arm_cortexm4_tiva_ce_Boot_Module__diagsMask__C
00017850   ti_sysbios_family_arm_lm4_Timer_enableFunc__C
00017854   ti_sysbios_family_arm_lm4_Timer_numTimerDevices__C
00017858   ti_sysbios_family_arm_lm4_Timer_startupNeeded__C
0001785c   ti_sysbios_family_arm_m3_Hwi_E_NMI__C
00017860   ti_sysbios_family_arm_m3_Hwi_E_alreadyDefined__C
00017864   ti_sysbios_family_arm_m3_Hwi_E_busFault__C
00017868   ti_sysbios_family_arm_m3_Hwi_E_debugMon__C
0001786c   ti_sysbios_family_arm_m3_Hwi_E_hardFault__C
00017870   ti_sysbios_family_arm_m3_Hwi_E_memFault__C
00017874   ti_sysbios_family_arm_m3_Hwi_E_noIsr__C
00017878   ti_sysbios_family_arm_m3_Hwi_E_reserved__C
0001787c   ti_sysbios_family_arm_m3_Hwi_E_svCall__C
00017880   ti_sysbios_family_arm_m3_Hwi_E_usageFault__C
00017884   ti_sysbios_family_arm_m3_Hwi_LD_end__C
00017888   ti_sysbios_family_arm_m3_Hwi_LM_begin__C
0001788c   ti_sysbios_family_arm_m3_Hwi_Module__diagsEnabled__C
00017890   ti_sysbios_family_arm_m3_Hwi_Module__diagsIncluded__C
00017894   ti_sysbios_family_arm_m3_Hwi_Module__diagsMask__C
00017898   ti_sysbios_family_arm_m3_Hwi_Module__loggerFxn1__C
0001789c   ti_sysbios_family_arm_m3_Hwi_Module__loggerFxn8__C
000178a0   ti_sysbios_family_arm_m3_Hwi_Module__loggerObj__C
000178a4   ti_sysbios_family_arm_m3_Hwi_NUM_INTERRUPTS__C
000178a8   ti_sysbios_family_arm_m3_Hwi_Object__count__C
000178ac   ti_sysbios_family_arm_m3_Hwi_ccr__C
000178b0   ti_sysbios_family_arm_m3_Hwi_excHandlerFunc__C
000178b4   ti_sysbios_family_arm_m3_Hwi_excHookFuncs__C
000178b8   ti_sysbios_family_arm_m3_Hwi_nullIsrFunc__C
000178bc   ti_sysbios_family_arm_m3_Hwi_priGroup__C
000178c0   ti_sysbios_family_arm_m3_TaskSupport_stackAlignment__C
000178c4   ti_sysbios_gates_GateMutex_A_badContext__C
000178c8   ti_sysbios_gates_GateMutex_Instance_State_sem__O
000178cc   ti_sysbios_gates_GateMutex_Module__diagsEnabled__C
000178d0   ti_sysbios_gates_GateMutex_Module__diagsIncluded__C
000178d4   ti_sysbios_gates_GateMutex_Module__diagsMask__C
000178d8   ti_sysbios_hal_Hwi_E_stackOverflow__C
000178dc   ti_sysbios_heaps_HeapMem_A_align__C
000178e0   ti_sysbios_heaps_HeapMem_A_heapSize__C
000178e4   ti_sysbios_heaps_HeapMem_A_invalidFree__C
000178e8   ti_sysbios_heaps_HeapMem_A_zeroBlock__C
000178ec   ti_sysbios_heaps_HeapMem_E_memory__C
000178f0   ti_sysbios_heaps_HeapMem_Module__diagsEnabled__C
000178f4   ti_sysbios_heaps_HeapMem_Module__diagsIncluded__C
000178f8   ti_sysbios_heaps_HeapMem_Module__diagsMask__C
000178fc   ti_sysbios_heaps_HeapMem_Module__gateObj__C
00017900   ti_sysbios_heaps_HeapMem_Object__count__C
00017904   ti_sysbios_heaps_HeapMem_reqAlign__C
00017908   ti_sysbios_knl_Clock_A_badThreadType__C
0001790c   ti_sysbios_knl_Clock_LM_begin__C
00017910   ti_sysbios_knl_Clock_LM_tick__C
00017914   ti_sysbios_knl_Clock_LW_delayed__C
00017918   ti_sysbios_knl_Clock_Module_State_clockQ__O
0001791c   ti_sysbios_knl_Clock_Module__diagsEnabled__C
00017920   ti_sysbios_knl_Clock_Module__diagsIncluded__C
00017924   ti_sysbios_knl_Clock_Module__diagsMask__C
00017928   ti_sysbios_knl_Clock_Module__loggerFxn1__C
0001792c   ti_sysbios_knl_Clock_Module__loggerFxn2__C
00017930   ti_sysbios_knl_Clock_Module__loggerObj__C
00017934   ti_sysbios_knl_Mailbox_Instance_State_freeQue__O
00017938   ti_sysbios_knl_Mailbox_Object__count__C
0001793c   ti_sysbios_knl_Mailbox_maxTypeAlign__C
00017940   ti_sysbios_knl_Semaphore_A_badContext__C
00017944   ti_sysbios_knl_Semaphore_A_noEvents__C
00017948   ti_sysbios_knl_Semaphore_A_overflow__C
0001794c   ti_sysbios_knl_Semaphore_A_pendTaskDisabled__C
00017950   ti_sysbios_knl_Semaphore_Instance_State_pendQ__O
00017954   ti_sysbios_knl_Semaphore_LM_pend__C
00017958   ti_sysbios_knl_Semaphore_LM_post__C
0001795c   ti_sysbios_knl_Semaphore_Module__diagsEnabled__C
00017960   ti_sysbios_knl_Semaphore_Module__diagsIncluded__C
00017964   ti_sysbios_knl_Semaphore_Module__diagsMask__C
00017968   ti_sysbios_knl_Semaphore_Module__loggerFxn2__C
0001796c   ti_sysbios_knl_Semaphore_Module__loggerFxn4__C
00017970   ti_sysbios_knl_Semaphore_Module__loggerObj__C
00017974   ti_sysbios_knl_Swi_A_badPriority__C
00017978   ti_sysbios_knl_Swi_LD_end__C
0001797c   ti_sysbios_knl_Swi_LM_begin__C
00017980   ti_sysbios_knl_Swi_LM_post__C
00017984   ti_sysbios_knl_Swi_Module__diagsEnabled__C
00017988   ti_sysbios_knl_Swi_Module__diagsIncluded__C
0001798c   ti_sysbios_knl_Swi_Module__diagsMask__C
00017990   ti_sysbios_knl_Swi_Module__loggerFxn1__C
00017994   ti_sysbios_knl_Swi_Module__loggerFxn4__C
00017998   ti_sysbios_knl_Swi_Module__loggerObj__C
0001799c   ti_sysbios_knl_Swi_Object__count__C
000179a0   ti_sysbios_knl_Task_A_badPriority__C
000179a4   ti_sysbios_knl_Task_A_badTaskState__C
000179a8   ti_sysbios_knl_Task_A_badThreadType__C
000179ac   ti_sysbios_knl_Task_A_badTimeout__C
000179b0   ti_sysbios_knl_Task_A_noPendElem__C
000179b4   ti_sysbios_knl_Task_A_sleepTaskDisabled__C
000179b8   ti_sysbios_knl_Task_E_deleteNotAllowed__C
000179bc   ti_sysbios_knl_Task_E_spOutOfBounds__C
000179c0   ti_sysbios_knl_Task_E_stackOverflow__C
000179c4   ti_sysbios_knl_Task_LD_block__C
000179c8   ti_sysbios_knl_Task_LD_exit__C
000179cc   ti_sysbios_knl_Task_LD_ready__C
000179d0   ti_sysbios_knl_Task_LM_setPri__C
000179d4   ti_sysbios_knl_Task_LM_sleep__C
000179d8   ti_sysbios_knl_Task_LM_switch__C
000179dc   ti_sysbios_knl_Task_Module_State_inactiveQ__O
000179e0   ti_sysbios_knl_Task_Module_State_terminatedQ__O
000179e4   ti_sysbios_knl_Task_Module__diagsEnabled__C
000179e8   ti_sysbios_knl_Task_Module__diagsIncluded__C
000179ec   ti_sysbios_knl_Task_Module__diagsMask__C
000179f0   ti_sysbios_knl_Task_Module__loggerFxn2__C
000179f4   ti_sysbios_knl_Task_Module__loggerFxn4__C
000179f8   ti_sysbios_knl_Task_Module__loggerObj__C
000179fc   ti_sysbios_knl_Task_Object__count__C
00017a00   ti_sysbios_knl_Task_Object__heap__C
00017a04   ti_sysbios_knl_Task_allBlockedFunc__C
00017a08   ti_sysbios_knl_Task_defaultStackHeap__C
00017a0c   ti_sysbios_knl_Task_defaultStackSize__C
00017a10   ti_sysbios_knl_Task_numConstructedTasks__C
00017a14   xdc_runtime_Assert_E_assertFailed__C
00017a18   xdc_runtime_Core_A_initializedParams__C
00017a1c   xdc_runtime_Core_Module__diagsEnabled__C
00017a20   xdc_runtime_Core_Module__diagsIncluded__C
00017a24   xdc_runtime_Core_Module__diagsMask__C
00017a28   xdc_runtime_Error_E_memory__C
00017a2c   xdc_runtime_Error_Module__diagsEnabled__C
00017a30   xdc_runtime_Error_Module__diagsIncluded__C
00017a34   xdc_runtime_Error_Module__diagsMask__C
00017a38   xdc_runtime_Error_Module__loggerFxn8__C
00017a3c   xdc_runtime_Error_Module__loggerObj__C
00017a40   xdc_runtime_Error_policyFxn__C
00017a44   xdc_runtime_Error_raiseHook__C
00017a48   xdc_runtime_IGateProvider_Interface__BASE__C
00017a4c   xdc_runtime_IHeap_Interface__BASE__C
00017a50   xdc_runtime_IModule_Interface__BASE__C
00017a54   xdc_runtime_Log_L_error__C
00017a58   xdc_runtime_Memory_defaultHeapInstance__C
00017a5c   xdc_runtime_Startup_execImpl__C
00017a60   xdc_runtime_Startup_maxPasses__C
00017a64   xdc_runtime_Startup_sfxnRts__C
00017a68   xdc_runtime_Startup_sfxnTab__C
00017a6c   xdc_runtime_SysMin_bufSize__C
00017a70   xdc_runtime_SysMin_outputFunc__C
00017a74   xdc_runtime_System_Module__gateObj__C
00017a78   xdc_runtime_System_abortFxn__C
00017a7c   xdc_runtime_System_exitFxn__C
00017a80   xdc_runtime_System_extendFxn__C
00017a84   xdc_runtime_System_maxAtexitHandlers__C
00017a88   xdc_runtime_Text_charTab__C
00017a8c   xdc_runtime_Text_nameEmpty__C
00017a90   xdc_runtime_Text_nameStatic__C
00017a94   xdc_runtime_Text_nameUnknown__C
00017a98   xdc_runtime_Text_nodeTab__C
00017a9c   xdc_runtime_Text_visitRopeFxn__C
00017aa0   ti_sysbios_gates_GateMutex_Module__id__C
00017aa2   ti_sysbios_hal_Hwi_Module__id__C
00017aa4   ti_sysbios_heaps_HeapMem_Module__id__C
00017aa6   ti_sysbios_knl_Clock_Module__id__C
00017aa8   ti_sysbios_knl_Clock_Module__loggerDefined__C
00017aaa   ti_sysbios_knl_Semaphore_Module__id__C
00017aac   ti_sysbios_knl_Semaphore_Module__loggerDefined__C
00017aae   ti_sysbios_knl_Swi_Module__id__C
00017ab0   ti_sysbios_knl_Swi_Module__loggerDefined__C
00017ab2   ti_sysbios_knl_Task_Module__id__C
00017ab4   ti_sysbios_knl_Task_Module__loggerDefined__C
00017ab6   ti_sysbios_knl_Task_initStackFlag__C
00017ab8   xdc_runtime_Core_Module__id__C
00017aba   xdc_runtime_Error_Module__loggerDefined__C
00017abc   xdc_runtime_Error_maxDepth__C
00017abe   xdc_runtime_Memory_Module__id__C
00017ac0   xdc_runtime_SysMin_flushAtExit__C
00017ac2   xdc_runtime_Text_charCnt__C
00017ac4   xdc_runtime_Text_isLoaded__C
00017ac6   xdc_runtime_Text_registryModsLastId__C
00017ac8   xdc_runtime_Text_unnamedModsLastId__C
00018128   __TI_Handler_Table_Base
00018134   __TI_Handler_Table_Limit
00018148   __TI_CINIT_Base
00018160   __TI_CINIT_Limit
20000000   ti_sysbios_family_arm_m3_Hwi_ramVectors
20000380   ti_sysbios_heaps_HeapMem_Instance_State_0_buf__A
20005380   ti_ndk_config_Global_pit
20005428   ti_ndk_config_Global_pitBuffer
20009c28   _ICMPIn
20009c74   PBMQ_free
20009c80   ti_ndk_config_Global_pBufMem
2000d880   ti_ndk_config_Global_pHdrMem
2000db78   ti_sysbios_knl_Task_Instance_State_0_stack__A
2000e378   ti_sysbios_knl_Task_Instance_State_1_stack__A
2000e978   ti_sysbios_knl_Task_Instance_State_2_stack__A
2000ec78   uartTivaObjects
2000f0b8   ti_sysbios_family_arm_m3_Hwi_dispatchTable
2000f418   __CIOBUF_
2000f638   tcps
2000f7a4   __TI_tmpnams
2000f964   xdc_runtime_SysMin_Module_State_0_outbuf__A
2000f9e4   ips
2000fa4c   nimu_mcb
2000faac   _ICMPOut
2000fb38   pwmTivaObjects
2000fb70   vlan_mcb
2000fbbc   udps
2000fbe0   BlockCount
2000fbfc   BlockMax
2000fc18   PageCount
2000fc34   PageMax
2000fc50   stkEvent
2000fc8c   raweths
2000fc9c   raws
2000fcac   tpseudo
2000fcb8   upseudo
2000fcc4   emacObjects
2000fcf8   _IGMPInDiscard
2000fcfc   _IGMPInQuery
2000fd00   _IGMPInQueryGroup
2000fd04   _IGMPInResponse
2000fd08   _IGMPOutResponse
2000fd0c   g_ulStatus
2000fd1c   pwm_1
2000fd20   pwm_2
2000fd24   pwm_3
2000fd28   pwm_4
2000fd2c   pwm_5
2000fd30   pwm_6
2000fd34   raweth_pcb
2000fd38   ti_sysbios_knl_Task_Instance_State_0_hookEnv__A
2000fd3c   ti_sysbios_knl_Task_Instance_State_1_hookEnv__A
2000fd40   ti_sysbios_knl_Task_Instance_State_2_hookEnv__A
2000fd44   uart_2
2000fd48   uart_3
2000fd4c   uart_4
2000fd50   uart_5
2000fd54   uart_6
2000fd58   uart_7
2000fd5c   ti_ndk_config_Global_Id2Size
2000fd78   ti_ndk_config_Global_HostName
2000fd7c   LocalIPAddr
2000fd80   LocalIPMask
2000fd84   GatewayIP
2000fd88   DomainName
2000fdcc   ti_sysbios_family_arm_lm4_Timer_Module__root__V
2000fdd4   ti_sysbios_family_arm_lm4_Timer_Module_State_0_handles__A
2000fdf4   ti_sysbios_family_arm_lm4_Timer_Module__state__V
2000fe00   ti_sysbios_family_arm_m3_Hwi_Module__root__V
2000fe08   ti_sysbios_family_arm_m3_Hwi_Object__table__V
2000fe20   ti_sysbios_family_arm_m3_Hwi_Module_State_0_excActive__A
2000fe24   ti_sysbios_family_arm_m3_Hwi_Module_State_0_excContext__A
2000fe28   ti_sysbios_family_arm_m3_Hwi_Module_State_0_excStack__A
2000fe2c   ti_sysbios_gates_GateHwi_Module__root__V
2000fe34   ti_sysbios_gates_GateHwi_Object__table__V
2000fe38   ti_sysbios_gates_GateMutex_Module__root__V
2000fe40   ti_sysbios_hal_Hwi_Module__root__V
2000fe48   ti_sysbios_heaps_HeapMem_Module__root__V
2000fe50   ti_sysbios_heaps_HeapMem_Object__table__V
2000fe68   ti_sysbios_knl_Clock_Module__root__V
2000fe70   ti_sysbios_knl_Event_Module__root__V
2000fe78   ti_sysbios_knl_Mailbox_Module__root__V
2000fe80   ti_sysbios_knl_Queue_Module__root__V
2000fe88   ti_sysbios_knl_Semaphore_Module__root__V
2000fe90   ti_sysbios_knl_Swi_Module__root__V
2000fe98   ti_sysbios_knl_Swi_Module__state__V
2000feb4   ti_sysbios_knl_Task_Module__root__V
2000febc   ti_sysbios_knl_Task_Module_State_0_idleTask__A
2000fec0   xdc_runtime_Error_Module__state__V
2000fec4   xdc_runtime_Memory_Module__state__V
2000fec8   xdc_runtime_Registry_Module__state__V
2000fed0   xdc_runtime_Startup_Module__state__V
2000fed8   xdc_runtime_SysMin_Module__state__V
2000fee4   xdc_runtime_System_Module_State_0_atexitHandlers__A
2000ff04   xdc_runtime_System_Module__state__V
2000ff0c   xdc_runtime_Text_Module__state__V
2000ff14   __xdc__init__addr
2000ff18   _ftable
20010008   ti_sysbios_knl_Task_Object__table__V
200100a0   TSK_idle
200101bc   _ipcfg
20010270   ti_sysbios_knl_Swi_Module_State_0_readyQ__A
200102f0   ti_sysbios_knl_Task_Module_State_0_readyQ__A
200103c0   ti_sysbios_knl_Task_Module__state__V
20010484   ti_sysbios_family_arm_lm4_Timer_Module_State_0_device__A
200104c4   ti_sysbios_family_arm_lm4_Timer_Object__table__V
20010504   ti_sysbios_gates_GateMutex_Object__table__V
20010570   ti_sysbios_family_arm_m3_Hwi_Module__state__V
200105a4   enablePrefetch
200105a8   phyCounter
20010608   ti_sysbios_knl_Swi_Object__table__V
20010638   ti_sysbios_knl_Clock_Module__state__V
20010664   pstrMsgName
2001068c   _oscfg
200106b0   PITCount
200106b4   PITUsed
200106b8   PITHigh
200106d4   ti_sysbios_BIOS_Module__state__V
20010770   __TI_ft_end
20010774   __aeabi_stdin
20010778   __aeabi_stdout
2001077c   __aeabi_stderr
20010788   _IGMPForceVersion1
2001079e   macAddress
200107a4   NIMUDeviceTable
200107bc   _lock
200107c0   _unlock
200107c4   __TI_cleanup_ptr
200107c8   __TI_dtors_ptr
200107d4   _ICMPInErrors
200107d8   _ICMPOutErrors
200107dc   _IPExecuting
200107f4   tcp_iss
200107f8   ptTimeFirst
20010824   main_func_sp
2001082c   _IPReasmPtr
2001083c   __stack
20010a3c   __STACK_TOP
2001103c   __STACK_END
e000e000   ti_sysbios_family_arm_m3_Hwi_nvic
ffffffff   __binit__
ffffffff   __c_args__
ffffffff   binit
UNDEFED    SHT$$INIT_ARRAY$$Base
UNDEFED    SHT$$INIT_ARRAY$$Limit

[1180 symbols]
