******************************************************************************
                  TI ARM Linker Unix v5.1.6                    
******************************************************************************
>> Linked Thu Oct  8 19:24:06 2015

OUTPUT FILE NAME:   <roveDeviceTemplate.out>
ENTRY POINT SYMBOL: "_c_int00"  address: 00011391


MEMORY CONFIGURATION

         name            origin    length      used     unused   attr    fill
----------------------  --------  ---------  --------  --------  ----  --------
  FLASH                 00000000   00100000  0001852c  000e7ad4  R  X
  SRAM                  20000000   00040000  0001101c  0002efe4  RW X


SEGMENT ALLOCATION MAP

run origin  load origin   length   init length attrs members
----------  ----------- ---------- ----------- ----- -------
00000000    00000000    00018530   00018530    r-x
  00000000    00000000    0000003c   0000003c    r-- .resetVecs
  0000003c    0000003c    00015792   00015792    r-x .text
  000157d0    000157d0    000026ce   000026ce    r-- .const
  00017ea0    00017ea0    00000690   00000690    r-- .cinit
20000000    20000000    00000360   00000000    rw-
  20000000    20000000    00000360   00000000    rw- .vecs
20000380    20000380    00010cbc   00000000    rw-
  20000380    20000380    0000f9dc   00000000    rw- .bss
  2000fd5c    2000fd5c    00000ae0   00000000    rw- .data
  2001083c    2001083c    00000800   00000000    rw- .stack


SECTION ALLOCATION MAP

 output                                  attributes/
section   page    origin      length       input sections
--------  ----  ----------  ----------   ----------------
.bootVecs 
*          0    00000000    00000008     DSECT
                  00000000    00000008     boot.aem4f : boot.oem4f (.bootVecs)

.resetVecs 
*          0    00000000    0000003c     
                  00000000    0000003c     tivaRTSC_JS_pem4f.oem4f (.resetVecs)

xdc.meta   0    00000000    00000108     COPY SECTION
                  00000000    00000108     tivaRTSC_JS_pem4f.oem4f (xdc.meta)

.init_array 
*          0    00000000    00000000     UNINITIALIZED

.text      0    0000003c    00015792     
                  0000003c    00000ec0     rtsv7M4_T_le_v4SPD16_eabi.lib : _printfi.obj (.text)
                  00000efc    00000c70     stk.aem4f : tcpin.oem4f (.text:TcpInput)
                  00001b6c    000008a0               : tcpout.oem4f (.text:TcpOutput)
                  0000240c    00000424     sysbios.aem4f : BIOS.obj (.text:ti_sysbios_family_arm_m3_Hwi_excDumpRegs__I)
                  00002830    00000408     stk.aem4f : ipout.oem4f (.text:IPTxPacket)
                  00002c38    000003ad     roveTCPSocket.obj (.text:roveHorizon_Recv)
                  00002fe5    00000001     --HOLE-- [fill = 0]
                  00002fe6    00000002     hal_userled_stub.aem4f : llled.oem4f (.text:LED_TOGGLE)
                  00002fe8    00000384     stk.aem4f : ipin.oem4f (.text:IPRxPacket)
                  0000336c    0000033c     ti.targets.arm.rtsarm.aem4f : System.oem4f (.text:xdc_runtime_System_doPrint__I)
                  000036a8    00000310     rtsv7M4_T_le_v4SPD16_eabi.lib : lowlev.obj (.text)
                  000039b8    00000304     sysbios.aem4f : BIOS.obj (.text:ti_sysbios_knl_Semaphore_pend__E)
                  00003cbc    000002d4     rtsv7M4_T_le_v4SPD16_eabi.lib : trgdrv.obj (.text)
                  00003f90    000002c0     sysbios.aem4f : BIOS.obj (.text:ti_sysbios_knl_Task_Instance_finalize__E)
                  00004250    00000274     stk.aem4f : sock.oem4f (.text:SockSet)
                  000044c4    0000024c               : ipfrag.oem4f (.text:IPReasm)
                  00004710    0000024c     sysbios.aem4f : BIOS.obj (.text:ti_sysbios_family_arm_lm4_Timer_start__E)
                  0000495c    00000248                   : BIOS.obj (.text:ti_sysbios_heaps_HeapMem_free__E)
                  00004ba4    0000023c     stk.aem4f : icmpin.oem4f (.text:ICMPInput)
                  00004de0    00000234     sysbios.aem4f : BIOS.obj (.text:ti_sysbios_heaps_HeapMem_alloc__E)
                  00005014    00000224     stk.aem4f : udp.oem4f (.text:UdpInput)
                  00005238    00000208     sysbios.aem4f : BIOS.obj (.text:ti_sysbios_knl_Task_sleep__E)
                  00005440    00000204     Boot.aem4f : Boot_sysctl.oem4f (.text:ti_catalog_arm_cortexm4_tiva_ce_Boot_sysCtlClockFreqSetI__I)
                  00005644    000001f8     stk.aem4f : sock.oem4f (.text:SockRecv)
                  0000583c    000001f8     sysbios.aem4f : BIOS.obj (.text:ti_sysbios_family_arm_m3_Hwi_excHandlerMax__I)
                  00005a34    000001f4     rtsv7M4_T_le_v4SPD16_eabi.lib : ull_div_t2.obj (.text)
                  00005c28    000001e4     sysbios.aem4f : BIOS.obj (.text:ti_sysbios_knl_Task_Instance_init__E)
                  00005e0c    000001c0     rtsv7M4_T_le_v4SPD16_eabi.lib : fopen.obj (.text)
                  00005fcc    000001b8     drivers_tivaware.aem4f : EMACSnow.oem4f (.text:EMACSnow_NIMUInit)
                  00006184    000001b6     rtsv7M4_T_le_v4SPD16_eabi.lib : fd_add_t2.obj (.text)
                  0000633a    00000002     stk.aem4f : nat.oem4f (.text:NatMsg)
                  0000633c    000001b4               : lliout.oem4f (.text:LLITxIpPacket)
                  000064f0    000001b0               : lliin.oem4f (.text:LLIRxPacket)
                  000066a0    00000198     os.aem4f : mem.oem4f (.text:mmAlloc)
                  00006838    00000194     stk.aem4f : sock.oem4f (.text:SockNew)
                  000069cc    00000190               : igmp.oem4f (.text:IGMPInput)
                  00006b5c    00000184     sysbios.aem4f : BIOS.obj (.text:ti_sysbios_knl_Task_setPri__E)
                  00006ce0    00000170     drivers_tivaware.aem4f : PWMTiva.oem4f (.text:PWMTiva_open)
                  00006e50    00000170     stk.aem4f : rtc.oem4f (.text:RTCReport)
                  00006fc0    00000168     sysbios.aem4f : BIOS.obj (.text:ti_sysbios_family_arm_m3_Hwi_excBusFault__I)
                  00007128    00000166     stk.aem4f : sb.oem4f (.text:SBRead)
                  0000728e    00000002     os.aem4f : task.oem4f (.text:_TaskInit)
                  00007290    00000164     stk.aem4f : sock.oem4f (.text:SockConnect)
                  000073f4    00000154     netctrl_min_ipv4.aem4f : netctrl.oem4f (.text:NC_NetStart)
                  00007548    00000154     roveBIOS_Init.obj (.text:main)
                  0000769c    00000154     sysbios.aem4f : BIOS.obj (.text:ti_sysbios_family_arm_m3_Hwi_excUsageFault__I)
                  000077f0    00000144     stk.aem4f : bind.oem4f (.text:BindNew)
                  00007934    00000140     nettool_ipv4.aem4f : config.oem4f (.text:CfgAddEntry)
                  00007a74    00000140                        : dhcpmain.oem4f (.text:DHCPOpen)
                  00007bb4    00000140     EK_TM4C1294XL.obj (.text:EK_TM4C1294XL_initUART)
                  00007cf4    00000140     stk.aem4f : tcp.oem4f (.text:TcpTimeoutCheck)
                  00007e34    00000140     drivers_tivaware.aem4f : UARTTiva.oem4f (.text:UARTTiva_open)
                  00007f74    00000140     sysbios.aem4f : BIOS.obj (.text:ti_sysbios_family_arm_m3_Hwi_excMemFault__I)
                  000080b4    0000013c     stk.aem4f : sock.oem4f (.text:SockSend)
                  000081f0    00000138     sysbios.aem4f : BIOS.obj (.text:ti_sysbios_family_arm_m3_Hwi_dispatchC__I)
                  00008328    00000138                   : BIOS.obj (.text:ti_sysbios_heaps_HeapMem_Instance_init__E)
                  00008460    00000138                   : BIOS.obj (.text:ti_sysbios_knl_Semaphore_post__E)
                  00008598    00000136     rtsv7M4_T_le_v4SPD16_eabi.lib : fd_div_t2.obj (.text)
                  000086ce    00000002     os.aem4f : task.oem4f (.text:_TaskShutdown)
                  000086d0    00000134     rtsv7M4_T_le_v4SPD16_eabi.lib : fputs.obj (.text)
                  00008804    00000130     driverlib.lib : gpio.obj (.text:GPIOPadConfigSet)
                  00008934    00000130     stk.aem4f : icmp.oem4f (.text:ICMPGenPacket)
                  00008a64    0000012c     EK_TM4C1294XL.obj (.text:EK_TM4C1294XL_initEMAC)
                  00008b90    0000012c     sysbios.aem4f : BIOS.obj (.text:ti_sysbios_knl_Clock_workFunc__E)
                  00008cbc    00000128     stk.aem4f : udp.oem4f (.text:UdpOutput)
                  00008de4    00000128     sysbios.aem4f : BIOS.obj (.text:ti_sysbios_knl_Task_exit__E)
                  00008f0c    00000124     stk.aem4f : sockpcb.oem4f (.text:SockPcbResolve)
                  00009030    00000124     tivaRTSC_JS_pem4f.oem4f (.text:ti_ndk_config_Global_stackThread)
                  00009154    00000120     sysbios.aem4f : BIOS.obj (.text:ti_sysbios_knl_Swi_run__I)
                  00009274    00000120     ti.targets.arm.rtsarm.aem4f : Error.oem4f (.text:xdc_runtime_Error_policyDefault__E)
                  00009394    0000011c     sysbios.aem4f : BIOS.obj (.text:ti_sysbios_knl_Clock_Instance_init__E)
                  000094b0    0000011b     roveTCPSocket.obj (.text:roveTCP_Connect)
                  000095cb    00000001     --HOLE-- [fill = 0]
                  000095cc    00000118     stk.aem4f : sockint.oem4f (.text:SockNotify)
                  000096e4    00000118               : tcpout.oem4f (.text:TcpGenPacket)
                  000097fc    00000117     roveTCPSocket.obj (.text:roveCatch_NdkErrors)
                  00009913    00000001     --HOLE-- [fill = 0]
                  00009914    00000110     stk.aem4f : nimu.oem4f (.text:NIMUIoctl)
                  00009a24    00000110               : node.oem4f (.text:NodeTreeFree)
                  00009b34    00000110               : raw.oem4f (.text:RawInput)
                  00009c44    0000010c               : igmp.oem4f (.text:IGMPSendReply)
                  00009d50    0000010c               : route.oem4f (.text:RtCreate)
                  00009e5c    0000010c               : rtable.oem4f (.text:RtFind)
                  00009f68    00000104     os.aem4f : task.oem4f (.text:llEnter)
                  0000a06c    00000104     sysbios.aem4f : BIOS.obj (.text:ti_sysbios_knl_Task_schedule__I)
                  0000a170    00000104     ti.targets.arm.rtsarm.aem4f : Core-mem.oem4f (.text:xdc_runtime_Core_createObject__I)
                  0000a274    00000104     tivaRTSC_JS_pem4f.oem4f (.text:xdc_runtime_System_printfExtend__I)
                  0000a378    00000102     nettool_ipv4.aem4f : dhcppkt.oem4f (.text:dhcpPacketProcess)
                  0000a47a    00000002     hal_ser_stub.aem4f : llserstb.oem4f (.text:_llSerialServiceCheck)
                  0000a47c    00000100     netctrl_min_ipv4.aem4f : netctrl.oem4f (.text:NetScheduler)
                  0000a57c    00000100     nettool_ipv4.aem4f : inetaddr.oem4f (.text:inet_aton)
                  0000a67c    000000fe     stk.aem4f : pipe.oem4f (.text:PipeRecv)
                  0000a77a    000000fc     rtsv7M4_T_le_v4SPD16_eabi.lib : fd_mul_t2.obj (.text)
                  0000a876    00000002     hal_ser_stub.aem4f : llserstb.oem4f (.text:_llSerialShutdown)
                  0000a878    000000fc     ti.targets.arm.rtsarm.aem4f : Startup.oem4f (.text:xdc_runtime_Startup_startMods__I)
                  0000a974    000000fa     drivers_tivaware.aem4f : PWMTiva.oem4f (.text:PWMTiva_setDuty)
                  0000aa6e    00000002     hal_userled_stub.aem4f : llled.oem4f (.text:_llUserLedInit)
                  0000aa70    000000f8     drivers_tivaware.aem4f : EMACSnow.oem4f (.text:EMACSnow_emacStart)
                  0000ab68    000000f4     os.aem4f : task.oem4f (.text:TaskGetEnv)
                  0000ac5c    000000f4     sysbios.aem4f : m3_Hwi_asm.obj (.text:ti_sysbios_family_arm_m3_Hwi_dispatch__I)
                  0000ad50    000000f4                   : BIOS.obj (.text:ti_sysbios_knl_Task_startCore__E)
                  0000ae44    000000f0     stk.aem4f : lliout.oem4f (.text:LLIGenArpPacket)
                  0000af34    000000f0     sysbios.aem4f : BIOS.obj (.text:ti_sysbios_knl_Task_postInit__I)
                  0000b024    000000ee     stk.aem4f : sock.oem4f (.text:SockClose)
                  0000b112    00000002     hal_userled_stub.aem4f : llled.oem4f (.text:_llUserLedShutdown)
                  0000b114    000000ee     roveDeviceTemplate_Thread.obj (.text:roveDeviceTemplateThread)
                  0000b202    00000002     hal_ser_stub.aem4f : llserstb.oem4f (.text:llSerialService)
                  0000b204    000000e8     os.aem4f : task.oem4f (.text:TaskSetEnv)
                  0000b2ec    000000e0     stk.aem4f : tcptime.oem4f (.text:TcpTimeoutRexmt)
                  0000b3cc    000000dc               : sb.oem4f (.text:SBWrite)
                  0000b4a8    000000dc     nettool_ipv4.aem4f : dhcpsock.oem4f (.text:dhcpSocketOpen)
                  0000b584    000000dc     rtsv7M4_T_le_v4SPD16_eabi.lib : setvbuf.obj (.text)
                  0000b660    000000dc     tivaRTSC_JS_pem4f.oem4f (.text:ti_ndk_config_ip_init)
                  0000b73c    000000da     nettool_ipv4.aem4f : dhcpsm.oem4f (.text:dhcpState)
                  0000b816    00000002     tivaRTSC_JS_pem4f.oem4f (.text:ti_ndk_config_Global_NetworkClose)
                  0000b818    000000d8     stk.aem4f : node.oem4f (.text:NodeAdd)
                  0000b8f0    000000d5               : nimu.oem4f (.text:NIMUReceivePacket)
                  0000b9c5    00000001     --HOLE-- [fill = 0]
                  0000b9c6    00000002     tivaRTSC_JS_pem4f.oem4f (.text:ti_ndk_config_Global_NetworkOpen)
                  0000b9c8    000000d4     drivers_tivaware.aem4f : EMACSnow.oem4f (.text:EMACSnow_handleRx)
                  0000ba9c    000000d4     stk.aem4f : sockpcb.oem4f (.text:SockPcbBind)
                  0000bb70    000000d2               : tcpprot.oem4f (.text:TcpPrSetOption)
                  0000bc42    00000002     tivaRTSC_JS_pem4f.oem4f (.text:ti_sysbios_BIOS_nullFunc__I)
                  0000bc44    000000d0     sysbios.aem4f : BIOS.obj (.text:ti_sysbios_knl_Swi_Instance_init__E)
                  0000bd14    000000ce     nettool_ipv4.aem4f : dhcpsm.oem4f (.text:dhcpIPAdd)
                  0000bde2    00000002     sysbios.aem4f : BIOS.obj (.text:ti_sysbios_gates_GateHwi_Instance_init__E)
                  0000bde4    000000cc     stk.aem4f : icmp.oem4f (.text:ICMPSendRtAdv)
                  0000beb0    000000cc     nettool_ipv4.aem4f : dhcpbild.oem4f (.text:dhcpBuildHeader)
                  0000bf7c    000000cc     ti.targets.arm.rtsarm.aem4f : Core-smem.oem4f (.text:xdc_runtime_Core_constructObject__I)
                  0000c048    000000ca     nettool_ipv4.aem4f : dhcppkt.oem4f (.text:dhcpVerifyMessage)
                  0000c112    00000002     tivaRTSC_JS_pem4f.oem4f (.text:xdc_runtime_Startup_reset__I)
                  0000c114    000000c8     stk.aem4f : rawethsock.oem4f (.text:RawEthSockNew)
                  0000c1dc    000000c4     drivers_tivaware.aem4f : EMACSnow.oem4f (.text:EMACSnow_InitDMADescriptors)
                  0000c2a0    000000c4     stk.aem4f : igmp.oem4f (.text:IGMPJoinHostGroup)
                  0000c364    000000c4     netctrl_min_ipv4.aem4f : netsrv.oem4f (.text:SPIpNet)
                  0000c428    000000c4     sysbios.aem4f : BIOS.obj (.text:ti_sysbios_family_arm_m3_Hwi_Module_startup__E)
                  0000c4ec    000000c0     nettool_ipv4.aem4f : dhcpsm.oem4f (.text:StateBound)
                  0000c5ac    000000c0     rtsv7M4_T_le_v4SPD16_eabi.lib : fflush.obj (.text)
                  0000c66c    000000bc     stk.aem4f : sockpcb.oem4f (.text:SockPcbFind)
                  0000c728    000000bc               : vlan.oem4f (.text:VLANDeinit)
                  0000c7e4    000000bc     sysbios.aem4f : BIOS.obj (.text:ti_sysbios_knl_Task_unblockI__E)
                  0000c8a0    000000b8     EK_TM4C1294XL.obj (.text:EK_TM4C1294XL_initGeneral)
                  0000c958    000000b8     stk.aem4f : icmpin.oem4f (.text:ICMPRevSrcRoute)
                  0000ca10    000000b8               : lli.oem4f (.text:_LLITimeoutCheck)
                  0000cac8    000000b4               : tcptime.oem4f (.text:TcpTimeoutKeep)
                  0000cb7c    000000b4     sysbios.aem4f : BIOS.obj (.text:ti_sysbios_family_arm_m3_Hwi_excHardFault__I)
                  0000cc30    000000b4                   : BIOS.obj (.text:ti_sysbios_gates_GateMutex_enter__E)
                  0000cce4    000000b4                   : BIOS.obj (.text:ti_sysbios_knl_Task_checkStacks__E)
                  0000cd98    000000b0     stk.aem4f : rawethsock.oem4f (.text:RawEthSockSet)
                  0000ce48    000000b0               : sockint.oem4f (.text:SockCreatePacket)
                  0000cef8    000000b0     sysbios.aem4f : BIOS.obj (.text:ti_sysbios_family_arm_m3_Hwi_excDebugMon__I)
                  0000cfa8    000000ac     stk.aem4f : rtable.oem4f (.text:RtTimeoutCheck)
                  0000d054    000000ac     rtsv7M4_T_le_v4SPD16_eabi.lib : _io_perm.obj (.text)
                  0000d100    000000ac     sysbios.aem4f : BIOS.obj (.text:ti_sysbios_family_arm_lm4_Timer_enableTiva__I)
                  0000d1ac    000000a8                   : BIOS.obj (.text:ti_sysbios_family_arm_lm4_Timer_enableTimers__I)
                  0000d254    000000a8                   : BIOS.obj (.text:ti_sysbios_knl_Swi_post__E)
                  0000d2fc    000000a8                   : BIOS.obj (.text:ti_sysbios_knl_Task_blockI__E)
                  0000d3a4    000000a0     auto_init.aem4f : auto_init.oem4f (.text)
                  0000d444    000000a0     sysbios.aem4f : BIOS.obj (.text:ti_sysbios_family_arm_m3_Hwi_Instance_init__E)
                  0000d4e4    0000009c     stk.aem4f : exec.oem4f (.text:ExecOpen)
                  0000d580    0000009c     netctrl_min_ipv4.aem4f : netsrv.oem4f (.text:ServiceScan)
                  0000d61c    0000009c     rtsv7M4_T_le_v4SPD16_eabi.lib : fputc.obj (.text)
                  0000d6b8    0000009c                                   : memcpy_t2.obj (.text)
                  0000d754    0000009c     sysbios.aem4f : BIOS.obj (.text:ti_sysbios_knl_Semaphore_Instance_init__E)
                  0000d7f0    0000009a     ti.targets.arm.rtsarm.aem4f : Text.oem4f (.text:xdc_runtime_Text_putSite__E)
                  0000d88a    00000002     --HOLE-- [fill = 0]
                  0000d88c    00000098     stk.aem4f : ip.oem4f (.text:IPGetRoute)
                  0000d924    00000098     netctrl_min_ipv4.aem4f : netctrl.oem4f (.text:NC_SystemOpen)
                  0000d9bc    00000098     rtsv7M4_T_le_v4SPD16_eabi.lib : fclose.obj (.text)
                  0000da54    00000096     stk.aem4f : nimu.oem4f (.text:NIMUAddEthernetHeader)
                  0000daea    00000002     --HOLE-- [fill = 0]
                  0000daec    00000094     nettool_ipv4.aem4f : config.oem4f (.text:CfgExecute)
                  0000db80    00000094                        : config.oem4f (.text:CfgRemoveEntry)
                  0000dc14    00000094     Boot.aem4f : Boot.oem4f (.text:ti_catalog_arm_cortexm4_tiva_ce_Boot_sysCtlClockFreqSet__E)
                  0000dca8    00000094     ti.targets.arm.rtsarm.aem4f : Text.oem4f (.text:xdc_runtime_Text_putMod__E)
                  0000dd3c    00000090     stk.aem4f : igmp.oem4f (.text:IGMPMsg)
                  0000ddcc    00000090               : sockpcb.oem4f (.text:SockPcbCtlError)
                  0000de5c    00000090     os.aem4f : mem.oem4f (.text:_mmInit)
                  0000deec    00000090              : mem.oem4f (.text:mmBulkAlloc)
                  0000df7c    0000008e     nettool_ipv4.aem4f : dhcpbild.oem4f (.text:dhcpBuildRequest)
                  0000e00a    00000002     --HOLE-- [fill = 0]
                  0000e00c    0000008c     os.aem4f : mem.oem4f (.text:mmInitPage)
                  0000e098    0000008c     tivaRTSC_JS_pem4f.oem4f (.text:ti_ndk_config_tcp_init)
                  0000e124    0000008c     sysbios.aem4f : BIOS.obj (.text:ti_sysbios_family_arm_m3_Hwi_initNVIC__E)
                  0000e1b0    0000008c                   : m3_TaskSupport_asm.obj (.text:ti_sysbios_family_arm_m3_TaskSupport_buildTaskStack)
                  0000e23c    0000008a     netctrl_min_ipv4.aem4f : netsrv.oem4f (.text:SPRoute)
                  0000e2c6    00000002     --HOLE-- [fill = 0]
                  0000e2c8    00000088     EK_TM4C1294XL.obj (.text:EK_TM4C1294XL_initPWM)
                  0000e350    00000088     sysbios.aem4f : BIOS.obj (.text:ti_sysbios_knl_Mailbox_Module_startup__E)
                  0000e3d8    00000086     nettool_ipv4.aem4f : dhcpsm.oem4f (.text:StateRequesting)
                  0000e45e    00000086     rtsv7M4_T_le_v4SPD16_eabi.lib : fd_cmp_t2.obj (.text:__aeabi_cdcmple)
                  0000e4e4    00000086                                   : fd_cmp_t2.obj (.text:__aeabi_cdrcmple)
                  0000e56a    00000002     --HOLE-- [fill = 0]
                  0000e56c    00000084     drivers_tivaware.aem4f : PWMTiva.oem4f (.text:PWMTiva_control)
                  0000e5f0    00000084     stk.aem4f : tcpprot.oem4f (.text:TcpPrAttach)
                  0000e674    00000084     os.aem4f : mem.oem4f (.text:mmBulkFree)
                  0000e6f8    00000084     sysbios.aem4f : BIOS.obj (.text:ti_sysbios_knl_Task_Module_startup__E)
                  0000e77c    00000082     nettool_ipv4.aem4f : dhcpsm.oem4f (.text:StateRenewRebind)
                  0000e7fe    00000002     --HOLE-- [fill = 0]
                  0000e800    00000080     stk.aem4f : ip.oem4f (.text:IPMsg)
                  0000e880    00000080               : lli.oem4f (.text:LLINew)
                  0000e900    00000080     netctrl_min_ipv4.aem4f : netsrv.oem4f (.text:NS_BootTask)
                  0000e980    00000080     stk.aem4f : pbm.oem4f (.text:PBM_alloc)
                  0000ea00    00000080               : raw.oem4f (.text:RawOutput)
                  0000ea80    00000080     netctrl_min_ipv4.aem4f : netsrv.oem4f (.text:ServiceSpawn)
                  0000eb00    00000080     os.aem4f : mem.oem4f (.text:mmFree)
                  0000eb80    0000007f     tivaRTSC_JS_pem4f.oem4f (.text:ti_ndk_config_Global_NetworkIPAddr)
                  0000ebff    00000001     --HOLE-- [fill = 0]
                  0000ec00    0000007e     stk.aem4f : fileuser.oem4f (.text:fdClose)
                  0000ec7e    00000002     --HOLE-- [fill = 0]
                  0000ec80    0000007c     nettool_ipv4.aem4f : config.oem4f (.text:CfgGetEntry)
                  0000ecfc    0000007c                        : config.oem4f (.text:CfgGetNextEntry)
                  0000ed78    0000007c     drivers_tivaware.aem4f : EMACSnow.oem4f (.text:EMACSnow_processPendingTx)
                  0000edf4    0000007c                            : EMACSnow.oem4f (.text:EMACSnow_processPhyInterrupt)
                  0000ee70    0000007c     stk.aem4f : igmp.oem4f (.text:IGMPJoin)
                  0000eeec    0000007c               : socket.oem4f (.text:NDK_setsockopt)
                  0000ef68    0000007c               : nimu.oem4f (.text:NIMURegister)
                  0000efe4    0000007c               : pbm.oem4f (.text:PBM_free)
                  0000f060    0000007a               : igmp.oem4f (.text:IGMPDoMCast)
                  0000f0da    00000002     --HOLE-- [fill = 0]
                  0000f0dc    0000007a     roveTCPSocket.obj (.text:rovePrintf_MessageCfg)
                  0000f156    0000007a     drivers_tivaware.aem4f : UARTTiva.oem4f (.text:writeData)
                  0000f1d0    00000078     driverlib.lib : emac.obj (.text:EMACInit)
                  0000f248    00000078     stk.aem4f : socket.oem4f (.text:NDK_sendto)
                  0000f2c0    00000078               : nimu.oem4f (.text:NIMUShutdown)
                  0000f338    00000078               : tcptime.oem4f (.text:TcpXmitTimer)
                  0000f3b0    00000078               : fileuser.oem4f (.text:fdOpenSession)
                  0000f428    00000078     nettool_ipv4.aem4f : inetaddr.oem4f (.text:inet_pton)
                  0000f4a0    00000078     os.aem4f : task.oem4f (.text:llExit)
                  0000f518    00000078     rtsv7M4_T_le_v4SPD16_eabi.lib : memset_t2.obj (.text)
                  0000f590    00000075     stk.aem4f : tcptime.oem4f (.text:TcpTimeoutSackRexmt)
                  0000f605    00000003     --HOLE-- [fill = 0]
                  0000f608    00000074               : raweth.oem4f (.text:RawEthRxPacket)
                  0000f67c    00000074               : sockpcb.oem4f (.text:SockPcbConnect)
                  0000f6f0    00000074     sysbios.aem4f : BIOS.obj (.text:ti_sysbios_knl_Clock_start__E)
                  0000f764    00000072     stk.aem4f : rtable.oem4f (.text:RtWalkNext)
                  0000f7d6    00000002     --HOLE-- [fill = 0]
                  0000f7d8    00000072     os.aem4f : semaphore.oem4f (.text:SemCreateBinary)
                  0000f84a    00000002     --HOLE-- [fill = 0]
                  0000f84c    00000070     drivers_tivaware.aem4f : EMACSnow.oem4f (.text:EMACSnow_hwiIntFxn)
                  0000f8bc    00000070     stk.aem4f : igmp.oem4f (.text:IGMPLeaveHostGroup)
                  0000f92c    00000070               : rtable.oem4f (.text:RtFlush)
                  0000f99c    00000070               : sock.oem4f (.text:SockShutdown)
                  0000fa0c    00000070     nettool_ipv4.aem4f : dhcptags.oem4f (.text:dhcpDecodeType)
                  0000fa7c    00000070     rtsv7M4_T_le_v4SPD16_eabi.lib : printf.obj (.text)
                  0000faec    00000070     sysbios.aem4f : BIOS.obj (.text:ti_sysbios_family_arm_m3_Hwi_postInit__I)
                  0000fb5c    00000070     ti.targets.arm.rtsarm.aem4f : Memory.oem4f (.text:xdc_runtime_Memory_alloc__E)
                  0000fbcc    0000006e     stk.aem4f : socket.oem4f (.text:NDK_recv)
                  0000fc3a    00000002     --HOLE-- [fill = 0]
                  0000fc3c    0000006d               : node.oem4f (.text:NodeNew)
                  0000fca9    00000003     --HOLE-- [fill = 0]
                  0000fcac    0000006c     os.aem4f : ossys.oem4f (.text:DbgPrintf)
                  0000fd18    0000006c     drivers_tivaware.aem4f : EMACSnow.oem4f (.text:EMACSnow_emacStop)
                  0000fd84    0000006c     stk.aem4f : node.oem4f (.text:NodeTreeNew)
                  0000fdf0    0000006c     drivers_tivaware.aem4f : UARTTiva.oem4f (.text:UARTTiva_read)
                  0000fe5c    0000006c                            : UARTTiva.oem4f (.text:UARTTiva_write)
                  0000fec8    0000006c     roveWare_tivaWrappers.obj (.text:roveGetStructId_ByteCnt)
                  0000ff34    0000006c     ti.targets.arm.rtsarm.aem4f : Error.oem4f (.text:xdc_runtime_Error_print__E)
                  0000ffa0    0000006a     drivers_tivaware.aem4f : PWMTiva.oem4f (.text:PWMTiva_close)
                  0001000a    0000006a     stk.aem4f : tcpprot.oem4f (.text:TcpPrInherit)
                  00010074    0000006a               : rtable.oem4f (.text:_RtNodeInsert)
                  000100de    00000068               : socket.oem4f (.text:NDK_socket)
                  00010146    00000002     --HOLE-- [fill = 0]
                  00010148    00000068               : pbm.oem4f (.text:PBM_open)
                  000101b0    00000068     netctrl_min_ipv4.aem4f : netsrv.oem4f (.text:SPConfig)
                  00010218    00000068     stk.aem4f : sockpcb.oem4f (.text:SockPcbFindRaw)
                  00010280    00000068               : udp.oem4f (.text:UdpChecksum)
                  000102e8    00000068     hal_timer_bios.aem4f : lltimer.oem4f (.text:llTimerTick)
                  00010350    00000066     drivers_tivaware.aem4f : UARTTiva.oem4f (.text:UARTTiva_readPolling)
                  000103b6    00000066     ti.targets.arm.rtsarm.aem4f : Core-mem.oem4f (.text:xdc_runtime_Core_deleteObject__I)
                  0001041c    00000064     nettool_ipv4.aem4f : config.oem4f (.text:CfgFree)
                  00010480    00000064     stk.aem4f : pbm.oem4f (.text:PBMQ_enq)
                  000104e4    00000064     rtsv7M4_T_le_v4SPD16_eabi.lib : fseek.obj (.text)
                  00010548    00000064     tivaRTSC_JS_pem4f.oem4f (.text:ti_sysbios_family_arm_m3_Hwi_create)
                  000105ac    00000064     stk.aem4f : lliin.oem4f (.text:updateRtTable)
                  00010610    00000062               : ipin.oem4f (.text:IPRouteIP)
                  00010672    00000002     --HOLE-- [fill = 0]
                  00010674    00000062               : sb.oem4f (.text:SBNew)
                  000106d6    00000062     drivers_tivaware.aem4f : UARTTiva.oem4f (.text:UARTTiva_hwiIntFxn)
                  00010738    00000062                            : UARTTiva.oem4f (.text:readData)
                  0001079a    00000002     --HOLE-- [fill = 0]
                  0001079c    00000060     nettool_ipv4.aem4f : config.oem4f (.text:CfgGetEntryCnt)
                  000107fc    00000060     stk.aem4f : file.oem4f (.text:FdWaitEvent)
                  0001085c    00000060               : nimu.oem4f (.text:NIMUUnregister)
                  000108bc    00000060               : node.oem4f (.text:NodeFind)
                  0001091c    00000060               : rtc.oem4f (.text:RTCMsg)
                  0001097c    00000060               : tcp.oem4f (.text:TcpChecksum)
                  000109dc    00000060     nettool_ipv4.aem4f : dhcptags.oem4f (.text:dhcpBuildOptions)
                  00010a3c    00000060     rtsv7M4_T_le_v4SPD16_eabi.lib : trgmsg.obj (.text)
                  00010a9c    00000060     sysbios.aem4f : BIOS.obj (.text:ti_sysbios_family_arm_lm4_Timer_isrStub__E)
                  00010afc    00000060                   : BIOS.obj (.text:ti_sysbios_knl_Clock_logTick__E)
                  00010b5c    00000060     ti.targets.arm.rtsarm.aem4f : System.oem4f (.text:xdc_runtime_System_formatNum__I)
                  00010bbc    0000005e     stk.aem4f : route.oem4f (.text:RtRemove)
                  00010c1a    0000005e     nettool_ipv4.aem4f : dhcpsm.oem4f (.text:StateSelecting)
                  00010c78    0000005e     rtsv7M4_T_le_v4SPD16_eabi.lib : copy_decompress_rle.obj (.text)
                  00010cd6    00000002     --HOLE-- [fill = 0]
                  00010cd8    0000005c     nettool_ipv4.aem4f : config.oem4f (.text:CfgSetExecuteOrder)
                  00010d34    0000005c     stk.aem4f : nimu.oem4f (.text:NIMUIoctlSpecialCmd)
                  00010d90    0000005c               : sockint.oem4f (.text:SockSpawnAbort)
                  00010dec    0000005c               : vlan.oem4f (.text:VLANReceivePacket)
                  00010e48    0000005c     sysbios.aem4f : BIOS.obj (.text:ti_sysbios_family_arm_lm4_Timer_Module_startup__E)
                  00010ea4    0000005c     tivaRTSC_JS_pem4f.oem4f (.text:ti_sysbios_knl_Swi_create)
                  00010f00    0000005c     tivaRTSC_JS_pem4f.oem4f (.text:ti_sysbios_knl_Task_create)
                  00010f5c    0000005b     roveWare_tivaWrappers.obj (.text:rovePrintf_ByteBuffer)
                  00010fb7    00000001     --HOLE-- [fill = 0]
                  00010fb8    0000005b     ti.targets.arm.rtsarm.aem4f : Text.oem4f (.text:xdc_runtime_Text_putLab__E)
                  00011013    00000001     --HOLE-- [fill = 0]
                  00011014    0000005a     stk.aem4f : route.oem4f (.text:RtRedirect)
                  0001106e    0000005a               : tcpprot.oem4f (.text:TcpValidateMetrics)
                  000110c8    0000005a     nettool_ipv4.aem4f : dhcpbild.oem4f (.text:dhcpBuildDecline)
                  00011122    00000002     --HOLE-- [fill = 0]
                  00011124    0000005a     roveTCPSocket.obj (.text:rovePrintf_RoveTCPSocket)
                  0001117e    0000005a     rtsv7M4_T_le_v4SPD16_eabi.lib : ltoa.obj (.text)
                  000111d8    00000058     stk.aem4f : bind.oem4f (.text:BindFree)
                  00011230    00000058     driverlib.lib : emac.obj (.text:EMACPHYConfigSet)
                  00011288    00000058     stk.aem4f : igmp.oem4f (.text:IGMPTimer)
                  000112e0    00000058     netctrl_min_ipv4.aem4f : netsrv.oem4f (.text:SPService)
                  00011338    00000058     os.aem4f : semaphore.oem4f (.text:SemCreate)
                  00011390    00000058     boot.aem4f : boot.oem4f (.text)
                  000113e8    00000058     roveBIOS_Init.obj (.text:roveUART_Init)
                  00011440    00000058     tivaRTSC_JS_pem4f.oem4f (.text:ti_sysbios_family_arm_m3_Hwi_construct)
                  00011498    00000058     sysbios.aem4f : m3_Hwi_asm_switch.obj (.text:ti_sysbios_family_arm_m3_Hwi_initStacks__E)
                  000114f0    00000058                   : BIOS.obj (.text:ti_sysbios_knl_Swi_restoreHwi__E)
                  00011548    00000058                   : BIOS.obj (.text:ti_sysbios_knl_Swi_schedule__I)
                  000115a0    00000054     nettool_ipv4.aem4f : config.oem4f (.text:CfgEntryDeRef)
                  000115f4    00000054     stk.aem4f : igmp.oem4f (.text:IGMPLeave)
                  00011648    00000054               : rawethsock_pcb.oem4f (.text:RawEthSockPcbAttach)
                  0001169c    00000054               : tcptime.oem4f (.text:TcpTimeoutPersist)
                  000116f0    00000054     os.aem4f : mem.oem4f (.text:mmCopy)
                  00011744    00000054     sysbios.aem4f : BIOS.obj (.text:ti_sysbios_knl_Swi_Instance_finalize__E)
                  00011798    00000050     stk.aem4f : socket.oem4f (.text:NDK_bind)
                  000117e8    00000050               : socket.oem4f (.text:NDK_connect)
                  00011838    00000050               : route.oem4f (.text:RtNew)
                  00011888    00000050     driverlib.lib : sysctl.obj (.text:SysCtlPeripheralReset)
                  000118d8    00000050     stk.aem4f : tcpprot.oem4f (.text:TcpPrDetach)
                  00011928    00000050     Boot.aem4f : Boot_sysctl.oem4f (.text:_SysCtlFrequencyGet)
                  00011978    00000050     ti.targets.arm.rtsarm.aem4f : Startup.oem4f (.text:xdc_runtime_Startup_exec__E)
                  000119c8    00000050                                 : Text.oem4f (.text:xdc_runtime_Text_visitRope2__I)
                  00011a18    0000004e     stk.aem4f : node.oem4f (.text:NodeDeRef)
                  00011a66    00000002     --HOLE-- [fill = 0]
                  00011a68    0000004c     nettool_ipv4.aem4f : ipaddr.oem4f (.text:NtAddNetwork)
                  00011ab4    0000004c     stk.aem4f : sockint.oem4f (.text:SockValidateRoute)
                  00011b00    0000004c               : file.oem4f (.text:fdint_lockfd)
                  00011b4c    0000004c     rtsv7M4_T_le_v4SPD16_eabi.lib : atoi.obj (.text)
                  00011b98    0000004c     sysbios.aem4f : BIOS.obj (.text:ti_sysbios_knl_Swi_runLoop__I)
                  00011be4    0000004b     roveBIOS_Init.obj (.text:rovePWM_Init)
                  00011c2f    00000001     --HOLE-- [fill = 0]
                  00011c30    0000004a     stk.aem4f : sock.oem4f (.text:SockDisconnect)
                  00011c7a    00000002     --HOLE-- [fill = 0]
                  00011c7c    0000004a               : timer.oem4f (.text:TimerNew)
                  00011cc6    0000004a     nettool_ipv4.aem4f : config.oem4f (.text:_CfgEntryScan)
                  00011d10    00000048                        : config.oem4f (.text:CfgNew)
                  00011d58    00000048     drivers_tivaware.aem4f : EMACSnow.oem4f (.text:EMACSnow_processTransmitted)
                  00011da0    00000048     driverlib.lib : gpio.obj (.text:GPIOPinConfigure)
                  00011de8    00000048     stk.aem4f : lli.oem4f (.text:LLIMsg)
                  00011e30    00000048               : node.oem4f (.text:NodeWalk)
                  00011e78    00000048               : sockpcb.oem4f (.text:SockPcbResolveChain)
                  00011ec0    00000048               : tcpprot.oem4f (.text:TcpDrop)
                  00011f08    00000048               : lli.oem4f (.text:_LLIExpListInsert)
                  00011f50    00000048               : rtable.oem4f (.text:_RtExpListInsert)
                  00011f98    00000048     roveTCPSocket.obj (.text:roveTCP_Recv)
                  00011fe0    00000048     rtsv7M4_T_le_v4SPD16_eabi.lib : fd_toi_t2.obj (.text)
                  00012028    00000048     sysbios.aem4f : BIOS.obj (.text:ti_sysbios_family_arm_m3_Hwi_excReserved__I)
                  00012070    00000048                   : BIOS.obj (.text:ti_sysbios_heaps_HeapMem_getStats__E)
                  000120b8    00000048                   : BIOS.obj (.text:ti_sysbios_knl_Task_deleteTerminatedTasksFunc__I)
                  00012100    00000048     ti.targets.arm.rtsarm.aem4f : Assert.oem4f (.text:xdc_runtime_Assert_raise__I)
                  00012148    00000046     nettool_ipv4.aem4f : ipaddr.oem4f (.text:NtIfIdx2Ip)
                  0001218e    00000046     netctrl_min_ipv4.aem4f : netsrv.oem4f (.text:ServiceKill)
                  000121d4    00000046     ti.targets.arm.rtsarm.aem4f : Core-params.oem4f (.text:xdc_runtime_Core_assignParams__I)
                  0001221a    00000002     --HOLE-- [fill = 0]
                  0001221c    00000044     EK_TM4C1294XL.obj (.text:EK_TM4C1294XL_initGPIO)
                  00012260    00000044     stk.aem4f : ipfrag.oem4f (.text:IPReasmFree)
                  000122a4    00000044               : lli.oem4f (.text:LLIGetValidTime)
                  000122e8    00000044               : rawethsock_pcb.oem4f (.text:RawEthSockPcbDetach)
                  0001232c    00000044               : rtable.oem4f (.text:RouteMsg)
                  00012370    00000044               : rtable.oem4f (.text:RtWalkEnd)
                  000123b4    00000044               : timer.oem4f (.text:TimerListInsert)
                  000123f8    00000044     hal_timer_bios.aem4f : lltimer.oem4f (.text:llTimerGetTime)
                  0001243c    00000044     rtsv7M4_T_le_v4SPD16_eabi.lib : cpy_tbl.obj (.text)
                  00012480    00000044                                   : exit.obj (.text)
                  000124c4    00000044                                   : xdtest.obj (.text)
                  00012508    00000044     sysbios.aem4f : BIOS.obj (.text:ti_sysbios_family_arm_lm4_Timer_stop__E)
                  0001254c    00000044                   : BIOS.obj (.text:ti_sysbios_family_arm_m3_Hwi_disableInterrupt__E)
                  00012590    00000044                   : BIOS.obj (.text:ti_sysbios_family_arm_m3_Hwi_enableInterrupt__E)
                  000125d4    00000044                   : BIOS.obj (.text:ti_sysbios_knl_Task_allBlockedFunction__I)
                  00012618    00000044     ti.targets.arm.rtsarm.aem4f : Error.oem4f (.text:xdc_runtime_Error_setX__E)
                  0001265c    00000044                                 : SysMin.oem4f (.text:xdc_runtime_SysMin_flush__E)
                  000126a0    00000042     stk.aem4f : tcpprot.oem4f (.text:TcpPrSendOOB)
                  000126e2    00000042     driverlib.lib : uart.obj (.text:UARTConfigSetExpClk)
                  00012724    00000042     stk.aem4f : fileuser.oem4f (.text:fdCloseSession)
                  00012766    00000042     rtsv7M4_T_le_v4SPD16_eabi.lib : u_divt2.obj (.text)
                  000127a8    00000040     stk.aem4f : lliin.oem4f (.text:LLIValidateRoute)
                  000127e8    00000040               : pbm.oem4f (.text:PBM_copy)
                  00012828    00000040               : sockpcb.oem4f (.text:SockPcbDetach)
                  00012868    00000040               : sockpcb.oem4f (.text:SockPcbRtChange)
                  000128a8    00000040               : tcpprot.oem4f (.text:TcpPrDisconnect)
                  000128e8    00000040     drivers_tivaware.aem4f : UARTTiva.oem4f (.text:UARTTiva_writePolling)
                  00012928    00000040     os.aem4f : mem.oem4f (.text:mmZeroInit)
                  00012968    00000040     sysbios.aem4f : BIOS.obj (.text:ti_sysbios_family_arm_lm4_Timer_startup__E)
                  000129a8    0000003e     nettool_ipv4.aem4f : dhcpmain.oem4f (.text:DHCPClose)
                  000129e6    0000003e     stk.aem4f : icmp.oem4f (.text:ICMPChecksum)
                  00012a24    0000003e               : nimu.oem4f (.text:NIMUAllocateName)
                  00012a62    0000003e               : tcpprot.oem4f (.text:TcpPrCtlError)
                  00012aa0    0000003e               : file.oem4f (.text:fdint_unlockfd)
                  00012ade    0000003c     nettool_ipv4.aem4f : config.oem4f (.text:CfgEntryGetData)
                  00012b1a    0000003c     driverlib.lib : emac.obj (.text:EMACIntDisable)
                  00012b56    0000003c     stk.aem4f : node.oem4f (.text:NodeUpdatePL)
                  00012b92    00000002     --HOLE-- [fill = 0]
                  00012b94    0000003c               : rtable.oem4f (.text:RtWalkBegin)
                  00012bd0    0000003c               : tcpprot.oem4f (.text:TcpPrConnect)
                  00012c0c    0000003c               : tcptime.oem4f (.text:TcpSetPersist)
                  00012c48    0000003c               : rtc.oem4f (.text:_RTCSendRtAdv)
                  00012c84    0000003c     hal_timer_bios.aem4f : lltimer.oem4f (.text:_llTimerInit)
                  00012cc0    0000003c     sysbios.aem4f : BIOS.obj (.text:ti_sysbios_family_arm_m3_Hwi_excSvCall__I)
                  00012cfc    0000003c                   : BIOS.obj (.text:ti_sysbios_family_arm_m3_Hwi_getStackInfo__E)
                  00012d38    0000003c                   : BIOS.obj (.text:ti_sysbios_heaps_HeapMem_init__I)
                  00012d74    0000003c     tivaRTSC_JS_pem4f.oem4f (.text:ti_sysbios_knl_Clock_create)
                  00012db0    0000003c     sysbios.aem4f : BIOS.obj (.text:ti_sysbios_knl_Swi_startup__E)
                  00012dec    0000003c     ti.targets.arm.rtsarm.aem4f : Text.oem4f (.text:xdc_runtime_Text_xprintf__I)
                  00012e28    0000003a     driverlib.lib : emac.obj (.text:EMACIntEnable)
                  00012e62    0000003a     stk.aem4f : rtable.oem4f (.text:_RtNodeRemove)
                  00012e9c    00000038     driverlib.lib : emac.obj (.text:EMACConfigGet)
                  00012ed4    00000038     stk.aem4f : ipfrag.oem4f (.text:IPReasmTimeout)
                  00012f0c    00000038               : node.oem4f (.text:NodeGetRt)
                  00012f44    00000038     drivers_tivaware.aem4f : PWM.oem4f (.text:PWM_init)
                  00012f7c    00000038     driverlib.lib : sysctl.obj (.text:SysCtlPeripheralReady)
                  00012fb4    00000038     os.aem4f : task.oem4f (.text:TaskCreate)
                  00012fec    00000038     stk.aem4f : tcpprot.oem4f (.text:TcpClose)
                  00013024    00000038               : timer.oem4f (.text:TimerHSTick)
                  0001305c    00000038     drivers_tivaware.aem4f : UART.oem4f (.text:UART_init)
                  00013094    00000038     nettool_ipv4.aem4f : dhcptags.oem4f (.text:dhcpOptionsClear)
                  000130cc    00000038     stk.aem4f : file.oem4f (.text:fdint_waitevent)
                  00013104    00000038     sysbios.aem4f : BIOS.obj (.text:ti_sysbios_family_arm_m3_Hwi_excNoIsr__I)
                  0001313c    00000038                   : BIOS.obj (.text:ti_sysbios_family_arm_m3_TaskSupport_start__E)
                  00013174    00000038                   : BIOS.obj (.text:ti_sysbios_knl_Task_processVitalTaskFlag__I)
                  000131ac    00000038     ti.targets.arm.rtsarm.aem4f : SysMin.oem4f (.text:xdc_runtime_SysMin_putch__E)
                  000131e4    00000038                                 : System.oem4f (.text:xdc_runtime_System_atexit__E)
                  0001321c    00000034     nettool_ipv4.aem4f : config.oem4f (.text:CfgSetService)
                  00013250    00000034     driverlib.lib : emac.obj (.text:EMACConfigSet)
                  00013284    00000034                   : emac.obj (.text:EMACIntClear)
                  000132b8    00000034     drivers_tivaware.aem4f : EMAC.oem4f (.text:EMAC_init)
                  000132ec    00000034     stk.aem4f : ip.oem4f (.text:IPChecksum)
                  00013320    00000034               : nimu.oem4f (.text:NIMUFindByName)
                  00013354    00000034               : nimu.oem4f (.text:NIMUInit)
                  00013388    00000034     driverlib.lib : sysctl.obj (.text:SysCtlPeripheralEnable)
                  000133bc    00000034     drivers_tivaware.aem4f : UARTTiva.oem4f (.text:UARTTiva_close)
                  000133f0    00000034     nettool_ipv4.aem4f : dhcpbild.oem4f (.text:dhcpBuildDiscover)
                  00013424    00000034     os.aem4f : mem.oem4f (.text:mmUnInitPage)
                  00013458    00000034     sysbios.aem4f : BIOS.obj (.text:ti_sysbios_family_arm_m3_Hwi_excNmi__I)
                  0001348c    00000034                   : BIOS.obj (.text:ti_sysbios_hal_Hwi_checkStack)
                  000134c0    00000034     tivaRTSC_JS_pem4f.oem4f (.text:ti_sysbios_knl_Semaphore_create)
                  000134f4    00000034     ti.targets.arm.rtsarm.aem4f : Core-label.oem4f (.text:xdc_runtime_Core_assignLabel__I)
                  00013528    00000033                                 : Text.oem4f (.text:xdc_runtime_Text_printVisFxn__I)
                  0001355b    00000001     --HOLE-- [fill = 0]
                  0001355c    00000032     nettool_ipv4.aem4f : config.oem4f (.text:CfgGetImmediate)
                  0001358e    00000032     stk.aem4f : route.oem4f (.text:RtDeRef)
                  000135c0    00000032               : sb.oem4f (.text:SBSetMax)
                  000135f2    00000032               : sock.oem4f (.text:SockIntAbort)
                  00013624    00000032               : tcpprot.oem4f (.text:TcpPrSend)
                  00013656    00000032     drivers_tivaware.aem4f : UARTTiva.oem4f (.text:UARTTiva_readCancel)
                  00013688    00000032                            : UARTTiva.oem4f (.text:UARTTiva_writeCancel)
                  000136ba    00000032     nettool_ipv4.aem4f : config.oem4f (.text:_CfgAcquire)
                  000136ec    00000032                        : dhcpsm.oem4f (.text:dhcpIPRemove)
                  0001371e    00000032     sysbios.aem4f : BIOS.obj (.text:ti_sysbios_knl_Semaphore_pendTimeout__I)
                  00013750    00000030     driverlib.lib : emac.obj (.text:EMACAddrSet)
                  00013780    00000030     drivers_tivaware.aem4f : EMACSnow.oem4f (.text:EMACSnow_handlePackets)
                  000137b0    00000030     os.aem4f : task.oem4f (.text:NDK_hookCreate)
                  000137e0    00000030     netctrl_min_ipv4.aem4f : netsrv.oem4f (.text:NS_PreBoot)
                  00013810    00000030     drivers_tivaware.aem4f : PWMTiva.oem4f (.text:PWMTiva_init)
                  00013840    00000030     stk.aem4f : sb.oem4f (.text:SBFlush)
                  00013870    00000030               : sock.oem4f (.text:SockBind)
                  000138a0    00000030               : sockpcb.oem4f (.text:SockCleanPcb)
                  000138d0    00000030               : sockprot.oem4f (.text:SockPrCtlError)
                  00013900    00000030     nettool_ipv4.aem4f : dhcpsock.oem4f (.text:dhcpPacketSend)
                  00013930    00000030     stk.aem4f : listlib.oem4f (.text:list_remove_node)
                  00013960    00000030     rtsv7M4_T_le_v4SPD16_eabi.lib : strncpy.obj (.text)
                  00013990    00000030     tivaRTSC_JS_pem4f.oem4f (.text:ti_sysbios_BIOS_atExitFunc__I)
                  000139c0    00000030     tivaRTSC_JS_pem4f.oem4f (.text:ti_sysbios_gates_GateHwi_Object__create__S)
                  000139f0    00000030     tivaRTSC_JS_pem4f.oem4f (.text:ti_sysbios_gates_GateMutex_Object__create__S)
                  00013a20    00000030     tivaRTSC_JS_pem4f.oem4f (.text:ti_sysbios_heaps_HeapMem_Object__create__S)
                  00013a50    00000030     tivaRTSC_JS_pem4f.oem4f (.text:ti_sysbios_knl_Semaphore_construct)
                  00013a80    00000030     ti.targets.arm.rtsarm.aem4f : SysMin.oem4f (.text:xdc_runtime_SysMin_abort__E)
                  00013ab0    00000030                                 : System.oem4f (.text:xdc_runtime_System_processAtExit__E)
                  00013ae0    0000002e     stk.aem4f : rawethsock.oem4f (.text:RawEthSockNotify)
                  00013b0e    0000002e               : route.oem4f (.text:RtSetFailure)
                  00013b3c    0000002e               : sb.oem4f (.text:SBFree)
                  00013b6a    0000002e     tivaRTSC_JS_pem4f.oem4f (.text:malloc)
                  00013b98    0000002e     rtsv7M4_T_le_v4SPD16_eabi.lib : i_tofd_t2.obj (.text)
                  00013bc6    0000002c     driverlib.lib : emac.obj (.text:EMACIntStatus)
                  00013bf2    0000002c     stk.aem4f : file.oem4f (.text:FdSignalEvent)
                  00013c1e    0000002c               : nimu.oem4f (.text:NIMUAllocateIndex)
                  00013c4a    00000002     --HOLE-- [fill = 0]
                  00013c4c    0000002c               : nimu.oem4f (.text:NIMUPacketServiceCheck)
                  00013c78    0000002c               : pipe.oem4f (.text:PipeClose)
                  00013ca4    0000002c               : sockpcb.oem4f (.text:SockPcbAttach)
                  00013cd0    0000002c     Boot.aem4f : Boot_sysctl.oem4f (.text:_SysCtlMemTimingGet)
                  00013cfc    0000002c     sysbios.aem4f : BIOS.obj (.text:ti_sysbios_hal_Hwi_initStack)
                  00013d28    0000002c     tivaRTSC_JS_pem4f.oem4f (.text:ti_sysbios_knl_Clock_doTick__I)
                  00013d54    0000002c     tivaRTSC_JS_pem4f.oem4f (.text:ti_sysbios_knl_Queue_construct)
                  00013d80    0000002c     sysbios.aem4f : BIOS.obj (.text:ti_sysbios_knl_Task_restore__E)
                  00013dac    0000002c     ti.targets.arm.rtsarm.aem4f : Text.oem4f (.text:xdc_runtime_Text_cordText__E)
                  00013dd8    0000002a     driverlib.lib : gpio.obj (.text:GPIODirModeSet)
                  00013e02    0000002a     stk.aem4f : lli.oem4f (.text:LLIFree)
                  00013e2c    0000002a               : pbm.oem4f (.text:PBMQ_deq)
                  00013e56    0000002a     nettool_ipv4.aem4f : config.oem4f (.text:_CfgRelease)
                  00013e80    0000002a     ti.targets.arm.rtsarm.aem4f : System.oem4f (.text:xdc_runtime_System_putchar__I)
                  00013eaa    00000002     --HOLE-- [fill = 0]
                  00013eac    00000028     stk.aem4f : bind.oem4f (.text:BindFindByNet)
                  00013ed4    00000028     drivers_tivaware.aem4f : EMACSnow.oem4f (.text:EMACSnow_isLinkUp)
                  00013efc    00000028                            : EMACSnow.oem4f (.text:EMACSnow_pkt_service)
                  00013f24    00000028     stk.aem4f : igmp.oem4f (.text:IGMPTestGroup)
                  00013f4c    00000028     netctrl_min_ipv4.aem4f : netctrl.oem4f (.text:NC_SystemClose)
                  00013f74    00000028     stk.aem4f : nimu.oem4f (.text:NIMUCreatePacket)
                  00013f9c    00000028               : nimu.oem4f (.text:NIMUPacketService)
                  00013fc4    00000028     netctrl_min_ipv4.aem4f : netsrv.oem4f (.text:ServiceCallback)
                  00013fec    00000028     stk.aem4f : tcpin.oem4f (.text:TcpEnterTimeWait)
                  00014014    00000028               : vlan.oem4f (.text:VLANFindSourceInterface)
                  0001403c    00000028               : vlan.oem4f (.text:VLANInit)
                  00014064    00000028               : lli.oem4f (.text:_LLIExpListRemove)
                  0001408c    00000028               : lli.oem4f (.text:_LLITimeoutFlush)
                  000140b4    00000028               : rtable.oem4f (.text:_RtExpListRemove)
                  000140dc    00000028     nettool_ipv4.aem4f : dhcpsock.oem4f (.text:dhcpPacketReceive)
                  00014104    00000028     sysbios.aem4f : BIOS.obj (.text:ti_sysbios_family_arm_m3_Hwi_Instance_finalize__E)
                  0001412c    00000026     driverlib.lib : emac.obj (.text:EMACPHYRead)
                  00014152    00000026                   : emac.obj (.text:EMACPHYWrite)
                  00014178    00000026     stk.aem4f : rawethsock.oem4f (.text:RawEthSockClose)
                  0001419e    00000026               : route.oem4f (.text:RtSetTimeout)
                  000141c4    00000026     tivaRTSC_JS_pem4f.oem4f (.text:ti_ndk_config_udp_init)
                  000141ea    00000026     sysbios.aem4f : m3_Hwi_asm.obj (.text:ti_sysbios_family_arm_m3_Hwi_pendSV__I)
                  00014210    00000026     ti.targets.arm.rtsarm.aem4f : System.oem4f (.text:xdc_runtime_System_avprintf__E)
                  00014236    00000024     stk.aem4f : bind.oem4f (.text:BindGetIFByDBCast)
                  0001425a    00000002     --HOLE-- [fill = 0]
                  0001425c    00000024     drivers_tivaware.aem4f : EMACSnow.oem4f (.text:EMACSnow_emacPoll)
                  00014280    00000024                            : EMACSnow.oem4f (.text:EMACSnow_primeRx)
                  000142a4    00000024     stk.aem4f : exec.oem4f (.text:ExecTimer)
                  000142c8    00000024     drivers_tivaware.aem4f : GPIOTiva.oem4f (.text:GPIO_init)
                  000142ec    00000024     stk.aem4f : nimu.oem4f (.text:NIMUFindByIndex)
                  00014310    00000024               : rawethsock_pcb.oem4f (.text:RawEthSockPcbFind)
                  00014334    00000024               : route.oem4f (.text:RtFree)
                  00014358    00000024               : sockpcb.oem4f (.text:SockPcbCleanup)
                  0001437c    00000024               : tcptime.oem4f (.text:TcpTimeoutWait2)
                  000143a0    00000024               : timer.oem4f (.text:TimerListRemove)
                  000143c4    00000024     nettool_ipv4.aem4f : config.oem4f (.text:_CfgEntryProcess)
                  000143e8    00000024     tivaRTSC_JS_pem4f.oem4f (.text:ti_sysbios_BIOS_errorRaiseHook__I)
                  0001440c    00000024     tivaRTSC_JS_pem4f.oem4f (.text:ti_sysbios_BIOS_registerRTSLock__I)
                  00014430    00000024     tivaRTSC_JS_pem4f.oem4f (.text:ti_sysbios_BIOS_removeRTSLock__I)
                  00014454    00000024     tivaRTSC_JS_pem4f.oem4f (.text:ti_sysbios_BIOS_startFunc__I)
                  00014478    00000024     sysbios.aem4f : BIOS.obj (.text:ti_sysbios_family_arm_m3_Hwi_doTaskRestore__I)
                  0001449c    00000024     tivaRTSC_JS_pem4f.oem4f (.text:ti_sysbios_gates_GateMutex_Object__delete__S)
                  000144c0    00000024     sysbios.aem4f : BIOS.obj (.text:ti_sysbios_knl_Clock_Module_startup__E)
                  000144e4    00000024     tivaRTSC_JS_pem4f.oem4f (.text:ti_sysbios_knl_Semaphore_Object__delete__S)
                  00014508    00000024     sysbios.aem4f : BIOS.obj (.text:ti_sysbios_knl_Swi_Module_startup__E)
                  0001452c    00000024                   : BIOS.obj (.text:ti_sysbios_knl_Task_enter__I)
                  00014550    00000024     ti.targets.arm.rtsarm.aem4f : System.oem4f (.text:xdc_runtime_System_vprintf__E)
                  00014574    00000022     nettool_ipv4.aem4f : config.oem4f (.text:CfgEntryInfo)
                  00014596    00000022                        : config.oem4f (.text:CfgEntryRef)
                  000145b8    00000022     driverlib.lib : pwm.obj (.text:PWMGenConfigure)
                  000145da    00000022     drivers_tivaware.aem4f : PWMTiva.oem4f (.text:PWMTiva_getPeriodCounts)
                  000145fc    00000022     stk.aem4f : vlan.oem4f (.text:VLANFindNode)
                  0001461e    00000022     roveTCPSocket.obj (.text:setsockopt)
                  00014640    00000022     tivaRTSC_JS_pem4f.oem4f (.text:xdc_runtime_SysMin_output__I)
                  00014662    00000002     --HOLE-- [fill = 0]
                  00014664    00000020     stk.aem4f : bind.oem4f (.text:BindFindByHost)
                  00014684    00000020     netctrl_min_ipv4.aem4f : netctrl.oem4f (.text:NC_BootComplete)
                  000146a4    00000020     stk.aem4f : nimu.oem4f (.text:NIMUGetNumOfObject)
                  000146c4    00000020               : rtc.oem4f (.text:RTCAddHook)
                  000146e4    00000020               : rtc.oem4f (.text:RTCRemoveHook)
                  00014704    00000020     tivaRTSC_JS_pem4f.oem4f (.text:ti_sysbios_family_arm_m3_Hwi_Object__delete__S)
                  00014724    00000020     sysbios.aem4f : m3_Hwi_asm.obj (.text:ti_sysbios_family_arm_m3_Hwi_excHandlerAsm__I)
                  00014744    00000020                   : BIOS.obj (.text:ti_sysbios_family_arm_m3_Hwi_excHandler__I)
                  00014764    00000020     tivaRTSC_JS_pem4f.oem4f (.text:ti_sysbios_gates_GateHwi_Object__delete__S)
                  00014784    00000020     tivaRTSC_JS_pem4f.oem4f (.text:ti_sysbios_heaps_HeapMem_Object__delete__S)
                  000147a4    00000020     sysbios.aem4f : BIOS.obj (.text:ti_sysbios_knl_Idle_run__E)
                  000147c4    00000020     tivaRTSC_JS_pem4f.oem4f (.text:ti_sysbios_knl_Semaphore_Object__destruct__S)
                  000147e4    00000020     tivaRTSC_JS_pem4f.oem4f (.text:ti_sysbios_knl_Swi_Object__delete__S)
                  00014804    00000020     tivaRTSC_JS_pem4f.oem4f (.text:ti_sysbios_knl_Task_Object__delete__S)
                  00014824    00000020     ti.targets.arm.rtsarm.aem4f : Registry.oem4f (.text:xdc_runtime_Registry_findById__E)
                  00014844    00000020                                 : SysMin.oem4f (.text:xdc_runtime_SysMin_Module_startup__E)
                  00014864    0000001e     driverlib.lib : pwm.obj (.text:PWMPulseWidthSet)
                  00014882    0000001e     drivers_tivaware.aem4f : PWMTiva.oem4f (.text:PWMTiva_getPeriodMicroSecs)
                  000148a0    0000001e     stk.aem4f : fileuser.oem4f (.text:fdError)
                  000148be    0000001e               : listlib.oem4f (.text:list_remove)
                  000148dc    0000001e     roveTCPSocket.obj (.text:recv)
                  000148fa    0000001e     sysbios.aem4f : m3_Hwi_asm_switch.obj (.text:ti_sysbios_family_xxx_Hwi_switchAndRunFunc)
                  00014918    0000001c     stk.aem4f : bind.oem4f (.text:BindFindByIF)
                  00014934    0000001c     drivers_tivaware.aem4f : EMACSnow.oem4f (.text:EMACSnow_init)
                  00014950    0000001c     stk.aem4f : exec.oem4f (.text:ExecBroadcast)
                  0001496c    0000001c               : exec.oem4f (.text:ExecClose)
                  00014988    0000001c     os.aem4f : ossys.oem4f (.text:NDK_sprintf)
                  000149a4    0000001c     stk.aem4f : nimu.oem4f (.text:NIMUAddHeader)
                  000149c0    0000001c               : sockprot.oem4f (.text:SockPrDetach)
                  000149dc    0000001c     os.aem4f : task.oem4f (.text:TaskDestroy)
                  000149f8    0000001c     stk.aem4f : tcp.oem4f (.text:TcpTimeoutRemove)
                  00014a14    0000001c     driverlib.lib : uart.obj (.text:UARTDisable)
                  00014a30    0000001c     rtsv7M4_T_le_v4SPD16_eabi.lib : memccpy.obj (.text)
                  00014a4c    0000001c     tivaRTSC_JS_pem4f.oem4f (.text:ti_ndk_config_global_taskCreateHook)
                  00014a68    0000001c     tivaRTSC_JS_pem4f.oem4f (.text:ti_sysbios_BIOS_rtsLock__I)
                  00014a84    0000001c     tivaRTSC_JS_pem4f.oem4f (.text:ti_sysbios_family_arm_m3_Hwi_Object__destruct__S)
                  00014aa0    0000001c     sysbios.aem4f : BIOS.obj (.text:ti_sysbios_gates_GateMutex_Instance_init__E)
                  00014abc    0000001c     tivaRTSC_JS_pem4f.oem4f (.text:ti_sysbios_knl_Queue_Object__destruct__S)
                  00014ad8    0000001c     ti.targets.arm.rtsarm.aem4f : Error.oem4f (.text:xdc_runtime_Error_raiseX__E)
                  00014af4    0000001c                                 : Memory.oem4f (.text:xdc_runtime_Memory_valloc__E)
                  00014b10    0000001c                                 : SysMin.oem4f (.text:xdc_runtime_SysMin_exit__E)
                  00014b2c    0000001c                                 : System.oem4f (.text:xdc_runtime_System_abort__E)
                  00014b48    0000001a     stk.aem4f : sockint.oem4f (.text:SockSetOOBMark)
                  00014b62    0000001a               : file.oem4f (.text:fdint_getfdt)
                  00014b7c    0000001a     tivaRTSC_JS_pem4f.oem4f (.text:ti_sysbios_family_arm_m3_Hwi_Handle__label__S)
                  00014b96    0000001a     tivaRTSC_JS_pem4f.oem4f (.text:ti_sysbios_gates_GateHwi_Handle__label__S)
                  00014bb0    0000001a     tivaRTSC_JS_pem4f.oem4f (.text:ti_sysbios_gates_GateMutex_Handle__label__S)
                  00014bca    0000001a     tivaRTSC_JS_pem4f.oem4f (.text:ti_sysbios_heaps_HeapMem_Handle__label__S)
                  00014be4    0000001a     tivaRTSC_JS_pem4f.oem4f (.text:ti_sysbios_knl_Swi_Handle__label__S)
                  00014bfe    0000001a     tivaRTSC_JS_pem4f.oem4f (.text:ti_sysbios_knl_Task_Handle__label__S)
                  00014c18    0000001a     sysbios.aem4f : BIOS.obj (.text:ti_sysbios_knl_Task_sleepTimeout__I)
                  00014c32    0000001a     tivaRTSC_JS_pem4f.oem4f (.text:xdc_runtime_System_aprintf__E)
                  00014c4c    0000001a     tivaRTSC_JS_pem4f.oem4f (.text:xdc_runtime_System_printf__E)
                  00014c66    00000002     --HOLE-- [fill = 0]
                  00014c68    00000018     drivers_tivaware.aem4f : EMACSnow.oem4f (.text:EMACSnow_emacSend)
                  00014c80    00000018     driverlib.lib : gpio.obj (.text:GPIOPinTypeGPIOOutput)
                  00014c98    00000018     stk.aem4f : ip.oem4f (.text:IPRtChange)
                  00014cb0    00000018     drivers_tivaware.aem4f : PWM.oem4f (.text:PWM_open)
                  00014cc8    00000018     stk.aem4f : rawethsock_pcb.oem4f (.text:RawEthSockPcbCleanup)
                  00014ce0    00000018     nettool_ipv4.aem4f : ipaddr.oem4f (.text:RouteHook)
                  00014cf8    00000018     stk.aem4f : tcpin.oem4f (.text:SEQ_GEQ)
                  00014d10    00000018               : tcpout.oem4f (.text:SEQ_GEQ)
                  00014d28    00000018               : tcpin.oem4f (.text:SEQ_GT)
                  00014d40    00000018               : tcpout.oem4f (.text:SEQ_GT)
                  00014d58    00000018               : tcpin.oem4f (.text:SEQ_LEQ)
                  00014d70    00000018               : tcpout.oem4f (.text:SEQ_LEQ)
                  00014d88    00000018               : tcpin.oem4f (.text:SEQ_LT)
                  00014da0    00000018               : tcpout.oem4f (.text:SEQ_LT)
                  00014db8    00000018               : tcp.oem4f (.text:TcpTimeoutAdd)
                  00014dd0    00000018     drivers_tivaware.aem4f : UART.oem4f (.text:UART_Params_init)
                  00014de8    00000018                            : UART.oem4f (.text:UART_open)
                  00014e00    00000018     nettool_ipv4.aem4f : dhcpsock.oem4f (.text:dhcpSocketClose)
                  00014e18    00000018     tivaRTSC_JS_pem4f.oem4f (.text:free)
                  00014e30    00000018     stk.aem4f : listlib.oem4f (.text:list_add)
                  00014e48    00000018     rtsv7M4_T_le_v4SPD16_eabi.lib : args_main.obj (.text)
                  00014e60    00000018                                   : ll_mul_t2.obj (.text)
                  00014e78    00000018                                   : strcmp.obj (.text)
                  00014e90    00000018     tivaRTSC_JS_pem4f.oem4f (.text:ti_sysbios_BIOS_rtsUnlock__I)
                  00014ea8    00000018     tivaRTSC_JS_pem4f.oem4f (.text:ti_sysbios_family_arm_lm4_Timer_Module__startupDone__F)
                  00014ec0    00000018     tivaRTSC_JS_pem4f.oem4f (.text:ti_sysbios_family_arm_m3_Hwi_Module__startupDone__F)
                  00014ed8    00000018     sysbios.aem4f : m3_TaskSupport_asm.obj (.text:ti_sysbios_family_arm_m3_TaskSupport_swap__E)
                  00014ef0    00000018                   : BIOS.obj (.text:ti_sysbios_gates_GateMutex_leave__E)
                  00014f08    00000018     ti.targets.arm.rtsarm.aem4f : Error.oem4f (.text:xdc_runtime_Error_check__E)
                  00014f20    00000018                                 : System.oem4f (.text:xdc_runtime_System_exit__E)
                  00014f38    00000018                                 : Text.oem4f (.text:xdc_runtime_Text_ropeText__E)
                  00014f50    00000016     stk.aem4f : bind.oem4f (.text:BindGetIP)
                  00014f66    00000016     driverlib.lib : emac.obj (.text:EMACReset)
                  00014f7c    00000016                   : emac.obj (.text:EMACRxEnable)
                  00014f92    00000016                   : emac.obj (.text:EMACTxEnable)
                  00014fa8    00000016     stk.aem4f : file.oem4f (.text:fdint_freefdt)
                  00014fbe    00000016     rtsv7M4_T_le_v4SPD16_eabi.lib : memchr.obj (.text)
                  00014fd4    00000016                                   : strchr.obj (.text)
                  00014fea    00000016     tivaRTSC_JS_pem4f.oem4f (.text:ti_sysbios_BIOS_exitFunc__I)
                  00015000    00000016     ti.targets.arm.rtsarm.aem4f : System.oem4f (.text:xdc_runtime_System_vsprintf__E)
                  00015016    00000014     stk.aem4f : bind.oem4f (.text:BindIPHost2IF)
                  0001502a    00000002     --HOLE-- [fill = 0]
                  0001502c    00000014     driverlib.lib : flash.obj (.text:FlashUserGet)
                  00015040    00000014     netctrl_min_ipv4.aem4f : netctrl.oem4f (.text:NC_NetStop)
                  00015054    00000014     os.aem4f : task.oem4f (.text:NDK_hookExit)
                  00015068    00000014     stk.aem4f : nimu.oem4f (.text:NIMUSendPacket)
                  0001507c    00000014     nettool_ipv4.aem4f : ipaddr.oem4f (.text:NtRemoveNetwork)
                  00015090    00000014     driverlib.lib : pwm.obj (.text:PWMClockSet)
                  000150a4    00000014     stk.aem4f : rawethsock_pcb.oem4f (.text:RawEthSockPcbInit)
                  000150b8    00000014     driverlib.lib : sysctl.obj (.text:SysCtlPWMClockSet)
                  000150cc    00000014     stk.aem4f : timer.oem4f (.text:TimerFree)
                  000150e0    00000014     driverlib.lib : uart.obj (.text:UARTEnable)
                  000150f4    00000014     roveTCPSocket.obj (.text:connect)
                  00015108    00000014     rtsv7M4_T_le_v4SPD16_eabi.lib : _lock.obj (.text)
                  0001511c    00000014                                   : strlen.obj (.text)
                  00015130    00000014     roveTCPSocket.obj (.text:socket)
                  00015144    00000014     tivaRTSC_JS_pem4f.oem4f (.text:ti_ndk_config_global_taskExitHook)
                  00015158    00000014     tivaRTSC_JS_pem4f.oem4f (.text:ti_sysbios_family_arm_m3_Hwi_Object__get__S)
                  0001516c    00000014     sysbios.aem4f : BIOS.obj (.text:ti_sysbios_family_arm_m3_Hwi_switchFromBootStack__E)
                  00015180    00000014     tivaRTSC_JS_pem4f.oem4f (.text:ti_sysbios_heaps_HeapMem_Object__get__S)
                  00015194    00000014     tivaRTSC_JS_pem4f.oem4f (.text:ti_sysbios_knl_Swi_Object__get__S)
                  000151a8    00000014     tivaRTSC_JS_pem4f.oem4f (.text:ti_sysbios_knl_Task_Object__first__S)
                  000151bc    00000014     tivaRTSC_JS_pem4f.oem4f (.text:ti_sysbios_knl_Task_Object__next__S)
                  000151d0    00000012     driverlib.lib : gpio.obj (.text:GPIOPinTypeEthernetLED)
                  000151e2    00000012                   : gpio.obj (.text:GPIOPinTypePWM)
                  000151f4    00000012                   : gpio.obj (.text:GPIOPinTypeUART)
                  00015206    00000012                   : pwm.obj (.text:PWMGenPeriodGet)
                  00015218    00000012                   : pwm.obj (.text:PWMOutputInvert)
                  0001522a    00000012                   : pwm.obj (.text:PWMOutputState)
                  0001523c    00000012     stk.aem4f : sockprot.oem4f (.text:SockPrAttach)
                  0001524e    00000012               : sockint.oem4f (.text:SockSetOOBData)
                  00015260    00000012     rtsv7M4_T_le_v4SPD16_eabi.lib : copy_zero_init.obj (.text:decompress:ZI)
                  00015272    00000012     nettool_ipv4.aem4f : inetaddr.oem4f (.text:inet_addr)
                  00015284    00000012     rtsv7M4_T_le_v4SPD16_eabi.lib : xdclass.obj (.text)
                  00015296    00000012     sysbios.aem4f : BIOS.obj (.text:ti_sysbios_hal_Hwi_Module_startup__E)
                  000152a8    00000012                   : BIOS.obj (.text:ti_sysbios_knl_Semaphore_reset__E)
                  000152ba    00000012     tivaRTSC_JS_pem4f.oem4f (.text:xdc_runtime_Startup_exec__I)
                  000152cc    00000010     tivaRTSC_JS_pem4f.oem4f (.text:.bootCodeSection:ti_catalog_arm_cortexm4_tiva_ce_Boot_init__I)
                  000152dc    00000010     stk.aem4f : bind.oem4f (.text:BindIF2IPHost)
                  000152ec    00000010               : bind.oem4f (.text:BindIFNet2IPHost)
                  000152fc    00000010     driverlib.lib : emac.obj (.text:EMACFrameFilterSet)
                  0001530c    00000010     stk.aem4f : exec.oem4f (.text:ExecHRef)
                  0001531c    00000010     netctrl_min_ipv4.aem4f : netctrl.oem4f (.text:NC_IPUpdate)
                  0001532c    00000010     stk.aem4f : nimu.oem4f (.text:NIMUGetRsvdSizeInfo)
                  0001533c    00000010     driverlib.lib : pwm.obj (.text:PWMGenPeriodSet)
                  0001534c    00000010     drivers_tivaware.aem4f : PWM.oem4f (.text:PWM_Params_init)
                  0001535c    00000010     rtsv7M4_T_le_v4SPD16_eabi.lib : strcpy.obj (.text)
                  0001536c    00000010     sysbios.aem4f : BIOS.obj (.text:ti_sysbios_BIOS_getCpuFreq__E)
                  0001537c    00000010                   : BIOS.obj (.text:ti_sysbios_BIOS_setThreadType__E)
                  0001538c    00000010                   : BIOS.obj (.text:ti_sysbios_BIOS_start__E)
                  0001539c    00000010                   : m3_TaskSupport_asm.obj (.text:ti_sysbios_family_arm_m3_TaskSupport_glue)
                  000153ac    00000010                   : BIOS.obj (.text:ti_sysbios_gates_GateMutex_Instance_finalize__E)
                  000153bc    00000010     tivaRTSC_JS_pem4f.oem4f (.text:ti_sysbios_knl_Mailbox_Object__get__S)
                  000153cc    00000010     sysbios.aem4f : BIOS.obj (.text:ti_sysbios_knl_Semaphore_Instance_finalize__E)
                  000153dc    00000010                   : BIOS.obj (.text:ti_sysbios_knl_Swi_disable__E)
                  000153ec    00000010     tivaRTSC_JS_pem4f.oem4f (.text:ti_sysbios_knl_Task_Object__get__S)
                  000153fc    00000010     sysbios.aem4f : BIOS.obj (.text:ti_sysbios_knl_Task_disable__E)
                  0001540c    00000010                   : BIOS.obj (.text:ti_sysbios_knl_Task_getIdleTask__E)
                  0001541c    00000010     ti.targets.arm.rtsarm.aem4f : Gate.oem4f (.text:xdc_runtime_Gate_leaveSystem__E)
                  0001542c    00000010                                 : Memory.oem4f (.text:xdc_runtime_Memory_free__E)
                  0001543c    00000010                                 : SysMin.oem4f (.text:xdc_runtime_SysMin_ready__E)
                  0001544c    00000010                                 : System.oem4f (.text:xdc_runtime_System_vsnprintf__E)
                  0001545c    00000010     tivaRTSC_JS_pem4f.oem4f (.text:xdc_runtime_Text_visitRope__I)
                  0001546c    0000000e     drivers_tivaware.aem4f : EMACSnow.oem4f (.text:EMACSnow_emacioctl)
                  0001547a    0000000e     stk.aem4f : exec.oem4f (.text:ExecLowResource)
                  00015488    0000000e     driverlib.lib : uart.obj (.text:UARTCharGetNonBlocking)
                  00015496    0000000e                   : uart.obj (.text:UARTCharPutNonBlocking)
                  000154a4    0000000e     rtsv7M4_T_le_v4SPD16_eabi.lib : copy_decompress_none.obj (.text:decompress:none)
                  000154b2    0000000e     sysbios.aem4f : BIOS.obj (.text:ti_sysbios_knl_Queue_empty__E)
                  000154c0    0000000c     stk.aem4f : bind.oem4f (.text:BindGetFirst)
                  000154cc    0000000c     nettool_ipv4.aem4f : config.oem4f (.text:CfgSetDefault)
                  000154d8    0000000c     os.aem4f : task.oem4f (.text:NDK_hookInit)
                  000154e4    0000000c     stk.aem4f : nimu.oem4f (.text:NIMUSetRsvdSizeInfo)
                  000154f0    0000000c     os.aem4f : task.oem4f (.text:NotifyLowResource)
                  000154fc    0000000c     stk.aem4f : pbm.oem4f (.text:PBM_close)
                  00015508    0000000c     driverlib.lib : pwm.obj (.text:PWMGenDisable)
                  00015514    0000000c                   : pwm.obj (.text:PWMGenEnable)
                  00015520    0000000c     os.aem4f : semaphore.oem4f (.text:SemDelete)
                  0001552c    0000000c     hal_timer_bios.aem4f : lltimer.oem4f (.text:_llTimerShutdown)
                  00015538    0000000c     roveDeviceTemplate_Thread.obj (.text:close)
                  00015544    0000000c     hal_timer_bios.aem4f : lltimer.oem4f (.text:llTimerGetStartTime)
                  00015550    0000000c     sysbios.aem4f : BIOS.obj (.text:ti_sysbios_BIOS_getThreadType__E)
                  0001555c    0000000c                   : BIOS.obj (.text:ti_sysbios_family_arm_lm4_Timer_getMaxTicks__E)
                  00015568    0000000c     tivaRTSC_JS_pem4f.oem4f (.text:ti_sysbios_family_arm_m3_Hwi_Params__init__S)
                  00015574    0000000c     sysbios.aem4f : BIOS.obj (.text:ti_sysbios_family_arm_m3_Hwi_disableFxn__E)
                  00015580    0000000c                   : BIOS.obj (.text:ti_sysbios_family_arm_m3_TaskSupport_checkStack__E)
                  0001558c    0000000c                   : BIOS.obj (.text:ti_sysbios_family_arm_m3_TaskSupport_getStackAlignment__E)
                  00015598    0000000c                   : BIOS.obj (.text:ti_sysbios_gates_GateHwi_enter__E)
                  000155a4    0000000c     tivaRTSC_JS_pem4f.oem4f (.text:ti_sysbios_knl_Clock_Params__init__S)
                  000155b0    0000000c     sysbios.aem4f : BIOS.obj (.text:ti_sysbios_knl_Clock_getTicks__E)
                  000155bc    0000000c     tivaRTSC_JS_pem4f.oem4f (.text:ti_sysbios_knl_Queue_Object__get__S)
                  000155c8    0000000c     tivaRTSC_JS_pem4f.oem4f (.text:ti_sysbios_knl_Semaphore_Params__init__S)
                  000155d4    0000000c     tivaRTSC_JS_pem4f.oem4f (.text:ti_sysbios_knl_Task_Params__init__S)
                  000155e0    0000000c     sysbios.aem4f : BIOS.obj (.text:ti_sysbios_knl_Task_self__E)
                  000155ec    0000000c     ti.targets.arm.rtsarm.aem4f : Error.oem4f (.text:xdc_runtime_Error_init__E)
                  000155f8    0000000c                                 : Gate.oem4f (.text:xdc_runtime_Gate_enterSystem__E)
                  00015604    0000000c                                 : Memory.oem4f (.text:xdc_runtime_Memory_calloc__E)
                  00015610    0000000c                                 : Memory.oem4f (.text:xdc_runtime_Memory_getMaxDefaultTypeAlign__E)
                  0001561c    0000000a     driverlib.lib : uart.obj (.text:UARTCharGet)
                  00015626    0000000a                   : uart.obj (.text:UARTCharPut)
                  00015630    0000000a                   : uart.obj (.text:UARTIntDisable)
                  0001563a    0000000a                   : uart.obj (.text:UARTIntStatus)
                  00015644    0000000a     stk.aem4f : file.oem4f (.text:fdint_signalevent)
                  0001564e    0000000a               : file.oem4f (.text:fdint_signaltimeout)
                  00015658    0000000a     tivaRTSC_JS_pem4f.oem4f (.text:xdc_runtime_IHeap_alloc)
                  00015662    0000000a     tivaRTSC_JS_pem4f.oem4f (.text:xdc_runtime_IHeap_free)
                  0001566c    00000008     driverlib.lib : emac.obj (.text:EMACTxDMAPollDemand)
                  00015674    00000008     stk.aem4f : node.oem4f (.text:NodeFree)
                  0001567c    00000008     os.aem4f : task.oem4f (.text:TaskBlock)
                  00015684    00000008     driverlib.lib : uart.obj (.text:UARTIntEnable)
                  0001568c    00000008     drivers_tivaware.aem4f : UARTTiva.oem4f (.text:UARTTiva_init)
                  00015694    00000008                            : UARTTiva.oem4f (.text:readSemCallback)
                  0001569c    00000008     sysbios.aem4f : BIOS.obj (.text:ti_sysbios_family_arm_lm4_Timer_masterDisable__I)
                  000156a4    00000008                   : BIOS.obj (.text:ti_sysbios_family_arm_m3_Hwi_doSwiRestore__I)
                  000156ac    00000008                   : BIOS.obj (.text:ti_sysbios_family_arm_m3_Hwi_startup__E)
                  000156b4    00000008                   : BIOS.obj (.text:ti_sysbios_knl_Idle_loop__E)
                  000156bc    00000008                   : BIOS.obj (.text:ti_sysbios_knl_Task_getHookContext__E)
                  000156c4    00000008                   : BIOS.obj (.text:ti_sysbios_knl_Task_setHookContext__E)
                  000156cc    00000008     drivers_tivaware.aem4f : UARTTiva.oem4f (.text:writeSemCallback)
                  000156d4    00000006     driverlib.lib : emac.obj (.text:EMACRxDMADescriptorListSet)
                  000156da    00000006                   : emac.obj (.text:EMACTxDMADescriptorListSet)
                  000156e0    00000006                   : sysctl.obj (.text:SysCtlDelay)
                  000156e6    00000006     stk.aem4f : tcpprot.oem4f (.text:TcpPrRecv)
                  000156ec    00000006     driverlib.lib : uart.obj (.text:UARTFIFOLevelSet)
                  000156f2    00000006     drivers_tivaware.aem4f : UARTTiva.oem4f (.text:UARTTiva_control)
                  000156f8    00000006     ti.targets.arm.rtsarm.aem4f : xdc_noinit.oem4f (.text:__xdc__init)
                  000156fe    00000006     rtsv7M4_T_le_v4SPD16_eabi.lib : copy_decompress_rle.obj (.text:decompress:rle24)
                  00015704    00000006     sysbios.aem4f : BIOS.obj (.text:ti_sysbios_family_arm_m3_Hwi_restoreFxn__E)
                  0001570a    00000006                   : BIOS.obj (.text:ti_sysbios_gates_GateHwi_leave__E)
                  00015710    00000006                   : BIOS.obj (.text:ti_sysbios_heaps_HeapMem_isBlocking__E)
                  00015716    00000006                   : BIOS.obj (.text:ti_sysbios_knl_Queue_Instance_init__E)
                  0001571c    00000006     ti.targets.arm.rtsarm.aem4f : System.oem4f (.text:xdc_runtime_System_Module_startup__E)
                  00015722    00000004     stk.aem4f : bind.oem4f (.text:BindGetIF)
                  00015726    00000004               : bind.oem4f (.text:BindGetNext)
                  0001572a    00000004     os.aem4f : ossys.oem4f (.text:NDK_vsprintf)
                  0001572e    00000004     stk.aem4f : node.oem4f (.text:NodeSetRt)
[...]
000155d5   ti_sysbios_knl_Task_Params__init__S
000155e1   ti_sysbios_knl_Task_self__E
000155ed   xdc_runtime_Error_init__E
000155f9   xdc_runtime_Gate_enterSystem__E
00015605   xdc_runtime_Memory_calloc__E
00015611   xdc_runtime_Memory_getMaxDefaultTypeAlign__E
0001561d   UARTCharGet
00015627   UARTCharPut
00015631   UARTIntDisable
0001563b   UARTIntStatus
00015645   fdint_signalevent
0001564f   fdint_signaltimeout
0001566d   EMACTxDMAPollDemand
0001567d   TaskBlock
00015685   UARTIntEnable
0001568d   UARTTiva_init
0001569d   ti_sysbios_family_arm_lm4_Timer_masterDisable__I
000156a5   ti_sysbios_family_arm_m3_Hwi_doSwiRestore__I
000156ad   ti_sysbios_family_arm_m3_Hwi_startup__E
000156ad   ti_sysbios_hal_Hwi_HwiProxy_startup__E
000156ad   ti_sysbios_hal_Hwi_startup__E
000156b5   ti_sysbios_knl_Idle_loop__E
000156bd   ti_sysbios_knl_Task_getHookContext__E
000156c5   ti_sysbios_knl_Task_setHookContext__E
000156d5   EMACRxDMADescriptorListSet
000156db   EMACTxDMADescriptorListSet
000156e1   SysCtlDelay
000156e7   TcpPrRecv
000156ed   UARTFIFOLevelSet
000156f3   UARTTiva_control
000156f9   __xdc__init
000156ff   __TI_decompress_rle24
00015705   OEMSysCritOff
00015705   ti_sysbios_family_arm_m3_Hwi_restoreFxn__E
00015705   ti_sysbios_hal_Hwi_HwiProxy_restore__E
00015705   ti_sysbios_hal_Hwi_restore__E
0001570b   ti_sysbios_gates_GateHwi_leave__E
00015711   ti_sysbios_heaps_HeapMem_isBlocking__E
00015717   ti_sysbios_knl_Queue_Instance_init__E
0001571d   xdc_runtime_System_Module_startup__E
00015723   BindGetIF
00015727   BindGetNext
0001572b   NDK_vsprintf
0001572f   NodeSetRt
00015733   RawEthSockPrAttach
00015737   RawEthSockPrDetach
0001573b   SemPend
0001573f   SemPost
00015743   SemReset
00015747   TaskSelf
0001574b   TaskSetPri
0001574f   UARTIntClear
00015753   _llSerialInit
00015757   list_get_head
0001575b   list_get_next
0001575f   ti_sysbios_BIOS_RtsGateProxy_enter__E
00015763   ti_sysbios_BIOS_RtsGateProxy_leave__E
00015767   ti_sysbios_family_arm_lm4_Timer_masterEnable__I
0001576b   ti_sysbios_family_arm_m3_Hwi_delete
0001576f   ti_sysbios_family_arm_m3_Hwi_destruct
00015773   ti_sysbios_family_arm_m3_TaskSupport_Module__startupDone__S
00015777   ti_sysbios_gates_GateHwi_query__E
00015777   xdc_runtime_Main_Module_GateProxy_query__E
00015777   xdc_runtime_System_Module_GateProxy_query__E
0001577b   ti_sysbios_BIOS_RtsGateProxy_query__E
0001577b   ti_sysbios_gates_GateMutex_query__E
0001577b   ti_sysbios_heaps_HeapMem_Module_GateProxy_query__E
0001577f   ti_sysbios_hal_Hwi_HwiProxy_Module__startupDone__S
00015783   ti_sysbios_heaps_HeapMem_Module_GateProxy_enter__E
00015787   ti_sysbios_heaps_HeapMem_Module_GateProxy_leave__E
0001578b   ti_sysbios_knl_Clock_TimerProxy_Module__startupDone__S
0001578f   ti_sysbios_knl_Clock_TimerProxy_getMaxTicks__E
00015793   ti_sysbios_knl_Queue_destruct
00015797   ti_sysbios_knl_Semaphore_delete
0001579b   ti_sysbios_knl_Semaphore_destruct
0001579f   ti_sysbios_knl_Swi_delete
000157a3   ti_sysbios_knl_Task_SupportProxy_Module__startupDone__S
000157a7   ti_sysbios_knl_Task_delete
000157ab   ti_sysbios_knl_Task_startup__E
000157af   xdc_runtime_Error_getMsg__E
000157b3   xdc_runtime_Error_getSite__E
000157b7   xdc_runtime_Memory_HeapProxy_alloc__E
000157bb   xdc_runtime_Memory_HeapProxy_free__E
000157bf   xdc_runtime_System_Module_GateProxy_enter__E
000157c3   xdc_runtime_System_Module_GateProxy_leave__E
000157c7   xdc_runtime_System_aprintf_va__F
000157cb   xdc_runtime_System_printf_va__F
000157d0   xdc_runtime_Text_charTab__A
00016fd5   xdc_runtime_Error_policy__C
00016fd6   ti_catalog_arm_cortexm4_tiva_ce_Boot_Module__id__C
000170f8   _ctypes_
000171fa   ti_sysbios_family_arm_m3_Hwi_Module__id__C
000172f0   xdc_runtime_Text_nodeTab__A
00017458   gpioHWAttrs
000174d0   UART_config
000175a8   PWM_config
00017608   Code2Err
0001765c   pwmTivaHWAttrs
000176b0   uartTivaHWAttrs
0001772e   ti_sysbios_family_arm_m3_Hwi_Module__loggerDefined__C
00017730   ti_sysbios_knl_Task_Object__PARAMS__C
0001779c   ti_sysbios_family_arm_m3_Hwi_Object__PARAMS__C
000177cc   GPIO_config
00017824   UARTTiva_fxnTable
0001784c   ti_sysbios_heaps_HeapMem_Module__FXNS__C
00017874   ti_sysbios_knl_Swi_Object__PARAMS__C
0001789c   UART_defaultParams
000178c0   ti_sysbios_gates_GateHwi_Module__FXNS__C
000178e4   ti_sysbios_gates_GateMutex_Module__FXNS__C
00017908   ti_sysbios_heaps_HeapMem_Object__PARAMS__C
0001792c   ti_sysbios_knl_Clock_Object__PARAMS__C
00017950   ti_sysbios_knl_Semaphore_Object__PARAMS__C
00017974   xdc_runtime_Startup_sfxnTab__A
00017998   PWMTiva_fxnTable
000179b4   PWMTiva_MAX_PRESCALAR
000179b6   PWMTiva_MAX_MATCH_VALUE
000179b8   ti_sysbios_family_arm_m3_Hwi_Object__DESC__C
000179d8   ti_sysbios_gates_GateHwi_Object__DESC__C
000179f8   ti_sysbios_gates_GateMutex_Object__DESC__C
00017a18   ti_sysbios_heaps_HeapMem_Object__DESC__C
00017a38   ti_sysbios_knl_Clock_Object__DESC__C
00017a58   ti_sysbios_knl_Queue_Object__DESC__C
00017a78   ti_sysbios_knl_Semaphore_Object__DESC__C
00017a98   ti_sysbios_knl_Swi_Object__DESC__C
00017ab8   ti_sysbios_knl_Task_Object__DESC__C
00017ad8   ti_ndk_config_Global_rawPageSize
00017adc   ti_ndk_config_Global_rawPageCount
00017ae0   ti_ndk_config_Global_smallest
00017ae4   ti_ndk_config_Global_largest
00017ae8   ti_ndk_config_Global_numFrameBuf
00017aec   ti_ndk_config_Global_sizeFrameBuf
00017af0   roveDeviceTemplateThreadTask
00017af4   EMAC_config
00017b24   ti_sysbios_gates_GateHwi_Object__PARAMS__C
00017b3c   ti_sysbios_gates_GateMutex_Object__PARAMS__C
00017b54   ti_sysbios_knl_Queue_Object__PARAMS__C
00017b6c   ti_sysbios_knl_Task_hooks__A
00017b84   xdc_runtime_Startup_firstFxns__A
00017b98   xdc_runtime_Startup_sfxnRts__A
00017bbc   PWM_defaultParams
00017bc8   emacHWAttrs
00017bdc   EMACSnow_fxnTable
00017be4   ti_sysbios_family_arm_m3_Hwi_excHookFuncs__A
00017bec   ti_sysbios_knl_Idle_funcList__A
00017bf4   ti_sysbios_knl_Idle_funcList__C
00017bfc   ti_sysbios_knl_Task_hooks__C
00017c04   xdc_runtime_Startup_firstFxns__C
00017c0c   xdc_runtime_Startup_lastFxns__C
00017c14   ti_catalog_arm_cortexm4_tiva_ce_Boot_A_mustNotUseEnhancedClockMode__C
00017c18   ti_catalog_arm_cortexm4_tiva_ce_Boot_Module__diagsEnabled__C
00017c1c   ti_catalog_arm_cortexm4_tiva_ce_Boot_Module__diagsIncluded__C
00017c20   ti_catalog_arm_cortexm4_tiva_ce_Boot_Module__diagsMask__C
00017c24   ti_sysbios_family_arm_lm4_Timer_enableFunc__C
00017c28   ti_sysbios_family_arm_lm4_Timer_numTimerDevices__C
00017c2c   ti_sysbios_family_arm_lm4_Timer_startupNeeded__C
00017c30   ti_sysbios_family_arm_m3_Hwi_E_NMI__C
00017c34   ti_sysbios_family_arm_m3_Hwi_E_alreadyDefined__C
00017c38   ti_sysbios_family_arm_m3_Hwi_E_busFault__C
00017c3c   ti_sysbios_family_arm_m3_Hwi_E_debugMon__C
00017c40   ti_sysbios_family_arm_m3_Hwi_E_hardFault__C
00017c44   ti_sysbios_family_arm_m3_Hwi_E_memFault__C
00017c48   ti_sysbios_family_arm_m3_Hwi_E_noIsr__C
00017c4c   ti_sysbios_family_arm_m3_Hwi_E_reserved__C
00017c50   ti_sysbios_family_arm_m3_Hwi_E_svCall__C
00017c54   ti_sysbios_family_arm_m3_Hwi_E_usageFault__C
00017c58   ti_sysbios_family_arm_m3_Hwi_LD_end__C
00017c5c   ti_sysbios_family_arm_m3_Hwi_LM_begin__C
00017c60   ti_sysbios_family_arm_m3_Hwi_Module__diagsEnabled__C
00017c64   ti_sysbios_family_arm_m3_Hwi_Module__diagsIncluded__C
00017c68   ti_sysbios_family_arm_m3_Hwi_Module__diagsMask__C
00017c6c   ti_sysbios_family_arm_m3_Hwi_Module__loggerFxn1__C
00017c70   ti_sysbios_family_arm_m3_Hwi_Module__loggerFxn8__C
00017c74   ti_sysbios_family_arm_m3_Hwi_Module__loggerObj__C
00017c78   ti_sysbios_family_arm_m3_Hwi_NUM_INTERRUPTS__C
00017c7c   ti_sysbios_family_arm_m3_Hwi_Object__count__C
00017c80   ti_sysbios_family_arm_m3_Hwi_ccr__C
00017c84   ti_sysbios_family_arm_m3_Hwi_excHandlerFunc__C
00017c88   ti_sysbios_family_arm_m3_Hwi_excHookFuncs__C
00017c8c   ti_sysbios_family_arm_m3_Hwi_nullIsrFunc__C
00017c90   ti_sysbios_family_arm_m3_Hwi_priGroup__C
00017c94   ti_sysbios_family_arm_m3_TaskSupport_stackAlignment__C
00017c98   ti_sysbios_gates_GateMutex_A_badContext__C
00017c9c   ti_sysbios_gates_GateMutex_Instance_State_sem__O
00017ca0   ti_sysbios_gates_GateMutex_Module__diagsEnabled__C
00017ca4   ti_sysbios_gates_GateMutex_Module__diagsIncluded__C
00017ca8   ti_sysbios_gates_GateMutex_Module__diagsMask__C
00017cac   ti_sysbios_hal_Hwi_E_stackOverflow__C
00017cb0   ti_sysbios_heaps_HeapMem_A_align__C
00017cb4   ti_sysbios_heaps_HeapMem_A_heapSize__C
00017cb8   ti_sysbios_heaps_HeapMem_A_invalidFree__C
00017cbc   ti_sysbios_heaps_HeapMem_A_zeroBlock__C
00017cc0   ti_sysbios_heaps_HeapMem_E_memory__C
00017cc4   ti_sysbios_heaps_HeapMem_Module__diagsEnabled__C
00017cc8   ti_sysbios_heaps_HeapMem_Module__diagsIncluded__C
00017ccc   ti_sysbios_heaps_HeapMem_Module__diagsMask__C
00017cd0   ti_sysbios_heaps_HeapMem_Module__gateObj__C
00017cd4   ti_sysbios_heaps_HeapMem_Object__count__C
00017cd8   ti_sysbios_heaps_HeapMem_reqAlign__C
00017cdc   ti_sysbios_knl_Clock_A_badThreadType__C
00017ce0   ti_sysbios_knl_Clock_LM_begin__C
00017ce4   ti_sysbios_knl_Clock_LM_tick__C
00017ce8   ti_sysbios_knl_Clock_LW_delayed__C
00017cec   ti_sysbios_knl_Clock_Module_State_clockQ__O
00017cf0   ti_sysbios_knl_Clock_Module__diagsEnabled__C
00017cf4   ti_sysbios_knl_Clock_Module__diagsIncluded__C
00017cf8   ti_sysbios_knl_Clock_Module__diagsMask__C
00017cfc   ti_sysbios_knl_Clock_Module__loggerFxn1__C
00017d00   ti_sysbios_knl_Clock_Module__loggerFxn2__C
00017d04   ti_sysbios_knl_Clock_Module__loggerObj__C
00017d08   ti_sysbios_knl_Mailbox_Instance_State_freeQue__O
00017d0c   ti_sysbios_knl_Mailbox_Object__count__C
00017d10   ti_sysbios_knl_Mailbox_maxTypeAlign__C
00017d14   ti_sysbios_knl_Semaphore_A_badContext__C
00017d18   ti_sysbios_knl_Semaphore_A_noEvents__C
00017d1c   ti_sysbios_knl_Semaphore_A_overflow__C
00017d20   ti_sysbios_knl_Semaphore_A_pendTaskDisabled__C
00017d24   ti_sysbios_knl_Semaphore_Instance_State_pendQ__O
00017d28   ti_sysbios_knl_Semaphore_LM_pend__C
00017d2c   ti_sysbios_knl_Semaphore_LM_post__C
00017d30   ti_sysbios_knl_Semaphore_Module__diagsEnabled__C
00017d34   ti_sysbios_knl_Semaphore_Module__diagsIncluded__C
00017d38   ti_sysbios_knl_Semaphore_Module__diagsMask__C
00017d3c   ti_sysbios_knl_Semaphore_Module__loggerFxn2__C
00017d40   ti_sysbios_knl_Semaphore_Module__loggerFxn4__C
00017d44   ti_sysbios_knl_Semaphore_Module__loggerObj__C
00017d48   ti_sysbios_knl_Swi_A_badPriority__C
00017d4c   ti_sysbios_knl_Swi_LD_end__C
00017d50   ti_sysbios_knl_Swi_LM_begin__C
00017d54   ti_sysbios_knl_Swi_LM_post__C
00017d58   ti_sysbios_knl_Swi_Module__diagsEnabled__C
00017d5c   ti_sysbios_knl_Swi_Module__diagsIncluded__C
00017d60   ti_sysbios_knl_Swi_Module__diagsMask__C
00017d64   ti_sysbios_knl_Swi_Module__loggerFxn1__C
00017d68   ti_sysbios_knl_Swi_Module__loggerFxn4__C
00017d6c   ti_sysbios_knl_Swi_Module__loggerObj__C
00017d70   ti_sysbios_knl_Swi_Object__count__C
00017d74   ti_sysbios_knl_Task_A_badPriority__C
00017d78   ti_sysbios_knl_Task_A_badTaskState__C
00017d7c   ti_sysbios_knl_Task_A_badThreadType__C
00017d80   ti_sysbios_knl_Task_A_badTimeout__C
00017d84   ti_sysbios_knl_Task_A_noPendElem__C
00017d88   ti_sysbios_knl_Task_A_sleepTaskDisabled__C
00017d8c   ti_sysbios_knl_Task_E_deleteNotAllowed__C
00017d90   ti_sysbios_knl_Task_E_spOutOfBounds__C
00017d94   ti_sysbios_knl_Task_E_stackOverflow__C
00017d98   ti_sysbios_knl_Task_LD_block__C
00017d9c   ti_sysbios_knl_Task_LD_exit__C
00017da0   ti_sysbios_knl_Task_LD_ready__C
00017da4   ti_sysbios_knl_Task_LM_setPri__C
00017da8   ti_sysbios_knl_Task_LM_sleep__C
00017dac   ti_sysbios_knl_Task_LM_switch__C
00017db0   ti_sysbios_knl_Task_Module_State_inactiveQ__O
00017db4   ti_sysbios_knl_Task_Module_State_terminatedQ__O
00017db8   ti_sysbios_knl_Task_Module__diagsEnabled__C
00017dbc   ti_sysbios_knl_Task_Module__diagsIncluded__C
00017dc0   ti_sysbios_knl_Task_Module__diagsMask__C
00017dc4   ti_sysbios_knl_Task_Module__loggerFxn2__C
00017dc8   ti_sysbios_knl_Task_Module__loggerFxn4__C
00017dcc   ti_sysbios_knl_Task_Module__loggerObj__C
00017dd0   ti_sysbios_knl_Task_Object__count__C
00017dd4   ti_sysbios_knl_Task_Object__heap__C
00017dd8   ti_sysbios_knl_Task_allBlockedFunc__C
00017ddc   ti_sysbios_knl_Task_defaultStackHeap__C
00017de0   ti_sysbios_knl_Task_defaultStackSize__C
00017de4   ti_sysbios_knl_Task_numConstructedTasks__C
00017de8   xdc_runtime_Assert_E_assertFailed__C
00017dec   xdc_runtime_Core_A_initializedParams__C
00017df0   xdc_runtime_Core_Module__diagsEnabled__C
00017df4   xdc_runtime_Core_Module__diagsIncluded__C
00017df8   xdc_runtime_Core_Module__diagsMask__C
00017dfc   xdc_runtime_Error_E_memory__C
00017e00   xdc_runtime_Error_Module__diagsEnabled__C
00017e04   xdc_runtime_Error_Module__diagsIncluded__C
00017e08   xdc_runtime_Error_Module__diagsMask__C
00017e0c   xdc_runtime_Error_Module__loggerFxn8__C
00017e10   xdc_runtime_Error_Module__loggerObj__C
00017e14   xdc_runtime_Error_policyFxn__C
00017e18   xdc_runtime_Error_raiseHook__C
00017e1c   xdc_runtime_IGateProvider_Interface__BASE__C
00017e20   xdc_runtime_IHeap_Interface__BASE__C
00017e24   xdc_runtime_IModule_Interface__BASE__C
00017e28   xdc_runtime_Log_L_error__C
00017e2c   xdc_runtime_Memory_defaultHeapInstance__C
00017e30   xdc_runtime_Startup_execImpl__C
00017e34   xdc_runtime_Startup_maxPasses__C
00017e38   xdc_runtime_Startup_sfxnRts__C
00017e3c   xdc_runtime_Startup_sfxnTab__C
00017e40   xdc_runtime_SysMin_bufSize__C
00017e44   xdc_runtime_SysMin_outputFunc__C
00017e48   xdc_runtime_System_Module__gateObj__C
00017e4c   xdc_runtime_System_abortFxn__C
00017e50   xdc_runtime_System_exitFxn__C
00017e54   xdc_runtime_System_extendFxn__C
00017e58   xdc_runtime_System_maxAtexitHandlers__C
00017e5c   xdc_runtime_Text_charTab__C
00017e60   xdc_runtime_Text_nameEmpty__C
00017e64   xdc_runtime_Text_nameStatic__C
00017e68   xdc_runtime_Text_nameUnknown__C
00017e6c   xdc_runtime_Text_nodeTab__C
00017e70   xdc_runtime_Text_visitRopeFxn__C
00017e74   ti_sysbios_gates_GateMutex_Module__id__C
00017e76   ti_sysbios_hal_Hwi_Module__id__C
00017e78   ti_sysbios_heaps_HeapMem_Module__id__C
00017e7a   ti_sysbios_knl_Clock_Module__id__C
00017e7c   ti_sysbios_knl_Clock_Module__loggerDefined__C
00017e7e   ti_sysbios_knl_Semaphore_Module__id__C
00017e80   ti_sysbios_knl_Semaphore_Module__loggerDefined__C
00017e82   ti_sysbios_knl_Swi_Module__id__C
00017e84   ti_sysbios_knl_Swi_Module__loggerDefined__C
00017e86   ti_sysbios_knl_Task_Module__id__C
00017e88   ti_sysbios_knl_Task_Module__loggerDefined__C
00017e8a   ti_sysbios_knl_Task_initStackFlag__C
00017e8c   xdc_runtime_Core_Module__id__C
00017e8e   xdc_runtime_Error_Module__loggerDefined__C
00017e90   xdc_runtime_Error_maxDepth__C
00017e92   xdc_runtime_Memory_Module__id__C
00017e94   xdc_runtime_SysMin_flushAtExit__C
00017e96   xdc_runtime_Text_charCnt__C
00017e98   xdc_runtime_Text_isLoaded__C
00017e9a   xdc_runtime_Text_registryModsLastId__C
00017e9c   xdc_runtime_Text_unnamedModsLastId__C
000184f8   __TI_Handler_Table_Base
00018504   __TI_Handler_Table_Limit
00018518   __TI_CINIT_Base
00018530   __TI_CINIT_Limit
20000000   ti_sysbios_family_arm_m3_Hwi_ramVectors
20000380   ti_sysbios_heaps_HeapMem_Instance_State_0_buf__A
20005380   ti_ndk_config_Global_pit
20005428   ti_ndk_config_Global_pitBuffer
20009c28   _ICMPIn
20009c74   PBMQ_free
20009c80   ti_ndk_config_Global_pBufMem
2000d880   ti_ndk_config_Global_pHdrMem
2000db78   ti_sysbios_knl_Task_Instance_State_0_stack__A
2000e378   ti_sysbios_knl_Task_Instance_State_1_stack__A
2000e978   ti_sysbios_knl_Task_Instance_State_2_stack__A
2000ec78   uartTivaObjects
2000f0b8   ti_sysbios_family_arm_m3_Hwi_dispatchTable
2000f418   __CIOBUF_
2000f638   tcps
2000f7a4   __TI_tmpnams
2000f964   xdc_runtime_SysMin_Module_State_0_outbuf__A
2000f9e4   ips
2000fa4c   nimu_mcb
2000faac   _ICMPOut
2000fb38   pwmTivaObjects
2000fb70   vlan_mcb
2000fbbc   udps
2000fbe0   BlockCount
2000fbfc   BlockMax
2000fc18   PageCount
2000fc34   PageMax
2000fc50   stkEvent
2000fc8c   raweths
2000fc9c   raws
2000fcac   tpseudo
2000fcb8   upseudo
2000fcc4   emacObjects
2000fcf8   _IGMPInDiscard
2000fcfc   _IGMPInQuery
2000fd00   _IGMPInQueryGroup
2000fd04   _IGMPInResponse
2000fd08   _IGMPOutResponse
2000fd0c   g_ulStatus
2000fd1c   pwm_1
2000fd20   pwm_2
2000fd24   pwm_3
2000fd28   pwm_4
2000fd2c   pwm_5
2000fd30   pwm_6
2000fd34   raweth_pcb
2000fd38   ti_sysbios_knl_Task_Instance_State_0_hookEnv__A
2000fd3c   ti_sysbios_knl_Task_Instance_State_1_hookEnv__A
2000fd40   ti_sysbios_knl_Task_Instance_State_2_hookEnv__A
2000fd44   uart_2
2000fd48   uart_3
2000fd4c   uart_4
2000fd50   uart_5
2000fd54   uart_6
2000fd58   uart_7
2000fd5c   ti_ndk_config_Global_Id2Size
2000fd78   ti_ndk_config_Global_HostName
2000fd7c   LocalIPAddr
2000fd80   LocalIPMask
2000fd84   GatewayIP
2000fd88   DomainName
2000fdcc   ti_sysbios_family_arm_lm4_Timer_Module__root__V
2000fdd4   ti_sysbios_family_arm_lm4_Timer_Module_State_0_handles__A
2000fdf4   ti_sysbios_family_arm_lm4_Timer_Module__state__V
2000fe00   ti_sysbios_family_arm_m3_Hwi_Module__root__V
2000fe08   ti_sysbios_family_arm_m3_Hwi_Object__table__V
2000fe20   ti_sysbios_family_arm_m3_Hwi_Module_State_0_excActive__A
2000fe24   ti_sysbios_family_arm_m3_Hwi_Module_State_0_excContext__A
2000fe28   ti_sysbios_family_arm_m3_Hwi_Module_State_0_excStack__A
2000fe2c   ti_sysbios_gates_GateHwi_Module__root__V
2000fe34   ti_sysbios_gates_GateHwi_Object__table__V
2000fe38   ti_sysbios_gates_GateMutex_Module__root__V
2000fe40   ti_sysbios_hal_Hwi_Module__root__V
2000fe48   ti_sysbios_heaps_HeapMem_Module__root__V
2000fe50   ti_sysbios_heaps_HeapMem_Object__table__V
2000fe68   ti_sysbios_knl_Clock_Module__root__V
2000fe70   ti_sysbios_knl_Event_Module__root__V
2000fe78   ti_sysbios_knl_Mailbox_Module__root__V
2000fe80   ti_sysbios_knl_Queue_Module__root__V
2000fe88   ti_sysbios_knl_Semaphore_Module__root__V
2000fe90   ti_sysbios_knl_Swi_Module__root__V
2000fe98   ti_sysbios_knl_Swi_Module__state__V
2000feb4   ti_sysbios_knl_Task_Module__root__V
2000febc   ti_sysbios_knl_Task_Module_State_0_idleTask__A
2000fec0   xdc_runtime_Error_Module__state__V
2000fec4   xdc_runtime_Memory_Module__state__V
2000fec8   xdc_runtime_Registry_Module__state__V
2000fed0   xdc_runtime_Startup_Module__state__V
2000fed8   xdc_runtime_SysMin_Module__state__V
2000fee4   xdc_runtime_System_Module_State_0_atexitHandlers__A
2000ff04   xdc_runtime_System_Module__state__V
2000ff0c   xdc_runtime_Text_Module__state__V
2000ff14   __xdc__init__addr
2000ff18   _ftable
20010008   ti_sysbios_knl_Task_Object__table__V
200100a0   TSK_idle
200101bc   _ipcfg
20010270   ti_sysbios_knl_Swi_Module_State_0_readyQ__A
200102f0   ti_sysbios_knl_Task_Module_State_0_readyQ__A
200103c0   ti_sysbios_knl_Task_Module__state__V
20010484   ti_sysbios_family_arm_lm4_Timer_Module_State_0_device__A
200104c4   ti_sysbios_family_arm_lm4_Timer_Object__table__V
20010504   ti_sysbios_gates_GateMutex_Object__table__V
20010570   ti_sysbios_family_arm_m3_Hwi_Module__state__V
200105a4   enablePrefetch
200105a8   phyCounter
20010608   ti_sysbios_knl_Swi_Object__table__V
20010638   ti_sysbios_knl_Clock_Module__state__V
20010664   pstrMsgName
2001068c   _oscfg
200106b0   PITCount
200106b4   PITUsed
200106b8   PITHigh
200106d4   ti_sysbios_BIOS_Module__state__V
20010770   __TI_ft_end
20010774   __aeabi_stdin
20010778   __aeabi_stdout
2001077c   __aeabi_stderr
20010788   _IGMPForceVersion1
2001079e   macAddress
200107a4   NIMUDeviceTable
200107bc   _lock
200107c0   _unlock
200107c4   __TI_cleanup_ptr
200107c8   __TI_dtors_ptr
200107d4   _ICMPInErrors
200107d8   _ICMPOutErrors
200107dc   _IPExecuting
200107f4   tcp_iss
200107f8   ptTimeFirst
20010824   main_func_sp
2001082c   _IPReasmPtr
2001083c   __stack
20010a3c   __STACK_TOP
2001103c   __STACK_END
e000e000   ti_sysbios_family_arm_m3_Hwi_nvic
ffffffff   __binit__
ffffffff   __c_args__
ffffffff   binit
UNDEFED    SHT$$INIT_ARRAY$$Base
UNDEFED    SHT$$INIT_ARRAY$$Limit

[1184 symbols]
