<html>
<body>
<pre>
<h1>µVision Build Log</h1>
<h2>Project:</h2>
C:\Users\Zeus\Documents\GitHub\motherboard-squad\Software\Launchpad\StellarisWare\boards\ek-lm4f120xl\freertos_demo\freertos_demo.uvproj
Project File Date:  01/17/2014

<h2>Output:</h2>
Rebuild target 'freertos_demo'
compiling buttons.c...
compiling freertos_demo.c...
compiling heap_2.c...
compiling led_task.c...
compiling list.c...
compiling port.c...
compiling queue.c...
compiling rgb.c...
assembling startup_rvmdk.S...
compiling switch_task.c...
compiling tasks.c...
compiling uartstdio.c...
compiling ustdlib.c...
linking...
Program Size: Code=6904 RO-data=680 RW-data=116 ZI-data=31012  
After Build - User command #1: fromelf --bin --output .\rvmdk\freertos_demo.bin .\rvmdk\freertos_demo.axf
".\rvmdk\freertos_demo.axf" - 0 Error(s), 0 Warning(s).
Load "C:\\Users\\Zeus\\Documents\\GitHub\\motherboard-squad\\Software\\Launchpad\\StellarisWare\\boards\\ek-lm4f120xl\\freertos_demo\\rvmdk\\freertos_demo.axf" 
Connecting: Mode=JTAG, Speed=1000000Hz
Connection failed!, error code=&d
Error: Flash Download failed  -  Target DLL has been cancelled
</pre>
</body>
</html>
