11:52:05 **** Incremental Build of configuration Debug for project lpc_chip_11cxx_lib ****
make -r all 
make: Nothing to be done for `all'.
11:52:05 **** Incremental Build of configuration Debug for project nxp_lpcxpresso_11c24_board_lib ****
make -r all 
make: Nothing to be done for `all'.
11:52:06 **** Incremental Build of configuration Debug for project nxp_lpcxpresso_11c24_periph_i2c ****
make -r all 
make: Nothing to be done for `all'.
11:52:12 **** Incremental Build of configuration Debug for project nxp_lpcxpresso_11c24_periph_i2c ****
make -r all 
make: Nothing to be done for `all'.
12:00:46 **** Incremental Build of configuration Debug for project lpc_chip_11cxx_lib ****
make -r all 
make: Nothing to be done for `all'.
12:00:46 **** Incremental Build of configuration Debug for project nxp_lpcxpresso_11c24_board_lib ****
make -r all 
make: Nothing to be done for `all'.
12:00:47 **** Incremental Build of configuration Debug for project nxp_lpcxpresso_11c24_periph_i2c ****
make -r all 
Building file: ../example/src/i2c.c
Invoking: MCU C Compiler
arm-none-eabi-gcc -D__REDLIB__ -DDEBUG -D__CODE_RED -D__USE_LPCOPEN -DCORE_M0 -I"C:\Users\milesm\Documents\LPCXpresso_7.8.0_426\workspace\nxp_lpcxpresso_11c24_periph_i2c\example\inc" -I"C:\Users\milesm\Documents\LPCXpresso_7.8.0_426\workspace\lpc_chip_11cxx_lib\inc" -I"C:\Users\milesm\Documents\LPCXpresso_7.8.0_426\workspace\nxp_lpcxpresso_11c24_board_lib\inc" -O0 -g3 -Wall -c -fmessage-length=0 -fno-builtin -ffunction-sections -fdata-sections -mcpu=cortex-m0 -mthumb -D__REDLIB__ -specs=redlib.specs -MMD -MP -MF"example/src/i2c.d" -MT"example/src/i2c.o" -MT"example/src/i2c.d" -o "example/src/i2c.o" "../example/src/i2c.c"
In file included from C:\Users\milesm\Documents\LPCXpresso_7.8.0_426\workspace\lpc_chip_11cxx_lib\inc/chip.h:232:0,
                 from C:\Users\milesm\Documents\LPCXpresso_7.8.0_426\workspace\nxp_lpcxpresso_11c24_board_lib\inc/board.h:35,
                 from ../example/src/i2c.c:34:
C:\Users\milesm\Documents\LPCXpresso_7.8.0_426\workspace\lpc_chip_11cxx_lib\inc/pmu_11xx.h:49:8: warning: missing terminating " character
 #error "LPC1125 support for the PMU driver is not ready
        ^
../example/src/i2c.c: In function 'i2c_eeprom_events':
../example/src/i2c.c:292:2: warning: enumeration value 'I2C_EVENT_WAIT' not handled in switch [-Wswitch]
  switch (event) {
  ^
../example/src/i2c.c:292:2: warning: enumeration value 'I2C_EVENT_LOCK' not handled in switch [-Wswitch]
../example/src/i2c.c:292:2: warning: enumeration value 'I2C_EVENT_UNLOCK' not handled in switch [-Wswitch]
../example/src/i2c.c: In function 'i2c_iox_events':
../example/src/i2c.c:371:22: warning: cast to pointer from integer of different size [-Wint-to-pointer-cast]
    iox_xfer.txBuff = (const uint8_t *) iox_data[0];
                      ^
../example/src/i2c.c:355:2: warning: enumeration value 'I2C_EVENT_WAIT' not handled in switch [-Wswitch]
  switch (event) {
  ^
../example/src/i2c.c:355:2: warning: enumeration value 'I2C_EVENT_LOCK' not handled in switch [-Wswitch]
../example/src/i2c.c:355:2: warning: enumeration value 'I2C_EVENT_UNLOCK' not handled in switch [-Wswitch]
Finished building: ../example/src/i2c.c
 
Building target: nxp_lpcxpresso_11c24_periph_i2c.axf
Invoking: MCU Linker
arm-none-eabi-gcc -nostdlib -L"C:\Users\milesm\Documents\LPCXpresso_7.8.0_426\workspace\nxp_lpcxpresso_11c24_board_lib\Debug" -L"C:\Users\milesm\Documents\LPCXpresso_7.8.0_426\workspace\lpc_chip_11cxx_lib\Debug" -Xlinker -Map="nxp_lpcxpresso_11c24_periph_i2c.map" -Xlinker --gc-sections -mcpu=cortex-m0 -mthumb -T "nxp_lpcxpresso_11c24_periph_i2c_Debug.ld" -o "nxp_lpcxpresso_11c24_periph_i2c.axf"  ./example/src/cr_startup_lpc11xx.o ./example/src/i2c.o ./example/src/sysinit.o   -lnxp_lpcxpresso_11c24_board_lib -llpc_chip_11cxx_lib
Finished building target: nxp_lpcxpresso_11c24_periph_i2c.axf
 
make --no-print-directory post-build
Performing post-build steps
arm-none-eabi-size "nxp_lpcxpresso_11c24_periph_i2c.axf"; # arm-none-eabi-objcopy -O binary "nxp_lpcxpresso_11c24_periph_i2c.axf" "nxp_lpcxpresso_11c24_periph_i2c.bin" ; checksum -p LPC11C24_301 -d "nxp_lpcxpresso_11c24_periph_i2c.bin";
   text	   data	    bss	    dec	    hex	filename
  21544	     32	   1048	  22624	   5860	nxp_lpcxpresso_11c24_periph_i2c.axf
 
12:00:50 **** Incremental Build of configuration Debug for project lpc_chip_11cxx_lib ****
make -r all 
make: Nothing to be done for `all'.
12:00:50 **** Incremental Build of configuration Debug for project nxp_lpcxpresso_11c24_board_lib ****
make -r all 
make: Nothing to be done for `all'.
12:00:51 **** Incremental Build of configuration Debug for project nxp_lpcxpresso_11c24_periph_i2c ****
make -r all 
make: Nothing to be done for `all'.
12:00:53 **** Incremental Build of configuration Debug for project nxp_lpcxpresso_11c24_periph_i2c ****
make -r all 
make: Nothing to be done for `all'.
12:03:12 **** Incremental Build of configuration Debug for project nxp_lpcxpresso_11c24_periph_i2c ****
make -r all 
make: Nothing to be done for `all'.
12:05:05 **** Incremental Build of configuration Debug for project nxp_lpcxpresso_11c24_periph_i2c ****
make -r all 
make: Nothing to be done for `all'.
13:40:55 **** Incremental Build of configuration Debug for project nxp_lpcxpresso_11c24_periph_i2c ****
make -r all 
Building file: ../example/src/i2c.c
Invoking: MCU C Compiler
arm-none-eabi-gcc -D__REDLIB__ -DDEBUG -D__CODE_RED -D__USE_LPCOPEN -DCORE_M0 -I"C:\Users\milesm\Documents\LPCXpresso_7.8.0_426\workspace\nxp_lpcxpresso_11c24_periph_i2c\example\inc" -I"C:\Users\milesm\Documents\LPCXpresso_7.8.0_426\workspace\lpc_chip_11cxx_lib\inc" -I"C:\Users\milesm\Documents\LPCXpresso_7.8.0_426\workspace\nxp_lpcxpresso_11c24_board_lib\inc" -O0 -g3 -Wall -c -fmessage-length=0 -fno-builtin -ffunction-sections -fdata-sections -mcpu=cortex-m0 -mthumb -D__REDLIB__ -specs=redlib.specs -MMD -MP -MF"example/src/i2c.d" -MT"example/src/i2c.o" -MT"example/src/i2c.d" -o "example/src/i2c.o" "../example/src/i2c.c"
In file included from C:\Users\milesm\Documents\LPCXpresso_7.8.0_426\workspace\lpc_chip_11cxx_lib\inc/chip.h:232:0,
                 from C:\Users\milesm\Documents\LPCXpresso_7.8.0_426\workspace\nxp_lpcxpresso_11c24_board_lib\inc/board.h:35,
                 from ../example/src/i2c.c:34:
C:\Users\milesm\Documents\LPCXpresso_7.8.0_426\workspace\lpc_chip_11cxx_lib\inc/pmu_11xx.h:49:8: warning: missing terminating " character
 #error "LPC1125 support for the PMU driver is not ready
        ^
../example/src/i2c.c: In function 'i2c_eeprom_events':
../example/src/i2c.c:292:2: warning: enumeration value 'I2C_EVENT_WAIT' not handled in switch [-Wswitch]
  switch (event) {
  ^
../example/src/i2c.c:292:2: warning: enumeration value 'I2C_EVENT_LOCK' not handled in switch [-Wswitch]
../example/src/i2c.c:292:2: warning: enumeration value 'I2C_EVENT_UNLOCK' not handled in switch [-Wswitch]
../example/src/i2c.c: In function 'i2c_iox_events':
../example/src/i2c.c:371:22: warning: cast to pointer from integer of different size [-Wint-to-pointer-cast]
    iox_xfer.txBuff = (const uint8_t *) iox_data[0];
                      ^
../example/src/i2c.c:355:2: warning: enumeration value 'I2C_EVENT_WAIT' not handled in switch [-Wswitch]
  switch (event) {
  ^
../example/src/i2c.c:355:2: warning: enumeration value 'I2C_EVENT_LOCK' not handled in switch [-Wswitch]
../example/src/i2c.c:355:2: warning: enumeration value 'I2C_EVENT_UNLOCK' not handled in switch [-Wswitch]
Finished building: ../example/src/i2c.c
 
Building target: nxp_lpcxpresso_11c24_periph_i2c.axf
Invoking: MCU Linker
arm-none-eabi-gcc -nostdlib -L"C:\Users\milesm\Documents\LPCXpresso_7.8.0_426\workspace\nxp_lpcxpresso_11c24_board_lib\Debug" -L"C:\Users\milesm\Documents\LPCXpresso_7.8.0_426\workspace\lpc_chip_11cxx_lib\Debug" -Xlinker -Map="nxp_lpcxpresso_11c24_periph_i2c.map" -Xlinker --gc-sections -mcpu=cortex-m0 -mthumb -T "nxp_lpcxpresso_11c24_periph_i2c_Debug.ld" -o "nxp_lpcxpresso_11c24_periph_i2c.axf"  ./example/src/cr_startup_lpc11xx.o ./example/src/i2c.o ./example/src/sysinit.o   -lnxp_lpcxpresso_11c24_board_lib -llpc_chip_11cxx_lib
Finished building target: nxp_lpcxpresso_11c24_periph_i2c.axf
 
make --no-print-directory post-build
Performing post-build steps
arm-none-eabi-size "nxp_lpcxpresso_11c24_periph_i2c.axf"; # arm-none-eabi-objcopy -O binary "nxp_lpcxpresso_11c24_periph_i2c.axf" "nxp_lpcxpresso_11c24_periph_i2c.bin" ; checksum -p LPC11C24_301 -d "nxp_lpcxpresso_11c24_periph_i2c.bin";
   text	   data	    bss	    dec	    hex	filename
  21552	     32	   1048	  22632	   5868	nxp_lpcxpresso_11c24_periph_i2c.axf
 
13:59:26 **** Incremental Build of configuration Debug for project lpc_chip_11cxx_lib ****
make -r all 
make: Nothing to be done for `all'.
13:59:27 **** Incremental Build of configuration Debug for project nxp_lpcxpresso_11c24_board_lib ****
make -r all 
make: Nothing to be done for `all'.
13:59:28 **** Incremental Build of configuration Debug for project nxp_lpcxpresso_11c24_periph_i2c ****
make -r all 
make: Nothing to be done for `all'.
14:03:43 **** Incremental Build of configuration Debug for project nxp_lpcxpresso_11c24_periph_i2c ****
make -r all 
make: Nothing to be done for `all'.
14:27:48 **** Incremental Build of configuration Debug for project nxp_lpcxpresso_11c24_periph_i2c ****
make -r all 
Building file: ../example/src/i2c.c
Invoking: MCU C Compiler
arm-none-eabi-gcc -D__REDLIB__ -DDEBUG -D__CODE_RED -D__USE_LPCOPEN -DCORE_M0 -I"C:\Users\milesm\Documents\LPCXpresso_7.8.0_426\workspace\nxp_lpcxpresso_11c24_periph_i2c\example\inc" -I"C:\Users\milesm\Documents\LPCXpresso_7.8.0_426\workspace\lpc_chip_11cxx_lib\inc" -I"C:\Users\milesm\Documents\LPCXpresso_7.8.0_426\workspace\nxp_lpcxpresso_11c24_board_lib\inc" -O0 -g3 -Wall -c -fmessage-length=0 -fno-builtin -ffunction-sections -fdata-sections -mcpu=cortex-m0 -mthumb -D__REDLIB__ -specs=redlib.specs -MMD -MP -MF"example/src/i2c.d" -MT"example/src/i2c.o" -MT"example/src/i2c.d" -o "example/src/i2c.o" "../example/src/i2c.c"
In file included from C:\Users\milesm\Documents\LPCXpresso_7.8.0_426\workspace\lpc_chip_11cxx_lib\inc/chip.h:232:0,
                 from C:\Users\milesm\Documents\LPCXpresso_7.8.0_426\workspace\nxp_lpcxpresso_11c24_board_lib\inc/board.h:35,
                 from ../example/src/i2c.c:34:
C:\Users\milesm\Documents\LPCXpresso_7.8.0_426\workspace\lpc_chip_11cxx_lib\inc/pmu_11xx.h:49:8: warning: missing terminating " character
 #error "LPC1125 support for the PMU driver is not ready
        ^
../example/src/i2c.c: In function 'i2c_eeprom_events':
../example/src/i2c.c:292:2: warning: enumeration value 'I2C_EVENT_WAIT' not handled in switch [-Wswitch]
  switch (event) {
  ^
../example/src/i2c.c:292:2: warning: enumeration value 'I2C_EVENT_LOCK' not handled in switch [-Wswitch]
../example/src/i2c.c:292:2: warning: enumeration value 'I2C_EVENT_UNLOCK' not handled in switch [-Wswitch]
../example/src/i2c.c: In function 'i2c_iox_events':
../example/src/i2c.c:371:22: warning: cast to pointer from integer of different size [-Wint-to-pointer-cast]
    iox_xfer.txBuff = (const uint8_t *) iox_data[0];
                      ^
../example/src/i2c.c:355:2: warning: enumeration value 'I2C_EVENT_WAIT' not handled in switch [-Wswitch]
  switch (event) {
  ^
../example/src/i2c.c:355:2: warning: enumeration value 'I2C_EVENT_LOCK' not handled in switch [-Wswitch]
../example/src/i2c.c:355:2: warning: enumeration value 'I2C_EVENT_UNLOCK' not handled in switch [-Wswitch]
Finished building: ../example/src/i2c.c
 
Building target: nxp_lpcxpresso_11c24_periph_i2c.axf
Invoking: MCU Linker
arm-none-eabi-gcc -nostdlib -L"C:\Users\milesm\Documents\LPCXpresso_7.8.0_426\workspace\nxp_lpcxpresso_11c24_board_lib\Debug" -L"C:\Users\milesm\Documents\LPCXpresso_7.8.0_426\workspace\lpc_chip_11cxx_lib\Debug" -Xlinker -Map="nxp_lpcxpresso_11c24_periph_i2c.map" -Xlinker --gc-sections -mcpu=cortex-m0 -mthumb -T "nxp_lpcxpresso_11c24_periph_i2c_Debug.ld" -o "nxp_lpcxpresso_11c24_periph_i2c.axf"  ./example/src/cr_startup_lpc11xx.o ./example/src/i2c.o ./example/src/sysinit.o   -lnxp_lpcxpresso_11c24_board_lib -llpc_chip_11cxx_lib
Finished building target: nxp_lpcxpresso_11c24_periph_i2c.axf
 
make --no-print-directory post-build
Performing post-build steps
arm-none-eabi-size "nxp_lpcxpresso_11c24_periph_i2c.axf"; # arm-none-eabi-objcopy -O binary "nxp_lpcxpresso_11c24_periph_i2c.axf" "nxp_lpcxpresso_11c24_periph_i2c.bin" ; checksum -p LPC11C24_301 -d "nxp_lpcxpresso_11c24_periph_i2c.bin";
   text	   data	    bss	    dec	    hex	filename
  21552	     32	   1048	  22632	   5868	nxp_lpcxpresso_11c24_periph_i2c.axf
 
15:22:42 **** Incremental Build of configuration Debug for project nxp_lpcxpresso_11c24_periph_i2c ****
make -r all 
Building target: nxp_lpcxpresso_11c24_periph_i2c.axf
Invoking: MCU Linker
arm-none-eabi-gcc -nostdlib -L"C:\Users\milesm\Documents\LPCXpresso_7.8.0_426\workspace\nxp_lpcxpresso_11c24_board_lib\Debug" -L"C:\Users\milesm\Documents\LPCXpresso_7.8.0_426\workspace\lpc_chip_11cxx_lib\Debug" -Xlinker -Map="nxp_lpcxpresso_11c24_periph_i2c.map" -Xlinker --gc-sections -mcpu=cortex-m0 -mthumb -T "nxp_lpcxpresso_11c24_periph_i2c_Debug.ld" -o "nxp_lpcxpresso_11c24_periph_i2c.axf"  ./example/src/cr_startup_lpc11xx.o ./example/src/i2c.o ./example/src/sysinit.o   -lnxp_lpcxpresso_11c24_board_lib -llpc_chip_11cxx_lib
Finished building target: nxp_lpcxpresso_11c24_periph_i2c.axf
 
make --no-print-directory post-build
Performing post-build steps
arm-none-eabi-size "nxp_lpcxpresso_11c24_periph_i2c.axf"; # arm-none-eabi-objcopy -O binary "nxp_lpcxpresso_11c24_periph_i2c.axf" "nxp_lpcxpresso_11c24_periph_i2c.bin" ; checksum -p LPC11C24_301 -d "nxp_lpcxpresso_11c24_periph_i2c.bin";
   text	   data	    bss	    dec	    hex	filename
  21552	     32	   1048	  22632	   5868	nxp_lpcxpresso_11c24_periph_i2c.axf
 
16:38:27 **** Incremental Build of configuration Debug for project nxp_lpcxpresso_11c24_periph_i2c ****
make -r all 
Building target: nxp_lpcxpresso_11c24_periph_i2c.axf
Invoking: MCU Linker
arm-none-eabi-gcc -nostdlib -L"C:\Users\milesm\Documents\LPCXpresso_7.8.0_426\workspace\nxp_lpcxpresso_11c24_board_lib\Debug" -L"C:\Users\milesm\Documents\LPCXpresso_7.8.0_426\workspace\lpc_chip_11cxx_lib\Debug" -Xlinker -Map="nxp_lpcxpresso_11c24_periph_i2c.map" -Xlinker --gc-sections -mcpu=cortex-m0 -mthumb -T "nxp_lpcxpresso_11c24_periph_i2c_Debug.ld" -o "nxp_lpcxpresso_11c24_periph_i2c.axf"  ./example/src/cr_startup_lpc11xx.o ./example/src/i2c.o ./example/src/sysinit.o   -lnxp_lpcxpresso_11c24_board_lib -llpc_chip_11cxx_lib
Finished building target: nxp_lpcxpresso_11c24_periph_i2c.axf
 
make --no-print-directory post-build
Performing post-build steps
arm-none-eabi-size "nxp_lpcxpresso_11c24_periph_i2c.axf"; # arm-none-eabi-objcopy -O binary "nxp_lpcxpresso_11c24_periph_i2c.axf" "nxp_lpcxpresso_11c24_periph_i2c.bin" ; checksum -p LPC11C24_301 -d "nxp_lpcxpresso_11c24_periph_i2c.bin";
   text	   data	    bss	    dec	    hex	filename
  21552	     32	   1048	  22632	   5868	nxp_lpcxpresso_11c24_periph_i2c.axf
 
10:21:38 **** Incremental Build of configuration Debug for project lpc_chip_11cxx_lib ****
make -r all 
make: Nothing to be done for `all'.
10:21:38 **** Incremental Build of configuration Debug for project nxp_lpcxpresso_11c24_board_lib ****
make -r all 
make: Nothing to be done for `all'.
10:21:40 **** Build of configuration Debug for project headingsensor-v5 ****
make -r all 
make: *** No rule to make target `src/cr_cpp_config.o', needed by `headingsensor-v5.axf'.  Stop.
10:21:40 **** Incremental Build of configuration Debug for project nxp_lpcxpresso_11c24_periph_i2c ****
make -r all 
Building file: ../example/src/i2c.c
Invoking: MCU C Compiler
arm-none-eabi-gcc -D__REDLIB__ -DDEBUG -D__CODE_RED -D__USE_LPCOPEN -DCORE_M0 -I"C:\Users\milesm\Documents\LPCXpresso_7.8.0_426\workspace\nxp_lpcxpresso_11c24_periph_i2c\example\inc" -I"C:\Users\milesm\Documents\LPCXpresso_7.8.0_426\workspace\lpc_chip_11cxx_lib\inc" -I"C:\Users\milesm\Documents\LPCXpresso_7.8.0_426\workspace\nxp_lpcxpresso_11c24_board_lib\inc" -O0 -g3 -Wall -c -fmessage-length=0 -fno-builtin -ffunction-sections -fdata-sections -mcpu=cortex-m0 -mthumb -D__REDLIB__ -specs=redlib.specs -MMD -MP -MF"example/src/i2c.d" -MT"example/src/i2c.o" -MT"example/src/i2c.d" -o "example/src/i2c.o" "../example/src/i2c.c"
In file included from C:\Users\milesm\Documents\LPCXpresso_7.8.0_426\workspace\lpc_chip_11cxx_lib\inc/chip.h:232:0,
                 from C:\Users\milesm\Documents\LPCXpresso_7.8.0_426\workspace\nxp_lpcxpresso_11c24_board_lib\inc/board.h:35,
                 from ../example/src/i2c.c:34:
C:\Users\milesm\Documents\LPCXpresso_7.8.0_426\workspace\lpc_chip_11cxx_lib\inc/pmu_11xx.h:49:8: warning: missing terminating " character
 #error "LPC1125 support for the PMU driver is not ready
        ^
../example/src/i2c.c: In function 'i2c_eeprom_events':
../example/src/i2c.c:292:2: warning: enumeration value 'I2C_EVENT_WAIT' not handled in switch [-Wswitch]
  switch (event) {
  ^
../example/src/i2c.c:292:2: warning: enumeration value 'I2C_EVENT_LOCK' not handled in switch [-Wswitch]
../example/src/i2c.c:292:2: warning: enumeration value 'I2C_EVENT_UNLOCK' not handled in switch [-Wswitch]
../example/src/i2c.c: In function 'i2c_iox_events':
../example/src/i2c.c:371:22: warning: cast to pointer from integer of different size [-Wint-to-pointer-cast]
    iox_xfer.txBuff = (const uint8_t *) iox_data[0];
                      ^
../example/src/i2c.c:355:2: warning: enumeration value 'I2C_EVENT_WAIT' not handled in switch [-Wswitch]
  switch (event) {
  ^
../example/src/i2c.c:355:2: warning: enumeration value 'I2C_EVENT_LOCK' not handled in switch [-Wswitch]
../example/src/i2c.c:355:2: warning: enumeration value 'I2C_EVENT_UNLOCK' not handled in switch [-Wswitch]
Finished building: ../example/src/i2c.c
 
Building target: nxp_lpcxpresso_11c24_periph_i2c.axf
Invoking: MCU Linker
arm-none-eabi-gcc -nostdlib -L"C:\Users\milesm\Documents\LPCXpresso_7.8.0_426\workspace\nxp_lpcxpresso_11c24_board_lib\Debug" -L"C:\Users\milesm\Documents\LPCXpresso_7.8.0_426\workspace\lpc_chip_11cxx_lib\Debug" -Xlinker -Map="nxp_lpcxpresso_11c24_periph_i2c.map" -Xlinker --gc-sections -mcpu=cortex-m0 -mthumb -T "nxp_lpcxpresso_11c24_periph_i2c_Debug.ld" -o "nxp_lpcxpresso_11c24_periph_i2c.axf"  ./example/src/cr_startup_lpc11xx.o ./example/src/i2c.o ./example/src/sysinit.o   -lnxp_lpcxpresso_11c24_board_lib -llpc_chip_11cxx_lib
Finished building target: nxp_lpcxpresso_11c24_periph_i2c.axf
 
make --no-print-directory post-build
Performing post-build steps
arm-none-eabi-size "nxp_lpcxpresso_11c24_periph_i2c.axf"; # arm-none-eabi-objcopy -O binary "nxp_lpcxpresso_11c24_periph_i2c.axf" "nxp_lpcxpresso_11c24_periph_i2c.bin" ; checksum -p LPC11C24_301 -d "nxp_lpcxpresso_11c24_periph_i2c.bin";
   text	   data	    bss	    dec	    hex	filename
  21552	     32	   1048	  22632	   5868	nxp_lpcxpresso_11c24_periph_i2c.axf
 
10:21:44 **** Incremental Build of configuration Debug for project nxp_lpcxpresso_11c24_periph_i2c ****
make -r all 
make: Nothing to be done for `all'.
10:27:03 **** Incremental Build of configuration Debug for project nxp_lpcxpresso_11c24_periph_i2c ****
make -r all 
make: Nothing to be done for `all'.
10:31:06 **** Incremental Build of configuration Debug for project lpc_chip_11cxx_lib ****
make -r all 
make: Nothing to be done for `all'.
10:31:06 **** Incremental Build of configuration Debug for project nxp_lpcxpresso_11c24_board_lib ****
make -r all 
make: Nothing to be done for `all'.
10:31:07 **** Incremental Build of configuration Debug for project nxp_lpcxpresso_11c24_periph_i2c ****
make -r all 
Building file: ../example/src/i2c.c
Invoking: MCU C Compiler
arm-none-eabi-gcc -D__REDLIB__ -DDEBUG -D__CODE_RED -D__USE_LPCOPEN -DCORE_M0 -I"C:\Users\milesm\Documents\LPCXpresso_7.8.0_426\workspace\nxp_lpcxpresso_11c24_periph_i2c\example\inc" -I"C:\Users\milesm\Documents\LPCXpresso_7.8.0_426\workspace\lpc_chip_11cxx_lib\inc" -I"C:\Users\milesm\Documents\LPCXpresso_7.8.0_426\workspace\nxp_lpcxpresso_11c24_board_lib\inc" -O0 -g3 -Wall -c -fmessage-length=0 -fno-builtin -ffunction-sections -fdata-sections -mcpu=cortex-m0 -mthumb -D__REDLIB__ -specs=redlib.specs -MMD -MP -MF"example/src/i2c.d" -MT"example/src/i2c.o" -MT"example/src/i2c.d" -o "example/src/i2c.o" "../example/src/i2c.c"
In file included from C:\Users\milesm\Documents\LPCXpresso_7.8.0_426\workspace\lpc_chip_11cxx_lib\inc/chip.h:232:0,
                 from C:\Users\milesm\Documents\LPCXpresso_7.8.0_426\workspace\nxp_lpcxpresso_11c24_board_lib\inc/board.h:35,
                 from ../example/src/i2c.c:34:
C:\Users\milesm\Documents\LPCXpresso_7.8.0_426\workspace\lpc_chip_11cxx_lib\inc/pmu_11xx.h:49:8: warning: missing terminating " character
 #error "LPC1125 support for the PMU driver is not ready
        ^
../example/src/i2c.c: In function 'i2c_eeprom_events':
../example/src/i2c.c:292:2: warning: enumeration value 'I2C_EVENT_WAIT' not handled in switch [-Wswitch]
  switch (event) {
  ^
../example/src/i2c.c:292:2: warning: enumeration value 'I2C_EVENT_LOCK' not handled in switch [-Wswitch]
../example/src/i2c.c:292:2: warning: enumeration value 'I2C_EVENT_UNLOCK' not handled in switch [-Wswitch]
../example/src/i2c.c: In function 'i2c_iox_events':
../example/src/i2c.c:371:22: warning: cast to pointer from integer of different size [-Wint-to-pointer-cast]
    iox_xfer.txBuff = (const uint8_t *) iox_data[0];
                      ^
../example/src/i2c.c:355:2: warning: enumeration value 'I2C_EVENT_WAIT' not handled in switch [-Wswitch]
  switch (event) {
  ^
../example/src/i2c.c:355:2: warning: enumeration value 'I2C_EVENT_LOCK' not handled in switch [-Wswitch]
../example/src/i2c.c:355:2: warning: enumeration value 'I2C_EVENT_UNLOCK' not handled in switch [-Wswitch]
Finished building: ../example/src/i2c.c
 
Building target: nxp_lpcxpresso_11c24_periph_i2c.axf
Invoking: MCU Linker
arm-none-eabi-gcc -nostdlib -L"C:\Users\milesm\Documents\LPCXpresso_7.8.0_426\workspace\nxp_lpcxpresso_11c24_board_lib\Debug" -L"C:\Users\milesm\Documents\LPCXpresso_7.8.0_426\workspace\lpc_chip_11cxx_lib\Debug" -Xlinker -Map="nxp_lpcxpresso_11c24_periph_i2c.map" -Xlinker --gc-sections -mcpu=cortex-m0 -mthumb -T "nxp_lpcxpresso_11c24_periph_i2c_Debug.ld" -o "nxp_lpcxpresso_11c24_periph_i2c.axf"  ./example/src/cr_startup_lpc11xx.o ./example/src/i2c.o ./example/src/sysinit.o   -lnxp_lpcxpresso_11c24_board_lib -llpc_chip_11cxx_lib
Finished building target: nxp_lpcxpresso_11c24_periph_i2c.axf
 
make --no-print-directory post-build
Performing post-build steps
arm-none-eabi-size "nxp_lpcxpresso_11c24_periph_i2c.axf"; # arm-none-eabi-objcopy -O binary "nxp_lpcxpresso_11c24_periph_i2c.axf" "nxp_lpcxpresso_11c24_periph_i2c.bin" ; checksum -p LPC11C24_301 -d "nxp_lpcxpresso_11c24_periph_i2c.bin";
   text	   data	    bss	    dec	    hex	filename
  21552	     32	   1048	  22632	   5868	nxp_lpcxpresso_11c24_periph_i2c.axf
 
10:31:11 **** Incremental Build of configuration Debug for project nxp_lpcxpresso_11c24_periph_i2c ****
make -r all 
make: Nothing to be done for `all'.
11:14:33 **** Incremental Build of configuration Debug for project lpc_chip_11cxx_lib ****
make -r all 
make: Nothing to be done for `all'.
11:14:33 **** Incremental Build of configuration Debug for project nxp_lpcxpresso_11c24_board_lib ****
make -r all 
make: Nothing to be done for `all'.
11:14:34 **** Incremental Build of configuration Debug for project nxp_lpcxpresso_11c24_periph_i2c ****
make -r all 
Building file: ../example/src/i2c.c
Invoking: MCU C Compiler
arm-none-eabi-gcc -D__REDLIB__ -DDEBUG -D__CODE_RED -D__USE_LPCOPEN -DCORE_M0 -I"C:\Users\milesm\Documents\LPCXpresso_7.8.0_426\workspace\nxp_lpcxpresso_11c24_periph_i2c\example\inc" -I"C:\Users\milesm\Documents\LPCXpresso_7.8.0_426\workspace\lpc_chip_11cxx_lib\inc" -I"C:\Users\milesm\Documents\LPCXpresso_7.8.0_426\workspace\nxp_lpcxpresso_11c24_board_lib\inc" -O0 -g3 -Wall -c -fmessage-length=0 -fno-builtin -ffunction-sections -fdata-sections -mcpu=cortex-m0 -mthumb -D__REDLIB__ -specs=redlib.specs -MMD -MP -MF"example/src/i2c.d" -MT"example/src/i2c.o" -MT"example/src/i2c.d" -o "example/src/i2c.o" "../example/src/i2c.c"
In file included from C:\Users\milesm\Documents\LPCXpresso_7.8.0_426\workspace\lpc_chip_11cxx_lib\inc/chip.h:232:0,
                 from C:\Users\milesm\Documents\LPCXpresso_7.8.0_426\workspace\nxp_lpcxpresso_11c24_board_lib\inc/board.h:35,
                 from ../example/src/i2c.c:34:
C:\Users\milesm\Documents\LPCXpresso_7.8.0_426\workspace\lpc_chip_11cxx_lib\inc/pmu_11xx.h:49:8: warning: missing terminating " character
 #error "LPC1125 support for the PMU driver is not ready
        ^
../example/src/i2c.c: In function 'i2c_eeprom_events':
../example/src/i2c.c:289:2: warning: enumeration value 'I2C_EVENT_WAIT' not handled in switch [-Wswitch]
  switch (event) {
  ^
../example/src/i2c.c:289:2: warning: enumeration value 'I2C_EVENT_LOCK' not handled in switch [-Wswitch]
../example/src/i2c.c:289:2: warning: enumeration value 'I2C_EVENT_UNLOCK' not handled in switch [-Wswitch]
../example/src/i2c.c: In function 'i2c_iox_events':
../example/src/i2c.c:368:22: warning: cast to pointer from integer of different size [-Wint-to-pointer-cast]
    iox_xfer.txBuff = (const uint8_t *) iox_data[0];
                      ^
../example/src/i2c.c:352:2: warning: enumeration value 'I2C_EVENT_WAIT' not handled in switch [-Wswitch]
  switch (event) {
  ^
../example/src/i2c.c:352:2: warning: enumeration value 'I2C_EVENT_LOCK' not handled in switch [-Wswitch]
../example/src/i2c.c:352:2: warning: enumeration value 'I2C_EVENT_UNLOCK' not handled in switch [-Wswitch]
Finished building: ../example/src/i2c.c
 
Building target: nxp_lpcxpresso_11c24_periph_i2c.axf
Invoking: MCU Linker
arm-none-eabi-gcc -nostdlib -L"C:\Users\milesm\Documents\LPCXpresso_7.8.0_426\workspace\nxp_lpcxpresso_11c24_board_lib\Debug" -L"C:\Users\milesm\Documents\LPCXpresso_7.8.0_426\workspace\lpc_chip_11cxx_lib\Debug" -Xlinker -Map="nxp_lpcxpresso_11c24_periph_i2c.map" -Xlinker --gc-sections -mcpu=cortex-m0 -mthumb -T "nxp_lpcxpresso_11c24_periph_i2c_Debug.ld" -o "nxp_lpcxpresso_11c24_periph_i2c.axf"  ./example/src/cr_startup_lpc11xx.o ./example/src/i2c.o ./example/src/sysinit.o   -lnxp_lpcxpresso_11c24_board_lib -llpc_chip_11cxx_lib
Finished building target: nxp_lpcxpresso_11c24_periph_i2c.axf
 
make --no-print-directory post-build
Performing post-build steps
arm-none-eabi-size "nxp_lpcxpresso_11c24_periph_i2c.axf"; # arm-none-eabi-objcopy -O binary "nxp_lpcxpresso_11c24_periph_i2c.axf" "nxp_lpcxpresso_11c24_periph_i2c.bin" ; checksum -p LPC11C24_301 -d "nxp_lpcxpresso_11c24_periph_i2c.bin";
   text	   data	    bss	    dec	    hex	filename
  21552	     32	   1048	  22632	   5868	nxp_lpcxpresso_11c24_periph_i2c.axf
 
11:15:13 **** Incremental Build of configuration Debug for project nxp_lpcxpresso_11c24_periph_i2c ****
make -r all 
make: Nothing to be done for `all'.
11:17:36 **** Incremental Build of configuration Debug for project lpc_chip_11cxx_lib ****
make -r all 
make: Nothing to be done for `all'.
11:17:37 **** Incremental Build of configuration Debug for project nxp_lpcxpresso_11c24_board_lib ****
make -r all 
make: Nothing to be done for `all'.
11:17:38 **** Incremental Build of configuration Debug for project nxp_lpcxpresso_11c24_periph_i2c ****
make -r all 
Building file: ../example/src/i2c.c
Invoking: MCU C Compiler
arm-none-eabi-gcc -D__REDLIB__ -DDEBUG -D__CODE_RED -D__USE_LPCOPEN -DCORE_M0 -I"C:\Users\milesm\Documents\LPCXpresso_7.8.0_426\workspace\nxp_lpcxpresso_11c24_periph_i2c\example\inc" -I"C:\Users\milesm\Documents\LPCXpresso_7.8.0_426\workspace\lpc_chip_11cxx_lib\inc" -I"C:\Users\milesm\Documents\LPCXpresso_7.8.0_426\workspace\nxp_lpcxpresso_11c24_board_lib\inc" -O0 -g3 -Wall -c -fmessage-length=0 -fno-builtin -ffunction-sections -fdata-sections -mcpu=cortex-m0 -mthumb -D__REDLIB__ -specs=redlib.specs -MMD -MP -MF"example/src/i2c.d" -MT"example/src/i2c.o" -MT"example/src/i2c.d" -o "example/src/i2c.o" "../example/src/i2c.c"
In file included from C:\Users\milesm\Documents\LPCXpresso_7.8.0_426\workspace\lpc_chip_11cxx_lib\inc/chip.h:232:0,
                 from C:\Users\milesm\Documents\LPCXpresso_7.8.0_426\workspace\nxp_lpcxpresso_11c24_board_lib\inc/board.h:35,
                 from ../example/src/i2c.c:34:
C:\Users\milesm\Documents\LPCXpresso_7.8.0_426\workspace\lpc_chip_11cxx_lib\inc/pmu_11xx.h:49:8: warning: missing terminating " character
 #error "LPC1125 support for the PMU driver is not ready
        ^
../example/src/i2c.c: In function 'i2c_eeprom_events':
../example/src/i2c.c:291:2: warning: enumeration value 'I2C_EVENT_WAIT' not handled in switch [-Wswitch]
  switch (event) {
  ^
../example/src/i2c.c:291:2: warning: enumeration value 'I2C_EVENT_LOCK' not handled in switch [-Wswitch]
../example/src/i2c.c:291:2: warning: enumeration value 'I2C_EVENT_UNLOCK' not handled in switch [-Wswitch]
../example/src/i2c.c: In function 'i2c_iox_events':
../example/src/i2c.c:370:22: warning: cast to pointer from integer of different size [-Wint-to-pointer-cast]
    iox_xfer.txBuff = (const uint8_t *) iox_data[0];
                      ^
../example/src/i2c.c:354:2: warning: enumeration value 'I2C_EVENT_WAIT' not handled in switch [-Wswitch]
  switch (event) {
  ^
../example/src/i2c.c:354:2: warning: enumeration value 'I2C_EVENT_LOCK' not handled in switch [-Wswitch]
../example/src/i2c.c:354:2: warning: enumeration value 'I2C_EVENT_UNLOCK' not handled in switch [-Wswitch]
Finished building: ../example/src/i2c.c
 
Building target: nxp_lpcxpresso_11c24_periph_i2c.axf
Invoking: MCU Linker
arm-none-eabi-gcc -nostdlib -L"C:\Users\milesm\Documents\LPCXpresso_7.8.0_426\workspace\nxp_lpcxpresso_11c24_board_lib\Debug" -L"C:\Users\milesm\Documents\LPCXpresso_7.8.0_426\workspace\lpc_chip_11cxx_lib\Debug" -Xlinker -Map="nxp_lpcxpresso_11c24_periph_i2c.map" -Xlinker --gc-sections -mcpu=cortex-m0 -mthumb -T "nxp_lpcxpresso_11c24_periph_i2c_Debug.ld" -o "nxp_lpcxpresso_11c24_periph_i2c.axf"  ./example/src/cr_startup_lpc11xx.o ./example/src/i2c.o ./example/src/sysinit.o   -lnxp_lpcxpresso_11c24_board_lib -llpc_chip_11cxx_lib
Finished building target: nxp_lpcxpresso_11c24_periph_i2c.axf
 
make --no-print-directory post-build
Performing post-build steps
arm-none-eabi-size "nxp_lpcxpresso_11c24_periph_i2c.axf"; # arm-none-eabi-objcopy -O binary "nxp_lpcxpresso_11c24_periph_i2c.axf" "nxp_lpcxpresso_11c24_periph_i2c.bin" ; checksum -p LPC11C24_301 -d "nxp_lpcxpresso_11c24_periph_i2c.bin";
   text	   data	    bss	    dec	    hex	filename
  21552	     32	   1048	  22632	   5868	nxp_lpcxpresso_11c24_periph_i2c.axf
 
11:17:43 **** Incremental Build of configuration Debug for project lpc_chip_11cxx_lib ****
make -r all 
make: Nothing to be done for `all'.
11:17:43 **** Incremental Build of configuration Debug for project nxp_lpcxpresso_11c24_board_lib ****
make -r all 
make: Nothing to be done for `all'.
11:17:44 **** Incremental Build of configuration Debug for project nxp_lpcxpresso_11c24_periph_i2c ****
make -r all 
Building file: ../example/src/i2c.c
Invoking: MCU C Compiler
arm-none-eabi-gcc -D__REDLIB__ -DDEBUG -D__CODE_RED -D__USE_LPCOPEN -DCORE_M0 -I"C:\Users\milesm\Documents\LPCXpresso_7.8.0_426\workspace\nxp_lpcxpresso_11c24_periph_i2c\example\inc" -I"C:\Users\milesm\Documents\LPCXpresso_7.8.0_426\workspace\lpc_chip_11cxx_lib\inc" -I"C:\Users\milesm\Documents\LPCXpresso_7.8.0_426\workspace\nxp_lpcxpresso_11c24_board_lib\inc" -O0 -g3 -Wall -c -fmessage-length=0 -fno-builtin -ffunction-sections -fdata-sections -mcpu=cortex-m0 -mthumb -D__REDLIB__ -specs=redlib.specs -MMD -MP -MF"example/src/i2c.d" -MT"example/src/i2c.o" -MT"example/src/i2c.d" -o "example/src/i2c.o" "../example/src/i2c.c"
In file included from C:\Users\milesm\Documents\LPCXpresso_7.8.0_426\workspace\lpc_chip_11cxx_lib\inc/chip.h:232:0,
                 from C:\Users\milesm\Documents\LPCXpresso_7.8.0_426\workspace\nxp_lpcxpresso_11c24_board_lib\inc/board.h:35,
                 from ../example/src/i2c.c:34:
C:\Users\milesm\Documents\LPCXpresso_7.8.0_426\workspace\lpc_chip_11cxx_lib\inc/pmu_11xx.h:49:8: warning: missing terminating " character
 #error "LPC1125 support for the PMU driver is not ready
        ^
../example/src/i2c.c: In function 'i2c_eeprom_events':
../example/src/i2c.c:289:2: warning: enumeration value 'I2C_EVENT_WAIT' not handled in switch [-Wswitch]
  switch (event) {
  ^
../example/src/i2c.c:289:2: warning: enumeration value 'I2C_EVENT_LOCK' not handled in switch [-Wswitch]
../example/src/i2c.c:289:2: warning: enumeration value 'I2C_EVENT_UNLOCK' not handled in switch [-Wswitch]
../example/src/i2c.c: In function 'i2c_iox_events':
../example/src/i2c.c:368:22: warning: cast to pointer from integer of different size [-Wint-to-pointer-cast]
    iox_xfer.txBuff = (const uint8_t *) iox_data[0];
                      ^
../example/src/i2c.c:352:2: warning: enumeration value 'I2C_EVENT_WAIT' not handled in switch [-Wswitch]
  switch (event) {
  ^
../example/src/i2c.c:352:2: warning: enumeration value 'I2C_EVENT_LOCK' not handled in switch [-Wswitch]
../example/src/i2c.c:352:2: warning: enumeration value 'I2C_EVENT_UNLOCK' not handled in switch [-Wswitch]
Finished building: ../example/src/i2c.c
 
Building target: nxp_lpcxpresso_11c24_periph_i2c.axf
Invoking: MCU Linker
arm-none-eabi-gcc -nostdlib -L"C:\Users\milesm\Documents\LPCXpresso_7.8.0_426\workspace\nxp_lpcxpresso_11c24_board_lib\Debug" -L"C:\Users\milesm\Documents\LPCXpresso_7.8.0_426\workspace\lpc_chip_11cxx_lib\Debug" -Xlinker -Map="nxp_lpcxpresso_11c24_periph_i2c.map" -Xlinker --gc-sections -mcpu=cortex-m0 -mthumb -T "nxp_lpcxpresso_11c24_periph_i2c_Debug.ld" -o "nxp_lpcxpresso_11c24_periph_i2c.axf"  ./example/src/cr_startup_lpc11xx.o ./example/src/i2c.o ./example/src/sysinit.o   -lnxp_lpcxpresso_11c24_board_lib -llpc_chip_11cxx_lib
Finished building target: nxp_lpcxpresso_11c24_periph_i2c.axf
 
make --no-print-directory post-build
Performing post-build steps
arm-none-eabi-size "nxp_lpcxpresso_11c24_periph_i2c.axf"; # arm-none-eabi-objcopy -O binary "nxp_lpcxpresso_11c24_periph_i2c.axf" "nxp_lpcxpresso_11c24_periph_i2c.bin" ; checksum -p LPC11C24_301 -d "nxp_lpcxpresso_11c24_periph_i2c.bin";
   text	   data	    bss	    dec	    hex	filename
  21552	     32	   1048	  22632	   5868	nxp_lpcxpresso_11c24_periph_i2c.axf
 
11:36:24 **** Incremental Build of configuration Debug for project lpc_chip_11cxx_lib ****
make -r all 
make: Nothing to be done for `all'.
11:36:24 **** Incremental Build of configuration Debug for project nxp_lpcxpresso_11c24_board_lib ****
make -r all 
make: Nothing to be done for `all'.
11:36:25 **** Incremental Build of configuration Debug for project nxp_lpcxpresso_11c24_periph_i2c ****
make -r all 
make: Nothing to be done for `all'.
11:40:29 **** Incremental Build of configuration Debug for project nxp_lpcxpresso_11c24_periph_i2c ****
make -r all 
make: Nothing to be done for `all'.
15:51:20 **** Incremental Build of configuration Debug for project nxp_lpcxpresso_11c24_periph_i2c ****
make -r all 
make: Nothing to be done for `all'.
08:35:43 **** Incremental Build of configuration Debug for project nxp_lpcxpresso_11c24_periph_i2c ****
make -r all 
make: Nothing to be done for `all'.
