<html>
<body>
<pre>
<h1>µVision Build Log</h1>
<h2>Project:</h2>
C:\Users\Zeus\Documents\GitHub\motherboard-squad\Software\Launchpad\StellarisWare\boards\ek-lm4f120xl\SPI\project0.uvproj
Project File Date:  01/26/2014

<h2>Output:</h2>
Rebuild target 'project0'
compiling project0.c...
assembling startup_rvmdk.S...
linking...
Program Size: Code=1484 RO-data=476 RW-data=0 ZI-data=256  
After Build - User command #1: fromelf --bin --output .\rvmdk\project0.bin .\rvmdk\project0.axf
".\rvmdk\project0.axf" - 0 Errors, 0 Warning(s).
Load "C:\\Users\\Zeus\\Documents\\GitHub\\motherboard-squad\\Software\\Launchpad\\StellarisWare\\boards\\ek-lm4f120xl\\SPI\\rvmdk\\project0.axf" 
Connecting: Mode=JTAG, Speed=1000000Hz
Erase Done.
Programming Done.
Verify OK.
Rebuild target 'project0'
compiling project0.c...
assembling startup_rvmdk.S...
linking...
Program Size: Code=1484 RO-data=476 RW-data=0 ZI-data=256  
After Build - User command #1: fromelf --bin --output .\rvmdk\project0.bin .\rvmdk\project0.axf
".\rvmdk\project0.axf" - 0 Errors, 0 Warning(s).
Rebuild target 'project0'
compiling project0.c...
assembling startup_rvmdk.S...
linking...
Program Size: Code=1484 RO-data=476 RW-data=0 ZI-data=256  
After Build - User command #1: fromelf --bin --output .\rvmdk\project0.bin .\rvmdk\project0.axf
".\rvmdk\project0.axf" - 0 Errors, 0 Warning(s).
Rebuild target 'project0'
compiling project0.c...
assembling startup_rvmdk.S...
linking...
Program Size: Code=1484 RO-data=476 RW-data=0 ZI-data=256  
After Build - User command #1: fromelf --bin --output .\rvmdk\project0.bin .\rvmdk\project0.axf
".\rvmdk\project0.axf" - 0 Errors, 0 Warning(s).
Rebuild target 'project0'
compiling project0.c...
assembling startup_rvmdk.S...
linking...
Program Size: Code=1088 RO-data=16 RW-data=0 ZI-data=256  
After Build - User command #1: fromelf --bin --output .\rvmdk\project0.bin .\rvmdk\project0.axf
".\rvmdk\project0.axf" - 0 Errors, 0 Warning(s).
Rebuild target 'project0'
compiling project0.c...
project0.c(28): warning:  #223-D: function "InitConsole" declared implicitly
project0.c(34): error:  #65: expected a ";"
project0.c(38): warning:  #12-D: parsing restarts here after previous syntax error
assembling startup_rvmdk.S...
".\rvmdk\project0.axf" - 1 Errors, 2 Warning(s).
Target not created
Rebuild target 'project0'
compiling project0.c...
project0.c(14): error:  #20: identifier "GPIO_PG4_U2RX" is undefined
project0.c(15): error:  #20: identifier "GPIO_PG5_U2TX" is undefined
project0.c(35): error:  #65: expected a ";"
project0.c(39): warning:  #12-D: parsing restarts here after previous syntax error
assembling startup_rvmdk.S...
".\rvmdk\project0.axf" - 3 Errors, 1 Warning(s).
Target not created
Rebuild target 'project0'
compiling project0.c...
assembling startup_rvmdk.S...
linking...
Program Size: Code=1088 RO-data=16 RW-data=0 ZI-data=256  
After Build - User command #1: fromelf --bin --output .\rvmdk\project0.bin .\rvmdk\project0.axf
".\rvmdk\project0.axf" - 0 Errors, 0 Warning(s).
Build target 'project0'
compiling project0.c...
linking...
Program Size: Code=1180 RO-data=476 RW-data=0 ZI-data=256  
After Build - User command #1: fromelf --bin --output .\rvmdk\project0.bin .\rvmdk\project0.axf
".\rvmdk\project0.axf" - 0 Errors, 0 Warning(s).
Rebuild target 'project0'
compiling project0.c...
project0.c(25): error:  #20: identifier "GPIO_PA2_SSI1CLK" is undefined
assembling startup_rvmdk.S...
".\rvmdk\project0.axf" - 1 Errors, 0 Warning(s).
Target not created
Rebuild target 'project0'
compiling project0.c...
assembling startup_rvmdk.S...
linking...
Program Size: Code=1292 RO-data=596 RW-data=0 ZI-data=256  
After Build - User command #1: fromelf --bin --output .\rvmdk\project0.bin .\rvmdk\project0.axf
".\rvmdk\project0.axf" - 0 Errors, 0 Warning(s).
Rebuild target 'project0'
compiling project0.c...
assembling startup_rvmdk.S...
linking...
Program Size: Code=1992 RO-data=596 RW-data=0 ZI-data=256  
After Build - User command #1: fromelf --bin --output .\rvmdk\project0.bin .\rvmdk\project0.axf
".\rvmdk\project0.axf" - 0 Errors, 0 Warning(s).
Rebuild target 'project0'
compiling project0.c...
project0.c(14): error:  #20: identifier "NUM_SSI_DATA" is undefined
project0.c(16): warning:  #177-D: variable "ulindex" was declared but never referenced
assembling startup_rvmdk.S...
".\rvmdk\project0.axf" - 1 Errors, 1 Warning(s).
Target not created
Build target 'project0'
compiling project0.c...
project0.c(16): warning:  #177-D: variable "ulDataTx" was declared but never referenced
project0.c(17): warning:  #177-D: variable "ulDataRx" was declared but never referenced
project0.c(18): warning:  #177-D: variable "ulindex" was declared but never referenced
linking...
Program Size: Code=1992 RO-data=596 RW-data=0 ZI-data=256  
After Build - User command #1: fromelf --bin --output .\rvmdk\project0.bin .\rvmdk\project0.axf
".\rvmdk\project0.axf" - 0 Errors, 3 Warning(s).
Rebuild target 'project0'
compiling project0.c...
project0.c(16): warning:  #550-D: variable "ulDataTx" was set but never used
project0.c(18): warning:  #177-D: variable "ulindex" was declared but never referenced
assembling startup_rvmdk.S...
linking...
Program Size: Code=2028 RO-data=596 RW-data=0 ZI-data=256  
After Build - User command #1: fromelf --bin --output .\rvmdk\project0.bin .\rvmdk\project0.axf
".\rvmdk\project0.axf" - 0 Errors, 2 Warning(s).
Rebuild target 'project0'
compiling project0.c...
project0.c(28): warning:  #550-D: variable "ulDataTx" was set but never used
project0.c(30): warning:  #177-D: variable "ulindex" was declared but never referenced
assembling startup_rvmdk.S...
linking...
Program Size: Code=2028 RO-data=596 RW-data=0 ZI-data=256  
After Build - User command #1: fromelf --bin --output .\rvmdk\project0.bin .\rvmdk\project0.axf
".\rvmdk\project0.axf" - 0 Errors, 2 Warning(s).
Rebuild target 'project0'
compiling project0.c...
project0.c(53): error:  #20: identifier "ulDataRx" is undefined
project0.c(57): error:  #20: identifier "ulDataTx" is undefined
assembling startup_rvmdk.S...
".\rvmdk\project0.axf" - 2 Errors, 0 Warning(s).
Target not created
Rebuild target 'project0'
compiling project0.c...
project0.c(54): error:  #20: identifier "ulDataRx" is undefined
project0.c(58): error:  #20: identifier "ulDataTx" is undefined
project0.c(28): warning:  #177-D: variable "ulindex" was declared but never referenced
assembling startup_rvmdk.S...
".\rvmdk\project0.axf" - 2 Errors, 1 Warning(s).
Target not created
Rebuild target 'project0'
compiling project0.c...
project0.c(28): warning:  #550-D: variable "ulDataTx" was set but never used
project0.c(30): warning:  #177-D: variable "ulindex" was declared but never referenced
assembling startup_rvmdk.S...
linking...
Program Size: Code=2028 RO-data=596 RW-data=0 ZI-data=256  
After Build - User command #1: fromelf --bin --output .\rvmdk\project0.bin .\rvmdk\project0.axf
".\rvmdk\project0.axf" - 0 Errors, 2 Warning(s).
