<html>
<body>
<pre>
<h1>µVision Build Log</h1>
<h2>Project:</h2>
C:\Users\Zeus\Documents\GitHub\motherboard-squad\Software\Launchpad\StellarisWare\boards\ek-lm4f120xl\hello\hello.uvproj
Project File Date:  01/19/2014

<h2>Output:</h2>
Rebuild target 'hello'
compiling hello.c...
assembling startup_rvmdk.S...
compiling uartstdio.c...
linking...
Program Size: Code=2124 RO-data=540 RW-data=8 ZI-data=512  
After Build - User command #1: fromelf --bin --output .\rvmdk\hello.bin .\rvmdk\hello.axf
".\rvmdk\hello.axf" - 0 Error(s), 0 Warning(s).
Load "C:\\Users\\Zeus\\Documents\\GitHub\\motherboard-squad\\Software\\Launchpad\\StellarisWare\\boards\\ek-lm4f120xl\\hello\\rvmdk\\hello.axf" 
Connecting: Mode=JTAG, Speed=1000000Hz
Erase Done.
Programming Done.
Verify OK.
