17:28:17 **** Build of configuration Debug for project lpc_chip_11cxx_lib ****
make -r all 
Building file: ../src/adc_1125.c
Invoking: MCU C Compiler
arm-none-eabi-gcc -D__REDLIB__ -DDEBUG -D__CODE_RED -DCORE_M0 -I"C:\Users\milesm\Documents\LPCXpresso_7.8.0_426\workspace\lpc_chip_11cxx_lib\inc" -O0 -g3 -Wall -c -fmessage-length=0 -fno-builtin -ffunction-sections -fdata-sections -mcpu=cortex-m0 -mthumb -D__REDLIB__ -specs=redlib.specs -MMD -MP -MF"src/adc_1125.d" -MT"src/adc_1125.o" -MT"src/adc_1125.d" -o "src/adc_1125.o" "../src/adc_1125.c"
In file included from C:\Users\milesm\Documents\LPCXpresso_7.8.0_426\workspace\lpc_chip_11cxx_lib\inc/chip.h:232:0,
                 from ../src/adc_1125.c:32:
C:\Users\milesm\Documents\LPCXpresso_7.8.0_426\workspace\lpc_chip_11cxx_lib\inc/pmu_11xx.h:49:8: warning: missing terminating " character
 #error "LPC1125 support for the PMU driver is not ready
        ^
Finished building: ../src/adc_1125.c
 
Building file: ../src/adc_11xx.c
Invoking: MCU C Compiler
arm-none-eabi-gcc -D__REDLIB__ -DDEBUG -D__CODE_RED -DCORE_M0 -I"C:\Users\milesm\Documents\LPCXpresso_7.8.0_426\workspace\lpc_chip_11cxx_lib\inc" -O0 -g3 -Wall -c -fmessage-length=0 -fno-builtin -ffunction-sections -fdata-sections -mcpu=cortex-m0 -mthumb -D__REDLIB__ -specs=redlib.specs -MMD -MP -MF"src/adc_11xx.d" -MT"src/adc_11xx.o" -MT"src/adc_11xx.d" -o "src/adc_11xx.o" "../src/adc_11xx.c"
In file included from C:\Users\milesm\Documents\LPCXpresso_7.8.0_426\workspace\lpc_chip_11cxx_lib\inc/chip.h:232:0,
                 from ../src/adc_11xx.c:32:
C:\Users\milesm\Documents\LPCXpresso_7.8.0_426\workspace\lpc_chip_11cxx_lib\inc/pmu_11xx.h:49:8: warning: missing terminating " character
 #error "LPC1125 support for the PMU driver is not ready
        ^
Finished building: ../src/adc_11xx.c
 
Building file: ../src/chip_11xx.c
Invoking: MCU C Compiler
arm-none-eabi-gcc -D__REDLIB__ -DDEBUG -D__CODE_RED -DCORE_M0 -I"C:\Users\milesm\Documents\LPCXpresso_7.8.0_426\workspace\lpc_chip_11cxx_lib\inc" -O0 -g3 -Wall -c -fmessage-length=0 -fno-builtin -ffunction-sections -fdata-sections -mcpu=cortex-m0 -mthumb -D__REDLIB__ -specs=redlib.specs -MMD -MP -MF"src/chip_11xx.d" -MT"src/chip_11xx.o" -MT"src/chip_11xx.d" -o "src/chip_11xx.o" "../src/chip_11xx.c"
In file included from C:\Users\milesm\Documents\LPCXpresso_7.8.0_426\workspace\lpc_chip_11cxx_lib\inc/chip.h:232:0,
                 from ../src/chip_11xx.c:32:
C:\Users\milesm\Documents\LPCXpresso_7.8.0_426\workspace\lpc_chip_11cxx_lib\inc/pmu_11xx.h:49:8: warning: missing terminating " character
 #error "LPC1125 support for the PMU driver is not ready
        ^
Finished building: ../src/chip_11xx.c
 
Building file: ../src/clock_11xx.c
Invoking: MCU C Compiler
arm-none-eabi-gcc -D__REDLIB__ -DDEBUG -D__CODE_RED -DCORE_M0 -I"C:\Users\milesm\Documents\LPCXpresso_7.8.0_426\workspace\lpc_chip_11cxx_lib\inc" -O0 -g3 -Wall -c -fmessage-length=0 -fno-builtin -ffunction-sections -fdata-sections -mcpu=cortex-m0 -mthumb -D__REDLIB__ -specs=redlib.specs -MMD -MP -MF"src/clock_11xx.d" -MT"src/clock_11xx.o" -MT"src/clock_11xx.d" -o "src/clock_11xx.o" "../src/clock_11xx.c"
In file included from C:\Users\milesm\Documents\LPCXpresso_7.8.0_426\workspace\lpc_chip_11cxx_lib\inc/chip.h:232:0,
                 from ../src/clock_11xx.c:29:
C:\Users\milesm\Documents\LPCXpresso_7.8.0_426\workspace\lpc_chip_11cxx_lib\inc/pmu_11xx.h:49:8: warning: missing terminating " character
 #error "LPC1125 support for the PMU driver is not ready
        ^
Finished building: ../src/clock_11xx.c
 
Building file: ../src/gpio_11xx_1.c
Invoking: MCU C Compiler
arm-none-eabi-gcc -D__REDLIB__ -DDEBUG -D__CODE_RED -DCORE_M0 -I"C:\Users\milesm\Documents\LPCXpresso_7.8.0_426\workspace\lpc_chip_11cxx_lib\inc" -O0 -g3 -Wall -c -fmessage-length=0 -fno-builtin -ffunction-sections -fdata-sections -mcpu=cortex-m0 -mthumb -D__REDLIB__ -specs=redlib.specs -MMD -MP -MF"src/gpio_11xx_1.d" -MT"src/gpio_11xx_1.o" -MT"src/gpio_11xx_1.d" -o "src/gpio_11xx_1.o" "../src/gpio_11xx_1.c"
In file included from C:\Users\milesm\Documents\LPCXpresso_7.8.0_426\workspace\lpc_chip_11cxx_lib\inc/chip.h:232:0,
                 from ../src/gpio_11xx_1.c:33:
C:\Users\milesm\Documents\LPCXpresso_7.8.0_426\workspace\lpc_chip_11cxx_lib\inc/pmu_11xx.h:49:8: warning: missing terminating " character
 #error "LPC1125 support for the PMU driver is not ready
        ^
Finished building: ../src/gpio_11xx_1.c
 
Building file: ../src/gpio_11xx_2.c
Invoking: MCU C Compiler
arm-none-eabi-gcc -D__REDLIB__ -DDEBUG -D__CODE_RED -DCORE_M0 -I"C:\Users\milesm\Documents\LPCXpresso_7.8.0_426\workspace\lpc_chip_11cxx_lib\inc" -O0 -g3 -Wall -c -fmessage-length=0 -fno-builtin -ffunction-sections -fdata-sections -mcpu=cortex-m0 -mthumb -D__REDLIB__ -specs=redlib.specs -MMD -MP -MF"src/gpio_11xx_2.d" -MT"src/gpio_11xx_2.o" -MT"src/gpio_11xx_2.d" -o "src/gpio_11xx_2.o" "../src/gpio_11xx_2.c"
In file included from C:\Users\milesm\Documents\LPCXpresso_7.8.0_426\workspace\lpc_chip_11cxx_lib\inc/chip.h:232:0,
                 from ../src/gpio_11xx_2.c:33:
C:\Users\milesm\Documents\LPCXpresso_7.8.0_426\workspace\lpc_chip_11cxx_lib\inc/pmu_11xx.h:49:8: warning: missing terminating " character
 #error "LPC1125 support for the PMU driver is not ready
        ^
Finished building: ../src/gpio_11xx_2.c
 
Building file: ../src/gpiogroup_11xx.c
Invoking: MCU C Compiler
arm-none-eabi-gcc -D__REDLIB__ -DDEBUG -D__CODE_RED -DCORE_M0 -I"C:\Users\milesm\Documents\LPCXpresso_7.8.0_426\workspace\lpc_chip_11cxx_lib\inc" -O0 -g3 -Wall -c -fmessage-length=0 -fno-builtin -ffunction-sections -fdata-sections -mcpu=cortex-m0 -mthumb -D__REDLIB__ -specs=redlib.specs -MMD -MP -MF"src/gpiogroup_11xx.d" -MT"src/gpiogroup_11xx.o" -MT"src/gpiogroup_11xx.d" -o "src/gpiogroup_11xx.o" "../src/gpiogroup_11xx.c"
In file included from C:\Users\milesm\Documents\LPCXpresso_7.8.0_426\workspace\lpc_chip_11cxx_lib\inc/chip.h:232:0,
                 from ../src/gpiogroup_11xx.c:33:
C:\Users\milesm\Documents\LPCXpresso_7.8.0_426\workspace\lpc_chip_11cxx_lib\inc/pmu_11xx.h:49:8: warning: missing terminating " character
 #error "LPC1125 support for the PMU driver is not ready
        ^
Finished building: ../src/gpiogroup_11xx.c
 
Building file: ../src/i2c_11xx.c
Invoking: MCU C Compiler
arm-none-eabi-gcc -D__REDLIB__ -DDEBUG -D__CODE_RED -DCORE_M0 -I"C:\Users\milesm\Documents\LPCXpresso_7.8.0_426\workspace\lpc_chip_11cxx_lib\inc" -O0 -g3 -Wall -c -fmessage-length=0 -fno-builtin -ffunction-sections -fdata-sections -mcpu=cortex-m0 -mthumb -D__REDLIB__ -specs=redlib.specs -MMD -MP -MF"src/i2c_11xx.d" -MT"src/i2c_11xx.o" -MT"src/i2c_11xx.d" -o "src/i2c_11xx.o" "../src/i2c_11xx.c"
In file included from C:\Users\milesm\Documents\LPCXpresso_7.8.0_426\workspace\lpc_chip_11cxx_lib\inc/chip.h:232:0,
                 from ../src/i2c_11xx.c:32:
C:\Users\milesm\Documents\LPCXpresso_7.8.0_426\workspace\lpc_chip_11cxx_lib\inc/pmu_11xx.h:49:8: warning: missing terminating " character
 #error "LPC1125 support for the PMU driver is not ready
        ^
Finished building: ../src/i2c_11xx.c
 
Building file: ../src/iocon_11xx.c
Invoking: MCU C Compiler
arm-none-eabi-gcc -D__REDLIB__ -DDEBUG -D__CODE_RED -DCORE_M0 -I"C:\Users\milesm\Documents\LPCXpresso_7.8.0_426\workspace\lpc_chip_11cxx_lib\inc" -O0 -g3 -Wall -c -fmessage-length=0 -fno-builtin -ffunction-sections -fdata-sections -mcpu=cortex-m0 -mthumb -D__REDLIB__ -specs=redlib.specs -MMD -MP -MF"src/iocon_11xx.d" -MT"src/iocon_11xx.o" -MT"src/iocon_11xx.d" -o "src/iocon_11xx.o" "../src/iocon_11xx.c"
In file included from C:\Users\milesm\Documents\LPCXpresso_7.8.0_426\workspace\lpc_chip_11cxx_lib\inc/chip.h:232:0,
                 from ../src/iocon_11xx.c:29:
C:\Users\milesm\Documents\LPCXpresso_7.8.0_426\workspace\lpc_chip_11cxx_lib\inc/pmu_11xx.h:49:8: warning: missing terminating " character
 #error "LPC1125 support for the PMU driver is not ready
        ^
Finished building: ../src/iocon_11xx.c
 
Building file: ../src/pinint_11xx.c
Invoking: MCU C Compiler
arm-none-eabi-gcc -D__REDLIB__ -DDEBUG -D__CODE_RED -DCORE_M0 -I"C:\Users\milesm\Documents\LPCXpresso_7.8.0_426\workspace\lpc_chip_11cxx_lib\inc" -O0 -g3 -Wall -c -fmessage-length=0 -fno-builtin -ffunction-sections -fdata-sections -mcpu=cortex-m0 -mthumb -D__REDLIB__ -specs=redlib.specs -MMD -MP -MF"src/pinint_11xx.d" -MT"src/pinint_11xx.o" -MT"src/pinint_11xx.d" -o "src/pinint_11xx.o" "../src/pinint_11xx.c"
In file included from C:\Users\milesm\Documents\LPCXpresso_7.8.0_426\workspace\lpc_chip_11cxx_lib\inc/chip.h:232:0,
                 from ../src/pinint_11xx.c:32:
C:\Users\milesm\Documents\LPCXpresso_7.8.0_426\workspace\lpc_chip_11cxx_lib\inc/pmu_11xx.h:49:8: warning: missing terminating " character
 #error "LPC1125 support for the PMU driver is not ready
        ^
Finished building: ../src/pinint_11xx.c
 
Building file: ../src/pmu_11xx.c
Invoking: MCU C Compiler
arm-none-eabi-gcc -D__REDLIB__ -DDEBUG -D__CODE_RED -DCORE_M0 -I"C:\Users\milesm\Documents\LPCXpresso_7.8.0_426\workspace\lpc_chip_11cxx_lib\inc" -O0 -g3 -Wall -c -fmessage-length=0 -fno-builtin -ffunction-sections -fdata-sections -mcpu=cortex-m0 -mthumb -D__REDLIB__ -specs=redlib.specs -MMD -MP -MF"src/pmu_11xx.d" -MT"src/pmu_11xx.o" -MT"src/pmu_11xx.d" -o "src/pmu_11xx.o" "../src/pmu_11xx.c"
In file included from C:\Users\milesm\Documents\LPCXpresso_7.8.0_426\workspace\lpc_chip_11cxx_lib\inc/chip.h:232:0,
                 from ../src/pmu_11xx.c:32:
C:\Users\milesm\Documents\LPCXpresso_7.8.0_426\workspace\lpc_chip_11cxx_lib\inc/pmu_11xx.h:49:8: warning: missing terminating " character
 #error "LPC1125 support for the PMU driver is not ready
        ^
Finished building: ../src/pmu_11xx.c
 
Building file: ../src/ring_buffer.c
Invoking: MCU C Compiler
arm-none-eabi-gcc -D__REDLIB__ -DDEBUG -D__CODE_RED -DCORE_M0 -I"C:\Users\milesm\Documents\LPCXpresso_7.8.0_426\workspace\lpc_chip_11cxx_lib\inc" -O0 -g3 -Wall -c -fmessage-length=0 -fno-builtin -ffunction-sections -fdata-sections -mcpu=cortex-m0 -mthumb -D__REDLIB__ -specs=redlib.specs -MMD -MP -MF"src/ring_buffer.d" -MT"src/ring_buffer.o" -MT"src/ring_buffer.d" -o "src/ring_buffer.o" "../src/ring_buffer.c"
Finished building: ../src/ring_buffer.c
 
Building file: ../src/ssp_11xx.c
Invoking: MCU C Compiler
arm-none-eabi-gcc -D__REDLIB__ -DDEBUG -D__CODE_RED -DCORE_M0 -I"C:\Users\milesm\Documents\LPCXpresso_7.8.0_426\workspace\lpc_chip_11cxx_lib\inc" -O0 -g3 -Wall -c -fmessage-length=0 -fno-builtin -ffunction-sections -fdata-sections -mcpu=cortex-m0 -mthumb -D__REDLIB__ -specs=redlib.specs -MMD -MP -MF"src/ssp_11xx.d" -MT"src/ssp_11xx.o" -MT"src/ssp_11xx.d" -o "src/ssp_11xx.o" "../src/ssp_11xx.c"
In file included from C:\Users\milesm\Documents\LPCXpresso_7.8.0_426\workspace\lpc_chip_11cxx_lib\inc/chip.h:232:0,
                 from ../src/ssp_11xx.c:32:
C:\Users\milesm\Documents\LPCXpresso_7.8.0_426\workspace\lpc_chip_11cxx_lib\inc/pmu_11xx.h:49:8: warning: missing terminating " character
 #error "LPC1125 support for the PMU driver is not ready
        ^
Finished building: ../src/ssp_11xx.c
 
Building file: ../src/sysctl_11xx.c
Invoking: MCU C Compiler
arm-none-eabi-gcc -D__REDLIB__ -DDEBUG -D__CODE_RED -DCORE_M0 -I"C:\Users\milesm\Documents\LPCXpresso_7.8.0_426\workspace\lpc_chip_11cxx_lib\inc" -O0 -g3 -Wall -c -fmessage-length=0 -fno-builtin -ffunction-sections -fdata-sections -mcpu=cortex-m0 -mthumb -D__REDLIB__ -specs=redlib.specs -MMD -MP -MF"src/sysctl_11xx.d" -MT"src/sysctl_11xx.o" -MT"src/sysctl_11xx.d" -o "src/sysctl_11xx.o" "../src/sysctl_11xx.c"
In file included from C:\Users\milesm\Documents\LPCXpresso_7.8.0_426\workspace\lpc_chip_11cxx_lib\inc/chip.h:232:0,
                 from ../src/sysctl_11xx.c:29:
C:\Users\milesm\Documents\LPCXpresso_7.8.0_426\workspace\lpc_chip_11cxx_lib\inc/pmu_11xx.h:49:8: warning: missing terminating " character
 #error "LPC1125 support for the PMU driver is not ready
        ^
Finished building: ../src/sysctl_11xx.c
 
Building file: ../src/sysinit_11xx.c
Invoking: MCU C Compiler
arm-none-eabi-gcc -D__REDLIB__ -DDEBUG -D__CODE_RED -DCORE_M0 -I"C:\Users\milesm\Documents\LPCXpresso_7.8.0_426\workspace\lpc_chip_11cxx_lib\inc" -O0 -g3 -Wall -c -fmessage-length=0 -fno-builtin -ffunction-sections -fdata-sections -mcpu=cortex-m0 -mthumb -D__REDLIB__ -specs=redlib.specs -MMD -MP -MF"src/sysinit_11xx.d" -MT"src/sysinit_11xx.o" -MT"src/sysinit_11xx.d" -o "src/sysinit_11xx.o" "../src/sysinit_11xx.c"
In file included from C:\Users\milesm\Documents\LPCXpresso_7.8.0_426\workspace\lpc_chip_11cxx_lib\inc/chip.h:232:0,
                 from ../src/sysinit_11xx.c:32:
C:\Users\milesm\Documents\LPCXpresso_7.8.0_426\workspace\lpc_chip_11cxx_lib\inc/pmu_11xx.h:49:8: warning: missing terminating " character
 #error "LPC1125 support for the PMU driver is not ready
        ^
Finished building: ../src/sysinit_11xx.c
 
Building file: ../src/timer_11xx.c
Invoking: MCU C Compiler
arm-none-eabi-gcc -D__REDLIB__ -DDEBUG -D__CODE_RED -DCORE_M0 -I"C:\Users\milesm\Documents\LPCXpresso_7.8.0_426\workspace\lpc_chip_11cxx_lib\inc" -O0 -g3 -Wall -c -fmessage-length=0 -fno-builtin -ffunction-sections -fdata-sections -mcpu=cortex-m0 -mthumb -D__REDLIB__ -specs=redlib.specs -MMD -MP -MF"src/timer_11xx.d" -MT"src/timer_11xx.o" -MT"src/timer_11xx.d" -o "src/timer_11xx.o" "../src/timer_11xx.c"
In file included from C:\Users\milesm\Documents\LPCXpresso_7.8.0_426\workspace\lpc_chip_11cxx_lib\inc/chip.h:232:0,
                 from ../src/timer_11xx.c:32:
C:\Users\milesm\Documents\LPCXpresso_7.8.0_426\workspace\lpc_chip_11cxx_lib\inc/pmu_11xx.h:49:8: warning: missing terminating " character
 #error "LPC1125 support for the PMU driver is not ready
        ^
Finished building: ../src/timer_11xx.c
 
Building file: ../src/uart_11xx.c
Invoking: MCU C Compiler
arm-none-eabi-gcc -D__REDLIB__ -DDEBUG -D__CODE_RED -DCORE_M0 -I"C:\Users\milesm\Documents\LPCXpresso_7.8.0_426\workspace\lpc_chip_11cxx_lib\inc" -O0 -g3 -Wall -c -fmessage-length=0 -fno-builtin -ffunction-sections -fdata-sections -mcpu=cortex-m0 -mthumb -D__REDLIB__ -specs=redlib.specs -MMD -MP -MF"src/uart_11xx.d" -MT"src/uart_11xx.o" -MT"src/uart_11xx.d" -o "src/uart_11xx.o" "../src/uart_11xx.c"
In file included from C:\Users\milesm\Documents\LPCXpresso_7.8.0_426\workspace\lpc_chip_11cxx_lib\inc/chip.h:232:0,
                 from ../src/uart_11xx.c:32:
C:\Users\milesm\Documents\LPCXpresso_7.8.0_426\workspace\lpc_chip_11cxx_lib\inc/pmu_11xx.h:49:8: warning: missing terminating " character
 #error "LPC1125 support for the PMU driver is not ready
        ^
Finished building: ../src/uart_11xx.c
 
Building file: ../src/wwdt_11xx.c
Invoking: MCU C Compiler
arm-none-eabi-gcc -D__REDLIB__ -DDEBUG -D__CODE_RED -DCORE_M0 -I"C:\Users\milesm\Documents\LPCXpresso_7.8.0_426\workspace\lpc_chip_11cxx_lib\inc" -O0 -g3 -Wall -c -fmessage-length=0 -fno-builtin -ffunction-sections -fdata-sections -mcpu=cortex-m0 -mthumb -D__REDLIB__ -specs=redlib.specs -MMD -MP -MF"src/wwdt_11xx.d" -MT"src/wwdt_11xx.o" -MT"src/wwdt_11xx.d" -o "src/wwdt_11xx.o" "../src/wwdt_11xx.c"
In file included from C:\Users\milesm\Documents\LPCXpresso_7.8.0_426\workspace\lpc_chip_11cxx_lib\inc/chip.h:232:0,
                 from ../src/wwdt_11xx.c:32:
C:\Users\milesm\Documents\LPCXpresso_7.8.0_426\workspace\lpc_chip_11cxx_lib\inc/pmu_11xx.h:49:8: warning: missing terminating " character
 #error "LPC1125 support for the PMU driver is not ready
        ^
Finished building: ../src/wwdt_11xx.c
 
Building target: liblpc_chip_11cxx_lib.a
Invoking: MCU Archiver
arm-none-eabi-ar -r  "liblpc_chip_11cxx_lib.a"  ./src/adc_1125.o ./src/adc_11xx.o ./src/chip_11xx.o ./src/clock_11xx.o ./src/gpio_11xx_1.o ./src/gpio_11xx_2.o ./src/gpiogroup_11xx.o ./src/i2c_11xx.o ./src/iocon_11xx.o ./src/pinint_11xx.o ./src/pmu_11xx.o ./src/ring_buffer.o ./src/ssp_11xx.o ./src/sysctl_11xx.o ./src/sysinit_11xx.o ./src/timer_11xx.o ./src/uart_11xx.o ./src/wwdt_11xx.o   
c:\nxp\LPCXpresso_7.8.0_426-2\lpcxpresso\tools\bin\arm-none-eabi-ar.exe: creating liblpc_chip_11cxx_lib.a
Finished building target: liblpc_chip_11cxx_lib.a
 
make --no-print-directory post-build
Performing post-build steps
arm-none-eabi-size "liblpc_chip_11cxx_lib.a" ; # arm-none-eabi-objdump -h -S "liblpc_chip_11cxx_lib.a" >"liblpc_chip_11cxx_lib.lss"
   text	   data	    bss	    dec	    hex	filename
      0	      0	      0	      0	      0	adc_1125.o (ex liblpc_chip_11cxx_lib.a)
   1308	      0	      0	   1308	    51c	adc_11xx.o (ex liblpc_chip_11cxx_lib.a)
     24	      0	      0	     24	     18	chip_11xx.o (ex liblpc_chip_11cxx_lib.a)
    752	      0	      0	    752	    2f0	clock_11xx.o (ex liblpc_chip_11cxx_lib.a)
      0	      0	      0	      0	      0	gpio_11xx_1.o (ex liblpc_chip_11cxx_lib.a)
   1440	      0	      0	   1440	    5a0	gpio_11xx_2.o (ex liblpc_chip_11cxx_lib.a)
      0	      0	      0	      0	      0	gpiogroup_11xx.o (ex liblpc_chip_11cxx_lib.a)
   3940	     28	     40	   4008	    fa8	i2c_11xx.o (ex liblpc_chip_11cxx_lib.a)
      0	      0	      0	      0	      0	iocon_11xx.o (ex liblpc_chip_11cxx_lib.a)
      0	      0	      0	      0	      0	pinint_11xx.o (ex liblpc_chip_11cxx_lib.a)
    100	      0	      0	    100	     64	pmu_11xx.o (ex liblpc_chip_11cxx_lib.a)
    984	      0	      0	    984	    3d8	ring_buffer.o (ex liblpc_chip_11cxx_lib.a)
   2956	      0	      0	   2956	    b8c	ssp_11xx.o (ex liblpc_chip_11cxx_lib.a)
    204	      0	      0	    204	     cc	sysctl_11xx.o (ex liblpc_chip_11cxx_lib.a)
    288	      0	      0	    288	    120	sysinit_11xx.o (ex liblpc_chip_11cxx_lib.a)
    440	      0	      0	    440	    1b8	timer_11xx.o (ex liblpc_chip_11cxx_lib.a)
   1548	      0	      0	   1548	    60c	uart_11xx.o (ex liblpc_chip_11cxx_lib.a)
    204	      0	      0	    204	     cc	wwdt_11xx.o (ex liblpc_chip_11cxx_lib.a)
 

17:28:20 Build Finished (took 2s.836ms)

