******************************************************************************
                  TI ARM Linker Unix v5.1.6                    
******************************************************************************
>> Linked Fri Apr  3 10:44:16 2015

OUTPUT FILE NAME:   <RoverMotherboard.out>
ENTRY POINT SYMBOL: "_c_int00"  address: 0000f3cd


MEMORY CONFIGURATION

         name            origin    length      used     unused   attr    fill
----------------------  --------  ---------  --------  --------  ----  --------
  FLASH                 00000000   00100000  000160ec  000e9f14  R  X
  SRAM                  20000000   00040000  00011888  0002e778  RW X


SEGMENT ALLOCATION MAP

run origin  load origin   length   init length attrs members
----------  ----------- ---------- ----------- ----- -------
00000000    00000000    000160f0   000160f0    r-x
  00000000    00000000    0000003c   0000003c    r-- .resetVecs
  0000003c    0000003c    0001347a   0001347a    r-x .text
  000134b8    000134b8    00002596   00002596    r-- .const
  00015a50    00015a50    000006a0   000006a0    r-- .cinit
20000000    20000000    00000360   00000000    rw-
  20000000    20000000    00000360   00000000    rw- .vecs
20000380    20000380    00011528   00000000    rw-
  20000380    20000380    0001039c   00000000    rw- .bss
  2001071c    2001071c    0000098c   00000000    rw- .data
  200110a8    200110a8    00000800   00000000    rw- .stack


SECTION ALLOCATION MAP

 output                                  attributes/
section   page    origin      length       input sections
--------  ----  ----------  ----------   ----------------
.bootVecs 
*          0    00000000    00000008     DSECT
                  00000000    00000008     boot.aem4f : boot.oem4f (.bootVecs)

.resetVecs 
*          0    00000000    0000003c     
                  00000000    0000003c     RoverMotherboard_pem4f.oem4f (.resetVecs)

xdc.meta   0    00000000    0000010f     COPY SECTION
                  00000000    0000010f     RoverMotherboard_pem4f.oem4f (xdc.meta)

.init_array 
*          0    00000000    00000000     UNINITIALIZED

.text      0    0000003c    0001347a     
                  0000003c    00000c70     stk.aem4f : tcpin.oem4f (.text:TcpInput)
                  00000cac    000008a0               : tcpout.oem4f (.text:TcpOutput)
                  0000154c    00000424     sysbios.aem4f : BIOS.obj (.text:ti_sysbios_family_arm_m3_Hwi_excDumpRegs__I)
                  00001970    00000408     stk.aem4f : ipout.oem4f (.text:IPTxPacket)
                  00001d78    00000384               : ipin.oem4f (.text:IPRxPacket)
                  000020fc    0000033c     ti.targets.arm.rtsarm.aem4f : System.oem4f (.text:xdc_runtime_System_doPrint__I)
                  00002438    0000031c     roveHardwareAbstraction.obj (.text:deviceWrite)
                  00002754    00000304     sysbios.aem4f : BIOS.obj (.text:ti_sysbios_knl_Semaphore_pend__E)
                  00002a58    000002d4     rtsv7M4_T_le_v4SPD16_eabi.lib : trgdrv.obj (.text)
                  00002d2c    000002c0     sysbios.aem4f : BIOS.obj (.text:ti_sysbios_knl_Task_Instance_finalize__E)
                  00002fec    00000274     stk.aem4f : sock.oem4f (.text:SockSet)
                  00003260    0000024c               : ipfrag.oem4f (.text:IPReasm)
                  000034ac    0000024c     sysbios.aem4f : BIOS.obj (.text:ti_sysbios_family_arm_lm4_Timer_start__E)
                  000036f8    00000248                   : BIOS.obj (.text:ti_sysbios_heaps_HeapMem_free__E)
                  00003940    0000023c     stk.aem4f : icmpin.oem4f (.text:ICMPInput)
                  00003b7c    00000234     sysbios.aem4f : BIOS.obj (.text:ti_sysbios_heaps_HeapMem_alloc__E)
                  00003db0    00000224     stk.aem4f : udp.oem4f (.text:UdpInput)
                  00003fd4    00000208     sysbios.aem4f : BIOS.obj (.text:ti_sysbios_knl_Task_sleep__E)
                  000041dc    00000204     Boot.aem4f : Boot_sysctl.oem4f (.text:ti_catalog_arm_cortexm4_tiva_ce_Boot_sysCtlClockFreqSetI__I)
                  000043e0    000001f8     stk.aem4f : sock.oem4f (.text:SockRecv)
                  000045d8    000001f8     sysbios.aem4f : BIOS.obj (.text:ti_sysbios_family_arm_m3_Hwi_excHandlerMax__I)
                  000047d0    000001ec     roveCmdCntrl.obj (.text:roveCmdCntrl)
                  000049bc    000001e8     roveTcpHandler.obj (.text:roveTcpHandler)
                  00004ba4    000001e4     sysbios.aem4f : BIOS.obj (.text:ti_sysbios_knl_Task_Instance_init__E)
                  00004d88    000001b8     drivers_tivaware.aem4f : EMACSnow.oem4f (.text:EMACSnow_NIMUInit)
                  00004f40    000001b4     stk.aem4f : lliout.oem4f (.text:LLITxIpPacket)
                  000050f4    000001b0               : lliin.oem4f (.text:LLIRxPacket)
                  000052a4    00000198     os.aem4f : mem.oem4f (.text:mmAlloc)
                  0000543c    00000194     stk.aem4f : sock.oem4f (.text:SockNew)
                  000055d0    00000190               : igmp.oem4f (.text:IGMPInput)
                  00005760    0000018c     roveHardwareAbstraction.obj (.text:digitalWrite)
                  000058ec    00000184     sysbios.aem4f : BIOS.obj (.text:ti_sysbios_knl_Task_setPri__E)
                  00005a70    00000170     stk.aem4f : rtc.oem4f (.text:RTCReport)
                  00005be0    00000168     sysbios.aem4f : BIOS.obj (.text:ti_sysbios_family_arm_m3_Hwi_excBusFault__I)
                  00005d48    00000166     stk.aem4f : sb.oem4f (.text:SBRead)
                  00005eae    00000002     hal_userled_stub.aem4f : llled.oem4f (.text:LED_TOGGLE)
                  00005eb0    00000164     stk.aem4f : sock.oem4f (.text:SockConnect)
                  00006014    00000154     netctrl_min_ipv4.aem4f : netctrl.oem4f (.text:NC_NetStart)
                  00006168    00000154     sysbios.aem4f : BIOS.obj (.text:ti_sysbios_family_arm_m3_Hwi_excUsageFault__I)
                  000062bc    00000144     stk.aem4f : bind.oem4f (.text:BindNew)
                  00006400    00000140     nettool_ipv4.aem4f : config.oem4f (.text:CfgAddEntry)
                  00006540    00000140                        : dhcpmain.oem4f (.text:DHCPOpen)
                  00006680    00000140     EK_TM4C1294XL.obj (.text:EK_TM4C1294XL_initUART)
                  000067c0    00000140     stk.aem4f : tcp.oem4f (.text:TcpTimeoutCheck)
                  00006900    00000140     drivers_tivaware.aem4f : UARTTiva.oem4f (.text:UARTTiva_open)
                  00006a40    00000140     sysbios.aem4f : BIOS.obj (.text:ti_sysbios_family_arm_m3_Hwi_excMemFault__I)
                  00006b80    0000013c     stk.aem4f : sock.oem4f (.text:SockSend)
                  00006cbc    00000138     sysbios.aem4f : BIOS.obj (.text:ti_sysbios_family_arm_m3_Hwi_dispatchC__I)
                  00006df4    00000138                   : BIOS.obj (.text:ti_sysbios_heaps_HeapMem_Instance_init__E)
                  00006f2c    00000138                   : BIOS.obj (.text:ti_sysbios_knl_Semaphore_post__E)
                  00007064    00000130     driverlib.lib : gpio.obj (.text:GPIOPadConfigSet)
                  00007194    00000130     stk.aem4f : icmp.oem4f (.text:ICMPGenPacket)
                  000072c4    0000012c     EK_TM4C1294XL.obj (.text:EK_TM4C1294XL_initEMAC)
                  000073f0    0000012c     sysbios.aem4f : BIOS.obj (.text:ti_sysbios_knl_Clock_workFunc__E)
                  0000751c    00000128     stk.aem4f : udp.oem4f (.text:UdpOutput)
                  00007644    00000128     sysbios.aem4f : BIOS.obj (.text:ti_sysbios_knl_Task_exit__E)
                  0000776c    00000124     stk.aem4f : sockpcb.oem4f (.text:SockPcbResolve)
                  00007890    00000124     RoverMotherboard_pem4f.oem4f (.text:ti_ndk_config_Global_stackThread)
                  000079b4    00000120     sysbios.aem4f : BIOS.obj (.text:ti_sysbios_knl_Swi_run__I)
                  00007ad4    00000120     ti.targets.arm.rtsarm.aem4f : Error.oem4f (.text:xdc_runtime_Error_policyDefault__E)
                  00007bf4    0000011c     sysbios.aem4f : BIOS.obj (.text:ti_sysbios_knl_Clock_Instance_init__E)
                  00007d10    00000118     stk.aem4f : sockint.oem4f (.text:SockNotify)
                  00007e28    00000118     driverlib.lib : sysctl.obj (.text:SysCtlClockGet)
                  00007f40    00000118     stk.aem4f : tcpout.oem4f (.text:TcpGenPacket)
                  00008058    00000110               : nimu.oem4f (.text:NIMUIoctl)
                  00008168    00000110               : node.oem4f (.text:NodeTreeFree)
                  00008278    00000110               : raw.oem4f (.text:RawInput)
                  00008388    0000010c               : igmp.oem4f (.text:IGMPSendReply)
                  00008494    0000010c               : route.oem4f (.text:RtCreate)
                  000085a0    0000010c               : rtable.oem4f (.text:RtFind)
                  000086ac    00000104     os.aem4f : task.oem4f (.text:llEnter)
                  000087b0    00000104     sysbios.aem4f : BIOS.obj (.text:ti_sysbios_knl_Task_schedule__I)
                  000088b4    00000104     ti.targets.arm.rtsarm.aem4f : Core-mem.oem4f (.text:xdc_runtime_Core_createObject__I)
                  000089b8    00000104     RoverMotherboard_pem4f.oem4f (.text:xdc_runtime_System_printfExtend__I)
                  00008abc    00000102     nettool_ipv4.aem4f : dhcppkt.oem4f (.text:dhcpPacketProcess)
                  00008bbe    00000002     stk.aem4f : nat.oem4f (.text:NatMsg)
                  00008bc0    00000100     netctrl_min_ipv4.aem4f : netctrl.oem4f (.text:NetScheduler)
                  00008cc0    00000100     nettool_ipv4.aem4f : inetaddr.oem4f (.text:inet_aton)
                  00008dc0    000000fe     stk.aem4f : pipe.oem4f (.text:PipeRecv)
                  00008ebe    00000002     os.aem4f : task.oem4f (.text:_TaskInit)
                  00008ec0    000000fc     ti.targets.arm.rtsarm.aem4f : Startup.oem4f (.text:xdc_runtime_Startup_startMods__I)
                  00008fbc    000000f8     drivers_tivaware.aem4f : EMACSnow.oem4f (.text:EMACSnow_emacStart)
                  000090b4    000000f4     os.aem4f : task.oem4f (.text:TaskGetEnv)
                  000091a8    000000f4     sysbios.aem4f : m3_Hwi_asm.obj (.text:ti_sysbios_family_arm_m3_Hwi_dispatch__I)
                  0000929c    000000f4                   : BIOS.obj (.text:ti_sysbios_knl_Task_startCore__E)
                  00009390    000000f0     stk.aem4f : lliout.oem4f (.text:LLIGenArpPacket)
                  00009480    000000f0     sysbios.aem4f : BIOS.obj (.text:ti_sysbios_knl_Task_postInit__I)
                  00009570    000000ee     stk.aem4f : sock.oem4f (.text:SockClose)
                  0000965e    00000002     os.aem4f : task.oem4f (.text:_TaskShutdown)
                  00009660    000000ec     RoverMotherboardMain.obj (.text:main)
                  0000974c    000000e8     os.aem4f : task.oem4f (.text:TaskSetEnv)
                  00009834    000000e0     stk.aem4f : tcptime.oem4f (.text:TcpTimeoutRexmt)
                  00009914    000000dc               : sb.oem4f (.text:SBWrite)
                  000099f0    000000dc     nettool_ipv4.aem4f : dhcpsock.oem4f (.text:dhcpSocketOpen)
                  00009acc    000000da     roveStructTransfer.obj (.text:buildSerialStructMessage)
                  00009ba6    000000da     nettool_ipv4.aem4f : dhcpsm.oem4f (.text:dhcpState)
                  00009c80    000000d8     stk.aem4f : node.oem4f (.text:NodeAdd)
                  00009d58    000000d5               : nimu.oem4f (.text:NIMUReceivePacket)
                  00009e2d    00000001     --HOLE-- [fill = 0]
                  00009e2e    00000002     hal_ser_stub.aem4f : llserstb.oem4f (.text:_llSerialServiceCheck)
                  00009e30    000000d4     drivers_tivaware.aem4f : EMACSnow.oem4f (.text:EMACSnow_handleRx)
                  00009f04    000000d4     stk.aem4f : sockpcb.oem4f (.text:SockPcbBind)
                  00009fd8    000000d2               : tcpprot.oem4f (.text:TcpPrSetOption)
                  0000a0aa    00000002     hal_ser_stub.aem4f : llserstb.oem4f (.text:_llSerialShutdown)
                  0000a0ac    000000d0     sysbios.aem4f : BIOS.obj (.text:ti_sysbios_knl_Swi_Instance_init__E)
                  0000a17c    000000ce     nettool_ipv4.aem4f : dhcpsm.oem4f (.text:dhcpIPAdd)
                  0000a24a    00000002     hal_userled_stub.aem4f : llled.oem4f (.text:_llUserLedInit)
                  0000a24c    000000cc     stk.aem4f : icmp.oem4f (.text:ICMPSendRtAdv)
                  0000a318    000000cc     nettool_ipv4.aem4f : dhcpbild.oem4f (.text:dhcpBuildHeader)
                  0000a3e4    000000cc     roveTcpHandler.obj (.text:parseRoverCommandMessage)
                  0000a4b0    000000cc     ti.targets.arm.rtsarm.aem4f : Core-smem.oem4f (.text:xdc_runtime_Core_constructObject__I)
                  0000a57c    000000ca     nettool_ipv4.aem4f : dhcppkt.oem4f (.text:dhcpVerifyMessage)
                  0000a646    00000002     hal_userled_stub.aem4f : llled.oem4f (.text:_llUserLedShutdown)
                  0000a648    000000c8     stk.aem4f : rawethsock.oem4f (.text:RawEthSockNew)
                  0000a710    000000c4     drivers_tivaware.aem4f : EMACSnow.oem4f (.text:EMACSnow_InitDMADescriptors)
                  0000a7d4    000000c4     stk.aem4f : igmp.oem4f (.text:IGMPJoinHostGroup)
                  0000a898    000000c4     netctrl_min_ipv4.aem4f : netsrv.oem4f (.text:SPIpNet)
                  0000a95c    000000c4     roveTcpHandler.obj (.text:attemptToConnect)
                  0000aa20    000000c4     sysbios.aem4f : BIOS.obj (.text:ti_sysbios_family_arm_m3_Hwi_Module_startup__E)
                  0000aae4    000000c0     nettool_ipv4.aem4f : dhcpsm.oem4f (.text:StateBound)
                  0000aba4    000000bc     stk.aem4f : sockpcb.oem4f (.text:SockPcbFind)
                  0000ac60    000000bc               : vlan.oem4f (.text:VLANDeinit)
                  0000ad1c    000000bc     sysbios.aem4f : BIOS.obj (.text:ti_sysbios_knl_Task_unblockI__E)
                  0000add8    000000b8     EK_TM4C1294XL.obj (.text:EK_TM4C1294XL_initGeneral)
                  0000ae90    000000b8     stk.aem4f : icmpin.oem4f (.text:ICMPRevSrcRoute)
                  0000af48    000000b8               : lli.oem4f (.text:_LLITimeoutCheck)
                  0000b000    000000b4               : tcptime.oem4f (.text:TcpTimeoutKeep)
                  0000b0b4    000000b4     sysbios.aem4f : BIOS.obj (.text:ti_sysbios_family_arm_m3_Hwi_excHardFault__I)
                  0000b168    000000b4                   : BIOS.obj (.text:ti_sysbios_gates_GateMutex_enter__E)
                  0000b21c    000000b4                   : BIOS.obj (.text:ti_sysbios_knl_Task_checkStacks__E)
                  0000b2d0    000000b0     stk.aem4f : rawethsock.oem4f (.text:RawEthSockSet)
                  0000b380    000000b0               : sockint.oem4f (.text:SockCreatePacket)
                  0000b430    000000b0     sysbios.aem4f : BIOS.obj (.text:ti_sysbios_family_arm_m3_Hwi_excDebugMon__I)
                  0000b4e0    000000ac     stk.aem4f : rtable.oem4f (.text:RtTimeoutCheck)
                  0000b58c    000000ac     RoverMotherboard_pem4f.oem4f (.text:ti_ndk_config_ip_init)
                  0000b638    000000ac     sysbios.aem4f : BIOS.obj (.text:ti_sysbios_family_arm_lm4_Timer_enableTiva__I)
                  0000b6e4    000000a8                   : BIOS.obj (.text:ti_sysbios_family_arm_lm4_Timer_enableTimers__I)
                  0000b78c    000000a8                   : BIOS.obj (.text:ti_sysbios_knl_Swi_post__E)
                  0000b834    000000a8                   : BIOS.obj (.text:ti_sysbios_knl_Task_blockI__E)
                  0000b8dc    000000a4     roveHardwareAbstraction.obj (.text:generateMotorCommand)
                  0000b980    000000a0     auto_init.aem4f : auto_init.oem4f (.text)
                  0000ba20    000000a0     sysbios.aem4f : BIOS.obj (.text:ti_sysbios_family_arm_m3_Hwi_Instance_init__E)
                  0000bac0    0000009c     stk.aem4f : exec.oem4f (.text:ExecOpen)
                  0000bb5c    0000009c     netctrl_min_ipv4.aem4f : netsrv.oem4f (.text:ServiceScan)
                  0000bbf8    0000009c     rtsv7M4_T_le_v4SPD16_eabi.lib : memcpy_t2.obj (.text)
                  0000bc94    0000009c     sysbios.aem4f : BIOS.obj (.text:ti_sysbios_knl_Semaphore_Instance_init__E)
                  0000bd30    0000009a     ti.targets.arm.rtsarm.aem4f : Text.oem4f (.text:xdc_runtime_Text_putSite__E)
                  0000bdca    00000002     hal_ser_stub.aem4f : llserstb.oem4f (.text:llSerialService)
                  0000bdcc    00000098     stk.aem4f : ip.oem4f (.text:IPGetRoute)
                  0000be64    00000098     netctrl_min_ipv4.aem4f : netctrl.oem4f (.text:NC_SystemOpen)
                  0000befc    00000096     stk.aem4f : nimu.oem4f (.text:NIMUAddEthernetHeader)
                  0000bf92    00000002     RoverMotherboard_pem4f.oem4f (.text:ti_ndk_config_Global_NetworkClose)
                  0000bf94    00000094     nettool_ipv4.aem4f : config.oem4f (.text:CfgExecute)
                  0000c028    00000094                        : config.oem4f (.text:CfgRemoveEntry)
                  0000c0bc    00000094     Boot.aem4f : Boot.oem4f (.text:ti_catalog_arm_cortexm4_tiva_ce_Boot_sysCtlClockFreqSet__E)
                  0000c150    00000094     sysbios.aem4f : BIOS.obj (.text:ti_sysbios_knl_Mailbox_post__E)
                  0000c1e4    00000094     ti.targets.arm.rtsarm.aem4f : Text.oem4f (.text:xdc_runtime_Text_putMod__E)
                  0000c278    00000090     stk.aem4f : igmp.oem4f (.text:IGMPMsg)
                  0000c308    00000090               : sockpcb.oem4f (.text:SockPcbCtlError)
                  0000c398    00000090     os.aem4f : mem.oem4f (.text:_mmInit)
                  0000c428    00000090              : mem.oem4f (.text:mmBulkAlloc)
                  0000c4b8    0000008e     nettool_ipv4.aem4f : dhcpbild.oem4f (.text:dhcpBuildRequest)
                  0000c546    00000002     RoverMotherboard_pem4f.oem4f (.text:ti_ndk_config_Global_NetworkOpen)
                  0000c548    0000008c     os.aem4f : mem.oem4f (.text:mmInitPage)
                  0000c5d4    0000008c     sysbios.aem4f : BIOS.obj (.text:ti_sysbios_family_arm_m3_Hwi_initNVIC__E)
                  0000c660    0000008c                   : m3_TaskSupport_asm.obj (.text:ti_sysbios_family_arm_m3_TaskSupport_buildTaskStack)
                  0000c6ec    0000008a     netctrl_min_ipv4.aem4f : netsrv.oem4f (.text:SPRoute)
                  0000c776    00000002     RoverMotherboard_pem4f.oem4f (.text:ti_sysbios_BIOS_nullFunc__I)
                  0000c778    00000088     sysbios.aem4f : BIOS.obj (.text:ti_sysbios_knl_Mailbox_Module_startup__E)
                  0000c800    00000086     nettool_ipv4.aem4f : dhcpsm.oem4f (.text:StateRequesting)
                  0000c886    00000002     sysbios.aem4f : BIOS.obj (.text:ti_sysbios_gates_GateHwi_Instance_init__E)
                  0000c888    00000084     stk.aem4f : tcpprot.oem4f (.text:TcpPrAttach)
                  0000c90c    00000084     os.aem4f : mem.oem4f (.text:mmBulkFree)
                  0000c990    00000084     sysbios.aem4f : BIOS.obj (.text:ti_sysbios_knl_Mailbox_pend__E)
                  0000ca14    00000084                   : BIOS.obj (.text:ti_sysbios_knl_Task_Module_startup__E)
                  0000ca98    00000082     nettool_ipv4.aem4f : dhcpsm.oem4f (.text:StateRenewRebind)
                  0000cb1a    00000002     RoverMotherboard_pem4f.oem4f (.text:xdc_runtime_Startup_reset__I)
                  0000cb1c    00000080     stk.aem4f : ip.oem4f (.text:IPMsg)
                  0000cb9c    00000080               : lli.oem4f (.text:LLINew)
                  0000cc1c    00000080     netctrl_min_ipv4.aem4f : netsrv.oem4f (.text:NS_BootTask)
                  0000cc9c    00000080     stk.aem4f : pbm.oem4f (.text:PBM_alloc)
                  0000cd1c    00000080               : raw.oem4f (.text:RawOutput)
                  0000cd9c    00000080     netctrl_min_ipv4.aem4f : netsrv.oem4f (.text:ServiceSpawn)
                  0000ce1c    00000080     os.aem4f : mem.oem4f (.text:mmFree)
                  0000ce9c    0000007f     RoverMotherboard_pem4f.oem4f (.text:ti_ndk_config_Global_NetworkIPAddr)
                  0000cf1b    00000001     --HOLE-- [fill = 0]
                  0000cf1c    0000007e     stk.aem4f : fileuser.oem4f (.text:fdClose)
                  0000cf9a    00000002     --HOLE-- [fill = 0]
                  0000cf9c    0000007c     nettool_ipv4.aem4f : config.oem4f (.text:CfgGetEntry)
                  0000d018    0000007c                        : config.oem4f (.text:CfgGetNextEntry)
                  0000d094    0000007c     drivers_tivaware.aem4f : EMACSnow.oem4f (.text:EMACSnow_processPendingTx)
                  0000d110    0000007c                            : EMACSnow.oem4f (.text:EMACSnow_processPhyInterrupt)
                  0000d18c    0000007c     stk.aem4f : igmp.oem4f (.text:IGMPJoin)
                  0000d208    0000007c               : socket.oem4f (.text:NDK_setsockopt)
                  0000d284    0000007c               : nimu.oem4f (.text:NIMURegister)
                  0000d300    0000007c               : pbm.oem4f (.text:PBM_free)
                  0000d37c    0000007a               : igmp.oem4f (.text:IGMPDoMCast)
                  0000d3f6    0000007a     drivers_tivaware.aem4f : UARTTiva.oem4f (.text:writeData)
                  0000d470    00000078     driverlib.lib : emac.obj (.text:EMACInit)
                  0000d4e8    00000078     stk.aem4f : socket.oem4f (.text:NDK_sendto)
                  0000d560    00000078               : nimu.oem4f (.text:NIMUShutdown)
                  0000d5d8    00000078               : tcptime.oem4f (.text:TcpXmitTimer)
                  0000d650    00000078               : fileuser.oem4f (.text:fdOpenSession)
                  0000d6c8    00000078     nettool_ipv4.aem4f : inetaddr.oem4f (.text:inet_pton)
                  0000d740    00000078     os.aem4f : task.oem4f (.text:llExit)
                  0000d7b8    00000078     rtsv7M4_T_le_v4SPD16_eabi.lib : memset_t2.obj (.text)
                  0000d830    00000075     stk.aem4f : tcptime.oem4f (.text:TcpTimeoutSackRexmt)
                  0000d8a5    00000003     --HOLE-- [fill = 0]
                  0000d8a8    00000074               : raweth.oem4f (.text:RawEthRxPacket)
                  0000d91c    00000074               : sockpcb.oem4f (.text:SockPcbConnect)
                  0000d990    00000074     sysbios.aem4f : BIOS.obj (.text:ti_sysbios_knl_Clock_start__E)
                  0000da04    00000072     stk.aem4f : rtable.oem4f (.text:RtWalkNext)
                  0000da76    00000002     --HOLE-- [fill = 0]
                  0000da78    00000072     os.aem4f : semaphore.oem4f (.text:SemCreateBinary)
                  0000daea    00000002     --HOLE-- [fill = 0]
                  0000daec    00000070     drivers_tivaware.aem4f : EMACSnow.oem4f (.text:EMACSnow_hwiIntFxn)
                  0000db5c    00000070     stk.aem4f : igmp.oem4f (.text:IGMPLeaveHostGroup)
                  0000dbcc    00000070               : rtable.oem4f (.text:RtFlush)
                  0000dc3c    00000070               : sock.oem4f (.text:SockShutdown)
                  0000dcac    00000070     nettool_ipv4.aem4f : dhcptags.oem4f (.text:dhcpDecodeType)
                  0000dd1c    00000070     sysbios.aem4f : BIOS.obj (.text:ti_sysbios_family_arm_m3_Hwi_postInit__I)
                  0000dd8c    00000070     ti.targets.arm.rtsarm.aem4f : Memory.oem4f (.text:xdc_runtime_Memory_alloc__E)
                  0000ddfc    0000006e     stk.aem4f : socket.oem4f (.text:NDK_recv)
                  0000de6a    00000002     --HOLE-- [fill = 0]
                  0000de6c    0000006d               : node.oem4f (.text:NodeNew)
                  0000ded9    00000003     --HOLE-- [fill = 0]
                  0000dedc    0000006c     os.aem4f : ossys.oem4f (.text:DbgPrintf)
                  0000df48    0000006c     drivers_tivaware.aem4f : EMACSnow.oem4f (.text:EMACSnow_emacStop)
                  0000dfb4    0000006c     stk.aem4f : node.oem4f (.text:NodeTreeNew)
                  0000e020    0000006c     drivers_tivaware.aem4f : UARTTiva.oem4f (.text:UARTTiva_read)
                  0000e08c    0000006c                            : UARTTiva.oem4f (.text:UARTTiva_write)
                  0000e0f8    0000006c     ti.targets.arm.rtsarm.aem4f : Error.oem4f (.text:xdc_runtime_Error_print__E)
                  0000e164    0000006a     stk.aem4f : tcpprot.oem4f (.text:TcpPrInherit)
                  0000e1ce    0000006a               : rtable.oem4f (.text:_RtNodeInsert)
                  0000e238    00000068               : socket.oem4f (.text:NDK_socket)
                  0000e2a0    00000068               : pbm.oem4f (.text:PBM_open)
                  0000e308    00000068     netctrl_min_ipv4.aem4f : netsrv.oem4f (.text:SPConfig)
                  0000e370    00000068     stk.aem4f : sockpcb.oem4f (.text:SockPcbFindRaw)
                  0000e3d8    00000068               : udp.oem4f (.text:UdpChecksum)
                  0000e440    00000068     hal_timer_bios.aem4f : lltimer.oem4f (.text:llTimerTick)
                  0000e4a8    00000066     drivers_tivaware.aem4f : UARTTiva.oem4f (.text:UARTTiva_readPolling)
                  0000e50e    00000066     ti.targets.arm.rtsarm.aem4f : Core-mem.oem4f (.text:xdc_runtime_Core_deleteObject__I)
                  0000e574    00000064     nettool_ipv4.aem4f : config.oem4f (.text:CfgFree)
                  0000e5d8    00000064     stk.aem4f : pbm.oem4f (.text:PBMQ_enq)
                  0000e63c    00000064     RoverMotherboard_pem4f.oem4f (.text:ti_sysbios_family_arm_m3_Hwi_create)
                  0000e6a0    00000064     stk.aem4f : lliin.oem4f (.text:updateRtTable)
                  0000e704    00000062               : ipin.oem4f (.text:IPRouteIP)
                  0000e766    00000002     --HOLE-- [fill = 0]
                  0000e768    00000062               : sb.oem4f (.text:SBNew)
                  0000e7ca    00000062     drivers_tivaware.aem4f : UARTTiva.oem4f (.text:UARTTiva_hwiIntFxn)
                  0000e82c    00000062                            : UARTTiva.oem4f (.text:readData)
                  0000e88e    00000002     --HOLE-- [fill = 0]
                  0000e890    00000060     nettool_ipv4.aem4f : config.oem4f (.text:CfgGetEntryCnt)
                  0000e8f0    00000060     stk.aem4f : file.oem4f (.text:FdWaitEvent)
                  0000e950    00000060               : nimu.oem4f (.text:NIMUUnregister)
                  0000e9b0    00000060               : node.oem4f (.text:NodeFind)
                  0000ea10    00000060               : rtc.oem4f (.text:RTCMsg)
                  0000ea70    00000060               : tcp.oem4f (.text:TcpChecksum)
                  0000ead0    00000060     nettool_ipv4.aem4f : dhcptags.oem4f (.text:dhcpBuildOptions)
                  0000eb30    00000060     rtsv7M4_T_le_v4SPD16_eabi.lib : trgmsg.obj (.text)
                  0000eb90    00000060     sysbios.aem4f : BIOS.obj (.text:ti_sysbios_family_arm_lm4_Timer_isrStub__E)
                  0000ebf0    00000060                   : BIOS.obj (.text:ti_sysbios_knl_Clock_logTick__E)
                  0000ec50    00000060     ti.targets.arm.rtsarm.aem4f : System.oem4f (.text:xdc_runtime_System_formatNum__I)
                  0000ecb0    0000005e     stk.aem4f : route.oem4f (.text:RtRemove)
                  0000ed0e    0000005e     nettool_ipv4.aem4f : dhcpsm.oem4f (.text:StateSelecting)
                  0000ed6c    0000005e     rtsv7M4_T_le_v4SPD16_eabi.lib : copy_decompress_rle.obj (.text)
                  0000edca    00000002     --HOLE-- [fill = 0]
                  0000edcc    0000005c     nettool_ipv4.aem4f : config.oem4f (.text:CfgSetExecuteOrder)
                  0000ee28    0000005c     stk.aem4f : nimu.oem4f (.text:NIMUIoctlSpecialCmd)
                  0000ee84    0000005c               : sockint.oem4f (.text:SockSpawnAbort)
                  0000eee0    0000005c               : vlan.oem4f (.text:VLANReceivePacket)
                  0000ef3c    0000005c     sysbios.aem4f : BIOS.obj (.text:ti_sysbios_family_arm_lm4_Timer_Module_startup__E)
                  0000ef98    0000005c     RoverMotherboard_pem4f.oem4f (.text:ti_sysbios_knl_Swi_create)
                  0000eff4    0000005c     RoverMotherboard_pem4f.oem4f (.text:ti_sysbios_knl_Task_create)
                  0000f050    0000005b     ti.targets.arm.rtsarm.aem4f : Text.oem4f (.text:xdc_runtime_Text_putLab__E)
                  0000f0ab    00000001     --HOLE-- [fill = 0]
                  0000f0ac    0000005a     stk.aem4f : route.oem4f (.text:RtRedirect)
                  0000f106    0000005a               : tcpprot.oem4f (.text:TcpValidateMetrics)
                  0000f160    0000005a     nettool_ipv4.aem4f : dhcpbild.oem4f (.text:dhcpBuildDecline)
                  0000f1ba    0000005a     RoverMotherboard_pem4f.oem4f (.text:ti_ndk_config_tcp_init)
                  0000f214    00000058     stk.aem4f : bind.oem4f (.text:BindFree)
                  0000f26c    00000058     driverlib.lib : emac.obj (.text:EMACPHYConfigSet)
                  0000f2c4    00000058     stk.aem4f : igmp.oem4f (.text:IGMPTimer)
                  0000f31c    00000058     netctrl_min_ipv4.aem4f : netsrv.oem4f (.text:SPService)
                  0000f374    00000058     os.aem4f : semaphore.oem4f (.text:SemCreate)
                  0000f3cc    00000058     boot.aem4f : boot.oem4f (.text)
                  0000f424    00000058     roveUarts.obj (.text:init_uart)
                  0000f47c    00000058     RoverMotherboard_pem4f.oem4f (.text:ti_sysbios_family_arm_m3_Hwi_construct)
                  0000f4d4    00000058     sysbios.aem4f : m3_Hwi_asm_switch.obj (.text:ti_sysbios_family_arm_m3_Hwi_initStacks__E)
                  0000f52c    00000058                   : BIOS.obj (.text:ti_sysbios_knl_Swi_restoreHwi__E)
                  0000f584    00000058                   : BIOS.obj (.text:ti_sysbios_knl_Swi_schedule__I)
                  0000f5dc    00000054     nettool_ipv4.aem4f : config.oem4f (.text:CfgEntryDeRef)
                  0000f630    00000054     stk.aem4f : igmp.oem4f (.text:IGMPLeave)
                  0000f684    00000054               : rawethsock_pcb.oem4f (.text:RawEthSockPcbAttach)
                  0000f6d8    00000054               : tcptime.oem4f (.text:TcpTimeoutPersist)
                  0000f72c    00000054     os.aem4f : mem.oem4f (.text:mmCopy)
                  0000f780    00000054     sysbios.aem4f : BIOS.obj (.text:ti_sysbios_knl_Swi_Instance_finalize__E)
                  0000f7d4    00000050     stk.aem4f : socket.oem4f (.text:NDK_bind)
                  0000f824    00000050               : socket.oem4f (.text:NDK_connect)
                  0000f874    00000050               : route.oem4f (.text:RtNew)
                  0000f8c4    00000050     driverlib.lib : sysctl.obj (.text:SysCtlPeripheralReset)
                  0000f914    00000050     stk.aem4f : tcpprot.oem4f (.text:TcpPrDetach)
                  0000f964    00000050     Boot.aem4f : Boot_sysctl.oem4f (.text:_SysCtlFrequencyGet)
                  0000f9b4    00000050     ti.targets.arm.rtsarm.aem4f : Startup.oem4f (.text:xdc_runtime_Startup_exec__E)
                  0000fa04    00000050                                 : Text.oem4f (.text:xdc_runtime_Text_visitRope2__I)
                  0000fa54    0000004e     stk.aem4f : node.oem4f (.text:NodeDeRef)
                  0000faa2    00000002     --HOLE-- [fill = 0]
                  0000faa4    0000004c     nettool_ipv4.aem4f : ipaddr.oem4f (.text:NtAddNetwork)
                  0000faf0    0000004c     stk.aem4f : sockint.oem4f (.text:SockValidateRoute)
                  0000fb3c    0000004c               : file.oem4f (.text:fdint_lockfd)
                  0000fb88    0000004c     sysbios.aem4f : BIOS.obj (.text:ti_sysbios_knl_Swi_runLoop__I)
                  0000fbd4    0000004a     stk.aem4f : sock.oem4f (.text:SockDisconnect)
                  0000fc1e    00000002     --HOLE-- [fill = 0]
                  0000fc20    0000004a               : timer.oem4f (.text:TimerNew)
                  0000fc6a    0000004a     nettool_ipv4.aem4f : config.oem4f (.text:_CfgEntryScan)
                  0000fcb4    0000004a     roveStructTransfer.obj (.text:calcCheckSum)
                  0000fcfe    00000048     nettool_ipv4.aem4f : config.oem4f (.text:CfgNew)
                  0000fd46    00000002     --HOLE-- [fill = 0]
                  0000fd48    00000048     drivers_tivaware.aem4f : EMACSnow.oem4f (.text:EMACSnow_processTransmitted)
                  0000fd90    00000048     driverlib.lib : gpio.obj (.text:GPIOPinConfigure)
                  0000fdd8    00000048     stk.aem4f : lli.oem4f (.text:LLIMsg)
                  0000fe20    00000048               : node.oem4f (.text:NodeWalk)
                  0000fe68    00000048               : sockpcb.oem4f (.text:SockPcbResolveChain)
                  0000feb0    00000048               : tcpprot.oem4f (.text:TcpDrop)
                  0000fef8    00000048               : lli.oem4f (.text:_LLIExpListInsert)
                  0000ff40    00000048               : rtable.oem4f (.text:_RtExpListInsert)
                  0000ff88    00000048     sysbios.aem4f : BIOS.obj (.text:ti_sysbios_family_arm_m3_Hwi_excReserved__I)
                  0000ffd0    00000048                   : BIOS.obj (.text:ti_sysbios_heaps_HeapMem_getStats__E)
                  00010018    00000048                   : BIOS.obj (.text:ti_sysbios_knl_Task_deleteTerminatedTasksFunc__I)
                  00010060    00000048     ti.targets.arm.rtsarm.aem4f : Assert.oem4f (.text:xdc_runtime_Assert_raise__I)
                  000100a8    00000046     nettool_ipv4.aem4f : ipaddr.oem4f (.text:NtIfIdx2Ip)
                  000100ee    00000046     netctrl_min_ipv4.aem4f : netsrv.oem4f (.text:ServiceKill)
                  00010134    00000046     ti.targets.arm.rtsarm.aem4f : Core-params.oem4f (.text:xdc_runtime_Core_assignParams__I)
                  0001017a    00000002     --HOLE-- [fill = 0]
                  0001017c    00000044     EK_TM4C1294XL.obj (.text:EK_TM4C1294XL_initGPIO)
                  000101c0    00000044     stk.aem4f : ipfrag.oem4f (.text:IPReasmFree)
                  00010204    00000044               : lli.oem4f (.text:LLIGetValidTime)
                  00010248    00000044               : rawethsock_pcb.oem4f (.text:RawEthSockPcbDetach)
                  0001028c    00000044               : rtable.oem4f (.text:RouteMsg)
                  000102d0    00000044               : rtable.oem4f (.text:RtWalkEnd)
                  00010314    00000044               : timer.oem4f (.text:TimerListInsert)
                  00010358    00000044     hal_timer_bios.aem4f : lltimer.oem4f (.text:llTimerGetTime)
                  0001039c    00000044     roveTcpHandler.obj (.text:roveRecv)
                  000103e0    00000044     rtsv7M4_T_le_v4SPD16_eabi.lib : cpy_tbl.obj (.text)
                  00010424    00000044                                   : exit.obj (.text)
                  00010468    00000044     sysbios.aem4f : BIOS.obj (.text:ti_sysbios_family_arm_lm4_Timer_stop__E)
                  000104ac    00000044                   : BIOS.obj (.text:ti_sysbios_family_arm_m3_Hwi_disableInterrupt__E)
                  000104f0    00000044                   : BIOS.obj (.text:ti_sysbios_family_arm_m3_Hwi_enableInterrupt__E)
                  00010534    00000044                   : BIOS.obj (.text:ti_sysbios_knl_Task_allBlockedFunction__I)
                  00010578    00000044     ti.targets.arm.rtsarm.aem4f : Error.oem4f (.text:xdc_runtime_Error_setX__E)
                  000105bc    00000044                                 : SysMin.oem4f (.text:xdc_runtime_SysMin_flush__E)
                  00010600    00000042     stk.aem4f : tcpprot.oem4f (.text:TcpPrSendOOB)
                  00010642    00000042     driverlib.lib : uart.obj (.text:UARTConfigSetExpClk)
                  00010684    00000042     stk.aem4f : fileuser.oem4f (.text:fdCloseSession)
                  000106c6    00000042     rtsv7M4_T_le_v4SPD16_eabi.lib : u_divt2.obj (.text)
                  00010708    00000040     stk.aem4f : lliin.oem4f (.text:LLIValidateRoute)
                  00010748    00000040               : pbm.oem4f (.text:PBM_copy)
                  00010788    00000040               : sockpcb.oem4f (.text:SockPcbDetach)
                  000107c8    00000040               : sockpcb.oem4f (.text:SockPcbRtChange)
                  00010808    00000040               : tcpprot.oem4f (.text:TcpPrDisconnect)
                  00010848    00000040     drivers_tivaware.aem4f : UARTTiva.oem4f (.text:UARTTiva_writePolling)
                  00010888    00000040     os.aem4f : mem.oem4f (.text:mmZeroInit)
                  000108c8    00000040     sysbios.aem4f : BIOS.obj (.text:ti_sysbios_family_arm_lm4_Timer_startup__E)
                  00010908    0000003e     nettool_ipv4.aem4f : dhcpmain.oem4f (.text:DHCPClose)
                  00010946    0000003e     stk.aem4f : icmp.oem4f (.text:ICMPChecksum)
                  00010984    0000003e               : nimu.oem4f (.text:NIMUAllocateName)
                  000109c2    0000003e               : tcpprot.oem4f (.text:TcpPrCtlError)
                  00010a00    0000003e               : file.oem4f (.text:fdint_unlockfd)
                  00010a3e    0000003e     roveStructs.obj (.text:getStructSize)
                  00010a7c    0000003c     nettool_ipv4.aem4f : config.oem4f (.text:CfgEntryGetData)
                  00010ab8    0000003c     driverlib.lib : emac.obj (.text:EMACIntDisable)
                  00010af4    0000003c     stk.aem4f : node.oem4f (.text:NodeUpdatePL)
                  00010b30    0000003c               : rtable.oem4f (.text:RtWalkBegin)
                  00010b6c    0000003c               : tcpprot.oem4f (.text:TcpPrConnect)
                  00010ba8    0000003c               : tcptime.oem4f (.text:TcpSetPersist)
                  00010be4    0000003c               : rtc.oem4f (.text:_RTCSendRtAdv)
                  00010c20    0000003c     hal_timer_bios.aem4f : lltimer.oem4f (.text:_llTimerInit)
                  00010c5c    0000003c     sysbios.aem4f : BIOS.obj (.text:ti_sysbios_family_arm_m3_Hwi_excSvCall__I)
                  00010c98    0000003c                   : BIOS.obj (.text:ti_sysbios_family_arm_m3_Hwi_getStackInfo__E)
                  00010cd4    0000003c                   : BIOS.obj (.text:ti_sysbios_heaps_HeapMem_init__I)
                  00010d10    0000003c     RoverMotherboard_pem4f.oem4f (.text:ti_sysbios_knl_Clock_create)
                  00010d4c    0000003c     sysbios.aem4f : BIOS.obj (.text:ti_sysbios_knl_Swi_startup__E)
                  00010d88    0000003c     ti.targets.arm.rtsarm.aem4f : Text.oem4f (.text:xdc_runtime_Text_xprintf__I)
                  00010dc4    0000003a     driverlib.lib : emac.obj (.text:EMACIntEnable)
                  00010dfe    0000003a     stk.aem4f : rtable.oem4f (.text:_RtNodeRemove)
                  00010e38    00000038     driverlib.lib : emac.obj (.text:EMACConfigGet)
                  00010e70    00000038     stk.aem4f : ipfrag.oem4f (.text:IPReasmTimeout)
                  00010ea8    00000038               : node.oem4f (.text:NodeGetRt)
                  00010ee0    00000038     driverlib.lib : sysctl.obj (.text:SysCtlPeripheralReady)
                  00010f18    00000038     os.aem4f : task.oem4f (.text:TaskCreate)
                  00010f50    00000038     stk.aem4f : tcpprot.oem4f (.text:TcpClose)
                  00010f88    00000038               : timer.oem4f (.text:TimerHSTick)
                  00010fc0    00000038     drivers_tivaware.aem4f : UART.oem4f (.text:UART_init)
                  00010ff8    00000038     nettool_ipv4.aem4f : dhcptags.oem4f (.text:dhcpOptionsClear)
                  00011030    00000038     stk.aem4f : file.oem4f (.text:fdint_waitevent)
                  00011068    00000038     sysbios.aem4f : BIOS.obj (.text:ti_sysbios_family_arm_m3_Hwi_excNoIsr__I)
                  000110a0    00000038                   : BIOS.obj (.text:ti_sysbios_family_arm_m3_TaskSupport_start__E)
                  000110d8    00000038                   : BIOS.obj (.text:ti_sysbios_knl_Task_processVitalTaskFlag__I)
                  00011110    00000038     ti.targets.arm.rtsarm.aem4f : SysMin.oem4f (.text:xdc_runtime_SysMin_putch__E)
                  00011148    00000038                                 : System.oem4f (.text:xdc_runtime_System_atexit__E)
                  00011180    00000034     nettool_ipv4.aem4f : config.oem4f (.text:CfgSetService)
                  000111b4    00000034     driverlib.lib : emac.obj (.text:EMACConfigSet)
                  000111e8    00000034                   : emac.obj (.text:EMACIntClear)
                  0001121c    00000034     drivers_tivaware.aem4f : EMAC.oem4f (.text:EMAC_init)
                  00011250    00000034     stk.aem4f : ip.oem4f (.text:IPChecksum)
                  00011284    00000034               : nimu.oem4f (.text:NIMUFindByName)
                  000112b8    00000034               : nimu.oem4f (.text:NIMUInit)
                  000112ec    00000034     driverlib.lib : sysctl.obj (.text:SysCtlPeripheralEnable)
                  00011320    00000034     drivers_tivaware.aem4f : UARTTiva.oem4f (.text:UARTTiva_close)
                  00011354    00000034     nettool_ipv4.aem4f : dhcpbild.oem4f (.text:dhcpBuildDiscover)
                  00011388    00000034     os.aem4f : mem.oem4f (.text:mmUnInitPage)
                  000113bc    00000034     sysbios.aem4f : BIOS.obj (.text:ti_sysbios_family_arm_m3_Hwi_excNmi__I)
                  000113f0    00000034                   : BIOS.obj (.text:ti_sysbios_hal_Hwi_checkStack)
                  00011424    00000034     RoverMotherboard_pem4f.oem4f (.text:ti_sysbios_knl_Semaphore_create)
                  00011458    00000034     ti.targets.arm.rtsarm.aem4f : Core-label.oem4f (.text:xdc_runtime_Core_assignLabel__I)
                  0001148c    00000033                                 : Text.oem4f (.text:xdc_runtime_Text_printVisFxn__I)
                  000114bf    00000001     --HOLE-- [fill = 0]
                  000114c0    00000032     nettool_ipv4.aem4f : config.oem4f (.text:CfgGetImmediate)
                  000114f2    00000032     stk.aem4f : route.oem4f (.text:RtDeRef)
                  00011524    00000032               : sb.oem4f (.text:SBSetMax)
                  00011556    00000032               : sock.oem4f (.text:SockIntAbort)
                  00011588    00000032               : tcpprot.oem4f (.text:TcpPrSend)
                  000115ba    00000032     drivers_tivaware.aem4f : UARTTiva.oem4f (.text:UARTTiva_readCancel)
                  000115ec    00000032                            : UARTTiva.oem4f (.text:UARTTiva_writeCancel)
                  0001161e    00000032     nettool_ipv4.aem4f : config.oem4f (.text:_CfgAcquire)
                  00011650    00000032                        : dhcpsm.oem4f (.text:dhcpIPRemove)
                  00011682    00000032     sysbios.aem4f : BIOS.obj (.text:ti_sysbios_knl_Semaphore_pendTimeout__I)
                  000116b4    00000030     driverlib.lib : emac.obj (.text:EMACAddrSet)
                  000116e4    00000030     drivers_tivaware.aem4f : EMACSnow.oem4f (.text:EMACSnow_handlePackets)
                  00011714    00000030     os.aem4f : task.oem4f (.text:NDK_hookCreate)
                  00011744    00000030     netctrl_min_ipv4.aem4f : netsrv.oem4f (.text:NS_PreBoot)
                  00011774    00000030     stk.aem4f : sb.oem4f (.text:SBFlush)
                  000117a4    00000030               : sock.oem4f (.text:SockBind)
                  000117d4    00000030               : sockpcb.oem4f (.text:SockCleanPcb)
                  00011804    00000030               : sockprot.oem4f (.text:SockPrCtlError)
                  00011834    00000030     nettool_ipv4.aem4f : dhcpsock.oem4f (.text:dhcpPacketSend)
                  00011864    00000030     stk.aem4f : listlib.oem4f (.text:list_remove_node)
                  00011894    00000030     RoverMotherboard_pem4f.oem4f (.text:ti_sysbios_BIOS_atExitFunc__I)
                  000118c4    00000030     RoverMotherboard_pem4f.oem4f (.text:ti_sysbios_gates_GateHwi_Object__create__S)
                  000118f4    00000030     RoverMotherboard_pem4f.oem4f (.text:ti_sysbios_gates_GateMutex_Object__create__S)
                  00011924    00000030     RoverMotherboard_pem4f.oem4f (.text:ti_sysbios_heaps_HeapMem_Object__create__S)
                  00011954    00000030     RoverMotherboard_pem4f.oem4f (.text:ti_sysbios_knl_Semaphore_construct)
                  00011984    00000030     ti.targets.arm.rtsarm.aem4f : SysMin.oem4f (.text:xdc_runtime_SysMin_abort__E)
                  000119b4    00000030                                 : System.oem4f (.text:xdc_runtime_System_processAtExit__E)
                  000119e4    0000002e     stk.aem4f : rawethsock.oem4f (.text:RawEthSockNotify)
                  00011a12    0000002e               : route.oem4f (.text:RtSetFailure)
                  00011a40    0000002e               : sb.oem4f (.text:SBFree)
                  00011a6e    0000002c     driverlib.lib : emac.obj (.text:EMACIntStatus)
                  00011a9a    0000002c     stk.aem4f : file.oem4f (.text:FdSignalEvent)
                  00011ac6    0000002c               : nimu.oem4f (.text:NIMUAllocateIndex)
                  00011af2    00000002     --HOLE-- [fill = 0]
                  00011af4    0000002c               : nimu.oem4f (.text:NIMUPacketServiceCheck)
                  00011b20    0000002c               : pipe.oem4f (.text:PipeClose)
                  00011b4c    0000002c               : sockpcb.oem4f (.text:SockPcbAttach)
                  00011b78    0000002c     Boot.aem4f : Boot_sysctl.oem4f (.text:_SysCtlMemTimingGet)
                  00011ba4    0000002c     sysbios.aem4f : BIOS.obj (.text:ti_sysbios_hal_Hwi_initStack)
                  00011bd0    0000002c     RoverMotherboard_pem4f.oem4f (.text:ti_sysbios_knl_Clock_doTick__I)
                  00011bfc    0000002c     RoverMotherboard_pem4f.oem4f (.text:ti_sysbios_knl_Queue_construct)
                  00011c28    0000002c     sysbios.aem4f : BIOS.obj (.text:ti_sysbios_knl_Task_restore__E)
                  00011c54    0000002c     ti.targets.arm.rtsarm.aem4f : Text.oem4f (.text:xdc_runtime_Text_cordText__E)
                  00011c80    0000002a     driverlib.lib : gpio.obj (.text:GPIODirModeSet)
                  00011caa    0000002a     stk.aem4f : lli.oem4f (.text:LLIFree)
                  00011cd4    0000002a               : pbm.oem4f (.text:PBMQ_deq)
                  00011cfe    0000002a     nettool_ipv4.aem4f : config.oem4f (.text:_CfgRelease)
                  00011d28    0000002a     ti.targets.arm.rtsarm.aem4f : System.oem4f (.text:xdc_runtime_System_putchar__I)
                  00011d52    00000002     --HOLE-- [fill = 0]
                  00011d54    00000028     stk.aem4f : bind.oem4f (.text:BindFindByNet)
                  00011d7c    00000028     drivers_tivaware.aem4f : EMACSnow.oem4f (.text:EMACSnow_isLinkUp)
                  00011da4    00000028                            : EMACSnow.oem4f (.text:EMACSnow_pkt_service)
                  00011dcc    00000028     stk.aem4f : igmp.oem4f (.text:IGMPTestGroup)
                  00011df4    00000028     netctrl_min_ipv4.aem4f : netctrl.oem4f (.text:NC_SystemClose)
                  00011e1c    00000028     stk.aem4f : nimu.oem4f (.text:NIMUCreatePacket)
                  00011e44    00000028               : nimu.oem4f (.text:NIMUPacketService)
                  00011e6c    00000028     netctrl_min_ipv4.aem4f : netsrv.oem4f (.text:ServiceCallback)
                  00011e94    00000028     stk.aem4f : tcpin.oem4f (.text:TcpEnterTimeWait)
                  00011ebc    00000028               : vlan.oem4f (.text:VLANFindSourceInterface)
                  00011ee4    00000028               : vlan.oem4f (.text:VLANInit)
                  00011f0c    00000028               : lli.oem4f (.text:_LLIExpListRemove)
                  00011f34    00000028               : lli.oem4f (.text:_LLITimeoutFlush)
                  00011f5c    00000028               : rtable.oem4f (.text:_RtExpListRemove)
                  00011f84    00000028     nettool_ipv4.aem4f : dhcpsock.oem4f (.text:dhcpPacketReceive)
                  00011fac    00000028     sysbios.aem4f : BIOS.obj (.text:ti_sysbios_family_arm_m3_Hwi_Instance_finalize__E)
                  00011fd4    00000026     driverlib.lib : emac.obj (.text:EMACPHYRead)
                  00011ffa    00000026                   : emac.obj (.text:EMACPHYWrite)
                  00012020    00000026     stk.aem4f : rawethsock.oem4f (.text:RawEthSockClose)
                  00012046    00000026               : route.oem4f (.text:RtSetTimeout)
                  0001206c    00000026     RoverMotherboard_pem4f.oem4f (.text:ti_ndk_config_udp_init)
                  00012092    00000026     sysbios.aem4f : m3_Hwi_asm.obj (.text:ti_sysbios_family_arm_m3_Hwi_pendSV__I)
                  000120b8    00000026     ti.targets.arm.rtsarm.aem4f : System.oem4f (.text:xdc_runtime_System_avprintf__E)
                  000120de    00000024     stk.aem4f : bind.oem4f (.text:BindGetIFByDBCast)
                  00012102    00000002     --HOLE-- [fill = 0]
                  00012104    00000024     drivers_tivaware.aem4f : EMACSnow.oem4f (.text:EMACSnow_emacPoll)
                  00012128    00000024                            : EMACSnow.oem4f (.text:EMACSnow_primeRx)
                  0001214c    00000024     stk.aem4f : exec.oem4f (.text:ExecTimer)
                  00012170    00000024     drivers_tivaware.aem4f : GPIOTiva.oem4f (.text:GPIO_init)
                  00012194    00000024     stk.aem4f : nimu.oem4f (.text:NIMUFindByIndex)
                  000121b8    00000024               : rawethsock_pcb.oem4f (.text:RawEthSockPcbFind)
                  000121dc    00000024               : route.oem4f (.text:RtFree)
                  00012200    00000024               : sockpcb.oem4f (.text:SockPcbCleanup)
                  00012224    00000024               : tcptime.oem4f (.text:TcpTimeoutWait2)
                  00012248    00000024               : timer.oem4f (.text:TimerListRemove)
                  0001226c    00000024     nettool_ipv4.aem4f : config.oem4f (.text:_CfgEntryProcess)
                  00012290    00000024     RoverMotherboard_pem4f.oem4f (.text:ti_sysbios_BIOS_errorRaiseHook__I)
                  000122b4    00000024     RoverMotherboard_pem4f.oem4f (.text:ti_sysbios_BIOS_registerRTSLock__I)
                  000122d8    00000024     RoverMotherboard_pem4f.oem4f (.text:ti_sysbios_BIOS_removeRTSLock__I)
                  000122fc    00000024     RoverMotherboard_pem4f.oem4f (.text:ti_sysbios_BIOS_startFunc__I)
                  00012320    00000024     sysbios.aem4f : BIOS.obj (.text:ti_sysbios_family_arm_m3_Hwi_doTaskRestore__I)
                  00012344    00000024     RoverMotherboard_pem4f.oem4f (.text:ti_sysbios_gates_GateMutex_Object__delete__S)
                  00012368    00000024     sysbios.aem4f : BIOS.obj (.text:ti_sysbios_knl_Clock_Module_startup__E)
                  0001238c    00000024     RoverMotherboard_pem4f.oem4f (.text:ti_sysbios_knl_Semaphore_Object__delete__S)
                  000123b0    00000024     sysbios.aem4f : BIOS.obj (.text:ti_sysbios_knl_Swi_Module_startup__E)
                  000123d4    00000024                   : BIOS.obj (.text:ti_sysbios_knl_Task_enter__I)
                  000123f8    00000024     ti.targets.arm.rtsarm.aem4f : System.oem4f (.text:xdc_runtime_System_vprintf__E)
                  0001241c    00000022     nettool_ipv4.aem4f : config.oem4f (.text:CfgEntryInfo)
                  0001243e    00000022                        : config.oem4f (.text:CfgEntryRef)
                  00012460    00000022     stk.aem4f : vlan.oem4f (.text:VLANFindNode)
                  00012482    00000022     RoverMotherboard_pem4f.oem4f (.text:xdc_runtime_SysMin_output__I)
                  000124a4    00000020     stk.aem4f : bind.oem4f (.text:BindFindByHost)
                  000124c4    00000020     netctrl_min_ipv4.aem4f : netctrl.oem4f (.text:NC_BootComplete)
                  000124e4    00000020     stk.aem4f : nimu.oem4f (.text:NIMUGetNumOfObject)
                  00012504    00000020               : rtc.oem4f (.text:RTCAddHook)
                  00012524    00000020               : rtc.oem4f (.text:RTCRemoveHook)
                  00012544    00000020     RoverMotherboard_pem4f.oem4f (.text:ti_sysbios_family_arm_m3_Hwi_Object__delete__S)
                  00012564    00000020     sysbios.aem4f : m3_Hwi_asm.obj (.text:ti_sysbios_family_arm_m3_Hwi_excHandlerAsm__I)
                  00012584    00000020                   : BIOS.obj (.text:ti_sysbios_family_arm_m3_Hwi_excHandler__I)
                  000125a4    00000020     RoverMotherboard_pem4f.oem4f (.text:ti_sysbios_gates_GateHwi_Object__delete__S)
                  000125c4    00000020     RoverMotherboard_pem4f.oem4f (.text:ti_sysbios_heaps_HeapMem_Object__delete__S)
                  000125e4    00000020     sysbios.aem4f : BIOS.obj (.text:ti_sysbios_knl_Idle_run__E)
                  00012604    00000020     RoverMotherboard_pem4f.oem4f (.text:ti_sysbios_knl_Semaphore_Object__destruct__S)
                  00012624    00000020     RoverMotherboard_pem4f.oem4f (.text:ti_sysbios_knl_Swi_Object__delete__S)
                  00012644    00000020     RoverMotherboard_pem4f.oem4f (.text:ti_sysbios_knl_Task_Object__delete__S)
                  00012664    00000020     ti.targets.arm.rtsarm.aem4f : Registry.oem4f (.text:xdc_runtime_Registry_findById__E)
                  00012684    00000020                                 : SysMin.oem4f (.text:xdc_runtime_SysMin_Module_startup__E)
                  000126a4    0000001e     stk.aem4f : fileuser.oem4f (.text:fdError)
                  000126c2    0000001e               : listlib.oem4f (.text:list_remove)
                  000126e0    0000001e     roveTcpHandler.obj (.text:recv)
                  000126fe    0000001e     sysbios.aem4f : m3_Hwi_asm_switch.obj (.text:ti_sysbios_family_xxx_Hwi_switchAndRunFunc)
                  0001271c    0000001c     stk.aem4f : bind.oem4f (.text:BindFindByIF)
                  00012738    0000001c     drivers_tivaware.aem4f : EMACSnow.oem4f (.text:EMACSnow_init)
                  00012754    0000001c     stk.aem4f : exec.oem4f (.text:ExecBroadcast)
                  00012770    0000001c               : exec.oem4f (.text:ExecClose)
                  0001278c    0000001c     os.aem4f : ossys.oem4f (.text:NDK_sprintf)
                  000127a8    0000001c     stk.aem4f : nimu.oem4f (.text:NIMUAddHeader)
                  000127c4    0000001c               : sockprot.oem4f (.text:SockPrDetach)
                  000127e0    0000001c     os.aem4f : task.oem4f (.text:TaskDestroy)
                  000127fc    0000001c     stk.aem4f : tcp.oem4f (.text:TcpTimeoutRemove)
                  00012818    0000001c     driverlib.lib : uart.obj (.text:UARTDisable)
                  00012834    0000001c     RoverMotherboard_pem4f.oem4f (.text:ti_ndk_config_global_taskCreateHook)
                  00012850    0000001c     RoverMotherboard_pem4f.oem4f (.text:ti_sysbios_BIOS_rtsLock__I)
                  0001286c    0000001c     RoverMotherboard_pem4f.oem4f (.text:ti_sysbios_family_arm_m3_Hwi_Object__destruct__S)
                  00012888    0000001c     sysbios.aem4f : BIOS.obj (.text:ti_sysbios_gates_GateMutex_Instance_init__E)
                  000128a4    0000001c     RoverMotherboard_pem4f.oem4f (.text:ti_sysbios_knl_Queue_Object__destruct__S)
                  000128c0    0000001c     ti.targets.arm.rtsarm.aem4f : Error.oem4f (.text:xdc_runtime_Error_raiseX__E)
                  000128dc    0000001c                                 : Memory.oem4f (.text:xdc_runtime_Memory_valloc__E)
                  000128f8    0000001c                                 : SysMin.oem4f (.text:xdc_runtime_SysMin_exit__E)
                  00012914    0000001c                                 : System.oem4f (.text:xdc_runtime_System_abort__E)
                  00012930    0000001a     stk.aem4f : sockint.oem4f (.text:SockSetOOBMark)
                  0001294a    0000001a               : file.oem4f (.text:fdint_getfdt)
                  00012964    0000001a     RoverMotherboard_pem4f.oem4f (.text:ti_sysbios_family_arm_m3_Hwi_Handle__label__S)
                  0001297e    0000001a     RoverMotherboard_pem4f.oem4f (.text:ti_sysbios_gates_GateHwi_Handle__label__S)
                  00012998    0000001a     RoverMotherboard_pem4f.oem4f (.text:ti_sysbios_gates_GateMutex_Handle__label__S)
                  000129b2    0000001a     RoverMotherboard_pem4f.oem4f (.text:ti_sysbios_heaps_HeapMem_Handle__label__S)
                  000129cc    0000001a     RoverMotherboard_pem4f.oem4f (.text:ti_sysbios_knl_Swi_Handle__label__S)
                  000129e6    0000001a     RoverMotherboard_pem4f.oem4f (.text:ti_sysbios_knl_Task_Handle__label__S)
                  00012a00    0000001a     sysbios.aem4f : BIOS.obj (.text:ti_sysbios_knl_Task_sleepTimeout__I)
                  00012a1a    0000001a     RoverMotherboard_pem4f.oem4f (.text:xdc_runtime_System_aprintf__E)
                  00012a34    0000001a     RoverMotherboard_pem4f.oem4f (.text:xdc_runtime_System_printf__E)
                  00012a4e    00000002     --HOLE-- [fill = 0]
                  00012a50    00000018     drivers_tivaware.aem4f : EMACSnow.oem4f (.text:EMACSnow_emacSend)
                  00012a68    00000018     driverlib.lib : gpio.obj (.text:GPIOPinTypeGPIOOutput)
                  00012a80    00000018     stk.aem4f : ip.oem4f (.text:IPRtChange)
                  00012a98    00000018               : rawethsock_pcb.oem4f (.text:RawEthSockPcbCleanup)
                  00012ab0    00000018     nettool_ipv4.aem4f : ipaddr.oem4f (.text:RouteHook)
                  00012ac8    00000018     stk.aem4f : tcpin.oem4f (.text:SEQ_GEQ)
                  00012ae0    00000018               : tcpout.oem4f (.text:SEQ_GEQ)
                  00012af8    00000018               : tcpin.oem4f (.text:SEQ_GT)
                  00012b10    00000018               : tcpout.oem4f (.text:SEQ_GT)
                  00012b28    00000018               : tcpin.oem4f (.text:SEQ_LEQ)
                  00012b40    00000018               : tcpout.oem4f (.text:SEQ_LEQ)
                  00012b58    00000018               : tcpin.oem4f (.text:SEQ_LT)
                  00012b70    00000018               : tcpout.oem4f (.text:SEQ_LT)
                  00012b88    00000018               : tcp.oem4f (.text:TcpTimeoutAdd)
                  00012ba0    00000018     drivers_tivaware.aem4f : UART.oem4f (.text:UART_Params_init)
                  00012bb8    00000018                            : UART.oem4f (.text:UART_open)
                  00012bd0    00000018     nettool_ipv4.aem4f : dhcpsock.oem4f (.text:dhcpSocketClose)
                  00012be8    00000018     stk.aem4f : listlib.oem4f (.text:list_add)
                  00012c00    00000018     roveTiming.obj (.text:ms_delay)
                  00012c18    00000018     rtsv7M4_T_le_v4SPD16_eabi.lib : args_main.obj (.text)
                  00012c30    00000018                                   : strcmp.obj (.text)
                  00012c48    00000018     RoverMotherboard_pem4f.oem4f (.text:ti_sysbios_BIOS_rtsUnlock__I)
                  00012c60    00000018     RoverMotherboard_pem4f.oem4f (.text:ti_sysbios_family_arm_lm4_Timer_Module__startupDone__F)
                  00012c78    00000018     RoverMotherboard_pem4f.oem4f (.text:ti_sysbios_family_arm_m3_Hwi_Module__startupDone__F)
                  00012c90    00000018     sysbios.aem4f : m3_TaskSupport_asm.obj (.text:ti_sysbios_family_arm_m3_TaskSupport_swap__E)
                  00012ca8    00000018                   : BIOS.obj (.text:ti_sysbios_gates_GateMutex_leave__E)
                  00012cc0    00000018     ti.targets.arm.rtsarm.aem4f : Error.oem4f (.text:xdc_runtime_Error_check__E)
                  00012cd8    00000018                                 : System.oem4f (.text:xdc_runtime_System_exit__E)
                  00012cf0    00000018                                 : Text.oem4f (.text:xdc_runtime_Text_ropeText__E)
                  00012d08    00000016     stk.aem4f : bind.oem4f (.text:BindGetIP)
                  00012d1e    00000016     driverlib.lib : emac.obj (.text:EMACReset)
                  00012d34    00000016                   : emac.obj (.text:EMACRxEnable)
                  00012d4a    00000016                   : emac.obj (.text:EMACTxEnable)
                  00012d60    00000016     stk.aem4f : file.oem4f (.text:fdint_freefdt)
                  00012d76    00000016     RoverMotherboard_pem4f.oem4f (.text:ti_sysbios_BIOS_exitFunc__I)
                  00012d8c    00000016     ti.targets.arm.rtsarm.aem4f : System.oem4f (.text:xdc_runtime_System_vsprintf__E)
                  00012da2    00000014     stk.aem4f : bind.oem4f (.text:BindIPHost2IF)
                  00012db6    00000002     --HOLE-- [fill = 0]
                  00012db8    00000014     driverlib.lib : flash.obj (.text:FlashUserGet)
                  00012dcc    00000014     netctrl_min_ipv4.aem4f : netctrl.oem4f (.text:NC_NetStop)
                  00012de0    00000014     os.aem4f : task.oem4f (.text:NDK_hookExit)
                  00012df4    00000014     stk.aem4f : nimu.oem4f (.text:NIMUSendPacket)
                  00012e08    00000014     nettool_ipv4.aem4f : ipaddr.oem4f (.text:NtRemoveNetwork)
                  00012e1c    00000014     stk.aem4f : rawethsock_pcb.oem4f (.text:RawEthSockPcbInit)
                  00012e30    00000014               : timer.oem4f (.text:TimerFree)
                  00012e44    00000014     driverlib.lib : uart.obj (.text:UARTEnable)
                  00012e58    00000014     roveTcpHandler.obj (.text:connect)
                  00012e6c    00000014     rtsv7M4_T_le_v4SPD16_eabi.lib : _lock.obj (.text)
                  00012e80    00000014                                   : strlen.obj (.text)
                  00012e94    00000014     roveTcpHandler.obj (.text:socket)
                  00012ea8    00000014     RoverMotherboard_pem4f.oem4f (.text:ti_ndk_config_global_taskExitHook)
                  00012ebc    00000014     RoverMotherboard_pem4f.oem4f (.text:ti_sysbios_family_arm_m3_Hwi_Object__get__S)
                  00012ed0    00000014     sysbios.aem4f : BIOS.obj (.text:ti_sysbios_family_arm_m3_Hwi_switchFromBootStack__E)
                  00012ee4    00000014     RoverMotherboard_pem4f.oem4f (.text:ti_sysbios_heaps_HeapMem_Object__get__S)
                  00012ef8    00000014     RoverMotherboard_pem4f.oem4f (.text:ti_sysbios_knl_Mailbox_Object__get__S)
                  00012f0c    00000014     RoverMotherboard_pem4f.oem4f (.text:ti_sysbios_knl_Swi_Object__get__S)
                  00012f20    00000014     RoverMotherboard_pem4f.oem4f (.text:ti_sysbios_knl_Task_Object__first__S)
                  00012f34    00000014     RoverMotherboard_pem4f.oem4f (.text:ti_sysbios_knl_Task_Object__next__S)
                  00012f48    00000012     driverlib.lib : gpio.obj (.text:GPIOPinTypeEthernetLED)
                  00012f5a    00000012                   : gpio.obj (.text:GPIOPinTypeUART)
                  00012f6c    00000012     stk.aem4f : sockprot.oem4f (.text:SockPrAttach)
                  00012f7e    00000012               : sockint.oem4f (.text:SockSetOOBData)
                  00012f90    00000012     rtsv7M4_T_le_v4SPD16_eabi.lib : copy_zero_init.obj (.text:decompress:ZI)
                  00012fa2    00000012     nettool_ipv4.aem4f : inetaddr.oem4f (.text:inet_addr)
                  00012fb4    00000012     sysbios.aem4f : BIOS.obj (.text:ti_sysbios_hal_Hwi_Module_startup__E)
                  00012fc6    00000012                   : BIOS.obj (.text:ti_sysbios_knl_Semaphore_reset__E)
                  00012fd8    00000012     RoverMotherboard_pem4f.oem4f (.text:xdc_runtime_Startup_exec__I)
                  00012fea    00000002     --HOLE-- [fill = 0]
                  00012fec    00000010     RoverMotherboard_pem4f.oem4f (.text:.bootCodeSection:ti_catalog_arm_cortexm4_tiva_ce_Boot_init__I)
                  00012ffc    00000010     stk.aem4f : bind.oem4f (.text:BindIF2IPHost)
                  0001300c    00000010               : bind.oem4f (.text:BindIFNet2IPHost)
                  0001301c    00000010     driverlib.lib : emac.obj (.text:EMACFrameFilterSet)
                  0001302c    00000010     stk.aem4f : exec.oem4f (.text:ExecHRef)
                  0001303c    00000010     netctrl_min_ipv4.aem4f : netctrl.oem4f (.text:NC_IPUpdate)
                  0001304c    00000010     stk.aem4f : nimu.oem4f (.text:NIMUGetRsvdSizeInfo)
                  0001305c    00000010     rtsv7M4_T_le_v4SPD16_eabi.lib : strcpy.obj (.text)
                  0001306c    00000010     sysbios.aem4f : BIOS.obj (.text:ti_sysbios_BIOS_getCpuFreq__E)
                  0001307c    00000010                   : BIOS.obj (.text:ti_sysbios_BIOS_setThreadType__E)
                  0001308c    00000010                   : BIOS.obj (.text:ti_sysbios_BIOS_start__E)
                  0001309c    00000010                   : m3_TaskSupport_asm.obj (.text:ti_sysbios_family_arm_m3_TaskSupport_glue)
                  000130ac    00000010                   : BIOS.obj (.text:ti_sysbios_gates_GateMutex_Instance_finalize__E)
                  000130bc    00000010                   : BIOS.obj (.text:ti_sysbios_knl_Semaphore_Instance_finalize__E)
                  000130cc    00000010                   : BIOS.obj (.text:ti_sysbios_knl_Swi_disable__E)
                  000130dc    00000010     RoverMotherboard_pem4f.oem4f (.text:ti_sysbios_knl_Task_Object__get__S)
                  000130ec    00000010     sysbios.aem4f : BIOS.obj (.text:ti_sysbios_knl_Task_disable__E)
                  000130fc    00000010                   : BIOS.obj (.text:ti_sysbios_knl_Task_getIdleTask__E)
                  0001310c    00000010     ti.targets.arm.rtsarm.aem4f : Gate.oem4f (.text:xdc_runtime_Gate_leaveSystem__E)
                  0001311c    00000010                                 : Memory.oem4f (.text:xdc_runtime_Memory_free__E)
                  0001312c    00000010                                 : SysMin.oem4f (.text:xdc_runtime_SysMin_ready__E)
                  0001313c    00000010                                 : System.oem4f (.text:xdc_runtime_System_vsnprintf__E)
                  0001314c    00000010     RoverMotherboard_pem4f.oem4f (.text:xdc_runtime_Text_visitRope__I)
                  0001315c    0000000e     drivers_tivaware.aem4f : EMACSnow.oem4f (.text:EMACSnow_emacioctl)
                  0001316a    0000000e     stk.aem4f : exec.oem4f (.text:ExecLowResource)
                  00013178    0000000e     driverlib.lib : uart.obj (.text:UARTCharGetNonBlocking)
                  00013186    0000000e                   : uart.obj (.text:UARTCharPutNonBlocking)
                  00013194    0000000e     rtsv7M4_T_le_v4SPD16_eabi.lib : copy_decompress_none.obj (.text:decompress:none)
                  000131a2    0000000e     sysbios.aem4f : BIOS.obj (.text:ti_sysbios_knl_Queue_empty__E)
                  000131b0    0000000c     stk.aem4f : bind.oem4f (.text:BindGetFirst)
                  000131bc    0000000c     nettool_ipv4.aem4f : config.oem4f (.text:CfgSetDefault)
                  000131c8    0000000c     os.aem4f : task.oem4f (.text:NDK_hookInit)
                  000131d4    0000000c     stk.aem4f : nimu.oem4f (.text:NIMUSetRsvdSizeInfo)
                  000131e0    0000000c     os.aem4f : task.oem4f (.text:NotifyLowResource)
                  000131ec    0000000c     stk.aem4f : pbm.oem4f (.text:PBM_close)
                  000131f8    0000000c     os.aem4f : semaphore.oem4f (.text:SemDelete)
                  00013204    0000000c     hal_timer_bios.aem4f : lltimer.oem4f (.text:_llTimerShutdown)
                  00013210    0000000c     roveTcpHandler.obj (.text:close)
                  0001321c    0000000c     hal_timer_bios.aem4f : lltimer.oem4f (.text:llTimerGetStartTime)
                  00013228    0000000c     sysbios.aem4f : BIOS.obj (.text:ti_sysbios_BIOS_getThreadType__E)
                  00013234    0000000c                   : BIOS.obj (.text:ti_sysbios_family_arm_lm4_Timer_getMaxTicks__E)
                  00013240    0000000c     RoverMotherboard_pem4f.oem4f (.text:ti_sysbios_family_arm_m3_Hwi_Params__init__S)
                  0001324c    0000000c     sysbios.aem4f : BIOS.obj (.text:ti_sysbios_family_arm_m3_Hwi_disableFxn__E)
                  00013258    0000000c                   : BIOS.obj (.text:ti_sysbios_family_arm_m3_TaskSupport_checkStack__E)
                  00013264    0000000c                   : BIOS.obj (.text:ti_sysbios_family_arm_m3_TaskSupport_getStackAlignment__E)
                  00013270    0000000c                   : BIOS.obj (.text:ti_sysbios_gates_GateHwi_enter__E)
                  0001327c    0000000c     RoverMotherboard_pem4f.oem4f (.text:ti_sysbios_knl_Clock_Params__init__S)
                  00013288    0000000c     sysbios.aem4f : BIOS.obj (.text:ti_sysbios_knl_Clock_getTicks__E)
                  00013294    0000000c     RoverMotherboard_pem4f.oem4f (.text:ti_sysbios_knl_Queue_Object__get__S)
                  000132a0    0000000c     RoverMotherboard_pem4f.oem4f (.text:ti_sysbios_knl_Semaphore_Params__init__S)
                  000132ac    0000000c     RoverMotherboard_pem4f.oem4f (.text:ti_sysbios_knl_Task_Params__init__S)
                  000132b8    0000000c     sysbios.aem4f : BIOS.obj (.text:ti_sysbios_knl_Task_self__E)
                  000132c4    0000000c     ti.targets.arm.rtsarm.aem4f : Error.oem4f (.text:xdc_runtime_Error_init__E)
                  000132d0    0000000c                                 : Gate.oem4f (.text:xdc_runtime_Gate_enterSystem__E)
                  000132dc    0000000c                                 : Memory.oem4f (.text:xdc_runtime_Memory_calloc__E)
                  000132e8    0000000c                                 : Memory.oem4f (.text:xdc_runtime_Memory_getMaxDefaultTypeAlign__E)
                  000132f4    0000000a     driverlib.lib : uart.obj (.text:UARTCharGet)
                  000132fe    0000000a                   : uart.obj (.text:UARTCharPut)
                  00013308    0000000a                   : uart.obj (.text:UARTIntDisable)
                  00013312    0000000a                   : uart.obj (.text:UARTIntStatus)
                  0001331c    0000000a     drivers_tivaware.aem4f : UART.oem4f (.text:UART_write)
                  00013326    0000000a     stk.aem4f : file.oem4f (.text:fdint_signalevent)
                  00013330    0000000a               : file.oem4f (.text:fdint_signaltimeout)
                  0001333a    0000000a     RoverMotherboard_pem4f.oem4f (.text:xdc_runtime_IHeap_alloc)
                  00013344    0000000a     RoverMotherboard_pem4f.oem4f (.text:xdc_runtime_IHeap_free)
                  0001334e    00000008     driverlib.lib : emac.obj (.text:EMACTxDMAPollDemand)
                  00013356    00000008     stk.aem4f : node.oem4f (.text:NodeFree)
                  0001335e    00000008     os.aem4f : task.oem4f (.text:TaskBlock)
                  00013366    00000008     driverlib.lib : uart.obj (.text:UARTIntEnable)
                  0001336e    00000008     drivers_tivaware.aem4f : UARTTiva.oem4f (.text:UARTTiva_init)
                  00013376    00000008                            : UARTTiva.oem4f (.text:readSemCallback)
                  0001337e    00000008     sysbios.aem4f : BIOS.obj (.text:ti_sysbios_family_arm_lm4_Timer_masterDisable__I)
                  00013386    00000008                   : BIOS.obj (.text:ti_sysbios_family_arm_m3_Hwi_doSwiRestore__I)
                  0001338e    00000008                   : BIOS.obj (.text:ti_sysbios_family_arm_m3_Hwi_startup__E)
                  00013396    00000008                   : BIOS.obj (.text:ti_sysbios_knl_Idle_loop__E)
                  0001339e    00000008                   : BIOS.obj (.text:ti_sysbios_knl_Task_getHookContext__E)
                  000133a6    00000008                   : BIOS.obj (.text:ti_sysbios_knl_Task_setHookContext__E)
                  000133ae    00000008     drivers_tivaware.aem4f : UARTTiva.oem4f (.text:writeSemCallback)
                  000133b6    00000006     driverlib.lib : emac.obj (.text:EMACRxDMADescriptorListSet)
                  000133bc    00000006                   : emac.obj (.text:EMACTxDMADescriptorListSet)
                  000133c2    00000006                   : gpio.obj (.text:GPIOPinWrite)
                  000133c8    00000006                   : sysctl.obj (.text:SysCtlDelay)
                  000133ce    00000006     stk.aem4f : tcpprot.oem4f (.text:TcpPrRecv)
                  000133d4    00000006     driverlib.lib : uart.obj (.text:UARTFIFOLevelSet)
                  000133da    00000006     drivers_tivaware.aem4f : UARTTiva.oem4f (.text:UARTTiva_control)
                  000133e0    00000006     ti.targets.arm.rtsarm.aem4f : xdc_noinit.oem4f (.text:__xdc__init)
                  000133e6    00000006     rtsv7M4_T_le_v4SPD16_eabi.lib : copy_decompress_rle.obj (.text:decompress:rle24)
                  000133ec    00000006     sysbios.aem4f : BIOS.obj (.text:ti_sysbios_family_arm_m3_Hwi_restoreFxn__E)
                  000133f2    00000006                   : BIOS.obj (.text:ti_sysbios_gates_GateHwi_leave__E)
                  000133f8    00000006                   : BIOS.obj (.text:ti_sysbios_heaps_HeapMem_isBlocking__E)
                  000133fe    00000006                   : BIOS.obj (.text:ti_sysbios_knl_Queue_Instance_init__E)
                  00013404    00000006     ti.targets.arm.rtsarm.aem4f : System.oem4f (.text:xdc_runtime_System_Module_startup__E)
                  0001340a    00000004     stk.aem4f : bind.oem4f (.text:BindGetIF)
                  0001340e    00000004               : bind.oem4f (.text:BindGetNext)
                  00013412    00000004     os.aem4f : ossys.oem4f (.text:NDK_vsprintf)
                  00013416    00000004     stk.aem4f : node.oem4f (.text:NodeSetRt)
                  0001341a    00000004               : rawethsock_prot.oem4f (.text:RawEthSockPrAttach)
                  0001341e    00000004               : rawethsock_prot.oem4f (.text:RawEthSockPrDetach)
                  00013422    00000004     os.aem4f : semaphore.oem4f (.text:SemPend)
                  00013426    00000004              : semaphore.oem4f (.text:SemPost)
                  0001342a    00000004              : semaphore.oem4f (.text:SemReset)
                  0001342e    00000004              : task.oem4f (.text:TaskSelf)
                  00013432    00000004              : task.oem4f (.text:TaskSetPri)
                  00013436    00000004     driverlib.lib : uart.obj (.text:UARTIntClear)
                  0001343a    00000004     hal_ser_stub.aem4f : llserstb.oem4f (.text:_llSerialInit)
                  0001343e    00000004     stk.aem4f : listlib.oem4f (.text:list_get_head)
                  00013442    00000004               : listlib.oem4f (.text:list_get_next)
                  00013446    00000004     RoverMotherboard_pem4f.oem4f (.text:ti_sysbios_BIOS_RtsGateProxy_enter__E)
                  0001344a    00000004     RoverMotherboard_pem4f.oem4f (.text:ti_sysbios_BIOS_RtsGateProxy_leave__E)
                  0001344e    00000004     sysbios.aem4f : BIOS.obj (.text:ti_sysbios_family_arm_lm4_Timer_masterEnable__I)
                  00013452    00000004     RoverMotherboard_pem4f.oem4f (.text:ti_sysbios_family_arm_m3_Hwi_delete)
                  00013456    00000004     RoverMotherboard_pem4f.oem4f (.text:ti_sysbios_family_arm_m3_Hwi_destruct)
                  0001345a    00000004     RoverMotherboard_pem4f.oem4f (.text:ti_sysbios_family_arm_m3_TaskSupport_Module__startupDone__S)
                  0001345e    00000004     sysbios.aem4f : BIOS.obj (.text:ti_sysbios_gates_GateHwi_query__E)
                  00013462    00000004                   : BIOS.obj (.text:ti_sysbios_gates_GateMutex_query__E)
                  00013466    00000004     RoverMotherboard_pem4f.oem4f (.text:ti_sysbios_hal_Hwi_HwiProxy_Module__startupDone__S)
                  0001346a    00000004     RoverMotherboard_pem4f.oem4f (.text:ti_sysbios_heaps_HeapMem_Module_GateProxy_enter__E)
                  0001346e    00000004     RoverMotherboard_pem4f.oem4f (.text:ti_sysbios_heaps_HeapMem_Module_GateProxy_leave__E)
                  00013472    00000004     RoverMotherboard_pem4f.oem4f (.text:ti_sysbios_knl_Clock_TimerProxy_Module__startupDone__S)
                  00013476    00000004     RoverMotherboard_pem4f.oem4f (.text:ti_sysbios_knl_Clock_TimerProxy_getMaxTicks__E)
                  0001347a    00000004     RoverMotherboard_pem4f.oem4f (.text:ti_sysbios_knl_Queue_destruct)
                  0001347e    00000004     RoverMotherboard_pem4f.oem4f (.text:ti_sysbios_knl_Semaphore_delete)
                  00013482    00000004     RoverMotherboard_pem4f.oem4f (.text:ti_sysbios_knl_Semaphore_destruct)
                  00013486    00000004     RoverMotherboard_pem4f.oem4f (.text:ti_sysbios_knl_Swi_delete)
                  0001348a    00000004     RoverMotherboard_pem4f.oem4f (.text:ti_sysbios_knl_Task_SupportProxy_Module__startupDone__S)
                  0001348e    00000004     RoverMotherboard_pem4f.oem4f (.text:ti_sysbios_knl_Task_delete)
                  00013492    00000004     sysbios.aem4f : BIOS.obj (.text:ti_sysbios_knl_Task_startup__E)
                  00013496    00000004     ti.targets.arm.rtsarm.aem4f : Error.oem4f (.text:xdc_runtime_Error_getMsg__E)
                  0001349a    00000004                                 : Error.oem4f (.text:xdc_runtime_Error_getSite__E)
                  0001349e    00000004     RoverMotherboard_pem4f.oem4f (.text:xdc_runtime_Memory_HeapProxy_alloc__E)
                  000134a2    00000004     RoverMotherboard_pem4f.oem4f (.text:xdc_runtime_Memory_HeapProxy_free__E)
                  000134a6    00000004     RoverMotherboard_pem4f.oem4f (.text:xdc_runtime_System_Module_GateProxy_enter__E)
                  000134aa    00000004     RoverMotherboard_pem4f.oem4f (.text:xdc_runtime_System_Module_GateProxy_leave__E)
                  000134ae    00000004     ti.targets.arm.rtsarm.aem4f : System.oem4f (.text:xdc_runtime_System_aprintf_va__F)
                  000134b2    00000004                                 : System.oem4f (.text:xdc_runtime_System_printf_va__F)

.const     0    000134b8    00002596     
                  000134b8    00001823     RoverMotherboard_pem4f.oem4f (.const:xdc_runtime_Text_charTab__A)
                  00014cdb    00000001     RoverMotherboard_pem4f.oem4f (.const:xdc_runtime_Error_policy__C)
                  00014cdc    00000120     Boot.aem4f : Boot_sysctl.oem4f (.const:g_pppui32XTALtoVCO)
                  00014dfc    00000100     RoverMotherboard_pem4f.oem4f (.const:.string)
                  00014efc    000000d8     RoverMotherboard_pem4f.oem4f (.const:xdc_runtime_Text_nodeTab__A)
[...]
000132c5   xdc_runtime_Error_init__E
000132d1   xdc_runtime_Gate_enterSystem__E
000132dd   xdc_runtime_Memory_calloc__E
000132e9   xdc_runtime_Memory_getMaxDefaultTypeAlign__E
000132f5   UARTCharGet
000132ff   UARTCharPut
00013309   UARTIntDisable
00013313   UARTIntStatus
0001331d   UART_write
00013327   fdint_signalevent
00013331   fdint_signaltimeout
0001334f   EMACTxDMAPollDemand
0001335f   TaskBlock
00013367   UARTIntEnable
0001336f   UARTTiva_init
0001337f   ti_sysbios_family_arm_lm4_Timer_masterDisable__I
00013387   ti_sysbios_family_arm_m3_Hwi_doSwiRestore__I
0001338f   ti_sysbios_family_arm_m3_Hwi_startup__E
0001338f   ti_sysbios_hal_Hwi_HwiProxy_startup__E
0001338f   ti_sysbios_hal_Hwi_startup__E
00013397   ti_sysbios_knl_Idle_loop__E
0001339f   ti_sysbios_knl_Task_getHookContext__E
000133a7   ti_sysbios_knl_Task_setHookContext__E
000133b7   EMACRxDMADescriptorListSet
000133bd   EMACTxDMADescriptorListSet
000133c3   GPIOPinWrite
000133c9   SysCtlDelay
000133cf   TcpPrRecv
000133d5   UARTFIFOLevelSet
000133db   UARTTiva_control
000133e1   __xdc__init
000133e7   __TI_decompress_rle24
000133ed   OEMSysCritOff
000133ed   ti_sysbios_family_arm_m3_Hwi_restoreFxn__E
000133ed   ti_sysbios_hal_Hwi_HwiProxy_restore__E
000133ed   ti_sysbios_hal_Hwi_restore__E
000133f3   ti_sysbios_gates_GateHwi_leave__E
000133f9   ti_sysbios_heaps_HeapMem_isBlocking__E
000133ff   ti_sysbios_knl_Queue_Instance_init__E
00013405   xdc_runtime_System_Module_startup__E
0001340b   BindGetIF
0001340f   BindGetNext
00013413   NDK_vsprintf
00013417   NodeSetRt
0001341b   RawEthSockPrAttach
0001341f   RawEthSockPrDetach
00013423   SemPend
00013427   SemPost
0001342b   SemReset
0001342f   TaskSelf
00013433   TaskSetPri
00013437   UARTIntClear
0001343b   _llSerialInit
0001343f   list_get_head
00013443   list_get_next
00013447   ti_sysbios_BIOS_RtsGateProxy_enter__E
0001344b   ti_sysbios_BIOS_RtsGateProxy_leave__E
0001344f   ti_sysbios_family_arm_lm4_Timer_masterEnable__I
00013453   ti_sysbios_family_arm_m3_Hwi_delete
00013457   ti_sysbios_family_arm_m3_Hwi_destruct
0001345b   ti_sysbios_family_arm_m3_TaskSupport_Module__startupDone__S
0001345f   ti_sysbios_gates_GateHwi_query__E
0001345f   xdc_runtime_Main_Module_GateProxy_query__E
0001345f   xdc_runtime_System_Module_GateProxy_query__E
00013463   ti_sysbios_BIOS_RtsGateProxy_query__E
00013463   ti_sysbios_gates_GateMutex_query__E
00013463   ti_sysbios_heaps_HeapMem_Module_GateProxy_query__E
00013467   ti_sysbios_hal_Hwi_HwiProxy_Module__startupDone__S
0001346b   ti_sysbios_heaps_HeapMem_Module_GateProxy_enter__E
0001346f   ti_sysbios_heaps_HeapMem_Module_GateProxy_leave__E
00013473   ti_sysbios_knl_Clock_TimerProxy_Module__startupDone__S
00013477   ti_sysbios_knl_Clock_TimerProxy_getMaxTicks__E
0001347b   ti_sysbios_knl_Queue_destruct
0001347f   ti_sysbios_knl_Semaphore_delete
00013483   ti_sysbios_knl_Semaphore_destruct
00013487   ti_sysbios_knl_Swi_delete
0001348b   ti_sysbios_knl_Task_SupportProxy_Module__startupDone__S
0001348f   ti_sysbios_knl_Task_delete
00013493   ti_sysbios_knl_Task_startup__E
00013497   xdc_runtime_Error_getMsg__E
0001349b   xdc_runtime_Error_getSite__E
0001349f   xdc_runtime_Memory_HeapProxy_alloc__E
000134a3   xdc_runtime_Memory_HeapProxy_free__E
000134a7   xdc_runtime_System_Module_GateProxy_enter__E
000134ab   xdc_runtime_System_Module_GateProxy_leave__E
000134af   xdc_runtime_System_aprintf_va__F
000134b3   xdc_runtime_System_printf_va__F
000134b8   xdc_runtime_Text_charTab__A
00014cdb   xdc_runtime_Error_policy__C
00014efc   xdc_runtime_Text_nodeTab__A
00015064   gpioHWAttrs
000150dc   UART_config
00015220   Code2Err
00015274   uartTivaHWAttrs
000152f2   ti_catalog_arm_cortexm4_tiva_ce_Boot_Module__id__C
000152f4   ti_sysbios_knl_Task_Object__PARAMS__C
00015360   ti_sysbios_family_arm_m3_Hwi_Object__PARAMS__C
00015390   GPIO_config
000153e8   UARTTiva_fxnTable
00015410   ti_sysbios_heaps_HeapMem_Module__FXNS__C
00015438   ti_sysbios_knl_Swi_Object__PARAMS__C
00015460   ti_ndk_config_Global_rawPageSize
00015464   ti_ndk_config_Global_rawPageCount
00015468   ti_ndk_config_Global_smallest
0001546c   ti_ndk_config_Global_largest
00015470   ti_ndk_config_Global_numFrameBuf
00015474   ti_ndk_config_Global_sizeFrameBuf
00015478   fromBaseStationMailbox
0001547c   roveTcpHandlerTask
00015480   roveCmdCntrlTask
00015484   UART_defaultParams
000154a8   ti_sysbios_gates_GateHwi_Module__FXNS__C
000154cc   ti_sysbios_gates_GateMutex_Module__FXNS__C
000154f0   ti_sysbios_heaps_HeapMem_Object__PARAMS__C
00015514   ti_sysbios_knl_Clock_Object__PARAMS__C
00015538   ti_sysbios_knl_Semaphore_Object__PARAMS__C
0001555c   xdc_runtime_Startup_sfxnTab__A
00015580   ti_sysbios_family_arm_m3_Hwi_Object__DESC__C
000155a0   ti_sysbios_gates_GateHwi_Object__DESC__C
000155c0   ti_sysbios_gates_GateMutex_Object__DESC__C
000155e0   ti_sysbios_heaps_HeapMem_Object__DESC__C
00015600   ti_sysbios_knl_Clock_Object__DESC__C
00015620   ti_sysbios_knl_Queue_Object__DESC__C
00015640   ti_sysbios_knl_Semaphore_Object__DESC__C
00015660   ti_sysbios_knl_Swi_Object__DESC__C
00015680   ti_sysbios_knl_Task_Object__DESC__C
000156a0   EMAC_config
000156d0   ti_sysbios_gates_GateHwi_Object__PARAMS__C
000156e8   ti_sysbios_gates_GateMutex_Object__PARAMS__C
00015700   ti_sysbios_knl_Queue_Object__PARAMS__C
00015718   ti_sysbios_knl_Task_hooks__A
00015730   xdc_runtime_Startup_firstFxns__A
00015744   xdc_runtime_Startup_sfxnRts__A
00015768   emacHWAttrs
0001577c   EMACSnow_fxnTable
00015784   ti_sysbios_family_arm_m3_Hwi_excHookFuncs__A
0001578c   ti_sysbios_knl_Idle_funcList__A
00015794   ti_sysbios_knl_Idle_funcList__C
0001579c   ti_sysbios_knl_Task_hooks__C
000157a4   xdc_runtime_Startup_firstFxns__C
000157ac   xdc_runtime_Startup_lastFxns__C
000157b4   ti_catalog_arm_cortexm4_tiva_ce_Boot_A_mustNotUseEnhancedClockMode__C
000157b8   ti_catalog_arm_cortexm4_tiva_ce_Boot_Module__diagsEnabled__C
000157bc   ti_catalog_arm_cortexm4_tiva_ce_Boot_Module__diagsIncluded__C
000157c0   ti_catalog_arm_cortexm4_tiva_ce_Boot_Module__diagsMask__C
000157c4   ti_sysbios_family_arm_lm4_Timer_enableFunc__C
000157c8   ti_sysbios_family_arm_lm4_Timer_numTimerDevices__C
000157cc   ti_sysbios_family_arm_lm4_Timer_startupNeeded__C
000157d0   ti_sysbios_family_arm_m3_Hwi_E_NMI__C
000157d4   ti_sysbios_family_arm_m3_Hwi_E_alreadyDefined__C
000157d8   ti_sysbios_family_arm_m3_Hwi_E_busFault__C
000157dc   ti_sysbios_family_arm_m3_Hwi_E_debugMon__C
000157e0   ti_sysbios_family_arm_m3_Hwi_E_hardFault__C
000157e4   ti_sysbios_family_arm_m3_Hwi_E_memFault__C
000157e8   ti_sysbios_family_arm_m3_Hwi_E_noIsr__C
000157ec   ti_sysbios_family_arm_m3_Hwi_E_reserved__C
000157f0   ti_sysbios_family_arm_m3_Hwi_E_svCall__C
000157f4   ti_sysbios_family_arm_m3_Hwi_E_usageFault__C
000157f8   ti_sysbios_family_arm_m3_Hwi_LD_end__C
000157fc   ti_sysbios_family_arm_m3_Hwi_LM_begin__C
00015800   ti_sysbios_family_arm_m3_Hwi_Module__diagsEnabled__C
00015804   ti_sysbios_family_arm_m3_Hwi_Module__diagsIncluded__C
00015808   ti_sysbios_family_arm_m3_Hwi_Module__diagsMask__C
0001580c   ti_sysbios_family_arm_m3_Hwi_Module__loggerFxn1__C
00015810   ti_sysbios_family_arm_m3_Hwi_Module__loggerFxn8__C
00015814   ti_sysbios_family_arm_m3_Hwi_Module__loggerObj__C
00015818   ti_sysbios_family_arm_m3_Hwi_NUM_INTERRUPTS__C
0001581c   ti_sysbios_family_arm_m3_Hwi_Object__count__C
00015820   ti_sysbios_family_arm_m3_Hwi_ccr__C
00015824   ti_sysbios_family_arm_m3_Hwi_excHandlerFunc__C
00015828   ti_sysbios_family_arm_m3_Hwi_excHookFuncs__C
0001582c   ti_sysbios_family_arm_m3_Hwi_nullIsrFunc__C
00015830   ti_sysbios_family_arm_m3_Hwi_priGroup__C
00015834   ti_sysbios_family_arm_m3_TaskSupport_stackAlignment__C
00015838   ti_sysbios_gates_GateMutex_A_badContext__C
0001583c   ti_sysbios_gates_GateMutex_Instance_State_sem__O
00015840   ti_sysbios_gates_GateMutex_Module__diagsEnabled__C
00015844   ti_sysbios_gates_GateMutex_Module__diagsIncluded__C
00015848   ti_sysbios_gates_GateMutex_Module__diagsMask__C
0001584c   ti_sysbios_hal_Hwi_E_stackOverflow__C
00015850   ti_sysbios_heaps_HeapMem_A_align__C
00015854   ti_sysbios_heaps_HeapMem_A_heapSize__C
00015858   ti_sysbios_heaps_HeapMem_A_invalidFree__C
0001585c   ti_sysbios_heaps_HeapMem_A_zeroBlock__C
00015860   ti_sysbios_heaps_HeapMem_E_memory__C
00015864   ti_sysbios_heaps_HeapMem_Module__diagsEnabled__C
00015868   ti_sysbios_heaps_HeapMem_Module__diagsIncluded__C
0001586c   ti_sysbios_heaps_HeapMem_Module__diagsMask__C
00015870   ti_sysbios_heaps_HeapMem_Module__gateObj__C
00015874   ti_sysbios_heaps_HeapMem_Object__count__C
00015878   ti_sysbios_heaps_HeapMem_reqAlign__C
0001587c   ti_sysbios_knl_Clock_A_badThreadType__C
00015880   ti_sysbios_knl_Clock_LM_begin__C
00015884   ti_sysbios_knl_Clock_LM_tick__C
00015888   ti_sysbios_knl_Clock_LW_delayed__C
0001588c   ti_sysbios_knl_Clock_Module_State_clockQ__O
00015890   ti_sysbios_knl_Clock_Module__diagsEnabled__C
00015894   ti_sysbios_knl_Clock_Module__diagsIncluded__C
00015898   ti_sysbios_knl_Clock_Module__diagsMask__C
0001589c   ti_sysbios_knl_Clock_Module__loggerFxn1__C
000158a0   ti_sysbios_knl_Clock_Module__loggerFxn2__C
000158a4   ti_sysbios_knl_Clock_Module__loggerObj__C
000158a8   ti_sysbios_knl_Mailbox_Instance_State_dataQue__O
000158ac   ti_sysbios_knl_Mailbox_Instance_State_dataSem__O
000158b0   ti_sysbios_knl_Mailbox_Instance_State_freeQue__O
000158b4   ti_sysbios_knl_Mailbox_Instance_State_freeSem__O
000158b8   ti_sysbios_knl_Mailbox_Object__count__C
000158bc   ti_sysbios_knl_Mailbox_maxTypeAlign__C
000158c0   ti_sysbios_knl_Semaphore_A_badContext__C
000158c4   ti_sysbios_knl_Semaphore_A_noEvents__C
000158c8   ti_sysbios_knl_Semaphore_A_overflow__C
000158cc   ti_sysbios_knl_Semaphore_A_pendTaskDisabled__C
000158d0   ti_sysbios_knl_Semaphore_Instance_State_pendQ__O
000158d4   ti_sysbios_knl_Semaphore_LM_pend__C
000158d8   ti_sysbios_knl_Semaphore_LM_post__C
000158dc   ti_sysbios_knl_Semaphore_Module__diagsEnabled__C
000158e0   ti_sysbios_knl_Semaphore_Module__diagsIncluded__C
000158e4   ti_sysbios_knl_Semaphore_Module__diagsMask__C
000158e8   ti_sysbios_knl_Semaphore_Module__loggerFxn2__C
000158ec   ti_sysbios_knl_Semaphore_Module__loggerFxn4__C
000158f0   ti_sysbios_knl_Semaphore_Module__loggerObj__C
000158f4   ti_sysbios_knl_Swi_A_badPriority__C
000158f8   ti_sysbios_knl_Swi_LD_end__C
000158fc   ti_sysbios_knl_Swi_LM_begin__C
00015900   ti_sysbios_knl_Swi_LM_post__C
00015904   ti_sysbios_knl_Swi_Module__diagsEnabled__C
00015908   ti_sysbios_knl_Swi_Module__diagsIncluded__C
0001590c   ti_sysbios_knl_Swi_Module__diagsMask__C
00015910   ti_sysbios_knl_Swi_Module__loggerFxn1__C
00015914   ti_sysbios_knl_Swi_Module__loggerFxn4__C
00015918   ti_sysbios_knl_Swi_Module__loggerObj__C
0001591c   ti_sysbios_knl_Swi_Object__count__C
00015920   ti_sysbios_knl_Task_A_badPriority__C
00015924   ti_sysbios_knl_Task_A_badTaskState__C
00015928   ti_sysbios_knl_Task_A_badThreadType__C
0001592c   ti_sysbios_knl_Task_A_badTimeout__C
00015930   ti_sysbios_knl_Task_A_noPendElem__C
00015934   ti_sysbios_knl_Task_A_sleepTaskDisabled__C
00015938   ti_sysbios_knl_Task_E_deleteNotAllowed__C
0001593c   ti_sysbios_knl_Task_E_spOutOfBounds__C
00015940   ti_sysbios_knl_Task_E_stackOverflow__C
00015944   ti_sysbios_knl_Task_LD_block__C
00015948   ti_sysbios_knl_Task_LD_exit__C
0001594c   ti_sysbios_knl_Task_LD_ready__C
00015950   ti_sysbios_knl_Task_LM_setPri__C
00015954   ti_sysbios_knl_Task_LM_sleep__C
00015958   ti_sysbios_knl_Task_LM_switch__C
0001595c   ti_sysbios_knl_Task_Module_State_inactiveQ__O
00015960   ti_sysbios_knl_Task_Module_State_terminatedQ__O
00015964   ti_sysbios_knl_Task_Module__diagsEnabled__C
00015968   ti_sysbios_knl_Task_Module__diagsIncluded__C
0001596c   ti_sysbios_knl_Task_Module__diagsMask__C
00015970   ti_sysbios_knl_Task_Module__loggerFxn2__C
00015974   ti_sysbios_knl_Task_Module__loggerFxn4__C
00015978   ti_sysbios_knl_Task_Module__loggerObj__C
0001597c   ti_sysbios_knl_Task_Object__count__C
00015980   ti_sysbios_knl_Task_Object__heap__C
00015984   ti_sysbios_knl_Task_allBlockedFunc__C
00015988   ti_sysbios_knl_Task_defaultStackHeap__C
0001598c   ti_sysbios_knl_Task_defaultStackSize__C
00015990   ti_sysbios_knl_Task_numConstructedTasks__C
00015994   xdc_runtime_Assert_E_assertFailed__C
00015998   xdc_runtime_Core_A_initializedParams__C
0001599c   xdc_runtime_Core_Module__diagsEnabled__C
000159a0   xdc_runtime_Core_Module__diagsIncluded__C
000159a4   xdc_runtime_Core_Module__diagsMask__C
000159a8   xdc_runtime_Error_E_memory__C
000159ac   xdc_runtime_Error_Module__diagsEnabled__C
000159b0   xdc_runtime_Error_Module__diagsIncluded__C
000159b4   xdc_runtime_Error_Module__diagsMask__C
000159b8   xdc_runtime_Error_Module__loggerFxn8__C
000159bc   xdc_runtime_Error_Module__loggerObj__C
000159c0   xdc_runtime_Error_policyFxn__C
000159c4   xdc_runtime_Error_raiseHook__C
000159c8   xdc_runtime_IGateProvider_Interface__BASE__C
000159cc   xdc_runtime_IHeap_Interface__BASE__C
000159d0   xdc_runtime_IModule_Interface__BASE__C
000159d4   xdc_runtime_Log_L_error__C
000159d8   xdc_runtime_Memory_defaultHeapInstance__C
000159dc   xdc_runtime_Startup_execImpl__C
000159e0   xdc_runtime_Startup_maxPasses__C
000159e4   xdc_runtime_Startup_sfxnRts__C
000159e8   xdc_runtime_Startup_sfxnTab__C
000159ec   xdc_runtime_SysMin_bufSize__C
000159f0   xdc_runtime_SysMin_outputFunc__C
000159f4   xdc_runtime_System_Module__gateObj__C
000159f8   xdc_runtime_System_abortFxn__C
000159fc   xdc_runtime_System_exitFxn__C
00015a00   xdc_runtime_System_extendFxn__C
00015a04   xdc_runtime_System_maxAtexitHandlers__C
00015a08   xdc_runtime_Text_charTab__C
00015a0c   xdc_runtime_Text_nameEmpty__C
00015a10   xdc_runtime_Text_nameStatic__C
00015a14   xdc_runtime_Text_nameUnknown__C
00015a18   xdc_runtime_Text_nodeTab__C
00015a1c   xdc_runtime_Text_visitRopeFxn__C
00015a20   ti_sysbios_family_arm_m3_Hwi_Module__id__C
00015a22   ti_sysbios_family_arm_m3_Hwi_Module__loggerDefined__C
00015a24   ti_sysbios_gates_GateMutex_Module__id__C
00015a26   ti_sysbios_hal_Hwi_Module__id__C
00015a28   ti_sysbios_heaps_HeapMem_Module__id__C
00015a2a   ti_sysbios_knl_Clock_Module__id__C
00015a2c   ti_sysbios_knl_Clock_Module__loggerDefined__C
00015a2e   ti_sysbios_knl_Semaphore_Module__id__C
00015a30   ti_sysbios_knl_Semaphore_Module__loggerDefined__C
00015a32   ti_sysbios_knl_Swi_Module__id__C
00015a34   ti_sysbios_knl_Swi_Module__loggerDefined__C
00015a36   ti_sysbios_knl_Task_Module__id__C
00015a38   ti_sysbios_knl_Task_Module__loggerDefined__C
00015a3a   ti_sysbios_knl_Task_initStackFlag__C
00015a3c   xdc_runtime_Core_Module__id__C
00015a3e   xdc_runtime_Error_Module__loggerDefined__C
00015a40   xdc_runtime_Error_maxDepth__C
00015a42   xdc_runtime_Memory_Module__id__C
00015a44   xdc_runtime_SysMin_flushAtExit__C
00015a46   xdc_runtime_Text_charCnt__C
00015a48   xdc_runtime_Text_isLoaded__C
00015a4a   xdc_runtime_Text_registryModsLastId__C
00015a4c   xdc_runtime_Text_unnamedModsLastId__C
000160bc   __TI_Handler_Table_Base
000160c8   __TI_Handler_Table_Limit
000160d8   __TI_CINIT_Base
000160f0   __TI_CINIT_Limit
20000000   ti_sysbios_family_arm_m3_Hwi_ramVectors
20000380   ti_sysbios_heaps_HeapMem_Instance_State_0_buf__A
20005380   ti_ndk_config_Global_pit
20005428   ti_ndk_config_Global_pitBuffer
20009c28   _ICMPIn
20009c74   PBMQ_free
20009c80   ti_ndk_config_Global_pBufMem
2000d880   ti_ndk_config_Global_pHdrMem
2000db78   ti_sysbios_knl_Task_Instance_State_0_stack__A
2000e378   ti_sysbios_knl_Task_Instance_State_1_stack__A
2000eb78   ti_sysbios_knl_Task_Instance_State_2_stack__A
2000f178   ti_sysbios_knl_Task_Instance_State_3_stack__A
2000f478   uartTivaObjects
2000f8b8   ti_sysbios_family_arm_m3_Hwi_dispatchTable
2000fc18   ti_sysbios_knl_Mailbox_Instance_State_0_allocBuf__A
2000fe98   __CIOBUF_
200100b8   tcps
20010344   xdc_runtime_SysMin_Module_State_0_outbuf__A
200103c4   ips
2001042c   nimu_mcb
2001048c   _ICMPOut
20010518   vlan_mcb
20010564   udps
200105a8   BlockCount
200105c4   BlockMax
200105e0   PageCount
200105fc   PageMax
20010618   stkEvent
20010654   raweths
20010664   raws
20010674   tpseudo
20010680   upseudo
2001068c   emacObjects
200106c0   _IGMPInDiscard
200106c4   _IGMPInQuery
200106c8   _IGMPInQueryGroup
200106cc   _IGMPInResponse
200106d0   _IGMPOutResponse
200106d8   g_ulStatus
200106e8   raweth_pcb
200106ec   ti_sysbios_knl_Task_Instance_State_0_hookEnv__A
200106f0   ti_sysbios_knl_Task_Instance_State_1_hookEnv__A
200106f4   ti_sysbios_knl_Task_Instance_State_2_hookEnv__A
200106f8   ti_sysbios_knl_Task_Instance_State_3_hookEnv__A
200106fc   uart0
20010700   uart1
20010704   uart2
20010708   uart3
2001070c   uart4
20010710   uart5
20010714   uart6
20010718   uart7
2001071c   ti_ndk_config_Global_Id2Size
20010738   ti_ndk_config_Global_HostName
2001073c   LocalIPAddr
20010740   LocalIPMask
20010744   GatewayIP
20010748   DomainName
2001078c   ti_sysbios_family_arm_lm4_Timer_Module__root__V
20010794   ti_sysbios_family_arm_lm4_Timer_Module_State_0_handles__A
200107b4   ti_sysbios_family_arm_lm4_Timer_Module__state__V
200107c0   ti_sysbios_family_arm_m3_Hwi_Module__root__V
200107c8   ti_sysbios_family_arm_m3_Hwi_Object__table__V
200107e0   ti_sysbios_family_arm_m3_Hwi_Module_State_0_excActive__A
200107e4   ti_sysbios_family_arm_m3_Hwi_Module_State_0_excContext__A
200107e8   ti_sysbios_family_arm_m3_Hwi_Module_State_0_excStack__A
200107ec   ti_sysbios_gates_GateHwi_Module__root__V
200107f4   ti_sysbios_gates_GateHwi_Object__table__V
200107f8   ti_sysbios_gates_GateMutex_Module__root__V
20010800   ti_sysbios_hal_Hwi_Module__root__V
20010808   ti_sysbios_heaps_HeapMem_Module__root__V
20010810   ti_sysbios_heaps_HeapMem_Object__table__V
20010828   ti_sysbios_knl_Clock_Module__root__V
20010830   ti_sysbios_knl_Event_Module__root__V
20010838   ti_sysbios_knl_Mailbox_Module__root__V
20010840   ti_sysbios_knl_Queue_Module__root__V
20010848   ti_sysbios_knl_Semaphore_Module__root__V
20010850   ti_sysbios_knl_Swi_Module__root__V
20010858   ti_sysbios_knl_Swi_Module__state__V
20010874   ti_sysbios_knl_Task_Module__root__V
2001087c   ti_sysbios_knl_Task_Module_State_0_idleTask__A
20010880   xdc_runtime_Error_Module__state__V
20010884   xdc_runtime_Memory_Module__state__V
20010888   xdc_runtime_Registry_Module__state__V
20010890   xdc_runtime_Startup_Module__state__V
20010898   xdc_runtime_SysMin_Module__state__V
200108a4   xdc_runtime_System_Module_State_0_atexitHandlers__A
200108c4   xdc_runtime_System_Module__state__V
200108cc   xdc_runtime_Text_Module__state__V
200108d4   __xdc__init__addr
200108d8   ti_sysbios_knl_Task_Object__table__V
200109bc   TSK_idle
20010a08   _ipcfg
20010abc   ti_sysbios_knl_Swi_Module_State_0_readyQ__A
20010b3c   ti_sysbios_knl_Task_Module_State_0_readyQ__A
20010bbc   ti_sysbios_knl_Mailbox_Object__table__V
20010c5c   ti_sysbios_knl_Task_Module__state__V
20010d20   ti_sysbios_family_arm_lm4_Timer_Module_State_0_device__A
20010d60   ti_sysbios_family_arm_lm4_Timer_Object__table__V
20010da0   ti_sysbios_gates_GateMutex_Object__table__V
20010e0c   ti_sysbios_family_arm_m3_Hwi_Module__state__V
20010e40   enablePrefetch
20010e44   phyCounter
20010ea4   ti_sysbios_knl_Swi_Object__table__V
20010ed4   ti_sysbios_knl_Clock_Module__state__V
20010f00   pstrMsgName
20010f28   _oscfg
20010f4c   PITCount
20010f50   PITUsed
20010f54   PITHigh
20010f70   ti_sysbios_BIOS_Module__state__V
20010ffc   _IGMPForceVersion1
20011012   macAddress
20011018   NIMUDeviceTable
20011030   _lock
20011034   _unlock
20011038   __TI_cleanup_ptr
2001103c   __TI_dtors_ptr
20011048   _ICMPInErrors
2001104c   _ICMPOutErrors
20011050   _IPExecuting
20011068   tcp_iss
2001106c   ptTimeFirst
20011090   main_func_sp
20011098   _IPReasmPtr
200110a8   __stack
200112a8   __STACK_TOP
200118a8   __STACK_END
e000e000   ti_sysbios_family_arm_m3_Hwi_nvic
ffffffff   __binit__
ffffffff   __c_args__
ffffffff   binit
UNDEFED    SHT$$INIT_ARRAY$$Base
UNDEFED    SHT$$INIT_ARRAY$$Limit

[1108 symbols]
