******************************************************************************
                  TI ARM Linker Unix v5.1.6                    
******************************************************************************
>> Linked Tue Mar 17 16:19:07 2015

OUTPUT FILE NAME:   <RoverMotherboard.out>
ENTRY POINT SYMBOL: "_c_int00"  address: 0000ed29


MEMORY CONFIGURATION

         name            origin    length      used     unused   attr    fill
----------------------  --------  ---------  --------  --------  ----  --------
  FLASH                 00000000   00100000  000158da  000ea726  R  X
  SRAM                  20000000   00040000  000135e4  0002ca1c  RW X


SEGMENT ALLOCATION MAP

run origin  load origin   length   init length attrs members
----------  ----------- ---------- ----------- ----- -------
00000000    00000000    000158e0   000158e0    r-x
  00000000    00000000    0000003c   0000003c    r-- .resetVecs
  0000003c    0000003c    00012c92   00012c92    r-x .text
  00012cd0    00012cd0    0000259c   0000259c    r-- .const
  00015270    00015270    00000670   00000670    r-- .cinit
20000000    20000000    00000360   00000000    rw-
  20000000    20000000    00000360   00000000    rw- .vecs
20000380    20000380    00013284   00000000    rw-
  20000380    20000380    00012144   00000000    rw- .bss
  200124c4    200124c4    00000940   00000000    rw- .data
  20012e04    20012e04    00000800   00000000    rw- .stack


SECTION ALLOCATION MAP

 output                                  attributes/
section   page    origin      length       input sections
--------  ----  ----------  ----------   ----------------
.bootVecs 
*          0    00000000    00000008     DSECT
                  00000000    00000008     boot.aem4f : boot.oem4f (.bootVecs)

.resetVecs 
*          0    00000000    0000003c     
                  00000000    0000003c     RoverMotherboard_pem4f.oem4f (.resetVecs)

xdc.meta   0    00000000    0000010f     COPY SECTION
                  00000000    0000010f     RoverMotherboard_pem4f.oem4f (xdc.meta)

.init_array 
*          0    00000000    00000000     UNINITIALIZED

.text      0    0000003c    00012c92     
                  0000003c    00000c70     stk.aem4f : tcpin.oem4f (.text:TcpInput)
                  00000cac    000008a0               : tcpout.oem4f (.text:TcpOutput)
                  0000154c    00000424     sysbios.aem4f : BIOS.obj (.text:ti_sysbios_family_arm_m3_Hwi_excDumpRegs__I)
                  00001970    00000408     stk.aem4f : ipout.oem4f (.text:IPTxPacket)
                  00001d78    00000384               : ipin.oem4f (.text:IPRxPacket)
                  000020fc    0000033c     ti.targets.arm.rtsarm.aem4f : System.oem4f (.text:xdc_runtime_System_doPrint__I)
                  00002438    0000031c     roveHardwareAbstraction.obj (.text:deviceWrite)
                  00002754    00000304     sysbios.aem4f : BIOS.obj (.text:ti_sysbios_knl_Semaphore_pend__E)
                  00002a58    000002d4     rtsv7M4_T_le_v4SPD16_eabi.lib : trgdrv.obj (.text)
                  00002d2c    000002c0     sysbios.aem4f : BIOS.obj (.text:ti_sysbios_knl_Task_Instance_finalize__E)
                  00002fec    00000274     stk.aem4f : sock.oem4f (.text:SockSet)
                  00003260    0000024c               : ipfrag.oem4f (.text:IPReasm)
                  000034ac    0000024c     sysbios.aem4f : BIOS.obj (.text:ti_sysbios_family_arm_lm4_Timer_start__E)
                  000036f8    00000248                   : BIOS.obj (.text:ti_sysbios_heaps_HeapMem_free__E)
                  00003940    0000023c     stk.aem4f : icmpin.oem4f (.text:ICMPInput)
                  00003b7c    00000234     sysbios.aem4f : BIOS.obj (.text:ti_sysbios_heaps_HeapMem_alloc__E)
                  00003db0    00000224     stk.aem4f : udp.oem4f (.text:UdpInput)
                  00003fd4    00000208     sysbios.aem4f : BIOS.obj (.text:ti_sysbios_knl_Task_sleep__E)
                  000041dc    00000204     Boot.aem4f : Boot_sysctl.oem4f (.text:ti_catalog_arm_cortexm4_tiva_ce_Boot_sysCtlClockFreqSetI__I)
                  000043e0    000001f8     stk.aem4f : sock.oem4f (.text:SockRecv)
                  000045d8    000001f8     sysbios.aem4f : BIOS.obj (.text:ti_sysbios_family_arm_m3_Hwi_excHandlerMax__I)
                  000047d0    000001e4                   : BIOS.obj (.text:ti_sysbios_knl_Task_Instance_init__E)
                  000049b4    000001cc     roveHardwareTester.obj (.text:roveHardwareTester)
                  00004b80    000001b8     drivers_tivaware.aem4f : EMACSnow.oem4f (.text:EMACSnow_NIMUInit)
                  00004d38    000001b4     stk.aem4f : lliout.oem4f (.text:LLITxIpPacket)
                  00004eec    000001b0               : lliin.oem4f (.text:LLIRxPacket)
                  0000509c    00000198     os.aem4f : mem.oem4f (.text:mmAlloc)
                  00005234    00000194     stk.aem4f : sock.oem4f (.text:SockNew)
                  000053c8    00000190               : igmp.oem4f (.text:IGMPInput)
                  00005558    0000018c     roveHardwareAbstraction.obj (.text:digitalWrite)
                  000056e4    00000184     sysbios.aem4f : BIOS.obj (.text:ti_sysbios_knl_Task_setPri__E)
                  00005868    00000170     stk.aem4f : rtc.oem4f (.text:RTCReport)
                  000059d8    00000168     sysbios.aem4f : BIOS.obj (.text:ti_sysbios_family_arm_m3_Hwi_excBusFault__I)
                  00005b40    00000166     stk.aem4f : sb.oem4f (.text:SBRead)
                  00005ca6    00000002     hal_userled_stub.aem4f : llled.oem4f (.text:LED_TOGGLE)
                  00005ca8    00000164     stk.aem4f : sock.oem4f (.text:SockConnect)
                  00005e0c    00000154     netctrl_min_ipv4.aem4f : netctrl.oem4f (.text:NC_NetStart)
                  00005f60    00000154     sysbios.aem4f : BIOS.obj (.text:ti_sysbios_family_arm_m3_Hwi_excUsageFault__I)
                  000060b4    00000144     stk.aem4f : bind.oem4f (.text:BindNew)
                  000061f8    00000140     nettool_ipv4.aem4f : config.oem4f (.text:CfgAddEntry)
                  00006338    00000140                        : dhcpmain.oem4f (.text:DHCPOpen)
                  00006478    00000140     EK_TM4C1294XL.obj (.text:EK_TM4C1294XL_initUART)
                  000065b8    00000140     stk.aem4f : tcp.oem4f (.text:TcpTimeoutCheck)
                  000066f8    00000140     drivers_tivaware.aem4f : UARTTiva.oem4f (.text:UARTTiva_open)
                  00006838    00000140     sysbios.aem4f : BIOS.obj (.text:ti_sysbios_family_arm_m3_Hwi_excMemFault__I)
                  00006978    0000013c     stk.aem4f : sock.oem4f (.text:SockSend)
                  00006ab4    00000138     sysbios.aem4f : BIOS.obj (.text:ti_sysbios_family_arm_m3_Hwi_dispatchC__I)
                  00006bec    00000138                   : BIOS.obj (.text:ti_sysbios_heaps_HeapMem_Instance_init__E)
                  00006d24    00000138                   : BIOS.obj (.text:ti_sysbios_knl_Semaphore_post__E)
                  00006e5c    00000130     driverlib.lib : gpio.obj (.text:GPIOPadConfigSet)
                  00006f8c    00000130     stk.aem4f : icmp.oem4f (.text:ICMPGenPacket)
                  000070bc    0000012c     EK_TM4C1294XL.obj (.text:EK_TM4C1294XL_initEMAC)
                  000071e8    0000012c     sysbios.aem4f : BIOS.obj (.text:ti_sysbios_knl_Clock_workFunc__E)
                  00007314    00000128     stk.aem4f : udp.oem4f (.text:UdpOutput)
                  0000743c    00000128     sysbios.aem4f : BIOS.obj (.text:ti_sysbios_knl_Task_exit__E)
                  00007564    00000124     stk.aem4f : sockpcb.oem4f (.text:SockPcbResolve)
                  00007688    00000124     RoverMotherboard_pem4f.oem4f (.text:ti_ndk_config_Global_stackThread)
                  000077ac    00000120     sysbios.aem4f : BIOS.obj (.text:ti_sysbios_knl_Swi_run__I)
                  000078cc    00000120     ti.targets.arm.rtsarm.aem4f : Error.oem4f (.text:xdc_runtime_Error_policyDefault__E)
                  000079ec    0000011c     sysbios.aem4f : BIOS.obj (.text:ti_sysbios_knl_Clock_Instance_init__E)
                  00007b08    00000118     stk.aem4f : sockint.oem4f (.text:SockNotify)
                  00007c20    00000118     driverlib.lib : sysctl.obj (.text:SysCtlClockGet)
                  00007d38    00000118     stk.aem4f : tcpout.oem4f (.text:TcpGenPacket)
                  00007e50    00000110               : nimu.oem4f (.text:NIMUIoctl)
                  00007f60    00000110               : node.oem4f (.text:NodeTreeFree)
                  00008070    00000110               : raw.oem4f (.text:RawInput)
                  00008180    0000010c               : igmp.oem4f (.text:IGMPSendReply)
                  0000828c    0000010c               : route.oem4f (.text:RtCreate)
                  00008398    0000010c               : rtable.oem4f (.text:RtFind)
                  000084a4    00000104     os.aem4f : task.oem4f (.text:llEnter)
                  000085a8    00000104     sysbios.aem4f : BIOS.obj (.text:ti_sysbios_knl_Task_schedule__I)
                  000086ac    00000104     ti.targets.arm.rtsarm.aem4f : Core-mem.oem4f (.text:xdc_runtime_Core_createObject__I)
                  000087b0    00000104     RoverMotherboard_pem4f.oem4f (.text:xdc_runtime_System_printfExtend__I)
                  000088b4    00000102     nettool_ipv4.aem4f : dhcppkt.oem4f (.text:dhcpPacketProcess)
                  000089b6    00000002     stk.aem4f : nat.oem4f (.text:NatMsg)
                  000089b8    00000100     netctrl_min_ipv4.aem4f : netctrl.oem4f (.text:NetScheduler)
                  00008ab8    00000100     nettool_ipv4.aem4f : inetaddr.oem4f (.text:inet_aton)
                  00008bb8    000000fe     stk.aem4f : pipe.oem4f (.text:PipeRecv)
                  00008cb6    00000002     os.aem4f : task.oem4f (.text:_TaskInit)
                  00008cb8    000000fc     ti.targets.arm.rtsarm.aem4f : Startup.oem4f (.text:xdc_runtime_Startup_startMods__I)
                  00008db4    000000f8     drivers_tivaware.aem4f : EMACSnow.oem4f (.text:EMACSnow_emacStart)
                  00008eac    000000f4     os.aem4f : task.oem4f (.text:TaskGetEnv)
                  00008fa0    000000f4     sysbios.aem4f : m3_Hwi_asm.obj (.text:ti_sysbios_family_arm_m3_Hwi_dispatch__I)
                  00009094    000000f4                   : BIOS.obj (.text:ti_sysbios_knl_Task_startCore__E)
                  00009188    000000f0     stk.aem4f : lliout.oem4f (.text:LLIGenArpPacket)
                  00009278    000000f0     sysbios.aem4f : BIOS.obj (.text:ti_sysbios_knl_Task_postInit__I)
                  00009368    000000ee     stk.aem4f : sock.oem4f (.text:SockClose)
                  00009456    00000002     os.aem4f : task.oem4f (.text:_TaskShutdown)
                  00009458    000000ec     RoverMotherboardMain.obj (.text:main)
                  00009544    000000e8     os.aem4f : task.oem4f (.text:TaskSetEnv)
                  0000962c    000000e0     stk.aem4f : tcptime.oem4f (.text:TcpTimeoutRexmt)
                  0000970c    000000dc               : sb.oem4f (.text:SBWrite)
                  000097e8    000000dc     nettool_ipv4.aem4f : dhcpsock.oem4f (.text:dhcpSocketOpen)
                  000098c4    000000da                        : dhcpsm.oem4f (.text:dhcpState)
                  0000999e    00000002     hal_ser_stub.aem4f : llserstb.oem4f (.text:_llSerialServiceCheck)
                  000099a0    000000d8     stk.aem4f : node.oem4f (.text:NodeAdd)
                  00009a78    000000d5               : nimu.oem4f (.text:NIMUReceivePacket)
                  00009b4d    00000001     --HOLE-- [fill = 0]
                  00009b4e    00000002     hal_ser_stub.aem4f : llserstb.oem4f (.text:_llSerialShutdown)
                  00009b50    000000d4     drivers_tivaware.aem4f : EMACSnow.oem4f (.text:EMACSnow_handleRx)
                  00009c24    000000d4     stk.aem4f : sockpcb.oem4f (.text:SockPcbBind)
                  00009cf8    000000d2               : tcpprot.oem4f (.text:TcpPrSetOption)
                  00009dca    00000002     hal_userled_stub.aem4f : llled.oem4f (.text:_llUserLedInit)
                  00009dcc    000000d0     sysbios.aem4f : BIOS.obj (.text:ti_sysbios_knl_Swi_Instance_init__E)
                  00009e9c    000000ce     nettool_ipv4.aem4f : dhcpsm.oem4f (.text:dhcpIPAdd)
                  00009f6a    00000002     hal_userled_stub.aem4f : llled.oem4f (.text:_llUserLedShutdown)
                  00009f6c    000000cc     stk.aem4f : icmp.oem4f (.text:ICMPSendRtAdv)
                  0000a038    000000cc     nettool_ipv4.aem4f : dhcpbild.oem4f (.text:dhcpBuildHeader)
                  0000a104    000000cc     ti.targets.arm.rtsarm.aem4f : Core-smem.oem4f (.text:xdc_runtime_Core_constructObject__I)
                  0000a1d0    000000ca     nettool_ipv4.aem4f : dhcppkt.oem4f (.text:dhcpVerifyMessage)
                  0000a29a    00000002     hal_ser_stub.aem4f : llserstb.oem4f (.text:llSerialService)
                  0000a29c    000000c8     stk.aem4f : rawethsock.oem4f (.text:RawEthSockNew)
                  0000a364    000000c4     drivers_tivaware.aem4f : EMACSnow.oem4f (.text:EMACSnow_InitDMADescriptors)
                  0000a428    000000c4     stk.aem4f : igmp.oem4f (.text:IGMPJoinHostGroup)
                  0000a4ec    000000c4     netctrl_min_ipv4.aem4f : netsrv.oem4f (.text:SPIpNet)
                  0000a5b0    000000c4     sysbios.aem4f : BIOS.obj (.text:ti_sysbios_family_arm_m3_Hwi_Module_startup__E)
                  0000a674    000000c0     nettool_ipv4.aem4f : dhcpsm.oem4f (.text:StateBound)
                  0000a734    000000bc     stk.aem4f : sockpcb.oem4f (.text:SockPcbFind)
                  0000a7f0    000000bc               : vlan.oem4f (.text:VLANDeinit)
                  0000a8ac    000000bc     sysbios.aem4f : BIOS.obj (.text:ti_sysbios_knl_Task_unblockI__E)
                  0000a968    000000b8     EK_TM4C1294XL.obj (.text:EK_TM4C1294XL_initGeneral)
                  0000aa20    000000b8     stk.aem4f : icmpin.oem4f (.text:ICMPRevSrcRoute)
                  0000aad8    000000b8               : lli.oem4f (.text:_LLITimeoutCheck)
                  0000ab90    000000b4               : tcptime.oem4f (.text:TcpTimeoutKeep)
                  0000ac44    000000b4     sysbios.aem4f : BIOS.obj (.text:ti_sysbios_family_arm_m3_Hwi_excHardFault__I)
                  0000acf8    000000b4                   : BIOS.obj (.text:ti_sysbios_gates_GateMutex_enter__E)
                  0000adac    000000b4                   : BIOS.obj (.text:ti_sysbios_knl_Task_checkStacks__E)
                  0000ae60    000000b0     stk.aem4f : rawethsock.oem4f (.text:RawEthSockSet)
                  0000af10    000000b0               : sockint.oem4f (.text:SockCreatePacket)
                  0000afc0    000000b0     sysbios.aem4f : BIOS.obj (.text:ti_sysbios_family_arm_m3_Hwi_excDebugMon__I)
                  0000b070    000000ac     stk.aem4f : rtable.oem4f (.text:RtTimeoutCheck)
                  0000b11c    000000ac     RoverMotherboard_pem4f.oem4f (.text:ti_ndk_config_ip_init)
                  0000b1c8    000000ac     sysbios.aem4f : BIOS.obj (.text:ti_sysbios_family_arm_lm4_Timer_enableTiva__I)
                  0000b274    000000a8                   : BIOS.obj (.text:ti_sysbios_family_arm_lm4_Timer_enableTimers__I)
                  0000b31c    000000a8                   : BIOS.obj (.text:ti_sysbios_knl_Swi_post__E)
                  0000b3c4    000000a8                   : BIOS.obj (.text:ti_sysbios_knl_Task_blockI__E)
                  0000b46c    000000a0     auto_init.aem4f : auto_init.oem4f (.text)
                  0000b50c    000000a0     sysbios.aem4f : BIOS.obj (.text:ti_sysbios_family_arm_m3_Hwi_Instance_init__E)
                  0000b5ac    0000009c     stk.aem4f : exec.oem4f (.text:ExecOpen)
                  0000b648    0000009c     netctrl_min_ipv4.aem4f : netsrv.oem4f (.text:ServiceScan)
                  0000b6e4    0000009c     rtsv7M4_T_le_v4SPD16_eabi.lib : memcpy_t2.obj (.text)
                  0000b780    0000009c     sysbios.aem4f : BIOS.obj (.text:ti_sysbios_knl_Semaphore_Instance_init__E)
                  0000b81c    0000009a     ti.targets.arm.rtsarm.aem4f : Text.oem4f (.text:xdc_runtime_Text_putSite__E)
                  0000b8b6    00000002     RoverMotherboard_pem4f.oem4f (.text:ti_ndk_config_Global_NetworkClose)
                  0000b8b8    00000098     stk.aem4f : ip.oem4f (.text:IPGetRoute)
                  0000b950    00000098     netctrl_min_ipv4.aem4f : netctrl.oem4f (.text:NC_SystemOpen)
                  0000b9e8    00000096     stk.aem4f : nimu.oem4f (.text:NIMUAddEthernetHeader)
                  0000ba7e    00000002     RoverMotherboard_pem4f.oem4f (.text:ti_ndk_config_Global_NetworkOpen)
                  0000ba80    00000094     nettool_ipv4.aem4f : config.oem4f (.text:CfgExecute)
                  0000bb14    00000094                        : config.oem4f (.text:CfgRemoveEntry)
                  0000bba8    00000094     Boot.aem4f : Boot.oem4f (.text:ti_catalog_arm_cortexm4_tiva_ce_Boot_sysCtlClockFreqSet__E)
                  0000bc3c    00000094     ti.targets.arm.rtsarm.aem4f : Text.oem4f (.text:xdc_runtime_Text_putMod__E)
                  0000bcd0    00000090     stk.aem4f : igmp.oem4f (.text:IGMPMsg)
                  0000bd60    00000090               : sockpcb.oem4f (.text:SockPcbCtlError)
                  0000bdf0    00000090     os.aem4f : mem.oem4f (.text:_mmInit)
                  0000be80    00000090              : mem.oem4f (.text:mmBulkAlloc)
                  0000bf10    0000008e     nettool_ipv4.aem4f : dhcpbild.oem4f (.text:dhcpBuildRequest)
                  0000bf9e    00000002     RoverMotherboard_pem4f.oem4f (.text:ti_sysbios_BIOS_nullFunc__I)
                  0000bfa0    0000008c     os.aem4f : mem.oem4f (.text:mmInitPage)
                  0000c02c    0000008c     sysbios.aem4f : BIOS.obj (.text:ti_sysbios_family_arm_m3_Hwi_initNVIC__E)
                  0000c0b8    0000008c                   : m3_TaskSupport_asm.obj (.text:ti_sysbios_family_arm_m3_TaskSupport_buildTaskStack)
                  0000c144    0000008a     netctrl_min_ipv4.aem4f : netsrv.oem4f (.text:SPRoute)
                  0000c1ce    00000002     sysbios.aem4f : BIOS.obj (.text:ti_sysbios_gates_GateHwi_Instance_init__E)
                  0000c1d0    00000088                   : BIOS.obj (.text:ti_sysbios_knl_Mailbox_Module_startup__E)
                  0000c258    00000086     nettool_ipv4.aem4f : dhcpsm.oem4f (.text:StateRequesting)
                  0000c2de    00000002     RoverMotherboard_pem4f.oem4f (.text:xdc_runtime_Startup_reset__I)
                  0000c2e0    00000084     stk.aem4f : tcpprot.oem4f (.text:TcpPrAttach)
                  0000c364    00000084     os.aem4f : mem.oem4f (.text:mmBulkFree)
                  0000c3e8    00000084     sysbios.aem4f : BIOS.obj (.text:ti_sysbios_knl_Task_Module_startup__E)
                  0000c46c    00000082     nettool_ipv4.aem4f : dhcpsm.oem4f (.text:StateRenewRebind)
                  0000c4ee    00000002     --HOLE-- [fill = 0]
                  0000c4f0    00000080     stk.aem4f : ip.oem4f (.text:IPMsg)
                  0000c570    00000080               : lli.oem4f (.text:LLINew)
                  0000c5f0    00000080     netctrl_min_ipv4.aem4f : netsrv.oem4f (.text:NS_BootTask)
                  0000c670    00000080     stk.aem4f : pbm.oem4f (.text:PBM_alloc)
                  0000c6f0    00000080               : raw.oem4f (.text:RawOutput)
                  0000c770    00000080     netctrl_min_ipv4.aem4f : netsrv.oem4f (.text:ServiceSpawn)
                  0000c7f0    00000080     os.aem4f : mem.oem4f (.text:mmFree)
                  0000c870    0000007f     RoverMotherboard_pem4f.oem4f (.text:ti_ndk_config_Global_NetworkIPAddr)
                  0000c8ef    00000001     --HOLE-- [fill = 0]
                  0000c8f0    0000007e     stk.aem4f : fileuser.oem4f (.text:fdClose)
                  0000c96e    00000002     --HOLE-- [fill = 0]
                  0000c970    0000007c     nettool_ipv4.aem4f : config.oem4f (.text:CfgGetEntry)
                  0000c9ec    0000007c                        : config.oem4f (.text:CfgGetNextEntry)
                  0000ca68    0000007c     drivers_tivaware.aem4f : EMACSnow.oem4f (.text:EMACSnow_processPendingTx)
                  0000cae4    0000007c                            : EMACSnow.oem4f (.text:EMACSnow_processPhyInterrupt)
                  0000cb60    0000007c     stk.aem4f : igmp.oem4f (.text:IGMPJoin)
                  0000cbdc    0000007c               : socket.oem4f (.text:NDK_setsockopt)
                  0000cc58    0000007c               : nimu.oem4f (.text:NIMURegister)
                  0000ccd4    0000007c               : pbm.oem4f (.text:PBM_free)
                  0000cd50    0000007a               : igmp.oem4f (.text:IGMPDoMCast)
                  0000cdca    0000007a     drivers_tivaware.aem4f : UARTTiva.oem4f (.text:writeData)
                  0000ce44    00000078     driverlib.lib : emac.obj (.text:EMACInit)
                  0000cebc    00000078     stk.aem4f : socket.oem4f (.text:NDK_sendto)
                  0000cf34    00000078               : nimu.oem4f (.text:NIMUShutdown)
                  0000cfac    00000078               : tcptime.oem4f (.text:TcpXmitTimer)
                  0000d024    00000078               : fileuser.oem4f (.text:fdOpenSession)
                  0000d09c    00000078     os.aem4f : task.oem4f (.text:llExit)
                  0000d114    00000078     rtsv7M4_T_le_v4SPD16_eabi.lib : memset_t2.obj (.text)
                  0000d18c    00000075     stk.aem4f : tcptime.oem4f (.text:TcpTimeoutSackRexmt)
                  0000d201    00000003     --HOLE-- [fill = 0]
                  0000d204    00000074               : raweth.oem4f (.text:RawEthRxPacket)
                  0000d278    00000074               : sockpcb.oem4f (.text:SockPcbConnect)
                  0000d2ec    00000074     sysbios.aem4f : BIOS.obj (.text:ti_sysbios_knl_Clock_start__E)
                  0000d360    00000072     stk.aem4f : rtable.oem4f (.text:RtWalkNext)
                  0000d3d2    00000002     --HOLE-- [fill = 0]
                  0000d3d4    00000072     os.aem4f : semaphore.oem4f (.text:SemCreateBinary)
                  0000d446    00000002     --HOLE-- [fill = 0]
                  0000d448    00000070     drivers_tivaware.aem4f : EMACSnow.oem4f (.text:EMACSnow_hwiIntFxn)
                  0000d4b8    00000070     stk.aem4f : igmp.oem4f (.text:IGMPLeaveHostGroup)
                  0000d528    00000070               : rtable.oem4f (.text:RtFlush)
                  0000d598    00000070               : sock.oem4f (.text:SockShutdown)
                  0000d608    00000070     nettool_ipv4.aem4f : dhcptags.oem4f (.text:dhcpDecodeType)
                  0000d678    00000070     sysbios.aem4f : BIOS.obj (.text:ti_sysbios_family_arm_m3_Hwi_postInit__I)
                  0000d6e8    00000070     ti.targets.arm.rtsarm.aem4f : Memory.oem4f (.text:xdc_runtime_Memory_alloc__E)
                  0000d758    0000006e     stk.aem4f : socket.oem4f (.text:NDK_recv)
                  0000d7c6    00000002     --HOLE-- [fill = 0]
                  0000d7c8    0000006d               : node.oem4f (.text:NodeNew)
                  0000d835    00000003     --HOLE-- [fill = 0]
                  0000d838    0000006c     os.aem4f : ossys.oem4f (.text:DbgPrintf)
                  0000d8a4    0000006c     drivers_tivaware.aem4f : EMACSnow.oem4f (.text:EMACSnow_emacStop)
                  0000d910    0000006c     stk.aem4f : node.oem4f (.text:NodeTreeNew)
                  0000d97c    0000006c     drivers_tivaware.aem4f : UARTTiva.oem4f (.text:UARTTiva_read)
                  0000d9e8    0000006c                            : UARTTiva.oem4f (.text:UARTTiva_write)
                  0000da54    0000006c     ti.targets.arm.rtsarm.aem4f : Error.oem4f (.text:xdc_runtime_Error_print__E)
                  0000dac0    0000006a     stk.aem4f : tcpprot.oem4f (.text:TcpPrInherit)
                  0000db2a    0000006a               : rtable.oem4f (.text:_RtNodeInsert)
                  0000db94    00000068               : socket.oem4f (.text:NDK_socket)
                  0000dbfc    00000068               : pbm.oem4f (.text:PBM_open)
                  0000dc64    00000068     netctrl_min_ipv4.aem4f : netsrv.oem4f (.text:SPConfig)
                  0000dccc    00000068     stk.aem4f : sockpcb.oem4f (.text:SockPcbFindRaw)
                  0000dd34    00000068               : udp.oem4f (.text:UdpChecksum)
                  0000dd9c    00000068     hal_timer_bios.aem4f : lltimer.oem4f (.text:llTimerTick)
                  0000de04    00000066     drivers_tivaware.aem4f : UARTTiva.oem4f (.text:UARTTiva_readPolling)
                  0000de6a    00000066     ti.targets.arm.rtsarm.aem4f : Core-mem.oem4f (.text:xdc_runtime_Core_deleteObject__I)
                  0000ded0    00000064     nettool_ipv4.aem4f : config.oem4f (.text:CfgFree)
                  0000df34    00000064     stk.aem4f : pbm.oem4f (.text:PBMQ_enq)
                  0000df98    00000064     RoverMotherboard_pem4f.oem4f (.text:ti_sysbios_family_arm_m3_Hwi_create)
                  0000dffc    00000064     stk.aem4f : lliin.oem4f (.text:updateRtTable)
                  0000e060    00000062               : ipin.oem4f (.text:IPRouteIP)
                  0000e0c2    00000002     --HOLE-- [fill = 0]
                  0000e0c4    00000062               : sb.oem4f (.text:SBNew)
                  0000e126    00000062     drivers_tivaware.aem4f : UARTTiva.oem4f (.text:UARTTiva_hwiIntFxn)
                  0000e188    00000062                            : UARTTiva.oem4f (.text:readData)
                  0000e1ea    00000002     --HOLE-- [fill = 0]
                  0000e1ec    00000060     nettool_ipv4.aem4f : config.oem4f (.text:CfgGetEntryCnt)
                  0000e24c    00000060     stk.aem4f : file.oem4f (.text:FdWaitEvent)
                  0000e2ac    00000060               : nimu.oem4f (.text:NIMUUnregister)
                  0000e30c    00000060               : node.oem4f (.text:NodeFind)
                  0000e36c    00000060               : rtc.oem4f (.text:RTCMsg)
                  0000e3cc    00000060               : tcp.oem4f (.text:TcpChecksum)
                  0000e42c    00000060     nettool_ipv4.aem4f : dhcptags.oem4f (.text:dhcpBuildOptions)
                  0000e48c    00000060     rtsv7M4_T_le_v4SPD16_eabi.lib : trgmsg.obj (.text)
                  0000e4ec    00000060     sysbios.aem4f : BIOS.obj (.text:ti_sysbios_family_arm_lm4_Timer_isrStub__E)
                  0000e54c    00000060                   : BIOS.obj (.text:ti_sysbios_knl_Clock_logTick__E)
                  0000e5ac    00000060     ti.targets.arm.rtsarm.aem4f : System.oem4f (.text:xdc_runtime_System_formatNum__I)
                  0000e60c    0000005e     stk.aem4f : route.oem4f (.text:RtRemove)
                  0000e66a    0000005e     nettool_ipv4.aem4f : dhcpsm.oem4f (.text:StateSelecting)
                  0000e6c8    0000005e     rtsv7M4_T_le_v4SPD16_eabi.lib : copy_decompress_rle.obj (.text)
                  0000e726    00000002     --HOLE-- [fill = 0]
                  0000e728    0000005c     nettool_ipv4.aem4f : config.oem4f (.text:CfgSetExecuteOrder)
                  0000e784    0000005c     stk.aem4f : nimu.oem4f (.text:NIMUIoctlSpecialCmd)
                  0000e7e0    0000005c               : sockint.oem4f (.text:SockSpawnAbort)
                  0000e83c    0000005c               : vlan.oem4f (.text:VLANReceivePacket)
                  0000e898    0000005c     sysbios.aem4f : BIOS.obj (.text:ti_sysbios_family_arm_lm4_Timer_Module_startup__E)
                  0000e8f4    0000005c     RoverMotherboard_pem4f.oem4f (.text:ti_sysbios_knl_Swi_create)
                  0000e950    0000005c     RoverMotherboard_pem4f.oem4f (.text:ti_sysbios_knl_Task_create)
                  0000e9ac    0000005b     ti.targets.arm.rtsarm.aem4f : Text.oem4f (.text:xdc_runtime_Text_putLab__E)
                  0000ea07    00000001     --HOLE-- [fill = 0]
                  0000ea08    0000005a     stk.aem4f : route.oem4f (.text:RtRedirect)
                  0000ea62    0000005a               : tcpprot.oem4f (.text:TcpValidateMetrics)
                  0000eabc    0000005a     nettool_ipv4.aem4f : dhcpbild.oem4f (.text:dhcpBuildDecline)
                  0000eb16    0000005a     RoverMotherboard_pem4f.oem4f (.text:ti_ndk_config_tcp_init)
                  0000eb70    00000058     stk.aem4f : bind.oem4f (.text:BindFree)
                  0000ebc8    00000058     driverlib.lib : emac.obj (.text:EMACPHYConfigSet)
                  0000ec20    00000058     stk.aem4f : igmp.oem4f (.text:IGMPTimer)
                  0000ec78    00000058     netctrl_min_ipv4.aem4f : netsrv.oem4f (.text:SPService)
                  0000ecd0    00000058     os.aem4f : semaphore.oem4f (.text:SemCreate)
                  0000ed28    00000058     boot.aem4f : boot.oem4f (.text)
                  0000ed80    00000058     roveUarts.obj (.text:init_uart)
                  0000edd8    00000058     RoverMotherboard_pem4f.oem4f (.text:ti_sysbios_family_arm_m3_Hwi_construct)
                  0000ee30    00000058     sysbios.aem4f : m3_Hwi_asm_switch.obj (.text:ti_sysbios_family_arm_m3_Hwi_initStacks__E)
                  0000ee88    00000058                   : BIOS.obj (.text:ti_sysbios_knl_Swi_restoreHwi__E)
                  0000eee0    00000058                   : BIOS.obj (.text:ti_sysbios_knl_Swi_schedule__I)
                  0000ef38    00000054     nettool_ipv4.aem4f : config.oem4f (.text:CfgEntryDeRef)
                  0000ef8c    00000054     stk.aem4f : igmp.oem4f (.text:IGMPLeave)
                  0000efe0    00000054               : rawethsock_pcb.oem4f (.text:RawEthSockPcbAttach)
                  0000f034    00000054               : tcptime.oem4f (.text:TcpTimeoutPersist)
                  0000f088    00000054     os.aem4f : mem.oem4f (.text:mmCopy)
                  0000f0dc    00000054     sysbios.aem4f : BIOS.obj (.text:ti_sysbios_knl_Swi_Instance_finalize__E)
                  0000f130    00000050     stk.aem4f : socket.oem4f (.text:NDK_bind)
                  0000f180    00000050               : route.oem4f (.text:RtNew)
                  0000f1d0    00000050     driverlib.lib : sysctl.obj (.text:SysCtlPeripheralReset)
                  0000f220    00000050     stk.aem4f : tcpprot.oem4f (.text:TcpPrDetach)
                  0000f270    00000050     Boot.aem4f : Boot_sysctl.oem4f (.text:_SysCtlFrequencyGet)
                  0000f2c0    00000050     ti.targets.arm.rtsarm.aem4f : Startup.oem4f (.text:xdc_runtime_Startup_exec__E)
                  0000f310    00000050                                 : Text.oem4f (.text:xdc_runtime_Text_visitRope2__I)
                  0000f360    0000004e     stk.aem4f : node.oem4f (.text:NodeDeRef)
                  0000f3ae    00000002     --HOLE-- [fill = 0]
                  0000f3b0    0000004c     nettool_ipv4.aem4f : ipaddr.oem4f (.text:NtAddNetwork)
                  0000f3fc    0000004c     stk.aem4f : sockint.oem4f (.text:SockValidateRoute)
                  0000f448    0000004c               : file.oem4f (.text:fdint_lockfd)
                  0000f494    0000004c     sysbios.aem4f : BIOS.obj (.text:ti_sysbios_knl_Swi_runLoop__I)
                  0000f4e0    0000004a     roveStructTransfer.obj (.text:CalcCheckSum)
                  0000f52a    0000004a     stk.aem4f : sock.oem4f (.text:SockDisconnect)
                  0000f574    0000004a               : timer.oem4f (.text:TimerNew)
                  0000f5be    0000004a     nettool_ipv4.aem4f : config.oem4f (.text:_CfgEntryScan)
                  0000f608    00000048                        : config.oem4f (.text:CfgNew)
                  0000f650    00000048     drivers_tivaware.aem4f : EMACSnow.oem4f (.text:EMACSnow_processTransmitted)
                  0000f698    00000048     driverlib.lib : gpio.obj (.text:GPIOPinConfigure)
                  0000f6e0    00000048     stk.aem4f : lli.oem4f (.text:LLIMsg)
                  0000f728    00000048               : node.oem4f (.text:NodeWalk)
                  0000f770    00000048               : sockpcb.oem4f (.text:SockPcbResolveChain)
                  0000f7b8    00000048               : tcpprot.oem4f (.text:TcpDrop)
                  0000f800    00000048               : lli.oem4f (.text:_LLIExpListInsert)
                  0000f848    00000048               : rtable.oem4f (.text:_RtExpListInsert)
                  0000f890    00000048     sysbios.aem4f : BIOS.obj (.text:ti_sysbios_family_arm_m3_Hwi_excReserved__I)
                  0000f8d8    00000048                   : BIOS.obj (.text:ti_sysbios_heaps_HeapMem_getStats__E)
                  0000f920    00000048                   : BIOS.obj (.text:ti_sysbios_knl_Task_deleteTerminatedTasksFunc__I)
                  0000f968    00000048     ti.targets.arm.rtsarm.aem4f : Assert.oem4f (.text:xdc_runtime_Assert_raise__I)
                  0000f9b0    00000046     nettool_ipv4.aem4f : ipaddr.oem4f (.text:NtIfIdx2Ip)
                  0000f9f6    00000046     netctrl_min_ipv4.aem4f : netsrv.oem4f (.text:ServiceKill)
                  0000fa3c    00000046     ti.targets.arm.rtsarm.aem4f : Core-params.oem4f (.text:xdc_runtime_Core_assignParams__I)
                  0000fa82    00000002     --HOLE-- [fill = 0]
                  0000fa84    00000044     EK_TM4C1294XL.obj (.text:EK_TM4C1294XL_initGPIO)
                  0000fac8    00000044     stk.aem4f : ipfrag.oem4f (.text:IPReasmFree)
                  0000fb0c    00000044               : lli.oem4f (.text:LLIGetValidTime)
                  0000fb50    00000044               : rawethsock_pcb.oem4f (.text:RawEthSockPcbDetach)
                  0000fb94    00000044               : rtable.oem4f (.text:RouteMsg)
                  0000fbd8    00000044               : rtable.oem4f (.text:RtWalkEnd)
                  0000fc1c    00000044               : timer.oem4f (.text:TimerListInsert)
                  0000fc60    00000044     hal_timer_bios.aem4f : lltimer.oem4f (.text:llTimerGetTime)
                  0000fca4    00000044     rtsv7M4_T_le_v4SPD16_eabi.lib : cpy_tbl.obj (.text)
                  0000fce8    00000044                                   : exit.obj (.text)
                  0000fd2c    00000044     sysbios.aem4f : BIOS.obj (.text:ti_sysbios_family_arm_lm4_Timer_stop__E)
                  0000fd70    00000044                   : BIOS.obj (.text:ti_sysbios_family_arm_m3_Hwi_disableInterrupt__E)
                  0000fdb4    00000044                   : BIOS.obj (.text:ti_sysbios_family_arm_m3_Hwi_enableInterrupt__E)
                  0000fdf8    00000044                   : BIOS.obj (.text:ti_sysbios_knl_Task_allBlockedFunction__I)
                  0000fe3c    00000044     ti.targets.arm.rtsarm.aem4f : Error.oem4f (.text:xdc_runtime_Error_setX__E)
                  0000fe80    00000044                                 : SysMin.oem4f (.text:xdc_runtime_SysMin_flush__E)
                  0000fec4    00000042     stk.aem4f : tcpprot.oem4f (.text:TcpPrSendOOB)
                  0000ff06    00000042     driverlib.lib : uart.obj (.text:UARTConfigSetExpClk)
                  0000ff48    00000042     stk.aem4f : fileuser.oem4f (.text:fdCloseSession)
                  0000ff8a    00000042     rtsv7M4_T_le_v4SPD16_eabi.lib : u_divt2.obj (.text)
                  0000ffcc    00000040     stk.aem4f : lliin.oem4f (.text:LLIValidateRoute)
                  0001000c    00000040               : pbm.oem4f (.text:PBM_copy)
                  0001004c    00000040               : sockpcb.oem4f (.text:SockPcbDetach)
                  0001008c    00000040               : sockpcb.oem4f (.text:SockPcbRtChange)
                  000100cc    00000040               : tcpprot.oem4f (.text:TcpPrDisconnect)
                  0001010c    00000040     drivers_tivaware.aem4f : UARTTiva.oem4f (.text:UARTTiva_writePolling)
                  0001014c    00000040     os.aem4f : mem.oem4f (.text:mmZeroInit)
                  0001018c    00000040     sysbios.aem4f : BIOS.obj (.text:ti_sysbios_family_arm_lm4_Timer_startup__E)
                  000101cc    0000003e     nettool_ipv4.aem4f : dhcpmain.oem4f (.text:DHCPClose)
                  0001020a    0000003e     stk.aem4f : icmp.oem4f (.text:ICMPChecksum)
                  00010248    0000003e               : nimu.oem4f (.text:NIMUAllocateName)
                  00010286    0000003e               : tcpprot.oem4f (.text:TcpPrCtlError)
                  000102c4    0000003e               : file.oem4f (.text:fdint_unlockfd)
                  00010302    0000003c     nettool_ipv4.aem4f : config.oem4f (.text:CfgEntryGetData)
                  0001033e    0000003c     driverlib.lib : emac.obj (.text:EMACIntDisable)
                  0001037a    0000003c     stk.aem4f : node.oem4f (.text:NodeUpdatePL)
                  000103b6    00000002     --HOLE-- [fill = 0]
                  000103b8    0000003c               : rtable.oem4f (.text:RtWalkBegin)
                  000103f4    0000003c               : tcpprot.oem4f (.text:TcpPrConnect)
                  00010430    0000003c               : tcptime.oem4f (.text:TcpSetPersist)
                  0001046c    0000003c               : rtc.oem4f (.text:_RTCSendRtAdv)
                  000104a8    0000003c     hal_timer_bios.aem4f : lltimer.oem4f (.text:_llTimerInit)
                  000104e4    0000003c     sysbios.aem4f : BIOS.obj (.text:ti_sysbios_family_arm_m3_Hwi_excSvCall__I)
                  00010520    0000003c                   : BIOS.obj (.text:ti_sysbios_family_arm_m3_Hwi_getStackInfo__E)
                  0001055c    0000003c                   : BIOS.obj (.text:ti_sysbios_heaps_HeapMem_init__I)
                  00010598    0000003c     RoverMotherboard_pem4f.oem4f (.text:ti_sysbios_knl_Clock_create)
                  000105d4    0000003c     sysbios.aem4f : BIOS.obj (.text:ti_sysbios_knl_Swi_startup__E)
                  00010610    0000003c     ti.targets.arm.rtsarm.aem4f : Text.oem4f (.text:xdc_runtime_Text_xprintf__I)
                  0001064c    0000003a     driverlib.lib : emac.obj (.text:EMACIntEnable)
                  00010686    0000003a     stk.aem4f : rtable.oem4f (.text:_RtNodeRemove)
                  000106c0    00000038     driverlib.lib : emac.obj (.text:EMACConfigGet)
                  000106f8    00000038     stk.aem4f : ipfrag.oem4f (.text:IPReasmTimeout)
                  00010730    00000038               : node.oem4f (.text:NodeGetRt)
                  00010768    00000038     driverlib.lib : sysctl.obj (.text:SysCtlPeripheralReady)
                  000107a0    00000038     os.aem4f : task.oem4f (.text:TaskCreate)
                  000107d8    00000038     stk.aem4f : tcpprot.oem4f (.text:TcpClose)
                  00010810    00000038               : timer.oem4f (.text:TimerHSTick)
                  00010848    00000038     drivers_tivaware.aem4f : UART.oem4f (.text:UART_init)
                  00010880    00000038     nettool_ipv4.aem4f : dhcptags.oem4f (.text:dhcpOptionsClear)
                  000108b8    00000038     stk.aem4f : file.oem4f (.text:fdint_waitevent)
                  000108f0    00000038     sysbios.aem4f : BIOS.obj (.text:ti_sysbios_family_arm_m3_Hwi_excNoIsr__I)
                  00010928    00000038                   : BIOS.obj (.text:ti_sysbios_family_arm_m3_TaskSupport_start__E)
                  00010960    00000038                   : BIOS.obj (.text:ti_sysbios_knl_Task_processVitalTaskFlag__I)
                  00010998    00000038     ti.targets.arm.rtsarm.aem4f : SysMin.oem4f (.text:xdc_runtime_SysMin_putch__E)
                  000109d0    00000038                                 : System.oem4f (.text:xdc_runtime_System_atexit__E)
                  00010a08    00000034     nettool_ipv4.aem4f : config.oem4f (.text:CfgSetService)
                  00010a3c    00000034     driverlib.lib : emac.obj (.text:EMACConfigSet)
                  00010a70    00000034                   : emac.obj (.text:EMACIntClear)
                  00010aa4    00000034     drivers_tivaware.aem4f : EMAC.oem4f (.text:EMAC_init)
                  00010ad8    00000034     stk.aem4f : ip.oem4f (.text:IPChecksum)
                  00010b0c    00000034               : nimu.oem4f (.text:NIMUFindByName)
                  00010b40    00000034               : nimu.oem4f (.text:NIMUInit)
                  00010b74    00000034     driverlib.lib : sysctl.obj (.text:SysCtlPeripheralEnable)
                  00010ba8    00000034     drivers_tivaware.aem4f : UARTTiva.oem4f (.text:UARTTiva_close)
                  00010bdc    00000034     nettool_ipv4.aem4f : dhcpbild.oem4f (.text:dhcpBuildDiscover)
                  00010c10    00000034     os.aem4f : mem.oem4f (.text:mmUnInitPage)
                  00010c44    00000034     sysbios.aem4f : BIOS.obj (.text:ti_sysbios_family_arm_m3_Hwi_excNmi__I)
                  00010c78    00000034                   : BIOS.obj (.text:ti_sysbios_hal_Hwi_checkStack)
                  00010cac    00000034     RoverMotherboard_pem4f.oem4f (.text:ti_sysbios_knl_Semaphore_create)
                  00010ce0    00000034     ti.targets.arm.rtsarm.aem4f : Core-label.oem4f (.text:xdc_runtime_Core_assignLabel__I)
                  00010d14    00000033                                 : Text.oem4f (.text:xdc_runtime_Text_printVisFxn__I)
                  00010d47    00000001     --HOLE-- [fill = 0]
                  00010d48    00000032     nettool_ipv4.aem4f : config.oem4f (.text:CfgGetImmediate)
                  00010d7a    00000032     stk.aem4f : route.oem4f (.text:RtDeRef)
                  00010dac    00000032               : sb.oem4f (.text:SBSetMax)
                  00010dde    00000032               : sock.oem4f (.text:SockIntAbort)
                  00010e10    00000032               : tcpprot.oem4f (.text:TcpPrSend)
                  00010e42    00000032     drivers_tivaware.aem4f : UARTTiva.oem4f (.text:UARTTiva_readCancel)
                  00010e74    00000032                            : UARTTiva.oem4f (.text:UARTTiva_writeCancel)
                  00010ea6    00000032     nettool_ipv4.aem4f : config.oem4f (.text:_CfgAcquire)
                  00010ed8    00000032                        : dhcpsm.oem4f (.text:dhcpIPRemove)
                  00010f0a    00000032     sysbios.aem4f : BIOS.obj (.text:ti_sysbios_knl_Semaphore_pendTimeout__I)
                  00010f3c    00000030     driverlib.lib : emac.obj (.text:EMACAddrSet)
                  00010f6c    00000030     drivers_tivaware.aem4f : EMACSnow.oem4f (.text:EMACSnow_handlePackets)
                  00010f9c    00000030     os.aem4f : task.oem4f (.text:NDK_hookCreate)
                  00010fcc    00000030     netctrl_min_ipv4.aem4f : netsrv.oem4f (.text:NS_PreBoot)
                  00010ffc    00000030     stk.aem4f : sb.oem4f (.text:SBFlush)
                  0001102c    00000030               : sock.oem4f (.text:SockBind)
                  0001105c    00000030               : sockpcb.oem4f (.text:SockCleanPcb)
                  0001108c    00000030               : sockprot.oem4f (.text:SockPrCtlError)
                  000110bc    00000030     nettool_ipv4.aem4f : dhcpsock.oem4f (.text:dhcpPacketSend)
                  000110ec    00000030     stk.aem4f : listlib.oem4f (.text:list_remove_node)
                  0001111c    00000030     RoverMotherboard_pem4f.oem4f (.text:ti_sysbios_BIOS_atExitFunc__I)
                  0001114c    00000030     RoverMotherboard_pem4f.oem4f (.text:ti_sysbios_gates_GateHwi_Object__create__S)
                  0001117c    00000030     RoverMotherboard_pem4f.oem4f (.text:ti_sysbios_gates_GateMutex_Object__create__S)
                  000111ac    00000030     RoverMotherboard_pem4f.oem4f (.text:ti_sysbios_heaps_HeapMem_Object__create__S)
                  000111dc    00000030     RoverMotherboard_pem4f.oem4f (.text:ti_sysbios_knl_Semaphore_construct)
                  0001120c    00000030     ti.targets.arm.rtsarm.aem4f : SysMin.oem4f (.text:xdc_runtime_SysMin_abort__E)
                  0001123c    00000030                                 : System.oem4f (.text:xdc_runtime_System_processAtExit__E)
                  0001126c    0000002e     stk.aem4f : rawethsock.oem4f (.text:RawEthSockNotify)
                  0001129a    0000002e               : route.oem4f (.text:RtSetFailure)
                  000112c8    0000002e               : sb.oem4f (.text:SBFree)
                  000112f6    0000002c     driverlib.lib : emac.obj (.text:EMACIntStatus)
                  00011322    0000002c     stk.aem4f : file.oem4f (.text:FdSignalEvent)
                  0001134e    0000002c               : nimu.oem4f (.text:NIMUAllocateIndex)
                  0001137a    00000002     --HOLE-- [fill = 0]
                  0001137c    0000002c               : nimu.oem4f (.text:NIMUPacketServiceCheck)
                  000113a8    0000002c               : pipe.oem4f (.text:PipeClose)
                  000113d4    0000002c               : sockpcb.oem4f (.text:SockPcbAttach)
                  00011400    0000002c     Boot.aem4f : Boot_sysctl.oem4f (.text:_SysCtlMemTimingGet)
                  0001142c    0000002c     sysbios.aem4f : BIOS.obj (.text:ti_sysbios_hal_Hwi_initStack)
                  00011458    0000002c     RoverMotherboard_pem4f.oem4f (.text:ti_sysbios_knl_Clock_doTick__I)
                  00011484    0000002c     RoverMotherboard_pem4f.oem4f (.text:ti_sysbios_knl_Queue_construct)
                  000114b0    0000002c     sysbios.aem4f : BIOS.obj (.text:ti_sysbios_knl_Task_restore__E)
                  000114dc    0000002c     ti.targets.arm.rtsarm.aem4f : Text.oem4f (.text:xdc_runtime_Text_cordText__E)
                  00011508    0000002a     driverlib.lib : gpio.obj (.text:GPIODirModeSet)
                  00011532    0000002a     stk.aem4f : lli.oem4f (.text:LLIFree)
                  0001155c    0000002a               : pbm.oem4f (.text:PBMQ_deq)
                  00011586    0000002a     nettool_ipv4.aem4f : config.oem4f (.text:_CfgRelease)
                  000115b0    0000002a     ti.targets.arm.rtsarm.aem4f : System.oem4f (.text:xdc_runtime_System_putchar__I)
                  000115da    00000002     --HOLE-- [fill = 0]
                  000115dc    00000028     stk.aem4f : bind.oem4f (.text:BindFindByNet)
                  00011604    00000028     drivers_tivaware.aem4f : EMACSnow.oem4f (.text:EMACSnow_isLinkUp)
                  0001162c    00000028                            : EMACSnow.oem4f (.text:EMACSnow_pkt_service)
                  00011654    00000028     stk.aem4f : igmp.oem4f (.text:IGMPTestGroup)
                  0001167c    00000028     netctrl_min_ipv4.aem4f : netctrl.oem4f (.text:NC_SystemClose)
                  000116a4    00000028     stk.aem4f : nimu.oem4f (.text:NIMUCreatePacket)
                  000116cc    00000028               : nimu.oem4f (.text:NIMUPacketService)
                  000116f4    00000028     netctrl_min_ipv4.aem4f : netsrv.oem4f (.text:ServiceCallback)
                  0001171c    00000028     stk.aem4f : tcpin.oem4f (.text:TcpEnterTimeWait)
                  00011744    00000028               : vlan.oem4f (.text:VLANFindSourceInterface)
                  0001176c    00000028               : vlan.oem4f (.text:VLANInit)
                  00011794    00000028               : lli.oem4f (.text:_LLIExpListRemove)
                  000117bc    00000028               : lli.oem4f (.text:_LLITimeoutFlush)
                  000117e4    00000028               : rtable.oem4f (.text:_RtExpListRemove)
                  0001180c    00000028     nettool_ipv4.aem4f : dhcpsock.oem4f (.text:dhcpPacketReceive)
                  00011834    00000028     sysbios.aem4f : BIOS.obj (.text:ti_sysbios_family_arm_m3_Hwi_Instance_finalize__E)
                  0001185c    00000026     driverlib.lib : emac.obj (.text:EMACPHYRead)
                  00011882    00000026                   : emac.obj (.text:EMACPHYWrite)
                  000118a8    00000026     stk.aem4f : rawethsock.oem4f (.text:RawEthSockClose)
                  000118ce    00000026               : route.oem4f (.text:RtSetTimeout)
                  000118f4    00000026     RoverMotherboard_pem4f.oem4f (.text:ti_ndk_config_udp_init)
                  0001191a    00000026     sysbios.aem4f : m3_Hwi_asm.obj (.text:ti_sysbios_family_arm_m3_Hwi_pendSV__I)
                  00011940    00000026     ti.targets.arm.rtsarm.aem4f : System.oem4f (.text:xdc_runtime_System_avprintf__E)
                  00011966    00000024     stk.aem4f : bind.oem4f (.text:BindGetIFByDBCast)
                  0001198a    00000002     --HOLE-- [fill = 0]
                  0001198c    00000024     drivers_tivaware.aem4f : EMACSnow.oem4f (.text:EMACSnow_emacPoll)
                  000119b0    00000024                            : EMACSnow.oem4f (.text:EMACSnow_primeRx)
                  000119d4    00000024     stk.aem4f : exec.oem4f (.text:ExecTimer)
                  000119f8    00000024     drivers_tivaware.aem4f : GPIOTiva.oem4f (.text:GPIO_init)
                  00011a1c    00000024     stk.aem4f : nimu.oem4f (.text:NIMUFindByIndex)
                  00011a40    00000024               : rawethsock_pcb.oem4f (.text:RawEthSockPcbFind)
                  00011a64    00000024               : route.oem4f (.text:RtFree)
                  00011a88    00000024               : sockpcb.oem4f (.text:SockPcbCleanup)
                  00011aac    00000024               : tcptime.oem4f (.text:TcpTimeoutWait2)
                  00011ad0    00000024               : timer.oem4f (.text:TimerListRemove)
                  00011af4    00000024     nettool_ipv4.aem4f : config.oem4f (.text:_CfgEntryProcess)
                  00011b18    00000024     RoverMotherboard_pem4f.oem4f (.text:ti_sysbios_BIOS_errorRaiseHook__I)
                  00011b3c    00000024     RoverMotherboard_pem4f.oem4f (.text:ti_sysbios_BIOS_registerRTSLock__I)
                  00011b60    00000024     RoverMotherboard_pem4f.oem4f (.text:ti_sysbios_BIOS_removeRTSLock__I)
                  00011b84    00000024     RoverMotherboard_pem4f.oem4f (.text:ti_sysbios_BIOS_startFunc__I)
                  00011ba8    00000024     sysbios.aem4f : BIOS.obj (.text:ti_sysbios_family_arm_m3_Hwi_doTaskRestore__I)
                  00011bcc    00000024     RoverMotherboard_pem4f.oem4f (.text:ti_sysbios_gates_GateMutex_Object__delete__S)
                  00011bf0    00000024     sysbios.aem4f : BIOS.obj (.text:ti_sysbios_knl_Clock_Module_startup__E)
                  00011c14    00000024     RoverMotherboard_pem4f.oem4f (.text:ti_sysbios_knl_Semaphore_Object__delete__S)
                  00011c38    00000024     sysbios.aem4f : BIOS.obj (.text:ti_sysbios_knl_Swi_Module_startup__E)
                  00011c5c    00000024                   : BIOS.obj (.text:ti_sysbios_knl_Task_enter__I)
                  00011c80    00000024     ti.targets.arm.rtsarm.aem4f : System.oem4f (.text:xdc_runtime_System_vprintf__E)
                  00011ca4    00000022     nettool_ipv4.aem4f : config.oem4f (.text:CfgEntryInfo)
                  00011cc6    00000022                        : config.oem4f (.text:CfgEntryRef)
                  00011ce8    00000022     stk.aem4f : vlan.oem4f (.text:VLANFindNode)
                  00011d0a    00000022     RoverMotherboard_pem4f.oem4f (.text:xdc_runtime_SysMin_output__I)
                  00011d2c    00000020     stk.aem4f : bind.oem4f (.text:BindFindByHost)
                  00011d4c    00000020     netctrl_min_ipv4.aem4f : netctrl.oem4f (.text:NC_BootComplete)
                  00011d6c    00000020     stk.aem4f : nimu.oem4f (.text:NIMUGetNumOfObject)
                  00011d8c    00000020               : rtc.oem4f (.text:RTCAddHook)
                  00011dac    00000020               : rtc.oem4f (.text:RTCRemoveHook)
                  00011dcc    00000020     RoverMotherboard_pem4f.oem4f (.text:ti_sysbios_family_arm_m3_Hwi_Object__delete__S)
                  00011dec    00000020     sysbios.aem4f : m3_Hwi_asm.obj (.text:ti_sysbios_family_arm_m3_Hwi_excHandlerAsm__I)
                  00011e0c    00000020                   : BIOS.obj (.text:ti_sysbios_family_arm_m3_Hwi_excHandler__I)
                  00011e2c    00000020     RoverMotherboard_pem4f.oem4f (.text:ti_sysbios_gates_GateHwi_Object__delete__S)
                  00011e4c    00000020     RoverMotherboard_pem4f.oem4f (.text:ti_sysbios_heaps_HeapMem_Object__delete__S)
                  00011e6c    00000020     sysbios.aem4f : BIOS.obj (.text:ti_sysbios_knl_Idle_run__E)
                  00011e8c    00000020     RoverMotherboard_pem4f.oem4f (.text:ti_sysbios_knl_Semaphore_Object__destruct__S)
                  00011eac    00000020     RoverMotherboard_pem4f.oem4f (.text:ti_sysbios_knl_Swi_Object__delete__S)
                  00011ecc    00000020     RoverMotherboard_pem4f.oem4f (.text:ti_sysbios_knl_Task_Object__delete__S)
                  00011eec    00000020     ti.targets.arm.rtsarm.aem4f : Registry.oem4f (.text:xdc_runtime_Registry_findById__E)
                  00011f0c    00000020                                 : SysMin.oem4f (.text:xdc_runtime_SysMin_Module_startup__E)
                  00011f2c    0000001e     stk.aem4f : listlib.oem4f (.text:list_remove)
                  00011f4a    0000001e     sysbios.aem4f : m3_Hwi_asm_switch.obj (.text:ti_sysbios_family_xxx_Hwi_switchAndRunFunc)
                  00011f68    0000001c     stk.aem4f : bind.oem4f (.text:BindFindByIF)
                  00011f84    0000001c     drivers_tivaware.aem4f : EMACSnow.oem4f (.text:EMACSnow_init)
                  00011fa0    0000001c     stk.aem4f : exec.oem4f (.text:ExecBroadcast)
                  00011fbc    0000001c               : exec.oem4f (.text:ExecClose)
                  00011fd8    0000001c     os.aem4f : ossys.oem4f (.text:NDK_sprintf)
                  00011ff4    0000001c     stk.aem4f : nimu.oem4f (.text:NIMUAddHeader)
                  00012010    0000001c               : sockprot.oem4f (.text:SockPrDetach)
                  0001202c    0000001c     os.aem4f : task.oem4f (.text:TaskDestroy)
                  00012048    0000001c     stk.aem4f : tcp.oem4f (.text:TcpTimeoutRemove)
                  00012064    0000001c     driverlib.lib : uart.obj (.text:UARTDisable)
                  00012080    0000001c     RoverMotherboard_pem4f.oem4f (.text:ti_ndk_config_global_taskCreateHook)
                  0001209c    0000001c     RoverMotherboard_pem4f.oem4f (.text:ti_sysbios_BIOS_rtsLock__I)
                  000120b8    0000001c     RoverMotherboard_pem4f.oem4f (.text:ti_sysbios_family_arm_m3_Hwi_Object__destruct__S)
                  000120d4    0000001c     sysbios.aem4f : BIOS.obj (.text:ti_sysbios_gates_GateMutex_Instance_init__E)
                  000120f0    0000001c     RoverMotherboard_pem4f.oem4f (.text:ti_sysbios_knl_Queue_Object__destruct__S)
                  0001210c    0000001c     ti.targets.arm.rtsarm.aem4f : Error.oem4f (.text:xdc_runtime_Error_raiseX__E)
                  00012128    0000001c                                 : Memory.oem4f (.text:xdc_runtime_Memory_valloc__E)
                  00012144    0000001c                                 : SysMin.oem4f (.text:xdc_runtime_SysMin_exit__E)
                  00012160    0000001c                                 : System.oem4f (.text:xdc_runtime_System_abort__E)
                  0001217c    0000001a     stk.aem4f : sockint.oem4f (.text:SockSetOOBMark)
                  00012196    0000001a               : file.oem4f (.text:fdint_getfdt)
                  000121b0    0000001a     RoverMotherboard_pem4f.oem4f (.text:ti_sysbios_family_arm_m3_Hwi_Handle__label__S)
                  000121ca    0000001a     RoverMotherboard_pem4f.oem4f (.text:ti_sysbios_gates_GateHwi_Handle__label__S)
                  000121e4    0000001a     RoverMotherboard_pem4f.oem4f (.text:ti_sysbios_gates_GateMutex_Handle__label__S)
                  000121fe    0000001a     RoverMotherboard_pem4f.oem4f (.text:ti_sysbios_heaps_HeapMem_Handle__label__S)
                  00012218    0000001a     RoverMotherboard_pem4f.oem4f (.text:ti_sysbios_knl_Swi_Handle__label__S)
                  00012232    0000001a     RoverMotherboard_pem4f.oem4f (.text:ti_sysbios_knl_Task_Handle__label__S)
                  0001224c    0000001a     sysbios.aem4f : BIOS.obj (.text:ti_sysbios_knl_Task_sleepTimeout__I)
                  00012266    0000001a     RoverMotherboard_pem4f.oem4f (.text:xdc_runtime_System_aprintf__E)
                  00012280    0000001a     RoverMotherboard_pem4f.oem4f (.text:xdc_runtime_System_printf__E)
                  0001229a    00000002     --HOLE-- [fill = 0]
                  0001229c    00000018     drivers_tivaware.aem4f : EMACSnow.oem4f (.text:EMACSnow_emacSend)
                  000122b4    00000018     driverlib.lib : gpio.obj (.text:GPIOPinTypeGPIOOutput)
                  000122cc    00000018     stk.aem4f : ip.oem4f (.text:IPRtChange)
                  000122e4    00000018               : rawethsock_pcb.oem4f (.text:RawEthSockPcbCleanup)
                  000122fc    00000018     nettool_ipv4.aem4f : ipaddr.oem4f (.text:RouteHook)
                  00012314    00000018     stk.aem4f : tcpin.oem4f (.text:SEQ_GEQ)
                  0001232c    00000018               : tcpout.oem4f (.text:SEQ_GEQ)
                  00012344    00000018               : tcpin.oem4f (.text:SEQ_GT)
                  0001235c    00000018               : tcpout.oem4f (.text:SEQ_GT)
                  00012374    00000018               : tcpin.oem4f (.text:SEQ_LEQ)
                  0001238c    00000018               : tcpout.oem4f (.text:SEQ_LEQ)
                  000123a4    00000018               : tcpin.oem4f (.text:SEQ_LT)
                  000123bc    00000018               : tcpout.oem4f (.text:SEQ_LT)
                  000123d4    00000018               : tcp.oem4f (.text:TcpTimeoutAdd)
                  000123ec    00000018     drivers_tivaware.aem4f : UART.oem4f (.text:UART_Params_init)
                  00012404    00000018                            : UART.oem4f (.text:UART_open)
                  0001241c    00000018     nettool_ipv4.aem4f : dhcpsock.oem4f (.text:dhcpSocketClose)
                  00012434    00000018     stk.aem4f : listlib.oem4f (.text:list_add)
                  0001244c    00000018     roveTiming.obj (.text:ms_delay)
                  00012464    00000018     rtsv7M4_T_le_v4SPD16_eabi.lib : args_main.obj (.text)
                  0001247c    00000018                                   : strcmp.obj (.text)
                  00012494    00000018     RoverMotherboard_pem4f.oem4f (.text:ti_sysbios_BIOS_rtsUnlock__I)
                  000124ac    00000018     RoverMotherboard_pem4f.oem4f (.text:ti_sysbios_family_arm_lm4_Timer_Module__startupDone__F)
                  000124c4    00000018     RoverMotherboard_pem4f.oem4f (.text:ti_sysbios_family_arm_m3_Hwi_Module__startupDone__F)
                  000124dc    00000018     sysbios.aem4f : m3_TaskSupport_asm.obj (.text:ti_sysbios_family_arm_m3_TaskSupport_swap__E)
                  000124f4    00000018                   : BIOS.obj (.text:ti_sysbios_gates_GateMutex_leave__E)
                  0001250c    00000018     ti.targets.arm.rtsarm.aem4f : Error.oem4f (.text:xdc_runtime_Error_check__E)
                  00012524    00000018                                 : System.oem4f (.text:xdc_runtime_System_exit__E)
                  0001253c    00000018                                 : Text.oem4f (.text:xdc_runtime_Text_ropeText__E)
                  00012554    00000016     stk.aem4f : bind.oem4f (.text:BindGetIP)
                  0001256a    00000016     driverlib.lib : emac.obj (.text:EMACReset)
                  00012580    00000016                   : emac.obj (.text:EMACRxEnable)
                  00012596    00000016                   : emac.obj (.text:EMACTxEnable)
                  000125ac    00000016     stk.aem4f : file.oem4f (.text:fdint_freefdt)
                  000125c2    00000016     RoverMotherboard_pem4f.oem4f (.text:ti_sysbios_BIOS_exitFunc__I)
                  000125d8    00000016     ti.targets.arm.rtsarm.aem4f : System.oem4f (.text:xdc_runtime_System_vsprintf__E)
                  000125ee    00000014     stk.aem4f : bind.oem4f (.text:BindIPHost2IF)
                  00012602    00000002     --HOLE-- [fill = 0]
                  00012604    00000014     driverlib.lib : flash.obj (.text:FlashUserGet)
                  00012618    00000014     netctrl_min_ipv4.aem4f : netctrl.oem4f (.text:NC_NetStop)
                  0001262c    00000014     os.aem4f : task.oem4f (.text:NDK_hookExit)
                  00012640    00000014     stk.aem4f : nimu.oem4f (.text:NIMUSendPacket)
                  00012654    00000014     nettool_ipv4.aem4f : ipaddr.oem4f (.text:NtRemoveNetwork)
                  00012668    00000014     stk.aem4f : rawethsock_pcb.oem4f (.text:RawEthSockPcbInit)
                  0001267c    00000014               : timer.oem4f (.text:TimerFree)
                  00012690    00000014     driverlib.lib : uart.obj (.text:UARTEnable)
                  000126a4    00000014     rtsv7M4_T_le_v4SPD16_eabi.lib : _lock.obj (.text)
                  000126b8    00000014                                   : strlen.obj (.text)
                  000126cc    00000014     RoverMotherboard_pem4f.oem4f (.text:ti_ndk_config_global_taskExitHook)
                  000126e0    00000014     RoverMotherboard_pem4f.oem4f (.text:ti_sysbios_family_arm_m3_Hwi_Object__get__S)
                  000126f4    00000014     sysbios.aem4f : BIOS.obj (.text:ti_sysbios_family_arm_m3_Hwi_switchFromBootStack__E)
                  00012708    00000014     RoverMotherboard_pem4f.oem4f (.text:ti_sysbios_heaps_HeapMem_Object__get__S)
                  0001271c    00000014     RoverMotherboard_pem4f.oem4f (.text:ti_sysbios_knl_Mailbox_Object__get__S)
                  00012730    00000014     RoverMotherboard_pem4f.oem4f (.text:ti_sysbios_knl_Swi_Object__get__S)
                  00012744    00000014     RoverMotherboard_pem4f.oem4f (.text:ti_sysbios_knl_Task_Object__first__S)
                  00012758    00000014     RoverMotherboard_pem4f.oem4f (.text:ti_sysbios_knl_Task_Object__next__S)
                  0001276c    00000012     driverlib.lib : gpio.obj (.text:GPIOPinTypeEthernetLED)
                  0001277e    00000012                   : gpio.obj (.text:GPIOPinTypeUART)
                  00012790    00000012     stk.aem4f : sockprot.oem4f (.text:SockPrAttach)
                  000127a2    00000012               : sockint.oem4f (.text:SockSetOOBData)
                  000127b4    00000012     rtsv7M4_T_le_v4SPD16_eabi.lib : copy_zero_init.obj (.text:decompress:ZI)
                  000127c6    00000012     nettool_ipv4.aem4f : inetaddr.oem4f (.text:inet_addr)
                  000127d8    00000012     sysbios.aem4f : BIOS.obj (.text:ti_sysbios_hal_Hwi_Module_startup__E)
                  000127ea    00000012                   : BIOS.obj (.text:ti_sysbios_knl_Semaphore_reset__E)
                  000127fc    00000012     RoverMotherboard_pem4f.oem4f (.text:xdc_runtime_Startup_exec__I)
                  0001280e    00000002     --HOLE-- [fill = 0]
                  00012810    00000010     RoverMotherboard_pem4f.oem4f (.text:.bootCodeSection:ti_catalog_arm_cortexm4_tiva_ce_Boot_init__I)
                  00012820    00000010     stk.aem4f : bind.oem4f (.text:BindIF2IPHost)
                  00012830    00000010               : bind.oem4f (.text:BindIFNet2IPHost)
                  00012840    00000010     driverlib.lib : emac.obj (.text:EMACFrameFilterSet)
                  00012850    00000010     stk.aem4f : exec.oem4f (.text:ExecHRef)
                  00012860    00000010     netctrl_min_ipv4.aem4f : netctrl.oem4f (.text:NC_IPUpdate)
                  00012870    00000010     stk.aem4f : nimu.oem4f (.text:NIMUGetRsvdSizeInfo)
                  00012880    00000010     rtsv7M4_T_le_v4SPD16_eabi.lib : strcpy.obj (.text)
                  00012890    00000010     sysbios.aem4f : BIOS.obj (.text:ti_sysbios_BIOS_getCpuFreq__E)
                  000128a0    00000010                   : BIOS.obj (.text:ti_sysbios_BIOS_setThreadType__E)
                  000128b0    00000010                   : BIOS.obj (.text:ti_sysbios_BIOS_start__E)
                  000128c0    00000010                   : m3_TaskSupport_asm.obj (.text:ti_sysbios_family_arm_m3_TaskSupport_glue)
                  000128d0    00000010                   : BIOS.obj (.text:ti_sysbios_gates_GateMutex_Instance_finalize__E)
                  000128e0    00000010                   : BIOS.obj (.text:ti_sysbios_knl_Semaphore_Instance_finalize__E)
                  000128f0    00000010                   : BIOS.obj (.text:ti_sysbios_knl_Swi_disable__E)
                  00012900    00000010     RoverMotherboard_pem4f.oem4f (.text:ti_sysbios_knl_Task_Object__get__S)
                  00012910    00000010     sysbios.aem4f : BIOS.obj (.text:ti_sysbios_knl_Task_disable__E)
                  00012920    00000010                   : BIOS.obj (.text:ti_sysbios_knl_Task_getIdleTask__E)
                  00012930    00000010     ti.targets.arm.rtsarm.aem4f : Gate.oem4f (.text:xdc_runtime_Gate_leaveSystem__E)
                  00012940    00000010                                 : Memory.oem4f (.text:xdc_runtime_Memory_free__E)
                  00012950    00000010                                 : SysMin.oem4f (.text:xdc_runtime_SysMin_ready__E)
                  00012960    00000010                                 : System.oem4f (.text:xdc_runtime_System_vsnprintf__E)
                  00012970    00000010     RoverMotherboard_pem4f.oem4f (.text:xdc_runtime_Text_visitRope__I)
                  00012980    0000000e     drivers_tivaware.aem4f : EMACSnow.oem4f (.text:EMACSnow_emacioctl)
                  0001298e    0000000e     stk.aem4f : exec.oem4f (.text:ExecLowResource)
                  0001299c    0000000e     driverlib.lib : uart.obj (.text:UARTCharGetNonBlocking)
                  000129aa    0000000e                   : uart.obj (.text:UARTCharPutNonBlocking)
                  000129b8    0000000e     rtsv7M4_T_le_v4SPD16_eabi.lib : copy_decompress_none.obj (.text:decompress:none)
                  000129c6    0000000e     sysbios.aem4f : BIOS.obj (.text:ti_sysbios_knl_Queue_empty__E)
                  000129d4    0000000c     stk.aem4f : bind.oem4f (.text:BindGetFirst)
                  000129e0    0000000c     nettool_ipv4.aem4f : config.oem4f (.text:CfgSetDefault)
                  000129ec    0000000c     os.aem4f : task.oem4f (.text:NDK_hookInit)
                  000129f8    0000000c     stk.aem4f : nimu.oem4f (.text:NIMUSetRsvdSizeInfo)
                  00012a04    0000000c     os.aem4f : task.oem4f (.text:NotifyLowResource)
                  00012a10    0000000c     stk.aem4f : pbm.oem4f (.text:PBM_close)
                  00012a1c    0000000c     os.aem4f : semaphore.oem4f (.text:SemDelete)
                  00012a28    0000000c     hal_timer_bios.aem4f : lltimer.oem4f (.text:_llTimerShutdown)
                  00012a34    0000000c                          : lltimer.oem4f (.text:llTimerGetStartTime)
                  00012a40    0000000c     sysbios.aem4f : BIOS.obj (.text:ti_sysbios_BIOS_getThreadType__E)
                  00012a4c    0000000c                   : BIOS.obj (.text:ti_sysbios_family_arm_lm4_Timer_getMaxTicks__E)
                  00012a58    0000000c     RoverMotherboard_pem4f.oem4f (.text:ti_sysbios_family_arm_m3_Hwi_Params__init__S)
                  00012a64    0000000c     sysbios.aem4f : BIOS.obj (.text:ti_sysbios_family_arm_m3_Hwi_disableFxn__E)
                  00012a70    0000000c                   : BIOS.obj (.text:ti_sysbios_family_arm_m3_TaskSupport_checkStack__E)
                  00012a7c    0000000c                   : BIOS.obj (.text:ti_sysbios_family_arm_m3_TaskSupport_getStackAlignment__E)
                  00012a88    0000000c                   : BIOS.obj (.text:ti_sysbios_gates_GateHwi_enter__E)
                  00012a94    0000000c     RoverMotherboard_pem4f.oem4f (.text:ti_sysbios_knl_Clock_Params__init__S)
                  00012aa0    0000000c     sysbios.aem4f : BIOS.obj (.text:ti_sysbios_knl_Clock_getTicks__E)
                  00012aac    0000000c     RoverMotherboard_pem4f.oem4f (.text:ti_sysbios_knl_Queue_Object__get__S)
                  00012ab8    0000000c     RoverMotherboard_pem4f.oem4f (.text:ti_sysbios_knl_Semaphore_Params__init__S)
                  00012ac4    0000000c     RoverMotherboard_pem4f.oem4f (.text:ti_sysbios_knl_Task_Params__init__S)
                  00012ad0    0000000c     sysbios.aem4f : BIOS.obj (.text:ti_sysbios_knl_Task_self__E)
                  00012adc    0000000c     ti.targets.arm.rtsarm.aem4f : Error.oem4f (.text:xdc_runtime_Error_init__E)
                  00012ae8    0000000c                                 : Gate.oem4f (.text:xdc_runtime_Gate_enterSystem__E)
                  00012af4    0000000c                                 : Memory.oem4f (.text:xdc_runtime_Memory_calloc__E)
                  00012b00    0000000c                                 : Memory.oem4f (.text:xdc_runtime_Memory_getMaxDefaultTypeAlign__E)
                  00012b0c    0000000a     driverlib.lib : uart.obj (.text:UARTCharGet)
                  00012b16    0000000a                   : uart.obj (.text:UARTCharPut)
                  00012b20    0000000a                   : uart.obj (.text:UARTIntDisable)
                  00012b2a    0000000a                   : uart.obj (.text:UARTIntStatus)
                  00012b34    0000000a     drivers_tivaware.aem4f : UART.oem4f (.text:UART_write)
                  00012b3e    0000000a     stk.aem4f : file.oem4f (.text:fdint_signalevent)
                  00012b48    0000000a               : file.oem4f (.text:fdint_signaltimeout)
                  00012b52    0000000a     RoverMotherboard_pem4f.oem4f (.text:xdc_runtime_IHeap_alloc)
                  00012b5c    0000000a     RoverMotherboard_pem4f.oem4f (.text:xdc_runtime_IHeap_free)
                  00012b66    00000008     driverlib.lib : emac.obj (.text:EMACTxDMAPollDemand)
                  00012b6e    00000008     stk.aem4f : node.oem4f (.text:NodeFree)
                  00012b76    00000008     os.aem4f : task.oem4f (.text:TaskBlock)
                  00012b7e    00000008     driverlib.lib : uart.obj (.text:UARTIntEnable)
                  00012b86    00000008     drivers_tivaware.aem4f : UARTTiva.oem4f (.text:UARTTiva_init)
                  00012b8e    00000008                            : UARTTiva.oem4f (.text:readSemCallback)
                  00012b96    00000008     sysbios.aem4f : BIOS.obj (.text:ti_sysbios_family_arm_lm4_Timer_masterDisable__I)
                  00012b9e    00000008                   : BIOS.obj (.text:ti_sysbios_family_arm_m3_Hwi_doSwiRestore__I)
                  00012ba6    00000008                   : BIOS.obj (.text:ti_sysbios_family_arm_m3_Hwi_startup__E)
                  00012bae    00000008                   : BIOS.obj (.text:ti_sysbios_knl_Idle_loop__E)
                  00012bb6    00000008                   : BIOS.obj (.text:ti_sysbios_knl_Task_getHookContext__E)
                  00012bbe    00000008                   : BIOS.obj (.text:ti_sysbios_knl_Task_setHookContext__E)
                  00012bc6    00000008     drivers_tivaware.aem4f : UARTTiva.oem4f (.text:writeSemCallback)
                  00012bce    00000006     driverlib.lib : emac.obj (.text:EMACRxDMADescriptorListSet)
                  00012bd4    00000006                   : emac.obj (.text:EMACTxDMADescriptorListSet)
                  00012bda    00000006                   : gpio.obj (.text:GPIOPinWrite)
                  00012be0    00000006                   : sysctl.obj (.text:SysCtlDelay)
                  00012be6    00000006     stk.aem4f : tcpprot.oem4f (.text:TcpPrRecv)
                  00012bec    00000006     driverlib.lib : uart.obj (.text:UARTFIFOLevelSet)
                  00012bf2    00000006     drivers_tivaware.aem4f : UARTTiva.oem4f (.text:UARTTiva_control)
                  00012bf8    00000006     ti.targets.arm.rtsarm.aem4f : xdc_noinit.oem4f (.text:__xdc__init)
                  00012bfe    00000006     rtsv7M4_T_le_v4SPD16_eabi.lib : copy_decompress_rle.obj (.text:decompress:rle24)
                  00012c04    00000006     sysbios.aem4f : BIOS.obj (.text:ti_sysbios_family_arm_m3_Hwi_restoreFxn__E)
                  00012c0a    00000006                   : BIOS.obj (.text:ti_sysbios_gates_GateHwi_leave__E)
                  00012c10    00000006                   : BIOS.obj (.text:ti_sysbios_heaps_HeapMem_isBlocking__E)
                  00012c16    00000006                   : BIOS.obj (.text:ti_sysbios_knl_Queue_Instance_init__E)
                  00012c1c    00000006     ti.targets.arm.rtsarm.aem4f : System.oem4f (.text:xdc_runtime_System_Module_startup__E)
                  00012c22    00000004     stk.aem4f : bind.oem4f (.text:BindGetIF)
                  00012c26    00000004               : bind.oem4f (.text:BindGetNext)
                  00012c2a    00000004     os.aem4f : ossys.oem4f (.text:NDK_vsprintf)
                  00012c2e    00000004     stk.aem4f : node.oem4f (.text:NodeSetRt)
                  00012c32    00000004               : rawethsock_prot.oem4f (.text:RawEthSockPrAttach)
                  00012c36    00000004               : rawethsock_prot.oem4f (.text:RawEthSockPrDetach)
                  00012c3a    00000004     os.aem4f : semaphore.oem4f (.text:SemPend)
                  00012c3e    00000004              : semaphore.oem4f (.text:SemPost)
                  00012c42    00000004              : semaphore.oem4f (.text:SemReset)
                  00012c46    00000004              : task.oem4f (.text:TaskSelf)
                  00012c4a    00000004              : task.oem4f (.text:TaskSetPri)
                  00012c4e    00000004     driverlib.lib : uart.obj (.text:UARTIntClear)
                  00012c52    00000004     hal_ser_stub.aem4f : llserstb.oem4f (.text:_llSerialInit)
                  00012c56    00000004     stk.aem4f : listlib.oem4f (.text:list_get_head)
                  00012c5a    00000004               : listlib.oem4f (.text:list_get_next)
                  00012c5e    00000004     RoverMotherboard_pem4f.oem4f (.text:ti_sysbios_BIOS_RtsGateProxy_enter__E)
                  00012c62    00000004     RoverMotherboard_pem4f.oem4f (.text:ti_sysbios_BIOS_RtsGateProxy_leave__E)
                  00012c66    00000004     sysbios.aem4f : BIOS.obj (.text:ti_sysbios_family_arm_lm4_Timer_masterEnable__I)
                  00012c6a    00000004     RoverMotherboard_pem4f.oem4f (.text:ti_sysbios_family_arm_m3_Hwi_delete)
                  00012c6e    00000004     RoverMotherboard_pem4f.oem4f (.text:ti_sysbios_family_arm_m3_Hwi_destruct)
                  00012c72    00000004     RoverMotherboard_pem4f.oem4f (.text:ti_sysbios_family_arm_m3_TaskSupport_Module__startupDone__S)
                  00012c76    00000004     sysbios.aem4f : BIOS.obj (.text:ti_sysbios_gates_GateHwi_query__E)
                  00012c7a    00000004                   : BIOS.obj (.text:ti_sysbios_gates_GateMutex_query__E)
                  00012c7e    00000004     RoverMotherboard_pem4f.oem4f (.text:ti_sysbios_hal_Hwi_HwiProxy_Module__startupDone__S)
                  00012c82    00000004     RoverMotherboard_pem4f.oem4f (.text:ti_sysbios_heaps_HeapMem_Module_GateProxy_enter__E)
                  00012c86    00000004     RoverMotherboard_pem4f.oem4f (.text:ti_sysbios_heaps_HeapMem_Module_GateProxy_leave__E)
                  00012c8a    00000004     RoverMotherboard_pem4f.oem4f (.text:ti_sysbios_knl_Clock_TimerProxy_Module__startupDone__S)
                  00012c8e    00000004     RoverMotherboard_pem4f.oem4f (.text:ti_sysbios_knl_Clock_TimerProxy_getMaxTicks__E)
                  00012c92    00000004     RoverMotherboard_pem4f.oem4f (.text:ti_sysbios_knl_Queue_destruct)
                  00012c96    00000004     RoverMotherboard_pem4f.oem4f (.text:ti_sysbios_knl_Semaphore_delete)
                  00012c9a    00000004     RoverMotherboard_pem4f.oem4f (.text:ti_sysbios_knl_Semaphore_destruct)
                  00012c9e    00000004     RoverMotherboard_pem4f.oem4f (.text:ti_sysbios_knl_Swi_delete)
                  00012ca2    00000004     RoverMotherboard_pem4f.oem4f (.text:ti_sysbios_knl_Task_SupportProxy_Module__startupDone__S)
                  00012ca6    00000004     RoverMotherboard_pem4f.oem4f (.text:ti_sysbios_knl_Task_delete)
                  00012caa    00000004     sysbios.aem4f : BIOS.obj (.text:ti_sysbios_knl_Task_startup__E)
                  00012cae    00000004     ti.targets.arm.rtsarm.aem4f : Error.oem4f (.text:xdc_runtime_Error_getMsg__E)
                  00012cb2    00000004                                 : Error.oem4f (.text:xdc_runtime_Error_getSite__E)
                  00012cb6    00000004     RoverMotherboard_pem4f.oem4f (.text:xdc_runtime_Memory_HeapProxy_alloc__E)
                  00012cba    00000004     RoverMotherboard_pem4f.oem4f (.text:xdc_runtime_Memory_HeapProxy_free__E)
                  00012cbe    00000004     RoverMotherboard_pem4f.oem4f (.text:xdc_runtime_System_Module_GateProxy_enter__E)
                  00012cc2    00000004     RoverMotherboard_pem4f.oem4f (.text:xdc_runtime_System_Module_GateProxy_leave__E)
                  00012cc6    00000004     ti.targets.arm.rtsarm.aem4f : System.oem4f (.text:xdc_runtime_System_aprintf_va__F)
                  00012cca    00000004                                 : System.oem4f (.text:xdc_runtime_System_printf_va__F)

.const     0    00012cd0    0000259c     
                  00012cd0    00001816     RoverMotherboard_pem4f.oem4f (.const:xdc_runtime_Text_charTab__A)
                  000144e6    00000002     RoverMotherboard_pem4f.oem4f (.const:ti_catalog_arm_cortexm4_tiva_ce_Boot_Module__id__C)
                  000144e8    00000120     Boot.aem4f : Boot_sysctl.oem4f (.const:g_pppui32XTALtoVCO)
                  00014608    00000100     RoverMotherboard_pem4f.oem4f (.const:.string)
                  00014708    000000d8     RoverMotherboard_pem4f.oem4f (.const:xdc_runtime_Text_nodeTab__A)
                  000147e0    00000090     driverlib.lib : gpio.obj (.const:g_pui32GPIOBaseAddrs)
                  00014870    00000078     EK_TM4C1294XL.obj (.const:gpioHWAttrs)
                  000148e8    0000006c     EK_TM4C1294XL.obj (.const:UART_config)
                  00014954    0000006c     Boot.aem4f : Boot_sysctl.oem4f (.const:g_pui32Xtals)
                  000149c0    0000006c     driverlib.lib : sysctl.obj (.const:g_pui32Xtals)
                  00014a2c    00000054     stk.aem4f : sockprot.oem4f (.const:Code2Err)
                  00014a80    00000040     EK_TM4C1294XL.obj (.const:uartTivaHWAttrs)
                  00014ac0    0000003e     stk.aem4f : rtc.oem4f (.const:.string)
                  00014afe    00000002     RoverMotherboard_pem4f.oem4f (.const:ti_sysbios_family_arm_m3_Hwi_Module__id__C)
                  00014b00    0000003c     RoverMotherboard_pem4f.oem4f (.const:ti_sysbios_knl_Task_Object__PARAMS__C)
                  00014b3c    00000030     Boot.aem4f : Boot_sysctl.oem4f (.const:g_sXTALtoMEMTIM)
                  00014b6c    00000030     RoverMotherboard_pem4f.oem4f (.const:ti_sysbios_family_arm_m3_Hwi_Object__PARAMS__C)
                  00014b9c    0000002c     EK_TM4C1294XL.obj (.const:GPIO_config)
                  00014bc8    0000002c     drivers_tivaware.aem4f : UARTTiva.oem4f (.const)
[...]
00012a89   ti_sysbios_gates_GateHwi_enter__E
00012a95   ti_sysbios_knl_Clock_Params__init__S
00012aa1   ti_sysbios_knl_Clock_getTicks__E
00012aad   ti_sysbios_knl_Queue_Object__get__S
00012ab9   ti_sysbios_knl_Semaphore_Params__init__S
00012ac5   ti_sysbios_knl_Task_Params__init__S
00012ad1   ti_sysbios_knl_Task_self__E
00012add   xdc_runtime_Error_init__E
00012ae9   xdc_runtime_Gate_enterSystem__E
00012af5   xdc_runtime_Memory_calloc__E
00012b01   xdc_runtime_Memory_getMaxDefaultTypeAlign__E
00012b0d   UARTCharGet
00012b17   UARTCharPut
00012b21   UARTIntDisable
00012b2b   UARTIntStatus
00012b35   UART_write
00012b3f   fdint_signalevent
00012b49   fdint_signaltimeout
00012b67   EMACTxDMAPollDemand
00012b77   TaskBlock
00012b7f   UARTIntEnable
00012b87   UARTTiva_init
00012b97   ti_sysbios_family_arm_lm4_Timer_masterDisable__I
00012b9f   ti_sysbios_family_arm_m3_Hwi_doSwiRestore__I
00012ba7   ti_sysbios_family_arm_m3_Hwi_startup__E
00012ba7   ti_sysbios_hal_Hwi_HwiProxy_startup__E
00012ba7   ti_sysbios_hal_Hwi_startup__E
00012baf   ti_sysbios_knl_Idle_loop__E
00012bb7   ti_sysbios_knl_Task_getHookContext__E
00012bbf   ti_sysbios_knl_Task_setHookContext__E
00012bcf   EMACRxDMADescriptorListSet
00012bd5   EMACTxDMADescriptorListSet
00012bdb   GPIOPinWrite
00012be1   SysCtlDelay
00012be7   TcpPrRecv
00012bed   UARTFIFOLevelSet
00012bf3   UARTTiva_control
00012bf9   __xdc__init
00012bff   __TI_decompress_rle24
00012c05   OEMSysCritOff
00012c05   ti_sysbios_family_arm_m3_Hwi_restoreFxn__E
00012c05   ti_sysbios_hal_Hwi_HwiProxy_restore__E
00012c05   ti_sysbios_hal_Hwi_restore__E
00012c0b   ti_sysbios_gates_GateHwi_leave__E
00012c11   ti_sysbios_heaps_HeapMem_isBlocking__E
00012c17   ti_sysbios_knl_Queue_Instance_init__E
00012c1d   xdc_runtime_System_Module_startup__E
00012c23   BindGetIF
00012c27   BindGetNext
00012c2b   NDK_vsprintf
00012c2f   NodeSetRt
00012c33   RawEthSockPrAttach
00012c37   RawEthSockPrDetach
00012c3b   SemPend
00012c3f   SemPost
00012c43   SemReset
00012c47   TaskSelf
00012c4b   TaskSetPri
00012c4f   UARTIntClear
00012c53   _llSerialInit
00012c57   list_get_head
00012c5b   list_get_next
00012c5f   ti_sysbios_BIOS_RtsGateProxy_enter__E
00012c63   ti_sysbios_BIOS_RtsGateProxy_leave__E
00012c67   ti_sysbios_family_arm_lm4_Timer_masterEnable__I
00012c6b   ti_sysbios_family_arm_m3_Hwi_delete
00012c6f   ti_sysbios_family_arm_m3_Hwi_destruct
00012c73   ti_sysbios_family_arm_m3_TaskSupport_Module__startupDone__S
00012c77   ti_sysbios_gates_GateHwi_query__E
00012c77   xdc_runtime_Main_Module_GateProxy_query__E
00012c77   xdc_runtime_System_Module_GateProxy_query__E
00012c7b   ti_sysbios_BIOS_RtsGateProxy_query__E
00012c7b   ti_sysbios_gates_GateMutex_query__E
00012c7b   ti_sysbios_heaps_HeapMem_Module_GateProxy_query__E
00012c7f   ti_sysbios_hal_Hwi_HwiProxy_Module__startupDone__S
00012c83   ti_sysbios_heaps_HeapMem_Module_GateProxy_enter__E
00012c87   ti_sysbios_heaps_HeapMem_Module_GateProxy_leave__E
00012c8b   ti_sysbios_knl_Clock_TimerProxy_Module__startupDone__S
00012c8f   ti_sysbios_knl_Clock_TimerProxy_getMaxTicks__E
00012c93   ti_sysbios_knl_Queue_destruct
00012c97   ti_sysbios_knl_Semaphore_delete
00012c9b   ti_sysbios_knl_Semaphore_destruct
00012c9f   ti_sysbios_knl_Swi_delete
00012ca3   ti_sysbios_knl_Task_SupportProxy_Module__startupDone__S
00012ca7   ti_sysbios_knl_Task_delete
00012cab   ti_sysbios_knl_Task_startup__E
00012caf   xdc_runtime_Error_getMsg__E
00012cb3   xdc_runtime_Error_getSite__E
00012cb7   xdc_runtime_Memory_HeapProxy_alloc__E
00012cbb   xdc_runtime_Memory_HeapProxy_free__E
00012cbf   xdc_runtime_System_Module_GateProxy_enter__E
00012cc3   xdc_runtime_System_Module_GateProxy_leave__E
00012cc7   xdc_runtime_System_aprintf_va__F
00012ccb   xdc_runtime_System_printf_va__F
00012cd0   xdc_runtime_Text_charTab__A
000144e6   ti_catalog_arm_cortexm4_tiva_ce_Boot_Module__id__C
00014708   xdc_runtime_Text_nodeTab__A
00014870   gpioHWAttrs
000148e8   UART_config
00014a2c   Code2Err
00014a80   uartTivaHWAttrs
00014afe   ti_sysbios_family_arm_m3_Hwi_Module__id__C
00014b00   ti_sysbios_knl_Task_Object__PARAMS__C
00014b6c   ti_sysbios_family_arm_m3_Hwi_Object__PARAMS__C
00014b9c   GPIO_config
00014bf4   UARTTiva_fxnTable
00014c1c   ti_sysbios_heaps_HeapMem_Module__FXNS__C
00014c44   ti_sysbios_knl_Swi_Object__PARAMS__C
00014c6c   UART_defaultParams
00014c90   ti_sysbios_gates_GateHwi_Module__FXNS__C
00014cb4   ti_sysbios_gates_GateMutex_Module__FXNS__C
00014cd8   ti_sysbios_heaps_HeapMem_Object__PARAMS__C
00014cfc   ti_sysbios_knl_Clock_Object__PARAMS__C
00014d20   ti_sysbios_knl_Semaphore_Object__PARAMS__C
00014d44   xdc_runtime_Startup_sfxnTab__A
00014d8b   xdc_runtime_Error_policy__C
00014d8c   ti_ndk_config_Global_rawPageSize
00014d90   ti_ndk_config_Global_rawPageCount
00014d94   ti_ndk_config_Global_smallest
00014d98   ti_ndk_config_Global_largest
00014d9c   ti_ndk_config_Global_numFrameBuf
00014da0   ti_ndk_config_Global_sizeFrameBuf
00014da4   fromBaseStationMailbox
00014da8   roveHardwareTesterTask
00014dac   ti_sysbios_family_arm_m3_Hwi_Object__DESC__C
00014dcc   ti_sysbios_gates_GateHwi_Object__DESC__C
00014dec   ti_sysbios_gates_GateMutex_Object__DESC__C
00014e0c   ti_sysbios_heaps_HeapMem_Object__DESC__C
00014e2c   ti_sysbios_knl_Clock_Object__DESC__C
00014e4c   ti_sysbios_knl_Queue_Object__DESC__C
00014e6c   ti_sysbios_knl_Semaphore_Object__DESC__C
00014e8c   ti_sysbios_knl_Swi_Object__DESC__C
00014eac   ti_sysbios_knl_Task_Object__DESC__C
00014ecc   EMAC_config
00014efc   ti_sysbios_gates_GateHwi_Object__PARAMS__C
00014f14   ti_sysbios_gates_GateMutex_Object__PARAMS__C
00014f2c   ti_sysbios_knl_Queue_Object__PARAMS__C
00014f44   ti_sysbios_knl_Task_hooks__A
00014f5c   xdc_runtime_Startup_firstFxns__A
00014f70   xdc_runtime_Startup_sfxnRts__A
00014f94   emacHWAttrs
00014fa8   EMACSnow_fxnTable
00014fb0   ti_sysbios_family_arm_m3_Hwi_excHookFuncs__A
00014fb8   ti_sysbios_knl_Idle_funcList__A
00014fc0   ti_sysbios_knl_Idle_funcList__C
00014fc8   ti_sysbios_knl_Task_hooks__C
00014fd0   xdc_runtime_Startup_firstFxns__C
00014fd8   xdc_runtime_Startup_lastFxns__C
00014fe0   ti_catalog_arm_cortexm4_tiva_ce_Boot_A_mustNotUseEnhancedClockMode__C
00014fe4   ti_catalog_arm_cortexm4_tiva_ce_Boot_Module__diagsEnabled__C
00014fe8   ti_catalog_arm_cortexm4_tiva_ce_Boot_Module__diagsIncluded__C
00014fec   ti_catalog_arm_cortexm4_tiva_ce_Boot_Module__diagsMask__C
00014ff0   ti_sysbios_family_arm_lm4_Timer_enableFunc__C
00014ff4   ti_sysbios_family_arm_lm4_Timer_numTimerDevices__C
00014ff8   ti_sysbios_family_arm_lm4_Timer_startupNeeded__C
00014ffc   ti_sysbios_family_arm_m3_Hwi_E_NMI__C
00015000   ti_sysbios_family_arm_m3_Hwi_E_alreadyDefined__C
00015004   ti_sysbios_family_arm_m3_Hwi_E_busFault__C
00015008   ti_sysbios_family_arm_m3_Hwi_E_debugMon__C
0001500c   ti_sysbios_family_arm_m3_Hwi_E_hardFault__C
00015010   ti_sysbios_family_arm_m3_Hwi_E_memFault__C
00015014   ti_sysbios_family_arm_m3_Hwi_E_noIsr__C
00015018   ti_sysbios_family_arm_m3_Hwi_E_reserved__C
0001501c   ti_sysbios_family_arm_m3_Hwi_E_svCall__C
00015020   ti_sysbios_family_arm_m3_Hwi_E_usageFault__C
00015024   ti_sysbios_family_arm_m3_Hwi_LD_end__C
00015028   ti_sysbios_family_arm_m3_Hwi_LM_begin__C
0001502c   ti_sysbios_family_arm_m3_Hwi_Module__diagsEnabled__C
00015030   ti_sysbios_family_arm_m3_Hwi_Module__diagsIncluded__C
00015034   ti_sysbios_family_arm_m3_Hwi_Module__diagsMask__C
00015038   ti_sysbios_family_arm_m3_Hwi_Module__loggerFxn1__C
0001503c   ti_sysbios_family_arm_m3_Hwi_Module__loggerFxn8__C
00015040   ti_sysbios_family_arm_m3_Hwi_Module__loggerObj__C
00015044   ti_sysbios_family_arm_m3_Hwi_NUM_INTERRUPTS__C
00015048   ti_sysbios_family_arm_m3_Hwi_Object__count__C
0001504c   ti_sysbios_family_arm_m3_Hwi_ccr__C
00015050   ti_sysbios_family_arm_m3_Hwi_excHandlerFunc__C
00015054   ti_sysbios_family_arm_m3_Hwi_excHookFuncs__C
00015058   ti_sysbios_family_arm_m3_Hwi_nullIsrFunc__C
0001505c   ti_sysbios_family_arm_m3_Hwi_priGroup__C
00015060   ti_sysbios_family_arm_m3_TaskSupport_stackAlignment__C
00015064   ti_sysbios_gates_GateMutex_A_badContext__C
00015068   ti_sysbios_gates_GateMutex_Instance_State_sem__O
0001506c   ti_sysbios_gates_GateMutex_Module__diagsEnabled__C
00015070   ti_sysbios_gates_GateMutex_Module__diagsIncluded__C
00015074   ti_sysbios_gates_GateMutex_Module__diagsMask__C
00015078   ti_sysbios_hal_Hwi_E_stackOverflow__C
0001507c   ti_sysbios_heaps_HeapMem_A_align__C
00015080   ti_sysbios_heaps_HeapMem_A_heapSize__C
00015084   ti_sysbios_heaps_HeapMem_A_invalidFree__C
00015088   ti_sysbios_heaps_HeapMem_A_zeroBlock__C
0001508c   ti_sysbios_heaps_HeapMem_E_memory__C
00015090   ti_sysbios_heaps_HeapMem_Module__diagsEnabled__C
00015094   ti_sysbios_heaps_HeapMem_Module__diagsIncluded__C
00015098   ti_sysbios_heaps_HeapMem_Module__diagsMask__C
0001509c   ti_sysbios_heaps_HeapMem_Module__gateObj__C
000150a0   ti_sysbios_heaps_HeapMem_Object__count__C
000150a4   ti_sysbios_heaps_HeapMem_reqAlign__C
000150a8   ti_sysbios_knl_Clock_A_badThreadType__C
000150ac   ti_sysbios_knl_Clock_LM_begin__C
000150b0   ti_sysbios_knl_Clock_LM_tick__C
000150b4   ti_sysbios_knl_Clock_LW_delayed__C
000150b8   ti_sysbios_knl_Clock_Module_State_clockQ__O
000150bc   ti_sysbios_knl_Clock_Module__diagsEnabled__C
000150c0   ti_sysbios_knl_Clock_Module__diagsIncluded__C
000150c4   ti_sysbios_knl_Clock_Module__diagsMask__C
000150c8   ti_sysbios_knl_Clock_Module__loggerFxn1__C
000150cc   ti_sysbios_knl_Clock_Module__loggerFxn2__C
000150d0   ti_sysbios_knl_Clock_Module__loggerObj__C
000150d4   ti_sysbios_knl_Mailbox_Instance_State_freeQue__O
000150d8   ti_sysbios_knl_Mailbox_Object__count__C
000150dc   ti_sysbios_knl_Mailbox_maxTypeAlign__C
000150e0   ti_sysbios_knl_Semaphore_A_badContext__C
000150e4   ti_sysbios_knl_Semaphore_A_noEvents__C
000150e8   ti_sysbios_knl_Semaphore_A_overflow__C
000150ec   ti_sysbios_knl_Semaphore_A_pendTaskDisabled__C
000150f0   ti_sysbios_knl_Semaphore_Instance_State_pendQ__O
000150f4   ti_sysbios_knl_Semaphore_LM_pend__C
000150f8   ti_sysbios_knl_Semaphore_LM_post__C
000150fc   ti_sysbios_knl_Semaphore_Module__diagsEnabled__C
00015100   ti_sysbios_knl_Semaphore_Module__diagsIncluded__C
00015104   ti_sysbios_knl_Semaphore_Module__diagsMask__C
00015108   ti_sysbios_knl_Semaphore_Module__loggerFxn2__C
0001510c   ti_sysbios_knl_Semaphore_Module__loggerFxn4__C
00015110   ti_sysbios_knl_Semaphore_Module__loggerObj__C
00015114   ti_sysbios_knl_Swi_A_badPriority__C
00015118   ti_sysbios_knl_Swi_LD_end__C
0001511c   ti_sysbios_knl_Swi_LM_begin__C
00015120   ti_sysbios_knl_Swi_LM_post__C
00015124   ti_sysbios_knl_Swi_Module__diagsEnabled__C
00015128   ti_sysbios_knl_Swi_Module__diagsIncluded__C
0001512c   ti_sysbios_knl_Swi_Module__diagsMask__C
00015130   ti_sysbios_knl_Swi_Module__loggerFxn1__C
00015134   ti_sysbios_knl_Swi_Module__loggerFxn4__C
00015138   ti_sysbios_knl_Swi_Module__loggerObj__C
0001513c   ti_sysbios_knl_Swi_Object__count__C
00015140   ti_sysbios_knl_Task_A_badPriority__C
00015144   ti_sysbios_knl_Task_A_badTaskState__C
00015148   ti_sysbios_knl_Task_A_badThreadType__C
0001514c   ti_sysbios_knl_Task_A_badTimeout__C
00015150   ti_sysbios_knl_Task_A_noPendElem__C
00015154   ti_sysbios_knl_Task_A_sleepTaskDisabled__C
00015158   ti_sysbios_knl_Task_E_deleteNotAllowed__C
0001515c   ti_sysbios_knl_Task_E_spOutOfBounds__C
00015160   ti_sysbios_knl_Task_E_stackOverflow__C
00015164   ti_sysbios_knl_Task_LD_block__C
00015168   ti_sysbios_knl_Task_LD_exit__C
0001516c   ti_sysbios_knl_Task_LD_ready__C
00015170   ti_sysbios_knl_Task_LM_setPri__C
00015174   ti_sysbios_knl_Task_LM_sleep__C
00015178   ti_sysbios_knl_Task_LM_switch__C
0001517c   ti_sysbios_knl_Task_Module_State_inactiveQ__O
00015180   ti_sysbios_knl_Task_Module_State_terminatedQ__O
00015184   ti_sysbios_knl_Task_Module__diagsEnabled__C
00015188   ti_sysbios_knl_Task_Module__diagsIncluded__C
0001518c   ti_sysbios_knl_Task_Module__diagsMask__C
00015190   ti_sysbios_knl_Task_Module__loggerFxn2__C
00015194   ti_sysbios_knl_Task_Module__loggerFxn4__C
00015198   ti_sysbios_knl_Task_Module__loggerObj__C
0001519c   ti_sysbios_knl_Task_Object__count__C
000151a0   ti_sysbios_knl_Task_Object__heap__C
000151a4   ti_sysbios_knl_Task_allBlockedFunc__C
000151a8   ti_sysbios_knl_Task_defaultStackHeap__C
000151ac   ti_sysbios_knl_Task_defaultStackSize__C
000151b0   ti_sysbios_knl_Task_numConstructedTasks__C
000151b4   xdc_runtime_Assert_E_assertFailed__C
000151b8   xdc_runtime_Core_A_initializedParams__C
000151bc   xdc_runtime_Core_Module__diagsEnabled__C
000151c0   xdc_runtime_Core_Module__diagsIncluded__C
000151c4   xdc_runtime_Core_Module__diagsMask__C
000151c8   xdc_runtime_Error_E_memory__C
000151cc   xdc_runtime_Error_Module__diagsEnabled__C
000151d0   xdc_runtime_Error_Module__diagsIncluded__C
000151d4   xdc_runtime_Error_Module__diagsMask__C
000151d8   xdc_runtime_Error_Module__loggerFxn8__C
000151dc   xdc_runtime_Error_Module__loggerObj__C
000151e0   xdc_runtime_Error_policyFxn__C
000151e4   xdc_runtime_Error_raiseHook__C
000151e8   xdc_runtime_IGateProvider_Interface__BASE__C
000151ec   xdc_runtime_IHeap_Interface__BASE__C
000151f0   xdc_runtime_IModule_Interface__BASE__C
000151f4   xdc_runtime_Log_L_error__C
000151f8   xdc_runtime_Memory_defaultHeapInstance__C
000151fc   xdc_runtime_Startup_execImpl__C
00015200   xdc_runtime_Startup_maxPasses__C
00015204   xdc_runtime_Startup_sfxnRts__C
00015208   xdc_runtime_Startup_sfxnTab__C
0001520c   xdc_runtime_SysMin_bufSize__C
00015210   xdc_runtime_SysMin_outputFunc__C
00015214   xdc_runtime_System_Module__gateObj__C
00015218   xdc_runtime_System_abortFxn__C
0001521c   xdc_runtime_System_exitFxn__C
00015220   xdc_runtime_System_extendFxn__C
00015224   xdc_runtime_System_maxAtexitHandlers__C
00015228   xdc_runtime_Text_charTab__C
0001522c   xdc_runtime_Text_nameEmpty__C
00015230   xdc_runtime_Text_nameStatic__C
00015234   xdc_runtime_Text_nameUnknown__C
00015238   xdc_runtime_Text_nodeTab__C
0001523c   xdc_runtime_Text_visitRopeFxn__C
00015240   ti_sysbios_family_arm_m3_Hwi_Module__loggerDefined__C
00015242   ti_sysbios_gates_GateMutex_Module__id__C
00015244   ti_sysbios_hal_Hwi_Module__id__C
00015246   ti_sysbios_heaps_HeapMem_Module__id__C
00015248   ti_sysbios_knl_Clock_Module__id__C
0001524a   ti_sysbios_knl_Clock_Module__loggerDefined__C
0001524c   ti_sysbios_knl_Semaphore_Module__id__C
0001524e   ti_sysbios_knl_Semaphore_Module__loggerDefined__C
00015250   ti_sysbios_knl_Swi_Module__id__C
00015252   ti_sysbios_knl_Swi_Module__loggerDefined__C
00015254   ti_sysbios_knl_Task_Module__id__C
00015256   ti_sysbios_knl_Task_Module__loggerDefined__C
00015258   ti_sysbios_knl_Task_initStackFlag__C
0001525a   xdc_runtime_Core_Module__id__C
0001525c   xdc_runtime_Error_Module__loggerDefined__C
0001525e   xdc_runtime_Error_maxDepth__C
00015260   xdc_runtime_Memory_Module__id__C
00015262   xdc_runtime_SysMin_flushAtExit__C
00015264   xdc_runtime_Text_charCnt__C
00015266   xdc_runtime_Text_isLoaded__C
00015268   xdc_runtime_Text_registryModsLastId__C
0001526a   xdc_runtime_Text_unnamedModsLastId__C
000158ac   __TI_Handler_Table_Base
000158b8   __TI_Handler_Table_Limit
000158c8   __TI_CINIT_Base
000158e0   __TI_CINIT_Limit
20000000   ti_sysbios_family_arm_m3_Hwi_ramVectors
20000380   ti_sysbios_heaps_HeapMem_Instance_State_0_buf__A
20005380   ti_ndk_config_Global_pit
20005428   ti_ndk_config_Global_pitBuffer
20009c28   _ICMPIn
20009c74   PBMQ_free
20009c80   ti_ndk_config_Global_pBufMem
2000d880   ti_ndk_config_Global_pHdrMem
2000db78   ti_sysbios_knl_Mailbox_Instance_State_0_allocBuf__A
200103c8   ti_sysbios_knl_Task_Instance_State_0_stack__A
20010bc8   ti_sysbios_knl_Task_Instance_State_1_stack__A
200111c8   ti_sysbios_knl_Task_Instance_State_2_stack__A
200114c8   uartTivaObjects
20011908   ti_sysbios_family_arm_m3_Hwi_dispatchTable
20011c68   __CIOBUF_
20011e88   tcps
20012114   xdc_runtime_SysMin_Module_State_0_outbuf__A
20012194   ips
200121fc   nimu_mcb
2001225c   _ICMPOut
200122e8   vlan_mcb
20012334   udps
20012358   BlockCount
20012374   BlockMax
20012390   PageCount
200123ac   PageMax
200123c8   stkEvent
20012404   raweths
20012414   raws
20012424   tpseudo
20012430   upseudo
2001243c   emacObjects
20012470   _IGMPInDiscard
20012474   _IGMPInQuery
20012478   _IGMPInQueryGroup
2001247c   _IGMPInResponse
20012480   _IGMPOutResponse
20012484   g_ulStatus
20012494   raweth_pcb
20012498   ti_sysbios_knl_Task_Instance_State_0_hookEnv__A
2001249c   ti_sysbios_knl_Task_Instance_State_1_hookEnv__A
200124a0   ti_sysbios_knl_Task_Instance_State_2_hookEnv__A
200124a4   uart0
200124a8   uart1
200124ac   uart2
200124b0   uart3
200124b4   uart4
200124b8   uart5
200124bc   uart6
200124c0   uart7
200124c4   ti_ndk_config_Global_Id2Size
200124e0   ti_ndk_config_Global_HostName
200124e4   LocalIPAddr
200124e8   LocalIPMask
200124ec   GatewayIP
200124f0   DomainName
20012534   ti_sysbios_family_arm_lm4_Timer_Module__root__V
2001253c   ti_sysbios_family_arm_lm4_Timer_Module_State_0_handles__A
2001255c   ti_sysbios_family_arm_lm4_Timer_Module__state__V
20012568   ti_sysbios_family_arm_m3_Hwi_Module__root__V
20012570   ti_sysbios_family_arm_m3_Hwi_Object__table__V
20012588   ti_sysbios_family_arm_m3_Hwi_Module_State_0_excActive__A
2001258c   ti_sysbios_family_arm_m3_Hwi_Module_State_0_excContext__A
20012590   ti_sysbios_family_arm_m3_Hwi_Module_State_0_excStack__A
20012594   ti_sysbios_gates_GateHwi_Module__root__V
2001259c   ti_sysbios_gates_GateHwi_Object__table__V
200125a0   ti_sysbios_gates_GateMutex_Module__root__V
200125a8   ti_sysbios_hal_Hwi_Module__root__V
200125b0   ti_sysbios_heaps_HeapMem_Module__root__V
200125b8   ti_sysbios_heaps_HeapMem_Object__table__V
200125d0   ti_sysbios_knl_Clock_Module__root__V
200125d8   ti_sysbios_knl_Event_Module__root__V
200125e0   ti_sysbios_knl_Mailbox_Module__root__V
200125e8   ti_sysbios_knl_Queue_Module__root__V
200125f0   ti_sysbios_knl_Semaphore_Module__root__V
200125f8   ti_sysbios_knl_Swi_Module__root__V
20012600   ti_sysbios_knl_Swi_Module__state__V
2001261c   ti_sysbios_knl_Task_Module__root__V
20012624   ti_sysbios_knl_Task_Module_State_0_idleTask__A
20012628   xdc_runtime_Error_Module__state__V
2001262c   xdc_runtime_Memory_Module__state__V
20012630   xdc_runtime_Registry_Module__state__V
20012638   xdc_runtime_Startup_Module__state__V
20012640   xdc_runtime_SysMin_Module__state__V
2001264c   xdc_runtime_System_Module_State_0_atexitHandlers__A
2001266c   xdc_runtime_System_Module__state__V
20012674   xdc_runtime_Text_Module__state__V
2001267c   __xdc__init__addr
20012680   ti_sysbios_knl_Task_Object__table__V
20012718   TSK_idle
20012764   _ipcfg
20012818   ti_sysbios_knl_Swi_Module_State_0_readyQ__A
20012898   ti_sysbios_knl_Task_Module_State_0_readyQ__A
20012918   ti_sysbios_knl_Mailbox_Object__table__V
200129b8   ti_sysbios_knl_Task_Module__state__V
20012a7c   ti_sysbios_family_arm_lm4_Timer_Module_State_0_device__A
20012abc   ti_sysbios_family_arm_lm4_Timer_Object__table__V
20012afc   ti_sysbios_gates_GateMutex_Object__table__V
20012b68   ti_sysbios_family_arm_m3_Hwi_Module__state__V
20012b9c   enablePrefetch
20012ba0   phyCounter
20012c00   ti_sysbios_knl_Swi_Object__table__V
20012c30   ti_sysbios_knl_Clock_Module__state__V
20012c5c   pstrMsgName
20012c84   _oscfg
20012ca8   PITCount
20012cac   PITUsed
20012cb0   PITHigh
20012ccc   ti_sysbios_BIOS_Module__state__V
20012d58   _IGMPForceVersion1
20012d6e   macAddress
20012d74   NIMUDeviceTable
20012d8c   _lock
20012d90   _unlock
20012d94   __TI_cleanup_ptr
20012d98   __TI_dtors_ptr
20012da4   _ICMPInErrors
20012da8   _ICMPOutErrors
20012dac   _IPExecuting
20012dc4   tcp_iss
20012dc8   ptTimeFirst
20012dec   main_func_sp
20012df4   _IPReasmPtr
20012e04   __stack
20013004   __STACK_TOP
20013604   __STACK_END
e000e000   ti_sysbios_family_arm_m3_Hwi_nvic
ffffffff   __binit__
ffffffff   __c_args__
ffffffff   binit
UNDEFED    SHT$$INIT_ARRAY$$Base
UNDEFED    SHT$$INIT_ARRAY$$Limit

[1093 symbols]
