******************************************************************************
                  TI ARM Linker PC v5.1.1                      
******************************************************************************
>> Linked Wed Apr 09 11:56:04 2014

OUTPUT FILE NAME:   <rover.out>
ENTRY POINT SYMBOL: "_c_int00"  address: 00006751


MEMORY CONFIGURATION

         name            origin    length      used     unused   attr    fill
----------------------  --------  ---------  --------  --------  ----  --------
  FLASH                 00000000   00040000  0000b820  000347e0  R  X
  SRAM                  20000000   00008000  00005358  00002ca8  RW X


SEGMENT ALLOCATION MAP

run origin  load origin   length   init length attrs members
----------  ----------- ---------- ----------- ----- -------
00000000    00000000    0000b828   0000b828    r-x
  00000000    00000000    00000360   00000360    r-- .resetVecs
  00000360    00000360    00007fde   00007fde    r-x .text
  00008340    00008340    00002f42   00002f42    r-- .const
  0000b288    0000b288    000005a0   000005a0    r-- .cinit
20000000    20000000    00005358   00000000    rw-
  20000000    20000000    00000360   00000000    rw- .vecs
  20000360    20000360    000034f8   00000000    rw- .bss
  20003858    20003858    00001000   00000000    rw- .stack
  20004858    20004858    00000b00   00000000    rw- .data


SECTION ALLOCATION MAP

 output                                  attributes/
section   page    origin      length       input sections
--------  ----  ----------  ----------   ----------------
.bootVecs 
*          0    00000000    00000008     DSECT
                  00000000    00000008     boot.aem4f : boot.oem4f (.bootVecs)

.resetVecs 
*          0    00000000    00000360     
                  00000000    00000360     main_pem4f.oem4f (.resetVecs)

xdc.meta   0    00000000    000000f5     COPY SECTION
                  00000000    000000f5     main_pem4f.oem4f (xdc.meta)

.text      0    00000360    00007fde     
                  00000360    00000424     sysbios.aem4f : BIOS.obj (.text:ti_sysbios_family_arm_m3_Hwi_excDumpRegs__I)
                  00000784    00000344     ti.targets.arm.rtsarm.aem4f : System.oem4f (.text:xdc_runtime_System_doPrint__I)
                  00000ac8    000002e0     sysbios.aem4f : BIOS.obj (.text:ti_sysbios_knl_Semaphore_pend__E)
                  00000da8    000002d4     rtsv7M4_T_le_v4SPD16_eabi.lib : trgdrv.obj (.text)
                  0000107c    000002c8     uart_tivaware.aem4f : UARTTiva.oem4f (.text:UARTTiva_open)
                  00001344    00000248     sysbios.aem4f : BIOS.obj (.text:ti_sysbios_heaps_HeapMem_free__E)
                  0000158c    00000234                   : BIOS.obj (.text:ti_sysbios_heaps_HeapMem_alloc__E)
                  000017c0    00000230                   : BIOS.obj (.text:ti_sysbios_family_arm_lm4_Timer_start__E)
                  000019f0    00000210                   : BIOS.obj (.text:ti_sysbios_family_arm_m3_Hwi_excHandlerMax__I)
                  00001c00    00000204     uart_tivaware.aem4f : UARTTiva.oem4f (.text:UARTTiva_write)
                  00001e04    000001f8                         : UARTTiva.oem4f (.text:UARTTiva_read)
                  00001ffc    000001cc                         : UARTTiva.oem4f (.text:UARTTiva_hwiIntFxn)
                  000021c8    000001a0     ti.uia.runtime.aem4f : LoggerStopMode.oem4f (.text:ti_uia_runtime_LoggerStopMode_write8__E)
                  00002368    0000019e     main.obj (.text:tcp_connection)
                  00002506    00000002     sysbios.aem4f : BIOS.obj (.text:ti_sysbios_BIOS_nullFunc__I)
                  00002508    0000016c     uart_tivaware.aem4f : UARTTiva.oem4f (.text:writeData)
                  00002674    00000168                         : UARTTiva.oem4f (.text:UARTTiva_readPolling)
                  000027dc    00000168     sysbios.aem4f : BIOS.obj (.text:ti_sysbios_family_arm_m3_Hwi_excBusFault__I)
                  00002944    00000160     uart_tivaware.aem4f : UARTTiva.oem4f (.text:readData)
                  00002aa4    0000015c                         : UARTTiva.oem4f (.text:UARTTiva_writePolling)
                  00002c00    0000015c     ti.uia.runtime.aem4f : LoggerStopMode.oem4f (.text:ti_uia_runtime_LoggerStopMode_writeMemoryRange__E)
                  00002d5c    00000154     sysbios.aem4f : BIOS.obj (.text:ti_sysbios_family_arm_m3_Hwi_excUsageFault__I)
                  00002eb0    00000144                   : BIOS.obj (.text:ti_sysbios_knl_Semaphore_post__E)
                  00002ff4    00000140                   : BIOS.obj (.text:ti_sysbios_family_arm_m3_Hwi_dispatchC__I)
                  00003134    00000140                   : BIOS.obj (.text:ti_sysbios_family_arm_m3_Hwi_excMemFault__I)
                  00003274    0000013c     ti.uia.runtime.aem4f : LoggerStopMode.oem4f (.text:ti_uia_runtime_LoggerStopMode_write4__E)
                  000033b0    0000013c     ti.targets.arm.rtsarm.aem4f : Error.oem4f (.text:xdc_runtime_Error_raiseX__F)
                  000034ec    00000138     sysbios.aem4f : BIOS.obj (.text:ti_sysbios_heaps_HeapMem_Instance_init__F)
                  00003624    00000138                   : BIOS.obj (.text:ti_sysbios_utils_Load_logLoads__I)
                  0000375c    00000134                   : m3_Hwi_asm.obj (.text:ti_sysbios_family_arm_m3_Hwi_dispatch__I)
                  00003890    00000130     driverlib.lib : gpio.obj (.text:GPIOPadConfigSet)
                  000039c0    00000130     sysbios.aem4f : BIOS.obj (.text:ti_sysbios_utils_Load_updateThreadContexts__E)
                  00003af0    0000012c                   : BIOS.obj (.text:ti_sysbios_family_arm_lm4_TimestampProvider_get64__E)
                  00003c1c    0000012c                   : BIOS.obj (.text:ti_sysbios_knl_Clock_workFunc__E)
                  00003d48    0000012c                   : BIOS.obj (.text:ti_sysbios_knl_Task_exit__E)
                  00003e74    00000124     EK_LM4F120XL.obj (.text:EK_LM4F120XL_initUART)
                  00003f98    00000120     sysbios.aem4f : BIOS.obj (.text:ti_sysbios_knl_Swi_run__I)
                  000040b8    0000010c     Boot.aem4f : Boot_sysctl.oem4f (.text:ti_catalog_arm_cortexm4_tiva_ce_Boot_sysCtlClockSetI__I)
                  000041c4    00000104     ti.targets.arm.rtsarm.aem4f : Core-mem.oem4f (.text:xdc_runtime_Core_createObject__I)
                  000042c8    00000104     main_pem4f.oem4f (.text:xdc_runtime_System_printfExtend__I)
                  000043cc    000000fc     sysbios.aem4f : BIOS.obj (.text:ti_sysbios_knl_Task_schedule__I)
                  000044c8    000000f8                   : BIOS.obj (.text:ti_sysbios_knl_Task_startCore__E)
                  000045c0    000000f8     ti.targets.arm.rtsarm.aem4f : Startup.oem4f (.text:xdc_runtime_Startup_startMods__I)
                  000046b8    000000f4     rtsv7M4_T_le_v4SPD16_eabi.lib : dtor_list.obj (.text)
                  000047ac    000000f4     sysbios.aem4f : BIOS.obj (.text:ti_sysbios_knl_Task_postInit__I)
                  000048a0    000000e8     gpio_tivaware.aem4f : GPIO.oem4f (.text:GPIO_write)
                  00004988    000000e8     sysbios.aem4f : BIOS.obj (.text:ti_sysbios_family_arm_m3_Hwi_initNVIC__E)
                  00004a70    000000e8                   : BIOS.obj (.text:ti_sysbios_io_DEV_postInit__I)
                  00004b58    000000c0     uart_tivaware.aem4f : UARTTiva.oem4f (.text:UARTTiva_writeCancel)
                  00004c18    000000bc                         : UARTTiva.oem4f (.text:UARTTiva_readCancel)
                  00004cd4    000000bc     sysbios.aem4f : BIOS.obj (.text:ti_sysbios_knl_Task_unblockI__E)
                  00004d90    000000b8                   : BIOS.obj (.text:ti_sysbios_family_arm_lm4_TimestampProvider_get32__E)
                  00004e48    000000b4                   : BIOS.obj (.text:ti_sysbios_family_arm_m3_Hwi_excHardFault__I)
                  00004efc    000000b4                   : BIOS.obj (.text:ti_sysbios_gates_GateMutex_enter__E)
                  00004fb0    000000b4                   : BIOS.obj (.text:ti_sysbios_knl_Task_checkStacks__E)
                  00005064    000000b0                   : BIOS.obj (.text:ti_sysbios_family_arm_m3_Hwi_excDebugMon__I)
                  00005114    000000b0                   : BIOS.obj (.text:ti_sysbios_utils_Load_idleFxn__E)
                  000051c4    000000b0                   : BIOS.obj (.text:ti_sysbios_utils_Load_updateLoads__E)
                  00005274    000000ac                   : BIOS.obj (.text:ti_sysbios_family_arm_lm4_Timer_enableTiva__I)
                  00005320    000000a8                   : BIOS.obj (.text:ti_sysbios_knl_Semaphore_Instance_init__F)
                  000053c8    000000a8                   : BIOS.obj (.text:ti_sysbios_knl_Swi_post__E)
                  00005470    000000a8                   : BIOS.obj (.text:ti_sysbios_knl_Task_blockI__E)
                  00005518    000000a4                   : BIOS.obj (.text:ti_sysbios_family_arm_lm4_Timer_enableTimers__I)
                  000055bc    000000a4                   : BIOS.obj (.text:ti_sysbios_family_arm_m3_Hwi_Module_startup__F)
                  00005660    000000a0     uart_tivaware.aem4f : UARTTiva.oem4f (.text:UARTTiva_close)
                  00005700    000000a0     auto_init.aem4f : auto_init.oem4f (.text)
                  000057a0    0000009c     rtsv7M4_T_le_v4SPD16_eabi.lib : memcpy_t2.obj (.text)
                  0000583c    0000009a     ti.targets.arm.rtsarm.aem4f : Text.oem4f (.text:xdc_runtime_Text_putSite__F)
                  000058d6    00000002     sysbios.aem4f : BIOS.obj (.text:ti_sysbios_gates_GateHwi_Instance_init__F)
                  000058d8    00000094     Boot.aem4f : Boot.oem4f (.text:ti_catalog_arm_cortexm4_tiva_ce_Boot_sysCtlClockSet__E)
                  0000596c    00000094     ti.targets.arm.rtsarm.aem4f : Text.oem4f (.text:xdc_runtime_Text_putMod__F)
                  00005a00    00000090     sysbios.aem4f : BIOS.obj (.text:ti_sysbios_family_arm_m3_Hwi_Instance_init__F)
                  00005a90    0000008c                   : m3_TaskSupport_asm.obj (.text:ti_sysbios_family_arm_m3_TaskSupport_buildTaskStack)
                  00005b1c    00000088     EK_LM4F120XL.obj (.text:EK_LM4F120XL_initGPIO)
                  00005ba4    00000088     sysbios.aem4f : BIOS.obj (.text:ti_sysbios_utils_Load_addTask__E)
                  00005c2c    00000085     main.obj (.text:mux_1)
                  00005cb1    00000001     --HOLE-- [fill = 0]
                  00005cb2    00000002     main_pem4f.oem4f (.text:xdc_runtime_Startup_reset__I)
                  00005cb4    00000084     ti.uia.runtime.aem4f : LoggerStopMode.oem4f (.text:ti_uia_runtime_LoggerStopMode_setFilterLevel__E)
                  00005d38    00000080     sysbios.aem4f : BIOS.obj (.text:ti_sysbios_knl_Task_Module_startup__F)
                  00005db8    0000007e     ti.uia.runtime.aem4f : LoggerStopMode.oem4f (.text:ti_uia_runtime_LoggerStopMode_getContents__E)
                  00005e36    00000078     rtsv7M4_T_le_v4SPD16_eabi.lib : memset_t2.obj (.text)
                  00005eae    00000002     --HOLE-- [fill = 0]
                  00005eb0    00000078     sysbios.aem4f : BIOS.obj (.text:ti_sysbios_utils_Load_updateCurrentThreadTime__E)
                  00005f28    00000074                   : BIOS.obj (.text:ti_sysbios_family_arm_lm4_Timer_isrStub__E)
                  00005f9c    00000070     main_pem4f.oem4f (.text:ti_sysbios_family_arm_m3_Hwi_Object__create__S)
                  0000600c    00000070     sysbios.aem4f : BIOS.obj (.text:ti_sysbios_family_arm_m3_Hwi_reconfig__E)
                  0000607c    00000070                   : BIOS.obj (.text:ti_sysbios_utils_Load_taskDeleteHook__E)
                  000060ec    00000070     ti.uia.runtime.aem4f : LoggerStopMode.oem4f (.text:ti_uia_runtime_LoggerStopMode_getFilterLevel__E)
                  0000615c    00000070                          : LoggerStopMode.oem4f (.text:ti_uia_runtime_LoggerStopMode_writeBlockOfMemory__I)
                  000061cc    00000070                          : QueueDescriptor.oem4f (.text:ti_uia_runtime_QueueDescriptor_addToList__E)
                  0000623c    00000070     ti.targets.arm.rtsarm.aem4f : Memory.oem4f (.text:xdc_runtime_Memory_alloc__F)
                  000062ac    0000006c     sysbios.aem4f : BIOS.obj (.text:ti_sysbios_utils_Load_taskCreateHook__E)
                  00006318    0000006c     ti.targets.arm.rtsarm.aem4f : Error.oem4f (.text:xdc_runtime_Error_print__F)
                  00006384    00000068     sysbios.aem4f : BIOS.obj (.text:ti_sysbios_BIOS_rtsUnlock__I)
                  000063ec    00000066     ti.targets.arm.rtsarm.aem4f : Core-mem.oem4f (.text:xdc_runtime_Core_deleteObject__I)
                  00006452    00000002     --HOLE-- [fill = 0]
                  00006454    00000064     sysbios.aem4f : BIOS.obj (.text:ti_sysbios_knl_Clock_logTick__E)
                  000064b8    00000064                   : BIOS.obj (.text:ti_sysbios_utils_Load_logCPULoad__I)
                  0000651c    00000060     rtsv7M4_T_le_v4SPD16_eabi.lib : trgmsg.obj (.text)
                  0000657c    00000060     main_pem4f.oem4f (.text:ti_uia_runtime_LoggerStopMode_Object__create__S)
                  000065dc    0000005e     rtsv7M4_T_le_v4SPD16_eabi.lib : copy_decompress_rle.obj (.text)
                  0000663a    00000002     --HOLE-- [fill = 0]
                  0000663c    0000005c     sysbios.aem4f : BIOS.obj (.text:ti_sysbios_family_arm_lm4_Timer_Module_startup__F)
                  00006698    0000005b     ti.targets.arm.rtsarm.aem4f : Text.oem4f (.text:xdc_runtime_Text_putLab__F)
                  000066f3    00000001     --HOLE-- [fill = 0]
                  000066f4    0000005a     ti.uia.runtime.aem4f : LoggerStopMode.oem4f (.text:ti_uia_runtime_LoggerStopMode_readBlockOfMemory__I)
                  0000674e    00000002     --HOLE-- [fill = 0]
                  00006750    00000058     boot.aem4f : boot.oem4f (.text)
                  000067a8    00000058     sysbios.aem4f : BIOS.obj (.text:ti_sysbios_knl_Swi_restoreHwi__E)
                  00006800    00000058                   : BIOS.obj (.text:ti_sysbios_knl_Swi_schedule__I)
                  00006858    00000054     ti.uia.runtime.aem4f : QueueDescriptor.oem4f (.text:ti_uia_runtime_QueueDescriptor_removeFromList__E)
                  000068ac    00000053     main.obj (.text:init_uart)
                  000068ff    00000001     --HOLE-- [fill = 0]
                  00006900    00000050     sysbios.aem4f : BIOS.obj (.text:ti_sysbios_utils_Load_taskSwitchHook__E)
                  00006950    00000050     ti.targets.arm.rtsarm.aem4f : Startup.oem4f (.text:xdc_runtime_Startup_exec__F)
                  000069a0    00000050                                 : System.oem4f (.text:xdc_runtime_System_formatNum__I)
                  000069f0    00000050                                 : Text.oem4f (.text:xdc_runtime_Text_visitRope2__I)
                  00006a40    0000004c     rtsv7M4_T_le_v4SPD16_eabi.lib : atoi.obj (.text)
                  00006a8c    0000004c     sysbios.aem4f : BIOS.obj (.text:ti_sysbios_knl_Swi_runLoop__I)
                  00006ad8    00000048     driverlib.lib : gpio.obj (.text:GPIOPinConfigure)
                  00006b20    00000048     uart_tivaware.aem4f : UART.oem4f (.text:UART_open)
                  00006b68    00000048     sysbios.aem4f : BIOS.obj (.text:ti_sysbios_BIOS_errorRaiseHook__I)
                  00006bb0    00000048                   : BIOS.obj (.text:ti_sysbios_family_arm_m3_Hwi_excReserved__I)
                  00006bf8    00000048                   : BIOS.obj (.text:ti_sysbios_heaps_HeapMem_getStats__E)
                  00006c40    00000048     ti.targets.arm.rtsarm.aem4f : Assert.oem4f (.text:xdc_runtime_Assert_raise__I)
                  00006c88    00000048                                 : Core-params.oem4f (.text:xdc_runtime_Core_assignParams__I)
                  00006cd0    00000046     ti.uia.runtime.aem4f : LoggerStopMode.oem4f (.text:ti_uia_runtime_LoggerStopMode_Instance_init__F)
                  00006d16    00000002     --HOLE-- [fill = 0]
                  00006d18    00000044     rtsv7M4_T_le_v4SPD16_eabi.lib : cpy_tbl.obj (.text)
                  00006d5c    00000044                                   : exit.obj (.text)
                  00006da0    00000044     sysbios.aem4f : BIOS.obj (.text:ti_sysbios_family_arm_lm4_Timer_stop__E)
                  00006de4    00000044                   : BIOS.obj (.text:ti_sysbios_family_arm_m3_Hwi_disableInterrupt__E)
                  00006e28    00000044                   : BIOS.obj (.text:ti_sysbios_family_arm_m3_Hwi_enableInterrupt__E)
                  00006e6c    00000044                   : BIOS.obj (.text:ti_sysbios_knl_Task_allBlockedFunction__I)
                  00006eb0    00000044     ti.uia.runtime.aem4f : LoggerStopMode.oem4f (.text:ti_uia_runtime_LoggerStopMode_filterOutEvent__I)
                  00006ef4    00000044                          : LoggerStopMode.oem4f (.text:ti_uia_runtime_LoggerStopMode_reset__F)
                  00006f38    00000044     ti.targets.arm.rtsarm.aem4f : SysMin.oem4f (.text:xdc_runtime_SysMin_flush__F)
                  00006f7c    00000042     driverlib.lib : uart.obj (.text:UARTConfigSetExpClk)
                  00006fbe    00000042     sysbios.aem4f : BIOS.obj (.text:ti_sysbios_knl_Semaphore_pendTimeout__I)
                  00007000    00000040     EK_LM4F120XL.obj (.text:EK_LM4F120XL_initGeneral)
                  00007040    00000040     sysbios.aem4f : BIOS.obj (.text:ti_sysbios_family_arm_lm4_Timer_startup__E)
                  00007080    00000040     main_pem4f.oem4f (.text:ti_sysbios_knl_Semaphore_Object__create__S)
                  000070c0    00000040     ti.targets.arm.rtsarm.aem4f : System.oem4f (.text:xdc_runtime_System_atexit__F)
                  00007100    0000003c     sysbios.aem4f : BIOS.obj (.text:ti_sysbios_family_arm_m3_Hwi_excSvCall__I)
                  0000713c    0000003c                   : BIOS.obj (.text:ti_sysbios_heaps_HeapMem_init__I)
                  00007178    0000003c                   : BIOS.obj (.text:ti_sysbios_knl_Swi_startup__E)
                  000071b4    0000003c     ti.targets.arm.rtsarm.aem4f : Text.oem4f (.text:xdc_runtime_Text_xprintf__I)
                  000071f0    00000038     uart_tivaware.aem4f : UART.oem4f (.text:UART_init)
                  00007228    00000038     sysbios.aem4f : BIOS.obj (.text:ti_sysbios_family_arm_m3_Hwi_excNoIsr__I)
                  00007260    00000038                   : BIOS.obj (.text:ti_sysbios_family_arm_m3_Hwi_getStackInfo__E)
                  00007298    00000038                   : BIOS.obj (.text:ti_sysbios_family_arm_m3_TaskSupport_start__E)
                  000072d0    00000038     main_pem4f.oem4f (.text:ti_sysbios_gates_GateHwi_Object__create__S)
                  00007308    00000038     main_pem4f.oem4f (.text:ti_sysbios_gates_GateMutex_Object__create__S)
                  00007340    00000038     main_pem4f.oem4f (.text:ti_sysbios_heaps_HeapMem_Object__create__S)
                  00007378    00000038     main_pem4f.oem4f (.text:ti_sysbios_knl_Queue_Object__create__S)
                  000073b0    00000038     ti.targets.arm.rtsarm.aem4f : SysMin.oem4f (.text:xdc_runtime_SysMin_putch__F)
                  000073e8    00000034     driverlib.lib : sysctl.obj (.text:SysCtlPeripheralEnable)
                  0000741c    00000034     uart_tivaware.aem4f : UART.oem4f (.text:UART_Params_init)
                  00007450    00000034                         : UART.oem4f (.text:UART_read)
                  00007484    00000034                         : UART.oem4f (.text:UART_write)
                  000074b8    00000034     main.obj (.text:init_mux_pins)
                  000074ec    00000034     sysbios.aem4f : BIOS.obj (.text:ti_sysbios_family_arm_m3_Hwi_excNmi__I)
                  00007520    00000034                   : BIOS.obj (.text:ti_sysbios_hal_Hwi_checkStack:ti_sysbios_hal_Hwi_checkStack)
                  00007554    00000030     main_pem4f.oem4f (.text:ti_sysbios_BIOS_exitFunc__I)
                  00007584    00000030     sysbios.aem4f : BIOS.obj (.text:ti_sysbios_knl_Idle_run__E)
                  000075b4    00000030     ti.targets.arm.rtsarm.aem4f : Core-label.oem4f (.text:xdc_runtime_Core_assignLabel__I)
                  000075e4    00000030                                 : SysMin.oem4f (.text:xdc_runtime_SysMin_abort__F)
                  00007614    0000002f                                 : Text.oem4f (.text:xdc_runtime_Text_printVisFxn__I)
                  00007643    00000001     --HOLE-- [fill = 0]
                  00007644    0000002e     main_pem4f.oem4f (.text:malloc)
                  00007672    0000002c     sysbios.aem4f : BIOS.obj (.text:ti_sysbios_hal_Hwi_initStack:ti_sysbios_hal_Hwi_initStack)
                  0000769e    00000002     --HOLE-- [fill = 0]
                  000076a0    0000002c                   : BIOS.obj (.text:ti_sysbios_io_DEV_Module_startup__F)
                  000076cc    0000002c     main_pem4f.oem4f (.text:ti_sysbios_knl_Clock_doTick__I)
                  000076f8    0000002c     sysbios.aem4f : BIOS.obj (.text:ti_sysbios_knl_Task_restore__E)
                  00007724    0000002c     ti.uia.runtime.aem4f : LoggerStopMode.oem4f (.text:ti_uia_runtime_LoggerStopMode_Module_startup__F)
                  00007750    0000002c                          : LoggerStopMode.oem4f (.text:ti_uia_runtime_LoggerStopMode_disable__E)
                  0000777c    0000002c                          : LoggerStopMode.oem4f (.text:ti_uia_runtime_LoggerStopMode_enable__E)
                  000077a8    0000002c     ti.targets.arm.rtsarm.aem4f : System.oem4f (.text:xdc_runtime_System_rtsExit__I)
                  000077d4    0000002c                                 : Text.oem4f (.text:xdc_runtime_Text_cordText__F)
                  00007800    0000002a     driverlib.lib : gpio.obj (.text:GPIODirModeSet)
                  0000782a    0000002a     ti.targets.arm.rtsarm.aem4f : System.oem4f (.text:xdc_runtime_System_putchar__I)
                  00007854    00000028     sysbios.aem4f : m3_Hwi_asm_switch.obj (.text:ti_sysbios_family_arm_m3_Hwi_initStacks__E)
                  0000787c    00000028                   : BIOS.obj (.text:ti_sysbios_gates_GateMutex_Instance_init__F)
                  000078a4    00000028     ti.uia.runtime.aem4f : LogSync.oem4f (.text:ti_uia_runtime_LogSync_Module_startup__F)
                  000078cc    00000028                          : QueueDescriptor.oem4f (.text:ti_uia_runtime_QueueDescriptor_initHeader__E)
                  000078f4    00000026     ti.targets.arm.rtsarm.aem4f : System.oem4f (.text:xdc_runtime_System_avprintf__F)
                  0000791a    00000002     --HOLE-- [fill = 0]
                  0000791c    00000024     gpio_tivaware.aem4f : GPIO.oem4f (.text:GPIO_init)
                  00007940    00000024     main.obj (.text:main)
                  00007964    00000024     sysbios.aem4f : BIOS.obj (.text:ti_sysbios_BIOS_registerRTSLock__I)
                  00007988    00000024     main_pem4f.oem4f (.text:ti_sysbios_BIOS_startFunc__I)
                  000079ac    00000024     sysbios.aem4f : BIOS.obj (.text:ti_sysbios_family_arm_m3_Hwi_Instance_finalize__F)
                  000079d0    00000024                   : BIOS.obj (.text:ti_sysbios_family_arm_m3_Hwi_doTaskRestore__I)
                  000079f4    00000024     main_pem4f.oem4f (.text:ti_sysbios_gates_GateMutex_Object__delete__S)
                  00007a18    00000024     sysbios.aem4f : BIOS.obj (.text:ti_sysbios_knl_Clock_Module_startup__F)
                  00007a3c    00000024                   : BIOS.obj (.text:ti_sysbios_knl_Swi_Module_startup__F)
                  00007a60    00000024     ti.uia.runtime.aem4f : LoggerStopMode.oem4f (.text:ti_uia_runtime_LoggerStopMode_Instance_finalize__F)
                  00007a84    00000024     ti.targets.arm.rtsarm.aem4f : System.oem4f (.text:xdc_runtime_System_vprintf__F)
                  00007aa8    00000022     main_pem4f.oem4f (.text:xdc_runtime_SysMin_output__I)
                  00007aca    00000020     sysbios.aem4f : m3_Hwi_asm_switch.obj (.text:ti_sysbios_family_xxx_Hwi_switchAndRunFunc)
                  00007aea    00000002     --HOLE-- [fill = 0]
                  00007aec    00000020     main_pem4f.oem4f (.text:ti_sysbios_gates_GateHwi_Object__delete__S)
                  00007b0c    00000020     main_pem4f.oem4f (.text:ti_sysbios_heaps_HeapMem_Object__delete__S)
                  00007b2c    00000020     main_pem4f.oem4f (.text:ti_sysbios_knl_Semaphore_Object__destruct__S)
                  00007b4c    00000020     sysbios.aem4f : BIOS.obj (.text:ti_sysbios_knl_Task_enter__I)
                  00007b6c    00000020     main_pem4f.oem4f (.text:ti_uia_runtime_LoggerStopMode_Object__delete__S)
                  00007b8c    00000020     ti.targets.arm.rtsarm.aem4f : Registry.oem4f (.text:xdc_runtime_Registry_findById__F)
                  00007bac    00000020                                 : SysMin.oem4f (.text:xdc_runtime_SysMin_Module_startup__F)
                  00007bcc    0000001c     driverlib.lib : uart.obj (.text:UARTDisable)
                  00007be8    0000001c     sysbios.aem4f : BIOS.obj (.text:ti_sysbios_BIOS_rtsLock__I)
                  00007c04    0000001c     main_pem4f.oem4f (.text:ti_sysbios_family_arm_m3_Hwi_Object__destruct__S)
                  00007c20    0000001c     main_pem4f.oem4f (.text:ti_sysbios_knl_Queue_Object__destruct__S)
                  00007c3c    0000001c     ti.targets.arm.rtsarm.aem4f : Error.oem4f (.text:xdc_runtime_Error_check__F)
                  00007c58    0000001c                                 : Memory.oem4f (.text:xdc_runtime_Memory_valloc__F)
                  00007c74    0000001c                                 : SysMin.oem4f (.text:xdc_runtime_SysMin_exit__F)
                  00007c90    0000001a     main_pem4f.oem4f (.text:ti_sysbios_family_arm_m3_Hwi_Handle__label__S)
                  00007caa    0000001a     main_pem4f.oem4f (.text:ti_sysbios_gates_GateHwi_Handle__label__S)
                  00007cc4    0000001a     main_pem4f.oem4f (.text:ti_sysbios_gates_GateMutex_Handle__label__S)
                  00007cde    0000001a     main_pem4f.oem4f (.text:ti_sysbios_heaps_HeapMem_Handle__label__S)
                  00007cf8    0000001a     main_pem4f.oem4f (.text:ti_sysbios_knl_Swi_Handle__label__S)
                  00007d12    0000001a     main_pem4f.oem4f (.text:ti_sysbios_knl_Task_Handle__label__S)
                  00007d2c    0000001a     main_pem4f.oem4f (.text:ti_uia_runtime_LoggerStopMode_Handle__label__S)
                  00007d46    0000001a     main_pem4f.oem4f (.text:xdc_runtime_System_aprintf__E)
                  00007d60    0000001a     main_pem4f.oem4f (.text:xdc_runtime_System_printf__E)
                  00007d7a    00000018     driverlib.lib : gpio.obj (.text:GPIOPinTypeGPIOOutput)
                  00007d92    00000018     main_pem4f.oem4f (.text:free)
                  00007daa    00000002     --HOLE-- [fill = 0]
                  00007dac    00000018     rtsv7M4_T_le_v4SPD16_eabi.lib : args_main.obj (.text)
                  00007dc4    00000018     main_pem4f.oem4f (.text:ti_sysbios_family_arm_lm4_Timer_Module__startupDone__F)
                  00007ddc    00000018     main_pem4f.oem4f (.text:ti_sysbios_family_arm_m3_Hwi_Module__startupDone__F)
                  00007df4    00000018     sysbios.aem4f : m3_TaskSupport_asm.obj (.text:ti_sysbios_family_arm_m3_TaskSupport_swap__E)
                  00007e0c    00000018                   : BIOS.obj (.text:ti_sysbios_gates_GateMutex_leave__E)
                  00007e24    00000018     main_pem4f.oem4f (.text:ti_sysbios_hal_Timer_Module__startupDone__F)
                  00007e3c    00000018     ti.targets.arm.rtsarm.aem4f : Text.oem4f (.text:xdc_runtime_Text_ropeText__F)
                  00007e54    00000016     ti.uia.runtime.aem4f : LoggerStopMode.oem4f (.text:ti_uia_runtime_LoggerStopMode_getFreeSize__E)
                  00007e6a    00000016                          : LoggerStopMode.oem4f (.text:ti_uia_runtime_LoggerStopMode_getUnreadSize__E)
                  00007e80    00000014     driverlib.lib : uart.obj (.text:UARTEnable)
                  00007e94    00000014     rtsv7M4_T_le_v4SPD16_eabi.lib : _lock.obj (.text)
                  00007ea8    00000014                                   : strlen.obj (.text)
                  00007ebc    00000014     sysbios.aem4f : BIOS.obj (.text:ti_sysbios_family_arm_m3_Hwi_switchFromBootStack__E)
                  00007ed0    00000014     main_pem4f.oem4f (.text:ti_sysbios_heaps_HeapMem_Object__get__S)
                  00007ee4    00000014     main_pem4f.oem4f (.text:ti_sysbios_knl_Swi_Object__get__S)
                  00007ef8    00000014     main_pem4f.oem4f (.text:ti_sysbios_knl_Task_Object__get__S)
                  00007f0c    00000014     ti.targets.arm.rtsarm.aem4f : System.oem4f (.text:xdc_runtime_System_abort__F)
                  00007f20    00000012     driverlib.lib : gpio.obj (.text:GPIOPinTypeGPIOInput)
                  00007f32    00000012                   : gpio.obj (.text:GPIOPinTypeUART)
                  00007f44    00000012     rtsv7M4_T_le_v4SPD16_eabi.lib : copy_zero_init.obj (.text:decompress:ZI)
                  00007f56    00000012     sysbios.aem4f : BIOS.obj (.text:ti_sysbios_hal_Hwi_Module_startup__F)
                  00007f68    00000012                   : BIOS.obj (.text:ti_sysbios_hal_Timer_Module_startup__F)
                  00007f7a    00000012     ti.uia.runtime.aem4f : LoggerStopMode.oem4f (.text:ti_uia_runtime_LoggerStopMode_write1__E)
                  00007f8c    00000012                          : LoggerStopMode.oem4f (.text:ti_uia_runtime_LoggerStopMode_write2__E)
                  00007f9e    00000012     main_pem4f.oem4f (.text:xdc_runtime_Startup_exec__I)
                  00007fb0    00000010     rtsv7M4_T_le_v4SPD16_eabi.lib : strcpy.obj (.text)
                  00007fc0    00000010     sysbios.aem4f : BIOS.obj (.text:ti_sysbios_BIOS_getCpuFreq__E)
                  00007fd0    00000010                   : BIOS.obj (.text:ti_sysbios_BIOS_setThreadType__E)
                  00007fe0    00000010                   : BIOS.obj (.text:ti_sysbios_BIOS_start__E)
                  00007ff0    00000010                   : BIOS.obj (.text:ti_sysbios_family_arm_lm4_TimestampProvider_rolloverFunc__E)
                  00008000    00000010                   : BIOS.obj (.text:ti_sysbios_family_arm_m3_Hwi_excHandler__I)
                  00008010    00000010                   : m3_TaskSupport_asm.obj (.text:ti_sysbios_family_arm_m3_TaskSupport_glue)
                  00008020    00000010                   : m3_Hwi_asm_switch.obj (.text:ti_sysbios_family_xxx_Hwi_switchToIsrStack)
                  00008030    00000010                   : BIOS.obj (.text:ti_sysbios_gates_GateMutex_Instance_finalize__F)
                  00008040    00000010     main_pem4f.oem4f (.text:ti_sysbios_io_DEV_Object__get__S)
                  00008050    00000010     sysbios.aem4f : BIOS.obj (.text:ti_sysbios_knl_Semaphore_Instance_finalize__F)
                  00008060    00000010                   : BIOS.obj (.text:ti_sysbios_knl_Swi_disable__E)
                  00008070    00000010                   : BIOS.obj (.text:ti_sysbios_knl_Task_disable__E)
                  00008080    00000010     main_pem4f.oem4f (.text:ti_uia_runtime_LoggerStopMode_Object__get__S)
                  00008090    00000010     ti.uia.runtime.aem4f : LoggerStopMode.oem4f (.text:ti_uia_runtime_LoggerStopMode_write0__E)
                  000080a0    00000010     ti.targets.arm.rtsarm.aem4f : Gate.oem4f (.text:xdc_runtime_Gate_leaveSystem__F)
                  000080b0    00000010                                 : Memory.oem4f (.text:xdc_runtime_Memory_free__F)
                  000080c0    00000010                                 : SysMin.oem4f (.text:xdc_runtime_SysMin_ready__F)
                  000080d0    00000010                                 : System.oem4f (.text:xdc_runtime_System_vsnprintf__F)
                  000080e0    00000010     main_pem4f.oem4f (.text:xdc_runtime_Text_visitRope__I)
                  000080f0    0000000e     driverlib.lib : uart.obj (.text:UARTCharGetNonBlocking)
                  000080fe    0000000e                   : uart.obj (.text:UARTCharPutNonBlocking)
                  0000810c    0000000e     rtsv7M4_T_le_v4SPD16_eabi.lib : copy_decompress_none.obj (.text:decompress:none)
                  0000811a    0000000e     sysbios.aem4f : BIOS.obj (.text:ti_sysbios_knl_Queue_empty__E)
                  00008128    0000000e     ti.uia.runtime.aem4f : LoggerStopMode.oem4f (.text:ti_uia_runtime_LoggerStopMode_isEmpty__E)
                  00008136    00000002     --HOLE-- [fill = 0]
                  00008138    0000000c     main_pem4f.oem4f (.text:.bootCodeSection:ti_catalog_arm_cortexm4_tiva_ce_Boot_init__I)
                  00008144    0000000c     sysbios.aem4f : BIOS.obj (.text:ti_sysbios_family_arm_lm4_Timer_masterDisable__I)
                  00008150    0000000c                   : BIOS.obj (.text:ti_sysbios_family_arm_lm4_TimestampProvider_startTimer__E)
                  0000815c    0000000c     main_pem4f.oem4f (.text:ti_sysbios_family_arm_m3_Hwi_Params__init__S)
                  00008168    0000000c     sysbios.aem4f : BIOS.obj (.text:ti_sysbios_family_arm_m3_Hwi_disableFxn__E)
                  00008174    0000000c                   : BIOS.obj (.text:ti_sysbios_family_arm_m3_TaskSupport_checkStack__E)
                  00008180    0000000c                   : m3_Hwi_asm_switch.obj (.text:ti_sysbios_family_xxx_Hwi_switchToTaskStack)
                  0000818c    0000000c                   : BIOS.obj (.text:ti_sysbios_gates_GateHwi_enter__E)
                  00008198    0000000c     main_pem4f.oem4f (.text:ti_sysbios_knl_Queue_Object__get__S)
                  000081a4    0000000c     main_pem4f.oem4f (.text:ti_sysbios_knl_Semaphore_Params__init__S)
                  000081b0    0000000c     sysbios.aem4f : BIOS.obj (.text:ti_sysbios_utils_Load_taskRegHook__E)
                  000081bc    0000000c     ti.targets.arm.rtsarm.aem4f : Error.oem4f (.text:xdc_runtime_Error_init__F)
                  000081c8    0000000c                                 : Gate.oem4f (.text:xdc_runtime_Gate_enterSystem__F)
                  000081d4    0000000c                                 : Memory.oem4f (.text:xdc_runtime_Memory_calloc__F)
                  000081e0    0000000c                                 : Memory.oem4f (.text:xdc_runtime_Memory_getMaxDefaultTypeAlign__F)
                  000081ec    0000000c                                 : System.oem4f (.text:xdc_runtime_System_exit__F)
                  000081f8    0000000c                                 : System.oem4f (.text:xdc_runtime_System_lastFxn__I)
                  00008204    0000000a     driverlib.lib : uart.obj (.text:UARTCharGet)
                  0000820e    0000000a                   : uart.obj (.text:UARTCharPut)
                  00008218    0000000a                   : uart.obj (.text:UARTIntDisable)
                  00008222    0000000a                   : uart.obj (.text:UARTIntStatus)
                  0000822c    0000000a     main_pem4f.oem4f (.text:xdc_runtime_IHeap_alloc)
                  00008236    0000000a     main_pem4f.oem4f (.text:xdc_runtime_IHeap_free)
                  00008240    00000008     driverlib.lib : uart.obj (.text:UARTIntEnable)
                  00008248    00000008     uart_tivaware.aem4f : UARTTiva.oem4f (.text:UARTTiva_init)
                  00008250    00000008                         : UARTTiva.oem4f (.text:readSemCallback)
                  00008258    00000008     sysbios.aem4f : BIOS.obj (.text:ti_sysbios_family_arm_m3_Hwi_doSwiRestore__I)
                  00008260    00000008                   : BIOS.obj (.text:ti_sysbios_family_arm_m3_Hwi_startup__E)
                  00008268    00000008                   : BIOS.obj (.text:ti_sysbios_knl_Idle_loop__E)
                  00008270    00000008     uart_tivaware.aem4f : UARTTiva.oem4f (.text:writeSemCallback)
                  00008278    00000006     driverlib.lib : gpio.obj (.text:GPIOPinWrite)
                  0000827e    00000006                   : uart.obj (.text:UARTFIFOLevelSet)
                  00008284    00000006     ti.targets.arm.rtsarm.aem4f : xdc_noinit.oem4f (.text:__xdc__init)
                  0000828a    00000006     rtsv7M4_T_le_v4SPD16_eabi.lib : copy_decompress_rle.obj (.text:decompress:rle24)
                  00008290    00000006     Boot.aem4f : Boot_sysctl.oem4f (.text:ti_catalog_arm_cortexm4_tiva_ce_Boot_sysCtlDelayI__I)
                  00008296    00000006     sysbios.aem4f : BIOS.obj (.text:ti_sysbios_family_arm_lm4_TimestampProvider_Module_startup__F)
                  0000829c    00000006                   : BIOS.obj (.text:ti_sysbios_family_arm_m3_Hwi_restoreFxn__E)
                  000082a2    00000006                   : BIOS.obj (.text:ti_sysbios_gates_GateHwi_leave__E)
                  000082a8    00000006                   : BIOS.obj (.text:ti_sysbios_heaps_HeapMem_isBlocking__E)
                  000082ae    00000006                   : BIOS.obj (.text:ti_sysbios_knl_Queue_Instance_init__F)
                  000082b4    00000006     ti.uia.runtime.aem4f : LoggerStopMode.oem4f (.text:ti_uia_runtime_LoggerStopMode_getPriority__E)
                  000082ba    00000006                          : LoggerStopMode.oem4f (.text:ti_uia_runtime_LoggerStopMode_getTransferType__F)
                  000082c0    00000006     ti.targets.arm.rtsarm.aem4f : System.oem4f (.text:xdc_runtime_System_Module_startup__F)
                  000082c6    00000004     driverlib.lib : uart.obj (.text:UARTIntClear)
                  000082ca    00000004     main_pem4f.oem4f (.text:ti_sysbios_BIOS_RtsGateProxy_enter__E)
                  000082ce    00000004     main_pem4f.oem4f (.text:ti_sysbios_BIOS_RtsGateProxy_leave__E)
                  000082d2    00000004     sysbios.aem4f : BIOS.obj (.text:ti_sysbios_family_arm_lm4_Timer_getPeriod__E)
                  000082d6    00000004                   : BIOS.obj (.text:ti_sysbios_family_arm_lm4_Timer_masterEnable__I)
                  000082da    00000004     main_pem4f.oem4f (.text:ti_sysbios_family_arm_m3_TaskSupport_Module__startupDone__S)
                  000082de    00000004     sysbios.aem4f : BIOS.obj (.text:ti_sysbios_gates_GateHwi_query__F)
                  000082e2    00000004                   : BIOS.obj (.text:ti_sysbios_gates_GateMutex_query__F)
                  000082e6    00000004     main_pem4f.oem4f (.text:ti_sysbios_hal_Hwi_HwiProxy_Module__startupDone__S)
                  000082ea    00000004     main_pem4f.oem4f (.text:ti_sysbios_hal_Timer_TimerProxy_Module__startupDone__S)
                  000082ee    00000004     main_pem4f.oem4f (.text:ti_sysbios_hal_Timer_TimerProxy_getPeriod__E)
                  000082f2    00000004     main_pem4f.oem4f (.text:ti_sysbios_heaps_HeapMem_Module_GateProxy_enter__E)
                  000082f6    00000004     main_pem4f.oem4f (.text:ti_sysbios_heaps_HeapMem_Module_GateProxy_leave__E)
                  000082fa    00000004     main_pem4f.oem4f (.text:ti_sysbios_knl_Task_SupportProxy_Module__startupDone__S)
                  000082fe    00000004     sysbios.aem4f : BIOS.obj (.text:ti_sysbios_knl_Task_startup__E)
                  00008302    00000004     main_pem4f.oem4f (.text:ti_uia_runtime_LogSync_CpuTimestampProxy_Module__startupDone__S)
                  00008306    00000004     main_pem4f.oem4f (.text:ti_uia_runtime_LogSync_GlobalTimestampProxy_Module__startupDone__S)
                  0000830a    00000004     ti.uia.runtime.aem4f : LoggerStopMode.oem4f (.text:ti_uia_runtime_LoggerStopMode_getInstanceId__E)
                  0000830e    00000004                          : LoggerStopMode.oem4f (.text:ti_uia_runtime_LoggerStopMode_getMaxLength__E)
                  00008312    00000004                          : LoggerStopMode.oem4f (.text:ti_uia_runtime_LoggerStopMode_setPriority__E)
                  00008316    00000004     ti.targets.arm.rtsarm.aem4f : Error.oem4f (.text:xdc_runtime_Error_getSite__F)
                  0000831a    00000004     main_pem4f.oem4f (.text:xdc_runtime_Memory_HeapProxy_alloc__E)
                  0000831e    00000004     main_pem4f.oem4f (.text:xdc_runtime_Memory_HeapProxy_free__E)
                  00008322    00000004     main_pem4f.oem4f (.text:xdc_runtime_System_Module_GateProxy_enter__E)
                  00008326    00000004     main_pem4f.oem4f (.text:xdc_runtime_System_Module_GateProxy_leave__E)
                  0000832a    00000004     ti.targets.arm.rtsarm.aem4f : System.oem4f (.text:xdc_runtime_System_aprintf_va__F)
                  0000832e    00000004                                 : System.oem4f (.text:xdc_runtime_System_printf_va__F)
                  00008332    00000004     main_pem4f.oem4f (.text:xdc_runtime_System_vsnprintf__E)
                  00008336    00000004     main_pem4f.oem4f (.text:xdc_runtime_TimestampNull_Module__startupDone__S)
                  0000833a    00000004     main_pem4f.oem4f (.text:xdc_runtime_Timestamp_Module__startupDone__S)

.const     0    00008340    00002f42     
                  00008340    000023a1     main_pem4f.oem4f (.const:xdc_runtime_Text_charTab__A)
                  0000a6e1    00000001     main_pem4f.oem4f (.const:xdc_runtime_Error_policy__C)
                  0000a6e2    0000013c     main_pem4f.oem4f (.const:xdc_runtime_Text_nodeTab__A)
                  0000a81e    00000102     rtsv7M4_T_le_v4SPD16_eabi.lib : ctype.obj (.const:.string:_ctypes_)
                  0000a920    000000d8     main_pem4f.oem4f (.const:ti_sysbios_family_arm_m3_Hwi_priorities__A)
                  0000a9f8    00000090     driverlib.lib : gpio.obj (.const:g_pui32GPIOBaseAddrs)
                  0000aa88    0000006c     EK_LM4F120XL.obj (.const:UART_config)
                  0000aaf4    00000060     main_pem4f.oem4f (.const:ti_uia_runtime_LoggerStopMode_Module__FXNS__C)
                  0000ab54    00000048     main_pem4f.oem4f (.const:.string)
                  0000ab9c    00000040     EK_LM4F120XL.obj (.const:uartTivaHWAttrs)
                  0000abdc    0000003c     EK_LM4F120XL.obj (.const:gpioHWAttrs)
                  0000ac18    00000034     main_pem4f.oem4f (.const:xdc_runtime_Startup_sfxnTab__A)
                  0000ac4c    00000030     main_pem4f.oem4f (.const:ti_sysbios_family_arm_m3_Hwi_Object__PARAMS__C)
                  0000ac7c    00000030     main_pem4f.oem4f (.const:ti_sysbios_knl_Task_hooks__A)
                  0000acac    00000030     main_pem4f.oem4f (.const:ti_uia_runtime_LoggerStopMode_Object__PARAMS__C)
                  0000acdc    00000028     main_pem4f.oem4f (.const:ti_sysbios_heaps_HeapMem_Module__FXNS__C)
                  0000ad04    00000024     uart_tivaware.aem4f : UARTTiva.oem4f (.const:UARTTiva_fxnTable)
                  0000ad28    00000024     main_pem4f.oem4f (.const:ti_sysbios_gates_GateHwi_Module__FXNS__C)
                  0000ad4c    00000024     main_pem4f.oem4f (.const:ti_sysbios_gates_GateMutex_Module__FXNS__C)
                  0000ad70    00000024     main_pem4f.oem4f (.const:ti_sysbios_heaps_HeapMem_Object__PARAMS__C)
                  0000ad94    00000024     main_pem4f.oem4f (.const:ti_sysbios_knl_Semaphore_Object__PARAMS__C)
                  0000adb8    00000020     main_pem4f.oem4f (.const:ti_sysbios_family_arm_m3_Hwi_Object__DESC__C)
                  0000add8    00000020     main_pem4f.oem4f (.const:ti_sysbios_gates_GateHwi_Object__DESC__C)
                  0000adf8    00000020     main_pem4f.oem4f (.const:ti_sysbios_gates_GateMutex_Object__DESC__C)
                  0000ae18    00000020     main_pem4f.oem4f (.const:ti_sysbios_heaps_HeapMem_Object__DESC__C)
                  0000ae38    00000020     main_pem4f.oem4f (.const:ti_sysbios_knl_Queue_Object__DESC__C)
                  0000ae58    00000020     main_pem4f.oem4f (.const:ti_sysbios_knl_Semaphore_Object__DESC__C)
                  0000ae78    00000020     main_pem4f.oem4f (.const:ti_uia_runtime_LoggerStopMode_Object__DESC__C)
                  0000ae98    00000020     uart_tivaware.aem4f : UART.oem4f (.const)
                  0000aeb8    0000001a     main_pem4f.oem4f (.const:xdc_runtime_Startup_sfxnRts__A)
                  0000aed2    00000002     main_pem4f.oem4f (.const:ti_catalog_arm_cortexm4_tiva_ce_Boot_Module__id__C)
                  0000aed4    00000018     EK_LM4F120XL.obj (.const)
                  0000aeec    00000018     main_pem4f.oem4f (.const:ti_sysbios_gates_GateHwi_Object__PARAMS__C)
                  0000af04    00000018     main_pem4f.oem4f (.const:ti_sysbios_gates_GateMutex_Object__PARAMS__C)
                  0000af1c    00000018     main_pem4f.oem4f (.const:ti_sysbios_knl_Queue_Object__PARAMS__C)
                  0000af34    00000014     main_pem4f.oem4f (.const:xdc_runtime_Startup_firstFxns__A)
                  0000af48    00000011     ti.targets.arm.rtsarm.aem4f : System.oem4f (.const)
                  0000af59    00000001     --HOLE-- [fill = 0]
                  0000af5a    00000002     main_pem4f.oem4f (.const:ti_sysbios_BIOS_Module__id__C)
                  0000af5c    00000008     main_pem4f.oem4f (.const:ti_sysbios_family_arm_m3_Hwi_excHookFuncs__A)
                  0000af64    00000008     main_pem4f.oem4f (.const:ti_sysbios_knl_Idle_coreList__A)
                  0000af6c    00000008     main_pem4f.oem4f (.const:ti_sysbios_knl_Idle_coreList__C)
                  0000af74    00000008     main_pem4f.oem4f (.const:ti_sysbios_knl_Idle_funcList__A)
                  0000af7c    00000008     main_pem4f.oem4f (.const:ti_sysbios_knl_Idle_funcList__C)
                  0000af84    00000008     main_pem4f.oem4f (.const:ti_sysbios_knl_Task_hooks__C)
                  0000af8c    00000008     main_pem4f.oem4f (.const:xdc_runtime_Startup_firstFxns__C)
                  0000af94    00000008     main_pem4f.oem4f (.const:xdc_runtime_Startup_lastFxns__A)
                  0000af9c    00000008     main_pem4f.oem4f (.const:xdc_runtime_Startup_lastFxns__C)
                  0000afa4    00000004     main_pem4f.oem4f (.const:ti_catalog_arm_cortexm4_tiva_ce_Boot_A_mustUseEnhancedClockMode__C)
                  0000afa8    00000004     main_pem4f.oem4f (.const:ti_catalog_arm_cortexm4_tiva_ce_Boot_Module__diagsEnabled__C)
                  0000afac    00000004     main_pem4f.oem4f (.const:ti_catalog_arm_cortexm4_tiva_ce_Boot_Module__diagsIncluded__C)
                  0000afb0    00000004     main_pem4f.oem4f (.const:ti_catalog_arm_cortexm4_tiva_ce_Boot_Module__diagsMask__C)
                  0000afb4    00000004     main_pem4f.oem4f (.const:ti_sysbios_BIOS_Module__diagsEnabled__C)
                  0000afb8    00000004     main_pem4f.oem4f (.const:ti_sysbios_BIOS_Module__diagsIncluded__C)
                  0000afbc    00000004     main_pem4f.oem4f (.const:ti_sysbios_BIOS_Module__diagsMask__C)
                  0000afc0    00000004     main_pem4f.oem4f (.const:ti_sysbios_BIOS_installedErrorHook__C)
                  0000afc4    00000004     main_pem4f.oem4f (.const:ti_sysbios_family_arm_lm4_Timer_enableFunc__C)
                  0000afc8    00000004     main_pem4f.oem4f (.const:ti_sysbios_family_arm_lm4_Timer_numTimerDevices__C)
                  0000afcc    00000004     main_pem4f.oem4f (.const:ti_sysbios_family_arm_lm4_Timer_startupNeeded__C)
                  0000afd0    00000004     main_pem4f.oem4f (.const:ti_sysbios_family_arm_m3_Hwi_E_NMI__C)
                  0000afd4    00000004     main_pem4f.oem4f (.const:ti_sysbios_family_arm_m3_Hwi_E_alreadyDefined__C)
                  0000afd8    00000004     main_pem4f.oem4f (.const:ti_sysbios_family_arm_m3_Hwi_E_busFault__C)
                  0000afdc    00000004     main_pem4f.oem4f (.const:ti_sysbios_family_arm_m3_Hwi_E_debugMon__C)
                  0000afe0    00000004     main_pem4f.oem4f (.const:ti_sysbios_family_arm_m3_Hwi_E_hardFault__C)
                  0000afe4    00000004     main_pem4f.oem4f (.const:ti_sysbios_family_arm_m3_Hwi_E_memFault__C)
                  0000afe8    00000004     main_pem4f.oem4f (.const:ti_sysbios_family_arm_m3_Hwi_E_noIsr__C)
                  0000afec    00000004     main_pem4f.oem4f (.const:ti_sysbios_family_arm_m3_Hwi_E_reserved__C)
                  0000aff0    00000004     main_pem4f.oem4f (.const:ti_sysbios_family_arm_m3_Hwi_E_svCall__C)
                  0000aff4    00000004     main_pem4f.oem4f (.const:ti_sysbios_family_arm_m3_Hwi_E_usageFault__C)
                  0000aff8    00000004     main_pem4f.oem4f (.const:ti_sysbios_family_arm_m3_Hwi_LD_end__C)
                  0000affc    00000004     main_pem4f.oem4f (.const:ti_sysbios_family_arm_m3_Hwi_LM_begin__C)
                  0000b000    00000004     main_pem4f.oem4f (.const:ti_sysbios_family_arm_m3_Hwi_Module__diagsEnabled__C)
                  0000b004    00000004     main_pem4f.oem4f (.const:ti_sysbios_family_arm_m3_Hwi_Module__diagsIncluded__C)
                  0000b008    00000004     main_pem4f.oem4f (.const:ti_sysbios_family_arm_m3_Hwi_Module__diagsMask__C)
                  0000b00c    00000004     main_pem4f.oem4f (.const:ti_sysbios_family_arm_m3_Hwi_Module__loggerFxn1__C)
                  0000b010    00000004     main_pem4f.oem4f (.const:ti_sysbios_family_arm_m3_Hwi_Module__loggerFxn8__C)
                  0000b014    00000004     main_pem4f.oem4f (.const:ti_sysbios_family_arm_m3_Hwi_Module__loggerObj__C)
                  0000b018    00000004     main_pem4f.oem4f (.const:ti_sysbios_family_arm_m3_Hwi_NUM_INTERRUPTS__C)
                  0000b01c    00000004     main_pem4f.oem4f (.const:ti_sysbios_family_arm_m3_Hwi_ccr__C)
                  0000b020    00000004     main_pem4f.oem4f (.const:ti_sysbios_family_arm_m3_Hwi_dispatchTable__C)
                  0000b024    00000004     main_pem4f.oem4f (.const:ti_sysbios_family_arm_m3_Hwi_excHandlerFunc__C)
                  0000b028    00000004     main_pem4f.oem4f (.const:ti_sysbios_family_arm_m3_Hwi_excHookFuncs__C)
                  0000b02c    00000004     main_pem4f.oem4f (.const:ti_sysbios_family_arm_m3_Hwi_priGroup__C)
                  0000b030    00000004     main_pem4f.oem4f (.const:ti_sysbios_family_arm_m3_Hwi_priorities__C)
                  0000b034    00000004     main_pem4f.oem4f (.const:ti_sysbios_gates_GateMutex_A_badContext__C)
                  0000b038    00000004     main_pem4f.oem4f (.const:ti_sysbios_gates_GateMutex_Instance_State_sem__O)
                  0000b03c    00000004     main_pem4f.oem4f (.const:ti_sysbios_gates_GateMutex_Module__diagsEnabled__C)
                  0000b040    00000004     main_pem4f.oem4f (.const:ti_sysbios_gates_GateMutex_Module__diagsIncluded__C)
                  0000b044    00000004     main_pem4f.oem4f (.const:ti_sysbios_gates_GateMutex_Module__diagsMask__C)
                  0000b048    00000004     main_pem4f.oem4f (.const:ti_sysbios_hal_Hwi_E_stackOverflow__C)
                  0000b04c    00000004     main_pem4f.oem4f (.const:ti_sysbios_heaps_HeapMem_A_align__C)
                  0000b050    00000004     main_pem4f.oem4f (.const:ti_sysbios_heaps_HeapMem_A_heapSize__C)
                  0000b054    00000004     main_pem4f.oem4f (.const:ti_sysbios_heaps_HeapMem_A_invalidFree__C)
                  0000b058    00000004     main_pem4f.oem4f (.const:ti_sysbios_heaps_HeapMem_A_zeroBlock__C)
                  0000b05c    00000004     main_pem4f.oem4f (.const:ti_sysbios_heaps_HeapMem_E_memory__C)
                  0000b060    00000004     main_pem4f.oem4f (.const:ti_sysbios_heaps_HeapMem_Module__diagsEnabled__C)
                  0000b064    00000004     main_pem4f.oem4f (.const:ti_sysbios_heaps_HeapMem_Module__diagsIncluded__C)
                  0000b068    00000004     main_pem4f.oem4f (.const:ti_sysbios_heaps_HeapMem_Module__diagsMask__C)
                  0000b06c    00000004     main_pem4f.oem4f (.const:ti_sysbios_heaps_HeapMem_Module__gateObj__C)
                  0000b070    00000004     main_pem4f.oem4f (.const:ti_sysbios_heaps_HeapMem_Object__count__C)
                  0000b074    00000004     main_pem4f.oem4f (.const:ti_sysbios_heaps_HeapMem_reqAlign__C)
                  0000b078    00000004     main_pem4f.oem4f (.const:ti_sysbios_io_DEV_Object__count__C)
                  0000b07c    00000004     main_pem4f.oem4f (.const:ti_sysbios_io_DEV_tableSize__C)
                  0000b080    00000004     main_pem4f.oem4f (.const:ti_sysbios_knl_Clock_LM_begin__C)
                  0000b084    00000004     main_pem4f.oem4f (.const:ti_sysbios_knl_Clock_LM_tick__C)
                  0000b088    00000004     main_pem4f.oem4f (.const:ti_sysbios_knl_Clock_LW_delayed__C)
                  0000b08c    00000004     main_pem4f.oem4f (.const:ti_sysbios_knl_Clock_Module_State_clockQ__O)
                  0000b090    00000004     main_pem4f.oem4f (.const:ti_sysbios_knl_Clock_Module__diagsEnabled__C)
                  0000b094    00000004     main_pem4f.oem4f (.const:ti_sysbios_knl_Clock_Module__diagsIncluded__C)
                  0000b098    00000004     main_pem4f.oem4f (.const:ti_sysbios_knl_Clock_Module__diagsMask__C)
                  0000b09c    00000004     main_pem4f.oem4f (.const:ti_sysbios_knl_Clock_Module__loggerFxn1__C)
                  0000b0a0    00000004     main_pem4f.oem4f (.const:ti_sysbios_knl_Clock_Module__loggerFxn2__C)
                  0000b0a4    00000004     main_pem4f.oem4f (.const:ti_sysbios_knl_Clock_Module__loggerObj__C)
                  0000b0a8    00000004     main_pem4f.oem4f (.const:ti_sysbios_knl_Semaphore_A_badContext__C)
                  0000b0ac    00000004     main_pem4f.oem4f (.const:ti_sysbios_knl_Semaphore_A_noEvents__C)
                  0000b0b0    00000004     main_pem4f.oem4f (.const:ti_sysbios_knl_Semaphore_A_overflow__C)
                  0000b0b4    00000004     main_pem4f.oem4f (.const:ti_sysbios_knl_Semaphore_A_pendTaskDisabled__C)
                  0000b0b8    00000004     main_pem4f.oem4f (.const:ti_sysbios_knl_Semaphore_Instance_State_pendQ__O)
                  0000b0bc    00000004     main_pem4f.oem4f (.const:ti_sysbios_knl_Semaphore_LM_pend__C)
                  0000b0c0    00000004     main_pem4f.oem4f (.const:ti_sysbios_knl_Semaphore_LM_post__C)
                  0000b0c4    00000004     main_pem4f.oem4f (.const:ti_sysbios_knl_Semaphore_Module__diagsEnabled__C)
                  0000b0c8    00000004     main_pem4f.oem4f (.const:ti_sysbios_knl_Semaphore_Module__diagsIncluded__C)
                  0000b0cc    00000004     main_pem4f.oem4f (.const:ti_sysbios_knl_Semaphore_Module__diagsMask__C)
                  0000b0d0    00000004     main_pem4f.oem4f (.const:ti_sysbios_knl_Semaphore_Module__loggerFxn2__C)
                  0000b0d4    00000004     main_pem4f.oem4f (.const:ti_sysbios_knl_Semaphore_Module__loggerFxn4__C)
                  0000b0d8    00000004     main_pem4f.oem4f (.const:ti_sysbios_knl_Semaphore_Module__loggerObj__C)
                  0000b0dc    00000004     main_pem4f.oem4f (.const:ti_sysbios_knl_Swi_LD_end__C)
                  0000b0e0    00000004     main_pem4f.oem4f (.const:ti_sysbios_knl_Swi_LM_begin__C)
                  0000b0e4    00000004     main_pem4f.oem4f (.const:ti_sysbios_knl_Swi_LM_post__C)
                  0000b0e8    00000004     main_pem4f.oem4f (.const:ti_sysbios_knl_Swi_Module__diagsEnabled__C)
                  0000b0ec    00000004     main_pem4f.oem4f (.const:ti_sysbios_knl_Swi_Module__diagsIncluded__C)
                  0000b0f0    00000004     main_pem4f.oem4f (.const:ti_sysbios_knl_Swi_Module__diagsMask__C)
                  0000b0f4    00000004     main_pem4f.oem4f (.const:ti_sysbios_knl_Swi_Module__loggerFxn1__C)
                  0000b0f8    00000004     main_pem4f.oem4f (.const:ti_sysbios_knl_Swi_Module__loggerFxn4__C)
                  0000b0fc    00000004     main_pem4f.oem4f (.const:ti_sysbios_knl_Swi_Module__loggerObj__C)
                  0000b100    00000004     main_pem4f.oem4f (.const:ti_sysbios_knl_Swi_Object__count__C)
                  0000b104    00000004     main_pem4f.oem4f (.const:ti_sysbios_knl_Task_E_spOutOfBounds__C)
                  0000b108    00000004     main_pem4f.oem4f (.const:ti_sysbios_knl_Task_E_stackOverflow__C)
                  0000b10c    00000004     main_pem4f.oem4f (.const:ti_sysbios_knl_Task_LD_block__C)
                  0000b110    00000004     main_pem4f.oem4f (.const:ti_sysbios_knl_Task_LD_exit__C)
                  0000b114    00000004     main_pem4f.oem4f (.const:ti_sysbios_knl_Task_LD_ready__C)
                  0000b118    00000004     main_pem4f.oem4f (.const:ti_sysbios_knl_Task_LM_switch__C)
                  0000b11c    00000004     main_pem4f.oem4f (.const:ti_sysbios_knl_Task_Module_State_inactiveQ__O)
                  0000b120    00000004     main_pem4f.oem4f (.const:ti_sysbios_knl_Task_Module__diagsEnabled__C)
                  0000b124    00000004     main_pem4f.oem4f (.const:ti_sysbios_knl_Task_Module__diagsIncluded__C)
                  0000b128    00000004     main_pem4f.oem4f (.const:ti_sysbios_knl_Task_Module__diagsMask__C)
                  0000b12c    00000004     main_pem4f.oem4f (.const:ti_sysbios_knl_Task_Module__loggerFxn2__C)
                  0000b130    00000004     main_pem4f.oem4f (.const:ti_sysbios_knl_Task_Module__loggerFxn4__C)
                  0000b134    00000004     main_pem4f.oem4f (.const:ti_sysbios_knl_Task_Module__loggerObj__C)
                  0000b138    00000004     main_pem4f.oem4f (.const:ti_sysbios_knl_Task_Object__count__C)
                  0000b13c    00000004     main_pem4f.oem4f (.const:ti_sysbios_knl_Task_Object__heap__C)
                  0000b140    00000004     main_pem4f.oem4f (.const:ti_sysbios_knl_Task_allBlockedFunc__C)
                  0000b144    00000004     main_pem4f.oem4f (.const:ti_sysbios_knl_Task_numConstructedTasks__C)
                  0000b148    00000004     main_pem4f.oem4f (.const:ti_sysbios_utils_Load_LS_cpuLoad__C)
                  0000b14c    00000004     main_pem4f.oem4f (.const:ti_sysbios_utils_Load_LS_hwiLoad__C)
                  0000b150    00000004     main_pem4f.oem4f (.const:ti_sysbios_utils_Load_LS_taskLoad__C)
                  0000b154    00000004     main_pem4f.oem4f (.const:ti_sysbios_utils_Load_Module_State_taskList__O)
                  0000b158    00000004     main_pem4f.oem4f (.const:ti_sysbios_utils_Load_Module__diagsEnabled__C)
                  0000b15c    00000004     main_pem4f.oem4f (.const:ti_sysbios_utils_Load_Module__diagsIncluded__C)
                  0000b160    00000004     main_pem4f.oem4f (.const:ti_sysbios_utils_Load_Module__diagsMask__C)
                  0000b164    00000004     main_pem4f.oem4f (.const:ti_sysbios_utils_Load_Module__loggerFxn1__C)
                  0000b168    00000004     main_pem4f.oem4f (.const:ti_sysbios_utils_Load_Module__loggerFxn2__C)
                  0000b16c    00000004     main_pem4f.oem4f (.const:ti_sysbios_utils_Load_Module__loggerFxn4__C)
                  0000b170    00000004     main_pem4f.oem4f (.const:ti_sysbios_utils_Load_Module__loggerObj__C)
                  0000b174    00000004     main_pem4f.oem4f (.const:ti_sysbios_utils_Load_postUpdate__C)
                  0000b178    00000004     main_pem4f.oem4f (.const:ti_sysbios_utils_Load_windowInMs__C)
                  0000b17c    00000004     main_pem4f.oem4f (.const:ti_uia_runtime_ILoggerSnapshot_Interface__BASE__C)
                  0000b180    00000004     main_pem4f.oem4f (.const:ti_uia_runtime_IUIATransfer_Interface__BASE__C)
                  0000b184    00000004     main_pem4f.oem4f (.const:ti_uia_runtime_LoggerStopMode_E_badLevel__C)
                  0000b188    00000004     main_pem4f.oem4f (.const:ti_uia_runtime_LoggerStopMode_Object__count__C)
                  0000b18c    00000004     main_pem4f.oem4f (.const:ti_uia_runtime_LoggerStopMode_overflowLogger__C)
                  0000b190    00000004     main_pem4f.oem4f (.const:ti_uia_runtime_LoggerStopMode_statusLogger__C)
                  0000b194    00000004     main_pem4f.oem4f (.const:xdc_runtime_Assert_E_assertFailed__C)
                  0000b198    00000004     main_pem4f.oem4f (.const:xdc_runtime_Core_A_initializedParams__C)
                  0000b19c    00000004     main_pem4f.oem4f (.const:xdc_runtime_Core_Module__diagsEnabled__C)
                  0000b1a0    00000004     main_pem4f.oem4f (.const:xdc_runtime_Core_Module__diagsIncluded__C)
                  0000b1a4    00000004     main_pem4f.oem4f (.const:xdc_runtime_Core_Module__diagsMask__C)
                  0000b1a8    00000004     main_pem4f.oem4f (.const:xdc_runtime_Error_E_generic__C)
                  0000b1ac    00000004     main_pem4f.oem4f (.const:xdc_runtime_Error_E_memory__C)
                  0000b1b0    00000004     main_pem4f.oem4f (.const:xdc_runtime_Error_Module__diagsEnabled__C)
                  0000b1b4    00000004     main_pem4f.oem4f (.const:xdc_runtime_Error_Module__diagsIncluded__C)
                  0000b1b8    00000004     main_pem4f.oem4f (.const:xdc_runtime_Error_Module__diagsMask__C)
                  0000b1bc    00000004     main_pem4f.oem4f (.const:xdc_runtime_Error_Module__loggerFxn8__C)
                  0000b1c0    00000004     main_pem4f.oem4f (.const:xdc_runtime_Error_Module__loggerObj__C)
                  0000b1c4    00000004     main_pem4f.oem4f (.const:xdc_runtime_Error_raiseHook__C)
                  0000b1c8    00000004     main_pem4f.oem4f (.const:xdc_runtime_IFilterLogger_Interface__BASE__C)
                  0000b1cc    00000004     main_pem4f.oem4f (.const:xdc_runtime_IGateProvider_Interface__BASE__C)
                  0000b1d0    00000004     main_pem4f.oem4f (.const:xdc_runtime_IHeap_Interface__BASE__C)
                  0000b1d4    00000004     main_pem4f.oem4f (.const:xdc_runtime_ILogger_Interface__BASE__C)
                  0000b1d8    00000004     main_pem4f.oem4f (.const:xdc_runtime_IModule_Interface__BASE__C)
                  0000b1dc    00000004     main_pem4f.oem4f (.const:xdc_runtime_Log_L_error__C)
                  0000b1e0    00000004     main_pem4f.oem4f (.const:xdc_runtime_Log_L_warning__C)
                  0000b1e4    00000004     main_pem4f.oem4f (.const:xdc_runtime_Main_Module__diagsEnabled__C)
                  0000b1e8    00000004     main_pem4f.oem4f (.const:xdc_runtime_Main_Module__diagsIncluded__C)
                  0000b1ec    00000004     main_pem4f.oem4f (.const:xdc_runtime_Main_Module__diagsMask__C)
                  0000b1f0    00000004     main_pem4f.oem4f (.const:xdc_runtime_Main_Module__loggerFxn2__C)
                  0000b1f4    00000004     main_pem4f.oem4f (.const:xdc_runtime_Main_Module__loggerFxn4__C)
                  0000b1f8    00000004     main_pem4f.oem4f (.const:xdc_runtime_Main_Module__loggerObj__C)
                  0000b1fc    00000004     main_pem4f.oem4f (.const:xdc_runtime_Memory_defaultHeapInstance__C)
                  0000b200    00000004     main_pem4f.oem4f (.const:xdc_runtime_Startup_execImpl__C)
                  0000b204    00000004     main_pem4f.oem4f (.const:xdc_runtime_Startup_maxPasses__C)
                  0000b208    00000004     main_pem4f.oem4f (.const:xdc_runtime_Startup_sfxnRts__C)
                  0000b20c    00000004     main_pem4f.oem4f (.const:xdc_runtime_Startup_sfxnTab__C)
                  0000b210    00000004     main_pem4f.oem4f (.const:xdc_runtime_SysMin_bufSize__C)
                  0000b214    00000004     main_pem4f.oem4f (.const:xdc_runtime_SysMin_outputFunc__C)
                  0000b218    00000004     main_pem4f.oem4f (.const:xdc_runtime_System_Module__gateObj__C)
                  0000b21c    00000004     main_pem4f.oem4f (.const:xdc_runtime_System_extendFxn__C)
                  0000b220    00000004     main_pem4f.oem4f (.const:xdc_runtime_System_maxAtexitHandlers__C)
                  0000b224    00000004     main_pem4f.oem4f (.const:xdc_runtime_Text_charTab__C)
                  0000b228    00000004     main_pem4f.oem4f (.const:xdc_runtime_Text_nameEmpty__C)
                  0000b22c    00000004     main_pem4f.oem4f (.const:xdc_runtime_Text_nameStatic__C)
                  0000b230    00000004     main_pem4f.oem4f (.const:xdc_runtime_Text_nameUnknown__C)
                  0000b234    00000004     main_pem4f.oem4f (.const:xdc_runtime_Text_nodeTab__C)
                  0000b238    00000004     main_pem4f.oem4f (.const:xdc_runtime_Text_visitRopeFxn__C)
                  0000b23c    00000002     main_pem4f.oem4f (.const:ti_sysbios_family_arm_lm4_TimestampProvider_useClockTimer__C)
                  0000b23e    00000002     main_pem4f.oem4f (.const:ti_sysbios_family_arm_m3_Hwi_Module__id__C)
                  0000b240    00000002     main_pem4f.oem4f (.const:ti_sysbios_family_arm_m3_Hwi_Module__loggerDefined__C)
                  0000b242    00000002     main_pem4f.oem4f (.const:ti_sysbios_gates_GateMutex_Module__id__C)
                  0000b244    00000002     main_pem4f.oem4f (.const:ti_sysbios_hal_Hwi_Module__id__C)
                  0000b246    00000002     main_pem4f.oem4f (.const:ti_sysbios_heaps_HeapMem_Module__id__C)
                  0000b248    00000002     main_pem4f.oem4f (.const:ti_sysbios_io_DEV_Module__id__C)
                  0000b24a    00000002     main_pem4f.oem4f (.const:ti_sysbios_knl_Clock_Module__id__C)
                  0000b24c    00000002     main_pem4f.oem4f (.const:ti_sysbios_knl_Clock_Module__loggerDefined__C)
                  0000b24e    00000002     main_pem4f.oem4f (.const:ti_sysbios_knl_Semaphore_Module__id__C)
                  0000b250    00000002     main_pem4f.oem4f (.const:ti_sysbios_knl_Semaphore_Module__loggerDefined__C)
                  0000b252    00000002     main_pem4f.oem4f (.const:ti_sysbios_knl_Swi_Module__id__C)
                  0000b254    00000002     main_pem4f.oem4f (.const:ti_sysbios_knl_Swi_Module__loggerDefined__C)
                  0000b256    00000002     main_pem4f.oem4f (.const:ti_sysbios_knl_Task_Module__id__C)
                  0000b258    00000002     main_pem4f.oem4f (.const:ti_sysbios_knl_Task_Module__loggerDefined__C)
                  0000b25a    00000002     main_pem4f.oem4f (.const:ti_sysbios_knl_Task_initStackFlag__C)
                  0000b25c    00000002     main_pem4f.oem4f (.const:ti_sysbios_utils_Load_Module__id__C)
                  0000b25e    00000002     main_pem4f.oem4f (.const:ti_sysbios_utils_Load_Module__loggerDefined__C)
                  0000b260    00000002     main_pem4f.oem4f (.const:ti_sysbios_utils_Load_autoAddTasks__C)
                  0000b262    00000002     main_pem4f.oem4f (.const:ti_sysbios_utils_Load_hwiEnabled__C)
                  0000b264    00000002     main_pem4f.oem4f (.const:ti_sysbios_utils_Load_updateInIdle__C)
                  0000b266    00000002     main_pem4f.oem4f (.const:ti_uia_runtime_LoggerStopMode_Module__id__C)
                  0000b268    00000002     main_pem4f.oem4f (.const:ti_uia_runtime_LoggerStopMode_filterByLevel__C)
                  0000b26a    00000002     main_pem4f.oem4f (.const:ti_uia_runtime_LoggerStopMode_isTimestampEnabled__C)
                  0000b26c    00000002     main_pem4f.oem4f (.const:xdc_runtime_Core_Module__id__C)
                  0000b26e    00000002     main_pem4f.oem4f (.const:xdc_runtime_Error_Module__loggerDefined__C)
                  0000b270    00000002     main_pem4f.oem4f (.const:xdc_runtime_Error_maxDepth__C)
                  0000b272    00000002     main_pem4f.oem4f (.const:xdc_runtime_Main_Module__id__C)
                  0000b274    00000002     main_pem4f.oem4f (.const:xdc_runtime_Main_Module__loggerDefined__C)
                  0000b276    00000002     main_pem4f.oem4f (.const:xdc_runtime_Memory_Module__id__C)
                  0000b278    00000002     main_pem4f.oem4f (.const:xdc_runtime_SysMin_flushAtExit__C)
                  0000b27a    00000002     main_pem4f.oem4f (.const:xdc_runtime_Text_charCnt__C)
                  0000b27c    00000002     main_pem4f.oem4f (.const:xdc_runtime_Text_isLoaded__C)
                  0000b27e    00000002     main_pem4f.oem4f (.const:xdc_runtime_Text_registryModsLastId__C)
                  0000b280    00000002     main_pem4f.oem4f (.const:xdc_runtime_Text_unnamedModsLastId__C)

.cinit     0    0000b288    000005a0     
                  0000b288    00000567     (.cinit..data.load) [load image, compression = rle]
                  0000b7ef    00000001     --HOLE-- [fill = 0]
                  0000b7f0    0000000c     (__TI_handler_table)
                  0000b7fc    00000004     --HOLE-- [fill = 0]
                  0000b800    00000008     (.cinit..bss.load) [load image, compression = zero_init]
                  0000b808    00000008     (.cinit..vecs.load) [load image, compression = zero_init]
                  0000b810    00000018     (__TI_cinit_table)

.vecs      0    20000000    00000360     UNINITIALIZED
                  20000000    00000360     main_pem4f.oem4f (.vecs)

.bss       0    20000360    000034f8     UNINITIALIZED
                  20000360    00001000     main_pem4f.oem4f (.bss:taskStackSection)
                  20001360    00001000     main_pem4f.oem4f (.bss:ti_sysbios_heaps_HeapMem_Instance_State_0_buf__A)
                  20002360    00000480     main_pem4f.oem4f (.bss:ti_uia_runtime_LoggerStopMode_Instance_State_1_bufferArray__A)
                  200027e0    00000480     main_pem4f.oem4f (.bss:ti_uia_runtime_LoggerStopMode_Instance_State_2_bufferArray__A)
                  20002c60    00000440     EK_LM4F120XL.obj (.bss:uartTivaObjects)
                  200030a0    00000400     main_pem4f.oem4f (.bss:xdc_runtime_SysMin_Module_State_0_outbuf__A)
                  200034a0    00000280     main_pem4f.oem4f (.bss:ti_uia_runtime_LoggerStopMode_Instance_State_0_bufferArray__A)
                  20003720    00000120     rtsv7M4_T_le_v4SPD16_eabi.lib : trgmsg.obj (.bss:__CIOBUF_)
                  20003840    00000008     (.common:parmbuf)
                  20003848    00000008     (.common:ti_sysbios_knl_Task_Instance_State_0_hookEnv__A)
                  20003850    00000008     (.common:ti_sysbios_knl_Task_Instance_State_1_hookEnv__A)

.stack     0    20003858    00001000     UNINITIALIZED
                  20003858    00001000     --HOLE--

.data      0    20004858    00000b00     UNINITIALIZED
                  20004858    00000360     main_pem4f.oem4f (.data:ti_sysbios_family_arm_m3_Hwi_Module_State_0_dispatchTable__A)
                  20004bb8    000001fc     main_pem4f.oem4f (.data)
                  20004db4    00000108     main_pem4f.oem4f (.data:ti_uia_runtime_LoggerStopMode_Object__table__V)
                  20004ebc    000000a0     main_pem4f.oem4f (.data:ti_sysbios_knl_Task_Object__table__V)
                  20004f5c    00000098     main_pem4f.oem4f (.data:ti_sysbios_utils_Load_Module__state__V)
                  20004ff4    00000080     main_pem4f.oem4f (.data:ti_sysbios_knl_Swi_Module_State_0_readyQ__A)
                  20005074    00000080     main_pem4f.oem4f (.data:ti_sysbios_knl_Task_Module_State_0_readyQ__A)
                  200050f4    00000070     main_pem4f.oem4f (.data:ti_sysbios_family_arm_lm4_Timer_Object__table__V)
                  20005164    0000005c     main_pem4f.oem4f (.data:ti_sysbios_family_arm_m3_Hwi_Module__state__V)
                  200051c0    00000044     main_pem4f.oem4f (.data:ti_sysbios_knl_Task_Module__state__V)
                  20005204    00000038     main_pem4f.oem4f (.data:ti_sysbios_gates_GateMutex_Object__table__V)
                  2000523c    00000038     main_pem4f.oem4f (.data:ti_sysbios_utils_Load_Module_State_0_taskEnv__A)
                  20005274    00000030     main_pem4f.oem4f (.data:ti_sysbios_family_arm_lm4_Timer_Module_State_0_device__A)
                  200052a4    00000030     main_pem4f.oem4f (.data:ti_sysbios_family_arm_m3_Hwi_Object__table__V)
                  200052d4    00000030     main_pem4f.oem4f (.data:ti_sysbios_knl_Swi_Object__table__V)
                  20005304    00000028     main_pem4f.oem4f (.data:ti_sysbios_knl_Clock_Module__state__V)
                  2000532c    00000008     gpio_tivaware.aem4f : GPIO.oem4f (.data)
                  20005334    00000008     rtsv7M4_T_le_v4SPD16_eabi.lib : _lock.obj (.data)
                  2000533c    00000008                                   : exit.obj (.data)
                  20005344    00000008     ti.uia.runtime.aem4f : QueueDescriptor.oem4f (.data)
                  2000534c    00000004     rtsv7M4_T_le_v4SPD16_eabi.lib : dtor_list.obj (.data)
                  20005350    00000004                                   : stkdepth_vars.obj (.data)
                  20005354    00000004     uart_tivaware.aem4f : UART.oem4f (.data)


LINKER GENERATED COPY TABLES

__TI_cinit_table @ 0000b810 records: 3, size/record: 8, table size: 24
	.data: load addr=0000b288, load size=00000567 bytes, run addr=20004858, run size=00000b00 bytes, compression=rle
	.bss: load addr=0000b800, load size=00000008 bytes, run addr=20000360, run size=000034f8 bytes, compression=zero_init
	.vecs: load addr=0000b808, load size=00000008 bytes, run addr=20000000, run size=00000360 bytes, compression=zero_init


LINKER GENERATED HANDLER TABLE

__TI_handler_table @ 0000b7f0 records: 3, size/record: 4, table size: 12
	index: 0, handler: __TI_zero_init
	index: 1, handler: __TI_decompress_rle24
	index: 2, handler: __TI_decompress_none


GLOBAL SYMBOLS: SORTED ALPHABETICALLY BY Name 

address    name
--------   ----
00006d5d   C$$EXIT
00006547   C$$IO$$
00005b1d   EK_LM4F120XL_initGPIO
00007001   EK_LM4F120XL_initGeneral
00003e75   EK_LM4F120XL_initUART
00007801   GPIODirModeSet
00003891   GPIOPadConfigSet
00006ad9   GPIOPinConfigure
00007f21   GPIOPinTypeGPIOInput
00007d7b   GPIOPinTypeGPIOOutput
00007f33   GPIOPinTypeUART
00008279   GPIOPinWrite
0000aed4   GPIO_config
0000791d   GPIO_init
000048a1   GPIO_write
00001035   HOSTclock
00000ffd   HOSTclose
00000fbf   HOSTgetenv
00000f63   HOSTlseek
00000f11   HOSTopen
00000ec5   HOSTread
00000e67   HOSTrename
00000e2d   HOSTtime
00000df5   HOSTunlink
00000da9   HOSTwrite
UNDEFED    SHT$$INIT_ARRAY$$Base
UNDEFED    SHT$$INIT_ARRAY$$Limit
000073e9   SysCtlPeripheralEnable
20004f0c   TSK_idle
00008205   UARTCharGet
000080f1   UARTCharGetNonBlocking
0000820f   UARTCharPut
000080ff   UARTCharPutNonBlocking
00006f7d   UARTConfigSetExpClk
00007bcd   UARTDisable
00007e81   UARTEnable
0000827f   UARTFIFOLevelSet
000082c7   UARTIntClear
00008219   UARTIntDisable
00008241   UARTIntEnable
00008223   UARTIntStatus
00005661   UARTTiva_close
0000ad04   UARTTiva_fxnTable
00008249   UARTTiva_init
0000107d   UARTTiva_open
00001e05   UARTTiva_read
00004c19   UARTTiva_readCancel
00002675   UARTTiva_readPolling
00001c01   UARTTiva_write
00004b59   UARTTiva_writeCancel
00002aa5   UARTTiva_writePolling
0000741d   UART_Params_init
0000aa88   UART_config
0000ae98   UART_defaultParams
000071f1   UART_init
00006b21   UART_open
00007451   UART_read
00007485   UART_write
00000000   __ASM__
20003720   __CIOBUF_
00000073   __ISA__
00000086   __PLAT__
20004858   __STACK_END
00001000   __STACK_SIZE
20003958   __STACK_TOP
000000a7   __TARG__
0000b810   __TI_CINIT_Base
0000b828   __TI_CINIT_Limit
0000b7f0   __TI_Handler_Table_Base
0000b7fc   __TI_Handler_Table_Limit
00000001   __TI_args_main
00005701   __TI_auto_init
2000533c   __TI_cleanup_ptr
0000810d   __TI_decompress_none
0000828b   __TI_decompress_rle24
20005340   __TI_dtors_ptr
0000654b   __TI_readmsg
00000000   __TI_static_base__
0000651d   __TI_writemsg
00007f45   __TI_zero_init
000000cd   __TRDR__
00004711   __aeabi_atexit
00005e37   __aeabi_memclr
00005e37   __aeabi_memclr4
00005e37   __aeabi_memclr8
000057a1   __aeabi_memcpy
000057a1   __aeabi_memcpy4
000057a1   __aeabi_memcpy8
00005e39   __aeabi_memset
00005e39   __aeabi_memset4
00005e39   __aeabi_memset8
ffffffff   __binit__
ffffffff   __c_args__
000046ff   __cxa_atexit
000046b9   __cxa_finalize
000046f9   __cxa_ia64_exit
20003858   __stack
00008285   __xdc__init
20004db0   __xdc__init__addr
00007dad   _args_main
00006751   _c_int00
0000a81e   _ctypes_
20005334   _lock
00007ea3   _nop
00007e9b   _register_lock
00007e95   _register_unlock
20005338   _unlock
00006d61   abort
00004703   atexit
00006a41   atoi
ffffffff   binit
00006d19   copy_in
00006d69   exit
00007d93   free
0000abdc   gpioHWAttrs
000074b9   init_mux_pins
000068ad   init_uart
00007941   main
20005350   main_func_sp
00007645   malloc
000057a1   memcpy
00005e3f   memset
00005c2d   mux_1
00007fb1   strcpy
00007ea9   strlen
00002369   tcp_connection
0000afa4   ti_catalog_arm_cortexm4_tiva_ce_Boot_A_mustUseEnhancedClockMode__C
0000afa8   ti_catalog_arm_cortexm4_tiva_ce_Boot_Module__diagsEnabled__C
0000afac   ti_catalog_arm_cortexm4_tiva_ce_Boot_Module__diagsIncluded__C
0000afb0   ti_catalog_arm_cortexm4_tiva_ce_Boot_Module__diagsMask__C
0000aed2   ti_catalog_arm_cortexm4_tiva_ce_Boot_Module__id__C
00008139   ti_catalog_arm_cortexm4_tiva_ce_Boot_init__I
000040b9   ti_catalog_arm_cortexm4_tiva_ce_Boot_sysCtlClockSetI__I
000058d9   ti_catalog_arm_cortexm4_tiva_ce_Boot_sysCtlClockSet__E
00008291   ti_catalog_arm_cortexm4_tiva_ce_Boot_sysCtlDelayI__I
0000afb4   ti_sysbios_BIOS_Module__diagsEnabled__C
0000afb8   ti_sysbios_BIOS_Module__diagsIncluded__C
0000afbc   ti_sysbios_BIOS_Module__diagsMask__C
0000af5a   ti_sysbios_BIOS_Module__id__C
20004bb8   ti_sysbios_BIOS_Module__state__V
000082cb   ti_sysbios_BIOS_RtsGateProxy_enter__E
000082cf   ti_sysbios_BIOS_RtsGateProxy_leave__E
000082e3   ti_sysbios_BIOS_RtsGateProxy_query__E
00006b69   ti_sysbios_BIOS_errorRaiseHook__I
00007555   ti_sysbios_BIOS_exitFunc__I
00007fc1   ti_sysbios_BIOS_getCpuFreq__E
0000afc0   ti_sysbios_BIOS_installedErrorHook__C
00002507   ti_sysbios_BIOS_nullFunc__I
00007965   ti_sysbios_BIOS_registerRTSLock__I
00007be9   ti_sysbios_BIOS_rtsLock__I
00006385   ti_sysbios_BIOS_rtsUnlock__I
00007fd1   ti_sysbios_BIOS_setThreadType__E
00007989   ti_sysbios_BIOS_startFunc__I
00007fe1   ti_sysbios_BIOS_start__E
20005274   ti_sysbios_family_arm_lm4_Timer_Module_State_0_device__A
20004be0   ti_sysbios_family_arm_lm4_Timer_Module_State_0_handles__A
20004bd8   ti_sysbios_family_arm_lm4_Timer_Module__root__V
00007dc5   ti_sysbios_family_arm_lm4_Timer_Module__startupDone__F
00007dc5   ti_sysbios_family_arm_lm4_Timer_Module__startupDone__S
20004bf8   ti_sysbios_family_arm_lm4_Timer_Module__state__V
0000663d   ti_sysbios_family_arm_lm4_Timer_Module_startup__E
0000663d   ti_sysbios_family_arm_lm4_Timer_Module_startup__F
200050f4   ti_sysbios_family_arm_lm4_Timer_Object__table__V
0000afc4   ti_sysbios_family_arm_lm4_Timer_enableFunc__C
00005519   ti_sysbios_family_arm_lm4_Timer_enableTimers__I
00005275   ti_sysbios_family_arm_lm4_Timer_enableTiva__I
000082d3   ti_sysbios_family_arm_lm4_Timer_getPeriod__E
00005f29   ti_sysbios_family_arm_lm4_Timer_isrStub__E
00008145   ti_sysbios_family_arm_lm4_Timer_masterDisable__I
000082d7   ti_sysbios_family_arm_lm4_Timer_masterEnable__I
0000afc8   ti_sysbios_family_arm_lm4_Timer_numTimerDevices__C
000017c1   ti_sysbios_family_arm_lm4_Timer_start__E
0000afcc   ti_sysbios_family_arm_lm4_Timer_startupNeeded__C
00007041   ti_sysbios_family_arm_lm4_Timer_startup__E
00006da1   ti_sysbios_family_arm_lm4_Timer_stop__E
20004c04   ti_sysbios_family_arm_lm4_TimestampProvider_Module__state__V
00008297   ti_sysbios_family_arm_lm4_TimestampProvider_Module_startup__E
00008297   ti_sysbios_family_arm_lm4_TimestampProvider_Module_startup__F
00004d91   ti_sysbios_family_arm_lm4_TimestampProvider_get32__E
00003af1   ti_sysbios_family_arm_lm4_TimestampProvider_get64__E
[...]
00008297   ti_sysbios_family_arm_lm4_TimestampProvider_Module_startup__E
00008297   ti_sysbios_family_arm_lm4_TimestampProvider_Module_startup__F
0000829d   ti_sysbios_family_arm_m3_Hwi_restoreFxn__E
0000829d   ti_sysbios_hal_Hwi_HwiProxy_restore__E
0000829d   ti_sysbios_hal_Hwi_restore__E
000082a3   ti_sysbios_gates_GateHwi_leave__E
000082a9   ti_sysbios_heaps_HeapMem_isBlocking__E
000082af   ti_sysbios_knl_Queue_Instance_init__F
000082b5   ti_uia_runtime_LoggerStopMode_getPriority__E
000082bb   ti_uia_runtime_LoggerStopMode_getTransferType__E
000082bb   ti_uia_runtime_LoggerStopMode_getTransferType__F
000082c1   xdc_runtime_System_Module_startup__E
000082c1   xdc_runtime_System_Module_startup__F
000082c7   UARTIntClear
000082cb   ti_sysbios_BIOS_RtsGateProxy_enter__E
000082cf   ti_sysbios_BIOS_RtsGateProxy_leave__E
000082d3   ti_sysbios_family_arm_lm4_Timer_getPeriod__E
000082d7   ti_sysbios_family_arm_lm4_Timer_masterEnable__I
000082db   ti_sysbios_family_arm_m3_TaskSupport_Module__startupDone__S
000082df   ti_sysbios_gates_GateHwi_query__E
000082df   ti_sysbios_gates_GateHwi_query__F
000082df   xdc_runtime_Main_Module_GateProxy_query__E
000082df   xdc_runtime_System_Module_GateProxy_query__E
000082e3   ti_sysbios_BIOS_RtsGateProxy_query__E
000082e3   ti_sysbios_gates_GateMutex_query__E
000082e3   ti_sysbios_gates_GateMutex_query__F
000082e3   ti_sysbios_heaps_HeapMem_Module_GateProxy_query__E
000082e7   ti_sysbios_hal_Hwi_HwiProxy_Module__startupDone__S
000082eb   ti_sysbios_hal_Timer_TimerProxy_Module__startupDone__S
000082ef   ti_sysbios_hal_Timer_TimerProxy_getPeriod__E
000082f3   ti_sysbios_heaps_HeapMem_Module_GateProxy_enter__E
000082f7   ti_sysbios_heaps_HeapMem_Module_GateProxy_leave__E
000082fb   ti_sysbios_knl_Task_SupportProxy_Module__startupDone__S
000082ff   ti_sysbios_knl_Task_startup__E
00008303   ti_uia_runtime_LogSync_CpuTimestampProxy_Module__startupDone__S
00008307   ti_uia_runtime_LogSync_GlobalTimestampProxy_Module__startupDone__S
0000830b   ti_uia_runtime_LoggerStopMode_getInstanceId__E
0000830f   ti_uia_runtime_LoggerStopMode_getMaxLength__E
00008313   ti_uia_runtime_LoggerStopMode_setPriority__E
00008317   xdc_runtime_Error_getSite__E
00008317   xdc_runtime_Error_getSite__F
0000831b   xdc_runtime_Memory_HeapProxy_alloc__E
0000831f   xdc_runtime_Memory_HeapProxy_free__E
00008323   xdc_runtime_System_Module_GateProxy_enter__E
00008327   xdc_runtime_System_Module_GateProxy_leave__E
0000832b   xdc_runtime_System_aprintf_va__F
0000832f   xdc_runtime_System_printf_va__F
00008333   xdc_runtime_System_vsnprintf__E
00008337   xdc_runtime_TimestampNull_Module__startupDone__S
0000833b   xdc_runtime_Timestamp_Module__startupDone__S
00008340   xdc_runtime_Text_charTab__A
0000a6e1   xdc_runtime_Error_policy__C
0000a6e2   xdc_runtime_Text_nodeTab__A
0000a81e   _ctypes_
0000a920   ti_sysbios_family_arm_m3_Hwi_priorities__A
0000aa88   UART_config
0000aaf4   ti_uia_runtime_LoggerStopMode_Module__FXNS__C
0000ab9c   uartTivaHWAttrs
0000abdc   gpioHWAttrs
0000ac18   xdc_runtime_Startup_sfxnTab__A
0000ac4c   ti_sysbios_family_arm_m3_Hwi_Object__PARAMS__C
0000ac7c   ti_sysbios_knl_Task_hooks__A
0000acac   ti_uia_runtime_LoggerStopMode_Object__PARAMS__C
0000acdc   ti_sysbios_heaps_HeapMem_Module__FXNS__C
0000ad04   UARTTiva_fxnTable
0000ad28   ti_sysbios_gates_GateHwi_Module__FXNS__C
0000ad4c   ti_sysbios_gates_GateMutex_Module__FXNS__C
0000ad70   ti_sysbios_heaps_HeapMem_Object__PARAMS__C
0000ad94   ti_sysbios_knl_Semaphore_Object__PARAMS__C
0000adb8   ti_sysbios_family_arm_m3_Hwi_Object__DESC__C
0000add8   ti_sysbios_gates_GateHwi_Object__DESC__C
0000adf8   ti_sysbios_gates_GateMutex_Object__DESC__C
0000ae18   ti_sysbios_heaps_HeapMem_Object__DESC__C
0000ae38   ti_sysbios_knl_Queue_Object__DESC__C
0000ae58   ti_sysbios_knl_Semaphore_Object__DESC__C
0000ae78   ti_uia_runtime_LoggerStopMode_Object__DESC__C
0000ae98   UART_defaultParams
0000aeb8   xdc_runtime_Startup_sfxnRts__A
0000aed2   ti_catalog_arm_cortexm4_tiva_ce_Boot_Module__id__C
0000aed4   GPIO_config
0000aeec   ti_sysbios_gates_GateHwi_Object__PARAMS__C
0000af04   ti_sysbios_gates_GateMutex_Object__PARAMS__C
0000af1c   ti_sysbios_knl_Queue_Object__PARAMS__C
0000af34   xdc_runtime_Startup_firstFxns__A
0000af5a   ti_sysbios_BIOS_Module__id__C
0000af5c   ti_sysbios_family_arm_m3_Hwi_excHookFuncs__A
0000af64   ti_sysbios_knl_Idle_coreList__A
0000af6c   ti_sysbios_knl_Idle_coreList__C
0000af74   ti_sysbios_knl_Idle_funcList__A
0000af7c   ti_sysbios_knl_Idle_funcList__C
0000af84   ti_sysbios_knl_Task_hooks__C
0000af8c   xdc_runtime_Startup_firstFxns__C
0000af94   xdc_runtime_Startup_lastFxns__A
0000af9c   xdc_runtime_Startup_lastFxns__C
0000afa4   ti_catalog_arm_cortexm4_tiva_ce_Boot_A_mustUseEnhancedClockMode__C
0000afa8   ti_catalog_arm_cortexm4_tiva_ce_Boot_Module__diagsEnabled__C
0000afac   ti_catalog_arm_cortexm4_tiva_ce_Boot_Module__diagsIncluded__C
0000afb0   ti_catalog_arm_cortexm4_tiva_ce_Boot_Module__diagsMask__C
0000afb4   ti_sysbios_BIOS_Module__diagsEnabled__C
0000afb8   ti_sysbios_BIOS_Module__diagsIncluded__C
0000afbc   ti_sysbios_BIOS_Module__diagsMask__C
0000afc0   ti_sysbios_BIOS_installedErrorHook__C
0000afc4   ti_sysbios_family_arm_lm4_Timer_enableFunc__C
0000afc8   ti_sysbios_family_arm_lm4_Timer_numTimerDevices__C
0000afcc   ti_sysbios_family_arm_lm4_Timer_startupNeeded__C
0000afd0   ti_sysbios_family_arm_m3_Hwi_E_NMI__C
0000afd4   ti_sysbios_family_arm_m3_Hwi_E_alreadyDefined__C
0000afd8   ti_sysbios_family_arm_m3_Hwi_E_busFault__C
0000afdc   ti_sysbios_family_arm_m3_Hwi_E_debugMon__C
0000afe0   ti_sysbios_family_arm_m3_Hwi_E_hardFault__C
0000afe4   ti_sysbios_family_arm_m3_Hwi_E_memFault__C
0000afe8   ti_sysbios_family_arm_m3_Hwi_E_noIsr__C
0000afec   ti_sysbios_family_arm_m3_Hwi_E_reserved__C
0000aff0   ti_sysbios_family_arm_m3_Hwi_E_svCall__C
0000aff4   ti_sysbios_family_arm_m3_Hwi_E_usageFault__C
0000aff8   ti_sysbios_family_arm_m3_Hwi_LD_end__C
0000affc   ti_sysbios_family_arm_m3_Hwi_LM_begin__C
0000b000   ti_sysbios_family_arm_m3_Hwi_Module__diagsEnabled__C
0000b004   ti_sysbios_family_arm_m3_Hwi_Module__diagsIncluded__C
0000b008   ti_sysbios_family_arm_m3_Hwi_Module__diagsMask__C
0000b00c   ti_sysbios_family_arm_m3_Hwi_Module__loggerFxn1__C
0000b010   ti_sysbios_family_arm_m3_Hwi_Module__loggerFxn8__C
0000b014   ti_sysbios_family_arm_m3_Hwi_Module__loggerObj__C
0000b018   ti_sysbios_family_arm_m3_Hwi_NUM_INTERRUPTS__C
0000b01c   ti_sysbios_family_arm_m3_Hwi_ccr__C
0000b020   ti_sysbios_family_arm_m3_Hwi_dispatchTable__C
0000b024   ti_sysbios_family_arm_m3_Hwi_excHandlerFunc__C
0000b028   ti_sysbios_family_arm_m3_Hwi_excHookFuncs__C
0000b02c   ti_sysbios_family_arm_m3_Hwi_priGroup__C
0000b030   ti_sysbios_family_arm_m3_Hwi_priorities__C
0000b034   ti_sysbios_gates_GateMutex_A_badContext__C
0000b038   ti_sysbios_gates_GateMutex_Instance_State_sem__O
0000b03c   ti_sysbios_gates_GateMutex_Module__diagsEnabled__C
0000b040   ti_sysbios_gates_GateMutex_Module__diagsIncluded__C
0000b044   ti_sysbios_gates_GateMutex_Module__diagsMask__C
0000b048   ti_sysbios_hal_Hwi_E_stackOverflow__C
0000b04c   ti_sysbios_heaps_HeapMem_A_align__C
0000b050   ti_sysbios_heaps_HeapMem_A_heapSize__C
0000b054   ti_sysbios_heaps_HeapMem_A_invalidFree__C
0000b058   ti_sysbios_heaps_HeapMem_A_zeroBlock__C
0000b05c   ti_sysbios_heaps_HeapMem_E_memory__C
0000b060   ti_sysbios_heaps_HeapMem_Module__diagsEnabled__C
0000b064   ti_sysbios_heaps_HeapMem_Module__diagsIncluded__C
0000b068   ti_sysbios_heaps_HeapMem_Module__diagsMask__C
0000b06c   ti_sysbios_heaps_HeapMem_Module__gateObj__C
0000b070   ti_sysbios_heaps_HeapMem_Object__count__C
0000b074   ti_sysbios_heaps_HeapMem_reqAlign__C
0000b078   ti_sysbios_io_DEV_Object__count__C
0000b07c   ti_sysbios_io_DEV_tableSize__C
0000b080   ti_sysbios_knl_Clock_LM_begin__C
0000b084   ti_sysbios_knl_Clock_LM_tick__C
0000b088   ti_sysbios_knl_Clock_LW_delayed__C
0000b08c   ti_sysbios_knl_Clock_Module_State_clockQ__O
0000b090   ti_sysbios_knl_Clock_Module__diagsEnabled__C
0000b094   ti_sysbios_knl_Clock_Module__diagsIncluded__C
0000b098   ti_sysbios_knl_Clock_Module__diagsMask__C
0000b09c   ti_sysbios_knl_Clock_Module__loggerFxn1__C
0000b0a0   ti_sysbios_knl_Clock_Module__loggerFxn2__C
0000b0a4   ti_sysbios_knl_Clock_Module__loggerObj__C
0000b0a8   ti_sysbios_knl_Semaphore_A_badContext__C
0000b0ac   ti_sysbios_knl_Semaphore_A_noEvents__C
0000b0b0   ti_sysbios_knl_Semaphore_A_overflow__C
0000b0b4   ti_sysbios_knl_Semaphore_A_pendTaskDisabled__C
0000b0b8   ti_sysbios_knl_Semaphore_Instance_State_pendQ__O
0000b0bc   ti_sysbios_knl_Semaphore_LM_pend__C
0000b0c0   ti_sysbios_knl_Semaphore_LM_post__C
0000b0c4   ti_sysbios_knl_Semaphore_Module__diagsEnabled__C
0000b0c8   ti_sysbios_knl_Semaphore_Module__diagsIncluded__C
0000b0cc   ti_sysbios_knl_Semaphore_Module__diagsMask__C
0000b0d0   ti_sysbios_knl_Semaphore_Module__loggerFxn2__C
0000b0d4   ti_sysbios_knl_Semaphore_Module__loggerFxn4__C
0000b0d8   ti_sysbios_knl_Semaphore_Module__loggerObj__C
0000b0dc   ti_sysbios_knl_Swi_LD_end__C
0000b0e0   ti_sysbios_knl_Swi_LM_begin__C
0000b0e4   ti_sysbios_knl_Swi_LM_post__C
0000b0e8   ti_sysbios_knl_Swi_Module__diagsEnabled__C
0000b0ec   ti_sysbios_knl_Swi_Module__diagsIncluded__C
0000b0f0   ti_sysbios_knl_Swi_Module__diagsMask__C
0000b0f4   ti_sysbios_knl_Swi_Module__loggerFxn1__C
0000b0f8   ti_sysbios_knl_Swi_Module__loggerFxn4__C
0000b0fc   ti_sysbios_knl_Swi_Module__loggerObj__C
0000b100   ti_sysbios_knl_Swi_Object__count__C
0000b104   ti_sysbios_knl_Task_E_spOutOfBounds__C
0000b108   ti_sysbios_knl_Task_E_stackOverflow__C
0000b10c   ti_sysbios_knl_Task_LD_block__C
0000b110   ti_sysbios_knl_Task_LD_exit__C
0000b114   ti_sysbios_knl_Task_LD_ready__C
0000b118   ti_sysbios_knl_Task_LM_switch__C
0000b11c   ti_sysbios_knl_Task_Module_State_inactiveQ__O
0000b120   ti_sysbios_knl_Task_Module__diagsEnabled__C
0000b124   ti_sysbios_knl_Task_Module__diagsIncluded__C
0000b128   ti_sysbios_knl_Task_Module__diagsMask__C
0000b12c   ti_sysbios_knl_Task_Module__loggerFxn2__C
0000b130   ti_sysbios_knl_Task_Module__loggerFxn4__C
0000b134   ti_sysbios_knl_Task_Module__loggerObj__C
0000b138   ti_sysbios_knl_Task_Object__count__C
0000b13c   ti_sysbios_knl_Task_Object__heap__C
0000b140   ti_sysbios_knl_Task_allBlockedFunc__C
0000b144   ti_sysbios_knl_Task_numConstructedTasks__C
0000b148   ti_sysbios_utils_Load_LS_cpuLoad__C
0000b14c   ti_sysbios_utils_Load_LS_hwiLoad__C
0000b150   ti_sysbios_utils_Load_LS_taskLoad__C
0000b154   ti_sysbios_utils_Load_Module_State_taskList__O
0000b158   ti_sysbios_utils_Load_Module__diagsEnabled__C
0000b15c   ti_sysbios_utils_Load_Module__diagsIncluded__C
0000b160   ti_sysbios_utils_Load_Module__diagsMask__C
0000b164   ti_sysbios_utils_Load_Module__loggerFxn1__C
0000b168   ti_sysbios_utils_Load_Module__loggerFxn2__C
0000b16c   ti_sysbios_utils_Load_Module__loggerFxn4__C
0000b170   ti_sysbios_utils_Load_Module__loggerObj__C
0000b174   ti_sysbios_utils_Load_postUpdate__C
0000b178   ti_sysbios_utils_Load_windowInMs__C
0000b17c   ti_uia_runtime_ILoggerSnapshot_Interface__BASE__C
0000b180   ti_uia_runtime_IUIATransfer_Interface__BASE__C
0000b184   ti_uia_runtime_LoggerStopMode_E_badLevel__C
0000b188   ti_uia_runtime_LoggerStopMode_Object__count__C
0000b18c   ti_uia_runtime_LoggerStopMode_overflowLogger__C
0000b190   ti_uia_runtime_LoggerStopMode_statusLogger__C
0000b194   xdc_runtime_Assert_E_assertFailed__C
0000b198   xdc_runtime_Core_A_initializedParams__C
0000b19c   xdc_runtime_Core_Module__diagsEnabled__C
0000b1a0   xdc_runtime_Core_Module__diagsIncluded__C
0000b1a4   xdc_runtime_Core_Module__diagsMask__C
0000b1a8   xdc_runtime_Error_E_generic__C
0000b1ac   xdc_runtime_Error_E_memory__C
0000b1b0   xdc_runtime_Error_Module__diagsEnabled__C
0000b1b4   xdc_runtime_Error_Module__diagsIncluded__C
0000b1b8   xdc_runtime_Error_Module__diagsMask__C
0000b1bc   xdc_runtime_Error_Module__loggerFxn8__C
0000b1c0   xdc_runtime_Error_Module__loggerObj__C
0000b1c4   xdc_runtime_Error_raiseHook__C
0000b1c8   xdc_runtime_IFilterLogger_Interface__BASE__C
0000b1cc   xdc_runtime_IGateProvider_Interface__BASE__C
0000b1d0   xdc_runtime_IHeap_Interface__BASE__C
0000b1d4   xdc_runtime_ILogger_Interface__BASE__C
0000b1d8   xdc_runtime_IModule_Interface__BASE__C
0000b1dc   xdc_runtime_Log_L_error__C
0000b1e0   xdc_runtime_Log_L_warning__C
0000b1e4   xdc_runtime_Main_Module__diagsEnabled__C
0000b1e8   xdc_runtime_Main_Module__diagsIncluded__C
0000b1ec   xdc_runtime_Main_Module__diagsMask__C
0000b1f0   xdc_runtime_Main_Module__loggerFxn2__C
0000b1f4   xdc_runtime_Main_Module__loggerFxn4__C
0000b1f8   xdc_runtime_Main_Module__loggerObj__C
0000b1fc   xdc_runtime_Memory_defaultHeapInstance__C
0000b200   xdc_runtime_Startup_execImpl__C
0000b204   xdc_runtime_Startup_maxPasses__C
0000b208   xdc_runtime_Startup_sfxnRts__C
0000b20c   xdc_runtime_Startup_sfxnTab__C
0000b210   xdc_runtime_SysMin_bufSize__C
0000b214   xdc_runtime_SysMin_outputFunc__C
0000b218   xdc_runtime_System_Module__gateObj__C
0000b21c   xdc_runtime_System_extendFxn__C
0000b220   xdc_runtime_System_maxAtexitHandlers__C
0000b224   xdc_runtime_Text_charTab__C
0000b228   xdc_runtime_Text_nameEmpty__C
0000b22c   xdc_runtime_Text_nameStatic__C
0000b230   xdc_runtime_Text_nameUnknown__C
0000b234   xdc_runtime_Text_nodeTab__C
0000b238   xdc_runtime_Text_visitRopeFxn__C
0000b23c   ti_sysbios_family_arm_lm4_TimestampProvider_useClockTimer__C
0000b23e   ti_sysbios_family_arm_m3_Hwi_Module__id__C
0000b240   ti_sysbios_family_arm_m3_Hwi_Module__loggerDefined__C
0000b242   ti_sysbios_gates_GateMutex_Module__id__C
0000b244   ti_sysbios_hal_Hwi_Module__id__C
0000b246   ti_sysbios_heaps_HeapMem_Module__id__C
0000b248   ti_sysbios_io_DEV_Module__id__C
0000b24a   ti_sysbios_knl_Clock_Module__id__C
0000b24c   ti_sysbios_knl_Clock_Module__loggerDefined__C
0000b24e   ti_sysbios_knl_Semaphore_Module__id__C
0000b250   ti_sysbios_knl_Semaphore_Module__loggerDefined__C
0000b252   ti_sysbios_knl_Swi_Module__id__C
0000b254   ti_sysbios_knl_Swi_Module__loggerDefined__C
0000b256   ti_sysbios_knl_Task_Module__id__C
0000b258   ti_sysbios_knl_Task_Module__loggerDefined__C
0000b25a   ti_sysbios_knl_Task_initStackFlag__C
0000b25c   ti_sysbios_utils_Load_Module__id__C
0000b25e   ti_sysbios_utils_Load_Module__loggerDefined__C
0000b260   ti_sysbios_utils_Load_autoAddTasks__C
0000b262   ti_sysbios_utils_Load_hwiEnabled__C
0000b264   ti_sysbios_utils_Load_updateInIdle__C
0000b266   ti_uia_runtime_LoggerStopMode_Module__id__C
0000b268   ti_uia_runtime_LoggerStopMode_filterByLevel__C
0000b26a   ti_uia_runtime_LoggerStopMode_isTimestampEnabled__C
0000b26c   xdc_runtime_Core_Module__id__C
0000b26e   xdc_runtime_Error_Module__loggerDefined__C
0000b270   xdc_runtime_Error_maxDepth__C
0000b272   xdc_runtime_Main_Module__id__C
0000b274   xdc_runtime_Main_Module__loggerDefined__C
0000b276   xdc_runtime_Memory_Module__id__C
0000b278   xdc_runtime_SysMin_flushAtExit__C
0000b27a   xdc_runtime_Text_charCnt__C
0000b27c   xdc_runtime_Text_isLoaded__C
0000b27e   xdc_runtime_Text_registryModsLastId__C
0000b280   xdc_runtime_Text_unnamedModsLastId__C
0000b7f0   __TI_Handler_Table_Base
0000b7fc   __TI_Handler_Table_Limit
0000b810   __TI_CINIT_Base
0000b828   __TI_CINIT_Limit
20000000   ti_sysbios_family_arm_m3_Hwi_ramVectors
20000360   ti_sysbios_knl_Task_Instance_State_0_stack__A
20000b60   ti_sysbios_knl_Task_Instance_State_1_stack__A
20001360   ti_sysbios_heaps_HeapMem_Instance_State_0_buf__A
20002360   ti_uia_runtime_LoggerStopMode_Instance_State_1_bufferArray__A
200027e0   ti_uia_runtime_LoggerStopMode_Instance_State_2_bufferArray__A
20002c60   uartTivaObjects
200030a0   xdc_runtime_SysMin_Module_State_0_outbuf__A
200034a0   ti_uia_runtime_LoggerStopMode_Instance_State_0_bufferArray__A
20003720   __CIOBUF_
20003848   ti_sysbios_knl_Task_Instance_State_0_hookEnv__A
20003850   ti_sysbios_knl_Task_Instance_State_1_hookEnv__A
20003858   __stack
20003958   __STACK_TOP
20004858   __STACK_END
20004858   ti_sysbios_family_arm_m3_Hwi_Module_State_0_dispatchTable__A
20004bb8   ti_sysbios_BIOS_Module__state__V
20004bd8   ti_sysbios_family_arm_lm4_Timer_Module__root__V
20004be0   ti_sysbios_family_arm_lm4_Timer_Module_State_0_handles__A
20004bf8   ti_sysbios_family_arm_lm4_Timer_Module__state__V
20004c04   ti_sysbios_family_arm_lm4_TimestampProvider_Module__state__V
20004c0c   ti_sysbios_family_arm_m3_Hwi_Module__root__V
20004c14   ti_sysbios_family_arm_m3_Hwi_Module_State_0_excActive__A
20004c18   ti_sysbios_family_arm_m3_Hwi_Module_State_0_excContext__A
20004c1c   ti_sysbios_family_arm_m3_Hwi_Module_State_0_excStack__A
20004c20   ti_sysbios_gates_GateHwi_Module__root__V
20004c28   ti_sysbios_gates_GateHwi_Object__table__V
20004c2c   ti_sysbios_gates_GateMutex_Module__root__V
20004c34   ti_sysbios_hal_Hwi_Module__root__V
20004c3c   ti_sysbios_hal_Timer_Module__root__V
20004c44   ti_sysbios_hal_Timer_Object__table__V
20004c4c   ti_sysbios_heaps_HeapMem_Module__root__V
20004c54   ti_sysbios_heaps_HeapMem_Object__table__V
20004c6c   ti_sysbios_io_DEV_Module__root__V
20004c74   ti_sysbios_io_DEV_Module_State_0_table__A
20004c94   ti_sysbios_io_DEV_Module__state__V
20004c98   ti_sysbios_io_GIO_Module__root__V
20004ca0   ti_sysbios_knl_Clock_Module__root__V
20004ca8   ti_sysbios_knl_Event_Module__root__V
20004cb4   ti_sysbios_knl_Queue_Module__root__V
20004cbc   ti_sysbios_knl_Semaphore_Module__root__V
20004cc8   ti_sysbios_knl_Swi_Module__root__V
20004cd0   ti_sysbios_knl_Swi_Module__state__V
20004cec   ti_sysbios_knl_Task_Module__root__V
20004cf8   ti_sysbios_knl_Task_Module_State_0_idleTask__A
20004cfc   ti_sysbios_utils_Load_Module__root__V
20004d00   ti_sysbios_utils_Load_Module_State_0_taskStartTime__A
20004d04   ti_sysbios_utils_Load_Module_State_0_runningTask__A
20004d08   ti_sysbios_xdcruntime_SemThreadSupport_Module__root__V
20004d10   ti_uia_runtime_LogSync_Module__root__V
20004d18   ti_uia_runtime_LogSync_Module__state__V
20004d24   ti_uia_runtime_LoggerStopMode_Module__root__V
20004d2c   ti_uia_runtime_LoggerStopMode_Module__state__V
20004d34   ti_uia_runtime_QueueDescriptor_Module__state__V
20004d40   xdc_runtime_Error_Module__state__V
20004d42   xdc_runtime_Main_Module__root__V
20004d44   xdc_runtime_Memory_Module__state__V
20004d48   xdc_runtime_Registry_Module__state__V
20004d50   xdc_runtime_Startup_Module__state__V
20004d58   xdc_runtime_SysMin_Module__state__V
20004d64   xdc_runtime_System_Module_State_0_atexitHandlers__A
20004d84   xdc_runtime_System_Module__state__V
20004d90   xdc_runtime_Text_Module__state__V
20004d98   xdc_runtime_knl_SemThread_Module__root__V
20004da0   xdc_runtime_knl_SyncNull_Module__root__V
20004da8   xdc_runtime_knl_SyncSemThread_Module__root__V
20004db0   __xdc__init__addr
20004db4   ti_uia_runtime_LoggerStopMode_Object__table__V
20004ebc   ti_sysbios_knl_Task_Object__table__V
20004f0c   TSK_idle
20004f5c   ti_sysbios_utils_Load_Module__state__V
20004ff4   ti_sysbios_knl_Swi_Module_State_0_readyQ__A
20005074   ti_sysbios_knl_Task_Module_State_0_readyQ__A
200050f4   ti_sysbios_family_arm_lm4_Timer_Object__table__V
20005164   ti_sysbios_family_arm_m3_Hwi_Module__state__V
200051c0   ti_sysbios_knl_Task_Module__state__V
20005204   ti_sysbios_gates_GateMutex_Object__table__V
2000523c   ti_sysbios_utils_Load_Module_State_0_taskEnv__A
20005274   ti_sysbios_family_arm_lm4_Timer_Module_State_0_device__A
200052a4   ti_sysbios_family_arm_m3_Hwi_Object__table__V
200052d4   ti_sysbios_knl_Swi_Object__table__V
20005304   ti_sysbios_knl_Clock_Module__state__V
20005334   _lock
20005338   _unlock
2000533c   __TI_cleanup_ptr
20005340   __TI_dtors_ptr
20005344   ti_uia_runtime_QueueDescriptor_gPtrToFirstDescriptor
20005348   ti_uia_runtime_QueueDescriptor_gUpdateCount
20005350   main_func_sp
e000e000   ti_sysbios_family_arm_m3_Hwi_nvic
ffffffff   __binit__
ffffffff   __c_args__
ffffffff   binit
UNDEFED    SHT$$INIT_ARRAY$$Base
UNDEFED    SHT$$INIT_ARRAY$$Limit

[809 symbols]
