******************************************************************************
                  TI ARM Linker PC v5.1.1                      
******************************************************************************
>> Linked Tue May 06 15:42:37 2014

OUTPUT FILE NAME:   <rover.out>
ENTRY POINT SYMBOL: "_c_int00"  address: 00006781


MEMORY CONFIGURATION

         name            origin    length      used     unused   attr    fill
----------------------  --------  ---------  --------  --------  ----  --------
  FLASH                 00000000   00040000  0000b77e  00034882  R  X
  SRAM                  20000000   00008000  00005362  00002c9e  RW X


SEGMENT ALLOCATION MAP

run origin  load origin   length   init length attrs members
----------  ----------- ---------- ----------- ----- -------
00000000    00000000    0000b780   0000b780    r-x
  00000000    00000000    00000360   00000360    r-- .resetVecs
  00000360    00000360    00007fb8   00007fb8    r-x .text
  00008318    00008318    00002ec6   00002ec6    r-- .const
  0000b1e0    0000b1e0    000005a0   000005a0    r-- .cinit
20000000    20000000    00005364   00000000    rw-
  20000000    20000000    00000360   00000000    rw- .vecs
  20000360    20000360    000034fa   00000000    rw- .bss
  2000385c    2000385c    00001000   00000000    rw- .stack
  2000485c    2000485c    00000b08   00000000    rw- .data


SECTION ALLOCATION MAP

 output                                  attributes/
section   page    origin      length       input sections
--------  ----  ----------  ----------   ----------------
.bootVecs 
*          0    00000000    00000008     DSECT
                  00000000    00000008     boot.aem4f : boot.oem4f (.bootVecs)

.resetVecs 
*          0    00000000    00000360     
                  00000000    00000360     main_pem4f.oem4f (.resetVecs)

xdc.meta   0    00000000    000000f5     COPY SECTION
                  00000000    000000f5     main_pem4f.oem4f (xdc.meta)

.text      0    00000360    00007fb8     
                  00000360    00000424     sysbios.aem4f : BIOS.obj (.text:ti_sysbios_family_arm_m3_Hwi_excDumpRegs__I)
                  00000784    00000344     ti.targets.arm.rtsarm.aem4f : System.oem4f (.text:xdc_runtime_System_doPrint__I)
                  00000ac8    000002e0     sysbios.aem4f : BIOS.obj (.text:ti_sysbios_knl_Semaphore_pend__E)
                  00000da8    000002d4     rtsv7M4_T_le_v4SPD16_eabi.lib : trgdrv.obj (.text)
                  0000107c    000002c8     uart_tivaware.aem4f : UARTTiva.oem4f (.text:UARTTiva_open)
                  00001344    00000248     sysbios.aem4f : BIOS.obj (.text:ti_sysbios_heaps_HeapMem_free__E)
                  0000158c    00000234                   : BIOS.obj (.text:ti_sysbios_heaps_HeapMem_alloc__E)
                  000017c0    00000230                   : BIOS.obj (.text:ti_sysbios_family_arm_lm4_Timer_start__E)
                  000019f0    00000210                   : BIOS.obj (.text:ti_sysbios_family_arm_m3_Hwi_excHandlerMax__I)
                  00001c00    00000204     uart_tivaware.aem4f : UARTTiva.oem4f (.text:UARTTiva_write)
                  00001e04    000001f8                         : UARTTiva.oem4f (.text:UARTTiva_read)
                  00001ffc    000001cc                         : UARTTiva.oem4f (.text:UARTTiva_hwiIntFxn)
                  000021c8    000001a0     ti.uia.runtime.aem4f : LoggerStopMode.oem4f (.text:ti_uia_runtime_LoggerStopMode_write8__E)
                  00002368    0000016c     uart_tivaware.aem4f : UARTTiva.oem4f (.text:writeData)
                  000024d4    00000168                         : UARTTiva.oem4f (.text:UARTTiva_readPolling)
                  0000263c    00000168     sysbios.aem4f : BIOS.obj (.text:ti_sysbios_family_arm_m3_Hwi_excBusFault__I)
                  000027a4    00000160     uart_tivaware.aem4f : UARTTiva.oem4f (.text:readData)
                  00002904    0000015c                         : UARTTiva.oem4f (.text:UARTTiva_writePolling)
                  00002a60    0000015c     ti.uia.runtime.aem4f : LoggerStopMode.oem4f (.text:ti_uia_runtime_LoggerStopMode_writeMemoryRange__E)
                  00002bbc    00000154     sysbios.aem4f : BIOS.obj (.text:ti_sysbios_family_arm_m3_Hwi_excUsageFault__I)
                  00002d10    00000144                   : BIOS.obj (.text:ti_sysbios_knl_Semaphore_post__E)
                  00002e54    00000140                   : BIOS.obj (.text:ti_sysbios_family_arm_m3_Hwi_dispatchC__I)
                  00002f94    00000140                   : BIOS.obj (.text:ti_sysbios_family_arm_m3_Hwi_excMemFault__I)
                  000030d4    0000013c     ti.uia.runtime.aem4f : LoggerStopMode.oem4f (.text:ti_uia_runtime_LoggerStopMode_write4__E)
                  00003210    0000013c     ti.targets.arm.rtsarm.aem4f : Error.oem4f (.text:xdc_runtime_Error_raiseX__F)
                  0000334c    00000138     sysbios.aem4f : BIOS.obj (.text:ti_sysbios_heaps_HeapMem_Instance_init__F)
                  00003484    00000138                   : BIOS.obj (.text:ti_sysbios_utils_Load_logLoads__I)
                  000035bc    00000134                   : m3_Hwi_asm.obj (.text:ti_sysbios_family_arm_m3_Hwi_dispatch__I)
                  000036f0    00000130     driverlib.lib : gpio.obj (.text:GPIOPadConfigSet)
                  00003820    00000130     sysbios.aem4f : BIOS.obj (.text:ti_sysbios_utils_Load_updateThreadContexts__E)
                  00003950    0000012c                   : BIOS.obj (.text:ti_sysbios_family_arm_lm4_TimestampProvider_get64__E)
                  00003a7c    0000012c                   : BIOS.obj (.text:ti_sysbios_knl_Clock_workFunc__E)
                  00003ba8    0000012c                   : BIOS.obj (.text:ti_sysbios_knl_Task_exit__E)
                  00003cd4    00000124     EK_LM4F120XL.obj (.text:EK_LM4F120XL_initUART)
                  00003df8    00000120     sysbios.aem4f : BIOS.obj (.text:ti_sysbios_knl_Swi_run__I)
                  00003f18    0000010c     Boot.aem4f : Boot_sysctl.oem4f (.text:ti_catalog_arm_cortexm4_tiva_ce_Boot_sysCtlClockSetI__I)
                  00004024    00000104     ti.targets.arm.rtsarm.aem4f : Core-mem.oem4f (.text:xdc_runtime_Core_createObject__I)
                  00004128    00000104     main_pem4f.oem4f (.text:xdc_runtime_System_printfExtend__I)
                  0000422c    000000fc     sysbios.aem4f : BIOS.obj (.text:ti_sysbios_knl_Task_schedule__I)
                  00004328    000000f8                   : BIOS.obj (.text:ti_sysbios_knl_Task_startCore__E)
                  00004420    000000f8     ti.targets.arm.rtsarm.aem4f : Startup.oem4f (.text:xdc_runtime_Startup_startMods__I)
                  00004518    000000f4     rtsv7M4_T_le_v4SPD16_eabi.lib : dtor_list.obj (.text)
                  0000460c    000000f4     sysbios.aem4f : BIOS.obj (.text:ti_sysbios_knl_Task_postInit__I)
                  00004700    000000e8     gpio_tivaware.aem4f : GPIO.oem4f (.text:GPIO_write)
                  000047e8    000000e8     sysbios.aem4f : BIOS.obj (.text:ti_sysbios_family_arm_m3_Hwi_initNVIC__E)
                  000048d0    000000e8                   : BIOS.obj (.text:ti_sysbios_io_DEV_postInit__I)
                  000049b8    000000c8     driverlib.lib : sysctl.obj (.text:SysCtlClockGet)
                  00004a80    000000c0     uart_tivaware.aem4f : UARTTiva.oem4f (.text:UARTTiva_writeCancel)
                  00004b40    000000bc                         : UARTTiva.oem4f (.text:UARTTiva_readCancel)
                  00004bfc    000000bc     sysbios.aem4f : BIOS.obj (.text:ti_sysbios_knl_Task_unblockI__E)
                  00004cb8    000000b8                   : BIOS.obj (.text:ti_sysbios_family_arm_lm4_TimestampProvider_get32__E)
                  00004d70    000000b4                   : BIOS.obj (.text:ti_sysbios_family_arm_m3_Hwi_excHardFault__I)
                  00004e24    000000b4                   : BIOS.obj (.text:ti_sysbios_gates_GateMutex_enter__E)
                  00004ed8    000000b4                   : BIOS.obj (.text:ti_sysbios_knl_Task_checkStacks__E)
                  00004f8c    000000b0                   : BIOS.obj (.text:ti_sysbios_family_arm_m3_Hwi_excDebugMon__I)
                  0000503c    000000b0                   : BIOS.obj (.text:ti_sysbios_utils_Load_idleFxn__E)
                  000050ec    000000b0                   : BIOS.obj (.text:ti_sysbios_utils_Load_updateLoads__E)
                  0000519c    000000ac                   : BIOS.obj (.text:ti_sysbios_family_arm_lm4_Timer_enableTiva__I)
                  00005248    000000a8                   : BIOS.obj (.text:ti_sysbios_knl_Semaphore_Instance_init__F)
                  000052f0    000000a8                   : BIOS.obj (.text:ti_sysbios_knl_Swi_post__E)
                  00005398    000000a8                   : BIOS.obj (.text:ti_sysbios_knl_Task_blockI__E)
                  00005440    000000a4                   : BIOS.obj (.text:ti_sysbios_family_arm_lm4_Timer_enableTimers__I)
                  000054e4    000000a4                   : BIOS.obj (.text:ti_sysbios_family_arm_m3_Hwi_Module_startup__F)
                  00005588    000000a0     uart_tivaware.aem4f : UARTTiva.oem4f (.text:UARTTiva_close)
                  00005628    000000a0     auto_init.aem4f : auto_init.oem4f (.text)
                  000056c8    000000a0     main.obj (.text:mux_5)
                  00005768    0000009c     rtsv7M4_T_le_v4SPD16_eabi.lib : memcpy_t2.obj (.text)
                  00005804    0000009a     ti.targets.arm.rtsarm.aem4f : Text.oem4f (.text:xdc_runtime_Text_putSite__F)
                  0000589e    00000002     sysbios.aem4f : BIOS.obj (.text:ti_sysbios_BIOS_nullFunc__I)
                  000058a0    00000094     Boot.aem4f : Boot.oem4f (.text:ti_catalog_arm_cortexm4_tiva_ce_Boot_sysCtlClockSet__E)
                  00005934    00000094     ti.targets.arm.rtsarm.aem4f : Text.oem4f (.text:xdc_runtime_Text_putMod__F)
                  000059c8    00000090     sysbios.aem4f : BIOS.obj (.text:ti_sysbios_family_arm_m3_Hwi_Instance_init__F)
                  00005a58    0000008c                   : m3_TaskSupport_asm.obj (.text:ti_sysbios_family_arm_m3_TaskSupport_buildTaskStack)
                  00005ae4    0000008c                   : BIOS.obj (.text:ti_sysbios_knl_Mailbox_Module_startup__F)
                  00005b70    00000088     EK_LM4F120XL.obj (.text:EK_LM4F120XL_initGPIO)
                  00005bf8    00000088     sysbios.aem4f : BIOS.obj (.text:ti_sysbios_utils_Load_addTask__E)
                  00005c80    00000084     ti.uia.runtime.aem4f : LoggerStopMode.oem4f (.text:ti_uia_runtime_LoggerStopMode_setFilterLevel__E)
                  00005d04    00000080     sysbios.aem4f : BIOS.obj (.text:ti_sysbios_knl_Task_Module_startup__F)
                  00005d84    0000007e     ti.uia.runtime.aem4f : LoggerStopMode.oem4f (.text:ti_uia_runtime_LoggerStopMode_getContents__E)
                  00005e02    00000078     rtsv7M4_T_le_v4SPD16_eabi.lib : memset_t2.obj (.text)
                  00005e7a    00000002     sysbios.aem4f : BIOS.obj (.text:ti_sysbios_gates_GateHwi_Instance_init__F)
                  00005e7c    00000078                   : BIOS.obj (.text:ti_sysbios_utils_Load_updateCurrentThreadTime__E)
                  00005ef4    00000074                   : BIOS.obj (.text:ti_sysbios_family_arm_lm4_Timer_isrStub__E)
                  00005f68    00000070     main_pem4f.oem4f (.text:ti_sysbios_family_arm_m3_Hwi_Object__create__S)
                  00005fd8    00000070     sysbios.aem4f : BIOS.obj (.text:ti_sysbios_family_arm_m3_Hwi_reconfig__E)
                  00006048    00000070                   : BIOS.obj (.text:ti_sysbios_utils_Load_taskDeleteHook__E)
                  000060b8    00000070     ti.uia.runtime.aem4f : LoggerStopMode.oem4f (.text:ti_uia_runtime_LoggerStopMode_getFilterLevel__E)
                  00006128    00000070                          : LoggerStopMode.oem4f (.text:ti_uia_runtime_LoggerStopMode_writeBlockOfMemory__I)
                  00006198    00000070                          : QueueDescriptor.oem4f (.text:ti_uia_runtime_QueueDescriptor_addToList__E)
                  00006208    00000070     ti.targets.arm.rtsarm.aem4f : Memory.oem4f (.text:xdc_runtime_Memory_alloc__F)
                  00006278    0000006c     sysbios.aem4f : BIOS.obj (.text:ti_sysbios_utils_Load_taskCreateHook__E)
                  000062e4    0000006c     ti.targets.arm.rtsarm.aem4f : Error.oem4f (.text:xdc_runtime_Error_print__F)
                  00006350    00000068     sysbios.aem4f : BIOS.obj (.text:ti_sysbios_BIOS_rtsUnlock__I)
                  000063b8    00000066     ti.targets.arm.rtsarm.aem4f : Core-mem.oem4f (.text:xdc_runtime_Core_deleteObject__I)
                  0000641e    00000002     main_pem4f.oem4f (.text:xdc_runtime_Startup_reset__I)
                  00006420    00000064     sysbios.aem4f : BIOS.obj (.text:ti_sysbios_knl_Clock_logTick__E)
                  00006484    00000064                   : BIOS.obj (.text:ti_sysbios_utils_Load_logCPULoad__I)
                  000064e8    00000062     main.obj (.text:mux_test)
                  0000654a    00000002     --HOLE-- [fill = 0]
                  0000654c    00000060     rtsv7M4_T_le_v4SPD16_eabi.lib : trgmsg.obj (.text)
                  000065ac    00000060     main_pem4f.oem4f (.text:ti_uia_runtime_LoggerStopMode_Object__create__S)
                  0000660c    0000005e     rtsv7M4_T_le_v4SPD16_eabi.lib : copy_decompress_rle.obj (.text)
                  0000666a    00000002     --HOLE-- [fill = 0]
                  0000666c    0000005c     sysbios.aem4f : BIOS.obj (.text:ti_sysbios_family_arm_lm4_Timer_Module_startup__F)
                  000066c8    0000005b     ti.targets.arm.rtsarm.aem4f : Text.oem4f (.text:xdc_runtime_Text_putLab__F)
                  00006723    00000001     --HOLE-- [fill = 0]
                  00006724    0000005a     ti.uia.runtime.aem4f : LoggerStopMode.oem4f (.text:ti_uia_runtime_LoggerStopMode_readBlockOfMemory__I)
                  0000677e    00000002     --HOLE-- [fill = 0]
                  00006780    00000058     boot.aem4f : boot.oem4f (.text)
                  000067d8    00000058     sysbios.aem4f : BIOS.obj (.text:ti_sysbios_knl_Swi_restoreHwi__E)
                  00006830    00000058                   : BIOS.obj (.text:ti_sysbios_knl_Swi_schedule__I)
                  00006888    00000054     ti.uia.runtime.aem4f : QueueDescriptor.oem4f (.text:ti_uia_runtime_QueueDescriptor_removeFromList__E)
                  000068dc    00000053     main.obj (.text:init_uart)
                  0000692f    00000001     --HOLE-- [fill = 0]
                  00006930    00000050     sysbios.aem4f : BIOS.obj (.text:ti_sysbios_utils_Load_taskSwitchHook__E)
                  00006980    00000050     ti.targets.arm.rtsarm.aem4f : Startup.oem4f (.text:xdc_runtime_Startup_exec__F)
                  000069d0    00000050                                 : System.oem4f (.text:xdc_runtime_System_formatNum__I)
                  00006a20    00000050                                 : Text.oem4f (.text:xdc_runtime_Text_visitRope2__I)
                  00006a70    0000004c     sysbios.aem4f : BIOS.obj (.text:ti_sysbios_knl_Swi_runLoop__I)
                  00006abc    00000048     driverlib.lib : gpio.obj (.text:GPIOPinConfigure)
                  00006b04    00000048     uart_tivaware.aem4f : UART.oem4f (.text:UART_open)
                  00006b4c    00000048     sysbios.aem4f : BIOS.obj (.text:ti_sysbios_BIOS_errorRaiseHook__I)
                  00006b94    00000048                   : BIOS.obj (.text:ti_sysbios_family_arm_m3_Hwi_excReserved__I)
                  00006bdc    00000048                   : BIOS.obj (.text:ti_sysbios_heaps_HeapMem_getStats__E)
                  00006c24    00000048     ti.targets.arm.rtsarm.aem4f : Assert.oem4f (.text:xdc_runtime_Assert_raise__I)
                  00006c6c    00000048                                 : Core-params.oem4f (.text:xdc_runtime_Core_assignParams__I)
                  00006cb4    00000046     ti.uia.runtime.aem4f : LoggerStopMode.oem4f (.text:ti_uia_runtime_LoggerStopMode_Instance_init__F)
                  00006cfa    00000002     --HOLE-- [fill = 0]
                  00006cfc    00000044     rtsv7M4_T_le_v4SPD16_eabi.lib : cpy_tbl.obj (.text)
                  00006d40    00000044                                   : exit.obj (.text)
                  00006d84    00000044     sysbios.aem4f : BIOS.obj (.text:ti_sysbios_family_arm_lm4_Timer_stop__E)
                  00006dc8    00000044                   : BIOS.obj (.text:ti_sysbios_family_arm_m3_Hwi_disableInterrupt__E)
                  00006e0c    00000044                   : BIOS.obj (.text:ti_sysbios_family_arm_m3_Hwi_enableInterrupt__E)
                  00006e50    00000044                   : BIOS.obj (.text:ti_sysbios_knl_Task_allBlockedFunction__I)
                  00006e94    00000044     ti.uia.runtime.aem4f : LoggerStopMode.oem4f (.text:ti_uia_runtime_LoggerStopMode_filterOutEvent__I)
                  00006ed8    00000044                          : LoggerStopMode.oem4f (.text:ti_uia_runtime_LoggerStopMode_reset__F)
                  00006f1c    00000044     ti.targets.arm.rtsarm.aem4f : SysMin.oem4f (.text:xdc_runtime_SysMin_flush__F)
                  00006f60    00000042     driverlib.lib : uart.obj (.text:UARTConfigSetExpClk)
                  00006fa2    00000042     sysbios.aem4f : BIOS.obj (.text:ti_sysbios_knl_Semaphore_pendTimeout__I)
                  00006fe4    00000040     EK_LM4F120XL.obj (.text:EK_LM4F120XL_initGeneral)
                  00007024    00000040     sysbios.aem4f : BIOS.obj (.text:ti_sysbios_family_arm_lm4_Timer_startup__E)
                  00007064    00000040     main_pem4f.oem4f (.text:ti_sysbios_knl_Semaphore_Object__create__S)
                  000070a4    00000040     ti.targets.arm.rtsarm.aem4f : System.oem4f (.text:xdc_runtime_System_atexit__F)
                  000070e4    0000003c     sysbios.aem4f : BIOS.obj (.text:ti_sysbios_family_arm_m3_Hwi_excSvCall__I)
                  00007120    0000003c                   : BIOS.obj (.text:ti_sysbios_heaps_HeapMem_init__I)
                  0000715c    0000003c                   : BIOS.obj (.text:ti_sysbios_knl_Swi_startup__E)
                  00007198    0000003c     ti.targets.arm.rtsarm.aem4f : Text.oem4f (.text:xdc_runtime_Text_xprintf__I)
                  000071d4    00000038     uart_tivaware.aem4f : UART.oem4f (.text:UART_init)
                  0000720c    00000038     main.obj (.text:main)
                  00007244    00000038     sysbios.aem4f : BIOS.obj (.text:ti_sysbios_family_arm_m3_Hwi_excNoIsr__I)
                  0000727c    00000038                   : BIOS.obj (.text:ti_sysbios_family_arm_m3_Hwi_getStackInfo__E)
                  000072b4    00000038                   : BIOS.obj (.text:ti_sysbios_family_arm_m3_TaskSupport_start__E)
                  000072ec    00000038     main_pem4f.oem4f (.text:ti_sysbios_gates_GateHwi_Object__create__S)
                  00007324    00000038     main_pem4f.oem4f (.text:ti_sysbios_gates_GateMutex_Object__create__S)
                  0000735c    00000038     main_pem4f.oem4f (.text:ti_sysbios_heaps_HeapMem_Object__create__S)
                  00007394    00000038     main_pem4f.oem4f (.text:ti_sysbios_knl_Queue_Object__create__S)
                  000073cc    00000038     ti.targets.arm.rtsarm.aem4f : SysMin.oem4f (.text:xdc_runtime_SysMin_putch__F)
                  00007404    00000034     driverlib.lib : sysctl.obj (.text:SysCtlPeripheralEnable)
                  00007438    00000034     uart_tivaware.aem4f : UART.oem4f (.text:UART_Params_init)
                  0000746c    00000034                         : UART.oem4f (.text:UART_writePolling)
                  000074a0    00000034     main.obj (.text:init_mux_pins)
                  000074d4    00000034     sysbios.aem4f : BIOS.obj (.text:ti_sysbios_family_arm_m3_Hwi_excNmi__I)
                  00007508    00000034                   : BIOS.obj (.text:ti_sysbios_hal_Hwi_checkStack:ti_sysbios_hal_Hwi_checkStack)
                  0000753c    00000030     main_pem4f.oem4f (.text:ti_sysbios_BIOS_exitFunc__I)
                  0000756c    00000030     sysbios.aem4f : BIOS.obj (.text:ti_sysbios_knl_Idle_run__E)
                  0000759c    00000030     ti.targets.arm.rtsarm.aem4f : Core-label.oem4f (.text:xdc_runtime_Core_assignLabel__I)
                  000075cc    00000030                                 : SysMin.oem4f (.text:xdc_runtime_SysMin_abort__F)
                  000075fc    0000002f                                 : Text.oem4f (.text:xdc_runtime_Text_printVisFxn__I)
                  0000762b    00000001     --HOLE-- [fill = 0]
                  0000762c    0000002e     main_pem4f.oem4f (.text:malloc)
                  0000765a    0000002c     sysbios.aem4f : BIOS.obj (.text:ti_sysbios_hal_Hwi_initStack:ti_sysbios_hal_Hwi_initStack)
                  00007686    00000002     --HOLE-- [fill = 0]
                  00007688    0000002c                   : BIOS.obj (.text:ti_sysbios_io_DEV_Module_startup__F)
                  000076b4    0000002c     main_pem4f.oem4f (.text:ti_sysbios_knl_Clock_doTick__I)
                  000076e0    0000002c     sysbios.aem4f : BIOS.obj (.text:ti_sysbios_knl_Task_restore__E)
                  0000770c    0000002c     ti.uia.runtime.aem4f : LoggerStopMode.oem4f (.text:ti_uia_runtime_LoggerStopMode_Module_startup__F)
                  00007738    0000002c                          : LoggerStopMode.oem4f (.text:ti_uia_runtime_LoggerStopMode_disable__E)
                  00007764    0000002c                          : LoggerStopMode.oem4f (.text:ti_uia_runtime_LoggerStopMode_enable__E)
                  00007790    0000002c     ti.targets.arm.rtsarm.aem4f : System.oem4f (.text:xdc_runtime_System_rtsExit__I)
                  000077bc    0000002c                                 : Text.oem4f (.text:xdc_runtime_Text_cordText__F)
                  000077e8    0000002a     driverlib.lib : gpio.obj (.text:GPIODirModeSet)
                  00007812    0000002a     ti.targets.arm.rtsarm.aem4f : System.oem4f (.text:xdc_runtime_System_putchar__I)
                  0000783c    00000028     sysbios.aem4f : m3_Hwi_asm_switch.obj (.text:ti_sysbios_family_arm_m3_Hwi_initStacks__E)
                  00007864    00000028                   : BIOS.obj (.text:ti_sysbios_gates_GateMutex_Instance_init__F)
                  0000788c    00000028     ti.uia.runtime.aem4f : LogSync.oem4f (.text:ti_uia_runtime_LogSync_Module_startup__F)
                  000078b4    00000028                          : QueueDescriptor.oem4f (.text:ti_uia_runtime_QueueDescriptor_initHeader__E)
                  000078dc    00000026     ti.targets.arm.rtsarm.aem4f : System.oem4f (.text:xdc_runtime_System_avprintf__F)
                  00007902    00000002     --HOLE-- [fill = 0]
                  00007904    00000024     gpio_tivaware.aem4f : GPIO.oem4f (.text:GPIO_init)
                  00007928    00000024     sysbios.aem4f : BIOS.obj (.text:ti_sysbios_BIOS_registerRTSLock__I)
                  0000794c    00000024     main_pem4f.oem4f (.text:ti_sysbios_BIOS_startFunc__I)
                  00007970    00000024     sysbios.aem4f : BIOS.obj (.text:ti_sysbios_family_arm_m3_Hwi_Instance_finalize__F)
                  00007994    00000024                   : BIOS.obj (.text:ti_sysbios_family_arm_m3_Hwi_doTaskRestore__I)
                  000079b8    00000024     main_pem4f.oem4f (.text:ti_sysbios_gates_GateMutex_Object__delete__S)
                  000079dc    00000024     sysbios.aem4f : BIOS.obj (.text:ti_sysbios_knl_Clock_Module_startup__F)
                  00007a00    00000024                   : BIOS.obj (.text:ti_sysbios_knl_Swi_Module_startup__F)
                  00007a24    00000024     ti.uia.runtime.aem4f : LoggerStopMode.oem4f (.text:ti_uia_runtime_LoggerStopMode_Instance_finalize__F)
                  00007a48    00000024     ti.targets.arm.rtsarm.aem4f : System.oem4f (.text:xdc_runtime_System_vprintf__F)
                  00007a6c    00000022     main_pem4f.oem4f (.text:xdc_runtime_SysMin_output__I)
                  00007a8e    00000020     sysbios.aem4f : m3_Hwi_asm_switch.obj (.text:ti_sysbios_family_xxx_Hwi_switchAndRunFunc)
                  00007aae    00000002     --HOLE-- [fill = 0]
                  00007ab0    00000020     main_pem4f.oem4f (.text:ti_sysbios_gates_GateHwi_Object__delete__S)
                  00007ad0    00000020     main_pem4f.oem4f (.text:ti_sysbios_heaps_HeapMem_Object__delete__S)
                  00007af0    00000020     main_pem4f.oem4f (.text:ti_sysbios_knl_Semaphore_Object__destruct__S)
                  00007b10    00000020     sysbios.aem4f : BIOS.obj (.text:ti_sysbios_knl_Task_enter__I)
                  00007b30    00000020     main_pem4f.oem4f (.text:ti_uia_runtime_LoggerStopMode_Object__delete__S)
                  00007b50    00000020     ti.targets.arm.rtsarm.aem4f : Registry.oem4f (.text:xdc_runtime_Registry_findById__F)
                  00007b70    00000020                                 : SysMin.oem4f (.text:xdc_runtime_SysMin_Module_startup__F)
                  00007b90    0000001c     driverlib.lib : uart.obj (.text:UARTDisable)
                  00007bac    0000001c     sysbios.aem4f : BIOS.obj (.text:ti_sysbios_BIOS_rtsLock__I)
                  00007bc8    0000001c     main_pem4f.oem4f (.text:ti_sysbios_family_arm_m3_Hwi_Object__destruct__S)
                  00007be4    0000001c     main_pem4f.oem4f (.text:ti_sysbios_knl_Queue_Object__destruct__S)
                  00007c00    0000001c     ti.targets.arm.rtsarm.aem4f : Error.oem4f (.text:xdc_runtime_Error_check__F)
                  00007c1c    0000001c                                 : Memory.oem4f (.text:xdc_runtime_Memory_valloc__F)
                  00007c38    0000001c                                 : SysMin.oem4f (.text:xdc_runtime_SysMin_exit__F)
                  00007c54    0000001a     main_pem4f.oem4f (.text:ti_sysbios_family_arm_m3_Hwi_Handle__label__S)
                  00007c6e    0000001a     main_pem4f.oem4f (.text:ti_sysbios_gates_GateHwi_Handle__label__S)
                  00007c88    0000001a     main_pem4f.oem4f (.text:ti_sysbios_gates_GateMutex_Handle__label__S)
                  00007ca2    0000001a     main_pem4f.oem4f (.text:ti_sysbios_heaps_HeapMem_Handle__label__S)
                  00007cbc    0000001a     main_pem4f.oem4f (.text:ti_sysbios_knl_Swi_Handle__label__S)
                  00007cd6    0000001a     main_pem4f.oem4f (.text:ti_sysbios_knl_Task_Handle__label__S)
                  00007cf0    0000001a     main_pem4f.oem4f (.text:ti_uia_runtime_LoggerStopMode_Handle__label__S)
                  00007d0a    0000001a     main_pem4f.oem4f (.text:xdc_runtime_System_aprintf__E)
                  00007d24    0000001a     main_pem4f.oem4f (.text:xdc_runtime_System_printf__E)
                  00007d3e    00000018     driverlib.lib : gpio.obj (.text:GPIOPinTypeGPIOOutput)
                  00007d56    00000018     main_pem4f.oem4f (.text:free)
                  00007d6e    00000002     --HOLE-- [fill = 0]
                  00007d70    00000018     rtsv7M4_T_le_v4SPD16_eabi.lib : args_main.obj (.text)
                  00007d88    00000018     main_pem4f.oem4f (.text:ti_sysbios_family_arm_lm4_Timer_Module__startupDone__F)
                  00007da0    00000018     main_pem4f.oem4f (.text:ti_sysbios_family_arm_m3_Hwi_Module__startupDone__F)
                  00007db8    00000018     sysbios.aem4f : m3_TaskSupport_asm.obj (.text:ti_sysbios_family_arm_m3_TaskSupport_swap__E)
                  00007dd0    00000018                   : BIOS.obj (.text:ti_sysbios_gates_GateMutex_leave__E)
                  00007de8    00000018     main_pem4f.oem4f (.text:ti_sysbios_hal_Timer_Module__startupDone__F)
                  00007e00    00000018     ti.targets.arm.rtsarm.aem4f : Text.oem4f (.text:xdc_runtime_Text_ropeText__F)
                  00007e18    00000016     ti.uia.runtime.aem4f : LoggerStopMode.oem4f (.text:ti_uia_runtime_LoggerStopMode_getFreeSize__E)
                  00007e2e    00000016                          : LoggerStopMode.oem4f (.text:ti_uia_runtime_LoggerStopMode_getUnreadSize__E)
                  00007e44    00000014     driverlib.lib : uart.obj (.text:UARTEnable)
                  00007e58    00000014     rtsv7M4_T_le_v4SPD16_eabi.lib : _lock.obj (.text)
                  00007e6c    00000014                                   : strlen.obj (.text)
                  00007e80    00000014     sysbios.aem4f : BIOS.obj (.text:ti_sysbios_family_arm_m3_Hwi_switchFromBootStack__E)
                  00007e94    00000014     main_pem4f.oem4f (.text:ti_sysbios_heaps_HeapMem_Object__get__S)
                  00007ea8    00000014     main_pem4f.oem4f (.text:ti_sysbios_knl_Swi_Object__get__S)
                  00007ebc    00000014     main_pem4f.oem4f (.text:ti_sysbios_knl_Task_Object__get__S)
                  00007ed0    00000014     ti.targets.arm.rtsarm.aem4f : System.oem4f (.text:xdc_runtime_System_abort__F)
                  00007ee4    00000012     driverlib.lib : gpio.obj (.text:GPIOPinTypeGPIOInput)
                  00007ef6    00000012                   : gpio.obj (.text:GPIOPinTypeUART)
                  00007f08    00000012     rtsv7M4_T_le_v4SPD16_eabi.lib : copy_zero_init.obj (.text:decompress:ZI)
                  00007f1a    00000012     sysbios.aem4f : BIOS.obj (.text:ti_sysbios_hal_Hwi_Module_startup__F)
                  00007f2c    00000012                   : BIOS.obj (.text:ti_sysbios_hal_Timer_Module_startup__F)
                  00007f3e    00000012     ti.uia.runtime.aem4f : LoggerStopMode.oem4f (.text:ti_uia_runtime_LoggerStopMode_write1__E)
                  00007f50    00000012                          : LoggerStopMode.oem4f (.text:ti_uia_runtime_LoggerStopMode_write2__E)
                  00007f62    00000012     main_pem4f.oem4f (.text:xdc_runtime_Startup_exec__I)
                  00007f74    00000010     rtsv7M4_T_le_v4SPD16_eabi.lib : strcpy.obj (.text)
                  00007f84    00000010     sysbios.aem4f : BIOS.obj (.text:ti_sysbios_BIOS_getCpuFreq__E)
                  00007f94    00000010                   : BIOS.obj (.text:ti_sysbios_BIOS_setThreadType__E)
                  00007fa4    00000010                   : BIOS.obj (.text:ti_sysbios_BIOS_start__E)
                  00007fb4    00000010                   : BIOS.obj (.text:ti_sysbios_family_arm_lm4_TimestampProvider_rolloverFunc__E)
                  00007fc4    00000010                   : BIOS.obj (.text:ti_sysbios_family_arm_m3_Hwi_excHandler__I)
                  00007fd4    00000010                   : m3_TaskSupport_asm.obj (.text:ti_sysbios_family_arm_m3_TaskSupport_glue)
                  00007fe4    00000010                   : m3_Hwi_asm_switch.obj (.text:ti_sysbios_family_xxx_Hwi_switchToIsrStack)
                  00007ff4    00000010                   : BIOS.obj (.text:ti_sysbios_gates_GateMutex_Instance_finalize__F)
                  00008004    00000010     main_pem4f.oem4f (.text:ti_sysbios_io_DEV_Object__get__S)
                  00008014    00000010     main_pem4f.oem4f (.text:ti_sysbios_knl_Mailbox_Object__get__S)
                  00008024    00000010     sysbios.aem4f : BIOS.obj (.text:ti_sysbios_knl_Semaphore_Instance_finalize__F)
                  00008034    00000010                   : BIOS.obj (.text:ti_sysbios_knl_Swi_disable__E)
                  00008044    00000010                   : BIOS.obj (.text:ti_sysbios_knl_Task_disable__E)
                  00008054    00000010     main_pem4f.oem4f (.text:ti_uia_runtime_LoggerStopMode_Object__get__S)
                  00008064    00000010     ti.uia.runtime.aem4f : LoggerStopMode.oem4f (.text:ti_uia_runtime_LoggerStopMode_write0__E)
                  00008074    00000010     ti.targets.arm.rtsarm.aem4f : Gate.oem4f (.text:xdc_runtime_Gate_leaveSystem__F)
                  00008084    00000010                                 : Memory.oem4f (.text:xdc_runtime_Memory_free__F)
                  00008094    00000010                                 : SysMin.oem4f (.text:xdc_runtime_SysMin_ready__F)
                  000080a4    00000010                                 : System.oem4f (.text:xdc_runtime_System_vsnprintf__F)
                  000080b4    00000010     main_pem4f.oem4f (.text:xdc_runtime_Text_visitRope__I)
                  000080c4    0000000e     driverlib.lib : uart.obj (.text:UARTCharGetNonBlocking)
                  000080d2    0000000e                   : uart.obj (.text:UARTCharPutNonBlocking)
                  000080e0    0000000e     rtsv7M4_T_le_v4SPD16_eabi.lib : copy_decompress_none.obj (.text:decompress:none)
                  000080ee    0000000e     sysbios.aem4f : BIOS.obj (.text:ti_sysbios_knl_Queue_empty__E)
                  000080fc    0000000e     ti.uia.runtime.aem4f : LoggerStopMode.oem4f (.text:ti_uia_runtime_LoggerStopMode_isEmpty__E)
                  0000810a    00000002     --HOLE-- [fill = 0]
                  0000810c    0000000c     main_pem4f.oem4f (.text:.bootCodeSection:ti_catalog_arm_cortexm4_tiva_ce_Boot_init__I)
                  00008118    0000000c     sysbios.aem4f : BIOS.obj (.text:ti_sysbios_family_arm_lm4_Timer_masterDisable__I)
                  00008124    0000000c                   : BIOS.obj (.text:ti_sysbios_family_arm_lm4_TimestampProvider_startTimer__E)
                  00008130    0000000c     main_pem4f.oem4f (.text:ti_sysbios_family_arm_m3_Hwi_Params__init__S)
                  0000813c    0000000c     sysbios.aem4f : BIOS.obj (.text:ti_sysbios_family_arm_m3_Hwi_disableFxn__E)
                  00008148    0000000c                   : BIOS.obj (.text:ti_sysbios_family_arm_m3_TaskSupport_checkStack__E)
                  00008154    0000000c                   : m3_Hwi_asm_switch.obj (.text:ti_sysbios_family_xxx_Hwi_switchToTaskStack)
                  00008160    0000000c                   : BIOS.obj (.text:ti_sysbios_gates_GateHwi_enter__E)
                  0000816c    0000000c     main_pem4f.oem4f (.text:ti_sysbios_knl_Queue_Object__get__S)
                  00008178    0000000c     main_pem4f.oem4f (.text:ti_sysbios_knl_Semaphore_Params__init__S)
                  00008184    0000000c     sysbios.aem4f : BIOS.obj (.text:ti_sysbios_utils_Load_taskRegHook__E)
                  00008190    0000000c     ti.targets.arm.rtsarm.aem4f : Error.oem4f (.text:xdc_runtime_Error_init__F)
                  0000819c    0000000c                                 : Gate.oem4f (.text:xdc_runtime_Gate_enterSystem__F)
                  000081a8    0000000c                                 : Memory.oem4f (.text:xdc_runtime_Memory_calloc__F)
                  000081b4    0000000c                                 : Memory.oem4f (.text:xdc_runtime_Memory_getMaxDefaultTypeAlign__F)
                  000081c0    0000000c                                 : System.oem4f (.text:xdc_runtime_System_exit__F)
                  000081cc    0000000c                                 : System.oem4f (.text:xdc_runtime_System_lastFxn__I)
                  000081d8    0000000a     driverlib.lib : uart.obj (.text:UARTCharGet)
                  000081e2    0000000a                   : uart.obj (.text:UARTCharPut)
                  000081ec    0000000a                   : uart.obj (.text:UARTIntDisable)
                  000081f6    0000000a                   : uart.obj (.text:UARTIntStatus)
                  00008200    0000000a     main_pem4f.oem4f (.text:xdc_runtime_IHeap_alloc)
                  0000820a    0000000a     main_pem4f.oem4f (.text:xdc_runtime_IHeap_free)
                  00008214    00000008     driverlib.lib : uart.obj (.text:UARTIntEnable)
                  0000821c    00000008     uart_tivaware.aem4f : UARTTiva.oem4f (.text:UARTTiva_init)
                  00008224    00000008                         : UARTTiva.oem4f (.text:readSemCallback)
                  0000822c    00000008     sysbios.aem4f : BIOS.obj (.text:ti_sysbios_family_arm_m3_Hwi_doSwiRestore__I)
                  00008234    00000008                   : BIOS.obj (.text:ti_sysbios_family_arm_m3_Hwi_startup__E)
                  0000823c    00000008                   : BIOS.obj (.text:ti_sysbios_knl_Idle_loop__E)
                  00008244    00000008     uart_tivaware.aem4f : UARTTiva.oem4f (.text:writeSemCallback)
                  0000824c    00000006     driverlib.lib : gpio.obj (.text:GPIOPinWrite)
                  00008252    00000006                   : sysctl.obj (.text:SysCtlDelay)
                  00008258    00000006                   : uart.obj (.text:UARTFIFOLevelSet)
                  0000825e    00000006     ti.targets.arm.rtsarm.aem4f : xdc_noinit.oem4f (.text:__xdc__init)
                  00008264    00000006     rtsv7M4_T_le_v4SPD16_eabi.lib : copy_decompress_rle.obj (.text:decompress:rle24)
                  0000826a    00000006     Boot.aem4f : Boot_sysctl.oem4f (.text:ti_catalog_arm_cortexm4_tiva_ce_Boot_sysCtlDelayI__I)
                  00008270    00000006     sysbios.aem4f : BIOS.obj (.text:ti_sysbios_family_arm_lm4_TimestampProvider_Module_startup__F)
                  00008276    00000006                   : BIOS.obj (.text:ti_sysbios_family_arm_m3_Hwi_restoreFxn__E)
                  0000827c    00000006                   : BIOS.obj (.text:ti_sysbios_gates_GateHwi_leave__E)
                  00008282    00000006                   : BIOS.obj (.text:ti_sysbios_heaps_HeapMem_isBlocking__E)
                  00008288    00000006                   : BIOS.obj (.text:ti_sysbios_knl_Queue_Instance_init__F)
                  0000828e    00000006     ti.uia.runtime.aem4f : LoggerStopMode.oem4f (.text:ti_uia_runtime_LoggerStopMode_getPriority__E)
                  00008294    00000006                          : LoggerStopMode.oem4f (.text:ti_uia_runtime_LoggerStopMode_getTransferType__F)
                  0000829a    00000006     ti.targets.arm.rtsarm.aem4f : System.oem4f (.text:xdc_runtime_System_Module_startup__F)
                  000082a0    00000004     driverlib.lib : uart.obj (.text:UARTIntClear)
                  000082a4    00000004     main_pem4f.oem4f (.text:ti_sysbios_BIOS_RtsGateProxy_enter__E)
                  000082a8    00000004     main_pem4f.oem4f (.text:ti_sysbios_BIOS_RtsGateProxy_leave__E)
                  000082ac    00000004     sysbios.aem4f : BIOS.obj (.text:ti_sysbios_family_arm_lm4_Timer_getPeriod__E)
                  000082b0    00000004                   : BIOS.obj (.text:ti_sysbios_family_arm_lm4_Timer_masterEnable__I)
                  000082b4    00000004     main_pem4f.oem4f (.text:ti_sysbios_family_arm_m3_TaskSupport_Module__startupDone__S)
                  000082b8    00000004     sysbios.aem4f : BIOS.obj (.text:ti_sysbios_gates_GateHwi_query__F)
                  000082bc    00000004                   : BIOS.obj (.text:ti_sysbios_gates_GateMutex_query__F)
                  000082c0    00000004     main_pem4f.oem4f (.text:ti_sysbios_hal_Hwi_HwiProxy_Module__startupDone__S)
                  000082c4    00000004     main_pem4f.oem4f (.text:ti_sysbios_hal_Timer_TimerProxy_Module__startupDone__S)
                  000082c8    00000004     main_pem4f.oem4f (.text:ti_sysbios_hal_Timer_TimerProxy_getPeriod__E)
                  000082cc    00000004     main_pem4f.oem4f (.text:ti_sysbios_heaps_HeapMem_Module_GateProxy_enter__E)
                  000082d0    00000004     main_pem4f.oem4f (.text:ti_sysbios_heaps_HeapMem_Module_GateProxy_leave__E)
                  000082d4    00000004     main_pem4f.oem4f (.text:ti_sysbios_knl_Task_SupportProxy_Module__startupDone__S)
                  000082d8    00000004     sysbios.aem4f : BIOS.obj (.text:ti_sysbios_knl_Task_startup__E)
                  000082dc    00000004     main_pem4f.oem4f (.text:ti_uia_runtime_LogSync_CpuTimestampProxy_Module__startupDone__S)
                  000082e0    00000004     main_pem4f.oem4f (.text:ti_uia_runtime_LogSync_GlobalTimestampProxy_Module__startupDone__S)
                  000082e4    00000004     ti.uia.runtime.aem4f : LoggerStopMode.oem4f (.text:ti_uia_runtime_LoggerStopMode_getInstanceId__E)
                  000082e8    00000004                          : LoggerStopMode.oem4f (.text:ti_uia_runtime_LoggerStopMode_getMaxLength__E)
                  000082ec    00000004                          : LoggerStopMode.oem4f (.text:ti_uia_runtime_LoggerStopMode_setPriority__E)
                  000082f0    00000004     ti.targets.arm.rtsarm.aem4f : Error.oem4f (.text:xdc_runtime_Error_getSite__F)
                  000082f4    00000004     main_pem4f.oem4f (.text:xdc_runtime_Memory_HeapProxy_alloc__E)
                  000082f8    00000004     main_pem4f.oem4f (.text:xdc_runtime_Memory_HeapProxy_free__E)
                  000082fc    00000004     main_pem4f.oem4f (.text:xdc_runtime_System_Module_GateProxy_enter__E)
                  00008300    00000004     main_pem4f.oem4f (.text:xdc_runtime_System_Module_GateProxy_leave__E)
                  00008304    00000004     ti.targets.arm.rtsarm.aem4f : System.oem4f (.text:xdc_runtime_System_aprintf_va__F)
                  00008308    00000004                                 : System.oem4f (.text:xdc_runtime_System_printf_va__F)
                  0000830c    00000004     main_pem4f.oem4f (.text:xdc_runtime_System_vsnprintf__E)
                  00008310    00000004     main_pem4f.oem4f (.text:xdc_runtime_TimestampNull_Module__startupDone__S)
                  00008314    00000004     main_pem4f.oem4f (.text:xdc_runtime_Timestamp_Module__startupDone__S)

.const     0    00008318    00002ec6     
                  00008318    000023a9     main_pem4f.oem4f (.const:xdc_runtime_Text_charTab__A)
                  0000a6c1    00000001     main_pem4f.oem4f (.const:xdc_runtime_Error_policy__C)
                  0000a6c2    00000140     main_pem4f.oem4f (.const:xdc_runtime_Text_nodeTab__A)
                  0000a802    000000d8     main_pem4f.oem4f (.const:ti_sysbios_family_arm_m3_Hwi_priorities__A)
                  0000a8da    00000002     main_pem4f.oem4f (.const:ti_catalog_arm_cortexm4_tiva_ce_Boot_Module__id__C)
                  0000a8dc    00000090     driverlib.lib : gpio.obj (.const:g_pui32GPIOBaseAddrs)
                  0000a96c    0000006c     EK_LM4F120XL.obj (.const:UART_config)
                  0000a9d8    0000006c     driverlib.lib : sysctl.obj (.const:g_pui32Xtals)
                  0000aa44    00000060     main_pem4f.oem4f (.const:ti_uia_runtime_LoggerStopMode_Module__FXNS__C)
                  0000aaa4    00000048     main_pem4f.oem4f (.const:.string)
                  0000aaec    00000040     EK_LM4F120XL.obj (.const:uartTivaHWAttrs)
                  0000ab2c    0000003c     EK_LM4F120XL.obj (.const:gpioHWAttrs)
                  0000ab68    00000038     main_pem4f.oem4f (.const:xdc_runtime_Startup_sfxnTab__A)
                  0000aba0    00000030     main_pem4f.oem4f (.const:ti_sysbios_family_arm_m3_Hwi_Object__PARAMS__C)
                  0000abd0    00000030     main_pem4f.oem4f (.const:ti_sysbios_knl_Task_hooks__A)
                  0000ac00    00000030     main_pem4f.oem4f (.const:ti_uia_runtime_LoggerStopMode_Object__PARAMS__C)
                  0000ac30    00000028     main_pem4f.oem4f (.const:ti_sysbios_heaps_HeapMem_Module__FXNS__C)
                  0000ac58    00000024     uart_tivaware.aem4f : UARTTiva.oem4f (.const:UARTTiva_fxnTable)
                  0000ac7c    00000024     main_pem4f.oem4f (.const:ti_sysbios_gates_GateHwi_Module__FXNS__C)
                  0000aca0    00000024     main_pem4f.oem4f (.const:ti_sysbios_gates_GateMutex_Module__FXNS__C)
                  0000acc4    00000024     main_pem4f.oem4f (.const:ti_sysbios_heaps_HeapMem_Object__PARAMS__C)
                  0000ace8    00000024     main_pem4f.oem4f (.const:ti_sysbios_knl_Semaphore_Object__PARAMS__C)
                  0000ad0c    00000020     main_pem4f.oem4f (.const:ti_sysbios_family_arm_m3_Hwi_Object__DESC__C)
                  0000ad2c    00000020     main_pem4f.oem4f (.const:ti_sysbios_gates_GateHwi_Object__DESC__C)
                  0000ad4c    00000020     main_pem4f.oem4f (.const:ti_sysbios_gates_GateMutex_Object__DESC__C)
                  0000ad6c    00000020     main_pem4f.oem4f (.const:ti_sysbios_heaps_HeapMem_Object__DESC__C)
                  0000ad8c    00000020     main_pem4f.oem4f (.const:ti_sysbios_knl_Queue_Object__DESC__C)
                  0000adac    00000020     main_pem4f.oem4f (.const:ti_sysbios_knl_Semaphore_Object__DESC__C)
                  0000adcc    00000020     main_pem4f.oem4f (.const:ti_uia_runtime_LoggerStopMode_Object__DESC__C)
                  0000adec    00000020     uart_tivaware.aem4f : UART.oem4f (.const)
                  0000ae0c    0000001c     main_pem4f.oem4f (.const:xdc_runtime_Startup_sfxnRts__A)
                  0000ae28    00000018     EK_LM4F120XL.obj (.const)
                  0000ae40    00000018     main_pem4f.oem4f (.const:ti_sysbios_gates_GateHwi_Object__PARAMS__C)
                  0000ae58    00000018     main_pem4f.oem4f (.const:ti_sysbios_gates_GateMutex_Object__PARAMS__C)
                  0000ae70    00000018     main_pem4f.oem4f (.const:ti_sysbios_knl_Queue_Object__PARAMS__C)
                  0000ae88    00000014     main_pem4f.oem4f (.const:xdc_runtime_Startup_firstFxns__A)
                  0000ae9c    00000011     ti.targets.arm.rtsarm.aem4f : System.oem4f (.const)
                  0000aead    00000001     --HOLE-- [fill = 0]
                  0000aeae    00000002     main_pem4f.oem4f (.const:ti_sysbios_BIOS_Module__id__C)
                  0000aeb0    00000008     main_pem4f.oem4f (.const:ti_sysbios_family_arm_m3_Hwi_excHookFuncs__A)
                  0000aeb8    00000008     main_pem4f.oem4f (.const:ti_sysbios_knl_Idle_coreList__A)
                  0000aec0    00000008     main_pem4f.oem4f (.const:ti_sysbios_knl_Idle_coreList__C)
                  0000aec8    00000008     main_pem4f.oem4f (.const:ti_sysbios_knl_Idle_funcList__A)
                  0000aed0    00000008     main_pem4f.oem4f (.const:ti_sysbios_knl_Idle_funcList__C)
                  0000aed8    00000008     main_pem4f.oem4f (.const:ti_sysbios_knl_Task_hooks__C)
                  0000aee0    00000008     main_pem4f.oem4f (.const:xdc_runtime_Startup_firstFxns__C)
                  0000aee8    00000008     main_pem4f.oem4f (.const:xdc_runtime_Startup_lastFxns__A)
                  0000aef0    00000008     main_pem4f.oem4f (.const:xdc_runtime_Startup_lastFxns__C)
                  0000aef8    00000004     main_pem4f.oem4f (.const:ti_catalog_arm_cortexm4_tiva_ce_Boot_A_mustUseEnhancedClockMode__C)
                  0000aefc    00000004     main_pem4f.oem4f (.const:ti_catalog_arm_cortexm4_tiva_ce_Boot_Module__diagsEnabled__C)
                  0000af00    00000004     main_pem4f.oem4f (.const:ti_catalog_arm_cortexm4_tiva_ce_Boot_Module__diagsIncluded__C)
                  0000af04    00000004     main_pem4f.oem4f (.const:ti_catalog_arm_cortexm4_tiva_ce_Boot_Module__diagsMask__C)
                  0000af08    00000004     main_pem4f.oem4f (.const:ti_sysbios_BIOS_Module__diagsEnabled__C)
                  0000af0c    00000004     main_pem4f.oem4f (.const:ti_sysbios_BIOS_Module__diagsIncluded__C)
                  0000af10    00000004     main_pem4f.oem4f (.const:ti_sysbios_BIOS_Module__diagsMask__C)
                  0000af14    00000004     main_pem4f.oem4f (.const:ti_sysbios_BIOS_installedErrorHook__C)
                  0000af18    00000004     main_pem4f.oem4f (.const:ti_sysbios_family_arm_lm4_Timer_enableFunc__C)
                  0000af1c    00000004     main_pem4f.oem4f (.const:ti_sysbios_family_arm_lm4_Timer_numTimerDevices__C)
                  0000af20    00000004     main_pem4f.oem4f (.const:ti_sysbios_family_arm_lm4_Timer_startupNeeded__C)
                  0000af24    00000004     main_pem4f.oem4f (.const:ti_sysbios_family_arm_m3_Hwi_E_NMI__C)
                  0000af28    00000004     main_pem4f.oem4f (.const:ti_sysbios_family_arm_m3_Hwi_E_alreadyDefined__C)
                  0000af2c    00000004     main_pem4f.oem4f (.const:ti_sysbios_family_arm_m3_Hwi_E_busFault__C)
                  0000af30    00000004     main_pem4f.oem4f (.const:ti_sysbios_family_arm_m3_Hwi_E_debugMon__C)
                  0000af34    00000004     main_pem4f.oem4f (.const:ti_sysbios_family_arm_m3_Hwi_E_hardFault__C)
                  0000af38    00000004     main_pem4f.oem4f (.const:ti_sysbios_family_arm_m3_Hwi_E_memFault__C)
                  0000af3c    00000004     main_pem4f.oem4f (.const:ti_sysbios_family_arm_m3_Hwi_E_noIsr__C)
                  0000af40    00000004     main_pem4f.oem4f (.const:ti_sysbios_family_arm_m3_Hwi_E_reserved__C)
                  0000af44    00000004     main_pem4f.oem4f (.const:ti_sysbios_family_arm_m3_Hwi_E_svCall__C)
                  0000af48    00000004     main_pem4f.oem4f (.const:ti_sysbios_family_arm_m3_Hwi_E_usageFault__C)
                  0000af4c    00000004     main_pem4f.oem4f (.const:ti_sysbios_family_arm_m3_Hwi_LD_end__C)
                  0000af50    00000004     main_pem4f.oem4f (.const:ti_sysbios_family_arm_m3_Hwi_LM_begin__C)
                  0000af54    00000004     main_pem4f.oem4f (.const:ti_sysbios_family_arm_m3_Hwi_Module__diagsEnabled__C)
                  0000af58    00000004     main_pem4f.oem4f (.const:ti_sysbios_family_arm_m3_Hwi_Module__diagsIncluded__C)
                  0000af5c    00000004     main_pem4f.oem4f (.const:ti_sysbios_family_arm_m3_Hwi_Module__diagsMask__C)
                  0000af60    00000004     main_pem4f.oem4f (.const:ti_sysbios_family_arm_m3_Hwi_Module__loggerFxn1__C)
                  0000af64    00000004     main_pem4f.oem4f (.const:ti_sysbios_family_arm_m3_Hwi_Module__loggerFxn8__C)
                  0000af68    00000004     main_pem4f.oem4f (.const:ti_sysbios_family_arm_m3_Hwi_Module__loggerObj__C)
                  0000af6c    00000004     main_pem4f.oem4f (.const:ti_sysbios_family_arm_m3_Hwi_NUM_INTERRUPTS__C)
                  0000af70    00000004     main_pem4f.oem4f (.const:ti_sysbios_family_arm_m3_Hwi_ccr__C)
                  0000af74    00000004     main_pem4f.oem4f (.const:ti_sysbios_family_arm_m3_Hwi_dispatchTable__C)
                  0000af78    00000004     main_pem4f.oem4f (.const:ti_sysbios_family_arm_m3_Hwi_excHandlerFunc__C)
                  0000af7c    00000004     main_pem4f.oem4f (.const:ti_sysbios_family_arm_m3_Hwi_excHookFuncs__C)
                  0000af80    00000004     main_pem4f.oem4f (.const:ti_sysbios_family_arm_m3_Hwi_priGroup__C)
                  0000af84    00000004     main_pem4f.oem4f (.const:ti_sysbios_family_arm_m3_Hwi_priorities__C)
                  0000af88    00000004     main_pem4f.oem4f (.const:ti_sysbios_gates_GateMutex_A_badContext__C)
                  0000af8c    00000004     main_pem4f.oem4f (.const:ti_sysbios_gates_GateMutex_Instance_State_sem__O)
                  0000af90    00000004     main_pem4f.oem4f (.const:ti_sysbios_gates_GateMutex_Module__diagsEnabled__C)
                  0000af94    00000004     main_pem4f.oem4f (.const:ti_sysbios_gates_GateMutex_Module__diagsIncluded__C)
                  0000af98    00000004     main_pem4f.oem4f (.const:ti_sysbios_gates_GateMutex_Module__diagsMask__C)
                  0000af9c    00000004     main_pem4f.oem4f (.const:ti_sysbios_hal_Hwi_E_stackOverflow__C)
                  0000afa0    00000004     main_pem4f.oem4f (.const:ti_sysbios_heaps_HeapMem_A_align__C)
                  0000afa4    00000004     main_pem4f.oem4f (.const:ti_sysbios_heaps_HeapMem_A_heapSize__C)
                  0000afa8    00000004     main_pem4f.oem4f (.const:ti_sysbios_heaps_HeapMem_A_invalidFree__C)
                  0000afac    00000004     main_pem4f.oem4f (.const:ti_sysbios_heaps_HeapMem_A_zeroBlock__C)
                  0000afb0    00000004     main_pem4f.oem4f (.const:ti_sysbios_heaps_HeapMem_E_memory__C)
                  0000afb4    00000004     main_pem4f.oem4f (.const:ti_sysbios_heaps_HeapMem_Module__diagsEnabled__C)
                  0000afb8    00000004     main_pem4f.oem4f (.const:ti_sysbios_heaps_HeapMem_Module__diagsIncluded__C)
                  0000afbc    00000004     main_pem4f.oem4f (.const:ti_sysbios_heaps_HeapMem_Module__diagsMask__C)
                  0000afc0    00000004     main_pem4f.oem4f (.const:ti_sysbios_heaps_HeapMem_Module__gateObj__C)
                  0000afc4    00000004     main_pem4f.oem4f (.const:ti_sysbios_heaps_HeapMem_Object__count__C)
                  0000afc8    00000004     main_pem4f.oem4f (.const:ti_sysbios_heaps_HeapMem_reqAlign__C)
                  0000afcc    00000004     main_pem4f.oem4f (.const:ti_sysbios_io_DEV_Object__count__C)
                  0000afd0    00000004     main_pem4f.oem4f (.const:ti_sysbios_io_DEV_tableSize__C)
                  0000afd4    00000004     main_pem4f.oem4f (.const:ti_sysbios_knl_Clock_LM_begin__C)
                  0000afd8    00000004     main_pem4f.oem4f (.const:ti_sysbios_knl_Clock_LM_tick__C)
                  0000afdc    00000004     main_pem4f.oem4f (.const:ti_sysbios_knl_Clock_LW_delayed__C)
                  0000afe0    00000004     main_pem4f.oem4f (.const:ti_sysbios_knl_Clock_Module_State_clockQ__O)
                  0000afe4    00000004     main_pem4f.oem4f (.const:ti_sysbios_knl_Clock_Module__diagsEnabled__C)
                  0000afe8    00000004     main_pem4f.oem4f (.const:ti_sysbios_knl_Clock_Module__diagsIncluded__C)
                  0000afec    00000004     main_pem4f.oem4f (.const:ti_sysbios_knl_Clock_Module__diagsMask__C)
                  0000aff0    00000004     main_pem4f.oem4f (.const:ti_sysbios_knl_Clock_Module__loggerFxn1__C)
                  0000aff4    00000004     main_pem4f.oem4f (.const:ti_sysbios_knl_Clock_Module__loggerFxn2__C)
                  0000aff8    00000004     main_pem4f.oem4f (.const:ti_sysbios_knl_Clock_Module__loggerObj__C)
                  0000affc    00000004     main_pem4f.oem4f (.const:ti_sysbios_knl_Mailbox_Instance_State_freeQue__O)
                  0000b000    00000004     main_pem4f.oem4f (.const:ti_sysbios_knl_Mailbox_Object__count__C)
                  0000b004    00000004     main_pem4f.oem4f (.const:ti_sysbios_knl_Semaphore_A_badContext__C)
                  0000b008    00000004     main_pem4f.oem4f (.const:ti_sysbios_knl_Semaphore_A_noEvents__C)
                  0000b00c    00000004     main_pem4f.oem4f (.const:ti_sysbios_knl_Semaphore_A_overflow__C)
                  0000b010    00000004     main_pem4f.oem4f (.const:ti_sysbios_knl_Semaphore_A_pendTaskDisabled__C)
                  0000b014    00000004     main_pem4f.oem4f (.const:ti_sysbios_knl_Semaphore_Instance_State_pendQ__O)
                  0000b018    00000004     main_pem4f.oem4f (.const:ti_sysbios_knl_Semaphore_LM_pend__C)
                  0000b01c    00000004     main_pem4f.oem4f (.const:ti_sysbios_knl_Semaphore_LM_post__C)
                  0000b020    00000004     main_pem4f.oem4f (.const:ti_sysbios_knl_Semaphore_Module__diagsEnabled__C)
                  0000b024    00000004     main_pem4f.oem4f (.const:ti_sysbios_knl_Semaphore_Module__diagsIncluded__C)
                  0000b028    00000004     main_pem4f.oem4f (.const:ti_sysbios_knl_Semaphore_Module__diagsMask__C)
                  0000b02c    00000004     main_pem4f.oem4f (.const:ti_sysbios_knl_Semaphore_Module__loggerFxn2__C)
                  0000b030    00000004     main_pem4f.oem4f (.const:ti_sysbios_knl_Semaphore_Module__loggerFxn4__C)
                  0000b034    00000004     main_pem4f.oem4f (.const:ti_sysbios_knl_Semaphore_Module__loggerObj__C)
                  0000b038    00000004     main_pem4f.oem4f (.const:ti_sysbios_knl_Swi_LD_end__C)
                  0000b03c    00000004     main_pem4f.oem4f (.const:ti_sysbios_knl_Swi_LM_begin__C)
                  0000b040    00000004     main_pem4f.oem4f (.const:ti_sysbios_knl_Swi_LM_post__C)
                  0000b044    00000004     main_pem4f.oem4f (.const:ti_sysbios_knl_Swi_Module__diagsEnabled__C)
                  0000b048    00000004     main_pem4f.oem4f (.const:ti_sysbios_knl_Swi_Module__diagsIncluded__C)
                  0000b04c    00000004     main_pem4f.oem4f (.const:ti_sysbios_knl_Swi_Module__diagsMask__C)
                  0000b050    00000004     main_pem4f.oem4f (.const:ti_sysbios_knl_Swi_Module__loggerFxn1__C)
                  0000b054    00000004     main_pem4f.oem4f (.const:ti_sysbios_knl_Swi_Module__loggerFxn4__C)
                  0000b058    00000004     main_pem4f.oem4f (.const:ti_sysbios_knl_Swi_Module__loggerObj__C)
                  0000b05c    00000004     main_pem4f.oem4f (.const:ti_sysbios_knl_Swi_Object__count__C)
                  0000b060    00000004     main_pem4f.oem4f (.const:ti_sysbios_knl_Task_E_spOutOfBounds__C)
                  0000b064    00000004     main_pem4f.oem4f (.const:ti_sysbios_knl_Task_E_stackOverflow__C)
                  0000b068    00000004     main_pem4f.oem4f (.const:ti_sysbios_knl_Task_LD_block__C)
                  0000b06c    00000004     main_pem4f.oem4f (.const:ti_sysbios_knl_Task_LD_exit__C)
                  0000b070    00000004     main_pem4f.oem4f (.const:ti_sysbios_knl_Task_LD_ready__C)
                  0000b074    00000004     main_pem4f.oem4f (.const:ti_sysbios_knl_Task_LM_switch__C)
                  0000b078    00000004     main_pem4f.oem4f (.const:ti_sysbios_knl_Task_Module_State_inactiveQ__O)
                  0000b07c    00000004     main_pem4f.oem4f (.const:ti_sysbios_knl_Task_Module__diagsEnabled__C)
                  0000b080    00000004     main_pem4f.oem4f (.const:ti_sysbios_knl_Task_Module__diagsIncluded__C)
                  0000b084    00000004     main_pem4f.oem4f (.const:ti_sysbios_knl_Task_Module__diagsMask__C)
                  0000b088    00000004     main_pem4f.oem4f (.const:ti_sysbios_knl_Task_Module__loggerFxn2__C)
                  0000b08c    00000004     main_pem4f.oem4f (.const:ti_sysbios_knl_Task_Module__loggerFxn4__C)
                  0000b090    00000004     main_pem4f.oem4f (.const:ti_sysbios_knl_Task_Module__loggerObj__C)
                  0000b094    00000004     main_pem4f.oem4f (.const:ti_sysbios_knl_Task_Object__count__C)
                  0000b098    00000004     main_pem4f.oem4f (.const:ti_sysbios_knl_Task_Object__heap__C)
                  0000b09c    00000004     main_pem4f.oem4f (.const:ti_sysbios_knl_Task_allBlockedFunc__C)
                  0000b0a0    00000004     main_pem4f.oem4f (.const:ti_sysbios_knl_Task_numConstructedTasks__C)
                  0000b0a4    00000004     main_pem4f.oem4f (.const:ti_sysbios_utils_Load_LS_cpuLoad__C)
                  0000b0a8    00000004     main_pem4f.oem4f (.const:ti_sysbios_utils_Load_LS_hwiLoad__C)
                  0000b0ac    00000004     main_pem4f.oem4f (.const:ti_sysbios_utils_Load_LS_taskLoad__C)
                  0000b0b0    00000004     main_pem4f.oem4f (.const:ti_sysbios_utils_Load_Module_State_taskList__O)
                  0000b0b4    00000004     main_pem4f.oem4f (.const:ti_sysbios_utils_Load_Module__diagsEnabled__C)
                  0000b0b8    00000004     main_pem4f.oem4f (.const:ti_sysbios_utils_Load_Module__diagsIncluded__C)
                  0000b0bc    00000004     main_pem4f.oem4f (.const:ti_sysbios_utils_Load_Module__diagsMask__C)
                  0000b0c0    00000004     main_pem4f.oem4f (.const:ti_sysbios_utils_Load_Module__loggerFxn1__C)
                  0000b0c4    00000004     main_pem4f.oem4f (.const:ti_sysbios_utils_Load_Module__loggerFxn2__C)
                  0000b0c8    00000004     main_pem4f.oem4f (.const:ti_sysbios_utils_Load_Module__loggerFxn4__C)
                  0000b0cc    00000004     main_pem4f.oem4f (.const:ti_sysbios_utils_Load_Module__loggerObj__C)
                  0000b0d0    00000004     main_pem4f.oem4f (.const:ti_sysbios_utils_Load_postUpdate__C)
                  0000b0d4    00000004     main_pem4f.oem4f (.const:ti_sysbios_utils_Load_windowInMs__C)
                  0000b0d8    00000004     main_pem4f.oem4f (.const:ti_uia_runtime_ILoggerSnapshot_Interface__BASE__C)
                  0000b0dc    00000004     main_pem4f.oem4f (.const:ti_uia_runtime_IUIATransfer_Interface__BASE__C)
                  0000b0e0    00000004     main_pem4f.oem4f (.const:ti_uia_runtime_LoggerStopMode_E_badLevel__C)
                  0000b0e4    00000004     main_pem4f.oem4f (.const:ti_uia_runtime_LoggerStopMode_Object__count__C)
                  0000b0e8    00000004     main_pem4f.oem4f (.const:ti_uia_runtime_LoggerStopMode_overflowLogger__C)
                  0000b0ec    00000004     main_pem4f.oem4f (.const:ti_uia_runtime_LoggerStopMode_statusLogger__C)
                  0000b0f0    00000004     main_pem4f.oem4f (.const:xdc_runtime_Assert_E_assertFailed__C)
                  0000b0f4    00000004     main_pem4f.oem4f (.const:xdc_runtime_Core_A_initializedParams__C)
                  0000b0f8    00000004     main_pem4f.oem4f (.const:xdc_runtime_Core_Module__diagsEnabled__C)
                  0000b0fc    00000004     main_pem4f.oem4f (.const:xdc_runtime_Core_Module__diagsIncluded__C)
                  0000b100    00000004     main_pem4f.oem4f (.const:xdc_runtime_Core_Module__diagsMask__C)
                  0000b104    00000004     main_pem4f.oem4f (.const:xdc_runtime_Error_E_generic__C)
                  0000b108    00000004     main_pem4f.oem4f (.const:xdc_runtime_Error_E_memory__C)
                  0000b10c    00000004     main_pem4f.oem4f (.const:xdc_runtime_Error_Module__diagsEnabled__C)
                  0000b110    00000004     main_pem4f.oem4f (.const:xdc_runtime_Error_Module__diagsIncluded__C)
                  0000b114    00000004     main_pem4f.oem4f (.const:xdc_runtime_Error_Module__diagsMask__C)
                  0000b118    00000004     main_pem4f.oem4f (.const:xdc_runtime_Error_Module__loggerFxn8__C)
                  0000b11c    00000004     main_pem4f.oem4f (.const:xdc_runtime_Error_Module__loggerObj__C)
                  0000b120    00000004     main_pem4f.oem4f (.const:xdc_runtime_Error_raiseHook__C)
                  0000b124    00000004     main_pem4f.oem4f (.const:xdc_runtime_IFilterLogger_Interface__BASE__C)
                  0000b128    00000004     main_pem4f.oem4f (.const:xdc_runtime_IGateProvider_Interface__BASE__C)
                  0000b12c    00000004     main_pem4f.oem4f (.const:xdc_runtime_IHeap_Interface__BASE__C)
                  0000b130    00000004     main_pem4f.oem4f (.const:xdc_runtime_ILogger_Interface__BASE__C)
                  0000b134    00000004     main_pem4f.oem4f (.const:xdc_runtime_IModule_Interface__BASE__C)
                  0000b138    00000004     main_pem4f.oem4f (.const:xdc_runtime_Log_L_error__C)
                  0000b13c    00000004     main_pem4f.oem4f (.const:xdc_runtime_Log_L_warning__C)
                  0000b140    00000004     main_pem4f.oem4f (.const:xdc_runtime_Main_Module__diagsEnabled__C)
                  0000b144    00000004     main_pem4f.oem4f (.const:xdc_runtime_Main_Module__diagsIncluded__C)
                  0000b148    00000004     main_pem4f.oem4f (.const:xdc_runtime_Main_Module__diagsMask__C)
                  0000b14c    00000004     main_pem4f.oem4f (.const:xdc_runtime_Main_Module__loggerFxn2__C)
                  0000b150    00000004     main_pem4f.oem4f (.const:xdc_runtime_Main_Module__loggerFxn4__C)
                  0000b154    00000004     main_pem4f.oem4f (.const:xdc_runtime_Main_Module__loggerObj__C)
                  0000b158    00000004     main_pem4f.oem4f (.const:xdc_runtime_Memory_defaultHeapInstance__C)
                  0000b15c    00000004     main_pem4f.oem4f (.const:xdc_runtime_Startup_execImpl__C)
                  0000b160    00000004     main_pem4f.oem4f (.const:xdc_runtime_Startup_maxPasses__C)
                  0000b164    00000004     main_pem4f.oem4f (.const:xdc_runtime_Startup_sfxnRts__C)
                  0000b168    00000004     main_pem4f.oem4f (.const:xdc_runtime_Startup_sfxnTab__C)
                  0000b16c    00000004     main_pem4f.oem4f (.const:xdc_runtime_SysMin_bufSize__C)
                  0000b170    00000004     main_pem4f.oem4f (.const:xdc_runtime_SysMin_outputFunc__C)
                  0000b174    00000004     main_pem4f.oem4f (.const:xdc_runtime_System_Module__gateObj__C)
                  0000b178    00000004     main_pem4f.oem4f (.const:xdc_runtime_System_extendFxn__C)
                  0000b17c    00000004     main_pem4f.oem4f (.const:xdc_runtime_System_maxAtexitHandlers__C)
                  0000b180    00000004     main_pem4f.oem4f (.const:xdc_runtime_Text_charTab__C)
                  0000b184    00000004     main_pem4f.oem4f (.const:xdc_runtime_Text_nameEmpty__C)
                  0000b188    00000004     main_pem4f.oem4f (.const:xdc_runtime_Text_nameStatic__C)
                  0000b18c    00000004     main_pem4f.oem4f (.const:xdc_runtime_Text_nameUnknown__C)
                  0000b190    00000004     main_pem4f.oem4f (.const:xdc_runtime_Text_nodeTab__C)
                  0000b194    00000004     main_pem4f.oem4f (.const:xdc_runtime_Text_visitRopeFxn__C)
                  0000b198    00000002     main_pem4f.oem4f (.const:ti_sysbios_family_arm_lm4_TimestampProvider_useClockTimer__C)
                  0000b19a    00000002     main_pem4f.oem4f (.const:ti_sysbios_family_arm_m3_Hwi_Module__id__C)
                  0000b19c    00000002     main_pem4f.oem4f (.const:ti_sysbios_family_arm_m3_Hwi_Module__loggerDefined__C)
                  0000b19e    00000002     main_pem4f.oem4f (.const:ti_sysbios_gates_GateMutex_Module__id__C)
                  0000b1a0    00000002     main_pem4f.oem4f (.const:ti_sysbios_hal_Hwi_Module__id__C)
                  0000b1a2    00000002     main_pem4f.oem4f (.const:ti_sysbios_heaps_HeapMem_Module__id__C)
                  0000b1a4    00000002     main_pem4f.oem4f (.const:ti_sysbios_io_DEV_Module__id__C)
                  0000b1a6    00000002     main_pem4f.oem4f (.const:ti_sysbios_knl_Clock_Module__id__C)
                  0000b1a8    00000002     main_pem4f.oem4f (.const:ti_sysbios_knl_Clock_Module__loggerDefined__C)
                  0000b1aa    00000002     main_pem4f.oem4f (.const:ti_sysbios_knl_Semaphore_Module__id__C)
                  0000b1ac    00000002     main_pem4f.oem4f (.const:ti_sysbios_knl_Semaphore_Module__loggerDefined__C)
                  0000b1ae    00000002     main_pem4f.oem4f (.const:ti_sysbios_knl_Swi_Module__id__C)
                  0000b1b0    00000002     main_pem4f.oem4f (.const:ti_sysbios_knl_Swi_Module__loggerDefined__C)
                  0000b1b2    00000002     main_pem4f.oem4f (.const:ti_sysbios_knl_Task_Module__id__C)
                  0000b1b4    00000002     main_pem4f.oem4f (.const:ti_sysbios_knl_Task_Module__loggerDefined__C)
                  0000b1b6    00000002     main_pem4f.oem4f (.const:ti_sysbios_knl_Task_initStackFlag__C)
                  0000b1b8    00000002     main_pem4f.oem4f (.const:ti_sysbios_utils_Load_Module__id__C)
                  0000b1ba    00000002     main_pem4f.oem4f (.const:ti_sysbios_utils_Load_Module__loggerDefined__C)
                  0000b1bc    00000002     main_pem4f.oem4f (.const:ti_sysbios_utils_Load_autoAddTasks__C)
                  0000b1be    00000002     main_pem4f.oem4f (.const:ti_sysbios_utils_Load_hwiEnabled__C)
                  0000b1c0    00000002     main_pem4f.oem4f (.const:ti_sysbios_utils_Load_updateInIdle__C)
                  0000b1c2    00000002     main_pem4f.oem4f (.const:ti_uia_runtime_LoggerStopMode_Module__id__C)
                  0000b1c4    00000002     main_pem4f.oem4f (.const:ti_uia_runtime_LoggerStopMode_filterByLevel__C)
                  0000b1c6    00000002     main_pem4f.oem4f (.const:ti_uia_runtime_LoggerStopMode_isTimestampEnabled__C)
                  0000b1c8    00000002     main_pem4f.oem4f (.const:xdc_runtime_Core_Module__id__C)
                  0000b1ca    00000002     main_pem4f.oem4f (.const:xdc_runtime_Error_Module__loggerDefined__C)
                  0000b1cc    00000002     main_pem4f.oem4f (.const:xdc_runtime_Error_maxDepth__C)
                  0000b1ce    00000002     main_pem4f.oem4f (.const:xdc_runtime_Main_Module__id__C)
                  0000b1d0    00000002     main_pem4f.oem4f (.const:xdc_runtime_Main_Module__loggerDefined__C)
                  0000b1d2    00000002     main_pem4f.oem4f (.const:xdc_runtime_Memory_Module__id__C)
                  0000b1d4    00000002     main_pem4f.oem4f (.const:xdc_runtime_SysMin_flushAtExit__C)
                  0000b1d6    00000002     main_pem4f.oem4f (.const:xdc_runtime_Text_charCnt__C)
                  0000b1d8    00000002     main_pem4f.oem4f (.const:xdc_runtime_Text_isLoaded__C)
                  0000b1da    00000002     main_pem4f.oem4f (.const:xdc_runtime_Text_registryModsLastId__C)
                  0000b1dc    00000002     main_pem4f.oem4f (.const:xdc_runtime_Text_unnamedModsLastId__C)

.cinit     0    0000b1e0    000005a0     
                  0000b1e0    0000056c     (.cinit..data.load) [load image, compression = rle]
                  0000b74c    0000000c     (__TI_handler_table)
                  0000b758    00000008     (.cinit..bss.load) [load image, compression = zero_init]
                  0000b760    00000008     (.cinit..vecs.load) [load image, compression = zero_init]
                  0000b768    00000018     (__TI_cinit_table)

.vecs      0    20000000    00000360     UNINITIALIZED
                  20000000    00000360     main_pem4f.oem4f (.vecs)

.bss       0    20000360    000034fa     UNINITIALIZED
                  20000360    00001000     main_pem4f.oem4f (.bss:taskStackSection)
                  20001360    00001000     main_pem4f.oem4f (.bss:ti_sysbios_heaps_HeapMem_Instance_State_0_buf__A)
                  20002360    00000480     main_pem4f.oem4f (.bss:ti_uia_runtime_LoggerStopMode_Instance_State_1_bufferArray__A)
                  200027e0    00000480     main_pem4f.oem4f (.bss:ti_uia_runtime_LoggerStopMode_Instance_State_2_bufferArray__A)
                  20002c60    00000440     EK_LM4F120XL.obj (.bss:uartTivaObjects)
                  200030a0    00000400     main_pem4f.oem4f (.bss:xdc_runtime_SysMin_Module_State_0_outbuf__A)
                  200034a0    00000280     main_pem4f.oem4f (.bss:ti_uia_runtime_LoggerStopMode_Instance_State_0_bufferArray__A)
                  20003720    00000120     rtsv7M4_T_le_v4SPD16_eabi.lib : trgmsg.obj (.bss:__CIOBUF_)
                  20003840    00000008     (.common:parmbuf)
                  20003848    00000008     (.common:ti_sysbios_knl_Task_Instance_State_0_hookEnv__A)
                  20003850    00000008     (.common:ti_sysbios_knl_Task_Instance_State_1_hookEnv__A)
                  20003858    00000001     (.common:value_byte_L)
                  20003859    00000001     (.common:value_byte_R)

.stack     0    2000385c    00001000     UNINITIALIZED
                  2000385c    00001000     --HOLE--

.data      0    2000485c    00000b08     UNINITIALIZED
                  2000485c    00000360     main_pem4f.oem4f (.data:ti_sysbios_family_arm_m3_Hwi_Module_State_0_dispatchTable__A)
                  20004bbc    00000204     main_pem4f.oem4f (.data)
                  20004dc0    00000108     main_pem4f.oem4f (.data:ti_uia_runtime_LoggerStopMode_Object__table__V)
                  20004ec8    000000a0     main_pem4f.oem4f (.data:ti_sysbios_knl_Task_Object__table__V)
                  20004f68    00000098     main_pem4f.oem4f (.data:ti_sysbios_utils_Load_Module__state__V)
                  20005000    00000080     main_pem4f.oem4f (.data:ti_sysbios_knl_Swi_Module_State_0_readyQ__A)
                  20005080    00000080     main_pem4f.oem4f (.data:ti_sysbios_knl_Task_Module_State_0_readyQ__A)
                  20005100    00000070     main_pem4f.oem4f (.data:ti_sysbios_family_arm_lm4_Timer_Object__table__V)
                  20005170    0000005c     main_pem4f.oem4f (.data:ti_sysbios_family_arm_m3_Hwi_Module__state__V)
                  200051cc    00000044     main_pem4f.oem4f (.data:ti_sysbios_knl_Task_Module__state__V)
                  20005210    00000038     main_pem4f.oem4f (.data:ti_sysbios_gates_GateMutex_Object__table__V)
                  20005248    00000038     main_pem4f.oem4f (.data:ti_sysbios_utils_Load_Module_State_0_taskEnv__A)
                  20005280    00000030     main_pem4f.oem4f (.data:ti_sysbios_family_arm_lm4_Timer_Module_State_0_device__A)
                  200052b0    00000030     main_pem4f.oem4f (.data:ti_sysbios_family_arm_m3_Hwi_Object__table__V)
                  200052e0    00000030     main_pem4f.oem4f (.data:ti_sysbios_knl_Swi_Object__table__V)
                  20005310    00000028     main_pem4f.oem4f (.data:ti_sysbios_knl_Clock_Module__state__V)
                  20005338    00000008     gpio_tivaware.aem4f : GPIO.oem4f (.data)
                  20005340    00000008     rtsv7M4_T_le_v4SPD16_eabi.lib : _lock.obj (.data)
                  20005348    00000008                                   : exit.obj (.data)
                  20005350    00000008     ti.uia.runtime.aem4f : QueueDescriptor.oem4f (.data)
                  20005358    00000004     rtsv7M4_T_le_v4SPD16_eabi.lib : dtor_list.obj (.data)
                  2000535c    00000004                                   : stkdepth_vars.obj (.data)
                  20005360    00000004     uart_tivaware.aem4f : UART.oem4f (.data)


LINKER GENERATED COPY TABLES

__TI_cinit_table @ 0000b768 records: 3, size/record: 8, table size: 24
	.data: load addr=0000b1e0, load size=0000056c bytes, run addr=2000485c, run size=00000b08 bytes, compression=rle
	.bss: load addr=0000b758, load size=00000008 bytes, run addr=20000360, run size=000034fa bytes, compression=zero_init
	.vecs: load addr=0000b760, load size=00000008 bytes, run addr=20000000, run size=00000360 bytes, compression=zero_init


LINKER GENERATED HANDLER TABLE

__TI_handler_table @ 0000b74c records: 3, size/record: 4, table size: 12
	index: 0, handler: __TI_zero_init
	index: 1, handler: __TI_decompress_rle24
	index: 2, handler: __TI_decompress_none


GLOBAL SYMBOLS: SORTED ALPHABETICALLY BY Name 

address    name
--------   ----
00006d41   C$$EXIT
00006577   C$$IO$$
00005b71   EK_LM4F120XL_initGPIO
00006fe5   EK_LM4F120XL_initGeneral
00003cd5   EK_LM4F120XL_initUART
000077e9   GPIODirModeSet
000036f1   GPIOPadConfigSet
00006abd   GPIOPinConfigure
00007ee5   GPIOPinTypeGPIOInput
00007d3f   GPIOPinTypeGPIOOutput
00007ef7   GPIOPinTypeUART
0000824d   GPIOPinWrite
0000ae28   GPIO_config
00007905   GPIO_init
00004701   GPIO_write
00001035   HOSTclock
00000ffd   HOSTclose
00000fbf   HOSTgetenv
00000f63   HOSTlseek
00000f11   HOSTopen
00000ec5   HOSTread
00000e67   HOSTrename
00000e2d   HOSTtime
00000df5   HOSTunlink
00000da9   HOSTwrite
UNDEFED    SHT$$INIT_ARRAY$$Base
UNDEFED    SHT$$INIT_ARRAY$$Limit
000049b9   SysCtlClockGet
00008253   SysCtlDelay
00007405   SysCtlPeripheralEnable
20004f18   TSK_idle
000081d9   UARTCharGet
000080c5   UARTCharGetNonBlocking
000081e3   UARTCharPut
000080d3   UARTCharPutNonBlocking
00006f61   UARTConfigSetExpClk
00007b91   UARTDisable
00007e45   UARTEnable
00008259   UARTFIFOLevelSet
000082a1   UARTIntClear
000081ed   UARTIntDisable
00008215   UARTIntEnable
000081f7   UARTIntStatus
00005589   UARTTiva_close
0000ac58   UARTTiva_fxnTable
0000821d   UARTTiva_init
0000107d   UARTTiva_open
00001e05   UARTTiva_read
00004b41   UARTTiva_readCancel
000024d5   UARTTiva_readPolling
00001c01   UARTTiva_write
00004a81   UARTTiva_writeCancel
00002905   UARTTiva_writePolling
00007439   UART_Params_init
0000a96c   UART_config
0000adec   UART_defaultParams
000071d5   UART_init
00006b05   UART_open
0000746d   UART_writePolling
00000000   __ASM__
20003720   __CIOBUF_
00000073   __ISA__
00000086   __PLAT__
2000485c   __STACK_END
00001000   __STACK_SIZE
2000395c   __STACK_TOP
000000a7   __TARG__
0000b768   __TI_CINIT_Base
0000b780   __TI_CINIT_Limit
0000b74c   __TI_Handler_Table_Base
0000b758   __TI_Handler_Table_Limit
00000001   __TI_args_main
00005629   __TI_auto_init
20005348   __TI_cleanup_ptr
000080e1   __TI_decompress_none
00008265   __TI_decompress_rle24
2000534c   __TI_dtors_ptr
0000657b   __TI_readmsg
00000000   __TI_static_base__
0000654d   __TI_writemsg
00007f09   __TI_zero_init
000000cd   __TRDR__
00004571   __aeabi_atexit
00005e03   __aeabi_memclr
00005e03   __aeabi_memclr4
00005e03   __aeabi_memclr8
00005769   __aeabi_memcpy
00005769   __aeabi_memcpy4
00005769   __aeabi_memcpy8
00005e05   __aeabi_memset
00005e05   __aeabi_memset4
00005e05   __aeabi_memset8
ffffffff   __binit__
ffffffff   __c_args__
0000455f   __cxa_atexit
00004519   __cxa_finalize
00004559   __cxa_ia64_exit
2000385c   __stack
0000825f   __xdc__init
20004dbc   __xdc__init__addr
00007d71   _args_main
00006781   _c_int00
20005340   _lock
00007e67   _nop
00007e5f   _register_lock
00007e59   _register_unlock
20005344   _unlock
00006d45   abort
00004563   atexit
ffffffff   binit
00006cfd   copy_in
00006d4d   exit
00007d57   free
0000ab2c   gpioHWAttrs
000074a1   init_mux_pins
000068dd   init_uart
0000720d   main
2000535c   main_func_sp
0000762d   malloc
00005769   memcpy
00005e0b   memset
000056c9   mux_5
000064e9   mux_test
00007f75   strcpy
00007e6d   strlen
0000aef8   ti_catalog_arm_cortexm4_tiva_ce_Boot_A_mustUseEnhancedClockMode__C
0000aefc   ti_catalog_arm_cortexm4_tiva_ce_Boot_Module__diagsEnabled__C
0000af00   ti_catalog_arm_cortexm4_tiva_ce_Boot_Module__diagsIncluded__C
0000af04   ti_catalog_arm_cortexm4_tiva_ce_Boot_Module__diagsMask__C
0000a8da   ti_catalog_arm_cortexm4_tiva_ce_Boot_Module__id__C
0000810d   ti_catalog_arm_cortexm4_tiva_ce_Boot_init__I
00003f19   ti_catalog_arm_cortexm4_tiva_ce_Boot_sysCtlClockSetI__I
000058a1   ti_catalog_arm_cortexm4_tiva_ce_Boot_sysCtlClockSet__E
0000826b   ti_catalog_arm_cortexm4_tiva_ce_Boot_sysCtlDelayI__I
0000af08   ti_sysbios_BIOS_Module__diagsEnabled__C
0000af0c   ti_sysbios_BIOS_Module__diagsIncluded__C
0000af10   ti_sysbios_BIOS_Module__diagsMask__C
0000aeae   ti_sysbios_BIOS_Module__id__C
20004bbc   ti_sysbios_BIOS_Module__state__V
000082a5   ti_sysbios_BIOS_RtsGateProxy_enter__E
000082a9   ti_sysbios_BIOS_RtsGateProxy_leave__E
000082bd   ti_sysbios_BIOS_RtsGateProxy_query__E
00006b4d   ti_sysbios_BIOS_errorRaiseHook__I
0000753d   ti_sysbios_BIOS_exitFunc__I
00007f85   ti_sysbios_BIOS_getCpuFreq__E
0000af14   ti_sysbios_BIOS_installedErrorHook__C
0000589f   ti_sysbios_BIOS_nullFunc__I
00007929   ti_sysbios_BIOS_registerRTSLock__I
00007bad   ti_sysbios_BIOS_rtsLock__I
00006351   ti_sysbios_BIOS_rtsUnlock__I
00007f95   ti_sysbios_BIOS_setThreadType__E
0000794d   ti_sysbios_BIOS_startFunc__I
00007fa5   ti_sysbios_BIOS_start__E
20005280   ti_sysbios_family_arm_lm4_Timer_Module_State_0_device__A
20004be4   ti_sysbios_family_arm_lm4_Timer_Module_State_0_handles__A
20004bdc   ti_sysbios_family_arm_lm4_Timer_Module__root__V
00007d89   ti_sysbios_family_arm_lm4_Timer_Module__startupDone__F
00007d89   ti_sysbios_family_arm_lm4_Timer_Module__startupDone__S
20004bfc   ti_sysbios_family_arm_lm4_Timer_Module__state__V
0000666d   ti_sysbios_family_arm_lm4_Timer_Module_startup__E
0000666d   ti_sysbios_family_arm_lm4_Timer_Module_startup__F
20005100   ti_sysbios_family_arm_lm4_Timer_Object__table__V
0000af18   ti_sysbios_family_arm_lm4_Timer_enableFunc__C
00005441   ti_sysbios_family_arm_lm4_Timer_enableTimers__I
0000519d   ti_sysbios_family_arm_lm4_Timer_enableTiva__I
000082ad   ti_sysbios_family_arm_lm4_Timer_getPeriod__E
00005ef5   ti_sysbios_family_arm_lm4_Timer_isrStub__E
00008119   ti_sysbios_family_arm_lm4_Timer_masterDisable__I
000082b1   ti_sysbios_family_arm_lm4_Timer_masterEnable__I
0000af1c   ti_sysbios_family_arm_lm4_Timer_numTimerDevices__C
000017c1   ti_sysbios_family_arm_lm4_Timer_start__E
0000af20   ti_sysbios_family_arm_lm4_Timer_startupNeeded__C
00007025   ti_sysbios_family_arm_lm4_Timer_startup__E
00006d85   ti_sysbios_family_arm_lm4_Timer_stop__E
[...]
00008277   ti_sysbios_family_arm_m3_Hwi_restoreFxn__E
00008277   ti_sysbios_hal_Hwi_HwiProxy_restore__E
00008277   ti_sysbios_hal_Hwi_restore__E
0000827d   ti_sysbios_gates_GateHwi_leave__E
00008283   ti_sysbios_heaps_HeapMem_isBlocking__E
00008289   ti_sysbios_knl_Queue_Instance_init__F
0000828f   ti_uia_runtime_LoggerStopMode_getPriority__E
00008295   ti_uia_runtime_LoggerStopMode_getTransferType__E
00008295   ti_uia_runtime_LoggerStopMode_getTransferType__F
0000829b   xdc_runtime_System_Module_startup__E
0000829b   xdc_runtime_System_Module_startup__F
000082a1   UARTIntClear
000082a5   ti_sysbios_BIOS_RtsGateProxy_enter__E
000082a9   ti_sysbios_BIOS_RtsGateProxy_leave__E
000082ad   ti_sysbios_family_arm_lm4_Timer_getPeriod__E
000082b1   ti_sysbios_family_arm_lm4_Timer_masterEnable__I
000082b5   ti_sysbios_family_arm_m3_TaskSupport_Module__startupDone__S
000082b9   ti_sysbios_gates_GateHwi_query__E
000082b9   ti_sysbios_gates_GateHwi_query__F
000082b9   xdc_runtime_Main_Module_GateProxy_query__E
000082b9   xdc_runtime_System_Module_GateProxy_query__E
000082bd   ti_sysbios_BIOS_RtsGateProxy_query__E
000082bd   ti_sysbios_gates_GateMutex_query__E
000082bd   ti_sysbios_gates_GateMutex_query__F
000082bd   ti_sysbios_heaps_HeapMem_Module_GateProxy_query__E
000082c1   ti_sysbios_hal_Hwi_HwiProxy_Module__startupDone__S
000082c5   ti_sysbios_hal_Timer_TimerProxy_Module__startupDone__S
000082c9   ti_sysbios_hal_Timer_TimerProxy_getPeriod__E
000082cd   ti_sysbios_heaps_HeapMem_Module_GateProxy_enter__E
000082d1   ti_sysbios_heaps_HeapMem_Module_GateProxy_leave__E
000082d5   ti_sysbios_knl_Task_SupportProxy_Module__startupDone__S
000082d9   ti_sysbios_knl_Task_startup__E
000082dd   ti_uia_runtime_LogSync_CpuTimestampProxy_Module__startupDone__S
000082e1   ti_uia_runtime_LogSync_GlobalTimestampProxy_Module__startupDone__S
000082e5   ti_uia_runtime_LoggerStopMode_getInstanceId__E
000082e9   ti_uia_runtime_LoggerStopMode_getMaxLength__E
000082ed   ti_uia_runtime_LoggerStopMode_setPriority__E
000082f1   xdc_runtime_Error_getSite__E
000082f1   xdc_runtime_Error_getSite__F
000082f5   xdc_runtime_Memory_HeapProxy_alloc__E
000082f9   xdc_runtime_Memory_HeapProxy_free__E
000082fd   xdc_runtime_System_Module_GateProxy_enter__E
00008301   xdc_runtime_System_Module_GateProxy_leave__E
00008305   xdc_runtime_System_aprintf_va__F
00008309   xdc_runtime_System_printf_va__F
0000830d   xdc_runtime_System_vsnprintf__E
00008311   xdc_runtime_TimestampNull_Module__startupDone__S
00008315   xdc_runtime_Timestamp_Module__startupDone__S
00008318   xdc_runtime_Text_charTab__A
0000a6c1   xdc_runtime_Error_policy__C
0000a6c2   xdc_runtime_Text_nodeTab__A
0000a802   ti_sysbios_family_arm_m3_Hwi_priorities__A
0000a8da   ti_catalog_arm_cortexm4_tiva_ce_Boot_Module__id__C
0000a96c   UART_config
0000aa44   ti_uia_runtime_LoggerStopMode_Module__FXNS__C
0000aaec   uartTivaHWAttrs
0000ab2c   gpioHWAttrs
0000ab68   xdc_runtime_Startup_sfxnTab__A
0000aba0   ti_sysbios_family_arm_m3_Hwi_Object__PARAMS__C
0000abd0   ti_sysbios_knl_Task_hooks__A
0000ac00   ti_uia_runtime_LoggerStopMode_Object__PARAMS__C
0000ac30   ti_sysbios_heaps_HeapMem_Module__FXNS__C
0000ac58   UARTTiva_fxnTable
0000ac7c   ti_sysbios_gates_GateHwi_Module__FXNS__C
0000aca0   ti_sysbios_gates_GateMutex_Module__FXNS__C
0000acc4   ti_sysbios_heaps_HeapMem_Object__PARAMS__C
0000ace8   ti_sysbios_knl_Semaphore_Object__PARAMS__C
0000ad0c   ti_sysbios_family_arm_m3_Hwi_Object__DESC__C
0000ad2c   ti_sysbios_gates_GateHwi_Object__DESC__C
0000ad4c   ti_sysbios_gates_GateMutex_Object__DESC__C
0000ad6c   ti_sysbios_heaps_HeapMem_Object__DESC__C
0000ad8c   ti_sysbios_knl_Queue_Object__DESC__C
0000adac   ti_sysbios_knl_Semaphore_Object__DESC__C
0000adcc   ti_uia_runtime_LoggerStopMode_Object__DESC__C
0000adec   UART_defaultParams
0000ae0c   xdc_runtime_Startup_sfxnRts__A
0000ae28   GPIO_config
0000ae40   ti_sysbios_gates_GateHwi_Object__PARAMS__C
0000ae58   ti_sysbios_gates_GateMutex_Object__PARAMS__C
0000ae70   ti_sysbios_knl_Queue_Object__PARAMS__C
0000ae88   xdc_runtime_Startup_firstFxns__A
0000aeae   ti_sysbios_BIOS_Module__id__C
0000aeb0   ti_sysbios_family_arm_m3_Hwi_excHookFuncs__A
0000aeb8   ti_sysbios_knl_Idle_coreList__A
0000aec0   ti_sysbios_knl_Idle_coreList__C
0000aec8   ti_sysbios_knl_Idle_funcList__A
0000aed0   ti_sysbios_knl_Idle_funcList__C
0000aed8   ti_sysbios_knl_Task_hooks__C
0000aee0   xdc_runtime_Startup_firstFxns__C
0000aee8   xdc_runtime_Startup_lastFxns__A
0000aef0   xdc_runtime_Startup_lastFxns__C
0000aef8   ti_catalog_arm_cortexm4_tiva_ce_Boot_A_mustUseEnhancedClockMode__C
0000aefc   ti_catalog_arm_cortexm4_tiva_ce_Boot_Module__diagsEnabled__C
0000af00   ti_catalog_arm_cortexm4_tiva_ce_Boot_Module__diagsIncluded__C
0000af04   ti_catalog_arm_cortexm4_tiva_ce_Boot_Module__diagsMask__C
0000af08   ti_sysbios_BIOS_Module__diagsEnabled__C
0000af0c   ti_sysbios_BIOS_Module__diagsIncluded__C
0000af10   ti_sysbios_BIOS_Module__diagsMask__C
0000af14   ti_sysbios_BIOS_installedErrorHook__C
0000af18   ti_sysbios_family_arm_lm4_Timer_enableFunc__C
0000af1c   ti_sysbios_family_arm_lm4_Timer_numTimerDevices__C
0000af20   ti_sysbios_family_arm_lm4_Timer_startupNeeded__C
0000af24   ti_sysbios_family_arm_m3_Hwi_E_NMI__C
0000af28   ti_sysbios_family_arm_m3_Hwi_E_alreadyDefined__C
0000af2c   ti_sysbios_family_arm_m3_Hwi_E_busFault__C
0000af30   ti_sysbios_family_arm_m3_Hwi_E_debugMon__C
0000af34   ti_sysbios_family_arm_m3_Hwi_E_hardFault__C
0000af38   ti_sysbios_family_arm_m3_Hwi_E_memFault__C
0000af3c   ti_sysbios_family_arm_m3_Hwi_E_noIsr__C
0000af40   ti_sysbios_family_arm_m3_Hwi_E_reserved__C
0000af44   ti_sysbios_family_arm_m3_Hwi_E_svCall__C
0000af48   ti_sysbios_family_arm_m3_Hwi_E_usageFault__C
0000af4c   ti_sysbios_family_arm_m3_Hwi_LD_end__C
0000af50   ti_sysbios_family_arm_m3_Hwi_LM_begin__C
0000af54   ti_sysbios_family_arm_m3_Hwi_Module__diagsEnabled__C
0000af58   ti_sysbios_family_arm_m3_Hwi_Module__diagsIncluded__C
0000af5c   ti_sysbios_family_arm_m3_Hwi_Module__diagsMask__C
0000af60   ti_sysbios_family_arm_m3_Hwi_Module__loggerFxn1__C
0000af64   ti_sysbios_family_arm_m3_Hwi_Module__loggerFxn8__C
0000af68   ti_sysbios_family_arm_m3_Hwi_Module__loggerObj__C
0000af6c   ti_sysbios_family_arm_m3_Hwi_NUM_INTERRUPTS__C
0000af70   ti_sysbios_family_arm_m3_Hwi_ccr__C
0000af74   ti_sysbios_family_arm_m3_Hwi_dispatchTable__C
0000af78   ti_sysbios_family_arm_m3_Hwi_excHandlerFunc__C
0000af7c   ti_sysbios_family_arm_m3_Hwi_excHookFuncs__C
0000af80   ti_sysbios_family_arm_m3_Hwi_priGroup__C
0000af84   ti_sysbios_family_arm_m3_Hwi_priorities__C
0000af88   ti_sysbios_gates_GateMutex_A_badContext__C
0000af8c   ti_sysbios_gates_GateMutex_Instance_State_sem__O
0000af90   ti_sysbios_gates_GateMutex_Module__diagsEnabled__C
0000af94   ti_sysbios_gates_GateMutex_Module__diagsIncluded__C
0000af98   ti_sysbios_gates_GateMutex_Module__diagsMask__C
0000af9c   ti_sysbios_hal_Hwi_E_stackOverflow__C
0000afa0   ti_sysbios_heaps_HeapMem_A_align__C
0000afa4   ti_sysbios_heaps_HeapMem_A_heapSize__C
0000afa8   ti_sysbios_heaps_HeapMem_A_invalidFree__C
0000afac   ti_sysbios_heaps_HeapMem_A_zeroBlock__C
0000afb0   ti_sysbios_heaps_HeapMem_E_memory__C
0000afb4   ti_sysbios_heaps_HeapMem_Module__diagsEnabled__C
0000afb8   ti_sysbios_heaps_HeapMem_Module__diagsIncluded__C
0000afbc   ti_sysbios_heaps_HeapMem_Module__diagsMask__C
0000afc0   ti_sysbios_heaps_HeapMem_Module__gateObj__C
0000afc4   ti_sysbios_heaps_HeapMem_Object__count__C
0000afc8   ti_sysbios_heaps_HeapMem_reqAlign__C
0000afcc   ti_sysbios_io_DEV_Object__count__C
0000afd0   ti_sysbios_io_DEV_tableSize__C
0000afd4   ti_sysbios_knl_Clock_LM_begin__C
0000afd8   ti_sysbios_knl_Clock_LM_tick__C
0000afdc   ti_sysbios_knl_Clock_LW_delayed__C
0000afe0   ti_sysbios_knl_Clock_Module_State_clockQ__O
0000afe4   ti_sysbios_knl_Clock_Module__diagsEnabled__C
0000afe8   ti_sysbios_knl_Clock_Module__diagsIncluded__C
0000afec   ti_sysbios_knl_Clock_Module__diagsMask__C
0000aff0   ti_sysbios_knl_Clock_Module__loggerFxn1__C
0000aff4   ti_sysbios_knl_Clock_Module__loggerFxn2__C
0000aff8   ti_sysbios_knl_Clock_Module__loggerObj__C
0000affc   ti_sysbios_knl_Mailbox_Instance_State_freeQue__O
0000b000   ti_sysbios_knl_Mailbox_Object__count__C
0000b004   ti_sysbios_knl_Semaphore_A_badContext__C
0000b008   ti_sysbios_knl_Semaphore_A_noEvents__C
0000b00c   ti_sysbios_knl_Semaphore_A_overflow__C
0000b010   ti_sysbios_knl_Semaphore_A_pendTaskDisabled__C
0000b014   ti_sysbios_knl_Semaphore_Instance_State_pendQ__O
0000b018   ti_sysbios_knl_Semaphore_LM_pend__C
0000b01c   ti_sysbios_knl_Semaphore_LM_post__C
0000b020   ti_sysbios_knl_Semaphore_Module__diagsEnabled__C
0000b024   ti_sysbios_knl_Semaphore_Module__diagsIncluded__C
0000b028   ti_sysbios_knl_Semaphore_Module__diagsMask__C
0000b02c   ti_sysbios_knl_Semaphore_Module__loggerFxn2__C
0000b030   ti_sysbios_knl_Semaphore_Module__loggerFxn4__C
0000b034   ti_sysbios_knl_Semaphore_Module__loggerObj__C
0000b038   ti_sysbios_knl_Swi_LD_end__C
0000b03c   ti_sysbios_knl_Swi_LM_begin__C
0000b040   ti_sysbios_knl_Swi_LM_post__C
0000b044   ti_sysbios_knl_Swi_Module__diagsEnabled__C
0000b048   ti_sysbios_knl_Swi_Module__diagsIncluded__C
0000b04c   ti_sysbios_knl_Swi_Module__diagsMask__C
0000b050   ti_sysbios_knl_Swi_Module__loggerFxn1__C
0000b054   ti_sysbios_knl_Swi_Module__loggerFxn4__C
0000b058   ti_sysbios_knl_Swi_Module__loggerObj__C
0000b05c   ti_sysbios_knl_Swi_Object__count__C
0000b060   ti_sysbios_knl_Task_E_spOutOfBounds__C
0000b064   ti_sysbios_knl_Task_E_stackOverflow__C
0000b068   ti_sysbios_knl_Task_LD_block__C
0000b06c   ti_sysbios_knl_Task_LD_exit__C
0000b070   ti_sysbios_knl_Task_LD_ready__C
0000b074   ti_sysbios_knl_Task_LM_switch__C
0000b078   ti_sysbios_knl_Task_Module_State_inactiveQ__O
0000b07c   ti_sysbios_knl_Task_Module__diagsEnabled__C
0000b080   ti_sysbios_knl_Task_Module__diagsIncluded__C
0000b084   ti_sysbios_knl_Task_Module__diagsMask__C
0000b088   ti_sysbios_knl_Task_Module__loggerFxn2__C
0000b08c   ti_sysbios_knl_Task_Module__loggerFxn4__C
0000b090   ti_sysbios_knl_Task_Module__loggerObj__C
0000b094   ti_sysbios_knl_Task_Object__count__C
0000b098   ti_sysbios_knl_Task_Object__heap__C
0000b09c   ti_sysbios_knl_Task_allBlockedFunc__C
0000b0a0   ti_sysbios_knl_Task_numConstructedTasks__C
0000b0a4   ti_sysbios_utils_Load_LS_cpuLoad__C
0000b0a8   ti_sysbios_utils_Load_LS_hwiLoad__C
0000b0ac   ti_sysbios_utils_Load_LS_taskLoad__C
0000b0b0   ti_sysbios_utils_Load_Module_State_taskList__O
0000b0b4   ti_sysbios_utils_Load_Module__diagsEnabled__C
0000b0b8   ti_sysbios_utils_Load_Module__diagsIncluded__C
0000b0bc   ti_sysbios_utils_Load_Module__diagsMask__C
0000b0c0   ti_sysbios_utils_Load_Module__loggerFxn1__C
0000b0c4   ti_sysbios_utils_Load_Module__loggerFxn2__C
0000b0c8   ti_sysbios_utils_Load_Module__loggerFxn4__C
0000b0cc   ti_sysbios_utils_Load_Module__loggerObj__C
0000b0d0   ti_sysbios_utils_Load_postUpdate__C
0000b0d4   ti_sysbios_utils_Load_windowInMs__C
0000b0d8   ti_uia_runtime_ILoggerSnapshot_Interface__BASE__C
0000b0dc   ti_uia_runtime_IUIATransfer_Interface__BASE__C
0000b0e0   ti_uia_runtime_LoggerStopMode_E_badLevel__C
0000b0e4   ti_uia_runtime_LoggerStopMode_Object__count__C
0000b0e8   ti_uia_runtime_LoggerStopMode_overflowLogger__C
0000b0ec   ti_uia_runtime_LoggerStopMode_statusLogger__C
0000b0f0   xdc_runtime_Assert_E_assertFailed__C
0000b0f4   xdc_runtime_Core_A_initializedParams__C
0000b0f8   xdc_runtime_Core_Module__diagsEnabled__C
0000b0fc   xdc_runtime_Core_Module__diagsIncluded__C
0000b100   xdc_runtime_Core_Module__diagsMask__C
0000b104   xdc_runtime_Error_E_generic__C
0000b108   xdc_runtime_Error_E_memory__C
0000b10c   xdc_runtime_Error_Module__diagsEnabled__C
0000b110   xdc_runtime_Error_Module__diagsIncluded__C
0000b114   xdc_runtime_Error_Module__diagsMask__C
0000b118   xdc_runtime_Error_Module__loggerFxn8__C
0000b11c   xdc_runtime_Error_Module__loggerObj__C
0000b120   xdc_runtime_Error_raiseHook__C
0000b124   xdc_runtime_IFilterLogger_Interface__BASE__C
0000b128   xdc_runtime_IGateProvider_Interface__BASE__C
0000b12c   xdc_runtime_IHeap_Interface__BASE__C
0000b130   xdc_runtime_ILogger_Interface__BASE__C
0000b134   xdc_runtime_IModule_Interface__BASE__C
0000b138   xdc_runtime_Log_L_error__C
0000b13c   xdc_runtime_Log_L_warning__C
0000b140   xdc_runtime_Main_Module__diagsEnabled__C
0000b144   xdc_runtime_Main_Module__diagsIncluded__C
0000b148   xdc_runtime_Main_Module__diagsMask__C
0000b14c   xdc_runtime_Main_Module__loggerFxn2__C
0000b150   xdc_runtime_Main_Module__loggerFxn4__C
0000b154   xdc_runtime_Main_Module__loggerObj__C
0000b158   xdc_runtime_Memory_defaultHeapInstance__C
0000b15c   xdc_runtime_Startup_execImpl__C
0000b160   xdc_runtime_Startup_maxPasses__C
0000b164   xdc_runtime_Startup_sfxnRts__C
0000b168   xdc_runtime_Startup_sfxnTab__C
0000b16c   xdc_runtime_SysMin_bufSize__C
0000b170   xdc_runtime_SysMin_outputFunc__C
0000b174   xdc_runtime_System_Module__gateObj__C
0000b178   xdc_runtime_System_extendFxn__C
0000b17c   xdc_runtime_System_maxAtexitHandlers__C
0000b180   xdc_runtime_Text_charTab__C
0000b184   xdc_runtime_Text_nameEmpty__C
0000b188   xdc_runtime_Text_nameStatic__C
0000b18c   xdc_runtime_Text_nameUnknown__C
0000b190   xdc_runtime_Text_nodeTab__C
0000b194   xdc_runtime_Text_visitRopeFxn__C
0000b198   ti_sysbios_family_arm_lm4_TimestampProvider_useClockTimer__C
0000b19a   ti_sysbios_family_arm_m3_Hwi_Module__id__C
0000b19c   ti_sysbios_family_arm_m3_Hwi_Module__loggerDefined__C
0000b19e   ti_sysbios_gates_GateMutex_Module__id__C
0000b1a0   ti_sysbios_hal_Hwi_Module__id__C
0000b1a2   ti_sysbios_heaps_HeapMem_Module__id__C
0000b1a4   ti_sysbios_io_DEV_Module__id__C
0000b1a6   ti_sysbios_knl_Clock_Module__id__C
0000b1a8   ti_sysbios_knl_Clock_Module__loggerDefined__C
0000b1aa   ti_sysbios_knl_Semaphore_Module__id__C
0000b1ac   ti_sysbios_knl_Semaphore_Module__loggerDefined__C
0000b1ae   ti_sysbios_knl_Swi_Module__id__C
0000b1b0   ti_sysbios_knl_Swi_Module__loggerDefined__C
0000b1b2   ti_sysbios_knl_Task_Module__id__C
0000b1b4   ti_sysbios_knl_Task_Module__loggerDefined__C
0000b1b6   ti_sysbios_knl_Task_initStackFlag__C
0000b1b8   ti_sysbios_utils_Load_Module__id__C
0000b1ba   ti_sysbios_utils_Load_Module__loggerDefined__C
0000b1bc   ti_sysbios_utils_Load_autoAddTasks__C
0000b1be   ti_sysbios_utils_Load_hwiEnabled__C
0000b1c0   ti_sysbios_utils_Load_updateInIdle__C
0000b1c2   ti_uia_runtime_LoggerStopMode_Module__id__C
0000b1c4   ti_uia_runtime_LoggerStopMode_filterByLevel__C
0000b1c6   ti_uia_runtime_LoggerStopMode_isTimestampEnabled__C
0000b1c8   xdc_runtime_Core_Module__id__C
0000b1ca   xdc_runtime_Error_Module__loggerDefined__C
0000b1cc   xdc_runtime_Error_maxDepth__C
0000b1ce   xdc_runtime_Main_Module__id__C
0000b1d0   xdc_runtime_Main_Module__loggerDefined__C
0000b1d2   xdc_runtime_Memory_Module__id__C
0000b1d4   xdc_runtime_SysMin_flushAtExit__C
0000b1d6   xdc_runtime_Text_charCnt__C
0000b1d8   xdc_runtime_Text_isLoaded__C
0000b1da   xdc_runtime_Text_registryModsLastId__C
0000b1dc   xdc_runtime_Text_unnamedModsLastId__C
0000b74c   __TI_Handler_Table_Base
0000b758   __TI_Handler_Table_Limit
0000b768   __TI_CINIT_Base
0000b780   __TI_CINIT_Limit
20000000   ti_sysbios_family_arm_m3_Hwi_ramVectors
20000360   ti_sysbios_knl_Task_Instance_State_0_stack__A
20000b60   ti_sysbios_knl_Task_Instance_State_1_stack__A
20001360   ti_sysbios_heaps_HeapMem_Instance_State_0_buf__A
20002360   ti_uia_runtime_LoggerStopMode_Instance_State_1_bufferArray__A
200027e0   ti_uia_runtime_LoggerStopMode_Instance_State_2_bufferArray__A
20002c60   uartTivaObjects
200030a0   xdc_runtime_SysMin_Module_State_0_outbuf__A
200034a0   ti_uia_runtime_LoggerStopMode_Instance_State_0_bufferArray__A
20003720   __CIOBUF_
20003848   ti_sysbios_knl_Task_Instance_State_0_hookEnv__A
20003850   ti_sysbios_knl_Task_Instance_State_1_hookEnv__A
20003858   value_byte_L
20003859   value_byte_R
2000385c   __stack
2000395c   __STACK_TOP
2000485c   __STACK_END
2000485c   ti_sysbios_family_arm_m3_Hwi_Module_State_0_dispatchTable__A
20004bbc   ti_sysbios_BIOS_Module__state__V
20004bdc   ti_sysbios_family_arm_lm4_Timer_Module__root__V
20004be4   ti_sysbios_family_arm_lm4_Timer_Module_State_0_handles__A
20004bfc   ti_sysbios_family_arm_lm4_Timer_Module__state__V
20004c08   ti_sysbios_family_arm_lm4_TimestampProvider_Module__state__V
20004c10   ti_sysbios_family_arm_m3_Hwi_Module__root__V
20004c18   ti_sysbios_family_arm_m3_Hwi_Module_State_0_excActive__A
20004c1c   ti_sysbios_family_arm_m3_Hwi_Module_State_0_excContext__A
20004c20   ti_sysbios_family_arm_m3_Hwi_Module_State_0_excStack__A
20004c24   ti_sysbios_gates_GateHwi_Module__root__V
20004c2c   ti_sysbios_gates_GateHwi_Object__table__V
20004c30   ti_sysbios_gates_GateMutex_Module__root__V
20004c38   ti_sysbios_hal_Hwi_Module__root__V
20004c40   ti_sysbios_hal_Timer_Module__root__V
20004c48   ti_sysbios_hal_Timer_Object__table__V
20004c50   ti_sysbios_heaps_HeapMem_Module__root__V
20004c58   ti_sysbios_heaps_HeapMem_Object__table__V
20004c70   ti_sysbios_io_DEV_Module__root__V
20004c78   ti_sysbios_io_DEV_Module_State_0_table__A
20004c98   ti_sysbios_io_DEV_Module__state__V
20004c9c   ti_sysbios_io_GIO_Module__root__V
20004ca4   ti_sysbios_knl_Clock_Module__root__V
20004cac   ti_sysbios_knl_Event_Module__root__V
20004cb8   ti_sysbios_knl_Mailbox_Module__root__V
20004cc0   ti_sysbios_knl_Queue_Module__root__V
20004cc8   ti_sysbios_knl_Semaphore_Module__root__V
20004cd4   ti_sysbios_knl_Swi_Module__root__V
20004cdc   ti_sysbios_knl_Swi_Module__state__V
20004cf8   ti_sysbios_knl_Task_Module__root__V
20004d04   ti_sysbios_knl_Task_Module_State_0_idleTask__A
20004d08   ti_sysbios_utils_Load_Module__root__V
20004d0c   ti_sysbios_utils_Load_Module_State_0_taskStartTime__A
20004d10   ti_sysbios_utils_Load_Module_State_0_runningTask__A
20004d14   ti_sysbios_xdcruntime_SemThreadSupport_Module__root__V
20004d1c   ti_uia_runtime_LogSync_Module__root__V
20004d24   ti_uia_runtime_LogSync_Module__state__V
20004d30   ti_uia_runtime_LoggerStopMode_Module__root__V
20004d38   ti_uia_runtime_LoggerStopMode_Module__state__V
20004d40   ti_uia_runtime_QueueDescriptor_Module__state__V
20004d4c   xdc_runtime_Error_Module__state__V
20004d4e   xdc_runtime_Main_Module__root__V
20004d50   xdc_runtime_Memory_Module__state__V
20004d54   xdc_runtime_Registry_Module__state__V
20004d5c   xdc_runtime_Startup_Module__state__V
20004d64   xdc_runtime_SysMin_Module__state__V
20004d70   xdc_runtime_System_Module_State_0_atexitHandlers__A
20004d90   xdc_runtime_System_Module__state__V
20004d9c   xdc_runtime_Text_Module__state__V
20004da4   xdc_runtime_knl_SemThread_Module__root__V
20004dac   xdc_runtime_knl_SyncNull_Module__root__V
20004db4   xdc_runtime_knl_SyncSemThread_Module__root__V
20004dbc   __xdc__init__addr
20004dc0   ti_uia_runtime_LoggerStopMode_Object__table__V
20004ec8   ti_sysbios_knl_Task_Object__table__V
20004f18   TSK_idle
20004f68   ti_sysbios_utils_Load_Module__state__V
20005000   ti_sysbios_knl_Swi_Module_State_0_readyQ__A
20005080   ti_sysbios_knl_Task_Module_State_0_readyQ__A
20005100   ti_sysbios_family_arm_lm4_Timer_Object__table__V
20005170   ti_sysbios_family_arm_m3_Hwi_Module__state__V
200051cc   ti_sysbios_knl_Task_Module__state__V
20005210   ti_sysbios_gates_GateMutex_Object__table__V
20005248   ti_sysbios_utils_Load_Module_State_0_taskEnv__A
20005280   ti_sysbios_family_arm_lm4_Timer_Module_State_0_device__A
200052b0   ti_sysbios_family_arm_m3_Hwi_Object__table__V
200052e0   ti_sysbios_knl_Swi_Object__table__V
20005310   ti_sysbios_knl_Clock_Module__state__V
20005340   _lock
20005344   _unlock
20005348   __TI_cleanup_ptr
2000534c   __TI_dtors_ptr
20005350   ti_uia_runtime_QueueDescriptor_gPtrToFirstDescriptor
20005354   ti_uia_runtime_QueueDescriptor_gUpdateCount
2000535c   main_func_sp
e000e000   ti_sysbios_family_arm_m3_Hwi_nvic
ffffffff   __binit__
ffffffff   __c_args__
ffffffff   binit
UNDEFED    SHT$$INIT_ARRAY$$Base
UNDEFED    SHT$$INIT_ARRAY$$Limit

[816 symbols]
