******************************************************************************
                  TI ARM Linker PC v5.1.1                      
******************************************************************************
>> Linked Tue Apr 22 18:38:38 2014

OUTPUT FILE NAME:   <rover.out>
ENTRY POINT SYMBOL: "_c_int00"  address: 000068cd


MEMORY CONFIGURATION

         name            origin    length      used     unused   attr    fill
----------------------  --------  ---------  --------  --------  ----  --------
  FLASH                 00000000   00040000  0000b894  0003476c  R  X
  SRAM                  20000000   00008000  00005364  00002c9c  RW X


SEGMENT ALLOCATION MAP

run origin  load origin   length   init length attrs members
----------  ----------- ---------- ----------- ----- -------
00000000    00000000    0000b898   0000b898    r-x
  00000000    00000000    00000360   00000360    r-- .resetVecs
  00000360    00000360    00008132   00008132    r-x .text
  00008494    00008494    00002e5a   00002e5a    r-- .const
  0000b2f0    0000b2f0    000005a8   000005a8    r-- .cinit
20000000    20000000    00005366   00000000    rw-
  20000000    20000000    00000360   00000000    rw- .vecs
  20000360    20000360    000034fa   00000000    rw- .bss
  2000385c    2000385c    00001000   00000000    rw- .stack
  2000485c    2000485c    00000b0a   00000000    rw- .data


SECTION ALLOCATION MAP

 output                                  attributes/
section   page    origin      length       input sections
--------  ----  ----------  ----------   ----------------
.bootVecs 
*          0    00000000    00000008     DSECT
                  00000000    00000008     boot.aem4f : boot.oem4f (.bootVecs)

.resetVecs 
*          0    00000000    00000360     
                  00000000    00000360     main_pem4f.oem4f (.resetVecs)

xdc.meta   0    00000000    000000f5     COPY SECTION
                  00000000    000000f5     main_pem4f.oem4f (xdc.meta)

.text      0    00000360    00008132     
                  00000360    00000424     sysbios.aem4f : BIOS.obj (.text:ti_sysbios_family_arm_m3_Hwi_excDumpRegs__I)
                  00000784    00000344     ti.targets.arm.rtsarm.aem4f : System.oem4f (.text:xdc_runtime_System_doPrint__I)
                  00000ac8    000002e0     sysbios.aem4f : BIOS.obj (.text:ti_sysbios_knl_Semaphore_pend__E)
                  00000da8    000002d4     rtsv7M4_T_le_v4SPD16_eabi.lib : trgdrv.obj (.text)
                  0000107c    000002c8     uart_tivaware.aem4f : UARTTiva.oem4f (.text:UARTTiva_open)
                  00001344    00000248     sysbios.aem4f : BIOS.obj (.text:ti_sysbios_heaps_HeapMem_free__E)
                  0000158c    00000234                   : BIOS.obj (.text:ti_sysbios_heaps_HeapMem_alloc__E)
                  000017c0    00000230                   : BIOS.obj (.text:ti_sysbios_family_arm_lm4_Timer_start__E)
                  000019f0    00000210                   : BIOS.obj (.text:ti_sysbios_family_arm_m3_Hwi_excHandlerMax__I)
                  00001c00    00000204     uart_tivaware.aem4f : UARTTiva.oem4f (.text:UARTTiva_write)
                  00001e04    000001f8                         : UARTTiva.oem4f (.text:UARTTiva_read)
                  00001ffc    000001cc                         : UARTTiva.oem4f (.text:UARTTiva_hwiIntFxn)
                  000021c8    000001a0     ti.uia.runtime.aem4f : LoggerStopMode.oem4f (.text:ti_uia_runtime_LoggerStopMode_write8__E)
                  00002368    0000016c     uart_tivaware.aem4f : UARTTiva.oem4f (.text:writeData)
                  000024d4    00000168                         : UARTTiva.oem4f (.text:UARTTiva_readPolling)
                  0000263c    00000168     sysbios.aem4f : BIOS.obj (.text:ti_sysbios_family_arm_m3_Hwi_excBusFault__I)
                  000027a4    00000160     uart_tivaware.aem4f : UARTTiva.oem4f (.text:readData)
                  00002904    0000015c                         : UARTTiva.oem4f (.text:UARTTiva_writePolling)
                  00002a60    0000015c     ti.uia.runtime.aem4f : LoggerStopMode.oem4f (.text:ti_uia_runtime_LoggerStopMode_writeMemoryRange__E)
                  00002bbc    00000154     sysbios.aem4f : BIOS.obj (.text:ti_sysbios_family_arm_m3_Hwi_excUsageFault__I)
                  00002d10    00000144                   : BIOS.obj (.text:ti_sysbios_knl_Semaphore_post__E)
                  00002e54    00000140                   : BIOS.obj (.text:ti_sysbios_family_arm_m3_Hwi_dispatchC__I)
                  00002f94    00000140                   : BIOS.obj (.text:ti_sysbios_family_arm_m3_Hwi_excMemFault__I)
                  000030d4    0000013c     ti.uia.runtime.aem4f : LoggerStopMode.oem4f (.text:ti_uia_runtime_LoggerStopMode_write4__E)
                  00003210    0000013c     ti.targets.arm.rtsarm.aem4f : Error.oem4f (.text:xdc_runtime_Error_raiseX__F)
                  0000334c    00000138     sysbios.aem4f : BIOS.obj (.text:ti_sysbios_heaps_HeapMem_Instance_init__F)
                  00003484    00000138                   : BIOS.obj (.text:ti_sysbios_utils_Load_logLoads__I)
                  000035bc    00000134                   : m3_Hwi_asm.obj (.text:ti_sysbios_family_arm_m3_Hwi_dispatch__I)
                  000036f0    00000130     driverlib.lib : gpio.obj (.text:GPIOPadConfigSet)
                  00003820    00000130     sysbios.aem4f : BIOS.obj (.text:ti_sysbios_utils_Load_updateThreadContexts__E)
                  00003950    0000012c                   : BIOS.obj (.text:ti_sysbios_family_arm_lm4_TimestampProvider_get64__E)
                  00003a7c    0000012c                   : BIOS.obj (.text:ti_sysbios_knl_Clock_workFunc__E)
                  00003ba8    0000012c                   : BIOS.obj (.text:ti_sysbios_knl_Task_exit__E)
                  00003cd4    00000124     EK_LM4F120XL.obj (.text:EK_LM4F120XL_initUART)
                  00003df8    00000120     sysbios.aem4f : BIOS.obj (.text:ti_sysbios_knl_Swi_run__I)
                  00003f18    0000010c     Boot.aem4f : Boot_sysctl.oem4f (.text:ti_catalog_arm_cortexm4_tiva_ce_Boot_sysCtlClockSetI__I)
                  00004024    00000104     ti.targets.arm.rtsarm.aem4f : Core-mem.oem4f (.text:xdc_runtime_Core_createObject__I)
                  00004128    00000104     main_pem4f.oem4f (.text:xdc_runtime_System_printfExtend__I)
                  0000422c    000000fc     sysbios.aem4f : BIOS.obj (.text:ti_sysbios_knl_Task_schedule__I)
                  00004328    000000f8                   : BIOS.obj (.text:ti_sysbios_knl_Task_startCore__E)
                  00004420    000000f8     ti.targets.arm.rtsarm.aem4f : Startup.oem4f (.text:xdc_runtime_Startup_startMods__I)
                  00004518    000000f4     rtsv7M4_T_le_v4SPD16_eabi.lib : dtor_list.obj (.text)
                  0000460c    000000f4     sysbios.aem4f : BIOS.obj (.text:ti_sysbios_knl_Task_postInit__I)
                  00004700    000000e8     gpio_tivaware.aem4f : GPIO.oem4f (.text:GPIO_write)
                  000047e8    000000e8     sysbios.aem4f : BIOS.obj (.text:ti_sysbios_family_arm_m3_Hwi_initNVIC__E)
                  000048d0    000000e8                   : BIOS.obj (.text:ti_sysbios_io_DEV_postInit__I)
                  000049b8    000000d6     main.obj (.text:tcp_connection)
                  00004a8e    00000002     sysbios.aem4f : BIOS.obj (.text:ti_sysbios_BIOS_nullFunc__I)
                  00004a90    000000c0     uart_tivaware.aem4f : UARTTiva.oem4f (.text:UARTTiva_writeCancel)
                  00004b50    000000bc                         : UARTTiva.oem4f (.text:UARTTiva_readCancel)
                  00004c0c    000000bc     sysbios.aem4f : BIOS.obj (.text:ti_sysbios_knl_Task_unblockI__E)
                  00004cc8    000000b8     main.obj (.text:send_struct)
                  00004d80    000000b8     sysbios.aem4f : BIOS.obj (.text:ti_sysbios_family_arm_lm4_TimestampProvider_get32__E)
                  00004e38    000000b4                   : BIOS.obj (.text:ti_sysbios_family_arm_m3_Hwi_excHardFault__I)
                  00004eec    000000b4                   : BIOS.obj (.text:ti_sysbios_gates_GateMutex_enter__E)
                  00004fa0    000000b4                   : BIOS.obj (.text:ti_sysbios_knl_Task_checkStacks__E)
                  00005054    000000b0                   : BIOS.obj (.text:ti_sysbios_family_arm_m3_Hwi_excDebugMon__I)
                  00005104    000000b0                   : BIOS.obj (.text:ti_sysbios_utils_Load_idleFxn__E)
                  000051b4    000000b0                   : BIOS.obj (.text:ti_sysbios_utils_Load_updateLoads__E)
                  00005264    000000ac                   : BIOS.obj (.text:ti_sysbios_family_arm_lm4_Timer_enableTiva__I)
                  00005310    000000a8                   : BIOS.obj (.text:ti_sysbios_knl_Semaphore_Instance_init__F)
                  000053b8    000000a8                   : BIOS.obj (.text:ti_sysbios_knl_Swi_post__E)
                  00005460    000000a8                   : BIOS.obj (.text:ti_sysbios_knl_Task_blockI__E)
                  00005508    000000a4                   : BIOS.obj (.text:ti_sysbios_family_arm_lm4_Timer_enableTimers__I)
                  000055ac    000000a4                   : BIOS.obj (.text:ti_sysbios_family_arm_m3_Hwi_Module_startup__F)
                  00005650    000000a0     uart_tivaware.aem4f : UARTTiva.oem4f (.text:UARTTiva_close)
                  000056f0    000000a0     auto_init.aem4f : auto_init.oem4f (.text)
                  00005790    0000009c     rtsv7M4_T_le_v4SPD16_eabi.lib : memcpy_t2.obj (.text)
                  0000582c    0000009a     ti.targets.arm.rtsarm.aem4f : Text.oem4f (.text:xdc_runtime_Text_putSite__F)
                  000058c6    00000002     sysbios.aem4f : BIOS.obj (.text:ti_sysbios_gates_GateHwi_Instance_init__F)
                  000058c8    00000094     Boot.aem4f : Boot.oem4f (.text:ti_catalog_arm_cortexm4_tiva_ce_Boot_sysCtlClockSet__E)
                  0000595c    00000094     ti.targets.arm.rtsarm.aem4f : Text.oem4f (.text:xdc_runtime_Text_putMod__F)
                  000059f0    00000090     sysbios.aem4f : BIOS.obj (.text:ti_sysbios_family_arm_m3_Hwi_Instance_init__F)
                  00005a80    0000008c                   : m3_TaskSupport_asm.obj (.text:ti_sysbios_family_arm_m3_TaskSupport_buildTaskStack)
                  00005b0c    0000008c                   : BIOS.obj (.text:ti_sysbios_knl_Mailbox_Module_startup__F)
                  00005b98    00000088     EK_LM4F120XL.obj (.text:EK_LM4F120XL_initGPIO)
                  00005c20    00000088     sysbios.aem4f : BIOS.obj (.text:ti_sysbios_utils_Load_addTask__E)
                  00005ca8    00000085     main.obj (.text:mux_1)
                  00005d2d    00000001     --HOLE-- [fill = 0]
                  00005d2e    00000002     main_pem4f.oem4f (.text:xdc_runtime_Startup_reset__I)
                  00005d30    00000084     ti.uia.runtime.aem4f : LoggerStopMode.oem4f (.text:ti_uia_runtime_LoggerStopMode_setFilterLevel__E)
                  00005db4    00000080     main.obj (.text:mux_2)
                  00005e34    00000080     main.obj (.text:mux_3)
                  00005eb4    00000080     sysbios.aem4f : BIOS.obj (.text:ti_sysbios_knl_Task_Module_startup__F)
                  00005f34    0000007e     ti.uia.runtime.aem4f : LoggerStopMode.oem4f (.text:ti_uia_runtime_LoggerStopMode_getContents__E)
                  00005fb2    00000078     rtsv7M4_T_le_v4SPD16_eabi.lib : memset_t2.obj (.text)
                  0000602a    00000002     --HOLE-- [fill = 0]
                  0000602c    00000078     sysbios.aem4f : BIOS.obj (.text:ti_sysbios_utils_Load_updateCurrentThreadTime__E)
                  000060a4    00000074                   : BIOS.obj (.text:ti_sysbios_family_arm_lm4_Timer_isrStub__E)
                  00006118    00000070     main_pem4f.oem4f (.text:ti_sysbios_family_arm_m3_Hwi_Object__create__S)
                  00006188    00000070     sysbios.aem4f : BIOS.obj (.text:ti_sysbios_family_arm_m3_Hwi_reconfig__E)
                  000061f8    00000070                   : BIOS.obj (.text:ti_sysbios_utils_Load_taskDeleteHook__E)
                  00006268    00000070     ti.uia.runtime.aem4f : LoggerStopMode.oem4f (.text:ti_uia_runtime_LoggerStopMode_getFilterLevel__E)
                  000062d8    00000070                          : LoggerStopMode.oem4f (.text:ti_uia_runtime_LoggerStopMode_writeBlockOfMemory__I)
                  00006348    00000070                          : QueueDescriptor.oem4f (.text:ti_uia_runtime_QueueDescriptor_addToList__E)
                  000063b8    00000070     ti.targets.arm.rtsarm.aem4f : Memory.oem4f (.text:xdc_runtime_Memory_alloc__F)
                  00006428    0000006c     sysbios.aem4f : BIOS.obj (.text:ti_sysbios_utils_Load_taskCreateHook__E)
                  00006494    0000006c     ti.targets.arm.rtsarm.aem4f : Error.oem4f (.text:xdc_runtime_Error_print__F)
                  00006500    00000068     sysbios.aem4f : BIOS.obj (.text:ti_sysbios_BIOS_rtsUnlock__I)
                  00006568    00000066     ti.targets.arm.rtsarm.aem4f : Core-mem.oem4f (.text:xdc_runtime_Core_deleteObject__I)
                  000065ce    00000002     --HOLE-- [fill = 0]
                  000065d0    00000064     sysbios.aem4f : BIOS.obj (.text:ti_sysbios_knl_Clock_logTick__E)
                  00006634    00000064                   : BIOS.obj (.text:ti_sysbios_utils_Load_logCPULoad__I)
                  00006698    00000060     rtsv7M4_T_le_v4SPD16_eabi.lib : trgmsg.obj (.text)
                  000066f8    00000060     main_pem4f.oem4f (.text:ti_uia_runtime_LoggerStopMode_Object__create__S)
                  00006758    0000005e     rtsv7M4_T_le_v4SPD16_eabi.lib : copy_decompress_rle.obj (.text)
                  000067b6    00000002     --HOLE-- [fill = 0]
                  000067b8    0000005c     sysbios.aem4f : BIOS.obj (.text:ti_sysbios_family_arm_lm4_Timer_Module_startup__F)
                  00006814    0000005b     ti.targets.arm.rtsarm.aem4f : Text.oem4f (.text:xdc_runtime_Text_putLab__F)
                  0000686f    00000001     --HOLE-- [fill = 0]
                  00006870    0000005a     ti.uia.runtime.aem4f : LoggerStopMode.oem4f (.text:ti_uia_runtime_LoggerStopMode_readBlockOfMemory__I)
                  000068ca    00000002     --HOLE-- [fill = 0]
                  000068cc    00000058     boot.aem4f : boot.oem4f (.text)
                  00006924    00000058     sysbios.aem4f : BIOS.obj (.text:ti_sysbios_knl_Swi_restoreHwi__E)
                  0000697c    00000058                   : BIOS.obj (.text:ti_sysbios_knl_Swi_schedule__I)
                  000069d4    00000054     ti.uia.runtime.aem4f : QueueDescriptor.oem4f (.text:ti_uia_runtime_QueueDescriptor_removeFromList__E)
                  00006a28    00000053     main.obj (.text:init_uart)
                  00006a7b    00000001     --HOLE-- [fill = 0]
                  00006a7c    00000050     sysbios.aem4f : BIOS.obj (.text:ti_sysbios_utils_Load_taskSwitchHook__E)
                  00006acc    00000050     ti.targets.arm.rtsarm.aem4f : Startup.oem4f (.text:xdc_runtime_Startup_exec__F)
                  00006b1c    00000050                                 : System.oem4f (.text:xdc_runtime_System_formatNum__I)
                  00006b6c    00000050                                 : Text.oem4f (.text:xdc_runtime_Text_visitRope2__I)
                  00006bbc    0000004c     sysbios.aem4f : BIOS.obj (.text:ti_sysbios_knl_Swi_runLoop__I)
                  00006c08    00000048     driverlib.lib : gpio.obj (.text:GPIOPinConfigure)
                  00006c50    00000048     uart_tivaware.aem4f : UART.oem4f (.text:UART_open)
                  00006c98    00000048     sysbios.aem4f : BIOS.obj (.text:ti_sysbios_BIOS_errorRaiseHook__I)
                  00006ce0    00000048                   : BIOS.obj (.text:ti_sysbios_family_arm_m3_Hwi_excReserved__I)
                  00006d28    00000048                   : BIOS.obj (.text:ti_sysbios_heaps_HeapMem_getStats__E)
                  00006d70    00000048     ti.targets.arm.rtsarm.aem4f : Assert.oem4f (.text:xdc_runtime_Assert_raise__I)
                  00006db8    00000048                                 : Core-params.oem4f (.text:xdc_runtime_Core_assignParams__I)
                  00006e00    00000046     ti.uia.runtime.aem4f : LoggerStopMode.oem4f (.text:ti_uia_runtime_LoggerStopMode_Instance_init__F)
                  00006e46    00000002     --HOLE-- [fill = 0]
                  00006e48    00000044     rtsv7M4_T_le_v4SPD16_eabi.lib : cpy_tbl.obj (.text)
                  00006e8c    00000044                                   : exit.obj (.text)
                  00006ed0    00000044     sysbios.aem4f : BIOS.obj (.text:ti_sysbios_family_arm_lm4_Timer_stop__E)
                  00006f14    00000044                   : BIOS.obj (.text:ti_sysbios_family_arm_m3_Hwi_disableInterrupt__E)
                  00006f58    00000044                   : BIOS.obj (.text:ti_sysbios_family_arm_m3_Hwi_enableInterrupt__E)
                  00006f9c    00000044                   : BIOS.obj (.text:ti_sysbios_knl_Task_allBlockedFunction__I)
                  00006fe0    00000044     ti.uia.runtime.aem4f : LoggerStopMode.oem4f (.text:ti_uia_runtime_LoggerStopMode_filterOutEvent__I)
                  00007024    00000044                          : LoggerStopMode.oem4f (.text:ti_uia_runtime_LoggerStopMode_reset__F)
                  00007068    00000044     ti.targets.arm.rtsarm.aem4f : SysMin.oem4f (.text:xdc_runtime_SysMin_flush__F)
                  000070ac    00000042     driverlib.lib : uart.obj (.text:UARTConfigSetExpClk)
                  000070ee    00000042     sysbios.aem4f : BIOS.obj (.text:ti_sysbios_knl_Semaphore_pendTimeout__I)
                  00007130    00000040     EK_LM4F120XL.obj (.text:EK_LM4F120XL_initGeneral)
                  00007170    00000040     sysbios.aem4f : BIOS.obj (.text:ti_sysbios_family_arm_lm4_Timer_startup__E)
                  000071b0    00000040     main_pem4f.oem4f (.text:ti_sysbios_knl_Semaphore_Object__create__S)
                  000071f0    00000040     ti.targets.arm.rtsarm.aem4f : System.oem4f (.text:xdc_runtime_System_atexit__F)
                  00007230    0000003c     sysbios.aem4f : BIOS.obj (.text:ti_sysbios_family_arm_m3_Hwi_excSvCall__I)
                  0000726c    0000003c                   : BIOS.obj (.text:ti_sysbios_heaps_HeapMem_init__I)
                  000072a8    0000003c                   : BIOS.obj (.text:ti_sysbios_knl_Swi_startup__E)
                  000072e4    0000003c     ti.targets.arm.rtsarm.aem4f : Text.oem4f (.text:xdc_runtime_Text_xprintf__I)
                  00007320    00000038     uart_tivaware.aem4f : UART.oem4f (.text:UART_init)
                  00007358    00000038     main.obj (.text:main)
                  00007390    00000038     sysbios.aem4f : BIOS.obj (.text:ti_sysbios_family_arm_m3_Hwi_excNoIsr__I)
                  000073c8    00000038                   : BIOS.obj (.text:ti_sysbios_family_arm_m3_Hwi_getStackInfo__E)
                  00007400    00000038                   : BIOS.obj (.text:ti_sysbios_family_arm_m3_TaskSupport_start__E)
                  00007438    00000038     main_pem4f.oem4f (.text:ti_sysbios_gates_GateHwi_Object__create__S)
                  00007470    00000038     main_pem4f.oem4f (.text:ti_sysbios_gates_GateMutex_Object__create__S)
                  000074a8    00000038     main_pem4f.oem4f (.text:ti_sysbios_heaps_HeapMem_Object__create__S)
                  000074e0    00000038     main_pem4f.oem4f (.text:ti_sysbios_knl_Queue_Object__create__S)
                  00007518    00000038     ti.targets.arm.rtsarm.aem4f : SysMin.oem4f (.text:xdc_runtime_SysMin_putch__F)
                  00007550    00000034     driverlib.lib : sysctl.obj (.text:SysCtlPeripheralEnable)
                  00007584    00000034     uart_tivaware.aem4f : UART.oem4f (.text:UART_Params_init)
                  000075b8    00000034                         : UART.oem4f (.text:UART_read)
                  000075ec    00000034                         : UART.oem4f (.text:UART_write)
                  00007620    00000034     main.obj (.text:init_mux_pins)
                  00007654    00000034     sysbios.aem4f : BIOS.obj (.text:ti_sysbios_family_arm_m3_Hwi_excNmi__I)
                  00007688    00000034                   : BIOS.obj (.text:ti_sysbios_hal_Hwi_checkStack:ti_sysbios_hal_Hwi_checkStack)
                  000076bc    00000030     main_pem4f.oem4f (.text:ti_sysbios_BIOS_exitFunc__I)
                  000076ec    00000030     sysbios.aem4f : BIOS.obj (.text:ti_sysbios_knl_Idle_run__E)
                  0000771c    00000030     ti.targets.arm.rtsarm.aem4f : Core-label.oem4f (.text:xdc_runtime_Core_assignLabel__I)
                  0000774c    00000030                                 : SysMin.oem4f (.text:xdc_runtime_SysMin_abort__F)
                  0000777c    0000002f                                 : Text.oem4f (.text:xdc_runtime_Text_printVisFxn__I)
                  000077ab    00000001     --HOLE-- [fill = 0]
                  000077ac    0000002e     main_pem4f.oem4f (.text:malloc)
                  000077da    0000002c     sysbios.aem4f : BIOS.obj (.text:ti_sysbios_hal_Hwi_initStack:ti_sysbios_hal_Hwi_initStack)
                  00007806    00000002     --HOLE-- [fill = 0]
                  00007808    0000002c                   : BIOS.obj (.text:ti_sysbios_io_DEV_Module_startup__F)
                  00007834    0000002c     main_pem4f.oem4f (.text:ti_sysbios_knl_Clock_doTick__I)
                  00007860    0000002c     sysbios.aem4f : BIOS.obj (.text:ti_sysbios_knl_Task_restore__E)
                  0000788c    0000002c     ti.uia.runtime.aem4f : LoggerStopMode.oem4f (.text:ti_uia_runtime_LoggerStopMode_Module_startup__F)
                  000078b8    0000002c                          : LoggerStopMode.oem4f (.text:ti_uia_runtime_LoggerStopMode_disable__E)
                  000078e4    0000002c                          : LoggerStopMode.oem4f (.text:ti_uia_runtime_LoggerStopMode_enable__E)
                  00007910    0000002c     ti.targets.arm.rtsarm.aem4f : System.oem4f (.text:xdc_runtime_System_rtsExit__I)
                  0000793c    0000002c                                 : Text.oem4f (.text:xdc_runtime_Text_cordText__F)
                  00007968    0000002a     driverlib.lib : gpio.obj (.text:GPIODirModeSet)
                  00007992    0000002a     ti.targets.arm.rtsarm.aem4f : System.oem4f (.text:xdc_runtime_System_putchar__I)
                  000079bc    00000028     sysbios.aem4f : m3_Hwi_asm_switch.obj (.text:ti_sysbios_family_arm_m3_Hwi_initStacks__E)
                  000079e4    00000028                   : BIOS.obj (.text:ti_sysbios_gates_GateMutex_Instance_init__F)
                  00007a0c    00000028     ti.uia.runtime.aem4f : LogSync.oem4f (.text:ti_uia_runtime_LogSync_Module_startup__F)
                  00007a34    00000028                          : QueueDescriptor.oem4f (.text:ti_uia_runtime_QueueDescriptor_initHeader__E)
                  00007a5c    00000026     ti.targets.arm.rtsarm.aem4f : System.oem4f (.text:xdc_runtime_System_avprintf__F)
                  00007a82    00000002     --HOLE-- [fill = 0]
                  00007a84    00000024     gpio_tivaware.aem4f : GPIO.oem4f (.text:GPIO_init)
                  00007aa8    00000024     sysbios.aem4f : BIOS.obj (.text:ti_sysbios_BIOS_registerRTSLock__I)
                  00007acc    00000024     main_pem4f.oem4f (.text:ti_sysbios_BIOS_startFunc__I)
                  00007af0    00000024     sysbios.aem4f : BIOS.obj (.text:ti_sysbios_family_arm_m3_Hwi_Instance_finalize__F)
                  00007b14    00000024                   : BIOS.obj (.text:ti_sysbios_family_arm_m3_Hwi_doTaskRestore__I)
                  00007b38    00000024     main_pem4f.oem4f (.text:ti_sysbios_gates_GateMutex_Object__delete__S)
                  00007b5c    00000024     sysbios.aem4f : BIOS.obj (.text:ti_sysbios_knl_Clock_Module_startup__F)
                  00007b80    00000024                   : BIOS.obj (.text:ti_sysbios_knl_Swi_Module_startup__F)
                  00007ba4    00000024     ti.uia.runtime.aem4f : LoggerStopMode.oem4f (.text:ti_uia_runtime_LoggerStopMode_Instance_finalize__F)
                  00007bc8    00000024     ti.targets.arm.rtsarm.aem4f : System.oem4f (.text:xdc_runtime_System_vprintf__F)
                  00007bec    00000022     main_pem4f.oem4f (.text:xdc_runtime_SysMin_output__I)
                  00007c0e    00000020     sysbios.aem4f : m3_Hwi_asm_switch.obj (.text:ti_sysbios_family_xxx_Hwi_switchAndRunFunc)
                  00007c2e    00000002     --HOLE-- [fill = 0]
                  00007c30    00000020     main_pem4f.oem4f (.text:ti_sysbios_gates_GateHwi_Object__delete__S)
                  00007c50    00000020     main_pem4f.oem4f (.text:ti_sysbios_heaps_HeapMem_Object__delete__S)
                  00007c70    00000020     main_pem4f.oem4f (.text:ti_sysbios_knl_Semaphore_Object__destruct__S)
                  00007c90    00000020     sysbios.aem4f : BIOS.obj (.text:ti_sysbios_knl_Task_enter__I)
                  00007cb0    00000020     main_pem4f.oem4f (.text:ti_uia_runtime_LoggerStopMode_Object__delete__S)
                  00007cd0    00000020     ti.targets.arm.rtsarm.aem4f : Registry.oem4f (.text:xdc_runtime_Registry_findById__F)
                  00007cf0    00000020                                 : SysMin.oem4f (.text:xdc_runtime_SysMin_Module_startup__F)
                  00007d10    0000001c     driverlib.lib : uart.obj (.text:UARTDisable)
                  00007d2c    0000001c     sysbios.aem4f : BIOS.obj (.text:ti_sysbios_BIOS_rtsLock__I)
                  00007d48    0000001c     main_pem4f.oem4f (.text:ti_sysbios_family_arm_m3_Hwi_Object__destruct__S)
                  00007d64    0000001c     main_pem4f.oem4f (.text:ti_sysbios_knl_Queue_Object__destruct__S)
                  00007d80    0000001c     ti.targets.arm.rtsarm.aem4f : Error.oem4f (.text:xdc_runtime_Error_check__F)
                  00007d9c    0000001c                                 : Memory.oem4f (.text:xdc_runtime_Memory_valloc__F)
                  00007db8    0000001c                                 : SysMin.oem4f (.text:xdc_runtime_SysMin_exit__F)
                  00007dd4    0000001a     main_pem4f.oem4f (.text:ti_sysbios_family_arm_m3_Hwi_Handle__label__S)
                  00007dee    0000001a     main_pem4f.oem4f (.text:ti_sysbios_gates_GateHwi_Handle__label__S)
                  00007e08    0000001a     main_pem4f.oem4f (.text:ti_sysbios_gates_GateMutex_Handle__label__S)
                  00007e22    0000001a     main_pem4f.oem4f (.text:ti_sysbios_heaps_HeapMem_Handle__label__S)
                  00007e3c    0000001a     main_pem4f.oem4f (.text:ti_sysbios_knl_Swi_Handle__label__S)
                  00007e56    0000001a     main_pem4f.oem4f (.text:ti_sysbios_knl_Task_Handle__label__S)
                  00007e70    0000001a     main_pem4f.oem4f (.text:ti_uia_runtime_LoggerStopMode_Handle__label__S)
                  00007e8a    0000001a     main_pem4f.oem4f (.text:xdc_runtime_System_aprintf__E)
                  00007ea4    0000001a     main_pem4f.oem4f (.text:xdc_runtime_System_printf__E)
                  00007ebe    00000018     driverlib.lib : gpio.obj (.text:GPIOPinTypeGPIOOutput)
                  00007ed6    00000018     main_pem4f.oem4f (.text:free)
                  00007eee    00000002     --HOLE-- [fill = 0]
                  00007ef0    00000018     rtsv7M4_T_le_v4SPD16_eabi.lib : args_main.obj (.text)
                  00007f08    00000018     main_pem4f.oem4f (.text:ti_sysbios_family_arm_lm4_Timer_Module__startupDone__F)
                  00007f20    00000018     main_pem4f.oem4f (.text:ti_sysbios_family_arm_m3_Hwi_Module__startupDone__F)
                  00007f38    00000018     sysbios.aem4f : m3_TaskSupport_asm.obj (.text:ti_sysbios_family_arm_m3_TaskSupport_swap__E)
                  00007f50    00000018                   : BIOS.obj (.text:ti_sysbios_gates_GateMutex_leave__E)
                  00007f68    00000018     main_pem4f.oem4f (.text:ti_sysbios_hal_Timer_Module__startupDone__F)
                  00007f80    00000018     ti.targets.arm.rtsarm.aem4f : Text.oem4f (.text:xdc_runtime_Text_ropeText__F)
                  00007f98    00000016     ti.uia.runtime.aem4f : LoggerStopMode.oem4f (.text:ti_uia_runtime_LoggerStopMode_getFreeSize__E)
                  00007fae    00000016                          : LoggerStopMode.oem4f (.text:ti_uia_runtime_LoggerStopMode_getUnreadSize__E)
                  00007fc4    00000014     driverlib.lib : uart.obj (.text:UARTEnable)
                  00007fd8    00000014     rtsv7M4_T_le_v4SPD16_eabi.lib : _lock.obj (.text)
                  00007fec    00000014                                   : strlen.obj (.text)
                  00008000    00000014     sysbios.aem4f : BIOS.obj (.text:ti_sysbios_family_arm_m3_Hwi_switchFromBootStack__E)
                  00008014    00000014     main_pem4f.oem4f (.text:ti_sysbios_heaps_HeapMem_Object__get__S)
                  00008028    00000014     main_pem4f.oem4f (.text:ti_sysbios_knl_Swi_Object__get__S)
                  0000803c    00000014     main_pem4f.oem4f (.text:ti_sysbios_knl_Task_Object__get__S)
                  00008050    00000014     ti.targets.arm.rtsarm.aem4f : System.oem4f (.text:xdc_runtime_System_abort__F)
                  00008064    00000012     driverlib.lib : gpio.obj (.text:GPIOPinTypeGPIOInput)
                  00008076    00000012                   : gpio.obj (.text:GPIOPinTypeUART)
                  00008088    00000012     rtsv7M4_T_le_v4SPD16_eabi.lib : copy_zero_init.obj (.text:decompress:ZI)
                  0000809a    00000012     sysbios.aem4f : BIOS.obj (.text:ti_sysbios_hal_Hwi_Module_startup__F)
                  000080ac    00000012                   : BIOS.obj (.text:ti_sysbios_hal_Timer_Module_startup__F)
                  000080be    00000012     ti.uia.runtime.aem4f : LoggerStopMode.oem4f (.text:ti_uia_runtime_LoggerStopMode_write1__E)
                  000080d0    00000012                          : LoggerStopMode.oem4f (.text:ti_uia_runtime_LoggerStopMode_write2__E)
                  000080e2    00000012     main_pem4f.oem4f (.text:xdc_runtime_Startup_exec__I)
                  000080f4    00000010     rtsv7M4_T_le_v4SPD16_eabi.lib : strcpy.obj (.text)
                  00008104    00000010     sysbios.aem4f : BIOS.obj (.text:ti_sysbios_BIOS_getCpuFreq__E)
                  00008114    00000010                   : BIOS.obj (.text:ti_sysbios_BIOS_setThreadType__E)
                  00008124    00000010                   : BIOS.obj (.text:ti_sysbios_BIOS_start__E)
                  00008134    00000010                   : BIOS.obj (.text:ti_sysbios_family_arm_lm4_TimestampProvider_rolloverFunc__E)
                  00008144    00000010                   : BIOS.obj (.text:ti_sysbios_family_arm_m3_Hwi_excHandler__I)
                  00008154    00000010                   : m3_TaskSupport_asm.obj (.text:ti_sysbios_family_arm_m3_TaskSupport_glue)
                  00008164    00000010                   : m3_Hwi_asm_switch.obj (.text:ti_sysbios_family_xxx_Hwi_switchToIsrStack)
                  00008174    00000010                   : BIOS.obj (.text:ti_sysbios_gates_GateMutex_Instance_finalize__F)
                  00008184    00000010     main_pem4f.oem4f (.text:ti_sysbios_io_DEV_Object__get__S)
                  00008194    00000010     main_pem4f.oem4f (.text:ti_sysbios_knl_Mailbox_Object__get__S)
                  000081a4    00000010     sysbios.aem4f : BIOS.obj (.text:ti_sysbios_knl_Semaphore_Instance_finalize__F)
                  000081b4    00000010                   : BIOS.obj (.text:ti_sysbios_knl_Swi_disable__E)
                  000081c4    00000010                   : BIOS.obj (.text:ti_sysbios_knl_Task_disable__E)
                  000081d4    00000010     main_pem4f.oem4f (.text:ti_uia_runtime_LoggerStopMode_Object__get__S)
                  000081e4    00000010     ti.uia.runtime.aem4f : LoggerStopMode.oem4f (.text:ti_uia_runtime_LoggerStopMode_write0__E)
                  000081f4    00000010     ti.targets.arm.rtsarm.aem4f : Gate.oem4f (.text:xdc_runtime_Gate_leaveSystem__F)
                  00008204    00000010                                 : Memory.oem4f (.text:xdc_runtime_Memory_free__F)
                  00008214    00000010                                 : SysMin.oem4f (.text:xdc_runtime_SysMin_ready__F)
                  00008224    00000010                                 : System.oem4f (.text:xdc_runtime_System_vsnprintf__F)
                  00008234    00000010     main_pem4f.oem4f (.text:xdc_runtime_Text_visitRope__I)
                  00008244    0000000e     driverlib.lib : uart.obj (.text:UARTCharGetNonBlocking)
                  00008252    0000000e                   : uart.obj (.text:UARTCharPutNonBlocking)
                  00008260    0000000e     rtsv7M4_T_le_v4SPD16_eabi.lib : copy_decompress_none.obj (.text:decompress:none)
                  0000826e    0000000e     sysbios.aem4f : BIOS.obj (.text:ti_sysbios_knl_Queue_empty__E)
                  0000827c    0000000e     ti.uia.runtime.aem4f : LoggerStopMode.oem4f (.text:ti_uia_runtime_LoggerStopMode_isEmpty__E)
                  0000828a    00000002     --HOLE-- [fill = 0]
                  0000828c    0000000c     main_pem4f.oem4f (.text:.bootCodeSection:ti_catalog_arm_cortexm4_tiva_ce_Boot_init__I)
                  00008298    0000000c     sysbios.aem4f : BIOS.obj (.text:ti_sysbios_family_arm_lm4_Timer_masterDisable__I)
                  000082a4    0000000c                   : BIOS.obj (.text:ti_sysbios_family_arm_lm4_TimestampProvider_startTimer__E)
                  000082b0    0000000c     main_pem4f.oem4f (.text:ti_sysbios_family_arm_m3_Hwi_Params__init__S)
                  000082bc    0000000c     sysbios.aem4f : BIOS.obj (.text:ti_sysbios_family_arm_m3_Hwi_disableFxn__E)
                  000082c8    0000000c                   : BIOS.obj (.text:ti_sysbios_family_arm_m3_TaskSupport_checkStack__E)
                  000082d4    0000000c                   : m3_Hwi_asm_switch.obj (.text:ti_sysbios_family_xxx_Hwi_switchToTaskStack)
                  000082e0    0000000c                   : BIOS.obj (.text:ti_sysbios_gates_GateHwi_enter__E)
                  000082ec    0000000c     main_pem4f.oem4f (.text:ti_sysbios_knl_Queue_Object__get__S)
                  000082f8    0000000c     main_pem4f.oem4f (.text:ti_sysbios_knl_Semaphore_Params__init__S)
                  00008304    0000000c     sysbios.aem4f : BIOS.obj (.text:ti_sysbios_utils_Load_taskRegHook__E)
                  00008310    0000000c     ti.targets.arm.rtsarm.aem4f : Error.oem4f (.text:xdc_runtime_Error_init__F)
                  0000831c    0000000c                                 : Gate.oem4f (.text:xdc_runtime_Gate_enterSystem__F)
                  00008328    0000000c                                 : Memory.oem4f (.text:xdc_runtime_Memory_calloc__F)
                  00008334    0000000c                                 : Memory.oem4f (.text:xdc_runtime_Memory_getMaxDefaultTypeAlign__F)
                  00008340    0000000c                                 : System.oem4f (.text:xdc_runtime_System_exit__F)
                  0000834c    0000000c                                 : System.oem4f (.text:xdc_runtime_System_lastFxn__I)
                  00008358    0000000a     driverlib.lib : uart.obj (.text:UARTCharGet)
                  00008362    0000000a                   : uart.obj (.text:UARTCharPut)
                  0000836c    0000000a                   : uart.obj (.text:UARTIntDisable)
                  00008376    0000000a                   : uart.obj (.text:UARTIntStatus)
                  00008380    0000000a     main_pem4f.oem4f (.text:xdc_runtime_IHeap_alloc)
                  0000838a    0000000a     main_pem4f.oem4f (.text:xdc_runtime_IHeap_free)
                  00008394    00000008     driverlib.lib : uart.obj (.text:UARTIntEnable)
                  0000839c    00000008     uart_tivaware.aem4f : UARTTiva.oem4f (.text:UARTTiva_init)
                  000083a4    00000008                         : UARTTiva.oem4f (.text:readSemCallback)
                  000083ac    00000008     sysbios.aem4f : BIOS.obj (.text:ti_sysbios_family_arm_m3_Hwi_doSwiRestore__I)
                  000083b4    00000008                   : BIOS.obj (.text:ti_sysbios_family_arm_m3_Hwi_startup__E)
                  000083bc    00000008                   : BIOS.obj (.text:ti_sysbios_knl_Idle_loop__E)
                  000083c4    00000008     uart_tivaware.aem4f : UARTTiva.oem4f (.text:writeSemCallback)
                  000083cc    00000006     driverlib.lib : gpio.obj (.text:GPIOPinWrite)
                  000083d2    00000006                   : uart.obj (.text:UARTFIFOLevelSet)
                  000083d8    00000006     ti.targets.arm.rtsarm.aem4f : xdc_noinit.oem4f (.text:__xdc__init)
                  000083de    00000006     rtsv7M4_T_le_v4SPD16_eabi.lib : copy_decompress_rle.obj (.text:decompress:rle24)
                  000083e4    00000006     Boot.aem4f : Boot_sysctl.oem4f (.text:ti_catalog_arm_cortexm4_tiva_ce_Boot_sysCtlDelayI__I)
                  000083ea    00000006     sysbios.aem4f : BIOS.obj (.text:ti_sysbios_family_arm_lm4_TimestampProvider_Module_startup__F)
                  000083f0    00000006                   : BIOS.obj (.text:ti_sysbios_family_arm_m3_Hwi_restoreFxn__E)
                  000083f6    00000006                   : BIOS.obj (.text:ti_sysbios_gates_GateHwi_leave__E)
                  000083fc    00000006                   : BIOS.obj (.text:ti_sysbios_heaps_HeapMem_isBlocking__E)
                  00008402    00000006                   : BIOS.obj (.text:ti_sysbios_knl_Queue_Instance_init__F)
                  00008408    00000006     ti.uia.runtime.aem4f : LoggerStopMode.oem4f (.text:ti_uia_runtime_LoggerStopMode_getPriority__E)
                  0000840e    00000006                          : LoggerStopMode.oem4f (.text:ti_uia_runtime_LoggerStopMode_getTransferType__F)
                  00008414    00000006     ti.targets.arm.rtsarm.aem4f : System.oem4f (.text:xdc_runtime_System_Module_startup__F)
                  0000841a    00000004     driverlib.lib : uart.obj (.text:UARTIntClear)
                  0000841e    00000004     main_pem4f.oem4f (.text:ti_sysbios_BIOS_RtsGateProxy_enter__E)
                  00008422    00000004     main_pem4f.oem4f (.text:ti_sysbios_BIOS_RtsGateProxy_leave__E)
                  00008426    00000004     sysbios.aem4f : BIOS.obj (.text:ti_sysbios_family_arm_lm4_Timer_getPeriod__E)
                  0000842a    00000004                   : BIOS.obj (.text:ti_sysbios_family_arm_lm4_Timer_masterEnable__I)
                  0000842e    00000004     main_pem4f.oem4f (.text:ti_sysbios_family_arm_m3_TaskSupport_Module__startupDone__S)
                  00008432    00000004     sysbios.aem4f : BIOS.obj (.text:ti_sysbios_gates_GateHwi_query__F)
                  00008436    00000004                   : BIOS.obj (.text:ti_sysbios_gates_GateMutex_query__F)
                  0000843a    00000004     main_pem4f.oem4f (.text:ti_sysbios_hal_Hwi_HwiProxy_Module__startupDone__S)
                  0000843e    00000004     main_pem4f.oem4f (.text:ti_sysbios_hal_Timer_TimerProxy_Module__startupDone__S)
                  00008442    00000004     main_pem4f.oem4f (.text:ti_sysbios_hal_Timer_TimerProxy_getPeriod__E)
                  00008446    00000004     main_pem4f.oem4f (.text:ti_sysbios_heaps_HeapMem_Module_GateProxy_enter__E)
                  0000844a    00000004     main_pem4f.oem4f (.text:ti_sysbios_heaps_HeapMem_Module_GateProxy_leave__E)
                  0000844e    00000004     main_pem4f.oem4f (.text:ti_sysbios_knl_Task_SupportProxy_Module__startupDone__S)
                  00008452    00000004     sysbios.aem4f : BIOS.obj (.text:ti_sysbios_knl_Task_startup__E)
                  00008456    00000004     main_pem4f.oem4f (.text:ti_uia_runtime_LogSync_CpuTimestampProxy_Module__startupDone__S)
                  0000845a    00000004     main_pem4f.oem4f (.text:ti_uia_runtime_LogSync_GlobalTimestampProxy_Module__startupDone__S)
                  0000845e    00000004     ti.uia.runtime.aem4f : LoggerStopMode.oem4f (.text:ti_uia_runtime_LoggerStopMode_getInstanceId__E)
                  00008462    00000004                          : LoggerStopMode.oem4f (.text:ti_uia_runtime_LoggerStopMode_getMaxLength__E)
                  00008466    00000004                          : LoggerStopMode.oem4f (.text:ti_uia_runtime_LoggerStopMode_setPriority__E)
                  0000846a    00000004     ti.targets.arm.rtsarm.aem4f : Error.oem4f (.text:xdc_runtime_Error_getSite__F)
                  0000846e    00000004     main_pem4f.oem4f (.text:xdc_runtime_Memory_HeapProxy_alloc__E)
                  00008472    00000004     main_pem4f.oem4f (.text:xdc_runtime_Memory_HeapProxy_free__E)
                  00008476    00000004     main_pem4f.oem4f (.text:xdc_runtime_System_Module_GateProxy_enter__E)
                  0000847a    00000004     main_pem4f.oem4f (.text:xdc_runtime_System_Module_GateProxy_leave__E)
                  0000847e    00000004     ti.targets.arm.rtsarm.aem4f : System.oem4f (.text:xdc_runtime_System_aprintf_va__F)
                  00008482    00000004                                 : System.oem4f (.text:xdc_runtime_System_printf_va__F)
                  00008486    00000004     main_pem4f.oem4f (.text:xdc_runtime_System_vsnprintf__E)
                  0000848a    00000004     main_pem4f.oem4f (.text:xdc_runtime_TimestampNull_Module__startupDone__S)
                  0000848e    00000004     main_pem4f.oem4f (.text:xdc_runtime_Timestamp_Module__startupDone__S)

.const     0    00008494    00002e5a     
                  00008494    000023a9     main_pem4f.oem4f (.const:xdc_runtime_Text_charTab__A)
                  0000a83d    00000001     main_pem4f.oem4f (.const:xdc_runtime_Error_policy__C)
                  0000a83e    00000140     main_pem4f.oem4f (.const:xdc_runtime_Text_nodeTab__A)
                  0000a97e    000000d8     main_pem4f.oem4f (.const:ti_sysbios_family_arm_m3_Hwi_priorities__A)
                  0000aa56    00000002     main_pem4f.oem4f (.const:ti_catalog_arm_cortexm4_tiva_ce_Boot_Module__id__C)
                  0000aa58    00000090     driverlib.lib : gpio.obj (.const:g_pui32GPIOBaseAddrs)
                  0000aae8    0000006c     EK_LM4F120XL.obj (.const:UART_config)
                  0000ab54    00000060     main_pem4f.oem4f (.const:ti_uia_runtime_LoggerStopMode_Module__FXNS__C)
                  0000abb4    00000048     main_pem4f.oem4f (.const:.string)
                  0000abfc    00000040     EK_LM4F120XL.obj (.const:uartTivaHWAttrs)
                  0000ac3c    0000003c     EK_LM4F120XL.obj (.const:gpioHWAttrs)
                  0000ac78    00000038     main_pem4f.oem4f (.const:xdc_runtime_Startup_sfxnTab__A)
                  0000acb0    00000030     main_pem4f.oem4f (.const:ti_sysbios_family_arm_m3_Hwi_Object__PARAMS__C)
                  0000ace0    00000030     main_pem4f.oem4f (.const:ti_sysbios_knl_Task_hooks__A)
                  0000ad10    00000030     main_pem4f.oem4f (.const:ti_uia_runtime_LoggerStopMode_Object__PARAMS__C)
                  0000ad40    00000028     main_pem4f.oem4f (.const:ti_sysbios_heaps_HeapMem_Module__FXNS__C)
                  0000ad68    00000024     uart_tivaware.aem4f : UARTTiva.oem4f (.const:UARTTiva_fxnTable)
                  0000ad8c    00000024     main_pem4f.oem4f (.const:ti_sysbios_gates_GateHwi_Module__FXNS__C)
                  0000adb0    00000024     main_pem4f.oem4f (.const:ti_sysbios_gates_GateMutex_Module__FXNS__C)
                  0000add4    00000024     main_pem4f.oem4f (.const:ti_sysbios_heaps_HeapMem_Object__PARAMS__C)
                  0000adf8    00000024     main_pem4f.oem4f (.const:ti_sysbios_knl_Semaphore_Object__PARAMS__C)
                  0000ae1c    00000020     main_pem4f.oem4f (.const:ti_sysbios_family_arm_m3_Hwi_Object__DESC__C)
                  0000ae3c    00000020     main_pem4f.oem4f (.const:ti_sysbios_gates_GateHwi_Object__DESC__C)
                  0000ae5c    00000020     main_pem4f.oem4f (.const:ti_sysbios_gates_GateMutex_Object__DESC__C)
                  0000ae7c    00000020     main_pem4f.oem4f (.const:ti_sysbios_heaps_HeapMem_Object__DESC__C)
                  0000ae9c    00000020     main_pem4f.oem4f (.const:ti_sysbios_knl_Queue_Object__DESC__C)
                  0000aebc    00000020     main_pem4f.oem4f (.const:ti_sysbios_knl_Semaphore_Object__DESC__C)
                  0000aedc    00000020     main_pem4f.oem4f (.const:ti_uia_runtime_LoggerStopMode_Object__DESC__C)
                  0000aefc    00000020     uart_tivaware.aem4f : UART.oem4f (.const)
                  0000af1c    0000001c     main_pem4f.oem4f (.const:xdc_runtime_Startup_sfxnRts__A)
                  0000af38    00000018     EK_LM4F120XL.obj (.const)
                  0000af50    00000018     main_pem4f.oem4f (.const:ti_sysbios_gates_GateHwi_Object__PARAMS__C)
                  0000af68    00000018     main_pem4f.oem4f (.const:ti_sysbios_gates_GateMutex_Object__PARAMS__C)
                  0000af80    00000018     main_pem4f.oem4f (.const:ti_sysbios_knl_Queue_Object__PARAMS__C)
                  0000af98    00000014     main_pem4f.oem4f (.const:xdc_runtime_Startup_firstFxns__A)
                  0000afac    00000011     ti.targets.arm.rtsarm.aem4f : System.oem4f (.const)
                  0000afbd    00000001     --HOLE-- [fill = 0]
                  0000afbe    00000002     main_pem4f.oem4f (.const:ti_sysbios_BIOS_Module__id__C)
                  0000afc0    00000008     main_pem4f.oem4f (.const:ti_sysbios_family_arm_m3_Hwi_excHookFuncs__A)
                  0000afc8    00000008     main_pem4f.oem4f (.const:ti_sysbios_knl_Idle_coreList__A)
                  0000afd0    00000008     main_pem4f.oem4f (.const:ti_sysbios_knl_Idle_coreList__C)
                  0000afd8    00000008     main_pem4f.oem4f (.const:ti_sysbios_knl_Idle_funcList__A)
                  0000afe0    00000008     main_pem4f.oem4f (.const:ti_sysbios_knl_Idle_funcList__C)
                  0000afe8    00000008     main_pem4f.oem4f (.const:ti_sysbios_knl_Task_hooks__C)
                  0000aff0    00000008     main_pem4f.oem4f (.const:xdc_runtime_Startup_firstFxns__C)
                  0000aff8    00000008     main_pem4f.oem4f (.const:xdc_runtime_Startup_lastFxns__A)
                  0000b000    00000008     main_pem4f.oem4f (.const:xdc_runtime_Startup_lastFxns__C)
                  0000b008    00000004     main_pem4f.oem4f (.const:ti_catalog_arm_cortexm4_tiva_ce_Boot_A_mustUseEnhancedClockMode__C)
                  0000b00c    00000004     main_pem4f.oem4f (.const:ti_catalog_arm_cortexm4_tiva_ce_Boot_Module__diagsEnabled__C)
                  0000b010    00000004     main_pem4f.oem4f (.const:ti_catalog_arm_cortexm4_tiva_ce_Boot_Module__diagsIncluded__C)
                  0000b014    00000004     main_pem4f.oem4f (.const:ti_catalog_arm_cortexm4_tiva_ce_Boot_Module__diagsMask__C)
                  0000b018    00000004     main_pem4f.oem4f (.const:ti_sysbios_BIOS_Module__diagsEnabled__C)
                  0000b01c    00000004     main_pem4f.oem4f (.const:ti_sysbios_BIOS_Module__diagsIncluded__C)
                  0000b020    00000004     main_pem4f.oem4f (.const:ti_sysbios_BIOS_Module__diagsMask__C)
                  0000b024    00000004     main_pem4f.oem4f (.const:ti_sysbios_BIOS_installedErrorHook__C)
                  0000b028    00000004     main_pem4f.oem4f (.const:ti_sysbios_family_arm_lm4_Timer_enableFunc__C)
                  0000b02c    00000004     main_pem4f.oem4f (.const:ti_sysbios_family_arm_lm4_Timer_numTimerDevices__C)
                  0000b030    00000004     main_pem4f.oem4f (.const:ti_sysbios_family_arm_lm4_Timer_startupNeeded__C)
                  0000b034    00000004     main_pem4f.oem4f (.const:ti_sysbios_family_arm_m3_Hwi_E_NMI__C)
                  0000b038    00000004     main_pem4f.oem4f (.const:ti_sysbios_family_arm_m3_Hwi_E_alreadyDefined__C)
                  0000b03c    00000004     main_pem4f.oem4f (.const:ti_sysbios_family_arm_m3_Hwi_E_busFault__C)
                  0000b040    00000004     main_pem4f.oem4f (.const:ti_sysbios_family_arm_m3_Hwi_E_debugMon__C)
                  0000b044    00000004     main_pem4f.oem4f (.const:ti_sysbios_family_arm_m3_Hwi_E_hardFault__C)
                  0000b048    00000004     main_pem4f.oem4f (.const:ti_sysbios_family_arm_m3_Hwi_E_memFault__C)
                  0000b04c    00000004     main_pem4f.oem4f (.const:ti_sysbios_family_arm_m3_Hwi_E_noIsr__C)
                  0000b050    00000004     main_pem4f.oem4f (.const:ti_sysbios_family_arm_m3_Hwi_E_reserved__C)
                  0000b054    00000004     main_pem4f.oem4f (.const:ti_sysbios_family_arm_m3_Hwi_E_svCall__C)
                  0000b058    00000004     main_pem4f.oem4f (.const:ti_sysbios_family_arm_m3_Hwi_E_usageFault__C)
                  0000b05c    00000004     main_pem4f.oem4f (.const:ti_sysbios_family_arm_m3_Hwi_LD_end__C)
                  0000b060    00000004     main_pem4f.oem4f (.const:ti_sysbios_family_arm_m3_Hwi_LM_begin__C)
                  0000b064    00000004     main_pem4f.oem4f (.const:ti_sysbios_family_arm_m3_Hwi_Module__diagsEnabled__C)
                  0000b068    00000004     main_pem4f.oem4f (.const:ti_sysbios_family_arm_m3_Hwi_Module__diagsIncluded__C)
                  0000b06c    00000004     main_pem4f.oem4f (.const:ti_sysbios_family_arm_m3_Hwi_Module__diagsMask__C)
                  0000b070    00000004     main_pem4f.oem4f (.const:ti_sysbios_family_arm_m3_Hwi_Module__loggerFxn1__C)
                  0000b074    00000004     main_pem4f.oem4f (.const:ti_sysbios_family_arm_m3_Hwi_Module__loggerFxn8__C)
                  0000b078    00000004     main_pem4f.oem4f (.const:ti_sysbios_family_arm_m3_Hwi_Module__loggerObj__C)
                  0000b07c    00000004     main_pem4f.oem4f (.const:ti_sysbios_family_arm_m3_Hwi_NUM_INTERRUPTS__C)
                  0000b080    00000004     main_pem4f.oem4f (.const:ti_sysbios_family_arm_m3_Hwi_ccr__C)
                  0000b084    00000004     main_pem4f.oem4f (.const:ti_sysbios_family_arm_m3_Hwi_dispatchTable__C)
                  0000b088    00000004     main_pem4f.oem4f (.const:ti_sysbios_family_arm_m3_Hwi_excHandlerFunc__C)
                  0000b08c    00000004     main_pem4f.oem4f (.const:ti_sysbios_family_arm_m3_Hwi_excHookFuncs__C)
                  0000b090    00000004     main_pem4f.oem4f (.const:ti_sysbios_family_arm_m3_Hwi_priGroup__C)
                  0000b094    00000004     main_pem4f.oem4f (.const:ti_sysbios_family_arm_m3_Hwi_priorities__C)
                  0000b098    00000004     main_pem4f.oem4f (.const:ti_sysbios_gates_GateMutex_A_badContext__C)
                  0000b09c    00000004     main_pem4f.oem4f (.const:ti_sysbios_gates_GateMutex_Instance_State_sem__O)
                  0000b0a0    00000004     main_pem4f.oem4f (.const:ti_sysbios_gates_GateMutex_Module__diagsEnabled__C)
                  0000b0a4    00000004     main_pem4f.oem4f (.const:ti_sysbios_gates_GateMutex_Module__diagsIncluded__C)
                  0000b0a8    00000004     main_pem4f.oem4f (.const:ti_sysbios_gates_GateMutex_Module__diagsMask__C)
                  0000b0ac    00000004     main_pem4f.oem4f (.const:ti_sysbios_hal_Hwi_E_stackOverflow__C)
                  0000b0b0    00000004     main_pem4f.oem4f (.const:ti_sysbios_heaps_HeapMem_A_align__C)
                  0000b0b4    00000004     main_pem4f.oem4f (.const:ti_sysbios_heaps_HeapMem_A_heapSize__C)
                  0000b0b8    00000004     main_pem4f.oem4f (.const:ti_sysbios_heaps_HeapMem_A_invalidFree__C)
                  0000b0bc    00000004     main_pem4f.oem4f (.const:ti_sysbios_heaps_HeapMem_A_zeroBlock__C)
                  0000b0c0    00000004     main_pem4f.oem4f (.const:ti_sysbios_heaps_HeapMem_E_memory__C)
                  0000b0c4    00000004     main_pem4f.oem4f (.const:ti_sysbios_heaps_HeapMem_Module__diagsEnabled__C)
                  0000b0c8    00000004     main_pem4f.oem4f (.const:ti_sysbios_heaps_HeapMem_Module__diagsIncluded__C)
                  0000b0cc    00000004     main_pem4f.oem4f (.const:ti_sysbios_heaps_HeapMem_Module__diagsMask__C)
                  0000b0d0    00000004     main_pem4f.oem4f (.const:ti_sysbios_heaps_HeapMem_Module__gateObj__C)
                  0000b0d4    00000004     main_pem4f.oem4f (.const:ti_sysbios_heaps_HeapMem_Object__count__C)
                  0000b0d8    00000004     main_pem4f.oem4f (.const:ti_sysbios_heaps_HeapMem_reqAlign__C)
                  0000b0dc    00000004     main_pem4f.oem4f (.const:ti_sysbios_io_DEV_Object__count__C)
                  0000b0e0    00000004     main_pem4f.oem4f (.const:ti_sysbios_io_DEV_tableSize__C)
                  0000b0e4    00000004     main_pem4f.oem4f (.const:ti_sysbios_knl_Clock_LM_begin__C)
                  0000b0e8    00000004     main_pem4f.oem4f (.const:ti_sysbios_knl_Clock_LM_tick__C)
                  0000b0ec    00000004     main_pem4f.oem4f (.const:ti_sysbios_knl_Clock_LW_delayed__C)
                  0000b0f0    00000004     main_pem4f.oem4f (.const:ti_sysbios_knl_Clock_Module_State_clockQ__O)
                  0000b0f4    00000004     main_pem4f.oem4f (.const:ti_sysbios_knl_Clock_Module__diagsEnabled__C)
                  0000b0f8    00000004     main_pem4f.oem4f (.const:ti_sysbios_knl_Clock_Module__diagsIncluded__C)
                  0000b0fc    00000004     main_pem4f.oem4f (.const:ti_sysbios_knl_Clock_Module__diagsMask__C)
                  0000b100    00000004     main_pem4f.oem4f (.const:ti_sysbios_knl_Clock_Module__loggerFxn1__C)
                  0000b104    00000004     main_pem4f.oem4f (.const:ti_sysbios_knl_Clock_Module__loggerFxn2__C)
                  0000b108    00000004     main_pem4f.oem4f (.const:ti_sysbios_knl_Clock_Module__loggerObj__C)
                  0000b10c    00000004     main_pem4f.oem4f (.const:ti_sysbios_knl_Mailbox_Instance_State_freeQue__O)
                  0000b110    00000004     main_pem4f.oem4f (.const:ti_sysbios_knl_Mailbox_Object__count__C)
                  0000b114    00000004     main_pem4f.oem4f (.const:ti_sysbios_knl_Semaphore_A_badContext__C)
                  0000b118    00000004     main_pem4f.oem4f (.const:ti_sysbios_knl_Semaphore_A_noEvents__C)
                  0000b11c    00000004     main_pem4f.oem4f (.const:ti_sysbios_knl_Semaphore_A_overflow__C)
                  0000b120    00000004     main_pem4f.oem4f (.const:ti_sysbios_knl_Semaphore_A_pendTaskDisabled__C)
                  0000b124    00000004     main_pem4f.oem4f (.const:ti_sysbios_knl_Semaphore_Instance_State_pendQ__O)
                  0000b128    00000004     main_pem4f.oem4f (.const:ti_sysbios_knl_Semaphore_LM_pend__C)
                  0000b12c    00000004     main_pem4f.oem4f (.const:ti_sysbios_knl_Semaphore_LM_post__C)
                  0000b130    00000004     main_pem4f.oem4f (.const:ti_sysbios_knl_Semaphore_Module__diagsEnabled__C)
                  0000b134    00000004     main_pem4f.oem4f (.const:ti_sysbios_knl_Semaphore_Module__diagsIncluded__C)
                  0000b138    00000004     main_pem4f.oem4f (.const:ti_sysbios_knl_Semaphore_Module__diagsMask__C)
                  0000b13c    00000004     main_pem4f.oem4f (.const:ti_sysbios_knl_Semaphore_Module__loggerFxn2__C)
                  0000b140    00000004     main_pem4f.oem4f (.const:ti_sysbios_knl_Semaphore_Module__loggerFxn4__C)
                  0000b144    00000004     main_pem4f.oem4f (.const:ti_sysbios_knl_Semaphore_Module__loggerObj__C)
                  0000b148    00000004     main_pem4f.oem4f (.const:ti_sysbios_knl_Swi_LD_end__C)
                  0000b14c    00000004     main_pem4f.oem4f (.const:ti_sysbios_knl_Swi_LM_begin__C)
                  0000b150    00000004     main_pem4f.oem4f (.const:ti_sysbios_knl_Swi_LM_post__C)
                  0000b154    00000004     main_pem4f.oem4f (.const:ti_sysbios_knl_Swi_Module__diagsEnabled__C)
                  0000b158    00000004     main_pem4f.oem4f (.const:ti_sysbios_knl_Swi_Module__diagsIncluded__C)
                  0000b15c    00000004     main_pem4f.oem4f (.const:ti_sysbios_knl_Swi_Module__diagsMask__C)
                  0000b160    00000004     main_pem4f.oem4f (.const:ti_sysbios_knl_Swi_Module__loggerFxn1__C)
                  0000b164    00000004     main_pem4f.oem4f (.const:ti_sysbios_knl_Swi_Module__loggerFxn4__C)
                  0000b168    00000004     main_pem4f.oem4f (.const:ti_sysbios_knl_Swi_Module__loggerObj__C)
                  0000b16c    00000004     main_pem4f.oem4f (.const:ti_sysbios_knl_Swi_Object__count__C)
                  0000b170    00000004     main_pem4f.oem4f (.const:ti_sysbios_knl_Task_E_spOutOfBounds__C)
                  0000b174    00000004     main_pem4f.oem4f (.const:ti_sysbios_knl_Task_E_stackOverflow__C)
                  0000b178    00000004     main_pem4f.oem4f (.const:ti_sysbios_knl_Task_LD_block__C)
                  0000b17c    00000004     main_pem4f.oem4f (.const:ti_sysbios_knl_Task_LD_exit__C)
                  0000b180    00000004     main_pem4f.oem4f (.const:ti_sysbios_knl_Task_LD_ready__C)
                  0000b184    00000004     main_pem4f.oem4f (.const:ti_sysbios_knl_Task_LM_switch__C)
                  0000b188    00000004     main_pem4f.oem4f (.const:ti_sysbios_knl_Task_Module_State_inactiveQ__O)
                  0000b18c    00000004     main_pem4f.oem4f (.const:ti_sysbios_knl_Task_Module__diagsEnabled__C)
                  0000b190    00000004     main_pem4f.oem4f (.const:ti_sysbios_knl_Task_Module__diagsIncluded__C)
                  0000b194    00000004     main_pem4f.oem4f (.const:ti_sysbios_knl_Task_Module__diagsMask__C)
                  0000b198    00000004     main_pem4f.oem4f (.const:ti_sysbios_knl_Task_Module__loggerFxn2__C)
                  0000b19c    00000004     main_pem4f.oem4f (.const:ti_sysbios_knl_Task_Module__loggerFxn4__C)
                  0000b1a0    00000004     main_pem4f.oem4f (.const:ti_sysbios_knl_Task_Module__loggerObj__C)
                  0000b1a4    00000004     main_pem4f.oem4f (.const:ti_sysbios_knl_Task_Object__count__C)
                  0000b1a8    00000004     main_pem4f.oem4f (.const:ti_sysbios_knl_Task_Object__heap__C)
                  0000b1ac    00000004     main_pem4f.oem4f (.const:ti_sysbios_knl_Task_allBlockedFunc__C)
                  0000b1b0    00000004     main_pem4f.oem4f (.const:ti_sysbios_knl_Task_numConstructedTasks__C)
                  0000b1b4    00000004     main_pem4f.oem4f (.const:ti_sysbios_utils_Load_LS_cpuLoad__C)
                  0000b1b8    00000004     main_pem4f.oem4f (.const:ti_sysbios_utils_Load_LS_hwiLoad__C)
                  0000b1bc    00000004     main_pem4f.oem4f (.const:ti_sysbios_utils_Load_LS_taskLoad__C)
                  0000b1c0    00000004     main_pem4f.oem4f (.const:ti_sysbios_utils_Load_Module_State_taskList__O)
                  0000b1c4    00000004     main_pem4f.oem4f (.const:ti_sysbios_utils_Load_Module__diagsEnabled__C)
                  0000b1c8    00000004     main_pem4f.oem4f (.const:ti_sysbios_utils_Load_Module__diagsIncluded__C)
                  0000b1cc    00000004     main_pem4f.oem4f (.const:ti_sysbios_utils_Load_Module__diagsMask__C)
                  0000b1d0    00000004     main_pem4f.oem4f (.const:ti_sysbios_utils_Load_Module__loggerFxn1__C)
                  0000b1d4    00000004     main_pem4f.oem4f (.const:ti_sysbios_utils_Load_Module__loggerFxn2__C)
                  0000b1d8    00000004     main_pem4f.oem4f (.const:ti_sysbios_utils_Load_Module__loggerFxn4__C)
                  0000b1dc    00000004     main_pem4f.oem4f (.const:ti_sysbios_utils_Load_Module__loggerObj__C)
                  0000b1e0    00000004     main_pem4f.oem4f (.const:ti_sysbios_utils_Load_postUpdate__C)
                  0000b1e4    00000004     main_pem4f.oem4f (.const:ti_sysbios_utils_Load_windowInMs__C)
                  0000b1e8    00000004     main_pem4f.oem4f (.const:ti_uia_runtime_ILoggerSnapshot_Interface__BASE__C)
                  0000b1ec    00000004     main_pem4f.oem4f (.const:ti_uia_runtime_IUIATransfer_Interface__BASE__C)
                  0000b1f0    00000004     main_pem4f.oem4f (.const:ti_uia_runtime_LoggerStopMode_E_badLevel__C)
                  0000b1f4    00000004     main_pem4f.oem4f (.const:ti_uia_runtime_LoggerStopMode_Object__count__C)
                  0000b1f8    00000004     main_pem4f.oem4f (.const:ti_uia_runtime_LoggerStopMode_overflowLogger__C)
                  0000b1fc    00000004     main_pem4f.oem4f (.const:ti_uia_runtime_LoggerStopMode_statusLogger__C)
                  0000b200    00000004     main_pem4f.oem4f (.const:xdc_runtime_Assert_E_assertFailed__C)
                  0000b204    00000004     main_pem4f.oem4f (.const:xdc_runtime_Core_A_initializedParams__C)
                  0000b208    00000004     main_pem4f.oem4f (.const:xdc_runtime_Core_Module__diagsEnabled__C)
                  0000b20c    00000004     main_pem4f.oem4f (.const:xdc_runtime_Core_Module__diagsIncluded__C)
                  0000b210    00000004     main_pem4f.oem4f (.const:xdc_runtime_Core_Module__diagsMask__C)
                  0000b214    00000004     main_pem4f.oem4f (.const:xdc_runtime_Error_E_generic__C)
                  0000b218    00000004     main_pem4f.oem4f (.const:xdc_runtime_Error_E_memory__C)
                  0000b21c    00000004     main_pem4f.oem4f (.const:xdc_runtime_Error_Module__diagsEnabled__C)
                  0000b220    00000004     main_pem4f.oem4f (.const:xdc_runtime_Error_Module__diagsIncluded__C)
                  0000b224    00000004     main_pem4f.oem4f (.const:xdc_runtime_Error_Module__diagsMask__C)
                  0000b228    00000004     main_pem4f.oem4f (.const:xdc_runtime_Error_Module__loggerFxn8__C)
                  0000b22c    00000004     main_pem4f.oem4f (.const:xdc_runtime_Error_Module__loggerObj__C)
                  0000b230    00000004     main_pem4f.oem4f (.const:xdc_runtime_Error_raiseHook__C)
                  0000b234    00000004     main_pem4f.oem4f (.const:xdc_runtime_IFilterLogger_Interface__BASE__C)
                  0000b238    00000004     main_pem4f.oem4f (.const:xdc_runtime_IGateProvider_Interface__BASE__C)
                  0000b23c    00000004     main_pem4f.oem4f (.const:xdc_runtime_IHeap_Interface__BASE__C)
                  0000b240    00000004     main_pem4f.oem4f (.const:xdc_runtime_ILogger_Interface__BASE__C)
                  0000b244    00000004     main_pem4f.oem4f (.const:xdc_runtime_IModule_Interface__BASE__C)
                  0000b248    00000004     main_pem4f.oem4f (.const:xdc_runtime_Log_L_error__C)
                  0000b24c    00000004     main_pem4f.oem4f (.const:xdc_runtime_Log_L_warning__C)
                  0000b250    00000004     main_pem4f.oem4f (.const:xdc_runtime_Main_Module__diagsEnabled__C)
                  0000b254    00000004     main_pem4f.oem4f (.const:xdc_runtime_Main_Module__diagsIncluded__C)
                  0000b258    00000004     main_pem4f.oem4f (.const:xdc_runtime_Main_Module__diagsMask__C)
                  0000b25c    00000004     main_pem4f.oem4f (.const:xdc_runtime_Main_Module__loggerFxn2__C)
                  0000b260    00000004     main_pem4f.oem4f (.const:xdc_runtime_Main_Module__loggerFxn4__C)
                  0000b264    00000004     main_pem4f.oem4f (.const:xdc_runtime_Main_Module__loggerObj__C)
                  0000b268    00000004     main_pem4f.oem4f (.const:xdc_runtime_Memory_defaultHeapInstance__C)
                  0000b26c    00000004     main_pem4f.oem4f (.const:xdc_runtime_Startup_execImpl__C)
                  0000b270    00000004     main_pem4f.oem4f (.const:xdc_runtime_Startup_maxPasses__C)
                  0000b274    00000004     main_pem4f.oem4f (.const:xdc_runtime_Startup_sfxnRts__C)
                  0000b278    00000004     main_pem4f.oem4f (.const:xdc_runtime_Startup_sfxnTab__C)
                  0000b27c    00000004     main_pem4f.oem4f (.const:xdc_runtime_SysMin_bufSize__C)
                  0000b280    00000004     main_pem4f.oem4f (.const:xdc_runtime_SysMin_outputFunc__C)
                  0000b284    00000004     main_pem4f.oem4f (.const:xdc_runtime_System_Module__gateObj__C)
                  0000b288    00000004     main_pem4f.oem4f (.const:xdc_runtime_System_extendFxn__C)
                  0000b28c    00000004     main_pem4f.oem4f (.const:xdc_runtime_System_maxAtexitHandlers__C)
                  0000b290    00000004     main_pem4f.oem4f (.const:xdc_runtime_Text_charTab__C)
                  0000b294    00000004     main_pem4f.oem4f (.const:xdc_runtime_Text_nameEmpty__C)
                  0000b298    00000004     main_pem4f.oem4f (.const:xdc_runtime_Text_nameStatic__C)
                  0000b29c    00000004     main_pem4f.oem4f (.const:xdc_runtime_Text_nameUnknown__C)
                  0000b2a0    00000004     main_pem4f.oem4f (.const:xdc_runtime_Text_nodeTab__C)
                  0000b2a4    00000004     main_pem4f.oem4f (.const:xdc_runtime_Text_visitRopeFxn__C)
                  0000b2a8    00000002     main_pem4f.oem4f (.const:ti_sysbios_family_arm_lm4_TimestampProvider_useClockTimer__C)
                  0000b2aa    00000002     main_pem4f.oem4f (.const:ti_sysbios_family_arm_m3_Hwi_Module__id__C)
                  0000b2ac    00000002     main_pem4f.oem4f (.const:ti_sysbios_family_arm_m3_Hwi_Module__loggerDefined__C)
                  0000b2ae    00000002     main_pem4f.oem4f (.const:ti_sysbios_gates_GateMutex_Module__id__C)
                  0000b2b0    00000002     main_pem4f.oem4f (.const:ti_sysbios_hal_Hwi_Module__id__C)
                  0000b2b2    00000002     main_pem4f.oem4f (.const:ti_sysbios_heaps_HeapMem_Module__id__C)
                  0000b2b4    00000002     main_pem4f.oem4f (.const:ti_sysbios_io_DEV_Module__id__C)
                  0000b2b6    00000002     main_pem4f.oem4f (.const:ti_sysbios_knl_Clock_Module__id__C)
                  0000b2b8    00000002     main_pem4f.oem4f (.const:ti_sysbios_knl_Clock_Module__loggerDefined__C)
                  0000b2ba    00000002     main_pem4f.oem4f (.const:ti_sysbios_knl_Semaphore_Module__id__C)
                  0000b2bc    00000002     main_pem4f.oem4f (.const:ti_sysbios_knl_Semaphore_Module__loggerDefined__C)
                  0000b2be    00000002     main_pem4f.oem4f (.const:ti_sysbios_knl_Swi_Module__id__C)
                  0000b2c0    00000002     main_pem4f.oem4f (.const:ti_sysbios_knl_Swi_Module__loggerDefined__C)
                  0000b2c2    00000002     main_pem4f.oem4f (.const:ti_sysbios_knl_Task_Module__id__C)
                  0000b2c4    00000002     main_pem4f.oem4f (.const:ti_sysbios_knl_Task_Module__loggerDefined__C)
                  0000b2c6    00000002     main_pem4f.oem4f (.const:ti_sysbios_knl_Task_initStackFlag__C)
                  0000b2c8    00000002     main_pem4f.oem4f (.const:ti_sysbios_utils_Load_Module__id__C)
                  0000b2ca    00000002     main_pem4f.oem4f (.const:ti_sysbios_utils_Load_Module__loggerDefined__C)
                  0000b2cc    00000002     main_pem4f.oem4f (.const:ti_sysbios_utils_Load_autoAddTasks__C)
                  0000b2ce    00000002     main_pem4f.oem4f (.const:ti_sysbios_utils_Load_hwiEnabled__C)
                  0000b2d0    00000002     main_pem4f.oem4f (.const:ti_sysbios_utils_Load_updateInIdle__C)
                  0000b2d2    00000002     main_pem4f.oem4f (.const:ti_uia_runtime_LoggerStopMode_Module__id__C)
                  0000b2d4    00000002     main_pem4f.oem4f (.const:ti_uia_runtime_LoggerStopMode_filterByLevel__C)
                  0000b2d6    00000002     main_pem4f.oem4f (.const:ti_uia_runtime_LoggerStopMode_isTimestampEnabled__C)
                  0000b2d8    00000002     main_pem4f.oem4f (.const:xdc_runtime_Core_Module__id__C)
                  0000b2da    00000002     main_pem4f.oem4f (.const:xdc_runtime_Error_Module__loggerDefined__C)
                  0000b2dc    00000002     main_pem4f.oem4f (.const:xdc_runtime_Error_maxDepth__C)
                  0000b2de    00000002     main_pem4f.oem4f (.const:xdc_runtime_Main_Module__id__C)
                  0000b2e0    00000002     main_pem4f.oem4f (.const:xdc_runtime_Main_Module__loggerDefined__C)
                  0000b2e2    00000002     main_pem4f.oem4f (.const:xdc_runtime_Memory_Module__id__C)
                  0000b2e4    00000002     main_pem4f.oem4f (.const:xdc_runtime_SysMin_flushAtExit__C)
                  0000b2e6    00000002     main_pem4f.oem4f (.const:xdc_runtime_Text_charCnt__C)
                  0000b2e8    00000002     main_pem4f.oem4f (.const:xdc_runtime_Text_isLoaded__C)
                  0000b2ea    00000002     main_pem4f.oem4f (.const:xdc_runtime_Text_registryModsLastId__C)
                  0000b2ec    00000002     main_pem4f.oem4f (.const:xdc_runtime_Text_unnamedModsLastId__C)

.cinit     0    0000b2f0    000005a8     
                  0000b2f0    0000056e     (.cinit..data.load) [load image, compression = rle]
                  0000b85e    00000002     --HOLE-- [fill = 0]
                  0000b860    0000000c     (__TI_handler_table)
                  0000b86c    00000004     --HOLE-- [fill = 0]
                  0000b870    00000008     (.cinit..bss.load) [load image, compression = zero_init]
                  0000b878    00000008     (.cinit..vecs.load) [load image, compression = zero_init]
                  0000b880    00000018     (__TI_cinit_table)

.vecs      0    20000000    00000360     UNINITIALIZED
                  20000000    00000360     main_pem4f.oem4f (.vecs)

.bss       0    20000360    000034fa     UNINITIALIZED
                  20000360    00001000     main_pem4f.oem4f (.bss:taskStackSection)
                  20001360    00001000     main_pem4f.oem4f (.bss:ti_sysbios_heaps_HeapMem_Instance_State_0_buf__A)
                  20002360    00000480     main_pem4f.oem4f (.bss:ti_uia_runtime_LoggerStopMode_Instance_State_1_bufferArray__A)
                  200027e0    00000480     main_pem4f.oem4f (.bss:ti_uia_runtime_LoggerStopMode_Instance_State_2_bufferArray__A)
                  20002c60    00000440     EK_LM4F120XL.obj (.bss:uartTivaObjects)
                  200030a0    00000400     main_pem4f.oem4f (.bss:xdc_runtime_SysMin_Module_State_0_outbuf__A)
                  200034a0    00000280     main_pem4f.oem4f (.bss:ti_uia_runtime_LoggerStopMode_Instance_State_0_bufferArray__A)
                  20003720    00000120     rtsv7M4_T_le_v4SPD16_eabi.lib : trgmsg.obj (.bss:__CIOBUF_)
                  20003840    00000008     (.common:parmbuf)
                  20003848    00000008     (.common:ti_sysbios_knl_Task_Instance_State_0_hookEnv__A)
                  20003850    00000008     (.common:ti_sysbios_knl_Task_Instance_State_1_hookEnv__A)
                  20003858    00000001     (.common:value_byte_L)
                  20003859    00000001     (.common:value_byte_R)

.stack     0    2000385c    00001000     UNINITIALIZED
                  2000385c    00001000     --HOLE--

.data      0    2000485c    00000b0a     UNINITIALIZED
                  2000485c    00000360     main_pem4f.oem4f (.data:ti_sysbios_family_arm_m3_Hwi_Module_State_0_dispatchTable__A)
                  20004bbc    00000204     main_pem4f.oem4f (.data)
                  20004dc0    00000108     main_pem4f.oem4f (.data:ti_uia_runtime_LoggerStopMode_Object__table__V)
                  20004ec8    000000a0     main_pem4f.oem4f (.data:ti_sysbios_knl_Task_Object__table__V)
                  20004f68    00000098     main_pem4f.oem4f (.data:ti_sysbios_utils_Load_Module__state__V)
                  20005000    00000080     main_pem4f.oem4f (.data:ti_sysbios_knl_Swi_Module_State_0_readyQ__A)
                  20005080    00000080     main_pem4f.oem4f (.data:ti_sysbios_knl_Task_Module_State_0_readyQ__A)
                  20005100    00000070     main_pem4f.oem4f (.data:ti_sysbios_family_arm_lm4_Timer_Object__table__V)
                  20005170    0000005c     main_pem4f.oem4f (.data:ti_sysbios_family_arm_m3_Hwi_Module__state__V)
                  200051cc    00000044     main_pem4f.oem4f (.data:ti_sysbios_knl_Task_Module__state__V)
                  20005210    00000038     main_pem4f.oem4f (.data:ti_sysbios_gates_GateMutex_Object__table__V)
                  20005248    00000038     main_pem4f.oem4f (.data:ti_sysbios_utils_Load_Module_State_0_taskEnv__A)
                  20005280    00000030     main_pem4f.oem4f (.data:ti_sysbios_family_arm_lm4_Timer_Module_State_0_device__A)
                  200052b0    00000030     main_pem4f.oem4f (.data:ti_sysbios_family_arm_m3_Hwi_Object__table__V)
                  200052e0    00000030     main_pem4f.oem4f (.data:ti_sysbios_knl_Swi_Object__table__V)
                  20005310    00000028     main_pem4f.oem4f (.data:ti_sysbios_knl_Clock_Module__state__V)
                  20005338    00000008     gpio_tivaware.aem4f : GPIO.oem4f (.data)
                  20005340    00000008     rtsv7M4_T_le_v4SPD16_eabi.lib : _lock.obj (.data)
                  20005348    00000008                                   : exit.obj (.data)
                  20005350    00000008     ti.uia.runtime.aem4f : QueueDescriptor.oem4f (.data)
                  20005358    00000004     rtsv7M4_T_le_v4SPD16_eabi.lib : dtor_list.obj (.data)
                  2000535c    00000004                                   : stkdepth_vars.obj (.data)
                  20005360    00000004     uart_tivaware.aem4f : UART.oem4f (.data)
                  20005364    00000002     main.obj (.data)


LINKER GENERATED COPY TABLES

__TI_cinit_table @ 0000b880 records: 3, size/record: 8, table size: 24
	.data: load addr=0000b2f0, load size=0000056e bytes, run addr=2000485c, run size=00000b0a bytes, compression=rle
	.bss: load addr=0000b870, load size=00000008 bytes, run addr=20000360, run size=000034fa bytes, compression=zero_init
	.vecs: load addr=0000b878, load size=00000008 bytes, run addr=20000000, run size=00000360 bytes, compression=zero_init


LINKER GENERATED HANDLER TABLE

__TI_handler_table @ 0000b860 records: 3, size/record: 4, table size: 12
	index: 0, handler: __TI_zero_init
	index: 1, handler: __TI_decompress_rle24
	index: 2, handler: __TI_decompress_none


GLOBAL SYMBOLS: SORTED ALPHABETICALLY BY Name 

address    name
--------   ----
00006e8d   C$$EXIT
000066c3   C$$IO$$
00005b99   EK_LM4F120XL_initGPIO
00007131   EK_LM4F120XL_initGeneral
00003cd5   EK_LM4F120XL_initUART
00007969   GPIODirModeSet
000036f1   GPIOPadConfigSet
00006c09   GPIOPinConfigure
00008065   GPIOPinTypeGPIOInput
00007ebf   GPIOPinTypeGPIOOutput
00008077   GPIOPinTypeUART
000083cd   GPIOPinWrite
0000af38   GPIO_config
00007a85   GPIO_init
00004701   GPIO_write
00001035   HOSTclock
00000ffd   HOSTclose
00000fbf   HOSTgetenv
00000f63   HOSTlseek
00000f11   HOSTopen
00000ec5   HOSTread
00000e67   HOSTrename
00000e2d   HOSTtime
00000df5   HOSTunlink
00000da9   HOSTwrite
UNDEFED    SHT$$INIT_ARRAY$$Base
UNDEFED    SHT$$INIT_ARRAY$$Limit
00007551   SysCtlPeripheralEnable
20004f18   TSK_idle
00008359   UARTCharGet
00008245   UARTCharGetNonBlocking
00008363   UARTCharPut
00008253   UARTCharPutNonBlocking
000070ad   UARTConfigSetExpClk
00007d11   UARTDisable
00007fc5   UARTEnable
000083d3   UARTFIFOLevelSet
0000841b   UARTIntClear
0000836d   UARTIntDisable
00008395   UARTIntEnable
00008377   UARTIntStatus
00005651   UARTTiva_close
0000ad68   UARTTiva_fxnTable
0000839d   UARTTiva_init
0000107d   UARTTiva_open
00001e05   UARTTiva_read
00004b51   UARTTiva_readCancel
000024d5   UARTTiva_readPolling
00001c01   UARTTiva_write
00004a91   UARTTiva_writeCancel
00002905   UARTTiva_writePolling
00007585   UART_Params_init
0000aae8   UART_config
0000aefc   UART_defaultParams
00007321   UART_init
00006c51   UART_open
000075b9   UART_read
000075ed   UART_write
00000000   __ASM__
20003720   __CIOBUF_
00000073   __ISA__
00000086   __PLAT__
2000485c   __STACK_END
00001000   __STACK_SIZE
2000395c   __STACK_TOP
000000a7   __TARG__
0000b880   __TI_CINIT_Base
0000b898   __TI_CINIT_Limit
0000b860   __TI_Handler_Table_Base
0000b86c   __TI_Handler_Table_Limit
00000001   __TI_args_main
000056f1   __TI_auto_init
20005348   __TI_cleanup_ptr
00008261   __TI_decompress_none
000083df   __TI_decompress_rle24
2000534c   __TI_dtors_ptr
000066c7   __TI_readmsg
00000000   __TI_static_base__
00006699   __TI_writemsg
00008089   __TI_zero_init
000000cd   __TRDR__
00004571   __aeabi_atexit
00005fb3   __aeabi_memclr
00005fb3   __aeabi_memclr4
00005fb3   __aeabi_memclr8
00005791   __aeabi_memcpy
00005791   __aeabi_memcpy4
00005791   __aeabi_memcpy8
00005fb5   __aeabi_memset
00005fb5   __aeabi_memset4
00005fb5   __aeabi_memset8
ffffffff   __binit__
ffffffff   __c_args__
0000455f   __cxa_atexit
00004519   __cxa_finalize
00004559   __cxa_ia64_exit
2000385c   __stack
000083d9   __xdc__init
20004dbc   __xdc__init__addr
00007ef1   _args_main
000068cd   _c_int00
20005340   _lock
00007fe7   _nop
00007fdf   _register_lock
00007fd9   _register_unlock
20005344   _unlock
00006e91   abort
00004563   atexit
ffffffff   binit
00006e49   copy_in
00006e99   exit
00007ed7   free
0000ac3c   gpioHWAttrs
00007621   init_mux_pins
00006a29   init_uart
00007359   main
2000535c   main_func_sp
000077ad   malloc
00005791   memcpy
00005fbb   memset
00005ca9   mux_1
00005db5   mux_2
00005e35   mux_3
00004cc9   send_struct
20005364   start_byte1
20005365   start_byte2
000080f5   strcpy
00007fed   strlen
000049b9   tcp_connection
0000b008   ti_catalog_arm_cortexm4_tiva_ce_Boot_A_mustUseEnhancedClockMode__C
0000b00c   ti_catalog_arm_cortexm4_tiva_ce_Boot_Module__diagsEnabled__C
0000b010   ti_catalog_arm_cortexm4_tiva_ce_Boot_Module__diagsIncluded__C
0000b014   ti_catalog_arm_cortexm4_tiva_ce_Boot_Module__diagsMask__C
0000aa56   ti_catalog_arm_cortexm4_tiva_ce_Boot_Module__id__C
0000828d   ti_catalog_arm_cortexm4_tiva_ce_Boot_init__I
00003f19   ti_catalog_arm_cortexm4_tiva_ce_Boot_sysCtlClockSetI__I
000058c9   ti_catalog_arm_cortexm4_tiva_ce_Boot_sysCtlClockSet__E
000083e5   ti_catalog_arm_cortexm4_tiva_ce_Boot_sysCtlDelayI__I
0000b018   ti_sysbios_BIOS_Module__diagsEnabled__C
0000b01c   ti_sysbios_BIOS_Module__diagsIncluded__C
0000b020   ti_sysbios_BIOS_Module__diagsMask__C
0000afbe   ti_sysbios_BIOS_Module__id__C
20004bbc   ti_sysbios_BIOS_Module__state__V
0000841f   ti_sysbios_BIOS_RtsGateProxy_enter__E
00008423   ti_sysbios_BIOS_RtsGateProxy_leave__E
00008437   ti_sysbios_BIOS_RtsGateProxy_query__E
00006c99   ti_sysbios_BIOS_errorRaiseHook__I
000076bd   ti_sysbios_BIOS_exitFunc__I
00008105   ti_sysbios_BIOS_getCpuFreq__E
0000b024   ti_sysbios_BIOS_installedErrorHook__C
00004a8f   ti_sysbios_BIOS_nullFunc__I
00007aa9   ti_sysbios_BIOS_registerRTSLock__I
00007d2d   ti_sysbios_BIOS_rtsLock__I
00006501   ti_sysbios_BIOS_rtsUnlock__I
00008115   ti_sysbios_BIOS_setThreadType__E
00007acd   ti_sysbios_BIOS_startFunc__I
00008125   ti_sysbios_BIOS_start__E
20005280   ti_sysbios_family_arm_lm4_Timer_Module_State_0_device__A
20004be4   ti_sysbios_family_arm_lm4_Timer_Module_State_0_handles__A
20004bdc   ti_sysbios_family_arm_lm4_Timer_Module__root__V
00007f09   ti_sysbios_family_arm_lm4_Timer_Module__startupDone__F
00007f09   ti_sysbios_family_arm_lm4_Timer_Module__startupDone__S
20004bfc   ti_sysbios_family_arm_lm4_Timer_Module__state__V
000067b9   ti_sysbios_family_arm_lm4_Timer_Module_startup__E
000067b9   ti_sysbios_family_arm_lm4_Timer_Module_startup__F
20005100   ti_sysbios_family_arm_lm4_Timer_Object__table__V
0000b028   ti_sysbios_family_arm_lm4_Timer_enableFunc__C
00005509   ti_sysbios_family_arm_lm4_Timer_enableTimers__I
00005265   ti_sysbios_family_arm_lm4_Timer_enableTiva__I
00008427   ti_sysbios_family_arm_lm4_Timer_getPeriod__E
000060a5   ti_sysbios_family_arm_lm4_Timer_isrStub__E
[...]
000083f1   ti_sysbios_hal_Hwi_HwiProxy_restore__E
000083f1   ti_sysbios_hal_Hwi_restore__E
000083f7   ti_sysbios_gates_GateHwi_leave__E
000083fd   ti_sysbios_heaps_HeapMem_isBlocking__E
00008403   ti_sysbios_knl_Queue_Instance_init__F
00008409   ti_uia_runtime_LoggerStopMode_getPriority__E
0000840f   ti_uia_runtime_LoggerStopMode_getTransferType__E
0000840f   ti_uia_runtime_LoggerStopMode_getTransferType__F
00008415   xdc_runtime_System_Module_startup__E
00008415   xdc_runtime_System_Module_startup__F
0000841b   UARTIntClear
0000841f   ti_sysbios_BIOS_RtsGateProxy_enter__E
00008423   ti_sysbios_BIOS_RtsGateProxy_leave__E
00008427   ti_sysbios_family_arm_lm4_Timer_getPeriod__E
0000842b   ti_sysbios_family_arm_lm4_Timer_masterEnable__I
0000842f   ti_sysbios_family_arm_m3_TaskSupport_Module__startupDone__S
00008433   ti_sysbios_gates_GateHwi_query__E
00008433   ti_sysbios_gates_GateHwi_query__F
00008433   xdc_runtime_Main_Module_GateProxy_query__E
00008433   xdc_runtime_System_Module_GateProxy_query__E
00008437   ti_sysbios_BIOS_RtsGateProxy_query__E
00008437   ti_sysbios_gates_GateMutex_query__E
00008437   ti_sysbios_gates_GateMutex_query__F
00008437   ti_sysbios_heaps_HeapMem_Module_GateProxy_query__E
0000843b   ti_sysbios_hal_Hwi_HwiProxy_Module__startupDone__S
0000843f   ti_sysbios_hal_Timer_TimerProxy_Module__startupDone__S
00008443   ti_sysbios_hal_Timer_TimerProxy_getPeriod__E
00008447   ti_sysbios_heaps_HeapMem_Module_GateProxy_enter__E
0000844b   ti_sysbios_heaps_HeapMem_Module_GateProxy_leave__E
0000844f   ti_sysbios_knl_Task_SupportProxy_Module__startupDone__S
00008453   ti_sysbios_knl_Task_startup__E
00008457   ti_uia_runtime_LogSync_CpuTimestampProxy_Module__startupDone__S
0000845b   ti_uia_runtime_LogSync_GlobalTimestampProxy_Module__startupDone__S
0000845f   ti_uia_runtime_LoggerStopMode_getInstanceId__E
00008463   ti_uia_runtime_LoggerStopMode_getMaxLength__E
00008467   ti_uia_runtime_LoggerStopMode_setPriority__E
0000846b   xdc_runtime_Error_getSite__E
0000846b   xdc_runtime_Error_getSite__F
0000846f   xdc_runtime_Memory_HeapProxy_alloc__E
00008473   xdc_runtime_Memory_HeapProxy_free__E
00008477   xdc_runtime_System_Module_GateProxy_enter__E
0000847b   xdc_runtime_System_Module_GateProxy_leave__E
0000847f   xdc_runtime_System_aprintf_va__F
00008483   xdc_runtime_System_printf_va__F
00008487   xdc_runtime_System_vsnprintf__E
0000848b   xdc_runtime_TimestampNull_Module__startupDone__S
0000848f   xdc_runtime_Timestamp_Module__startupDone__S
00008494   xdc_runtime_Text_charTab__A
0000a83d   xdc_runtime_Error_policy__C
0000a83e   xdc_runtime_Text_nodeTab__A
0000a97e   ti_sysbios_family_arm_m3_Hwi_priorities__A
0000aa56   ti_catalog_arm_cortexm4_tiva_ce_Boot_Module__id__C
0000aae8   UART_config
0000ab54   ti_uia_runtime_LoggerStopMode_Module__FXNS__C
0000abfc   uartTivaHWAttrs
0000ac3c   gpioHWAttrs
0000ac78   xdc_runtime_Startup_sfxnTab__A
0000acb0   ti_sysbios_family_arm_m3_Hwi_Object__PARAMS__C
0000ace0   ti_sysbios_knl_Task_hooks__A
0000ad10   ti_uia_runtime_LoggerStopMode_Object__PARAMS__C
0000ad40   ti_sysbios_heaps_HeapMem_Module__FXNS__C
0000ad68   UARTTiva_fxnTable
0000ad8c   ti_sysbios_gates_GateHwi_Module__FXNS__C
0000adb0   ti_sysbios_gates_GateMutex_Module__FXNS__C
0000add4   ti_sysbios_heaps_HeapMem_Object__PARAMS__C
0000adf8   ti_sysbios_knl_Semaphore_Object__PARAMS__C
0000ae1c   ti_sysbios_family_arm_m3_Hwi_Object__DESC__C
0000ae3c   ti_sysbios_gates_GateHwi_Object__DESC__C
0000ae5c   ti_sysbios_gates_GateMutex_Object__DESC__C
0000ae7c   ti_sysbios_heaps_HeapMem_Object__DESC__C
0000ae9c   ti_sysbios_knl_Queue_Object__DESC__C
0000aebc   ti_sysbios_knl_Semaphore_Object__DESC__C
0000aedc   ti_uia_runtime_LoggerStopMode_Object__DESC__C
0000aefc   UART_defaultParams
0000af1c   xdc_runtime_Startup_sfxnRts__A
0000af38   GPIO_config
0000af50   ti_sysbios_gates_GateHwi_Object__PARAMS__C
0000af68   ti_sysbios_gates_GateMutex_Object__PARAMS__C
0000af80   ti_sysbios_knl_Queue_Object__PARAMS__C
0000af98   xdc_runtime_Startup_firstFxns__A
0000afbe   ti_sysbios_BIOS_Module__id__C
0000afc0   ti_sysbios_family_arm_m3_Hwi_excHookFuncs__A
0000afc8   ti_sysbios_knl_Idle_coreList__A
0000afd0   ti_sysbios_knl_Idle_coreList__C
0000afd8   ti_sysbios_knl_Idle_funcList__A
0000afe0   ti_sysbios_knl_Idle_funcList__C
0000afe8   ti_sysbios_knl_Task_hooks__C
0000aff0   xdc_runtime_Startup_firstFxns__C
0000aff8   xdc_runtime_Startup_lastFxns__A
0000b000   xdc_runtime_Startup_lastFxns__C
0000b008   ti_catalog_arm_cortexm4_tiva_ce_Boot_A_mustUseEnhancedClockMode__C
0000b00c   ti_catalog_arm_cortexm4_tiva_ce_Boot_Module__diagsEnabled__C
0000b010   ti_catalog_arm_cortexm4_tiva_ce_Boot_Module__diagsIncluded__C
0000b014   ti_catalog_arm_cortexm4_tiva_ce_Boot_Module__diagsMask__C
0000b018   ti_sysbios_BIOS_Module__diagsEnabled__C
0000b01c   ti_sysbios_BIOS_Module__diagsIncluded__C
0000b020   ti_sysbios_BIOS_Module__diagsMask__C
0000b024   ti_sysbios_BIOS_installedErrorHook__C
0000b028   ti_sysbios_family_arm_lm4_Timer_enableFunc__C
0000b02c   ti_sysbios_family_arm_lm4_Timer_numTimerDevices__C
0000b030   ti_sysbios_family_arm_lm4_Timer_startupNeeded__C
0000b034   ti_sysbios_family_arm_m3_Hwi_E_NMI__C
0000b038   ti_sysbios_family_arm_m3_Hwi_E_alreadyDefined__C
0000b03c   ti_sysbios_family_arm_m3_Hwi_E_busFault__C
0000b040   ti_sysbios_family_arm_m3_Hwi_E_debugMon__C
0000b044   ti_sysbios_family_arm_m3_Hwi_E_hardFault__C
0000b048   ti_sysbios_family_arm_m3_Hwi_E_memFault__C
0000b04c   ti_sysbios_family_arm_m3_Hwi_E_noIsr__C
0000b050   ti_sysbios_family_arm_m3_Hwi_E_reserved__C
0000b054   ti_sysbios_family_arm_m3_Hwi_E_svCall__C
0000b058   ti_sysbios_family_arm_m3_Hwi_E_usageFault__C
0000b05c   ti_sysbios_family_arm_m3_Hwi_LD_end__C
0000b060   ti_sysbios_family_arm_m3_Hwi_LM_begin__C
0000b064   ti_sysbios_family_arm_m3_Hwi_Module__diagsEnabled__C
0000b068   ti_sysbios_family_arm_m3_Hwi_Module__diagsIncluded__C
0000b06c   ti_sysbios_family_arm_m3_Hwi_Module__diagsMask__C
0000b070   ti_sysbios_family_arm_m3_Hwi_Module__loggerFxn1__C
0000b074   ti_sysbios_family_arm_m3_Hwi_Module__loggerFxn8__C
0000b078   ti_sysbios_family_arm_m3_Hwi_Module__loggerObj__C
0000b07c   ti_sysbios_family_arm_m3_Hwi_NUM_INTERRUPTS__C
0000b080   ti_sysbios_family_arm_m3_Hwi_ccr__C
0000b084   ti_sysbios_family_arm_m3_Hwi_dispatchTable__C
0000b088   ti_sysbios_family_arm_m3_Hwi_excHandlerFunc__C
0000b08c   ti_sysbios_family_arm_m3_Hwi_excHookFuncs__C
0000b090   ti_sysbios_family_arm_m3_Hwi_priGroup__C
0000b094   ti_sysbios_family_arm_m3_Hwi_priorities__C
0000b098   ti_sysbios_gates_GateMutex_A_badContext__C
0000b09c   ti_sysbios_gates_GateMutex_Instance_State_sem__O
0000b0a0   ti_sysbios_gates_GateMutex_Module__diagsEnabled__C
0000b0a4   ti_sysbios_gates_GateMutex_Module__diagsIncluded__C
0000b0a8   ti_sysbios_gates_GateMutex_Module__diagsMask__C
0000b0ac   ti_sysbios_hal_Hwi_E_stackOverflow__C
0000b0b0   ti_sysbios_heaps_HeapMem_A_align__C
0000b0b4   ti_sysbios_heaps_HeapMem_A_heapSize__C
0000b0b8   ti_sysbios_heaps_HeapMem_A_invalidFree__C
0000b0bc   ti_sysbios_heaps_HeapMem_A_zeroBlock__C
0000b0c0   ti_sysbios_heaps_HeapMem_E_memory__C
0000b0c4   ti_sysbios_heaps_HeapMem_Module__diagsEnabled__C
0000b0c8   ti_sysbios_heaps_HeapMem_Module__diagsIncluded__C
0000b0cc   ti_sysbios_heaps_HeapMem_Module__diagsMask__C
0000b0d0   ti_sysbios_heaps_HeapMem_Module__gateObj__C
0000b0d4   ti_sysbios_heaps_HeapMem_Object__count__C
0000b0d8   ti_sysbios_heaps_HeapMem_reqAlign__C
0000b0dc   ti_sysbios_io_DEV_Object__count__C
0000b0e0   ti_sysbios_io_DEV_tableSize__C
0000b0e4   ti_sysbios_knl_Clock_LM_begin__C
0000b0e8   ti_sysbios_knl_Clock_LM_tick__C
0000b0ec   ti_sysbios_knl_Clock_LW_delayed__C
0000b0f0   ti_sysbios_knl_Clock_Module_State_clockQ__O
0000b0f4   ti_sysbios_knl_Clock_Module__diagsEnabled__C
0000b0f8   ti_sysbios_knl_Clock_Module__diagsIncluded__C
0000b0fc   ti_sysbios_knl_Clock_Module__diagsMask__C
0000b100   ti_sysbios_knl_Clock_Module__loggerFxn1__C
0000b104   ti_sysbios_knl_Clock_Module__loggerFxn2__C
0000b108   ti_sysbios_knl_Clock_Module__loggerObj__C
0000b10c   ti_sysbios_knl_Mailbox_Instance_State_freeQue__O
0000b110   ti_sysbios_knl_Mailbox_Object__count__C
0000b114   ti_sysbios_knl_Semaphore_A_badContext__C
0000b118   ti_sysbios_knl_Semaphore_A_noEvents__C
0000b11c   ti_sysbios_knl_Semaphore_A_overflow__C
0000b120   ti_sysbios_knl_Semaphore_A_pendTaskDisabled__C
0000b124   ti_sysbios_knl_Semaphore_Instance_State_pendQ__O
0000b128   ti_sysbios_knl_Semaphore_LM_pend__C
0000b12c   ti_sysbios_knl_Semaphore_LM_post__C
0000b130   ti_sysbios_knl_Semaphore_Module__diagsEnabled__C
0000b134   ti_sysbios_knl_Semaphore_Module__diagsIncluded__C
0000b138   ti_sysbios_knl_Semaphore_Module__diagsMask__C
0000b13c   ti_sysbios_knl_Semaphore_Module__loggerFxn2__C
0000b140   ti_sysbios_knl_Semaphore_Module__loggerFxn4__C
0000b144   ti_sysbios_knl_Semaphore_Module__loggerObj__C
0000b148   ti_sysbios_knl_Swi_LD_end__C
0000b14c   ti_sysbios_knl_Swi_LM_begin__C
0000b150   ti_sysbios_knl_Swi_LM_post__C
0000b154   ti_sysbios_knl_Swi_Module__diagsEnabled__C
0000b158   ti_sysbios_knl_Swi_Module__diagsIncluded__C
0000b15c   ti_sysbios_knl_Swi_Module__diagsMask__C
0000b160   ti_sysbios_knl_Swi_Module__loggerFxn1__C
0000b164   ti_sysbios_knl_Swi_Module__loggerFxn4__C
0000b168   ti_sysbios_knl_Swi_Module__loggerObj__C
0000b16c   ti_sysbios_knl_Swi_Object__count__C
0000b170   ti_sysbios_knl_Task_E_spOutOfBounds__C
0000b174   ti_sysbios_knl_Task_E_stackOverflow__C
0000b178   ti_sysbios_knl_Task_LD_block__C
0000b17c   ti_sysbios_knl_Task_LD_exit__C
0000b180   ti_sysbios_knl_Task_LD_ready__C
0000b184   ti_sysbios_knl_Task_LM_switch__C
0000b188   ti_sysbios_knl_Task_Module_State_inactiveQ__O
0000b18c   ti_sysbios_knl_Task_Module__diagsEnabled__C
0000b190   ti_sysbios_knl_Task_Module__diagsIncluded__C
0000b194   ti_sysbios_knl_Task_Module__diagsMask__C
0000b198   ti_sysbios_knl_Task_Module__loggerFxn2__C
0000b19c   ti_sysbios_knl_Task_Module__loggerFxn4__C
0000b1a0   ti_sysbios_knl_Task_Module__loggerObj__C
0000b1a4   ti_sysbios_knl_Task_Object__count__C
0000b1a8   ti_sysbios_knl_Task_Object__heap__C
0000b1ac   ti_sysbios_knl_Task_allBlockedFunc__C
0000b1b0   ti_sysbios_knl_Task_numConstructedTasks__C
0000b1b4   ti_sysbios_utils_Load_LS_cpuLoad__C
0000b1b8   ti_sysbios_utils_Load_LS_hwiLoad__C
0000b1bc   ti_sysbios_utils_Load_LS_taskLoad__C
0000b1c0   ti_sysbios_utils_Load_Module_State_taskList__O
0000b1c4   ti_sysbios_utils_Load_Module__diagsEnabled__C
0000b1c8   ti_sysbios_utils_Load_Module__diagsIncluded__C
0000b1cc   ti_sysbios_utils_Load_Module__diagsMask__C
0000b1d0   ti_sysbios_utils_Load_Module__loggerFxn1__C
0000b1d4   ti_sysbios_utils_Load_Module__loggerFxn2__C
0000b1d8   ti_sysbios_utils_Load_Module__loggerFxn4__C
0000b1dc   ti_sysbios_utils_Load_Module__loggerObj__C
0000b1e0   ti_sysbios_utils_Load_postUpdate__C
0000b1e4   ti_sysbios_utils_Load_windowInMs__C
0000b1e8   ti_uia_runtime_ILoggerSnapshot_Interface__BASE__C
0000b1ec   ti_uia_runtime_IUIATransfer_Interface__BASE__C
0000b1f0   ti_uia_runtime_LoggerStopMode_E_badLevel__C
0000b1f4   ti_uia_runtime_LoggerStopMode_Object__count__C
0000b1f8   ti_uia_runtime_LoggerStopMode_overflowLogger__C
0000b1fc   ti_uia_runtime_LoggerStopMode_statusLogger__C
0000b200   xdc_runtime_Assert_E_assertFailed__C
0000b204   xdc_runtime_Core_A_initializedParams__C
0000b208   xdc_runtime_Core_Module__diagsEnabled__C
0000b20c   xdc_runtime_Core_Module__diagsIncluded__C
0000b210   xdc_runtime_Core_Module__diagsMask__C
0000b214   xdc_runtime_Error_E_generic__C
0000b218   xdc_runtime_Error_E_memory__C
0000b21c   xdc_runtime_Error_Module__diagsEnabled__C
0000b220   xdc_runtime_Error_Module__diagsIncluded__C
0000b224   xdc_runtime_Error_Module__diagsMask__C
0000b228   xdc_runtime_Error_Module__loggerFxn8__C
0000b22c   xdc_runtime_Error_Module__loggerObj__C
0000b230   xdc_runtime_Error_raiseHook__C
0000b234   xdc_runtime_IFilterLogger_Interface__BASE__C
0000b238   xdc_runtime_IGateProvider_Interface__BASE__C
0000b23c   xdc_runtime_IHeap_Interface__BASE__C
0000b240   xdc_runtime_ILogger_Interface__BASE__C
0000b244   xdc_runtime_IModule_Interface__BASE__C
0000b248   xdc_runtime_Log_L_error__C
0000b24c   xdc_runtime_Log_L_warning__C
0000b250   xdc_runtime_Main_Module__diagsEnabled__C
0000b254   xdc_runtime_Main_Module__diagsIncluded__C
0000b258   xdc_runtime_Main_Module__diagsMask__C
0000b25c   xdc_runtime_Main_Module__loggerFxn2__C
0000b260   xdc_runtime_Main_Module__loggerFxn4__C
0000b264   xdc_runtime_Main_Module__loggerObj__C
0000b268   xdc_runtime_Memory_defaultHeapInstance__C
0000b26c   xdc_runtime_Startup_execImpl__C
0000b270   xdc_runtime_Startup_maxPasses__C
0000b274   xdc_runtime_Startup_sfxnRts__C
0000b278   xdc_runtime_Startup_sfxnTab__C
0000b27c   xdc_runtime_SysMin_bufSize__C
0000b280   xdc_runtime_SysMin_outputFunc__C
0000b284   xdc_runtime_System_Module__gateObj__C
0000b288   xdc_runtime_System_extendFxn__C
0000b28c   xdc_runtime_System_maxAtexitHandlers__C
0000b290   xdc_runtime_Text_charTab__C
0000b294   xdc_runtime_Text_nameEmpty__C
0000b298   xdc_runtime_Text_nameStatic__C
0000b29c   xdc_runtime_Text_nameUnknown__C
0000b2a0   xdc_runtime_Text_nodeTab__C
0000b2a4   xdc_runtime_Text_visitRopeFxn__C
0000b2a8   ti_sysbios_family_arm_lm4_TimestampProvider_useClockTimer__C
0000b2aa   ti_sysbios_family_arm_m3_Hwi_Module__id__C
0000b2ac   ti_sysbios_family_arm_m3_Hwi_Module__loggerDefined__C
0000b2ae   ti_sysbios_gates_GateMutex_Module__id__C
0000b2b0   ti_sysbios_hal_Hwi_Module__id__C
0000b2b2   ti_sysbios_heaps_HeapMem_Module__id__C
0000b2b4   ti_sysbios_io_DEV_Module__id__C
0000b2b6   ti_sysbios_knl_Clock_Module__id__C
0000b2b8   ti_sysbios_knl_Clock_Module__loggerDefined__C
0000b2ba   ti_sysbios_knl_Semaphore_Module__id__C
0000b2bc   ti_sysbios_knl_Semaphore_Module__loggerDefined__C
0000b2be   ti_sysbios_knl_Swi_Module__id__C
0000b2c0   ti_sysbios_knl_Swi_Module__loggerDefined__C
0000b2c2   ti_sysbios_knl_Task_Module__id__C
0000b2c4   ti_sysbios_knl_Task_Module__loggerDefined__C
0000b2c6   ti_sysbios_knl_Task_initStackFlag__C
0000b2c8   ti_sysbios_utils_Load_Module__id__C
0000b2ca   ti_sysbios_utils_Load_Module__loggerDefined__C
0000b2cc   ti_sysbios_utils_Load_autoAddTasks__C
0000b2ce   ti_sysbios_utils_Load_hwiEnabled__C
0000b2d0   ti_sysbios_utils_Load_updateInIdle__C
0000b2d2   ti_uia_runtime_LoggerStopMode_Module__id__C
0000b2d4   ti_uia_runtime_LoggerStopMode_filterByLevel__C
0000b2d6   ti_uia_runtime_LoggerStopMode_isTimestampEnabled__C
0000b2d8   xdc_runtime_Core_Module__id__C
0000b2da   xdc_runtime_Error_Module__loggerDefined__C
0000b2dc   xdc_runtime_Error_maxDepth__C
0000b2de   xdc_runtime_Main_Module__id__C
0000b2e0   xdc_runtime_Main_Module__loggerDefined__C
0000b2e2   xdc_runtime_Memory_Module__id__C
0000b2e4   xdc_runtime_SysMin_flushAtExit__C
0000b2e6   xdc_runtime_Text_charCnt__C
0000b2e8   xdc_runtime_Text_isLoaded__C
0000b2ea   xdc_runtime_Text_registryModsLastId__C
0000b2ec   xdc_runtime_Text_unnamedModsLastId__C
0000b860   __TI_Handler_Table_Base
0000b86c   __TI_Handler_Table_Limit
0000b880   __TI_CINIT_Base
0000b898   __TI_CINIT_Limit
20000000   ti_sysbios_family_arm_m3_Hwi_ramVectors
20000360   ti_sysbios_knl_Task_Instance_State_0_stack__A
20000b60   ti_sysbios_knl_Task_Instance_State_1_stack__A
20001360   ti_sysbios_heaps_HeapMem_Instance_State_0_buf__A
20002360   ti_uia_runtime_LoggerStopMode_Instance_State_1_bufferArray__A
200027e0   ti_uia_runtime_LoggerStopMode_Instance_State_2_bufferArray__A
20002c60   uartTivaObjects
200030a0   xdc_runtime_SysMin_Module_State_0_outbuf__A
200034a0   ti_uia_runtime_LoggerStopMode_Instance_State_0_bufferArray__A
20003720   __CIOBUF_
20003848   ti_sysbios_knl_Task_Instance_State_0_hookEnv__A
20003850   ti_sysbios_knl_Task_Instance_State_1_hookEnv__A
20003858   value_byte_L
20003859   value_byte_R
2000385c   __stack
2000395c   __STACK_TOP
2000485c   __STACK_END
2000485c   ti_sysbios_family_arm_m3_Hwi_Module_State_0_dispatchTable__A
20004bbc   ti_sysbios_BIOS_Module__state__V
20004bdc   ti_sysbios_family_arm_lm4_Timer_Module__root__V
20004be4   ti_sysbios_family_arm_lm4_Timer_Module_State_0_handles__A
20004bfc   ti_sysbios_family_arm_lm4_Timer_Module__state__V
20004c08   ti_sysbios_family_arm_lm4_TimestampProvider_Module__state__V
20004c10   ti_sysbios_family_arm_m3_Hwi_Module__root__V
20004c18   ti_sysbios_family_arm_m3_Hwi_Module_State_0_excActive__A
20004c1c   ti_sysbios_family_arm_m3_Hwi_Module_State_0_excContext__A
20004c20   ti_sysbios_family_arm_m3_Hwi_Module_State_0_excStack__A
20004c24   ti_sysbios_gates_GateHwi_Module__root__V
20004c2c   ti_sysbios_gates_GateHwi_Object__table__V
20004c30   ti_sysbios_gates_GateMutex_Module__root__V
20004c38   ti_sysbios_hal_Hwi_Module__root__V
20004c40   ti_sysbios_hal_Timer_Module__root__V
20004c48   ti_sysbios_hal_Timer_Object__table__V
20004c50   ti_sysbios_heaps_HeapMem_Module__root__V
20004c58   ti_sysbios_heaps_HeapMem_Object__table__V
20004c70   ti_sysbios_io_DEV_Module__root__V
20004c78   ti_sysbios_io_DEV_Module_State_0_table__A
20004c98   ti_sysbios_io_DEV_Module__state__V
20004c9c   ti_sysbios_io_GIO_Module__root__V
20004ca4   ti_sysbios_knl_Clock_Module__root__V
20004cac   ti_sysbios_knl_Event_Module__root__V
20004cb8   ti_sysbios_knl_Mailbox_Module__root__V
20004cc0   ti_sysbios_knl_Queue_Module__root__V
20004cc8   ti_sysbios_knl_Semaphore_Module__root__V
20004cd4   ti_sysbios_knl_Swi_Module__root__V
20004cdc   ti_sysbios_knl_Swi_Module__state__V
20004cf8   ti_sysbios_knl_Task_Module__root__V
20004d04   ti_sysbios_knl_Task_Module_State_0_idleTask__A
20004d08   ti_sysbios_utils_Load_Module__root__V
20004d0c   ti_sysbios_utils_Load_Module_State_0_taskStartTime__A
20004d10   ti_sysbios_utils_Load_Module_State_0_runningTask__A
20004d14   ti_sysbios_xdcruntime_SemThreadSupport_Module__root__V
20004d1c   ti_uia_runtime_LogSync_Module__root__V
20004d24   ti_uia_runtime_LogSync_Module__state__V
20004d30   ti_uia_runtime_LoggerStopMode_Module__root__V
20004d38   ti_uia_runtime_LoggerStopMode_Module__state__V
20004d40   ti_uia_runtime_QueueDescriptor_Module__state__V
20004d4c   xdc_runtime_Error_Module__state__V
20004d4e   xdc_runtime_Main_Module__root__V
20004d50   xdc_runtime_Memory_Module__state__V
20004d54   xdc_runtime_Registry_Module__state__V
20004d5c   xdc_runtime_Startup_Module__state__V
20004d64   xdc_runtime_SysMin_Module__state__V
20004d70   xdc_runtime_System_Module_State_0_atexitHandlers__A
20004d90   xdc_runtime_System_Module__state__V
20004d9c   xdc_runtime_Text_Module__state__V
20004da4   xdc_runtime_knl_SemThread_Module__root__V
20004dac   xdc_runtime_knl_SyncNull_Module__root__V
20004db4   xdc_runtime_knl_SyncSemThread_Module__root__V
20004dbc   __xdc__init__addr
20004dc0   ti_uia_runtime_LoggerStopMode_Object__table__V
20004ec8   ti_sysbios_knl_Task_Object__table__V
20004f18   TSK_idle
20004f68   ti_sysbios_utils_Load_Module__state__V
20005000   ti_sysbios_knl_Swi_Module_State_0_readyQ__A
20005080   ti_sysbios_knl_Task_Module_State_0_readyQ__A
20005100   ti_sysbios_family_arm_lm4_Timer_Object__table__V
20005170   ti_sysbios_family_arm_m3_Hwi_Module__state__V
200051cc   ti_sysbios_knl_Task_Module__state__V
20005210   ti_sysbios_gates_GateMutex_Object__table__V
20005248   ti_sysbios_utils_Load_Module_State_0_taskEnv__A
20005280   ti_sysbios_family_arm_lm4_Timer_Module_State_0_device__A
200052b0   ti_sysbios_family_arm_m3_Hwi_Object__table__V
200052e0   ti_sysbios_knl_Swi_Object__table__V
20005310   ti_sysbios_knl_Clock_Module__state__V
20005340   _lock
20005344   _unlock
20005348   __TI_cleanup_ptr
2000534c   __TI_dtors_ptr
20005350   ti_uia_runtime_QueueDescriptor_gPtrToFirstDescriptor
20005354   ti_uia_runtime_QueueDescriptor_gUpdateCount
2000535c   main_func_sp
20005364   start_byte1
20005365   start_byte2
e000e000   ti_sysbios_family_arm_m3_Hwi_nvic
ffffffff   __binit__
ffffffff   __c_args__
ffffffff   binit
UNDEFED    SHT$$INIT_ARRAY$$Base
UNDEFED    SHT$$INIT_ARRAY$$Limit

[820 symbols]
