******************************************************************************
                  TI ARM Linker PC v5.1.1                      
******************************************************************************
>> Linked Tue Apr 08 16:46:20 2014

OUTPUT FILE NAME:   <rover.out>
ENTRY POINT SYMBOL: "_c_int00"  address: 00006dd1


MEMORY CONFIGURATION

         name            origin    length      used     unused   attr    fill
----------------------  --------  ---------  --------  --------  ----  --------
  FLASH                 00000000   00040000  0000c03e  00033fc2  R  X
  SRAM                  20000000   00008000  00005358  00002ca8  RW X


SEGMENT ALLOCATION MAP

run origin  load origin   length   init length attrs members
----------  ----------- ---------- ----------- ----- -------
00000000    00000000    0000c040   0000c040    r-x
  00000000    00000000    00000360   00000360    r-- .resetVecs
  00000360    00000360    000088ce   000088ce    r-x .text
  00008c30    00008c30    00002e70   00002e70    r-- .const
  0000baa0    0000baa0    000005a0   000005a0    r-- .cinit
20000000    20000000    00005358   00000000    rw-
  20000000    20000000    00000360   00000000    rw- .vecs
  20000360    20000360    000034f8   00000000    rw- .bss
  20003858    20003858    00001000   00000000    rw- .stack
  20004858    20004858    00000b00   00000000    rw- .data


SECTION ALLOCATION MAP

 output                                  attributes/
section   page    origin      length       input sections
--------  ----  ----------  ----------   ----------------
.bootVecs 
*          0    00000000    00000008     DSECT
                  00000000    00000008     boot.aem4f : boot.oem4f (.bootVecs)

.resetVecs 
*          0    00000000    00000360     
                  00000000    00000360     main_pem4f.oem4f (.resetVecs)

xdc.meta   0    00000000    000000f5     COPY SECTION
                  00000000    000000f5     main_pem4f.oem4f (xdc.meta)

.text      0    00000360    000088ce     
                  00000360    00000424     sysbios.aem4f : BIOS.obj (.text:ti_sysbios_family_arm_m3_Hwi_excDumpRegs__I)
                  00000784    00000344     ti.targets.arm.rtsarm.aem4f : System.oem4f (.text:xdc_runtime_System_doPrint__I)
                  00000ac8    000002e0     sysbios.aem4f : BIOS.obj (.text:ti_sysbios_knl_Semaphore_pend__E)
                  00000da8    000002d4     rtsv7M4_T_le_v4SPD16_eabi.lib : trgdrv.obj (.text)
                  0000107c    000002c8     uart_tivaware.aem4f : UARTTiva.oem4f (.text:UARTTiva_open)
                  00001344    00000248     sysbios.aem4f : BIOS.obj (.text:ti_sysbios_heaps_HeapMem_free__E)
                  0000158c    00000234                   : BIOS.obj (.text:ti_sysbios_heaps_HeapMem_alloc__E)
                  000017c0    00000230                   : BIOS.obj (.text:ti_sysbios_family_arm_lm4_Timer_start__E)
                  000019f0    00000210                   : BIOS.obj (.text:ti_sysbios_family_arm_m3_Hwi_excHandlerMax__I)
                  00001c00    00000204     uart_tivaware.aem4f : UARTTiva.oem4f (.text:UARTTiva_write)
                  00001e04    000001f8                         : UARTTiva.oem4f (.text:UARTTiva_read)
                  00001ffc    000001cc                         : UARTTiva.oem4f (.text:UARTTiva_hwiIntFxn)
                  000021c8    000001b2     frozen.obj (.text:parse_value)
                  0000237a    00000002     sysbios.aem4f : BIOS.obj (.text:ti_sysbios_BIOS_nullFunc__I)
                  0000237c    000001a0     ti.uia.runtime.aem4f : LoggerStopMode.oem4f (.text:ti_uia_runtime_LoggerStopMode_write8__E)
                  0000251c    0000018c     frozen.obj (.text:parse_number)
                  000026a8    0000016c     uart_tivaware.aem4f : UARTTiva.oem4f (.text:writeData)
                  00002814    00000168                         : UARTTiva.oem4f (.text:UARTTiva_readPolling)
                  0000297c    00000168     sysbios.aem4f : BIOS.obj (.text:ti_sysbios_family_arm_m3_Hwi_excBusFault__I)
                  00002ae4    00000160     uart_tivaware.aem4f : UARTTiva.oem4f (.text:readData)
                  00002c44    0000015c                         : UARTTiva.oem4f (.text:UARTTiva_writePolling)
                  00002da0    0000015c     ti.uia.runtime.aem4f : LoggerStopMode.oem4f (.text:ti_uia_runtime_LoggerStopMode_writeMemoryRange__E)
                  00002efc    00000154     sysbios.aem4f : BIOS.obj (.text:ti_sysbios_family_arm_m3_Hwi_excUsageFault__I)
                  00003050    00000144                   : BIOS.obj (.text:ti_sysbios_knl_Semaphore_post__E)
                  00003194    00000140                   : BIOS.obj (.text:ti_sysbios_family_arm_m3_Hwi_dispatchC__I)
                  000032d4    00000140                   : BIOS.obj (.text:ti_sysbios_family_arm_m3_Hwi_excMemFault__I)
                  00003414    0000013c     ti.uia.runtime.aem4f : LoggerStopMode.oem4f (.text:ti_uia_runtime_LoggerStopMode_write4__E)
                  00003550    0000013c     ti.targets.arm.rtsarm.aem4f : Error.oem4f (.text:xdc_runtime_Error_raiseX__F)
                  0000368c    00000138     sysbios.aem4f : BIOS.obj (.text:ti_sysbios_heaps_HeapMem_Instance_init__F)
                  000037c4    00000138                   : BIOS.obj (.text:ti_sysbios_utils_Load_logLoads__I)
                  000038fc    00000134                   : m3_Hwi_asm.obj (.text:ti_sysbios_family_arm_m3_Hwi_dispatch__I)
                  00003a30    00000130     driverlib.lib : gpio.obj (.text:GPIOPadConfigSet)
                  00003b60    00000130     sysbios.aem4f : BIOS.obj (.text:ti_sysbios_utils_Load_updateThreadContexts__E)
                  00003c90    0000012c                   : BIOS.obj (.text:ti_sysbios_family_arm_lm4_TimestampProvider_get64__E)
                  00003dbc    0000012c                   : BIOS.obj (.text:ti_sysbios_knl_Clock_workFunc__E)
                  00003ee8    0000012c                   : BIOS.obj (.text:ti_sysbios_knl_Task_exit__E)
                  00004014    00000124     EK_LM4F120XL.obj (.text:EK_LM4F120XL_initUART)
                  00004138    00000120     sysbios.aem4f : BIOS.obj (.text:ti_sysbios_knl_Swi_run__I)
                  00004258    0000010c     Boot.aem4f : Boot_sysctl.oem4f (.text:ti_catalog_arm_cortexm4_tiva_ce_Boot_sysCtlClockSetI__I)
                  00004364    00000104     ti.targets.arm.rtsarm.aem4f : Core-mem.oem4f (.text:xdc_runtime_Core_createObject__I)
                  00004468    00000104     main_pem4f.oem4f (.text:xdc_runtime_System_printfExtend__I)
                  0000456c    000000fc     sysbios.aem4f : BIOS.obj (.text:ti_sysbios_knl_Task_schedule__I)
                  00004668    000000f8                   : BIOS.obj (.text:ti_sysbios_knl_Task_startCore__E)
                  00004760    000000f8     ti.targets.arm.rtsarm.aem4f : Startup.oem4f (.text:xdc_runtime_Startup_startMods__I)
                  00004858    000000f4     rtsv7M4_T_le_v4SPD16_eabi.lib : dtor_list.obj (.text)
                  0000494c    000000f4     sysbios.aem4f : BIOS.obj (.text:ti_sysbios_knl_Task_postInit__I)
                  00004a40    000000e8     gpio_tivaware.aem4f : GPIO.oem4f (.text:GPIO_write)
                  00004b28    000000e8     sysbios.aem4f : BIOS.obj (.text:ti_sysbios_family_arm_m3_Hwi_initNVIC__E)
                  00004c10    000000e8                   : BIOS.obj (.text:ti_sysbios_io_DEV_postInit__I)
                  00004cf8    000000e6     frozen.obj (.text:parse_string)
                  00004dde    00000002     sysbios.aem4f : BIOS.obj (.text:ti_sysbios_gates_GateHwi_Instance_init__F)
                  00004de0    000000e0     main.obj (.text:tcp_connection)
                  00004ec0    000000c0     uart_tivaware.aem4f : UARTTiva.oem4f (.text:UARTTiva_writeCancel)
                  00004f80    000000bc                         : UARTTiva.oem4f (.text:UARTTiva_readCancel)
                  0000503c    000000bc     sysbios.aem4f : BIOS.obj (.text:ti_sysbios_knl_Task_unblockI__E)
                  000050f8    000000b8                   : BIOS.obj (.text:ti_sysbios_family_arm_lm4_TimestampProvider_get32__E)
                  000051b0    000000b4                   : BIOS.obj (.text:ti_sysbios_family_arm_m3_Hwi_excHardFault__I)
                  00005264    000000b4                   : BIOS.obj (.text:ti_sysbios_gates_GateMutex_enter__E)
                  00005318    000000b4                   : BIOS.obj (.text:ti_sysbios_knl_Task_checkStacks__E)
                  000053cc    000000b0                   : BIOS.obj (.text:ti_sysbios_family_arm_m3_Hwi_excDebugMon__I)
                  0000547c    000000b0                   : BIOS.obj (.text:ti_sysbios_utils_Load_idleFxn__E)
                  0000552c    000000b0                   : BIOS.obj (.text:ti_sysbios_utils_Load_updateLoads__E)
                  000055dc    000000ac                   : BIOS.obj (.text:ti_sysbios_family_arm_lm4_Timer_enableTiva__I)
                  00005688    000000a8                   : BIOS.obj (.text:ti_sysbios_knl_Semaphore_Instance_init__F)
                  00005730    000000a8                   : BIOS.obj (.text:ti_sysbios_knl_Swi_post__E)
                  000057d8    000000a8                   : BIOS.obj (.text:ti_sysbios_knl_Task_blockI__E)
                  00005880    000000a6     frozen.obj (.text:capture_ptr)
                  00005926    00000002     main_pem4f.oem4f (.text:xdc_runtime_Startup_reset__I)
                  00005928    000000a4     sysbios.aem4f : BIOS.obj (.text:ti_sysbios_family_arm_lm4_Timer_enableTimers__I)
                  000059cc    000000a4                   : BIOS.obj (.text:ti_sysbios_family_arm_m3_Hwi_Module_startup__F)
                  00005a70    000000a0     uart_tivaware.aem4f : UARTTiva.oem4f (.text:UARTTiva_close)
                  00005b10    000000a0     auto_init.aem4f : auto_init.oem4f (.text)
                  00005bb0    0000009c     rtsv7M4_T_le_v4SPD16_eabi.lib : memcpy_t2.obj (.text)
                  00005c4c    0000009a     ti.targets.arm.rtsarm.aem4f : Text.oem4f (.text:xdc_runtime_Text_putSite__F)
                  00005ce6    00000002     --HOLE-- [fill = 0]
                  00005ce8    00000094     Boot.aem4f : Boot.oem4f (.text:ti_catalog_arm_cortexm4_tiva_ce_Boot_sysCtlClockSet__E)
                  00005d7c    00000094     ti.targets.arm.rtsarm.aem4f : Text.oem4f (.text:xdc_runtime_Text_putMod__F)
                  00005e10    00000090     sysbios.aem4f : BIOS.obj (.text:ti_sysbios_family_arm_m3_Hwi_Instance_init__F)
                  00005ea0    0000008e     frozen.obj (.text:get_escape_len)
                  00005f2e    0000008e     frozen.obj (.text:parse_array)
                  00005fbc    0000008e     frozen.obj (.text:parse_object)
                  0000604a    00000002     --HOLE-- [fill = 0]
                  0000604c    0000008c     sysbios.aem4f : m3_TaskSupport_asm.obj (.text:ti_sysbios_family_arm_m3_TaskSupport_buildTaskStack)
                  000060d8    00000088     EK_LM4F120XL.obj (.text:EK_LM4F120XL_initGPIO)
                  00006160    00000088     sysbios.aem4f : BIOS.obj (.text:ti_sysbios_utils_Load_addTask__E)
                  000061e8    00000084     ti.uia.runtime.aem4f : LoggerStopMode.oem4f (.text:ti_uia_runtime_LoggerStopMode_setFilterLevel__E)
                  0000626c    00000080     sysbios.aem4f : BIOS.obj (.text:ti_sysbios_knl_Task_Module_startup__F)
                  000062ec    0000007e     ti.uia.runtime.aem4f : LoggerStopMode.oem4f (.text:ti_uia_runtime_LoggerStopMode_getContents__E)
                  0000636a    0000007c     frozen.obj (.text:parse_identifier)
                  000063e6    00000078     rtsv7M4_T_le_v4SPD16_eabi.lib : memset_t2.obj (.text)
                  0000645e    00000002     --HOLE-- [fill = 0]
                  00006460    00000078     sysbios.aem4f : BIOS.obj (.text:ti_sysbios_utils_Load_updateCurrentThreadTime__E)
                  000064d8    00000074                   : BIOS.obj (.text:ti_sysbios_family_arm_lm4_Timer_isrStub__E)
                  0000654c    00000070     main_pem4f.oem4f (.text:ti_sysbios_family_arm_m3_Hwi_Object__create__S)
                  000065bc    00000070     sysbios.aem4f : BIOS.obj (.text:ti_sysbios_family_arm_m3_Hwi_reconfig__E)
                  0000662c    00000070                   : BIOS.obj (.text:ti_sysbios_utils_Load_taskDeleteHook__E)
                  0000669c    00000070     ti.uia.runtime.aem4f : LoggerStopMode.oem4f (.text:ti_uia_runtime_LoggerStopMode_getFilterLevel__E)
                  0000670c    00000070                          : LoggerStopMode.oem4f (.text:ti_uia_runtime_LoggerStopMode_writeBlockOfMemory__I)
                  0000677c    00000070                          : QueueDescriptor.oem4f (.text:ti_uia_runtime_QueueDescriptor_addToList__E)
                  000067ec    00000070     ti.targets.arm.rtsarm.aem4f : Memory.oem4f (.text:xdc_runtime_Memory_alloc__F)
                  0000685c    0000006c     sysbios.aem4f : BIOS.obj (.text:ti_sysbios_utils_Load_taskCreateHook__E)
                  000068c8    0000006c     ti.targets.arm.rtsarm.aem4f : Error.oem4f (.text:xdc_runtime_Error_print__F)
                  00006934    0000006a     frozen.obj (.text:doit)
                  0000699e    00000002     --HOLE-- [fill = 0]
                  000069a0    00000068     sysbios.aem4f : BIOS.obj (.text:ti_sysbios_BIOS_rtsUnlock__I)
                  00006a08    00000066     ti.targets.arm.rtsarm.aem4f : Core-mem.oem4f (.text:xdc_runtime_Core_deleteObject__I)
                  00006a6e    00000064     frozen.obj (.text:capture_len)
                  00006ad2    00000002     --HOLE-- [fill = 0]
                  00006ad4    00000064     sysbios.aem4f : BIOS.obj (.text:ti_sysbios_knl_Clock_logTick__E)
                  00006b38    00000064                   : BIOS.obj (.text:ti_sysbios_utils_Load_logCPULoad__I)
                  00006b9c    00000060     rtsv7M4_T_le_v4SPD16_eabi.lib : trgmsg.obj (.text)
                  00006bfc    00000060     main_pem4f.oem4f (.text:ti_uia_runtime_LoggerStopMode_Object__create__S)
                  00006c5c    0000005e     rtsv7M4_T_le_v4SPD16_eabi.lib : copy_decompress_rle.obj (.text)
                  00006cba    00000002     --HOLE-- [fill = 0]
                  00006cbc    0000005c     sysbios.aem4f : BIOS.obj (.text:ti_sysbios_family_arm_lm4_Timer_Module_startup__F)
                  00006d18    0000005b     ti.targets.arm.rtsarm.aem4f : Text.oem4f (.text:xdc_runtime_Text_putLab__F)
                  00006d73    00000001     --HOLE-- [fill = 0]
                  00006d74    0000005a     ti.uia.runtime.aem4f : LoggerStopMode.oem4f (.text:ti_uia_runtime_LoggerStopMode_readBlockOfMemory__I)
                  00006dce    00000002     --HOLE-- [fill = 0]
                  00006dd0    00000058     boot.aem4f : boot.oem4f (.text)
                  00006e28    00000058     sysbios.aem4f : BIOS.obj (.text:ti_sysbios_knl_Swi_restoreHwi__E)
                  00006e80    00000058                   : BIOS.obj (.text:ti_sysbios_knl_Swi_schedule__I)
                  00006ed8    00000056     frozen.obj (.text:parse_key)
                  00006f2e    00000002     --HOLE-- [fill = 0]
                  00006f30    00000054     ti.uia.runtime.aem4f : QueueDescriptor.oem4f (.text:ti_uia_runtime_QueueDescriptor_removeFromList__E)
                  00006f84    00000053     main.obj (.text:init_uart)
                  00006fd7    00000001     --HOLE-- [fill = 0]
                  00006fd8    00000050     sysbios.aem4f : BIOS.obj (.text:ti_sysbios_utils_Load_taskSwitchHook__E)
                  00007028    00000050     ti.targets.arm.rtsarm.aem4f : Startup.oem4f (.text:xdc_runtime_Startup_exec__F)
                  00007078    00000050                                 : System.oem4f (.text:xdc_runtime_System_formatNum__I)
                  000070c8    00000050                                 : Text.oem4f (.text:xdc_runtime_Text_visitRope2__I)
                  00007118    0000004c     sysbios.aem4f : BIOS.obj (.text:ti_sysbios_knl_Swi_runLoop__I)
                  00007164    00000048     driverlib.lib : gpio.obj (.text:GPIOPinConfigure)
                  000071ac    00000048     uart_tivaware.aem4f : UART.oem4f (.text:UART_open)
                  000071f4    00000048     sysbios.aem4f : BIOS.obj (.text:ti_sysbios_BIOS_errorRaiseHook__I)
                  0000723c    00000048                   : BIOS.obj (.text:ti_sysbios_family_arm_m3_Hwi_excReserved__I)
                  00007284    00000048                   : BIOS.obj (.text:ti_sysbios_heaps_HeapMem_getStats__E)
                  000072cc    00000048     ti.targets.arm.rtsarm.aem4f : Assert.oem4f (.text:xdc_runtime_Assert_raise__I)
                  00007314    00000048                                 : Core-params.oem4f (.text:xdc_runtime_Core_assignParams__I)
                  0000735c    00000046     ti.uia.runtime.aem4f : LoggerStopMode.oem4f (.text:ti_uia_runtime_LoggerStopMode_Instance_init__F)
                  000073a2    00000002     --HOLE-- [fill = 0]
                  000073a4    00000044     frozen.obj (.text:parse_json2)
                  000073e8    00000044     rtsv7M4_T_le_v4SPD16_eabi.lib : cpy_tbl.obj (.text)
                  0000742c    00000044                                   : exit.obj (.text)
                  00007470    00000044     sysbios.aem4f : BIOS.obj (.text:ti_sysbios_family_arm_lm4_Timer_stop__E)
                  000074b4    00000044                   : BIOS.obj (.text:ti_sysbios_family_arm_m3_Hwi_disableInterrupt__E)
                  000074f8    00000044                   : BIOS.obj (.text:ti_sysbios_family_arm_m3_Hwi_enableInterrupt__E)
                  0000753c    00000044                   : BIOS.obj (.text:ti_sysbios_knl_Task_allBlockedFunction__I)
                  00007580    00000044     ti.uia.runtime.aem4f : LoggerStopMode.oem4f (.text:ti_uia_runtime_LoggerStopMode_filterOutEvent__I)
                  000075c4    00000044                          : LoggerStopMode.oem4f (.text:ti_uia_runtime_LoggerStopMode_reset__F)
                  00007608    00000044     ti.targets.arm.rtsarm.aem4f : SysMin.oem4f (.text:xdc_runtime_SysMin_flush__F)
                  0000764c    00000042     driverlib.lib : uart.obj (.text:UARTConfigSetExpClk)
                  0000768e    00000042     sysbios.aem4f : BIOS.obj (.text:ti_sysbios_knl_Semaphore_pendTimeout__I)
                  000076d0    00000040     EK_LM4F120XL.obj (.text:EK_LM4F120XL_initGeneral)
                  00007710    00000040     frozen.obj (.text:compare)
                  00007750    00000040     frozen.obj (.text:parse_pair)
                  00007790    00000040     sysbios.aem4f : BIOS.obj (.text:ti_sysbios_family_arm_lm4_Timer_startup__E)
                  000077d0    00000040     main_pem4f.oem4f (.text:ti_sysbios_knl_Semaphore_Object__create__S)
                  00007810    00000040     ti.targets.arm.rtsarm.aem4f : System.oem4f (.text:xdc_runtime_System_atexit__F)
                  00007850    0000003e     main_pem4f.oem4f (.text:realloc)
                  0000788e    00000002     --HOLE-- [fill = 0]
                  00007890    0000003c     sysbios.aem4f : BIOS.obj (.text:ti_sysbios_family_arm_m3_Hwi_excSvCall__I)
                  000078cc    0000003c                   : BIOS.obj (.text:ti_sysbios_heaps_HeapMem_init__I)
                  00007908    0000003c                   : BIOS.obj (.text:ti_sysbios_knl_Swi_startup__E)
                  00007944    0000003c     ti.targets.arm.rtsarm.aem4f : Text.oem4f (.text:xdc_runtime_Text_xprintf__I)
                  00007980    00000038     uart_tivaware.aem4f : UART.oem4f (.text:UART_init)
                  000079b8    00000038     sysbios.aem4f : BIOS.obj (.text:ti_sysbios_family_arm_m3_Hwi_excNoIsr__I)
                  000079f0    00000038                   : BIOS.obj (.text:ti_sysbios_family_arm_m3_Hwi_getStackInfo__E)
                  00007a28    00000038                   : BIOS.obj (.text:ti_sysbios_family_arm_m3_TaskSupport_start__E)
                  00007a60    00000038     main_pem4f.oem4f (.text:ti_sysbios_gates_GateHwi_Object__create__S)
                  00007a98    00000038     main_pem4f.oem4f (.text:ti_sysbios_gates_GateMutex_Object__create__S)
                  00007ad0    00000038     main_pem4f.oem4f (.text:ti_sysbios_heaps_HeapMem_Object__create__S)
                  00007b08    00000038     main_pem4f.oem4f (.text:ti_sysbios_knl_Queue_Object__create__S)
                  00007b40    00000038     ti.targets.arm.rtsarm.aem4f : SysMin.oem4f (.text:xdc_runtime_SysMin_putch__F)
                  00007b78    00000036     frozen.obj (.text:get_utf8_char_len)
                  00007bae    00000036     frozen.obj (.text:test_and_skip)
                  00007be4    00000034     driverlib.lib : sysctl.obj (.text:SysCtlPeripheralEnable)
                  00007c18    00000034     uart_tivaware.aem4f : UART.oem4f (.text:UART_Params_init)
                  00007c4c    00000034                         : UART.oem4f (.text:UART_read)
                  00007c80    00000034                         : UART.oem4f (.text:UART_write)
                  00007cb4    00000034     main.obj (.text:init_mux_pins)
                  00007ce8    00000034     sysbios.aem4f : BIOS.obj (.text:ti_sysbios_family_arm_m3_Hwi_excNmi__I)
                  00007d1c    00000034                   : BIOS.obj (.text:ti_sysbios_hal_Hwi_checkStack:ti_sysbios_hal_Hwi_checkStack)
                  00007d50    00000030     main_pem4f.oem4f (.text:ti_sysbios_BIOS_exitFunc__I)
                  00007d80    00000030     sysbios.aem4f : BIOS.obj (.text:ti_sysbios_knl_Idle_run__E)
                  00007db0    00000030     ti.targets.arm.rtsarm.aem4f : Core-label.oem4f (.text:xdc_runtime_Core_assignLabel__I)
                  00007de0    00000030                                 : SysMin.oem4f (.text:xdc_runtime_SysMin_abort__F)
                  00007e10    0000002f                                 : Text.oem4f (.text:xdc_runtime_Text_printVisFxn__I)
                  00007e3f    00000001     --HOLE-- [fill = 0]
                  00007e40    0000002e     main_pem4f.oem4f (.text:malloc)
                  00007e6e    0000002c     frozen.obj (.text:is_hex_digit)
                  00007e9a    0000002c     sysbios.aem4f : BIOS.obj (.text:ti_sysbios_hal_Hwi_initStack:ti_sysbios_hal_Hwi_initStack)
                  00007ec6    00000002     --HOLE-- [fill = 0]
                  00007ec8    0000002c                   : BIOS.obj (.text:ti_sysbios_io_DEV_Module_startup__F)
                  00007ef4    0000002c     main_pem4f.oem4f (.text:ti_sysbios_knl_Clock_doTick__I)
                  00007f20    0000002c     sysbios.aem4f : BIOS.obj (.text:ti_sysbios_knl_Task_restore__E)
                  00007f4c    0000002c     ti.uia.runtime.aem4f : LoggerStopMode.oem4f (.text:ti_uia_runtime_LoggerStopMode_Module_startup__F)
                  00007f78    0000002c                          : LoggerStopMode.oem4f (.text:ti_uia_runtime_LoggerStopMode_disable__E)
                  00007fa4    0000002c                          : LoggerStopMode.oem4f (.text:ti_uia_runtime_LoggerStopMode_enable__E)
                  00007fd0    0000002c     ti.targets.arm.rtsarm.aem4f : System.oem4f (.text:xdc_runtime_System_rtsExit__I)
                  00007ffc    0000002c                                 : Text.oem4f (.text:xdc_runtime_Text_cordText__F)
                  00008028    0000002a     driverlib.lib : gpio.obj (.text:GPIODirModeSet)
                  00008052    0000002a     frozen.obj (.text:skip_whitespaces)
                  0000807c    0000002a     ti.targets.arm.rtsarm.aem4f : System.oem4f (.text:xdc_runtime_System_putchar__I)
                  000080a6    00000002     --HOLE-- [fill = 0]
                  000080a8    00000028     sysbios.aem4f : m3_Hwi_asm_switch.obj (.text:ti_sysbios_family_arm_m3_Hwi_initStacks__E)
                  000080d0    00000028                   : BIOS.obj (.text:ti_sysbios_gates_GateMutex_Instance_init__F)
                  000080f8    00000028     ti.uia.runtime.aem4f : LogSync.oem4f (.text:ti_uia_runtime_LogSync_Module_startup__F)
                  00008120    00000028                          : QueueDescriptor.oem4f (.text:ti_uia_runtime_QueueDescriptor_initHeader__E)
                  00008148    00000026     frozen.obj (.text:is_alpha)
                  0000816e    00000026     frozen.obj (.text:is_space)
                  00008194    00000026     ti.targets.arm.rtsarm.aem4f : System.oem4f (.text:xdc_runtime_System_avprintf__F)
                  000081ba    00000002     --HOLE-- [fill = 0]
                  000081bc    00000024     gpio_tivaware.aem4f : GPIO.oem4f (.text:GPIO_init)
                  000081e0    00000024     frozen.obj (.text:cur)
                  00008204    00000024     main.obj (.text:main)
                  00008228    00000024     sysbios.aem4f : BIOS.obj (.text:ti_sysbios_BIOS_registerRTSLock__I)
                  0000824c    00000024     main_pem4f.oem4f (.text:ti_sysbios_BIOS_startFunc__I)
                  00008270    00000024     sysbios.aem4f : BIOS.obj (.text:ti_sysbios_family_arm_m3_Hwi_Instance_finalize__F)
                  00008294    00000024                   : BIOS.obj (.text:ti_sysbios_family_arm_m3_Hwi_doTaskRestore__I)
                  000082b8    00000024     main_pem4f.oem4f (.text:ti_sysbios_gates_GateMutex_Object__delete__S)
                  000082dc    00000024     sysbios.aem4f : BIOS.obj (.text:ti_sysbios_knl_Clock_Module_startup__F)
                  00008300    00000024                   : BIOS.obj (.text:ti_sysbios_knl_Swi_Module_startup__F)
                  00008324    00000024     ti.uia.runtime.aem4f : LoggerStopMode.oem4f (.text:ti_uia_runtime_LoggerStopMode_Instance_finalize__F)
                  00008348    00000024     ti.targets.arm.rtsarm.aem4f : System.oem4f (.text:xdc_runtime_System_vprintf__F)
                  0000836c    00000022     main_pem4f.oem4f (.text:xdc_runtime_SysMin_output__I)
                  0000838e    00000020     sysbios.aem4f : m3_Hwi_asm_switch.obj (.text:ti_sysbios_family_xxx_Hwi_switchAndRunFunc)
                  000083ae    00000002     --HOLE-- [fill = 0]
                  000083b0    00000020     main_pem4f.oem4f (.text:ti_sysbios_gates_GateHwi_Object__delete__S)
                  000083d0    00000020     main_pem4f.oem4f (.text:ti_sysbios_heaps_HeapMem_Object__delete__S)
                  000083f0    00000020     main_pem4f.oem4f (.text:ti_sysbios_knl_Semaphore_Object__destruct__S)
                  00008410    00000020     sysbios.aem4f : BIOS.obj (.text:ti_sysbios_knl_Task_enter__I)
                  00008430    00000020     main_pem4f.oem4f (.text:ti_uia_runtime_LoggerStopMode_Object__delete__S)
                  00008450    00000020     ti.targets.arm.rtsarm.aem4f : Registry.oem4f (.text:xdc_runtime_Registry_findById__F)
                  00008470    00000020                                 : SysMin.oem4f (.text:xdc_runtime_SysMin_Module_startup__F)
                  00008490    0000001c     driverlib.lib : uart.obj (.text:UARTDisable)
                  000084ac    0000001c     sysbios.aem4f : BIOS.obj (.text:ti_sysbios_BIOS_rtsLock__I)
                  000084c8    0000001c     main_pem4f.oem4f (.text:ti_sysbios_family_arm_m3_Hwi_Object__destruct__S)
                  000084e4    0000001c     main_pem4f.oem4f (.text:ti_sysbios_knl_Queue_Object__destruct__S)
                  00008500    0000001c     ti.targets.arm.rtsarm.aem4f : Error.oem4f (.text:xdc_runtime_Error_check__F)
                  0000851c    0000001c                                 : Memory.oem4f (.text:xdc_runtime_Memory_valloc__F)
                  00008538    0000001c                                 : SysMin.oem4f (.text:xdc_runtime_SysMin_exit__F)
                  00008554    0000001a     frozen.obj (.text:is_digit)
                  0000856e    0000001a     main_pem4f.oem4f (.text:ti_sysbios_family_arm_m3_Hwi_Handle__label__S)
                  00008588    0000001a     main_pem4f.oem4f (.text:ti_sysbios_gates_GateHwi_Handle__label__S)
                  000085a2    0000001a     main_pem4f.oem4f (.text:ti_sysbios_gates_GateMutex_Handle__label__S)
                  000085bc    0000001a     main_pem4f.oem4f (.text:ti_sysbios_heaps_HeapMem_Handle__label__S)
                  000085d6    0000001a     main_pem4f.oem4f (.text:ti_sysbios_knl_Swi_Handle__label__S)
                  000085f0    0000001a     main_pem4f.oem4f (.text:ti_sysbios_knl_Task_Handle__label__S)
                  0000860a    0000001a     main_pem4f.oem4f (.text:ti_uia_runtime_LoggerStopMode_Handle__label__S)
                  00008624    0000001a     main_pem4f.oem4f (.text:xdc_runtime_System_aprintf__E)
                  0000863e    0000001a     main_pem4f.oem4f (.text:xdc_runtime_System_printf__E)
                  00008658    00000018     driverlib.lib : gpio.obj (.text:GPIOPinTypeGPIOOutput)
                  00008670    00000018     main_pem4f.oem4f (.text:free)
                  00008688    00000018     rtsv7M4_T_le_v4SPD16_eabi.lib : args_main.obj (.text)
                  000086a0    00000018     main_pem4f.oem4f (.text:ti_sysbios_family_arm_lm4_Timer_Module__startupDone__F)
                  000086b8    00000018     main_pem4f.oem4f (.text:ti_sysbios_family_arm_m3_Hwi_Module__startupDone__F)
                  000086d0    00000018     sysbios.aem4f : m3_TaskSupport_asm.obj (.text:ti_sysbios_family_arm_m3_TaskSupport_swap__E)
                  000086e8    00000018                   : BIOS.obj (.text:ti_sysbios_gates_GateMutex_leave__E)
                  00008700    00000018     main_pem4f.oem4f (.text:ti_sysbios_hal_Timer_Module__startupDone__F)
                  00008718    00000018     ti.targets.arm.rtsarm.aem4f : Text.oem4f (.text:xdc_runtime_Text_ropeText__F)
                  00008730    00000016     ti.uia.runtime.aem4f : LoggerStopMode.oem4f (.text:ti_uia_runtime_LoggerStopMode_getFreeSize__E)
                  00008746    00000016                          : LoggerStopMode.oem4f (.text:ti_uia_runtime_LoggerStopMode_getUnreadSize__E)
                  0000875c    00000014     driverlib.lib : uart.obj (.text:UARTEnable)
                  00008770    00000014     frozen.obj (.text:left)
                  00008784    00000014     rtsv7M4_T_le_v4SPD16_eabi.lib : _lock.obj (.text)
                  00008798    00000014                                   : strlen.obj (.text)
                  000087ac    00000014     sysbios.aem4f : BIOS.obj (.text:ti_sysbios_family_arm_m3_Hwi_switchFromBootStack__E)
                  000087c0    00000014     main_pem4f.oem4f (.text:ti_sysbios_heaps_HeapMem_Object__get__S)
                  000087d4    00000014     main_pem4f.oem4f (.text:ti_sysbios_knl_Swi_Object__get__S)
                  000087e8    00000014     main_pem4f.oem4f (.text:ti_sysbios_knl_Task_Object__get__S)
                  000087fc    00000014     ti.targets.arm.rtsarm.aem4f : System.oem4f (.text:xdc_runtime_System_abort__F)
                  00008810    00000012     driverlib.lib : gpio.obj (.text:GPIOPinTypeGPIOInput)
                  00008822    00000012                   : gpio.obj (.text:GPIOPinTypeUART)
                  00008834    00000012     rtsv7M4_T_le_v4SPD16_eabi.lib : copy_zero_init.obj (.text:decompress:ZI)
                  00008846    00000012     sysbios.aem4f : BIOS.obj (.text:ti_sysbios_hal_Hwi_Module_startup__F)
                  00008858    00000012                   : BIOS.obj (.text:ti_sysbios_hal_Timer_Module_startup__F)
                  0000886a    00000012     ti.uia.runtime.aem4f : LoggerStopMode.oem4f (.text:ti_uia_runtime_LoggerStopMode_write1__E)
                  0000887c    00000012                          : LoggerStopMode.oem4f (.text:ti_uia_runtime_LoggerStopMode_write2__E)
                  0000888e    00000012     main_pem4f.oem4f (.text:xdc_runtime_Startup_exec__I)
                  000088a0    00000010     rtsv7M4_T_le_v4SPD16_eabi.lib : strcpy.obj (.text)
                  000088b0    00000010     sysbios.aem4f : BIOS.obj (.text:ti_sysbios_BIOS_getCpuFreq__E)
                  000088c0    00000010                   : BIOS.obj (.text:ti_sysbios_BIOS_setThreadType__E)
                  000088d0    00000010                   : BIOS.obj (.text:ti_sysbios_BIOS_start__E)
                  000088e0    00000010                   : BIOS.obj (.text:ti_sysbios_family_arm_lm4_TimestampProvider_rolloverFunc__E)
                  000088f0    00000010                   : BIOS.obj (.text:ti_sysbios_family_arm_m3_Hwi_excHandler__I)
                  00008900    00000010                   : m3_TaskSupport_asm.obj (.text:ti_sysbios_family_arm_m3_TaskSupport_glue)
                  00008910    00000010                   : m3_Hwi_asm_switch.obj (.text:ti_sysbios_family_xxx_Hwi_switchToIsrStack)
                  00008920    00000010                   : BIOS.obj (.text:ti_sysbios_gates_GateMutex_Instance_finalize__F)
                  00008930    00000010     main_pem4f.oem4f (.text:ti_sysbios_io_DEV_Object__get__S)
                  00008940    00000010     sysbios.aem4f : BIOS.obj (.text:ti_sysbios_knl_Semaphore_Instance_finalize__F)
                  00008950    00000010                   : BIOS.obj (.text:ti_sysbios_knl_Swi_disable__E)
                  00008960    00000010                   : BIOS.obj (.text:ti_sysbios_knl_Task_disable__E)
                  00008970    00000010     main_pem4f.oem4f (.text:ti_uia_runtime_LoggerStopMode_Object__get__S)
                  00008980    00000010     ti.uia.runtime.aem4f : LoggerStopMode.oem4f (.text:ti_uia_runtime_LoggerStopMode_write0__E)
                  00008990    00000010     ti.targets.arm.rtsarm.aem4f : Gate.oem4f (.text:xdc_runtime_Gate_leaveSystem__F)
                  000089a0    00000010                                 : Memory.oem4f (.text:xdc_runtime_Memory_free__F)
                  000089b0    00000010                                 : SysMin.oem4f (.text:xdc_runtime_SysMin_ready__F)
                  000089c0    00000010                                 : System.oem4f (.text:xdc_runtime_System_vsnprintf__F)
                  000089d0    00000010     main_pem4f.oem4f (.text:xdc_runtime_Text_visitRope__I)
                  000089e0    0000000e     driverlib.lib : uart.obj (.text:UARTCharGetNonBlocking)
                  000089ee    0000000e                   : uart.obj (.text:UARTCharPutNonBlocking)
                  000089fc    0000000e     rtsv7M4_T_le_v4SPD16_eabi.lib : copy_decompress_none.obj (.text:decompress:none)
                  00008a0a    0000000e     sysbios.aem4f : BIOS.obj (.text:ti_sysbios_knl_Queue_empty__E)
                  00008a18    0000000e     ti.uia.runtime.aem4f : LoggerStopMode.oem4f (.text:ti_uia_runtime_LoggerStopMode_isEmpty__E)
                  00008a26    00000002     --HOLE-- [fill = 0]
                  00008a28    0000000c     main_pem4f.oem4f (.text:.bootCodeSection:ti_catalog_arm_cortexm4_tiva_ce_Boot_init__I)
                  00008a34    0000000c     sysbios.aem4f : BIOS.obj (.text:ti_sysbios_family_arm_lm4_Timer_masterDisable__I)
                  00008a40    0000000c                   : BIOS.obj (.text:ti_sysbios_family_arm_lm4_TimestampProvider_startTimer__E)
                  00008a4c    0000000c     main_pem4f.oem4f (.text:ti_sysbios_family_arm_m3_Hwi_Params__init__S)
                  00008a58    0000000c     sysbios.aem4f : BIOS.obj (.text:ti_sysbios_family_arm_m3_Hwi_disableFxn__E)
                  00008a64    0000000c                   : BIOS.obj (.text:ti_sysbios_family_arm_m3_TaskSupport_checkStack__E)
                  00008a70    0000000c                   : m3_Hwi_asm_switch.obj (.text:ti_sysbios_family_xxx_Hwi_switchToTaskStack)
                  00008a7c    0000000c                   : BIOS.obj (.text:ti_sysbios_gates_GateHwi_enter__E)
                  00008a88    0000000c     main_pem4f.oem4f (.text:ti_sysbios_knl_Queue_Object__get__S)
                  00008a94    0000000c     main_pem4f.oem4f (.text:ti_sysbios_knl_Semaphore_Params__init__S)
                  00008aa0    0000000c     sysbios.aem4f : BIOS.obj (.text:ti_sysbios_utils_Load_taskRegHook__E)
                  00008aac    0000000c     ti.targets.arm.rtsarm.aem4f : Error.oem4f (.text:xdc_runtime_Error_init__F)
                  00008ab8    0000000c                                 : Gate.oem4f (.text:xdc_runtime_Gate_enterSystem__F)
                  00008ac4    0000000c                                 : Memory.oem4f (.text:xdc_runtime_Memory_calloc__F)
                  00008ad0    0000000c                                 : Memory.oem4f (.text:xdc_runtime_Memory_getMaxDefaultTypeAlign__F)
                  00008adc    0000000c                                 : System.oem4f (.text:xdc_runtime_System_exit__F)
                  00008ae8    0000000c                                 : System.oem4f (.text:xdc_runtime_System_lastFxn__I)
                  00008af4    0000000a     driverlib.lib : uart.obj (.text:UARTCharGet)
                  00008afe    0000000a                   : uart.obj (.text:UARTCharPut)
                  00008b08    0000000a                   : uart.obj (.text:UARTIntDisable)
                  00008b12    0000000a                   : uart.obj (.text:UARTIntStatus)
                  00008b1c    0000000a     main_pem4f.oem4f (.text:xdc_runtime_IHeap_alloc)
                  00008b26    0000000a     main_pem4f.oem4f (.text:xdc_runtime_IHeap_free)
                  00008b30    00000008     driverlib.lib : uart.obj (.text:UARTIntEnable)
                  00008b38    00000008     uart_tivaware.aem4f : UARTTiva.oem4f (.text:UARTTiva_init)
                  00008b40    00000008                         : UARTTiva.oem4f (.text:readSemCallback)
                  00008b48    00000008     sysbios.aem4f : BIOS.obj (.text:ti_sysbios_family_arm_m3_Hwi_doSwiRestore__I)
                  00008b50    00000008                   : BIOS.obj (.text:ti_sysbios_family_arm_m3_Hwi_startup__E)
                  00008b58    00000008                   : BIOS.obj (.text:ti_sysbios_knl_Idle_loop__E)
                  00008b60    00000008     uart_tivaware.aem4f : UARTTiva.oem4f (.text:writeSemCallback)
                  00008b68    00000006     driverlib.lib : gpio.obj (.text:GPIOPinWrite)
                  00008b6e    00000006                   : uart.obj (.text:UARTFIFOLevelSet)
                  00008b74    00000006     ti.targets.arm.rtsarm.aem4f : xdc_noinit.oem4f (.text:__xdc__init)
                  00008b7a    00000006     rtsv7M4_T_le_v4SPD16_eabi.lib : copy_decompress_rle.obj (.text:decompress:rle24)
                  00008b80    00000006     Boot.aem4f : Boot_sysctl.oem4f (.text:ti_catalog_arm_cortexm4_tiva_ce_Boot_sysCtlDelayI__I)
                  00008b86    00000006     sysbios.aem4f : BIOS.obj (.text:ti_sysbios_family_arm_lm4_TimestampProvider_Module_startup__F)
                  00008b8c    00000006                   : BIOS.obj (.text:ti_sysbios_family_arm_m3_Hwi_restoreFxn__E)
                  00008b92    00000006                   : BIOS.obj (.text:ti_sysbios_gates_GateHwi_leave__E)
                  00008b98    00000006                   : BIOS.obj (.text:ti_sysbios_heaps_HeapMem_isBlocking__E)
                  00008b9e    00000006                   : BIOS.obj (.text:ti_sysbios_knl_Queue_Instance_init__F)
                  00008ba4    00000006     ti.uia.runtime.aem4f : LoggerStopMode.oem4f (.text:ti_uia_runtime_LoggerStopMode_getPriority__E)
                  00008baa    00000006                          : LoggerStopMode.oem4f (.text:ti_uia_runtime_LoggerStopMode_getTransferType__F)
                  00008bb0    00000006     ti.targets.arm.rtsarm.aem4f : System.oem4f (.text:xdc_runtime_System_Module_startup__F)
                  00008bb6    00000004     driverlib.lib : uart.obj (.text:UARTIntClear)
                  00008bba    00000004     main_pem4f.oem4f (.text:ti_sysbios_BIOS_RtsGateProxy_enter__E)
                  00008bbe    00000004     main_pem4f.oem4f (.text:ti_sysbios_BIOS_RtsGateProxy_leave__E)
                  00008bc2    00000004     sysbios.aem4f : BIOS.obj (.text:ti_sysbios_family_arm_lm4_Timer_getPeriod__E)
                  00008bc6    00000004                   : BIOS.obj (.text:ti_sysbios_family_arm_lm4_Timer_masterEnable__I)
                  00008bca    00000004     main_pem4f.oem4f (.text:ti_sysbios_family_arm_m3_TaskSupport_Module__startupDone__S)
                  00008bce    00000004     sysbios.aem4f : BIOS.obj (.text:ti_sysbios_gates_GateHwi_query__F)
                  00008bd2    00000004                   : BIOS.obj (.text:ti_sysbios_gates_GateMutex_query__F)
                  00008bd6    00000004     main_pem4f.oem4f (.text:ti_sysbios_hal_Hwi_HwiProxy_Module__startupDone__S)
                  00008bda    00000004     main_pem4f.oem4f (.text:ti_sysbios_hal_Timer_TimerProxy_Module__startupDone__S)
                  00008bde    00000004     main_pem4f.oem4f (.text:ti_sysbios_hal_Timer_TimerProxy_getPeriod__E)
                  00008be2    00000004     main_pem4f.oem4f (.text:ti_sysbios_heaps_HeapMem_Module_GateProxy_enter__E)
                  00008be6    00000004     main_pem4f.oem4f (.text:ti_sysbios_heaps_HeapMem_Module_GateProxy_leave__E)
                  00008bea    00000004     main_pem4f.oem4f (.text:ti_sysbios_knl_Task_SupportProxy_Module__startupDone__S)
                  00008bee    00000004     sysbios.aem4f : BIOS.obj (.text:ti_sysbios_knl_Task_startup__E)
                  00008bf2    00000004     main_pem4f.oem4f (.text:ti_uia_runtime_LogSync_CpuTimestampProxy_Module__startupDone__S)
                  00008bf6    00000004     main_pem4f.oem4f (.text:ti_uia_runtime_LogSync_GlobalTimestampProxy_Module__startupDone__S)
                  00008bfa    00000004     ti.uia.runtime.aem4f : LoggerStopMode.oem4f (.text:ti_uia_runtime_LoggerStopMode_getInstanceId__E)
                  00008bfe    00000004                          : LoggerStopMode.oem4f (.text:ti_uia_runtime_LoggerStopMode_getMaxLength__E)
                  00008c02    00000004                          : LoggerStopMode.oem4f (.text:ti_uia_runtime_LoggerStopMode_setPriority__E)
                  00008c06    00000004     ti.targets.arm.rtsarm.aem4f : Error.oem4f (.text:xdc_runtime_Error_getSite__F)
                  00008c0a    00000004     main_pem4f.oem4f (.text:xdc_runtime_Memory_HeapProxy_alloc__E)
                  00008c0e    00000004     main_pem4f.oem4f (.text:xdc_runtime_Memory_HeapProxy_free__E)
                  00008c12    00000004     main_pem4f.oem4f (.text:xdc_runtime_System_Module_GateProxy_enter__E)
                  00008c16    00000004     main_pem4f.oem4f (.text:xdc_runtime_System_Module_GateProxy_leave__E)
                  00008c1a    00000004     ti.targets.arm.rtsarm.aem4f : System.oem4f (.text:xdc_runtime_System_aprintf_va__F)
                  00008c1e    00000004                                 : System.oem4f (.text:xdc_runtime_System_printf_va__F)
                  00008c22    00000004     main_pem4f.oem4f (.text:xdc_runtime_System_vsnprintf__E)
                  00008c26    00000004     main_pem4f.oem4f (.text:xdc_runtime_TimestampNull_Module__startupDone__S)
                  00008c2a    00000004     main_pem4f.oem4f (.text:xdc_runtime_Timestamp_Module__startupDone__S)

.const     0    00008c30    00002e70     
                  00008c30    000023a1     main_pem4f.oem4f (.const:xdc_runtime_Text_charTab__A)
                  0000afd1    00000001     main_pem4f.oem4f (.const:xdc_runtime_Error_policy__C)
                  0000afd2    0000013c     main_pem4f.oem4f (.const:xdc_runtime_Text_nodeTab__A)
                  0000b10e    000000d8     main_pem4f.oem4f (.const:ti_sysbios_family_arm_m3_Hwi_priorities__A)
                  0000b1e6    00000002     main_pem4f.oem4f (.const:ti_catalog_arm_cortexm4_tiva_ce_Boot_Module__id__C)
                  0000b1e8    00000090     driverlib.lib : gpio.obj (.const:g_pui32GPIOBaseAddrs)
                  0000b278    0000006c     EK_LM4F120XL.obj (.const:UART_config)
                  0000b2e4    00000060     main_pem4f.oem4f (.const:ti_uia_runtime_LoggerStopMode_Module__FXNS__C)
                  0000b344    00000048     main_pem4f.oem4f (.const:.string)
                  0000b38c    00000040     EK_LM4F120XL.obj (.const:uartTivaHWAttrs)
                  0000b3cc    0000003c     EK_LM4F120XL.obj (.const:gpioHWAttrs)
                  0000b408    00000034     main_pem4f.oem4f (.const:xdc_runtime_Startup_sfxnTab__A)
                  0000b43c    00000030     frozen.obj (.const)
                  0000b46c    00000030     main_pem4f.oem4f (.const:ti_sysbios_family_arm_m3_Hwi_Object__PARAMS__C)
                  0000b49c    00000030     main_pem4f.oem4f (.const:ti_sysbios_knl_Task_hooks__A)
                  0000b4cc    00000030     main_pem4f.oem4f (.const:ti_uia_runtime_LoggerStopMode_Object__PARAMS__C)
                  0000b4fc    00000028     main_pem4f.oem4f (.const:ti_sysbios_heaps_HeapMem_Module__FXNS__C)
                  0000b524    00000024     uart_tivaware.aem4f : UARTTiva.oem4f (.const:UARTTiva_fxnTable)
                  0000b548    00000024     main_pem4f.oem4f (.const:ti_sysbios_gates_GateHwi_Module__FXNS__C)
                  0000b56c    00000024     main_pem4f.oem4f (.const:ti_sysbios_gates_GateMutex_Module__FXNS__C)
                  0000b590    00000024     main_pem4f.oem4f (.const:ti_sysbios_heaps_HeapMem_Object__PARAMS__C)
                  0000b5b4    00000024     main_pem4f.oem4f (.const:ti_sysbios_knl_Semaphore_Object__PARAMS__C)
                  0000b5d8    00000020     main_pem4f.oem4f (.const:ti_sysbios_family_arm_m3_Hwi_Object__DESC__C)
                  0000b5f8    00000020     main_pem4f.oem4f (.const:ti_sysbios_gates_GateHwi_Object__DESC__C)
                  0000b618    00000020     main_pem4f.oem4f (.const:ti_sysbios_gates_GateMutex_Object__DESC__C)
                  0000b638    00000020     main_pem4f.oem4f (.const:ti_sysbios_heaps_HeapMem_Object__DESC__C)
                  0000b658    00000020     main_pem4f.oem4f (.const:ti_sysbios_knl_Queue_Object__DESC__C)
                  0000b678    00000020     main_pem4f.oem4f (.const:ti_sysbios_knl_Semaphore_Object__DESC__C)
                  0000b698    00000020     main_pem4f.oem4f (.const:ti_uia_runtime_LoggerStopMode_Object__DESC__C)
                  0000b6b8    00000020     uart_tivaware.aem4f : UART.oem4f (.const)
                  0000b6d8    0000001a     main_pem4f.oem4f (.const:xdc_runtime_Startup_sfxnRts__A)
                  0000b6f2    00000002     main_pem4f.oem4f (.const:ti_sysbios_BIOS_Module__id__C)
                  0000b6f4    00000018     EK_LM4F120XL.obj (.const)
                  0000b70c    00000018     main_pem4f.oem4f (.const:ti_sysbios_gates_GateHwi_Object__PARAMS__C)
                  0000b724    00000018     main_pem4f.oem4f (.const:ti_sysbios_gates_GateMutex_Object__PARAMS__C)
                  0000b73c    00000018     main_pem4f.oem4f (.const:ti_sysbios_knl_Queue_Object__PARAMS__C)
                  0000b754    00000014     main_pem4f.oem4f (.const:xdc_runtime_Startup_firstFxns__A)
                  0000b768    00000011     ti.targets.arm.rtsarm.aem4f : System.oem4f (.const)
                  0000b779    00000001     --HOLE-- [fill = 0]
                  0000b77a    00000002     main_pem4f.oem4f (.const:ti_sysbios_family_arm_lm4_TimestampProvider_useClockTimer__C)
                  0000b77c    00000008     main_pem4f.oem4f (.const:ti_sysbios_family_arm_m3_Hwi_excHookFuncs__A)
                  0000b784    00000008     main_pem4f.oem4f (.const:ti_sysbios_knl_Idle_coreList__A)
                  0000b78c    00000008     main_pem4f.oem4f (.const:ti_sysbios_knl_Idle_coreList__C)
                  0000b794    00000008     main_pem4f.oem4f (.const:ti_sysbios_knl_Idle_funcList__A)
                  0000b79c    00000008     main_pem4f.oem4f (.const:ti_sysbios_knl_Idle_funcList__C)
                  0000b7a4    00000008     main_pem4f.oem4f (.const:ti_sysbios_knl_Task_hooks__C)
                  0000b7ac    00000008     main_pem4f.oem4f (.const:xdc_runtime_Startup_firstFxns__C)
                  0000b7b4    00000008     main_pem4f.oem4f (.const:xdc_runtime_Startup_lastFxns__A)
                  0000b7bc    00000008     main_pem4f.oem4f (.const:xdc_runtime_Startup_lastFxns__C)
                  0000b7c4    00000004     main_pem4f.oem4f (.const:ti_catalog_arm_cortexm4_tiva_ce_Boot_A_mustUseEnhancedClockMode__C)
                  0000b7c8    00000004     main_pem4f.oem4f (.const:ti_catalog_arm_cortexm4_tiva_ce_Boot_Module__diagsEnabled__C)
                  0000b7cc    00000004     main_pem4f.oem4f (.const:ti_catalog_arm_cortexm4_tiva_ce_Boot_Module__diagsIncluded__C)
                  0000b7d0    00000004     main_pem4f.oem4f (.const:ti_catalog_arm_cortexm4_tiva_ce_Boot_Module__diagsMask__C)
                  0000b7d4    00000004     main_pem4f.oem4f (.const:ti_sysbios_BIOS_Module__diagsEnabled__C)
                  0000b7d8    00000004     main_pem4f.oem4f (.const:ti_sysbios_BIOS_Module__diagsIncluded__C)
                  0000b7dc    00000004     main_pem4f.oem4f (.const:ti_sysbios_BIOS_Module__diagsMask__C)
                  0000b7e0    00000004     main_pem4f.oem4f (.const:ti_sysbios_BIOS_installedErrorHook__C)
                  0000b7e4    00000004     main_pem4f.oem4f (.const:ti_sysbios_family_arm_lm4_Timer_enableFunc__C)
                  0000b7e8    00000004     main_pem4f.oem4f (.const:ti_sysbios_family_arm_lm4_Timer_numTimerDevices__C)
                  0000b7ec    00000004     main_pem4f.oem4f (.const:ti_sysbios_family_arm_lm4_Timer_startupNeeded__C)
                  0000b7f0    00000004     main_pem4f.oem4f (.const:ti_sysbios_family_arm_m3_Hwi_E_NMI__C)
                  0000b7f4    00000004     main_pem4f.oem4f (.const:ti_sysbios_family_arm_m3_Hwi_E_alreadyDefined__C)
                  0000b7f8    00000004     main_pem4f.oem4f (.const:ti_sysbios_family_arm_m3_Hwi_E_busFault__C)
                  0000b7fc    00000004     main_pem4f.oem4f (.const:ti_sysbios_family_arm_m3_Hwi_E_debugMon__C)
                  0000b800    00000004     main_pem4f.oem4f (.const:ti_sysbios_family_arm_m3_Hwi_E_hardFault__C)
                  0000b804    00000004     main_pem4f.oem4f (.const:ti_sysbios_family_arm_m3_Hwi_E_memFault__C)
                  0000b808    00000004     main_pem4f.oem4f (.const:ti_sysbios_family_arm_m3_Hwi_E_noIsr__C)
                  0000b80c    00000004     main_pem4f.oem4f (.const:ti_sysbios_family_arm_m3_Hwi_E_reserved__C)
                  0000b810    00000004     main_pem4f.oem4f (.const:ti_sysbios_family_arm_m3_Hwi_E_svCall__C)
                  0000b814    00000004     main_pem4f.oem4f (.const:ti_sysbios_family_arm_m3_Hwi_E_usageFault__C)
                  0000b818    00000004     main_pem4f.oem4f (.const:ti_sysbios_family_arm_m3_Hwi_LD_end__C)
                  0000b81c    00000004     main_pem4f.oem4f (.const:ti_sysbios_family_arm_m3_Hwi_LM_begin__C)
                  0000b820    00000004     main_pem4f.oem4f (.const:ti_sysbios_family_arm_m3_Hwi_Module__diagsEnabled__C)
                  0000b824    00000004     main_pem4f.oem4f (.const:ti_sysbios_family_arm_m3_Hwi_Module__diagsIncluded__C)
                  0000b828    00000004     main_pem4f.oem4f (.const:ti_sysbios_family_arm_m3_Hwi_Module__diagsMask__C)
                  0000b82c    00000004     main_pem4f.oem4f (.const:ti_sysbios_family_arm_m3_Hwi_Module__loggerFxn1__C)
                  0000b830    00000004     main_pem4f.oem4f (.const:ti_sysbios_family_arm_m3_Hwi_Module__loggerFxn8__C)
                  0000b834    00000004     main_pem4f.oem4f (.const:ti_sysbios_family_arm_m3_Hwi_Module__loggerObj__C)
                  0000b838    00000004     main_pem4f.oem4f (.const:ti_sysbios_family_arm_m3_Hwi_NUM_INTERRUPTS__C)
                  0000b83c    00000004     main_pem4f.oem4f (.const:ti_sysbios_family_arm_m3_Hwi_ccr__C)
                  0000b840    00000004     main_pem4f.oem4f (.const:ti_sysbios_family_arm_m3_Hwi_dispatchTable__C)
                  0000b844    00000004     main_pem4f.oem4f (.const:ti_sysbios_family_arm_m3_Hwi_excHandlerFunc__C)
                  0000b848    00000004     main_pem4f.oem4f (.const:ti_sysbios_family_arm_m3_Hwi_excHookFuncs__C)
                  0000b84c    00000004     main_pem4f.oem4f (.const:ti_sysbios_family_arm_m3_Hwi_priGroup__C)
                  0000b850    00000004     main_pem4f.oem4f (.const:ti_sysbios_family_arm_m3_Hwi_priorities__C)
                  0000b854    00000004     main_pem4f.oem4f (.const:ti_sysbios_gates_GateMutex_A_badContext__C)
                  0000b858    00000004     main_pem4f.oem4f (.const:ti_sysbios_gates_GateMutex_Instance_State_sem__O)
                  0000b85c    00000004     main_pem4f.oem4f (.const:ti_sysbios_gates_GateMutex_Module__diagsEnabled__C)
                  0000b860    00000004     main_pem4f.oem4f (.const:ti_sysbios_gates_GateMutex_Module__diagsIncluded__C)
                  0000b864    00000004     main_pem4f.oem4f (.const:ti_sysbios_gates_GateMutex_Module__diagsMask__C)
                  0000b868    00000004     main_pem4f.oem4f (.const:ti_sysbios_hal_Hwi_E_stackOverflow__C)
                  0000b86c    00000004     main_pem4f.oem4f (.const:ti_sysbios_heaps_HeapMem_A_align__C)
                  0000b870    00000004     main_pem4f.oem4f (.const:ti_sysbios_heaps_HeapMem_A_heapSize__C)
                  0000b874    00000004     main_pem4f.oem4f (.const:ti_sysbios_heaps_HeapMem_A_invalidFree__C)
                  0000b878    00000004     main_pem4f.oem4f (.const:ti_sysbios_heaps_HeapMem_A_zeroBlock__C)
                  0000b87c    00000004     main_pem4f.oem4f (.const:ti_sysbios_heaps_HeapMem_E_memory__C)
                  0000b880    00000004     main_pem4f.oem4f (.const:ti_sysbios_heaps_HeapMem_Module__diagsEnabled__C)
                  0000b884    00000004     main_pem4f.oem4f (.const:ti_sysbios_heaps_HeapMem_Module__diagsIncluded__C)
                  0000b888    00000004     main_pem4f.oem4f (.const:ti_sysbios_heaps_HeapMem_Module__diagsMask__C)
                  0000b88c    00000004     main_pem4f.oem4f (.const:ti_sysbios_heaps_HeapMem_Module__gateObj__C)
                  0000b890    00000004     main_pem4f.oem4f (.const:ti_sysbios_heaps_HeapMem_Object__count__C)
                  0000b894    00000004     main_pem4f.oem4f (.const:ti_sysbios_heaps_HeapMem_reqAlign__C)
                  0000b898    00000004     main_pem4f.oem4f (.const:ti_sysbios_io_DEV_Object__count__C)
                  0000b89c    00000004     main_pem4f.oem4f (.const:ti_sysbios_io_DEV_tableSize__C)
                  0000b8a0    00000004     main_pem4f.oem4f (.const:ti_sysbios_knl_Clock_LM_begin__C)
                  0000b8a4    00000004     main_pem4f.oem4f (.const:ti_sysbios_knl_Clock_LM_tick__C)
                  0000b8a8    00000004     main_pem4f.oem4f (.const:ti_sysbios_knl_Clock_LW_delayed__C)
                  0000b8ac    00000004     main_pem4f.oem4f (.const:ti_sysbios_knl_Clock_Module_State_clockQ__O)
                  0000b8b0    00000004     main_pem4f.oem4f (.const:ti_sysbios_knl_Clock_Module__diagsEnabled__C)
                  0000b8b4    00000004     main_pem4f.oem4f (.const:ti_sysbios_knl_Clock_Module__diagsIncluded__C)
                  0000b8b8    00000004     main_pem4f.oem4f (.const:ti_sysbios_knl_Clock_Module__diagsMask__C)
                  0000b8bc    00000004     main_pem4f.oem4f (.const:ti_sysbios_knl_Clock_Module__loggerFxn1__C)
                  0000b8c0    00000004     main_pem4f.oem4f (.const:ti_sysbios_knl_Clock_Module__loggerFxn2__C)
                  0000b8c4    00000004     main_pem4f.oem4f (.const:ti_sysbios_knl_Clock_Module__loggerObj__C)
                  0000b8c8    00000004     main_pem4f.oem4f (.const:ti_sysbios_knl_Semaphore_A_badContext__C)
                  0000b8cc    00000004     main_pem4f.oem4f (.const:ti_sysbios_knl_Semaphore_A_noEvents__C)
                  0000b8d0    00000004     main_pem4f.oem4f (.const:ti_sysbios_knl_Semaphore_A_overflow__C)
                  0000b8d4    00000004     main_pem4f.oem4f (.const:ti_sysbios_knl_Semaphore_A_pendTaskDisabled__C)
                  0000b8d8    00000004     main_pem4f.oem4f (.const:ti_sysbios_knl_Semaphore_Instance_State_pendQ__O)
                  0000b8dc    00000004     main_pem4f.oem4f (.const:ti_sysbios_knl_Semaphore_LM_pend__C)
                  0000b8e0    00000004     main_pem4f.oem4f (.const:ti_sysbios_knl_Semaphore_LM_post__C)
                  0000b8e4    00000004     main_pem4f.oem4f (.const:ti_sysbios_knl_Semaphore_Module__diagsEnabled__C)
                  0000b8e8    00000004     main_pem4f.oem4f (.const:ti_sysbios_knl_Semaphore_Module__diagsIncluded__C)
                  0000b8ec    00000004     main_pem4f.oem4f (.const:ti_sysbios_knl_Semaphore_Module__diagsMask__C)
                  0000b8f0    00000004     main_pem4f.oem4f (.const:ti_sysbios_knl_Semaphore_Module__loggerFxn2__C)
                  0000b8f4    00000004     main_pem4f.oem4f (.const:ti_sysbios_knl_Semaphore_Module__loggerFxn4__C)
                  0000b8f8    00000004     main_pem4f.oem4f (.const:ti_sysbios_knl_Semaphore_Module__loggerObj__C)
                  0000b8fc    00000004     main_pem4f.oem4f (.const:ti_sysbios_knl_Swi_LD_end__C)
                  0000b900    00000004     main_pem4f.oem4f (.const:ti_sysbios_knl_Swi_LM_begin__C)
                  0000b904    00000004     main_pem4f.oem4f (.const:ti_sysbios_knl_Swi_LM_post__C)
                  0000b908    00000004     main_pem4f.oem4f (.const:ti_sysbios_knl_Swi_Module__diagsEnabled__C)
                  0000b90c    00000004     main_pem4f.oem4f (.const:ti_sysbios_knl_Swi_Module__diagsIncluded__C)
                  0000b910    00000004     main_pem4f.oem4f (.const:ti_sysbios_knl_Swi_Module__diagsMask__C)
                  0000b914    00000004     main_pem4f.oem4f (.const:ti_sysbios_knl_Swi_Module__loggerFxn1__C)
                  0000b918    00000004     main_pem4f.oem4f (.const:ti_sysbios_knl_Swi_Module__loggerFxn4__C)
                  0000b91c    00000004     main_pem4f.oem4f (.const:ti_sysbios_knl_Swi_Module__loggerObj__C)
                  0000b920    00000004     main_pem4f.oem4f (.const:ti_sysbios_knl_Swi_Object__count__C)
                  0000b924    00000004     main_pem4f.oem4f (.const:ti_sysbios_knl_Task_E_spOutOfBounds__C)
                  0000b928    00000004     main_pem4f.oem4f (.const:ti_sysbios_knl_Task_E_stackOverflow__C)
                  0000b92c    00000004     main_pem4f.oem4f (.const:ti_sysbios_knl_Task_LD_block__C)
                  0000b930    00000004     main_pem4f.oem4f (.const:ti_sysbios_knl_Task_LD_exit__C)
                  0000b934    00000004     main_pem4f.oem4f (.const:ti_sysbios_knl_Task_LD_ready__C)
                  0000b938    00000004     main_pem4f.oem4f (.const:ti_sysbios_knl_Task_LM_switch__C)
                  0000b93c    00000004     main_pem4f.oem4f (.const:ti_sysbios_knl_Task_Module_State_inactiveQ__O)
                  0000b940    00000004     main_pem4f.oem4f (.const:ti_sysbios_knl_Task_Module__diagsEnabled__C)
                  0000b944    00000004     main_pem4f.oem4f (.const:ti_sysbios_knl_Task_Module__diagsIncluded__C)
                  0000b948    00000004     main_pem4f.oem4f (.const:ti_sysbios_knl_Task_Module__diagsMask__C)
                  0000b94c    00000004     main_pem4f.oem4f (.const:ti_sysbios_knl_Task_Module__loggerFxn2__C)
                  0000b950    00000004     main_pem4f.oem4f (.const:ti_sysbios_knl_Task_Module__loggerFxn4__C)
                  0000b954    00000004     main_pem4f.oem4f (.const:ti_sysbios_knl_Task_Module__loggerObj__C)
                  0000b958    00000004     main_pem4f.oem4f (.const:ti_sysbios_knl_Task_Object__count__C)
                  0000b95c    00000004     main_pem4f.oem4f (.const:ti_sysbios_knl_Task_Object__heap__C)
                  0000b960    00000004     main_pem4f.oem4f (.const:ti_sysbios_knl_Task_allBlockedFunc__C)
                  0000b964    00000004     main_pem4f.oem4f (.const:ti_sysbios_knl_Task_numConstructedTasks__C)
                  0000b968    00000004     main_pem4f.oem4f (.const:ti_sysbios_utils_Load_LS_cpuLoad__C)
                  0000b96c    00000004     main_pem4f.oem4f (.const:ti_sysbios_utils_Load_LS_hwiLoad__C)
                  0000b970    00000004     main_pem4f.oem4f (.const:ti_sysbios_utils_Load_LS_taskLoad__C)
                  0000b974    00000004     main_pem4f.oem4f (.const:ti_sysbios_utils_Load_Module_State_taskList__O)
                  0000b978    00000004     main_pem4f.oem4f (.const:ti_sysbios_utils_Load_Module__diagsEnabled__C)
                  0000b97c    00000004     main_pem4f.oem4f (.const:ti_sysbios_utils_Load_Module__diagsIncluded__C)
                  0000b980    00000004     main_pem4f.oem4f (.const:ti_sysbios_utils_Load_Module__diagsMask__C)
                  0000b984    00000004     main_pem4f.oem4f (.const:ti_sysbios_utils_Load_Module__loggerFxn1__C)
                  0000b988    00000004     main_pem4f.oem4f (.const:ti_sysbios_utils_Load_Module__loggerFxn2__C)
                  0000b98c    00000004     main_pem4f.oem4f (.const:ti_sysbios_utils_Load_Module__loggerFxn4__C)
                  0000b990    00000004     main_pem4f.oem4f (.const:ti_sysbios_utils_Load_Module__loggerObj__C)
                  0000b994    00000004     main_pem4f.oem4f (.const:ti_sysbios_utils_Load_postUpdate__C)
                  0000b998    00000004     main_pem4f.oem4f (.const:ti_sysbios_utils_Load_windowInMs__C)
                  0000b99c    00000004     main_pem4f.oem4f (.const:ti_uia_runtime_ILoggerSnapshot_Interface__BASE__C)
                  0000b9a0    00000004     main_pem4f.oem4f (.const:ti_uia_runtime_IUIATransfer_Interface__BASE__C)
                  0000b9a4    00000004     main_pem4f.oem4f (.const:ti_uia_runtime_LoggerStopMode_E_badLevel__C)
                  0000b9a8    00000004     main_pem4f.oem4f (.const:ti_uia_runtime_LoggerStopMode_Object__count__C)
                  0000b9ac    00000004     main_pem4f.oem4f (.const:ti_uia_runtime_LoggerStopMode_overflowLogger__C)
                  0000b9b0    00000004     main_pem4f.oem4f (.const:ti_uia_runtime_LoggerStopMode_statusLogger__C)
                  0000b9b4    00000004     main_pem4f.oem4f (.const:xdc_runtime_Assert_E_assertFailed__C)
                  0000b9b8    00000004     main_pem4f.oem4f (.const:xdc_runtime_Core_A_initializedParams__C)
                  0000b9bc    00000004     main_pem4f.oem4f (.const:xdc_runtime_Core_Module__diagsEnabled__C)
                  0000b9c0    00000004     main_pem4f.oem4f (.const:xdc_runtime_Core_Module__diagsIncluded__C)
                  0000b9c4    00000004     main_pem4f.oem4f (.const:xdc_runtime_Core_Module__diagsMask__C)
                  0000b9c8    00000004     main_pem4f.oem4f (.const:xdc_runtime_Error_E_generic__C)
                  0000b9cc    00000004     main_pem4f.oem4f (.const:xdc_runtime_Error_E_memory__C)
                  0000b9d0    00000004     main_pem4f.oem4f (.const:xdc_runtime_Error_Module__diagsEnabled__C)
                  0000b9d4    00000004     main_pem4f.oem4f (.const:xdc_runtime_Error_Module__diagsIncluded__C)
                  0000b9d8    00000004     main_pem4f.oem4f (.const:xdc_runtime_Error_Module__diagsMask__C)
                  0000b9dc    00000004     main_pem4f.oem4f (.const:xdc_runtime_Error_Module__loggerFxn8__C)
                  0000b9e0    00000004     main_pem4f.oem4f (.const:xdc_runtime_Error_Module__loggerObj__C)
                  0000b9e4    00000004     main_pem4f.oem4f (.const:xdc_runtime_Error_raiseHook__C)
                  0000b9e8    00000004     main_pem4f.oem4f (.const:xdc_runtime_IFilterLogger_Interface__BASE__C)
                  0000b9ec    00000004     main_pem4f.oem4f (.const:xdc_runtime_IGateProvider_Interface__BASE__C)
                  0000b9f0    00000004     main_pem4f.oem4f (.const:xdc_runtime_IHeap_Interface__BASE__C)
                  0000b9f4    00000004     main_pem4f.oem4f (.const:xdc_runtime_ILogger_Interface__BASE__C)
                  0000b9f8    00000004     main_pem4f.oem4f (.const:xdc_runtime_IModule_Interface__BASE__C)
                  0000b9fc    00000004     main_pem4f.oem4f (.const:xdc_runtime_Log_L_error__C)
                  0000ba00    00000004     main_pem4f.oem4f (.const:xdc_runtime_Log_L_warning__C)
                  0000ba04    00000004     main_pem4f.oem4f (.const:xdc_runtime_Main_Module__diagsEnabled__C)
                  0000ba08    00000004     main_pem4f.oem4f (.const:xdc_runtime_Main_Module__diagsIncluded__C)
                  0000ba0c    00000004     main_pem4f.oem4f (.const:xdc_runtime_Main_Module__diagsMask__C)
                  0000ba10    00000004     main_pem4f.oem4f (.const:xdc_runtime_Main_Module__loggerFxn2__C)
                  0000ba14    00000004     main_pem4f.oem4f (.const:xdc_runtime_Main_Module__loggerFxn4__C)
                  0000ba18    00000004     main_pem4f.oem4f (.const:xdc_runtime_Main_Module__loggerObj__C)
                  0000ba1c    00000004     main_pem4f.oem4f (.const:xdc_runtime_Memory_defaultHeapInstance__C)
                  0000ba20    00000004     main_pem4f.oem4f (.const:xdc_runtime_Startup_execImpl__C)
                  0000ba24    00000004     main_pem4f.oem4f (.const:xdc_runtime_Startup_maxPasses__C)
                  0000ba28    00000004     main_pem4f.oem4f (.const:xdc_runtime_Startup_sfxnRts__C)
                  0000ba2c    00000004     main_pem4f.oem4f (.const:xdc_runtime_Startup_sfxnTab__C)
                  0000ba30    00000004     main_pem4f.oem4f (.const:xdc_runtime_SysMin_bufSize__C)
                  0000ba34    00000004     main_pem4f.oem4f (.const:xdc_runtime_SysMin_outputFunc__C)
                  0000ba38    00000004     main_pem4f.oem4f (.const:xdc_runtime_System_Module__gateObj__C)
                  0000ba3c    00000004     main_pem4f.oem4f (.const:xdc_runtime_System_extendFxn__C)
                  0000ba40    00000004     main_pem4f.oem4f (.const:xdc_runtime_System_maxAtexitHandlers__C)
                  0000ba44    00000004     main_pem4f.oem4f (.const:xdc_runtime_Text_charTab__C)
                  0000ba48    00000004     main_pem4f.oem4f (.const:xdc_runtime_Text_nameEmpty__C)
                  0000ba4c    00000004     main_pem4f.oem4f (.const:xdc_runtime_Text_nameStatic__C)
                  0000ba50    00000004     main_pem4f.oem4f (.const:xdc_runtime_Text_nameUnknown__C)
                  0000ba54    00000004     main_pem4f.oem4f (.const:xdc_runtime_Text_nodeTab__C)
                  0000ba58    00000004     main_pem4f.oem4f (.const:xdc_runtime_Text_visitRopeFxn__C)
                  0000ba5c    00000002     main_pem4f.oem4f (.const:ti_sysbios_family_arm_m3_Hwi_Module__id__C)
                  0000ba5e    00000002     main_pem4f.oem4f (.const:ti_sysbios_family_arm_m3_Hwi_Module__loggerDefined__C)
                  0000ba60    00000002     main_pem4f.oem4f (.const:ti_sysbios_gates_GateMutex_Module__id__C)
                  0000ba62    00000002     main_pem4f.oem4f (.const:ti_sysbios_hal_Hwi_Module__id__C)
                  0000ba64    00000002     main_pem4f.oem4f (.const:ti_sysbios_heaps_HeapMem_Module__id__C)
                  0000ba66    00000002     main_pem4f.oem4f (.const:ti_sysbios_io_DEV_Module__id__C)
                  0000ba68    00000002     main_pem4f.oem4f (.const:ti_sysbios_knl_Clock_Module__id__C)
                  0000ba6a    00000002     main_pem4f.oem4f (.const:ti_sysbios_knl_Clock_Module__loggerDefined__C)
                  0000ba6c    00000002     main_pem4f.oem4f (.const:ti_sysbios_knl_Semaphore_Module__id__C)
                  0000ba6e    00000002     main_pem4f.oem4f (.const:ti_sysbios_knl_Semaphore_Module__loggerDefined__C)
                  0000ba70    00000002     main_pem4f.oem4f (.const:ti_sysbios_knl_Swi_Module__id__C)
                  0000ba72    00000002     main_pem4f.oem4f (.const:ti_sysbios_knl_Swi_Module__loggerDefined__C)
                  0000ba74    00000002     main_pem4f.oem4f (.const:ti_sysbios_knl_Task_Module__id__C)
                  0000ba76    00000002     main_pem4f.oem4f (.const:ti_sysbios_knl_Task_Module__loggerDefined__C)
                  0000ba78    00000002     main_pem4f.oem4f (.const:ti_sysbios_knl_Task_initStackFlag__C)
                  0000ba7a    00000002     main_pem4f.oem4f (.const:ti_sysbios_utils_Load_Module__id__C)
                  0000ba7c    00000002     main_pem4f.oem4f (.const:ti_sysbios_utils_Load_Module__loggerDefined__C)
                  0000ba7e    00000002     main_pem4f.oem4f (.const:ti_sysbios_utils_Load_autoAddTasks__C)
                  0000ba80    00000002     main_pem4f.oem4f (.const:ti_sysbios_utils_Load_hwiEnabled__C)
                  0000ba82    00000002     main_pem4f.oem4f (.const:ti_sysbios_utils_Load_updateInIdle__C)
                  0000ba84    00000002     main_pem4f.oem4f (.const:ti_uia_runtime_LoggerStopMode_Module__id__C)
                  0000ba86    00000002     main_pem4f.oem4f (.const:ti_uia_runtime_LoggerStopMode_filterByLevel__C)
                  0000ba88    00000002     main_pem4f.oem4f (.const:ti_uia_runtime_LoggerStopMode_isTimestampEnabled__C)
                  0000ba8a    00000002     main_pem4f.oem4f (.const:xdc_runtime_Core_Module__id__C)
                  0000ba8c    00000002     main_pem4f.oem4f (.const:xdc_runtime_Error_Module__loggerDefined__C)
                  0000ba8e    00000002     main_pem4f.oem4f (.const:xdc_runtime_Error_maxDepth__C)
                  0000ba90    00000002     main_pem4f.oem4f (.const:xdc_runtime_Main_Module__id__C)
                  0000ba92    00000002     main_pem4f.oem4f (.const:xdc_runtime_Main_Module__loggerDefined__C)
                  0000ba94    00000002     main_pem4f.oem4f (.const:xdc_runtime_Memory_Module__id__C)
                  0000ba96    00000002     main_pem4f.oem4f (.const:xdc_runtime_SysMin_flushAtExit__C)
                  0000ba98    00000002     main_pem4f.oem4f (.const:xdc_runtime_Text_charCnt__C)
                  0000ba9a    00000002     main_pem4f.oem4f (.const:xdc_runtime_Text_isLoaded__C)
                  0000ba9c    00000002     main_pem4f.oem4f (.const:xdc_runtime_Text_registryModsLastId__C)
                  0000ba9e    00000002     main_pem4f.oem4f (.const:xdc_runtime_Text_unnamedModsLastId__C)

.cinit     0    0000baa0    000005a0     
                  0000baa0    00000567     (.cinit..data.load) [load image, compression = rle]
                  0000c007    00000001     --HOLE-- [fill = 0]
                  0000c008    0000000c     (__TI_handler_table)
                  0000c014    00000004     --HOLE-- [fill = 0]
                  0000c018    00000008     (.cinit..bss.load) [load image, compression = zero_init]
                  0000c020    00000008     (.cinit..vecs.load) [load image, compression = zero_init]
                  0000c028    00000018     (__TI_cinit_table)

.vecs      0    20000000    00000360     UNINITIALIZED
                  20000000    00000360     main_pem4f.oem4f (.vecs)

.bss       0    20000360    000034f8     UNINITIALIZED
                  20000360    00001000     main_pem4f.oem4f (.bss:taskStackSection)
                  20001360    00001000     main_pem4f.oem4f (.bss:ti_sysbios_heaps_HeapMem_Instance_State_0_buf__A)
                  20002360    00000480     main_pem4f.oem4f (.bss:ti_uia_runtime_LoggerStopMode_Instance_State_1_bufferArray__A)
                  200027e0    00000480     main_pem4f.oem4f (.bss:ti_uia_runtime_LoggerStopMode_Instance_State_2_bufferArray__A)
                  20002c60    00000440     EK_LM4F120XL.obj (.bss:uartTivaObjects)
                  200030a0    00000400     main_pem4f.oem4f (.bss:xdc_runtime_SysMin_Module_State_0_outbuf__A)
                  200034a0    00000280     main_pem4f.oem4f (.bss:ti_uia_runtime_LoggerStopMode_Instance_State_0_bufferArray__A)
                  20003720    00000120     rtsv7M4_T_le_v4SPD16_eabi.lib : trgmsg.obj (.bss:__CIOBUF_)
                  20003840    00000008     (.common:parmbuf)
                  20003848    00000008     (.common:ti_sysbios_knl_Task_Instance_State_0_hookEnv__A)
                  20003850    00000008     (.common:ti_sysbios_knl_Task_Instance_State_1_hookEnv__A)

.stack     0    20003858    00001000     UNINITIALIZED
                  20003858    00001000     --HOLE--

.data      0    20004858    00000b00     UNINITIALIZED
                  20004858    00000360     main_pem4f.oem4f (.data:ti_sysbios_family_arm_m3_Hwi_Module_State_0_dispatchTable__A)
                  20004bb8    000001fc     main_pem4f.oem4f (.data)
                  20004db4    00000108     main_pem4f.oem4f (.data:ti_uia_runtime_LoggerStopMode_Object__table__V)
                  20004ebc    000000a0     main_pem4f.oem4f (.data:ti_sysbios_knl_Task_Object__table__V)
                  20004f5c    00000098     main_pem4f.oem4f (.data:ti_sysbios_utils_Load_Module__state__V)
                  20004ff4    00000080     main_pem4f.oem4f (.data:ti_sysbios_knl_Swi_Module_State_0_readyQ__A)
                  20005074    00000080     main_pem4f.oem4f (.data:ti_sysbios_knl_Task_Module_State_0_readyQ__A)
                  200050f4    00000070     main_pem4f.oem4f (.data:ti_sysbios_family_arm_lm4_Timer_Object__table__V)
                  20005164    0000005c     main_pem4f.oem4f (.data:ti_sysbios_family_arm_m3_Hwi_Module__state__V)
                  200051c0    00000044     main_pem4f.oem4f (.data:ti_sysbios_knl_Task_Module__state__V)
                  20005204    00000038     main_pem4f.oem4f (.data:ti_sysbios_gates_GateMutex_Object__table__V)
                  2000523c    00000038     main_pem4f.oem4f (.data:ti_sysbios_utils_Load_Module_State_0_taskEnv__A)
                  20005274    00000030     main_pem4f.oem4f (.data:ti_sysbios_family_arm_lm4_Timer_Module_State_0_device__A)
                  200052a4    00000030     main_pem4f.oem4f (.data:ti_sysbios_family_arm_m3_Hwi_Object__table__V)
                  200052d4    00000030     main_pem4f.oem4f (.data:ti_sysbios_knl_Swi_Object__table__V)
                  20005304    00000028     main_pem4f.oem4f (.data:ti_sysbios_knl_Clock_Module__state__V)
                  2000532c    00000008     gpio_tivaware.aem4f : GPIO.oem4f (.data)
                  20005334    00000008     rtsv7M4_T_le_v4SPD16_eabi.lib : _lock.obj (.data)
                  2000533c    00000008                                   : exit.obj (.data)
                  20005344    00000008     ti.uia.runtime.aem4f : QueueDescriptor.oem4f (.data)
                  2000534c    00000004     rtsv7M4_T_le_v4SPD16_eabi.lib : dtor_list.obj (.data)
                  20005350    00000004                                   : stkdepth_vars.obj (.data)
                  20005354    00000004     uart_tivaware.aem4f : UART.oem4f (.data)


LINKER GENERATED COPY TABLES

__TI_cinit_table @ 0000c028 records: 3, size/record: 8, table size: 24
	.data: load addr=0000baa0, load size=00000567 bytes, run addr=20004858, run size=00000b00 bytes, compression=rle
	.bss: load addr=0000c018, load size=00000008 bytes, run addr=20000360, run size=000034f8 bytes, compression=zero_init
	.vecs: load addr=0000c020, load size=00000008 bytes, run addr=20000000, run size=00000360 bytes, compression=zero_init


LINKER GENERATED HANDLER TABLE

__TI_handler_table @ 0000c008 records: 3, size/record: 4, table size: 12
	index: 0, handler: __TI_zero_init
	index: 1, handler: __TI_decompress_rle24
	index: 2, handler: __TI_decompress_none


GLOBAL SYMBOLS: SORTED ALPHABETICALLY BY Name 

address    name
--------   ----
0000742d   C$$EXIT
00006bc7   C$$IO$$
000060d9   EK_LM4F120XL_initGPIO
000076d1   EK_LM4F120XL_initGeneral
00004015   EK_LM4F120XL_initUART
00008029   GPIODirModeSet
00003a31   GPIOPadConfigSet
00007165   GPIOPinConfigure
00008811   GPIOPinTypeGPIOInput
00008659   GPIOPinTypeGPIOOutput
00008823   GPIOPinTypeUART
00008b69   GPIOPinWrite
0000b6f4   GPIO_config
000081bd   GPIO_init
00004a41   GPIO_write
00001035   HOSTclock
00000ffd   HOSTclose
00000fbf   HOSTgetenv
00000f63   HOSTlseek
00000f11   HOSTopen
00000ec5   HOSTread
00000e67   HOSTrename
00000e2d   HOSTtime
00000df5   HOSTunlink
00000da9   HOSTwrite
UNDEFED    SHT$$INIT_ARRAY$$Base
UNDEFED    SHT$$INIT_ARRAY$$Limit
00007be5   SysCtlPeripheralEnable
20004f0c   TSK_idle
00008af5   UARTCharGet
000089e1   UARTCharGetNonBlocking
00008aff   UARTCharPut
000089ef   UARTCharPutNonBlocking
0000764d   UARTConfigSetExpClk
00008491   UARTDisable
0000875d   UARTEnable
00008b6f   UARTFIFOLevelSet
00008bb7   UARTIntClear
00008b09   UARTIntDisable
00008b31   UARTIntEnable
00008b13   UARTIntStatus
00005a71   UARTTiva_close
0000b524   UARTTiva_fxnTable
00008b39   UARTTiva_init
0000107d   UARTTiva_open
00001e05   UARTTiva_read
00004f81   UARTTiva_readCancel
00002815   UARTTiva_readPolling
00001c01   UARTTiva_write
00004ec1   UARTTiva_writeCancel
00002c45   UARTTiva_writePolling
00007c19   UART_Params_init
0000b278   UART_config
0000b6b8   UART_defaultParams
00007981   UART_init
000071ad   UART_open
00007c4d   UART_read
00007c81   UART_write
00000000   __ASM__
20003720   __CIOBUF_
00000073   __ISA__
00000086   __PLAT__
20004858   __STACK_END
00001000   __STACK_SIZE
20003958   __STACK_TOP
000000a7   __TARG__
0000c028   __TI_CINIT_Base
0000c040   __TI_CINIT_Limit
0000c008   __TI_Handler_Table_Base
0000c014   __TI_Handler_Table_Limit
00000001   __TI_args_main
00005b11   __TI_auto_init
2000533c   __TI_cleanup_ptr
000089fd   __TI_decompress_none
00008b7b   __TI_decompress_rle24
20005340   __TI_dtors_ptr
00006bcb   __TI_readmsg
00000000   __TI_static_base__
00006b9d   __TI_writemsg
00008835   __TI_zero_init
000000cd   __TRDR__
000048b1   __aeabi_atexit
000063e7   __aeabi_memclr
000063e7   __aeabi_memclr4
000063e7   __aeabi_memclr8
00005bb1   __aeabi_memcpy
00005bb1   __aeabi_memcpy4
00005bb1   __aeabi_memcpy8
000063e9   __aeabi_memset
000063e9   __aeabi_memset4
000063e9   __aeabi_memset8
ffffffff   __binit__
ffffffff   __c_args__
0000489f   __cxa_atexit
00004859   __cxa_finalize
00004899   __cxa_ia64_exit
20003858   __stack
00008b75   __xdc__init
20004db0   __xdc__init__addr
00008689   _args_main
00006dd1   _c_int00
20005334   _lock
00008793   _nop
0000878b   _register_lock
00008785   _register_unlock
20005338   _unlock
00007431   abort
000048a3   atexit
ffffffff   binit
000073e9   copy_in
00007439   exit
00008671   free
0000b3cc   gpioHWAttrs
00007cb5   init_mux_pins
00006f85   init_uart
00008205   main
20005350   main_func_sp
00007e41   malloc
00005bb1   memcpy
000063ef   memset
000073a5   parse_json2
00007851   realloc
000088a1   strcpy
00008799   strlen
00004de1   tcp_connection
0000b7c4   ti_catalog_arm_cortexm4_tiva_ce_Boot_A_mustUseEnhancedClockMode__C
0000b7c8   ti_catalog_arm_cortexm4_tiva_ce_Boot_Module__diagsEnabled__C
0000b7cc   ti_catalog_arm_cortexm4_tiva_ce_Boot_Module__diagsIncluded__C
0000b7d0   ti_catalog_arm_cortexm4_tiva_ce_Boot_Module__diagsMask__C
0000b1e6   ti_catalog_arm_cortexm4_tiva_ce_Boot_Module__id__C
00008a29   ti_catalog_arm_cortexm4_tiva_ce_Boot_init__I
00004259   ti_catalog_arm_cortexm4_tiva_ce_Boot_sysCtlClockSetI__I
00005ce9   ti_catalog_arm_cortexm4_tiva_ce_Boot_sysCtlClockSet__E
00008b81   ti_catalog_arm_cortexm4_tiva_ce_Boot_sysCtlDelayI__I
0000b7d4   ti_sysbios_BIOS_Module__diagsEnabled__C
0000b7d8   ti_sysbios_BIOS_Module__diagsIncluded__C
0000b7dc   ti_sysbios_BIOS_Module__diagsMask__C
0000b6f2   ti_sysbios_BIOS_Module__id__C
20004bb8   ti_sysbios_BIOS_Module__state__V
00008bbb   ti_sysbios_BIOS_RtsGateProxy_enter__E
00008bbf   ti_sysbios_BIOS_RtsGateProxy_leave__E
00008bd3   ti_sysbios_BIOS_RtsGateProxy_query__E
000071f5   ti_sysbios_BIOS_errorRaiseHook__I
00007d51   ti_sysbios_BIOS_exitFunc__I
000088b1   ti_sysbios_BIOS_getCpuFreq__E
0000b7e0   ti_sysbios_BIOS_installedErrorHook__C
0000237b   ti_sysbios_BIOS_nullFunc__I
00008229   ti_sysbios_BIOS_registerRTSLock__I
[...]
00008b81   ti_catalog_arm_cortexm4_tiva_ce_Boot_sysCtlDelayI__I
00008b87   ti_sysbios_family_arm_lm4_TimestampProvider_Module_startup__E
00008b87   ti_sysbios_family_arm_lm4_TimestampProvider_Module_startup__F
00008b8d   ti_sysbios_family_arm_m3_Hwi_restoreFxn__E
00008b8d   ti_sysbios_hal_Hwi_HwiProxy_restore__E
00008b8d   ti_sysbios_hal_Hwi_restore__E
00008b93   ti_sysbios_gates_GateHwi_leave__E
00008b99   ti_sysbios_heaps_HeapMem_isBlocking__E
00008b9f   ti_sysbios_knl_Queue_Instance_init__F
00008ba5   ti_uia_runtime_LoggerStopMode_getPriority__E
00008bab   ti_uia_runtime_LoggerStopMode_getTransferType__E
00008bab   ti_uia_runtime_LoggerStopMode_getTransferType__F
00008bb1   xdc_runtime_System_Module_startup__E
00008bb1   xdc_runtime_System_Module_startup__F
00008bb7   UARTIntClear
00008bbb   ti_sysbios_BIOS_RtsGateProxy_enter__E
00008bbf   ti_sysbios_BIOS_RtsGateProxy_leave__E
00008bc3   ti_sysbios_family_arm_lm4_Timer_getPeriod__E
00008bc7   ti_sysbios_family_arm_lm4_Timer_masterEnable__I
00008bcb   ti_sysbios_family_arm_m3_TaskSupport_Module__startupDone__S
00008bcf   ti_sysbios_gates_GateHwi_query__E
00008bcf   ti_sysbios_gates_GateHwi_query__F
00008bcf   xdc_runtime_Main_Module_GateProxy_query__E
00008bcf   xdc_runtime_System_Module_GateProxy_query__E
00008bd3   ti_sysbios_BIOS_RtsGateProxy_query__E
00008bd3   ti_sysbios_gates_GateMutex_query__E
00008bd3   ti_sysbios_gates_GateMutex_query__F
00008bd3   ti_sysbios_heaps_HeapMem_Module_GateProxy_query__E
00008bd7   ti_sysbios_hal_Hwi_HwiProxy_Module__startupDone__S
00008bdb   ti_sysbios_hal_Timer_TimerProxy_Module__startupDone__S
00008bdf   ti_sysbios_hal_Timer_TimerProxy_getPeriod__E
00008be3   ti_sysbios_heaps_HeapMem_Module_GateProxy_enter__E
00008be7   ti_sysbios_heaps_HeapMem_Module_GateProxy_leave__E
00008beb   ti_sysbios_knl_Task_SupportProxy_Module__startupDone__S
00008bef   ti_sysbios_knl_Task_startup__E
00008bf3   ti_uia_runtime_LogSync_CpuTimestampProxy_Module__startupDone__S
00008bf7   ti_uia_runtime_LogSync_GlobalTimestampProxy_Module__startupDone__S
00008bfb   ti_uia_runtime_LoggerStopMode_getInstanceId__E
00008bff   ti_uia_runtime_LoggerStopMode_getMaxLength__E
00008c03   ti_uia_runtime_LoggerStopMode_setPriority__E
00008c07   xdc_runtime_Error_getSite__E
00008c07   xdc_runtime_Error_getSite__F
00008c0b   xdc_runtime_Memory_HeapProxy_alloc__E
00008c0f   xdc_runtime_Memory_HeapProxy_free__E
00008c13   xdc_runtime_System_Module_GateProxy_enter__E
00008c17   xdc_runtime_System_Module_GateProxy_leave__E
00008c1b   xdc_runtime_System_aprintf_va__F
00008c1f   xdc_runtime_System_printf_va__F
00008c23   xdc_runtime_System_vsnprintf__E
00008c27   xdc_runtime_TimestampNull_Module__startupDone__S
00008c2b   xdc_runtime_Timestamp_Module__startupDone__S
00008c30   xdc_runtime_Text_charTab__A
0000afd1   xdc_runtime_Error_policy__C
0000afd2   xdc_runtime_Text_nodeTab__A
0000b10e   ti_sysbios_family_arm_m3_Hwi_priorities__A
0000b1e6   ti_catalog_arm_cortexm4_tiva_ce_Boot_Module__id__C
0000b278   UART_config
0000b2e4   ti_uia_runtime_LoggerStopMode_Module__FXNS__C
0000b38c   uartTivaHWAttrs
0000b3cc   gpioHWAttrs
0000b408   xdc_runtime_Startup_sfxnTab__A
0000b46c   ti_sysbios_family_arm_m3_Hwi_Object__PARAMS__C
0000b49c   ti_sysbios_knl_Task_hooks__A
0000b4cc   ti_uia_runtime_LoggerStopMode_Object__PARAMS__C
0000b4fc   ti_sysbios_heaps_HeapMem_Module__FXNS__C
0000b524   UARTTiva_fxnTable
0000b548   ti_sysbios_gates_GateHwi_Module__FXNS__C
0000b56c   ti_sysbios_gates_GateMutex_Module__FXNS__C
0000b590   ti_sysbios_heaps_HeapMem_Object__PARAMS__C
0000b5b4   ti_sysbios_knl_Semaphore_Object__PARAMS__C
0000b5d8   ti_sysbios_family_arm_m3_Hwi_Object__DESC__C
0000b5f8   ti_sysbios_gates_GateHwi_Object__DESC__C
0000b618   ti_sysbios_gates_GateMutex_Object__DESC__C
0000b638   ti_sysbios_heaps_HeapMem_Object__DESC__C
0000b658   ti_sysbios_knl_Queue_Object__DESC__C
0000b678   ti_sysbios_knl_Semaphore_Object__DESC__C
0000b698   ti_uia_runtime_LoggerStopMode_Object__DESC__C
0000b6b8   UART_defaultParams
0000b6d8   xdc_runtime_Startup_sfxnRts__A
0000b6f2   ti_sysbios_BIOS_Module__id__C
0000b6f4   GPIO_config
0000b70c   ti_sysbios_gates_GateHwi_Object__PARAMS__C
0000b724   ti_sysbios_gates_GateMutex_Object__PARAMS__C
0000b73c   ti_sysbios_knl_Queue_Object__PARAMS__C
0000b754   xdc_runtime_Startup_firstFxns__A
0000b77a   ti_sysbios_family_arm_lm4_TimestampProvider_useClockTimer__C
0000b77c   ti_sysbios_family_arm_m3_Hwi_excHookFuncs__A
0000b784   ti_sysbios_knl_Idle_coreList__A
0000b78c   ti_sysbios_knl_Idle_coreList__C
0000b794   ti_sysbios_knl_Idle_funcList__A
0000b79c   ti_sysbios_knl_Idle_funcList__C
0000b7a4   ti_sysbios_knl_Task_hooks__C
0000b7ac   xdc_runtime_Startup_firstFxns__C
0000b7b4   xdc_runtime_Startup_lastFxns__A
0000b7bc   xdc_runtime_Startup_lastFxns__C
0000b7c4   ti_catalog_arm_cortexm4_tiva_ce_Boot_A_mustUseEnhancedClockMode__C
0000b7c8   ti_catalog_arm_cortexm4_tiva_ce_Boot_Module__diagsEnabled__C
0000b7cc   ti_catalog_arm_cortexm4_tiva_ce_Boot_Module__diagsIncluded__C
0000b7d0   ti_catalog_arm_cortexm4_tiva_ce_Boot_Module__diagsMask__C
0000b7d4   ti_sysbios_BIOS_Module__diagsEnabled__C
0000b7d8   ti_sysbios_BIOS_Module__diagsIncluded__C
0000b7dc   ti_sysbios_BIOS_Module__diagsMask__C
0000b7e0   ti_sysbios_BIOS_installedErrorHook__C
0000b7e4   ti_sysbios_family_arm_lm4_Timer_enableFunc__C
0000b7e8   ti_sysbios_family_arm_lm4_Timer_numTimerDevices__C
0000b7ec   ti_sysbios_family_arm_lm4_Timer_startupNeeded__C
0000b7f0   ti_sysbios_family_arm_m3_Hwi_E_NMI__C
0000b7f4   ti_sysbios_family_arm_m3_Hwi_E_alreadyDefined__C
0000b7f8   ti_sysbios_family_arm_m3_Hwi_E_busFault__C
0000b7fc   ti_sysbios_family_arm_m3_Hwi_E_debugMon__C
0000b800   ti_sysbios_family_arm_m3_Hwi_E_hardFault__C
0000b804   ti_sysbios_family_arm_m3_Hwi_E_memFault__C
0000b808   ti_sysbios_family_arm_m3_Hwi_E_noIsr__C
0000b80c   ti_sysbios_family_arm_m3_Hwi_E_reserved__C
0000b810   ti_sysbios_family_arm_m3_Hwi_E_svCall__C
0000b814   ti_sysbios_family_arm_m3_Hwi_E_usageFault__C
0000b818   ti_sysbios_family_arm_m3_Hwi_LD_end__C
0000b81c   ti_sysbios_family_arm_m3_Hwi_LM_begin__C
0000b820   ti_sysbios_family_arm_m3_Hwi_Module__diagsEnabled__C
0000b824   ti_sysbios_family_arm_m3_Hwi_Module__diagsIncluded__C
0000b828   ti_sysbios_family_arm_m3_Hwi_Module__diagsMask__C
0000b82c   ti_sysbios_family_arm_m3_Hwi_Module__loggerFxn1__C
0000b830   ti_sysbios_family_arm_m3_Hwi_Module__loggerFxn8__C
0000b834   ti_sysbios_family_arm_m3_Hwi_Module__loggerObj__C
0000b838   ti_sysbios_family_arm_m3_Hwi_NUM_INTERRUPTS__C
0000b83c   ti_sysbios_family_arm_m3_Hwi_ccr__C
0000b840   ti_sysbios_family_arm_m3_Hwi_dispatchTable__C
0000b844   ti_sysbios_family_arm_m3_Hwi_excHandlerFunc__C
0000b848   ti_sysbios_family_arm_m3_Hwi_excHookFuncs__C
0000b84c   ti_sysbios_family_arm_m3_Hwi_priGroup__C
0000b850   ti_sysbios_family_arm_m3_Hwi_priorities__C
0000b854   ti_sysbios_gates_GateMutex_A_badContext__C
0000b858   ti_sysbios_gates_GateMutex_Instance_State_sem__O
0000b85c   ti_sysbios_gates_GateMutex_Module__diagsEnabled__C
0000b860   ti_sysbios_gates_GateMutex_Module__diagsIncluded__C
0000b864   ti_sysbios_gates_GateMutex_Module__diagsMask__C
0000b868   ti_sysbios_hal_Hwi_E_stackOverflow__C
0000b86c   ti_sysbios_heaps_HeapMem_A_align__C
0000b870   ti_sysbios_heaps_HeapMem_A_heapSize__C
0000b874   ti_sysbios_heaps_HeapMem_A_invalidFree__C
0000b878   ti_sysbios_heaps_HeapMem_A_zeroBlock__C
0000b87c   ti_sysbios_heaps_HeapMem_E_memory__C
0000b880   ti_sysbios_heaps_HeapMem_Module__diagsEnabled__C
0000b884   ti_sysbios_heaps_HeapMem_Module__diagsIncluded__C
0000b888   ti_sysbios_heaps_HeapMem_Module__diagsMask__C
0000b88c   ti_sysbios_heaps_HeapMem_Module__gateObj__C
0000b890   ti_sysbios_heaps_HeapMem_Object__count__C
0000b894   ti_sysbios_heaps_HeapMem_reqAlign__C
0000b898   ti_sysbios_io_DEV_Object__count__C
0000b89c   ti_sysbios_io_DEV_tableSize__C
0000b8a0   ti_sysbios_knl_Clock_LM_begin__C
0000b8a4   ti_sysbios_knl_Clock_LM_tick__C
0000b8a8   ti_sysbios_knl_Clock_LW_delayed__C
0000b8ac   ti_sysbios_knl_Clock_Module_State_clockQ__O
0000b8b0   ti_sysbios_knl_Clock_Module__diagsEnabled__C
0000b8b4   ti_sysbios_knl_Clock_Module__diagsIncluded__C
0000b8b8   ti_sysbios_knl_Clock_Module__diagsMask__C
0000b8bc   ti_sysbios_knl_Clock_Module__loggerFxn1__C
0000b8c0   ti_sysbios_knl_Clock_Module__loggerFxn2__C
0000b8c4   ti_sysbios_knl_Clock_Module__loggerObj__C
0000b8c8   ti_sysbios_knl_Semaphore_A_badContext__C
0000b8cc   ti_sysbios_knl_Semaphore_A_noEvents__C
0000b8d0   ti_sysbios_knl_Semaphore_A_overflow__C
0000b8d4   ti_sysbios_knl_Semaphore_A_pendTaskDisabled__C
0000b8d8   ti_sysbios_knl_Semaphore_Instance_State_pendQ__O
0000b8dc   ti_sysbios_knl_Semaphore_LM_pend__C
0000b8e0   ti_sysbios_knl_Semaphore_LM_post__C
0000b8e4   ti_sysbios_knl_Semaphore_Module__diagsEnabled__C
0000b8e8   ti_sysbios_knl_Semaphore_Module__diagsIncluded__C
0000b8ec   ti_sysbios_knl_Semaphore_Module__diagsMask__C
0000b8f0   ti_sysbios_knl_Semaphore_Module__loggerFxn2__C
0000b8f4   ti_sysbios_knl_Semaphore_Module__loggerFxn4__C
0000b8f8   ti_sysbios_knl_Semaphore_Module__loggerObj__C
0000b8fc   ti_sysbios_knl_Swi_LD_end__C
0000b900   ti_sysbios_knl_Swi_LM_begin__C
0000b904   ti_sysbios_knl_Swi_LM_post__C
0000b908   ti_sysbios_knl_Swi_Module__diagsEnabled__C
0000b90c   ti_sysbios_knl_Swi_Module__diagsIncluded__C
0000b910   ti_sysbios_knl_Swi_Module__diagsMask__C
0000b914   ti_sysbios_knl_Swi_Module__loggerFxn1__C
0000b918   ti_sysbios_knl_Swi_Module__loggerFxn4__C
0000b91c   ti_sysbios_knl_Swi_Module__loggerObj__C
0000b920   ti_sysbios_knl_Swi_Object__count__C
0000b924   ti_sysbios_knl_Task_E_spOutOfBounds__C
0000b928   ti_sysbios_knl_Task_E_stackOverflow__C
0000b92c   ti_sysbios_knl_Task_LD_block__C
0000b930   ti_sysbios_knl_Task_LD_exit__C
0000b934   ti_sysbios_knl_Task_LD_ready__C
0000b938   ti_sysbios_knl_Task_LM_switch__C
0000b93c   ti_sysbios_knl_Task_Module_State_inactiveQ__O
0000b940   ti_sysbios_knl_Task_Module__diagsEnabled__C
0000b944   ti_sysbios_knl_Task_Module__diagsIncluded__C
0000b948   ti_sysbios_knl_Task_Module__diagsMask__C
0000b94c   ti_sysbios_knl_Task_Module__loggerFxn2__C
0000b950   ti_sysbios_knl_Task_Module__loggerFxn4__C
0000b954   ti_sysbios_knl_Task_Module__loggerObj__C
0000b958   ti_sysbios_knl_Task_Object__count__C
0000b95c   ti_sysbios_knl_Task_Object__heap__C
0000b960   ti_sysbios_knl_Task_allBlockedFunc__C
0000b964   ti_sysbios_knl_Task_numConstructedTasks__C
0000b968   ti_sysbios_utils_Load_LS_cpuLoad__C
0000b96c   ti_sysbios_utils_Load_LS_hwiLoad__C
0000b970   ti_sysbios_utils_Load_LS_taskLoad__C
0000b974   ti_sysbios_utils_Load_Module_State_taskList__O
0000b978   ti_sysbios_utils_Load_Module__diagsEnabled__C
0000b97c   ti_sysbios_utils_Load_Module__diagsIncluded__C
0000b980   ti_sysbios_utils_Load_Module__diagsMask__C
0000b984   ti_sysbios_utils_Load_Module__loggerFxn1__C
0000b988   ti_sysbios_utils_Load_Module__loggerFxn2__C
0000b98c   ti_sysbios_utils_Load_Module__loggerFxn4__C
0000b990   ti_sysbios_utils_Load_Module__loggerObj__C
0000b994   ti_sysbios_utils_Load_postUpdate__C
0000b998   ti_sysbios_utils_Load_windowInMs__C
0000b99c   ti_uia_runtime_ILoggerSnapshot_Interface__BASE__C
0000b9a0   ti_uia_runtime_IUIATransfer_Interface__BASE__C
0000b9a4   ti_uia_runtime_LoggerStopMode_E_badLevel__C
0000b9a8   ti_uia_runtime_LoggerStopMode_Object__count__C
0000b9ac   ti_uia_runtime_LoggerStopMode_overflowLogger__C
0000b9b0   ti_uia_runtime_LoggerStopMode_statusLogger__C
0000b9b4   xdc_runtime_Assert_E_assertFailed__C
0000b9b8   xdc_runtime_Core_A_initializedParams__C
0000b9bc   xdc_runtime_Core_Module__diagsEnabled__C
0000b9c0   xdc_runtime_Core_Module__diagsIncluded__C
0000b9c4   xdc_runtime_Core_Module__diagsMask__C
0000b9c8   xdc_runtime_Error_E_generic__C
0000b9cc   xdc_runtime_Error_E_memory__C
0000b9d0   xdc_runtime_Error_Module__diagsEnabled__C
0000b9d4   xdc_runtime_Error_Module__diagsIncluded__C
0000b9d8   xdc_runtime_Error_Module__diagsMask__C
0000b9dc   xdc_runtime_Error_Module__loggerFxn8__C
0000b9e0   xdc_runtime_Error_Module__loggerObj__C
0000b9e4   xdc_runtime_Error_raiseHook__C
0000b9e8   xdc_runtime_IFilterLogger_Interface__BASE__C
0000b9ec   xdc_runtime_IGateProvider_Interface__BASE__C
0000b9f0   xdc_runtime_IHeap_Interface__BASE__C
0000b9f4   xdc_runtime_ILogger_Interface__BASE__C
0000b9f8   xdc_runtime_IModule_Interface__BASE__C
0000b9fc   xdc_runtime_Log_L_error__C
0000ba00   xdc_runtime_Log_L_warning__C
0000ba04   xdc_runtime_Main_Module__diagsEnabled__C
0000ba08   xdc_runtime_Main_Module__diagsIncluded__C
0000ba0c   xdc_runtime_Main_Module__diagsMask__C
0000ba10   xdc_runtime_Main_Module__loggerFxn2__C
0000ba14   xdc_runtime_Main_Module__loggerFxn4__C
0000ba18   xdc_runtime_Main_Module__loggerObj__C
0000ba1c   xdc_runtime_Memory_defaultHeapInstance__C
0000ba20   xdc_runtime_Startup_execImpl__C
0000ba24   xdc_runtime_Startup_maxPasses__C
0000ba28   xdc_runtime_Startup_sfxnRts__C
0000ba2c   xdc_runtime_Startup_sfxnTab__C
0000ba30   xdc_runtime_SysMin_bufSize__C
0000ba34   xdc_runtime_SysMin_outputFunc__C
0000ba38   xdc_runtime_System_Module__gateObj__C
0000ba3c   xdc_runtime_System_extendFxn__C
0000ba40   xdc_runtime_System_maxAtexitHandlers__C
0000ba44   xdc_runtime_Text_charTab__C
0000ba48   xdc_runtime_Text_nameEmpty__C
0000ba4c   xdc_runtime_Text_nameStatic__C
0000ba50   xdc_runtime_Text_nameUnknown__C
0000ba54   xdc_runtime_Text_nodeTab__C
0000ba58   xdc_runtime_Text_visitRopeFxn__C
0000ba5c   ti_sysbios_family_arm_m3_Hwi_Module__id__C
0000ba5e   ti_sysbios_family_arm_m3_Hwi_Module__loggerDefined__C
0000ba60   ti_sysbios_gates_GateMutex_Module__id__C
0000ba62   ti_sysbios_hal_Hwi_Module__id__C
0000ba64   ti_sysbios_heaps_HeapMem_Module__id__C
0000ba66   ti_sysbios_io_DEV_Module__id__C
0000ba68   ti_sysbios_knl_Clock_Module__id__C
0000ba6a   ti_sysbios_knl_Clock_Module__loggerDefined__C
0000ba6c   ti_sysbios_knl_Semaphore_Module__id__C
0000ba6e   ti_sysbios_knl_Semaphore_Module__loggerDefined__C
0000ba70   ti_sysbios_knl_Swi_Module__id__C
0000ba72   ti_sysbios_knl_Swi_Module__loggerDefined__C
0000ba74   ti_sysbios_knl_Task_Module__id__C
0000ba76   ti_sysbios_knl_Task_Module__loggerDefined__C
0000ba78   ti_sysbios_knl_Task_initStackFlag__C
0000ba7a   ti_sysbios_utils_Load_Module__id__C
0000ba7c   ti_sysbios_utils_Load_Module__loggerDefined__C
0000ba7e   ti_sysbios_utils_Load_autoAddTasks__C
0000ba80   ti_sysbios_utils_Load_hwiEnabled__C
0000ba82   ti_sysbios_utils_Load_updateInIdle__C
0000ba84   ti_uia_runtime_LoggerStopMode_Module__id__C
0000ba86   ti_uia_runtime_LoggerStopMode_filterByLevel__C
0000ba88   ti_uia_runtime_LoggerStopMode_isTimestampEnabled__C
0000ba8a   xdc_runtime_Core_Module__id__C
0000ba8c   xdc_runtime_Error_Module__loggerDefined__C
0000ba8e   xdc_runtime_Error_maxDepth__C
0000ba90   xdc_runtime_Main_Module__id__C
0000ba92   xdc_runtime_Main_Module__loggerDefined__C
0000ba94   xdc_runtime_Memory_Module__id__C
0000ba96   xdc_runtime_SysMin_flushAtExit__C
0000ba98   xdc_runtime_Text_charCnt__C
0000ba9a   xdc_runtime_Text_isLoaded__C
0000ba9c   xdc_runtime_Text_registryModsLastId__C
0000ba9e   xdc_runtime_Text_unnamedModsLastId__C
0000c008   __TI_Handler_Table_Base
0000c014   __TI_Handler_Table_Limit
0000c028   __TI_CINIT_Base
0000c040   __TI_CINIT_Limit
20000000   ti_sysbios_family_arm_m3_Hwi_ramVectors
20000360   ti_sysbios_knl_Task_Instance_State_0_stack__A
20000b60   ti_sysbios_knl_Task_Instance_State_1_stack__A
20001360   ti_sysbios_heaps_HeapMem_Instance_State_0_buf__A
20002360   ti_uia_runtime_LoggerStopMode_Instance_State_1_bufferArray__A
200027e0   ti_uia_runtime_LoggerStopMode_Instance_State_2_bufferArray__A
20002c60   uartTivaObjects
200030a0   xdc_runtime_SysMin_Module_State_0_outbuf__A
200034a0   ti_uia_runtime_LoggerStopMode_Instance_State_0_bufferArray__A
20003720   __CIOBUF_
20003848   ti_sysbios_knl_Task_Instance_State_0_hookEnv__A
20003850   ti_sysbios_knl_Task_Instance_State_1_hookEnv__A
20003858   __stack
20003958   __STACK_TOP
20004858   __STACK_END
20004858   ti_sysbios_family_arm_m3_Hwi_Module_State_0_dispatchTable__A
20004bb8   ti_sysbios_BIOS_Module__state__V
20004bd8   ti_sysbios_family_arm_lm4_Timer_Module__root__V
20004be0   ti_sysbios_family_arm_lm4_Timer_Module_State_0_handles__A
20004bf8   ti_sysbios_family_arm_lm4_Timer_Module__state__V
20004c04   ti_sysbios_family_arm_lm4_TimestampProvider_Module__state__V
20004c0c   ti_sysbios_family_arm_m3_Hwi_Module__root__V
20004c14   ti_sysbios_family_arm_m3_Hwi_Module_State_0_excActive__A
20004c18   ti_sysbios_family_arm_m3_Hwi_Module_State_0_excContext__A
20004c1c   ti_sysbios_family_arm_m3_Hwi_Module_State_0_excStack__A
20004c20   ti_sysbios_gates_GateHwi_Module__root__V
20004c28   ti_sysbios_gates_GateHwi_Object__table__V
20004c2c   ti_sysbios_gates_GateMutex_Module__root__V
20004c34   ti_sysbios_hal_Hwi_Module__root__V
20004c3c   ti_sysbios_hal_Timer_Module__root__V
20004c44   ti_sysbios_hal_Timer_Object__table__V
20004c4c   ti_sysbios_heaps_HeapMem_Module__root__V
20004c54   ti_sysbios_heaps_HeapMem_Object__table__V
20004c6c   ti_sysbios_io_DEV_Module__root__V
20004c74   ti_sysbios_io_DEV_Module_State_0_table__A
20004c94   ti_sysbios_io_DEV_Module__state__V
20004c98   ti_sysbios_io_GIO_Module__root__V
20004ca0   ti_sysbios_knl_Clock_Module__root__V
20004ca8   ti_sysbios_knl_Event_Module__root__V
20004cb4   ti_sysbios_knl_Queue_Module__root__V
20004cbc   ti_sysbios_knl_Semaphore_Module__root__V
20004cc8   ti_sysbios_knl_Swi_Module__root__V
20004cd0   ti_sysbios_knl_Swi_Module__state__V
20004cec   ti_sysbios_knl_Task_Module__root__V
20004cf8   ti_sysbios_knl_Task_Module_State_0_idleTask__A
20004cfc   ti_sysbios_utils_Load_Module__root__V
20004d00   ti_sysbios_utils_Load_Module_State_0_taskStartTime__A
20004d04   ti_sysbios_utils_Load_Module_State_0_runningTask__A
20004d08   ti_sysbios_xdcruntime_SemThreadSupport_Module__root__V
20004d10   ti_uia_runtime_LogSync_Module__root__V
20004d18   ti_uia_runtime_LogSync_Module__state__V
20004d24   ti_uia_runtime_LoggerStopMode_Module__root__V
20004d2c   ti_uia_runtime_LoggerStopMode_Module__state__V
20004d34   ti_uia_runtime_QueueDescriptor_Module__state__V
20004d40   xdc_runtime_Error_Module__state__V
20004d42   xdc_runtime_Main_Module__root__V
20004d44   xdc_runtime_Memory_Module__state__V
20004d48   xdc_runtime_Registry_Module__state__V
20004d50   xdc_runtime_Startup_Module__state__V
20004d58   xdc_runtime_SysMin_Module__state__V
20004d64   xdc_runtime_System_Module_State_0_atexitHandlers__A
20004d84   xdc_runtime_System_Module__state__V
20004d90   xdc_runtime_Text_Module__state__V
20004d98   xdc_runtime_knl_SemThread_Module__root__V
20004da0   xdc_runtime_knl_SyncNull_Module__root__V
20004da8   xdc_runtime_knl_SyncSemThread_Module__root__V
20004db0   __xdc__init__addr
20004db4   ti_uia_runtime_LoggerStopMode_Object__table__V
20004ebc   ti_sysbios_knl_Task_Object__table__V
20004f0c   TSK_idle
20004f5c   ti_sysbios_utils_Load_Module__state__V
20004ff4   ti_sysbios_knl_Swi_Module_State_0_readyQ__A
20005074   ti_sysbios_knl_Task_Module_State_0_readyQ__A
200050f4   ti_sysbios_family_arm_lm4_Timer_Object__table__V
20005164   ti_sysbios_family_arm_m3_Hwi_Module__state__V
200051c0   ti_sysbios_knl_Task_Module__state__V
20005204   ti_sysbios_gates_GateMutex_Object__table__V
2000523c   ti_sysbios_utils_Load_Module_State_0_taskEnv__A
20005274   ti_sysbios_family_arm_lm4_Timer_Module_State_0_device__A
200052a4   ti_sysbios_family_arm_m3_Hwi_Object__table__V
200052d4   ti_sysbios_knl_Swi_Object__table__V
20005304   ti_sysbios_knl_Clock_Module__state__V
20005334   _lock
20005338   _unlock
2000533c   __TI_cleanup_ptr
20005340   __TI_dtors_ptr
20005344   ti_uia_runtime_QueueDescriptor_gPtrToFirstDescriptor
20005348   ti_uia_runtime_QueueDescriptor_gUpdateCount
20005350   main_func_sp
e000e000   ti_sysbios_family_arm_m3_Hwi_nvic
ffffffff   __binit__
ffffffff   __c_args__
ffffffff   binit
UNDEFED    SHT$$INIT_ARRAY$$Base
UNDEFED    SHT$$INIT_ARRAY$$Limit

[808 symbols]
