******************************************************************************
                  TI ARM Linker PC v5.1.1                      
******************************************************************************
>> Linked Wed Mar 12 11:54:54 2014

OUTPUT FILE NAME:   <rover.out>
ENTRY POINT SYMBOL: "_c_int00"  address: 00006899


MEMORY CONFIGURATION

         name            origin    length      used     unused   attr    fill
----------------------  --------  ---------  --------  --------  ----  --------
  FLASH                 00000000   00040000  0000ba24  000345dc  R  X
  SRAM                  20000000   00008000  00005bcc  00002434  RW X


SEGMENT ALLOCATION MAP

run origin  load origin   length   init length attrs members
----------  ----------- ---------- ----------- ----- -------
00000000    00000000    0000ba28   0000ba28    r-x
  00000000    00000000    00000360   00000360    r-- .resetVecs
  00000360    00000360    00008224   00008224    r-x .text
  00008584    00008584    00002ec8   00002ec8    r-- .const
  0000b450    0000b450    000005d8   000005d8    r-- .cinit
20000000    20000000    00005bcc   00000000    rw-
  20000000    20000000    00000360   00000000    rw- .vecs
  20000360    20000360    00003d00   00000000    rw- .bss
  20004060    20004060    00001000   00000000    rw- .stack
  20005060    20005060    00000b6c   00000000    rw- .data


SECTION ALLOCATION MAP

 output                                  attributes/
section   page    origin      length       input sections
--------  ----  ----------  ----------   ----------------
.bootVecs 
*          0    00000000    00000008     DSECT
                  00000000    00000008     boot.aem4f : boot.oem4f (.bootVecs)

.resetVecs 
*          0    00000000    00000360     
                  00000000    00000360     main_pem4f.oem4f (.resetVecs)

xdc.meta   0    00000000    000000f5     COPY SECTION
                  00000000    000000f5     main_pem4f.oem4f (xdc.meta)

.text      0    00000360    00008224     
                  00000360    00000424     sysbios.aem4f : BIOS.obj (.text:ti_sysbios_family_arm_m3_Hwi_excDumpRegs__I)
                  00000784    00000344     ti.targets.arm.rtsarm.aem4f : System.oem4f (.text:xdc_runtime_System_doPrint__I)
                  00000ac8    000002e0     sysbios.aem4f : BIOS.obj (.text:ti_sysbios_knl_Semaphore_pend__E)
                  00000da8    000002d4     rtsv7M4_T_le_v4SPD16_eabi.lib : trgdrv.obj (.text)
                  0000107c    000002c8     uart_tivaware.aem4f : UARTTiva.oem4f (.text:UARTTiva_open)
                  00001344    00000248     sysbios.aem4f : BIOS.obj (.text:ti_sysbios_heaps_HeapMem_free__E)
                  0000158c    00000234                   : BIOS.obj (.text:ti_sysbios_heaps_HeapMem_alloc__E)
                  000017c0    00000230                   : BIOS.obj (.text:ti_sysbios_family_arm_lm4_Timer_start__E)
                  000019f0    00000210                   : BIOS.obj (.text:ti_sysbios_family_arm_m3_Hwi_excHandlerMax__I)
                  00001c00    00000204     uart_tivaware.aem4f : UARTTiva.oem4f (.text:UARTTiva_write)
                  00001e04    000001f8                         : UARTTiva.oem4f (.text:UARTTiva_read)
                  00001ffc    000001cc                         : UARTTiva.oem4f (.text:UARTTiva_hwiIntFxn)
                  000021c8    000001c0     tcp.obj (.text:set_up_tcp)
                  00002388    000001a0     ti.uia.runtime.aem4f : LoggerStopMode.oem4f (.text:ti_uia_runtime_LoggerStopMode_write8__E)
                  00002528    0000016c     uart_tivaware.aem4f : UARTTiva.oem4f (.text:writeData)
                  00002694    00000168                         : UARTTiva.oem4f (.text:UARTTiva_readPolling)
                  000027fc    00000168     sysbios.aem4f : BIOS.obj (.text:ti_sysbios_family_arm_m3_Hwi_excBusFault__I)
                  00002964    00000160     uart_tivaware.aem4f : UARTTiva.oem4f (.text:readData)
                  00002ac4    0000015c                         : UARTTiva.oem4f (.text:UARTTiva_writePolling)
                  00002c20    0000015c     ti.uia.runtime.aem4f : LoggerStopMode.oem4f (.text:ti_uia_runtime_LoggerStopMode_writeMemoryRange__E)
                  00002d7c    00000154     sysbios.aem4f : BIOS.obj (.text:ti_sysbios_family_arm_m3_Hwi_excUsageFault__I)
                  00002ed0    00000144                   : BIOS.obj (.text:ti_sysbios_knl_Semaphore_post__E)
                  00003014    00000140                   : BIOS.obj (.text:ti_sysbios_family_arm_m3_Hwi_dispatchC__I)
                  00003154    00000140                   : BIOS.obj (.text:ti_sysbios_family_arm_m3_Hwi_excMemFault__I)
                  00003294    0000013c     ti.uia.runtime.aem4f : LoggerStopMode.oem4f (.text:ti_uia_runtime_LoggerStopMode_write4__E)
                  000033d0    0000013c     ti.targets.arm.rtsarm.aem4f : Error.oem4f (.text:xdc_runtime_Error_raiseX__F)
                  0000350c    00000138     sysbios.aem4f : BIOS.obj (.text:ti_sysbios_heaps_HeapMem_Instance_init__F)
                  00003644    00000138                   : BIOS.obj (.text:ti_sysbios_utils_Load_logLoads__I)
                  0000377c    00000134                   : m3_Hwi_asm.obj (.text:ti_sysbios_family_arm_m3_Hwi_dispatch__I)
                  000038b0    00000130     driverlib.lib : gpio.obj (.text:GPIOPadConfigSet)
                  000039e0    00000130     sysbios.aem4f : BIOS.obj (.text:ti_sysbios_utils_Load_updateThreadContexts__E)
                  00003b10    0000012c                   : BIOS.obj (.text:ti_sysbios_family_arm_lm4_TimestampProvider_get64__E)
                  00003c3c    0000012c                   : BIOS.obj (.text:ti_sysbios_knl_Clock_workFunc__E)
                  00003d68    0000012c                   : BIOS.obj (.text:ti_sysbios_knl_Task_exit__E)
                  00003e94    00000124     EK_LM4F120XL.obj (.text:EK_LM4F120XL_initUART)
                  00003fb8    00000120     sysbios.aem4f : BIOS.obj (.text:ti_sysbios_knl_Swi_run__I)
                  000040d8    0000010c     Boot.aem4f : Boot_sysctl.oem4f (.text:ti_catalog_arm_cortexm4_tiva_ce_Boot_sysCtlClockSetI__I)
                  000041e4    00000104     ti.targets.arm.rtsarm.aem4f : Core-mem.oem4f (.text:xdc_runtime_Core_createObject__I)
                  000042e8    00000104     main_pem4f.oem4f (.text:xdc_runtime_System_printfExtend__I)
                  000043ec    000000fc     sysbios.aem4f : BIOS.obj (.text:ti_sysbios_knl_Task_schedule__I)
                  000044e8    000000f8                   : BIOS.obj (.text:ti_sysbios_knl_Task_startCore__E)
                  000045e0    000000f8     ti.targets.arm.rtsarm.aem4f : Startup.oem4f (.text:xdc_runtime_Startup_startMods__I)
                  000046d8    000000f4     rtsv7M4_T_le_v4SPD16_eabi.lib : dtor_list.obj (.text)
                  000047cc    000000f4     sysbios.aem4f : BIOS.obj (.text:ti_sysbios_knl_Task_postInit__I)
                  000048c0    000000e8     gpio_tivaware.aem4f : GPIO.oem4f (.text:GPIO_write)
                  000049a8    000000e8     sysbios.aem4f : BIOS.obj (.text:ti_sysbios_family_arm_m3_Hwi_initNVIC__E)
                  00004a90    000000e8                   : BIOS.obj (.text:ti_sysbios_io_DEV_postInit__I)
                  00004b78    000000c8     driverlib.lib : sysctl.obj (.text:SysCtlClockGet)
                  00004c40    000000c0     uart_tivaware.aem4f : UARTTiva.oem4f (.text:UARTTiva_writeCancel)
                  00004d00    000000bc                         : UARTTiva.oem4f (.text:UARTTiva_readCancel)
                  00004dbc    000000bc     sysbios.aem4f : BIOS.obj (.text:ti_sysbios_knl_Task_unblockI__E)
                  00004e78    000000b8                   : BIOS.obj (.text:ti_sysbios_family_arm_lm4_TimestampProvider_get32__E)
                  00004f30    000000b4                   : BIOS.obj (.text:ti_sysbios_family_arm_m3_Hwi_excHardFault__I)
                  00004fe4    000000b4                   : BIOS.obj (.text:ti_sysbios_gates_GateMutex_enter__E)
                  00005098    000000b4                   : BIOS.obj (.text:ti_sysbios_knl_Task_checkStacks__E)
                  0000514c    000000b0                   : BIOS.obj (.text:ti_sysbios_family_arm_m3_Hwi_excDebugMon__I)
                  000051fc    000000b0                   : BIOS.obj (.text:ti_sysbios_utils_Load_idleFxn__E)
                  000052ac    000000b0                   : BIOS.obj (.text:ti_sysbios_utils_Load_updateLoads__E)
                  0000535c    000000ac                   : BIOS.obj (.text:ti_sysbios_family_arm_lm4_Timer_enableTiva__I)
                  00005408    000000a8                   : BIOS.obj (.text:ti_sysbios_knl_Semaphore_Instance_init__F)
                  000054b0    000000a8                   : BIOS.obj (.text:ti_sysbios_knl_Swi_post__E)
                  00005558    000000a8                   : BIOS.obj (.text:ti_sysbios_knl_Task_blockI__E)
                  00005600    000000a4                   : BIOS.obj (.text:ti_sysbios_family_arm_lm4_Timer_enableTimers__I)
                  000056a4    000000a4                   : BIOS.obj (.text:ti_sysbios_family_arm_m3_Hwi_Module_startup__F)
                  00005748    000000a0     uart_tivaware.aem4f : UARTTiva.oem4f (.text:UARTTiva_close)
                  000057e8    000000a0     auto_init.aem4f : auto_init.oem4f (.text)
                  00005888    0000009c     rtsv7M4_T_le_v4SPD16_eabi.lib : memcpy_t2.obj (.text)
                  00005924    0000009a     ti.targets.arm.rtsarm.aem4f : Text.oem4f (.text:xdc_runtime_Text_putSite__F)
                  000059be    00000002     sysbios.aem4f : BIOS.obj (.text:ti_sysbios_BIOS_nullFunc__I)
                  000059c0    00000094     Boot.aem4f : Boot.oem4f (.text:ti_catalog_arm_cortexm4_tiva_ce_Boot_sysCtlClockSet__E)
                  00005a54    00000094     ti.targets.arm.rtsarm.aem4f : Text.oem4f (.text:xdc_runtime_Text_putMod__F)
                  00005ae8    00000090     sysbios.aem4f : BIOS.obj (.text:ti_sysbios_family_arm_m3_Hwi_Instance_init__F)
                  00005b78    0000008c                   : m3_TaskSupport_asm.obj (.text:ti_sysbios_family_arm_m3_TaskSupport_buildTaskStack)
                  00005c04    00000088     EK_LM4F120XL.obj (.text:EK_LM4F120XL_initGPIO)
                  00005c8c    00000088     sysbios.aem4f : BIOS.obj (.text:ti_sysbios_utils_Load_addTask__E)
                  00005d14    00000085     main.obj (.text:mux_1)
                  00005d99    00000001     --HOLE-- [fill = 0]
                  00005d9a    00000002     sysbios.aem4f : BIOS.obj (.text:ti_sysbios_gates_GateHwi_Instance_init__F)
                  00005d9c    00000084     ti.uia.runtime.aem4f : LoggerStopMode.oem4f (.text:ti_uia_runtime_LoggerStopMode_setFilterLevel__E)
                  00005e20    00000080     sysbios.aem4f : BIOS.obj (.text:ti_sysbios_knl_Task_Module_startup__F)
                  00005ea0    0000007e     ti.uia.runtime.aem4f : LoggerStopMode.oem4f (.text:ti_uia_runtime_LoggerStopMode_getContents__E)
                  00005f1e    00000078     rtsv7M4_T_le_v4SPD16_eabi.lib : memset_t2.obj (.text)
                  00005f96    00000002     main_pem4f.oem4f (.text:xdc_runtime_Startup_reset__I)
                  00005f98    00000078     sysbios.aem4f : BIOS.obj (.text:ti_sysbios_utils_Load_updateCurrentThreadTime__E)
                  00006010    00000074                   : BIOS.obj (.text:ti_sysbios_family_arm_lm4_Timer_isrStub__E)
                  00006084    00000070     main_pem4f.oem4f (.text:ti_sysbios_family_arm_m3_Hwi_Object__create__S)
                  000060f4    00000070     sysbios.aem4f : BIOS.obj (.text:ti_sysbios_family_arm_m3_Hwi_reconfig__E)
                  00006164    00000070                   : BIOS.obj (.text:ti_sysbios_utils_Load_taskDeleteHook__E)
                  000061d4    00000070     ti.uia.runtime.aem4f : LoggerStopMode.oem4f (.text:ti_uia_runtime_LoggerStopMode_getFilterLevel__E)
                  00006244    00000070                          : LoggerStopMode.oem4f (.text:ti_uia_runtime_LoggerStopMode_writeBlockOfMemory__I)
                  000062b4    00000070                          : QueueDescriptor.oem4f (.text:ti_uia_runtime_QueueDescriptor_addToList__E)
                  00006324    00000070     ti.targets.arm.rtsarm.aem4f : Memory.oem4f (.text:xdc_runtime_Memory_alloc__F)
                  00006394    0000006c     sysbios.aem4f : BIOS.obj (.text:ti_sysbios_utils_Load_taskCreateHook__E)
                  00006400    0000006c     ti.targets.arm.rtsarm.aem4f : Error.oem4f (.text:xdc_runtime_Error_print__F)
                  0000646c    00000068     sysbios.aem4f : BIOS.obj (.text:ti_sysbios_BIOS_rtsUnlock__I)
                  000064d4    00000066     ti.targets.arm.rtsarm.aem4f : Core-mem.oem4f (.text:xdc_runtime_Core_deleteObject__I)
                  0000653a    00000002     --HOLE-- [fill = 0]
                  0000653c    00000064     sysbios.aem4f : BIOS.obj (.text:ti_sysbios_knl_Clock_logTick__E)
                  000065a0    00000064                   : BIOS.obj (.text:ti_sysbios_utils_Load_logCPULoad__I)
                  00006604    00000060     tcp.obj (.text:init_spi)
                  00006664    00000060     rtsv7M4_T_le_v4SPD16_eabi.lib : trgmsg.obj (.text)
                  000066c4    00000060     main_pem4f.oem4f (.text:ti_uia_runtime_LoggerStopMode_Object__create__S)
                  00006724    0000005e     rtsv7M4_T_le_v4SPD16_eabi.lib : copy_decompress_rle.obj (.text)
                  00006782    00000002     --HOLE-- [fill = 0]
                  00006784    0000005c     sysbios.aem4f : BIOS.obj (.text:ti_sysbios_family_arm_lm4_Timer_Module_startup__F)
                  000067e0    0000005b     ti.targets.arm.rtsarm.aem4f : Text.oem4f (.text:xdc_runtime_Text_putLab__F)
                  0000683b    00000001     --HOLE-- [fill = 0]
                  0000683c    0000005a     ti.uia.runtime.aem4f : LoggerStopMode.oem4f (.text:ti_uia_runtime_LoggerStopMode_readBlockOfMemory__I)
                  00006896    00000002     --HOLE-- [fill = 0]
                  00006898    00000058     boot.aem4f : boot.oem4f (.text)
                  000068f0    00000058     sysbios.aem4f : BIOS.obj (.text:ti_sysbios_knl_Swi_restoreHwi__E)
                  00006948    00000058                   : BIOS.obj (.text:ti_sysbios_knl_Swi_schedule__I)
                  000069a0    00000054     main.obj (.text:init_uart)
                  000069f4    00000054     ti.uia.runtime.aem4f : QueueDescriptor.oem4f (.text:ti_uia_runtime_QueueDescriptor_removeFromList__E)
                  00006a48    00000050     tcp.obj (.text:SPI_Send)
                  00006a98    00000050     sysbios.aem4f : BIOS.obj (.text:ti_sysbios_utils_Load_taskSwitchHook__E)
                  00006ae8    00000050     ti.targets.arm.rtsarm.aem4f : Startup.oem4f (.text:xdc_runtime_Startup_exec__F)
                  00006b38    00000050                                 : System.oem4f (.text:xdc_runtime_System_formatNum__I)
                  00006b88    00000050                                 : Text.oem4f (.text:xdc_runtime_Text_visitRope2__I)
                  00006bd8    0000004c     sysbios.aem4f : BIOS.obj (.text:ti_sysbios_knl_Swi_runLoop__I)
                  00006c24    00000048     driverlib.lib : gpio.obj (.text:GPIOPinConfigure)
                  00006c6c    00000048     tcp.obj (.text:SPI_Read)
                  00006cb4    00000048     uart_tivaware.aem4f : UART.oem4f (.text:UART_open)
                  00006cfc    00000048     sysbios.aem4f : BIOS.obj (.text:ti_sysbios_BIOS_errorRaiseHook__I)
                  00006d44    00000048                   : BIOS.obj (.text:ti_sysbios_family_arm_m3_Hwi_excReserved__I)
                  00006d8c    00000048                   : BIOS.obj (.text:ti_sysbios_heaps_HeapMem_getStats__E)
                  00006dd4    00000048     ti.targets.arm.rtsarm.aem4f : Assert.oem4f (.text:xdc_runtime_Assert_raise__I)
                  00006e1c    00000048                                 : Core-params.oem4f (.text:xdc_runtime_Core_assignParams__I)
                  00006e64    00000046     ti.uia.runtime.aem4f : LoggerStopMode.oem4f (.text:ti_uia_runtime_LoggerStopMode_Instance_init__F)
                  00006eaa    00000002     --HOLE-- [fill = 0]
                  00006eac    00000044     rtsv7M4_T_le_v4SPD16_eabi.lib : cpy_tbl.obj (.text)
                  00006ef0    00000044                                   : exit.obj (.text)
                  00006f34    00000044     sysbios.aem4f : BIOS.obj (.text:ti_sysbios_family_arm_lm4_Timer_stop__E)
                  00006f78    00000044                   : BIOS.obj (.text:ti_sysbios_family_arm_m3_Hwi_disableInterrupt__E)
                  00006fbc    00000044                   : BIOS.obj (.text:ti_sysbios_family_arm_m3_Hwi_enableInterrupt__E)
                  00007000    00000044                   : BIOS.obj (.text:ti_sysbios_knl_Task_allBlockedFunction__I)
                  00007044    00000044     ti.uia.runtime.aem4f : LoggerStopMode.oem4f (.text:ti_uia_runtime_LoggerStopMode_filterOutEvent__I)
                  00007088    00000044                          : LoggerStopMode.oem4f (.text:ti_uia_runtime_LoggerStopMode_reset__F)
                  000070cc    00000044     ti.targets.arm.rtsarm.aem4f : SysMin.oem4f (.text:xdc_runtime_SysMin_flush__F)
                  00007110    00000042     driverlib.lib : ssi.obj (.text:SSIConfigSetExpClk)
                  00007152    00000042                   : uart.obj (.text:UARTConfigSetExpClk)
                  00007194    00000042     sysbios.aem4f : BIOS.obj (.text:ti_sysbios_knl_Semaphore_pendTimeout__I)
                  000071d6    00000002     --HOLE-- [fill = 0]
                  000071d8    00000040     EK_LM4F120XL.obj (.text:EK_LM4F120XL_initGeneral)
                  00007218    00000040     sysbios.aem4f : BIOS.obj (.text:ti_sysbios_family_arm_lm4_Timer_startup__E)
                  00007258    00000040     main_pem4f.oem4f (.text:ti_sysbios_knl_Semaphore_Object__create__S)
                  00007298    00000040     ti.targets.arm.rtsarm.aem4f : System.oem4f (.text:xdc_runtime_System_atexit__F)
                  000072d8    0000003c     sysbios.aem4f : BIOS.obj (.text:ti_sysbios_family_arm_m3_Hwi_excSvCall__I)
                  00007314    0000003c                   : BIOS.obj (.text:ti_sysbios_heaps_HeapMem_init__I)
                  00007350    0000003c                   : BIOS.obj (.text:ti_sysbios_knl_Swi_startup__E)
                  0000738c    0000003c     ti.targets.arm.rtsarm.aem4f : Text.oem4f (.text:xdc_runtime_Text_xprintf__I)
                  000073c8    00000038     uart_tivaware.aem4f : UART.oem4f (.text:UART_init)
                  00007400    00000038     sysbios.aem4f : BIOS.obj (.text:ti_sysbios_family_arm_m3_Hwi_excNoIsr__I)
                  00007438    00000038                   : BIOS.obj (.text:ti_sysbios_family_arm_m3_Hwi_getStackInfo__E)
                  00007470    00000038                   : BIOS.obj (.text:ti_sysbios_family_arm_m3_TaskSupport_start__E)
                  000074a8    00000038     main_pem4f.oem4f (.text:ti_sysbios_gates_GateHwi_Object__create__S)
                  000074e0    00000038     main_pem4f.oem4f (.text:ti_sysbios_gates_GateMutex_Object__create__S)
                  00007518    00000038     main_pem4f.oem4f (.text:ti_sysbios_heaps_HeapMem_Object__create__S)
                  00007550    00000038     main_pem4f.oem4f (.text:ti_sysbios_knl_Queue_Object__create__S)
                  00007588    00000038     ti.targets.arm.rtsarm.aem4f : SysMin.oem4f (.text:xdc_runtime_SysMin_putch__F)
                  000075c0    00000034     driverlib.lib : sysctl.obj (.text:SysCtlPeripheralEnable)
                  000075f4    00000034     uart_tivaware.aem4f : UART.oem4f (.text:UART_Params_init)
                  00007628    00000034                         : UART.oem4f (.text:UART_write)
                  0000765c    00000034     main.obj (.text:init_mux_pins)
                  00007690    00000034     sysbios.aem4f : BIOS.obj (.text:ti_sysbios_family_arm_m3_Hwi_excNmi__I)
                  000076c4    00000034                   : BIOS.obj (.text:ti_sysbios_hal_Hwi_checkStack:ti_sysbios_hal_Hwi_checkStack)
                  000076f8    00000032     main.obj (.text:main)
                  0000772a    00000002     --HOLE-- [fill = 0]
                  0000772c    00000030     main_pem4f.oem4f (.text:ti_sysbios_BIOS_exitFunc__I)
                  0000775c    00000030     sysbios.aem4f : BIOS.obj (.text:ti_sysbios_knl_Idle_run__E)
                  0000778c    00000030     ti.targets.arm.rtsarm.aem4f : Core-label.oem4f (.text:xdc_runtime_Core_assignLabel__I)
                  000077bc    00000030                                 : SysMin.oem4f (.text:xdc_runtime_SysMin_abort__F)
                  000077ec    0000002f                                 : Text.oem4f (.text:xdc_runtime_Text_printVisFxn__I)
                  0000781b    00000001     --HOLE-- [fill = 0]
                  0000781c    0000002e     main_pem4f.oem4f (.text:malloc)
                  0000784a    0000002c     sysbios.aem4f : BIOS.obj (.text:ti_sysbios_hal_Hwi_initStack:ti_sysbios_hal_Hwi_initStack)
                  00007876    00000002     --HOLE-- [fill = 0]
                  00007878    0000002c                   : BIOS.obj (.text:ti_sysbios_io_DEV_Module_startup__F)
                  000078a4    0000002c     main_pem4f.oem4f (.text:ti_sysbios_knl_Clock_doTick__I)
                  000078d0    0000002c     sysbios.aem4f : BIOS.obj (.text:ti_sysbios_knl_Task_restore__E)
                  000078fc    0000002c     ti.uia.runtime.aem4f : LoggerStopMode.oem4f (.text:ti_uia_runtime_LoggerStopMode_Module_startup__F)
                  00007928    0000002c                          : LoggerStopMode.oem4f (.text:ti_uia_runtime_LoggerStopMode_disable__E)
                  00007954    0000002c                          : LoggerStopMode.oem4f (.text:ti_uia_runtime_LoggerStopMode_enable__E)
                  00007980    0000002c     ti.targets.arm.rtsarm.aem4f : System.oem4f (.text:xdc_runtime_System_rtsExit__I)
                  000079ac    0000002c                                 : Text.oem4f (.text:xdc_runtime_Text_cordText__F)
                  000079d8    0000002a     driverlib.lib : gpio.obj (.text:GPIODirModeSet)
                  00007a02    0000002a     ti.targets.arm.rtsarm.aem4f : System.oem4f (.text:xdc_runtime_System_putchar__I)
                  00007a2c    00000029     main.obj (.text:tcp)
                  00007a55    00000003     --HOLE-- [fill = 0]
                  00007a58    00000028     sysbios.aem4f : m3_Hwi_asm_switch.obj (.text:ti_sysbios_family_arm_m3_Hwi_initStacks__E)
                  00007a80    00000028                   : BIOS.obj (.text:ti_sysbios_gates_GateMutex_Instance_init__F)
                  00007aa8    00000028     ti.uia.runtime.aem4f : LogSync.oem4f (.text:ti_uia_runtime_LogSync_Module_startup__F)
                  00007ad0    00000028                          : QueueDescriptor.oem4f (.text:ti_uia_runtime_QueueDescriptor_initHeader__E)
                  00007af8    00000026     ti.targets.arm.rtsarm.aem4f : System.oem4f (.text:xdc_runtime_System_avprintf__F)
                  00007b1e    00000002     --HOLE-- [fill = 0]
                  00007b20    00000024     gpio_tivaware.aem4f : GPIO.oem4f (.text:GPIO_init)
                  00007b44    00000024     sysbios.aem4f : BIOS.obj (.text:ti_sysbios_BIOS_registerRTSLock__I)
                  00007b68    00000024     main_pem4f.oem4f (.text:ti_sysbios_BIOS_startFunc__I)
                  00007b8c    00000024     sysbios.aem4f : BIOS.obj (.text:ti_sysbios_family_arm_m3_Hwi_Instance_finalize__F)
                  00007bb0    00000024                   : BIOS.obj (.text:ti_sysbios_family_arm_m3_Hwi_doTaskRestore__I)
                  00007bd4    00000024     main_pem4f.oem4f (.text:ti_sysbios_gates_GateMutex_Object__delete__S)
                  00007bf8    00000024     sysbios.aem4f : BIOS.obj (.text:ti_sysbios_knl_Clock_Module_startup__F)
                  00007c1c    00000024                   : BIOS.obj (.text:ti_sysbios_knl_Swi_Module_startup__F)
                  00007c40    00000024     ti.uia.runtime.aem4f : LoggerStopMode.oem4f (.text:ti_uia_runtime_LoggerStopMode_Instance_finalize__F)
                  00007c64    00000024     ti.targets.arm.rtsarm.aem4f : System.oem4f (.text:xdc_runtime_System_vprintf__F)
                  00007c88    00000022     main_pem4f.oem4f (.text:xdc_runtime_SysMin_output__I)
                  00007caa    00000020     sysbios.aem4f : m3_Hwi_asm_switch.obj (.text:ti_sysbios_family_xxx_Hwi_switchAndRunFunc)
                  00007cca    00000002     --HOLE-- [fill = 0]
                  00007ccc    00000020     main_pem4f.oem4f (.text:ti_sysbios_gates_GateHwi_Object__delete__S)
                  00007cec    00000020     main_pem4f.oem4f (.text:ti_sysbios_heaps_HeapMem_Object__delete__S)
                  00007d0c    00000020     main_pem4f.oem4f (.text:ti_sysbios_knl_Semaphore_Object__destruct__S)
                  00007d2c    00000020     sysbios.aem4f : BIOS.obj (.text:ti_sysbios_knl_Task_enter__I)
                  00007d4c    00000020     main_pem4f.oem4f (.text:ti_uia_runtime_LoggerStopMode_Object__delete__S)
                  00007d6c    00000020     main.obj (.text:uart_0_task)
                  00007d8c    00000020     ti.targets.arm.rtsarm.aem4f : Registry.oem4f (.text:xdc_runtime_Registry_findById__F)
                  00007dac    00000020                                 : SysMin.oem4f (.text:xdc_runtime_SysMin_Module_startup__F)
                  00007dcc    0000001c     driverlib.lib : uart.obj (.text:UARTDisable)
                  00007de8    0000001c     sysbios.aem4f : BIOS.obj (.text:ti_sysbios_BIOS_rtsLock__I)
                  00007e04    0000001c     main_pem4f.oem4f (.text:ti_sysbios_family_arm_m3_Hwi_Object__destruct__S)
                  00007e20    0000001c     main_pem4f.oem4f (.text:ti_sysbios_knl_Queue_Object__destruct__S)
                  00007e3c    0000001c     ti.targets.arm.rtsarm.aem4f : Error.oem4f (.text:xdc_runtime_Error_check__F)
                  00007e58    0000001c                                 : Memory.oem4f (.text:xdc_runtime_Memory_valloc__F)
                  00007e74    0000001c                                 : SysMin.oem4f (.text:xdc_runtime_SysMin_exit__F)
                  00007e90    0000001a     main_pem4f.oem4f (.text:ti_sysbios_family_arm_m3_Hwi_Handle__label__S)
                  00007eaa    0000001a     main_pem4f.oem4f (.text:ti_sysbios_gates_GateHwi_Handle__label__S)
                  00007ec4    0000001a     main_pem4f.oem4f (.text:ti_sysbios_gates_GateMutex_Handle__label__S)
                  00007ede    0000001a     main_pem4f.oem4f (.text:ti_sysbios_heaps_HeapMem_Handle__label__S)
                  00007ef8    0000001a     main_pem4f.oem4f (.text:ti_sysbios_knl_Swi_Handle__label__S)
                  00007f12    0000001a     main_pem4f.oem4f (.text:ti_sysbios_knl_Task_Handle__label__S)
                  00007f2c    0000001a     main_pem4f.oem4f (.text:ti_uia_runtime_LoggerStopMode_Handle__label__S)
                  00007f46    0000001a     main_pem4f.oem4f (.text:xdc_runtime_System_aprintf__E)
                  00007f60    0000001a     main_pem4f.oem4f (.text:xdc_runtime_System_printf__E)
                  00007f7a    00000018     driverlib.lib : gpio.obj (.text:GPIOPinTypeGPIOOutput)
                  00007f92    00000018     main_pem4f.oem4f (.text:free)
                  00007faa    00000002     --HOLE-- [fill = 0]
                  00007fac    00000018     rtsv7M4_T_le_v4SPD16_eabi.lib : args_main.obj (.text)
                  00007fc4    00000018     main_pem4f.oem4f (.text:ti_sysbios_family_arm_lm4_Timer_Module__startupDone__F)
                  00007fdc    00000018     main_pem4f.oem4f (.text:ti_sysbios_family_arm_m3_Hwi_Module__startupDone__F)
                  00007ff4    00000018     sysbios.aem4f : m3_TaskSupport_asm.obj (.text:ti_sysbios_family_arm_m3_TaskSupport_swap__E)
                  0000800c    00000018                   : BIOS.obj (.text:ti_sysbios_gates_GateMutex_leave__E)
                  00008024    00000018     main_pem4f.oem4f (.text:ti_sysbios_hal_Timer_Module__startupDone__F)
                  0000803c    00000018     ti.targets.arm.rtsarm.aem4f : Text.oem4f (.text:xdc_runtime_Text_ropeText__F)
                  00008054    00000016     ti.uia.runtime.aem4f : LoggerStopMode.oem4f (.text:ti_uia_runtime_LoggerStopMode_getFreeSize__E)
                  0000806a    00000016                          : LoggerStopMode.oem4f (.text:ti_uia_runtime_LoggerStopMode_getUnreadSize__E)
                  00008080    00000014     driverlib.lib : uart.obj (.text:UARTEnable)
                  00008094    00000014     rtsv7M4_T_le_v4SPD16_eabi.lib : _lock.obj (.text)
                  000080a8    00000014                                   : strlen.obj (.text)
                  000080bc    00000014     sysbios.aem4f : BIOS.obj (.text:ti_sysbios_family_arm_m3_Hwi_switchFromBootStack__E)
                  000080d0    00000014     main_pem4f.oem4f (.text:ti_sysbios_heaps_HeapMem_Object__get__S)
                  000080e4    00000014     main_pem4f.oem4f (.text:ti_sysbios_knl_Swi_Object__get__S)
                  000080f8    00000014     main_pem4f.oem4f (.text:ti_sysbios_knl_Task_Object__get__S)
                  0000810c    00000014     ti.targets.arm.rtsarm.aem4f : System.oem4f (.text:xdc_runtime_System_abort__F)
                  00008120    00000012     driverlib.lib : gpio.obj (.text:GPIOPinTypeGPIOInput)
                  00008132    00000012                   : gpio.obj (.text:GPIOPinTypeSSI)
                  00008144    00000012                   : gpio.obj (.text:GPIOPinTypeUART)
                  00008156    00000012                   : ssi.obj (.text:SSIDataGetNonBlocking)
                  00008168    00000012     rtsv7M4_T_le_v4SPD16_eabi.lib : copy_zero_init.obj (.text:decompress:ZI)
                  0000817a    00000012     sysbios.aem4f : BIOS.obj (.text:ti_sysbios_hal_Hwi_Module_startup__F)
                  0000818c    00000012                   : BIOS.obj (.text:ti_sysbios_hal_Timer_Module_startup__F)
                  0000819e    00000012     ti.uia.runtime.aem4f : LoggerStopMode.oem4f (.text:ti_uia_runtime_LoggerStopMode_write1__E)
                  000081b0    00000012                          : LoggerStopMode.oem4f (.text:ti_uia_runtime_LoggerStopMode_write2__E)
                  000081c2    00000012     main_pem4f.oem4f (.text:xdc_runtime_Startup_exec__I)
                  000081d4    00000010     rtsv7M4_T_le_v4SPD16_eabi.lib : strcpy.obj (.text)
                  000081e4    00000010     sysbios.aem4f : BIOS.obj (.text:ti_sysbios_BIOS_getCpuFreq__E)
                  000081f4    00000010                   : BIOS.obj (.text:ti_sysbios_BIOS_setThreadType__E)
                  00008204    00000010                   : BIOS.obj (.text:ti_sysbios_BIOS_start__E)
                  00008214    00000010                   : BIOS.obj (.text:ti_sysbios_family_arm_lm4_TimestampProvider_rolloverFunc__E)
                  00008224    00000010                   : BIOS.obj (.text:ti_sysbios_family_arm_m3_Hwi_excHandler__I)
                  00008234    00000010                   : m3_TaskSupport_asm.obj (.text:ti_sysbios_family_arm_m3_TaskSupport_glue)
                  00008244    00000010                   : m3_Hwi_asm_switch.obj (.text:ti_sysbios_family_xxx_Hwi_switchToIsrStack)
                  00008254    00000010                   : BIOS.obj (.text:ti_sysbios_gates_GateMutex_Instance_finalize__F)
                  00008264    00000010     main_pem4f.oem4f (.text:ti_sysbios_io_DEV_Object__get__S)
                  00008274    00000010     sysbios.aem4f : BIOS.obj (.text:ti_sysbios_knl_Semaphore_Instance_finalize__F)
                  00008284    00000010                   : BIOS.obj (.text:ti_sysbios_knl_Swi_disable__E)
                  00008294    00000010                   : BIOS.obj (.text:ti_sysbios_knl_Task_disable__E)
                  000082a4    00000010     main_pem4f.oem4f (.text:ti_uia_runtime_LoggerStopMode_Object__get__S)
                  000082b4    00000010     ti.uia.runtime.aem4f : LoggerStopMode.oem4f (.text:ti_uia_runtime_LoggerStopMode_write0__E)
                  000082c4    00000010     ti.targets.arm.rtsarm.aem4f : Gate.oem4f (.text:xdc_runtime_Gate_leaveSystem__F)
                  000082d4    00000010                                 : Memory.oem4f (.text:xdc_runtime_Memory_free__F)
                  000082e4    00000010                                 : SysMin.oem4f (.text:xdc_runtime_SysMin_ready__F)
                  000082f4    00000010                                 : System.oem4f (.text:xdc_runtime_System_vsnprintf__F)
                  00008304    00000010     main_pem4f.oem4f (.text:xdc_runtime_Text_visitRope__I)
                  00008314    0000000e     driverlib.lib : uart.obj (.text:UARTCharGetNonBlocking)
                  00008322    0000000e                   : uart.obj (.text:UARTCharPutNonBlocking)
                  00008330    0000000e     rtsv7M4_T_le_v4SPD16_eabi.lib : copy_decompress_none.obj (.text:decompress:none)
                  0000833e    0000000e     sysbios.aem4f : BIOS.obj (.text:ti_sysbios_knl_Queue_empty__E)
                  0000834c    0000000e     ti.uia.runtime.aem4f : LoggerStopMode.oem4f (.text:ti_uia_runtime_LoggerStopMode_isEmpty__E)
                  0000835a    00000002     --HOLE-- [fill = 0]
                  0000835c    0000000c     main_pem4f.oem4f (.text:.bootCodeSection:ti_catalog_arm_cortexm4_tiva_ce_Boot_init__I)
                  00008368    0000000c     sysbios.aem4f : BIOS.obj (.text:ti_sysbios_family_arm_lm4_Timer_masterDisable__I)
                  00008374    0000000c                   : BIOS.obj (.text:ti_sysbios_family_arm_lm4_TimestampProvider_startTimer__E)
                  00008380    0000000c     main_pem4f.oem4f (.text:ti_sysbios_family_arm_m3_Hwi_Params__init__S)
                  0000838c    0000000c     sysbios.aem4f : BIOS.obj (.text:ti_sysbios_family_arm_m3_Hwi_disableFxn__E)
                  00008398    0000000c                   : BIOS.obj (.text:ti_sysbios_family_arm_m3_TaskSupport_checkStack__E)
                  000083a4    0000000c                   : m3_Hwi_asm_switch.obj (.text:ti_sysbios_family_xxx_Hwi_switchToTaskStack)
                  000083b0    0000000c                   : BIOS.obj (.text:ti_sysbios_gates_GateHwi_enter__E)
                  000083bc    0000000c     main_pem4f.oem4f (.text:ti_sysbios_knl_Queue_Object__get__S)
                  000083c8    0000000c     main_pem4f.oem4f (.text:ti_sysbios_knl_Semaphore_Params__init__S)
                  000083d4    0000000c     sysbios.aem4f : BIOS.obj (.text:ti_sysbios_utils_Load_taskRegHook__E)
                  000083e0    0000000c     ti.targets.arm.rtsarm.aem4f : Error.oem4f (.text:xdc_runtime_Error_init__F)
                  000083ec    0000000c                                 : Gate.oem4f (.text:xdc_runtime_Gate_enterSystem__F)
                  000083f8    0000000c                                 : Memory.oem4f (.text:xdc_runtime_Memory_calloc__F)
                  00008404    0000000c                                 : Memory.oem4f (.text:xdc_runtime_Memory_getMaxDefaultTypeAlign__F)
                  00008410    0000000c                                 : System.oem4f (.text:xdc_runtime_System_exit__F)
                  0000841c    0000000c                                 : System.oem4f (.text:xdc_runtime_System_lastFxn__I)
                  00008428    0000000a     driverlib.lib : ssi.obj (.text:SSIDataPut)
                  00008432    0000000a                   : ssi.obj (.text:SSIEnable)
                  0000843c    0000000a                   : uart.obj (.text:UARTCharGet)
                  00008446    0000000a                   : uart.obj (.text:UARTCharPut)
                  00008450    0000000a                   : uart.obj (.text:UARTIntDisable)
                  0000845a    0000000a                   : uart.obj (.text:UARTIntStatus)
                  00008464    0000000a     main_pem4f.oem4f (.text:xdc_runtime_IHeap_alloc)
                  0000846e    0000000a     main_pem4f.oem4f (.text:xdc_runtime_IHeap_free)
                  00008478    00000008     driverlib.lib : ssi.obj (.text:SSIBusy)
                  00008480    00000008                   : uart.obj (.text:UARTIntEnable)
                  00008488    00000008     uart_tivaware.aem4f : UARTTiva.oem4f (.text:UARTTiva_init)
                  00008490    00000008                         : UARTTiva.oem4f (.text:readSemCallback)
                  00008498    00000008     sysbios.aem4f : BIOS.obj (.text:ti_sysbios_family_arm_m3_Hwi_doSwiRestore__I)
                  000084a0    00000008                   : BIOS.obj (.text:ti_sysbios_family_arm_m3_Hwi_startup__E)
                  000084a8    00000008                   : BIOS.obj (.text:ti_sysbios_knl_Idle_loop__E)
                  000084b0    00000008     uart_tivaware.aem4f : UARTTiva.oem4f (.text:writeSemCallback)
                  000084b8    00000006     driverlib.lib : gpio.obj (.text:GPIOPinWrite)
                  000084be    00000006                   : sysctl.obj (.text:SysCtlDelay)
                  000084c4    00000006                   : uart.obj (.text:UARTFIFOLevelSet)
                  000084ca    00000006     ti.targets.arm.rtsarm.aem4f : xdc_noinit.oem4f (.text:__xdc__init)
                  000084d0    00000006     rtsv7M4_T_le_v4SPD16_eabi.lib : copy_decompress_rle.obj (.text:decompress:rle24)
                  000084d6    00000006     Boot.aem4f : Boot_sysctl.oem4f (.text:ti_catalog_arm_cortexm4_tiva_ce_Boot_sysCtlDelayI__I)
                  000084dc    00000006     sysbios.aem4f : BIOS.obj (.text:ti_sysbios_family_arm_lm4_TimestampProvider_Module_startup__F)
                  000084e2    00000006                   : BIOS.obj (.text:ti_sysbios_family_arm_m3_Hwi_restoreFxn__E)
                  000084e8    00000006                   : BIOS.obj (.text:ti_sysbios_gates_GateHwi_leave__E)
                  000084ee    00000006                   : BIOS.obj (.text:ti_sysbios_heaps_HeapMem_isBlocking__E)
                  000084f4    00000006                   : BIOS.obj (.text:ti_sysbios_knl_Queue_Instance_init__F)
                  000084fa    00000006     ti.uia.runtime.aem4f : LoggerStopMode.oem4f (.text:ti_uia_runtime_LoggerStopMode_getPriority__E)
                  00008500    00000006                          : LoggerStopMode.oem4f (.text:ti_uia_runtime_LoggerStopMode_getTransferType__F)
                  00008506    00000006     ti.targets.arm.rtsarm.aem4f : System.oem4f (.text:xdc_runtime_System_Module_startup__F)
                  0000850c    00000004     driverlib.lib : uart.obj (.text:UARTIntClear)
                  00008510    00000004     main_pem4f.oem4f (.text:ti_sysbios_BIOS_RtsGateProxy_enter__E)
                  00008514    00000004     main_pem4f.oem4f (.text:ti_sysbios_BIOS_RtsGateProxy_leave__E)
                  00008518    00000004     sysbios.aem4f : BIOS.obj (.text:ti_sysbios_family_arm_lm4_Timer_getPeriod__E)
                  0000851c    00000004                   : BIOS.obj (.text:ti_sysbios_family_arm_lm4_Timer_masterEnable__I)
                  00008520    00000004     main_pem4f.oem4f (.text:ti_sysbios_family_arm_m3_TaskSupport_Module__startupDone__S)
                  00008524    00000004     sysbios.aem4f : BIOS.obj (.text:ti_sysbios_gates_GateHwi_query__F)
                  00008528    00000004                   : BIOS.obj (.text:ti_sysbios_gates_GateMutex_query__F)
                  0000852c    00000004     main_pem4f.oem4f (.text:ti_sysbios_hal_Hwi_HwiProxy_Module__startupDone__S)
                  00008530    00000004     main_pem4f.oem4f (.text:ti_sysbios_hal_Timer_TimerProxy_Module__startupDone__S)
                  00008534    00000004     main_pem4f.oem4f (.text:ti_sysbios_hal_Timer_TimerProxy_getPeriod__E)
                  00008538    00000004     main_pem4f.oem4f (.text:ti_sysbios_heaps_HeapMem_Module_GateProxy_enter__E)
                  0000853c    00000004     main_pem4f.oem4f (.text:ti_sysbios_heaps_HeapMem_Module_GateProxy_leave__E)
                  00008540    00000004     main_pem4f.oem4f (.text:ti_sysbios_knl_Task_SupportProxy_Module__startupDone__S)
                  00008544    00000004     sysbios.aem4f : BIOS.obj (.text:ti_sysbios_knl_Task_startup__E)
                  00008548    00000004     main_pem4f.oem4f (.text:ti_uia_runtime_LogSync_CpuTimestampProxy_Module__startupDone__S)
                  0000854c    00000004     main_pem4f.oem4f (.text:ti_uia_runtime_LogSync_GlobalTimestampProxy_Module__startupDone__S)
                  00008550    00000004     ti.uia.runtime.aem4f : LoggerStopMode.oem4f (.text:ti_uia_runtime_LoggerStopMode_getInstanceId__E)
                  00008554    00000004                          : LoggerStopMode.oem4f (.text:ti_uia_runtime_LoggerStopMode_getMaxLength__E)
                  00008558    00000004                          : LoggerStopMode.oem4f (.text:ti_uia_runtime_LoggerStopMode_setPriority__E)
                  0000855c    00000004     ti.targets.arm.rtsarm.aem4f : Error.oem4f (.text:xdc_runtime_Error_getSite__F)
                  00008560    00000004     main_pem4f.oem4f (.text:xdc_runtime_Memory_HeapProxy_alloc__E)
                  00008564    00000004     main_pem4f.oem4f (.text:xdc_runtime_Memory_HeapProxy_free__E)
                  00008568    00000004     main_pem4f.oem4f (.text:xdc_runtime_System_Module_GateProxy_enter__E)
                  0000856c    00000004     main_pem4f.oem4f (.text:xdc_runtime_System_Module_GateProxy_leave__E)
                  00008570    00000004     ti.targets.arm.rtsarm.aem4f : System.oem4f (.text:xdc_runtime_System_aprintf_va__F)
                  00008574    00000004                                 : System.oem4f (.text:xdc_runtime_System_printf_va__F)
                  00008578    00000004     main_pem4f.oem4f (.text:xdc_runtime_System_vsnprintf__E)
                  0000857c    00000004     main_pem4f.oem4f (.text:xdc_runtime_TimestampNull_Module__startupDone__S)
                  00008580    00000004     main_pem4f.oem4f (.text:xdc_runtime_Timestamp_Module__startupDone__S)

.const     0    00008584    00002ec8     
                  00008584    000023a7     main_pem4f.oem4f (.const:xdc_runtime_Text_charTab__A)
                  0000a92b    00000001     main_pem4f.oem4f (.const:xdc_runtime_Error_policy__C)
                  0000a92c    0000013c     main_pem4f.oem4f (.const:xdc_runtime_Text_nodeTab__A)
                  0000aa68    000000d8     main_pem4f.oem4f (.const:ti_sysbios_family_arm_m3_Hwi_priorities__A)
                  0000ab40    00000090     driverlib.lib : gpio.obj (.const:g_pui32GPIOBaseAddrs)
                  0000abd0    0000006c     EK_LM4F120XL.obj (.const:UART_config)
                  0000ac3c    0000006c     driverlib.lib : sysctl.obj (.const:g_pui32Xtals)
                  0000aca8    00000060     main_pem4f.oem4f (.const:ti_uia_runtime_LoggerStopMode_Module__FXNS__C)
                  0000ad08    00000048     main_pem4f.oem4f (.const:.string)
                  0000ad50    00000040     EK_LM4F120XL.obj (.const:uartTivaHWAttrs)
                  0000ad90    0000003c     EK_LM4F120XL.obj (.const:gpioHWAttrs)
                  0000adcc    00000034     main_pem4f.oem4f (.const:xdc_runtime_Startup_sfxnTab__A)
                  0000ae00    00000030     main_pem4f.oem4f (.const:ti_sysbios_family_arm_m3_Hwi_Object__PARAMS__C)
                  0000ae30    00000030     main_pem4f.oem4f (.const:ti_sysbios_knl_Task_hooks__A)
                  0000ae60    00000030     main_pem4f.oem4f (.const:ti_uia_runtime_LoggerStopMode_Object__PARAMS__C)
                  0000ae90    00000028     main_pem4f.oem4f (.const:ti_sysbios_heaps_HeapMem_Module__FXNS__C)
                  0000aeb8    00000024     uart_tivaware.aem4f : UARTTiva.oem4f (.const:UARTTiva_fxnTable)
                  0000aedc    00000024     main_pem4f.oem4f (.const:ti_sysbios_gates_GateHwi_Module__FXNS__C)
                  0000af00    00000024     main_pem4f.oem4f (.const:ti_sysbios_gates_GateMutex_Module__FXNS__C)
                  0000af24    00000024     main_pem4f.oem4f (.const:ti_sysbios_heaps_HeapMem_Object__PARAMS__C)
                  0000af48    00000024     main_pem4f.oem4f (.const:ti_sysbios_knl_Semaphore_Object__PARAMS__C)
                  0000af6c    00000020     main_pem4f.oem4f (.const:ti_sysbios_family_arm_m3_Hwi_Object__DESC__C)
                  0000af8c    00000020     main_pem4f.oem4f (.const:ti_sysbios_gates_GateHwi_Object__DESC__C)
                  0000afac    00000020     main_pem4f.oem4f (.const:ti_sysbios_gates_GateMutex_Object__DESC__C)
                  0000afcc    00000020     main_pem4f.oem4f (.const:ti_sysbios_heaps_HeapMem_Object__DESC__C)
                  0000afec    00000020     main_pem4f.oem4f (.const:ti_sysbios_knl_Queue_Object__DESC__C)
                  0000b00c    00000020     main_pem4f.oem4f (.const:ti_sysbios_knl_Semaphore_Object__DESC__C)
                  0000b02c    00000020     main_pem4f.oem4f (.const:ti_uia_runtime_LoggerStopMode_Object__DESC__C)
                  0000b04c    00000020     uart_tivaware.aem4f : UART.oem4f (.const)
                  0000b06c    0000001a     main_pem4f.oem4f (.const:xdc_runtime_Startup_sfxnRts__A)
                  0000b086    00000002     main_pem4f.oem4f (.const:ti_catalog_arm_cortexm4_tiva_ce_Boot_Module__id__C)
                  0000b088    00000018     EK_LM4F120XL.obj (.const)
                  0000b0a0    00000018     main_pem4f.oem4f (.const:ti_sysbios_gates_GateHwi_Object__PARAMS__C)
                  0000b0b8    00000018     main_pem4f.oem4f (.const:ti_sysbios_gates_GateMutex_Object__PARAMS__C)
                  0000b0d0    00000018     main_pem4f.oem4f (.const:ti_sysbios_knl_Queue_Object__PARAMS__C)
                  0000b0e8    00000016     tcp.obj (.const:.string)
                  0000b0fe    00000002     main_pem4f.oem4f (.const:ti_sysbios_BIOS_Module__id__C)
                  0000b100    00000014     main_pem4f.oem4f (.const:xdc_runtime_Startup_firstFxns__A)
                  0000b114    00000011     ti.targets.arm.rtsarm.aem4f : System.oem4f (.const)
                  0000b125    00000001     --HOLE-- [fill = 0]
                  0000b126    00000002     main_pem4f.oem4f (.const:ti_sysbios_family_arm_lm4_TimestampProvider_useClockTimer__C)
                  0000b128    00000008     main_pem4f.oem4f (.const:ti_sysbios_family_arm_m3_Hwi_excHookFuncs__A)
                  0000b130    00000008     main_pem4f.oem4f (.const:ti_sysbios_knl_Idle_coreList__A)
                  0000b138    00000008     main_pem4f.oem4f (.const:ti_sysbios_knl_Idle_coreList__C)
                  0000b140    00000008     main_pem4f.oem4f (.const:ti_sysbios_knl_Idle_funcList__A)
                  0000b148    00000008     main_pem4f.oem4f (.const:ti_sysbios_knl_Idle_funcList__C)
                  0000b150    00000008     main_pem4f.oem4f (.const:ti_sysbios_knl_Task_hooks__C)
                  0000b158    00000008     main_pem4f.oem4f (.const:xdc_runtime_Startup_firstFxns__C)
                  0000b160    00000008     main_pem4f.oem4f (.const:xdc_runtime_Startup_lastFxns__A)
                  0000b168    00000008     main_pem4f.oem4f (.const:xdc_runtime_Startup_lastFxns__C)
                  0000b170    00000004     main_pem4f.oem4f (.const:ti_catalog_arm_cortexm4_tiva_ce_Boot_A_mustUseEnhancedClockMode__C)
                  0000b174    00000004     main_pem4f.oem4f (.const:ti_catalog_arm_cortexm4_tiva_ce_Boot_Module__diagsEnabled__C)
                  0000b178    00000004     main_pem4f.oem4f (.const:ti_catalog_arm_cortexm4_tiva_ce_Boot_Module__diagsIncluded__C)
                  0000b17c    00000004     main_pem4f.oem4f (.const:ti_catalog_arm_cortexm4_tiva_ce_Boot_Module__diagsMask__C)
                  0000b180    00000004     main_pem4f.oem4f (.const:ti_sysbios_BIOS_Module__diagsEnabled__C)
                  0000b184    00000004     main_pem4f.oem4f (.const:ti_sysbios_BIOS_Module__diagsIncluded__C)
                  0000b188    00000004     main_pem4f.oem4f (.const:ti_sysbios_BIOS_Module__diagsMask__C)
                  0000b18c    00000004     main_pem4f.oem4f (.const:ti_sysbios_BIOS_installedErrorHook__C)
                  0000b190    00000004     main_pem4f.oem4f (.const:ti_sysbios_family_arm_lm4_Timer_enableFunc__C)
                  0000b194    00000004     main_pem4f.oem4f (.const:ti_sysbios_family_arm_lm4_Timer_numTimerDevices__C)
                  0000b198    00000004     main_pem4f.oem4f (.const:ti_sysbios_family_arm_lm4_Timer_startupNeeded__C)
                  0000b19c    00000004     main_pem4f.oem4f (.const:ti_sysbios_family_arm_m3_Hwi_E_NMI__C)
                  0000b1a0    00000004     main_pem4f.oem4f (.const:ti_sysbios_family_arm_m3_Hwi_E_alreadyDefined__C)
                  0000b1a4    00000004     main_pem4f.oem4f (.const:ti_sysbios_family_arm_m3_Hwi_E_busFault__C)
                  0000b1a8    00000004     main_pem4f.oem4f (.const:ti_sysbios_family_arm_m3_Hwi_E_debugMon__C)
                  0000b1ac    00000004     main_pem4f.oem4f (.const:ti_sysbios_family_arm_m3_Hwi_E_hardFault__C)
                  0000b1b0    00000004     main_pem4f.oem4f (.const:ti_sysbios_family_arm_m3_Hwi_E_memFault__C)
                  0000b1b4    00000004     main_pem4f.oem4f (.const:ti_sysbios_family_arm_m3_Hwi_E_noIsr__C)
                  0000b1b8    00000004     main_pem4f.oem4f (.const:ti_sysbios_family_arm_m3_Hwi_E_reserved__C)
                  0000b1bc    00000004     main_pem4f.oem4f (.const:ti_sysbios_family_arm_m3_Hwi_E_svCall__C)
                  0000b1c0    00000004     main_pem4f.oem4f (.const:ti_sysbios_family_arm_m3_Hwi_E_usageFault__C)
                  0000b1c4    00000004     main_pem4f.oem4f (.const:ti_sysbios_family_arm_m3_Hwi_LD_end__C)
                  0000b1c8    00000004     main_pem4f.oem4f (.const:ti_sysbios_family_arm_m3_Hwi_LM_begin__C)
                  0000b1cc    00000004     main_pem4f.oem4f (.const:ti_sysbios_family_arm_m3_Hwi_Module__diagsEnabled__C)
                  0000b1d0    00000004     main_pem4f.oem4f (.const:ti_sysbios_family_arm_m3_Hwi_Module__diagsIncluded__C)
                  0000b1d4    00000004     main_pem4f.oem4f (.const:ti_sysbios_family_arm_m3_Hwi_Module__diagsMask__C)
                  0000b1d8    00000004     main_pem4f.oem4f (.const:ti_sysbios_family_arm_m3_Hwi_Module__loggerFxn1__C)
                  0000b1dc    00000004     main_pem4f.oem4f (.const:ti_sysbios_family_arm_m3_Hwi_Module__loggerFxn8__C)
                  0000b1e0    00000004     main_pem4f.oem4f (.const:ti_sysbios_family_arm_m3_Hwi_Module__loggerObj__C)
                  0000b1e4    00000004     main_pem4f.oem4f (.const:ti_sysbios_family_arm_m3_Hwi_NUM_INTERRUPTS__C)
                  0000b1e8    00000004     main_pem4f.oem4f (.const:ti_sysbios_family_arm_m3_Hwi_ccr__C)
                  0000b1ec    00000004     main_pem4f.oem4f (.const:ti_sysbios_family_arm_m3_Hwi_dispatchTable__C)
                  0000b1f0    00000004     main_pem4f.oem4f (.const:ti_sysbios_family_arm_m3_Hwi_excHandlerFunc__C)
                  0000b1f4    00000004     main_pem4f.oem4f (.const:ti_sysbios_family_arm_m3_Hwi_excHookFuncs__C)
                  0000b1f8    00000004     main_pem4f.oem4f (.const:ti_sysbios_family_arm_m3_Hwi_priGroup__C)
                  0000b1fc    00000004     main_pem4f.oem4f (.const:ti_sysbios_family_arm_m3_Hwi_priorities__C)
                  0000b200    00000004     main_pem4f.oem4f (.const:ti_sysbios_gates_GateMutex_A_badContext__C)
                  0000b204    00000004     main_pem4f.oem4f (.const:ti_sysbios_gates_GateMutex_Instance_State_sem__O)
                  0000b208    00000004     main_pem4f.oem4f (.const:ti_sysbios_gates_GateMutex_Module__diagsEnabled__C)
                  0000b20c    00000004     main_pem4f.oem4f (.const:ti_sysbios_gates_GateMutex_Module__diagsIncluded__C)
                  0000b210    00000004     main_pem4f.oem4f (.const:ti_sysbios_gates_GateMutex_Module__diagsMask__C)
                  0000b214    00000004     main_pem4f.oem4f (.const:ti_sysbios_hal_Hwi_E_stackOverflow__C)
                  0000b218    00000004     main_pem4f.oem4f (.const:ti_sysbios_heaps_HeapMem_A_align__C)
                  0000b21c    00000004     main_pem4f.oem4f (.const:ti_sysbios_heaps_HeapMem_A_heapSize__C)
                  0000b220    00000004     main_pem4f.oem4f (.const:ti_sysbios_heaps_HeapMem_A_invalidFree__C)
                  0000b224    00000004     main_pem4f.oem4f (.const:ti_sysbios_heaps_HeapMem_A_zeroBlock__C)
                  0000b228    00000004     main_pem4f.oem4f (.const:ti_sysbios_heaps_HeapMem_E_memory__C)
                  0000b22c    00000004     main_pem4f.oem4f (.const:ti_sysbios_heaps_HeapMem_Module__diagsEnabled__C)
                  0000b230    00000004     main_pem4f.oem4f (.const:ti_sysbios_heaps_HeapMem_Module__diagsIncluded__C)
                  0000b234    00000004     main_pem4f.oem4f (.const:ti_sysbios_heaps_HeapMem_Module__diagsMask__C)
                  0000b238    00000004     main_pem4f.oem4f (.const:ti_sysbios_heaps_HeapMem_Module__gateObj__C)
                  0000b23c    00000004     main_pem4f.oem4f (.const:ti_sysbios_heaps_HeapMem_Object__count__C)
                  0000b240    00000004     main_pem4f.oem4f (.const:ti_sysbios_heaps_HeapMem_reqAlign__C)
                  0000b244    00000004     main_pem4f.oem4f (.const:ti_sysbios_io_DEV_Object__count__C)
                  0000b248    00000004     main_pem4f.oem4f (.const:ti_sysbios_io_DEV_tableSize__C)
                  0000b24c    00000004     main_pem4f.oem4f (.const:ti_sysbios_knl_Clock_LM_begin__C)
                  0000b250    00000004     main_pem4f.oem4f (.const:ti_sysbios_knl_Clock_LM_tick__C)
                  0000b254    00000004     main_pem4f.oem4f (.const:ti_sysbios_knl_Clock_LW_delayed__C)
                  0000b258    00000004     main_pem4f.oem4f (.const:ti_sysbios_knl_Clock_Module_State_clockQ__O)
                  0000b25c    00000004     main_pem4f.oem4f (.const:ti_sysbios_knl_Clock_Module__diagsEnabled__C)
                  0000b260    00000004     main_pem4f.oem4f (.const:ti_sysbios_knl_Clock_Module__diagsIncluded__C)
                  0000b264    00000004     main_pem4f.oem4f (.const:ti_sysbios_knl_Clock_Module__diagsMask__C)
                  0000b268    00000004     main_pem4f.oem4f (.const:ti_sysbios_knl_Clock_Module__loggerFxn1__C)
                  0000b26c    00000004     main_pem4f.oem4f (.const:ti_sysbios_knl_Clock_Module__loggerFxn2__C)
                  0000b270    00000004     main_pem4f.oem4f (.const:ti_sysbios_knl_Clock_Module__loggerObj__C)
                  0000b274    00000004     main_pem4f.oem4f (.const:ti_sysbios_knl_Semaphore_A_badContext__C)
                  0000b278    00000004     main_pem4f.oem4f (.const:ti_sysbios_knl_Semaphore_A_noEvents__C)
                  0000b27c    00000004     main_pem4f.oem4f (.const:ti_sysbios_knl_Semaphore_A_overflow__C)
                  0000b280    00000004     main_pem4f.oem4f (.const:ti_sysbios_knl_Semaphore_A_pendTaskDisabled__C)
                  0000b284    00000004     main_pem4f.oem4f (.const:ti_sysbios_knl_Semaphore_Instance_State_pendQ__O)
                  0000b288    00000004     main_pem4f.oem4f (.const:ti_sysbios_knl_Semaphore_LM_pend__C)
                  0000b28c    00000004     main_pem4f.oem4f (.const:ti_sysbios_knl_Semaphore_LM_post__C)
                  0000b290    00000004     main_pem4f.oem4f (.const:ti_sysbios_knl_Semaphore_Module__diagsEnabled__C)
                  0000b294    00000004     main_pem4f.oem4f (.const:ti_sysbios_knl_Semaphore_Module__diagsIncluded__C)
                  0000b298    00000004     main_pem4f.oem4f (.const:ti_sysbios_knl_Semaphore_Module__diagsMask__C)
                  0000b29c    00000004     main_pem4f.oem4f (.const:ti_sysbios_knl_Semaphore_Module__loggerFxn2__C)
                  0000b2a0    00000004     main_pem4f.oem4f (.const:ti_sysbios_knl_Semaphore_Module__loggerFxn4__C)
                  0000b2a4    00000004     main_pem4f.oem4f (.const:ti_sysbios_knl_Semaphore_Module__loggerObj__C)
                  0000b2a8    00000004     main_pem4f.oem4f (.const:ti_sysbios_knl_Swi_LD_end__C)
                  0000b2ac    00000004     main_pem4f.oem4f (.const:ti_sysbios_knl_Swi_LM_begin__C)
                  0000b2b0    00000004     main_pem4f.oem4f (.const:ti_sysbios_knl_Swi_LM_post__C)
                  0000b2b4    00000004     main_pem4f.oem4f (.const:ti_sysbios_knl_Swi_Module__diagsEnabled__C)
                  0000b2b8    00000004     main_pem4f.oem4f (.const:ti_sysbios_knl_Swi_Module__diagsIncluded__C)
                  0000b2bc    00000004     main_pem4f.oem4f (.const:ti_sysbios_knl_Swi_Module__diagsMask__C)
                  0000b2c0    00000004     main_pem4f.oem4f (.const:ti_sysbios_knl_Swi_Module__loggerFxn1__C)
                  0000b2c4    00000004     main_pem4f.oem4f (.const:ti_sysbios_knl_Swi_Module__loggerFxn4__C)
                  0000b2c8    00000004     main_pem4f.oem4f (.const:ti_sysbios_knl_Swi_Module__loggerObj__C)
                  0000b2cc    00000004     main_pem4f.oem4f (.const:ti_sysbios_knl_Swi_Object__count__C)
                  0000b2d0    00000004     main_pem4f.oem4f (.const:ti_sysbios_knl_Task_E_spOutOfBounds__C)
                  0000b2d4    00000004     main_pem4f.oem4f (.const:ti_sysbios_knl_Task_E_stackOverflow__C)
                  0000b2d8    00000004     main_pem4f.oem4f (.const:ti_sysbios_knl_Task_LD_block__C)
                  0000b2dc    00000004     main_pem4f.oem4f (.const:ti_sysbios_knl_Task_LD_exit__C)
                  0000b2e0    00000004     main_pem4f.oem4f (.const:ti_sysbios_knl_Task_LD_ready__C)
                  0000b2e4    00000004     main_pem4f.oem4f (.const:ti_sysbios_knl_Task_LM_switch__C)
                  0000b2e8    00000004     main_pem4f.oem4f (.const:ti_sysbios_knl_Task_Module_State_inactiveQ__O)
                  0000b2ec    00000004     main_pem4f.oem4f (.const:ti_sysbios_knl_Task_Module__diagsEnabled__C)
                  0000b2f0    00000004     main_pem4f.oem4f (.const:ti_sysbios_knl_Task_Module__diagsIncluded__C)
                  0000b2f4    00000004     main_pem4f.oem4f (.const:ti_sysbios_knl_Task_Module__diagsMask__C)
                  0000b2f8    00000004     main_pem4f.oem4f (.const:ti_sysbios_knl_Task_Module__loggerFxn2__C)
                  0000b2fc    00000004     main_pem4f.oem4f (.const:ti_sysbios_knl_Task_Module__loggerFxn4__C)
                  0000b300    00000004     main_pem4f.oem4f (.const:ti_sysbios_knl_Task_Module__loggerObj__C)
                  0000b304    00000004     main_pem4f.oem4f (.const:ti_sysbios_knl_Task_Object__count__C)
                  0000b308    00000004     main_pem4f.oem4f (.const:ti_sysbios_knl_Task_Object__heap__C)
                  0000b30c    00000004     main_pem4f.oem4f (.const:ti_sysbios_knl_Task_allBlockedFunc__C)
                  0000b310    00000004     main_pem4f.oem4f (.const:ti_sysbios_knl_Task_numConstructedTasks__C)
                  0000b314    00000004     main_pem4f.oem4f (.const:ti_sysbios_utils_Load_LS_cpuLoad__C)
                  0000b318    00000004     main_pem4f.oem4f (.const:ti_sysbios_utils_Load_LS_hwiLoad__C)
                  0000b31c    00000004     main_pem4f.oem4f (.const:ti_sysbios_utils_Load_LS_taskLoad__C)
                  0000b320    00000004     main_pem4f.oem4f (.const:ti_sysbios_utils_Load_Module_State_taskList__O)
                  0000b324    00000004     main_pem4f.oem4f (.const:ti_sysbios_utils_Load_Module__diagsEnabled__C)
                  0000b328    00000004     main_pem4f.oem4f (.const:ti_sysbios_utils_Load_Module__diagsIncluded__C)
                  0000b32c    00000004     main_pem4f.oem4f (.const:ti_sysbios_utils_Load_Module__diagsMask__C)
                  0000b330    00000004     main_pem4f.oem4f (.const:ti_sysbios_utils_Load_Module__loggerFxn1__C)
                  0000b334    00000004     main_pem4f.oem4f (.const:ti_sysbios_utils_Load_Module__loggerFxn2__C)
                  0000b338    00000004     main_pem4f.oem4f (.const:ti_sysbios_utils_Load_Module__loggerFxn4__C)
                  0000b33c    00000004     main_pem4f.oem4f (.const:ti_sysbios_utils_Load_Module__loggerObj__C)
                  0000b340    00000004     main_pem4f.oem4f (.const:ti_sysbios_utils_Load_postUpdate__C)
                  0000b344    00000004     main_pem4f.oem4f (.const:ti_sysbios_utils_Load_windowInMs__C)
                  0000b348    00000004     main_pem4f.oem4f (.const:ti_uia_runtime_ILoggerSnapshot_Interface__BASE__C)
                  0000b34c    00000004     main_pem4f.oem4f (.const:ti_uia_runtime_IUIATransfer_Interface__BASE__C)
                  0000b350    00000004     main_pem4f.oem4f (.const:ti_uia_runtime_LoggerStopMode_E_badLevel__C)
                  0000b354    00000004     main_pem4f.oem4f (.const:ti_uia_runtime_LoggerStopMode_Object__count__C)
                  0000b358    00000004     main_pem4f.oem4f (.const:ti_uia_runtime_LoggerStopMode_overflowLogger__C)
                  0000b35c    00000004     main_pem4f.oem4f (.const:ti_uia_runtime_LoggerStopMode_statusLogger__C)
                  0000b360    00000004     main_pem4f.oem4f (.const:xdc_runtime_Assert_E_assertFailed__C)
                  0000b364    00000004     main_pem4f.oem4f (.const:xdc_runtime_Core_A_initializedParams__C)
                  0000b368    00000004     main_pem4f.oem4f (.const:xdc_runtime_Core_Module__diagsEnabled__C)
                  0000b36c    00000004     main_pem4f.oem4f (.const:xdc_runtime_Core_Module__diagsIncluded__C)
                  0000b370    00000004     main_pem4f.oem4f (.const:xdc_runtime_Core_Module__diagsMask__C)
                  0000b374    00000004     main_pem4f.oem4f (.const:xdc_runtime_Error_E_generic__C)
                  0000b378    00000004     main_pem4f.oem4f (.const:xdc_runtime_Error_E_memory__C)
                  0000b37c    00000004     main_pem4f.oem4f (.const:xdc_runtime_Error_Module__diagsEnabled__C)
                  0000b380    00000004     main_pem4f.oem4f (.const:xdc_runtime_Error_Module__diagsIncluded__C)
                  0000b384    00000004     main_pem4f.oem4f (.const:xdc_runtime_Error_Module__diagsMask__C)
                  0000b388    00000004     main_pem4f.oem4f (.const:xdc_runtime_Error_Module__loggerFxn8__C)
                  0000b38c    00000004     main_pem4f.oem4f (.const:xdc_runtime_Error_Module__loggerObj__C)
                  0000b390    00000004     main_pem4f.oem4f (.const:xdc_runtime_Error_raiseHook__C)
                  0000b394    00000004     main_pem4f.oem4f (.const:xdc_runtime_IFilterLogger_Interface__BASE__C)
                  0000b398    00000004     main_pem4f.oem4f (.const:xdc_runtime_IGateProvider_Interface__BASE__C)
                  0000b39c    00000004     main_pem4f.oem4f (.const:xdc_runtime_IHeap_Interface__BASE__C)
                  0000b3a0    00000004     main_pem4f.oem4f (.const:xdc_runtime_ILogger_Interface__BASE__C)
                  0000b3a4    00000004     main_pem4f.oem4f (.const:xdc_runtime_IModule_Interface__BASE__C)
                  0000b3a8    00000004     main_pem4f.oem4f (.const:xdc_runtime_Log_L_error__C)
                  0000b3ac    00000004     main_pem4f.oem4f (.const:xdc_runtime_Log_L_warning__C)
                  0000b3b0    00000004     main_pem4f.oem4f (.const:xdc_runtime_Main_Module__diagsEnabled__C)
                  0000b3b4    00000004     main_pem4f.oem4f (.const:xdc_runtime_Main_Module__diagsIncluded__C)
                  0000b3b8    00000004     main_pem4f.oem4f (.const:xdc_runtime_Main_Module__diagsMask__C)
                  0000b3bc    00000004     main_pem4f.oem4f (.const:xdc_runtime_Main_Module__loggerFxn2__C)
                  0000b3c0    00000004     main_pem4f.oem4f (.const:xdc_runtime_Main_Module__loggerFxn4__C)
                  0000b3c4    00000004     main_pem4f.oem4f (.const:xdc_runtime_Main_Module__loggerObj__C)
                  0000b3c8    00000004     main_pem4f.oem4f (.const:xdc_runtime_Memory_defaultHeapInstance__C)
                  0000b3cc    00000004     main_pem4f.oem4f (.const:xdc_runtime_Startup_execImpl__C)
                  0000b3d0    00000004     main_pem4f.oem4f (.const:xdc_runtime_Startup_maxPasses__C)
                  0000b3d4    00000004     main_pem4f.oem4f (.const:xdc_runtime_Startup_sfxnRts__C)
                  0000b3d8    00000004     main_pem4f.oem4f (.const:xdc_runtime_Startup_sfxnTab__C)
                  0000b3dc    00000004     main_pem4f.oem4f (.const:xdc_runtime_SysMin_bufSize__C)
                  0000b3e0    00000004     main_pem4f.oem4f (.const:xdc_runtime_SysMin_outputFunc__C)
                  0000b3e4    00000004     main_pem4f.oem4f (.const:xdc_runtime_System_Module__gateObj__C)
                  0000b3e8    00000004     main_pem4f.oem4f (.const:xdc_runtime_System_extendFxn__C)
                  0000b3ec    00000004     main_pem4f.oem4f (.const:xdc_runtime_System_maxAtexitHandlers__C)
                  0000b3f0    00000004     main_pem4f.oem4f (.const:xdc_runtime_Text_charTab__C)
                  0000b3f4    00000004     main_pem4f.oem4f (.const:xdc_runtime_Text_nameEmpty__C)
                  0000b3f8    00000004     main_pem4f.oem4f (.const:xdc_runtime_Text_nameStatic__C)
                  0000b3fc    00000004     main_pem4f.oem4f (.const:xdc_runtime_Text_nameUnknown__C)
                  0000b400    00000004     main_pem4f.oem4f (.const:xdc_runtime_Text_nodeTab__C)
                  0000b404    00000004     main_pem4f.oem4f (.const:xdc_runtime_Text_visitRopeFxn__C)
                  0000b408    00000002     main_pem4f.oem4f (.const:ti_sysbios_family_arm_m3_Hwi_Module__id__C)
                  0000b40a    00000002     main_pem4f.oem4f (.const:ti_sysbios_family_arm_m3_Hwi_Module__loggerDefined__C)
                  0000b40c    00000002     main_pem4f.oem4f (.const:ti_sysbios_gates_GateMutex_Module__id__C)
                  0000b40e    00000002     main_pem4f.oem4f (.const:ti_sysbios_hal_Hwi_Module__id__C)
                  0000b410    00000002     main_pem4f.oem4f (.const:ti_sysbios_heaps_HeapMem_Module__id__C)
                  0000b412    00000002     main_pem4f.oem4f (.const:ti_sysbios_io_DEV_Module__id__C)
                  0000b414    00000002     main_pem4f.oem4f (.const:ti_sysbios_knl_Clock_Module__id__C)
                  0000b416    00000002     main_pem4f.oem4f (.const:ti_sysbios_knl_Clock_Module__loggerDefined__C)
                  0000b418    00000002     main_pem4f.oem4f (.const:ti_sysbios_knl_Semaphore_Module__id__C)
                  0000b41a    00000002     main_pem4f.oem4f (.const:ti_sysbios_knl_Semaphore_Module__loggerDefined__C)
                  0000b41c    00000002     main_pem4f.oem4f (.const:ti_sysbios_knl_Swi_Module__id__C)
                  0000b41e    00000002     main_pem4f.oem4f (.const:ti_sysbios_knl_Swi_Module__loggerDefined__C)
                  0000b420    00000002     main_pem4f.oem4f (.const:ti_sysbios_knl_Task_Module__id__C)
                  0000b422    00000002     main_pem4f.oem4f (.const:ti_sysbios_knl_Task_Module__loggerDefined__C)
                  0000b424    00000002     main_pem4f.oem4f (.const:ti_sysbios_knl_Task_initStackFlag__C)
                  0000b426    00000002     main_pem4f.oem4f (.const:ti_sysbios_utils_Load_Module__id__C)
                  0000b428    00000002     main_pem4f.oem4f (.const:ti_sysbios_utils_Load_Module__loggerDefined__C)
                  0000b42a    00000002     main_pem4f.oem4f (.const:ti_sysbios_utils_Load_autoAddTasks__C)
                  0000b42c    00000002     main_pem4f.oem4f (.const:ti_sysbios_utils_Load_hwiEnabled__C)
                  0000b42e    00000002     main_pem4f.oem4f (.const:ti_sysbios_utils_Load_updateInIdle__C)
                  0000b430    00000002     main_pem4f.oem4f (.const:ti_uia_runtime_LoggerStopMode_Module__id__C)
                  0000b432    00000002     main_pem4f.oem4f (.const:ti_uia_runtime_LoggerStopMode_filterByLevel__C)
                  0000b434    00000002     main_pem4f.oem4f (.const:ti_uia_runtime_LoggerStopMode_isTimestampEnabled__C)
                  0000b436    00000002     main_pem4f.oem4f (.const:xdc_runtime_Core_Module__id__C)
                  0000b438    00000002     main_pem4f.oem4f (.const:xdc_runtime_Error_Module__loggerDefined__C)
                  0000b43a    00000002     main_pem4f.oem4f (.const:xdc_runtime_Error_maxDepth__C)
                  0000b43c    00000002     main_pem4f.oem4f (.const:xdc_runtime_Main_Module__id__C)
                  0000b43e    00000002     main_pem4f.oem4f (.const:xdc_runtime_Main_Module__loggerDefined__C)
                  0000b440    00000002     main_pem4f.oem4f (.const:xdc_runtime_Memory_Module__id__C)
                  0000b442    00000002     main_pem4f.oem4f (.const:xdc_runtime_SysMin_flushAtExit__C)
                  0000b444    00000002     main_pem4f.oem4f (.const:xdc_runtime_Text_charCnt__C)
                  0000b446    00000002     main_pem4f.oem4f (.const:xdc_runtime_Text_isLoaded__C)
                  0000b448    00000002     main_pem4f.oem4f (.const:xdc_runtime_Text_registryModsLastId__C)
                  0000b44a    00000002     main_pem4f.oem4f (.const:xdc_runtime_Text_unnamedModsLastId__C)

.cinit     0    0000b450    000005d8     
                  0000b450    000005a1     (.cinit..data.load) [load image, compression = rle]
                  0000b9f1    00000003     --HOLE-- [fill = 0]
                  0000b9f4    0000000c     (__TI_handler_table)
                  0000ba00    00000008     (.cinit..bss.load) [load image, compression = zero_init]
                  0000ba08    00000008     (.cinit..vecs.load) [load image, compression = zero_init]
                  0000ba10    00000018     (__TI_cinit_table)

.vecs      0    20000000    00000360     UNINITIALIZED
                  20000000    00000360     main_pem4f.oem4f (.vecs)

.bss       0    20000360    00003d00     UNINITIALIZED
                  20000360    00001800     main_pem4f.oem4f (.bss:taskStackSection)
                  20001b60    00001000     main_pem4f.oem4f (.bss:ti_sysbios_heaps_HeapMem_Instance_State_0_buf__A)
                  20002b60    00000480     main_pem4f.oem4f (.bss:ti_uia_runtime_LoggerStopMode_Instance_State_1_bufferArray__A)
                  20002fe0    00000480     main_pem4f.oem4f (.bss:ti_uia_runtime_LoggerStopMode_Instance_State_2_bufferArray__A)
                  20003460    00000440     EK_LM4F120XL.obj (.bss:uartTivaObjects)
                  200038a0    00000400     main_pem4f.oem4f (.bss:xdc_runtime_SysMin_Module_State_0_outbuf__A)
                  20003ca0    00000280     main_pem4f.oem4f (.bss:ti_uia_runtime_LoggerStopMode_Instance_State_0_bufferArray__A)
                  20003f20    00000120     rtsv7M4_T_le_v4SPD16_eabi.lib : trgmsg.obj (.bss:__CIOBUF_)
                  20004040    00000008     (.common:parmbuf)
                  20004048    00000008     (.common:ti_sysbios_knl_Task_Instance_State_0_hookEnv__A)
                  20004050    00000008     (.common:ti_sysbios_knl_Task_Instance_State_1_hookEnv__A)
                  20004058    00000008     (.common:ti_sysbios_knl_Task_Instance_State_2_hookEnv__A)

.stack     0    20004060    00001000     UNINITIALIZED
                  20004060    00001000     --HOLE--

.data      0    20005060    00000b6c     UNINITIALIZED
                  20005060    00000360     main_pem4f.oem4f (.data:ti_sysbios_family_arm_m3_Hwi_Module_State_0_dispatchTable__A)
                  200053c0    000001fc     main_pem4f.oem4f (.data)
                  200055bc    00000108     main_pem4f.oem4f (.data:ti_uia_runtime_LoggerStopMode_Object__table__V)
                  200056c4    000000f0     main_pem4f.oem4f (.data:ti_sysbios_knl_Task_Object__table__V)
                  200057b4    00000098     main_pem4f.oem4f (.data:ti_sysbios_utils_Load_Module__state__V)
                  2000584c    00000080     main_pem4f.oem4f (.data:ti_sysbios_knl_Swi_Module_State_0_readyQ__A)
                  200058cc    00000080     main_pem4f.oem4f (.data:ti_sysbios_knl_Task_Module_State_0_readyQ__A)
                  2000594c    00000070     main_pem4f.oem4f (.data:ti_sysbios_family_arm_lm4_Timer_Object__table__V)
                  200059bc    0000005c     main_pem4f.oem4f (.data:ti_sysbios_family_arm_m3_Hwi_Module__state__V)
                  20005a18    00000054     main_pem4f.oem4f (.data:ti_sysbios_utils_Load_Module_State_0_taskEnv__A)
                  20005a6c    00000044     main_pem4f.oem4f (.data:ti_sysbios_knl_Task_Module__state__V)
                  20005ab0    00000038     main_pem4f.oem4f (.data:ti_sysbios_gates_GateMutex_Object__table__V)
                  20005ae8    00000030     main_pem4f.oem4f (.data:ti_sysbios_family_arm_lm4_Timer_Module_State_0_device__A)
                  20005b18    00000030     main_pem4f.oem4f (.data:ti_sysbios_family_arm_m3_Hwi_Object__table__V)
                  20005b48    00000030     main_pem4f.oem4f (.data:ti_sysbios_knl_Swi_Object__table__V)
                  20005b78    00000028     main_pem4f.oem4f (.data:ti_sysbios_knl_Clock_Module__state__V)
                  20005ba0    00000008     gpio_tivaware.aem4f : GPIO.oem4f (.data)
                  20005ba8    00000008     rtsv7M4_T_le_v4SPD16_eabi.lib : _lock.obj (.data)
                  20005bb0    00000008                                   : exit.obj (.data)
                  20005bb8    00000008     ti.uia.runtime.aem4f : QueueDescriptor.oem4f (.data)
                  20005bc0    00000004     rtsv7M4_T_le_v4SPD16_eabi.lib : dtor_list.obj (.data)
                  20005bc4    00000004                                   : stkdepth_vars.obj (.data)
                  20005bc8    00000004     uart_tivaware.aem4f : UART.oem4f (.data)


LINKER GENERATED COPY TABLES

__TI_cinit_table @ 0000ba10 records: 3, size/record: 8, table size: 24
	.data: load addr=0000b450, load size=000005a1 bytes, run addr=20005060, run size=00000b6c bytes, compression=rle
	.bss: load addr=0000ba00, load size=00000008 bytes, run addr=20000360, run size=00003d00 bytes, compression=zero_init
	.vecs: load addr=0000ba08, load size=00000008 bytes, run addr=20000000, run size=00000360 bytes, compression=zero_init


LINKER GENERATED HANDLER TABLE

__TI_handler_table @ 0000b9f4 records: 3, size/record: 4, table size: 12
	index: 0, handler: __TI_zero_init
	index: 1, handler: __TI_decompress_rle24
	index: 2, handler: __TI_decompress_none


GLOBAL SYMBOLS: SORTED ALPHABETICALLY BY Name 

address    name
--------   ----
00006ef1   C$$EXIT
0000668f   C$$IO$$
00005c05   EK_LM4F120XL_initGPIO
000071d9   EK_LM4F120XL_initGeneral
00003e95   EK_LM4F120XL_initUART
000079d9   GPIODirModeSet
000038b1   GPIOPadConfigSet
00006c25   GPIOPinConfigure
00008121   GPIOPinTypeGPIOInput
00007f7b   GPIOPinTypeGPIOOutput
00008133   GPIOPinTypeSSI
00008145   GPIOPinTypeUART
000084b9   GPIOPinWrite
0000b088   GPIO_config
00007b21   GPIO_init
000048c1   GPIO_write
00001035   HOSTclock
00000ffd   HOSTclose
00000fbf   HOSTgetenv
00000f63   HOSTlseek
00000f11   HOSTopen
00000ec5   HOSTread
00000e67   HOSTrename
00000e2d   HOSTtime
00000df5   HOSTunlink
00000da9   HOSTwrite
UNDEFED    SHT$$INIT_ARRAY$$Base
UNDEFED    SHT$$INIT_ARRAY$$Limit
00006c6d   SPI_Read
00006a49   SPI_Send
00008479   SSIBusy
00007111   SSIConfigSetExpClk
00008157   SSIDataGetNonBlocking
00008429   SSIDataPut
00008433   SSIEnable
00004b79   SysCtlClockGet
000084bf   SysCtlDelay
000075c1   SysCtlPeripheralEnable
20005764   TSK_idle
0000843d   UARTCharGet
00008315   UARTCharGetNonBlocking
00008447   UARTCharPut
00008323   UARTCharPutNonBlocking
00007153   UARTConfigSetExpClk
00007dcd   UARTDisable
00008081   UARTEnable
000084c5   UARTFIFOLevelSet
0000850d   UARTIntClear
00008451   UARTIntDisable
00008481   UARTIntEnable
0000845b   UARTIntStatus
00005749   UARTTiva_close
0000aeb8   UARTTiva_fxnTable
00008489   UARTTiva_init
0000107d   UARTTiva_open
00001e05   UARTTiva_read
00004d01   UARTTiva_readCancel
00002695   UARTTiva_readPolling
00001c01   UARTTiva_write
00004c41   UARTTiva_writeCancel
00002ac5   UARTTiva_writePolling
000075f5   UART_Params_init
0000abd0   UART_config
0000b04c   UART_defaultParams
000073c9   UART_init
00006cb5   UART_open
00007629   UART_write
00000000   __ASM__
20003f20   __CIOBUF_
00000073   __ISA__
00000086   __PLAT__
20005060   __STACK_END
00001000   __STACK_SIZE
20004160   __STACK_TOP
000000a7   __TARG__
0000ba10   __TI_CINIT_Base
0000ba28   __TI_CINIT_Limit
0000b9f4   __TI_Handler_Table_Base
0000ba00   __TI_Handler_Table_Limit
00000001   __TI_args_main
000057e9   __TI_auto_init
20005bb0   __TI_cleanup_ptr
00008331   __TI_decompress_none
000084d1   __TI_decompress_rle24
20005bb4   __TI_dtors_ptr
00006693   __TI_readmsg
00000000   __TI_static_base__
00006665   __TI_writemsg
00008169   __TI_zero_init
000000cd   __TRDR__
00004731   __aeabi_atexit
00005f1f   __aeabi_memclr
00005f1f   __aeabi_memclr4
00005f1f   __aeabi_memclr8
00005889   __aeabi_memcpy
00005889   __aeabi_memcpy4
00005889   __aeabi_memcpy8
00005f21   __aeabi_memset
00005f21   __aeabi_memset4
00005f21   __aeabi_memset8
ffffffff   __binit__
ffffffff   __c_args__
0000471f   __cxa_atexit
000046d9   __cxa_finalize
00004719   __cxa_ia64_exit
20004060   __stack
000084cb   __xdc__init
200055b8   __xdc__init__addr
00007fad   _args_main
00006899   _c_int00
20005ba8   _lock
000080a3   _nop
0000809b   _register_lock
00008095   _register_unlock
20005bac   _unlock
00006ef5   abort
00004723   atexit
ffffffff   binit
00006ead   copy_in
00006efd   exit
00007f93   free
0000ad90   gpioHWAttrs
0000765d   init_mux_pins
00006605   init_spi
000069a1   init_uart
000076f9   main
20005bc4   main_func_sp
0000781d   malloc
00005889   memcpy
00005f27   memset
00005d15   mux_1
000021c9   set_up_tcp
000081d5   strcpy
000080a9   strlen
00007a2d   tcp
0000b170   ti_catalog_arm_cortexm4_tiva_ce_Boot_A_mustUseEnhancedClockMode__C
0000b174   ti_catalog_arm_cortexm4_tiva_ce_Boot_Module__diagsEnabled__C
0000b178   ti_catalog_arm_cortexm4_tiva_ce_Boot_Module__diagsIncluded__C
0000b17c   ti_catalog_arm_cortexm4_tiva_ce_Boot_Module__diagsMask__C
0000b086   ti_catalog_arm_cortexm4_tiva_ce_Boot_Module__id__C
0000835d   ti_catalog_arm_cortexm4_tiva_ce_Boot_init__I
000040d9   ti_catalog_arm_cortexm4_tiva_ce_Boot_sysCtlClockSetI__I
000059c1   ti_catalog_arm_cortexm4_tiva_ce_Boot_sysCtlClockSet__E
000084d7   ti_catalog_arm_cortexm4_tiva_ce_Boot_sysCtlDelayI__I
0000b180   ti_sysbios_BIOS_Module__diagsEnabled__C
0000b184   ti_sysbios_BIOS_Module__diagsIncluded__C
0000b188   ti_sysbios_BIOS_Module__diagsMask__C
0000b0fe   ti_sysbios_BIOS_Module__id__C
200053c0   ti_sysbios_BIOS_Module__state__V
00008511   ti_sysbios_BIOS_RtsGateProxy_enter__E
00008515   ti_sysbios_BIOS_RtsGateProxy_leave__E
00008529   ti_sysbios_BIOS_RtsGateProxy_query__E
00006cfd   ti_sysbios_BIOS_errorRaiseHook__I
0000772d   ti_sysbios_BIOS_exitFunc__I
000081e5   ti_sysbios_BIOS_getCpuFreq__E
0000b18c   ti_sysbios_BIOS_installedErrorHook__C
000059bf   ti_sysbios_BIOS_nullFunc__I
00007b45   ti_sysbios_BIOS_registerRTSLock__I
00007de9   ti_sysbios_BIOS_rtsLock__I
0000646d   ti_sysbios_BIOS_rtsUnlock__I
000081f5   ti_sysbios_BIOS_setThreadType__E
00007b69   ti_sysbios_BIOS_startFunc__I
00008205   ti_sysbios_BIOS_start__E
20005ae8   ti_sysbios_family_arm_lm4_Timer_Module_State_0_device__A
200053e8   ti_sysbios_family_arm_lm4_Timer_Module_State_0_handles__A
200053e0   ti_sysbios_family_arm_lm4_Timer_Module__root__V
00007fc5   ti_sysbios_family_arm_lm4_Timer_Module__startupDone__F
00007fc5   ti_sysbios_family_arm_lm4_Timer_Module__startupDone__S
[...]
000084dd   ti_sysbios_family_arm_lm4_TimestampProvider_Module_startup__F
000084e3   ti_sysbios_family_arm_m3_Hwi_restoreFxn__E
000084e3   ti_sysbios_hal_Hwi_HwiProxy_restore__E
000084e3   ti_sysbios_hal_Hwi_restore__E
000084e9   ti_sysbios_gates_GateHwi_leave__E
000084ef   ti_sysbios_heaps_HeapMem_isBlocking__E
000084f5   ti_sysbios_knl_Queue_Instance_init__F
000084fb   ti_uia_runtime_LoggerStopMode_getPriority__E
00008501   ti_uia_runtime_LoggerStopMode_getTransferType__E
00008501   ti_uia_runtime_LoggerStopMode_getTransferType__F
00008507   xdc_runtime_System_Module_startup__E
00008507   xdc_runtime_System_Module_startup__F
0000850d   UARTIntClear
00008511   ti_sysbios_BIOS_RtsGateProxy_enter__E
00008515   ti_sysbios_BIOS_RtsGateProxy_leave__E
00008519   ti_sysbios_family_arm_lm4_Timer_getPeriod__E
0000851d   ti_sysbios_family_arm_lm4_Timer_masterEnable__I
00008521   ti_sysbios_family_arm_m3_TaskSupport_Module__startupDone__S
00008525   ti_sysbios_gates_GateHwi_query__E
00008525   ti_sysbios_gates_GateHwi_query__F
00008525   xdc_runtime_Main_Module_GateProxy_query__E
00008525   xdc_runtime_System_Module_GateProxy_query__E
00008529   ti_sysbios_BIOS_RtsGateProxy_query__E
00008529   ti_sysbios_gates_GateMutex_query__E
00008529   ti_sysbios_gates_GateMutex_query__F
00008529   ti_sysbios_heaps_HeapMem_Module_GateProxy_query__E
0000852d   ti_sysbios_hal_Hwi_HwiProxy_Module__startupDone__S
00008531   ti_sysbios_hal_Timer_TimerProxy_Module__startupDone__S
00008535   ti_sysbios_hal_Timer_TimerProxy_getPeriod__E
00008539   ti_sysbios_heaps_HeapMem_Module_GateProxy_enter__E
0000853d   ti_sysbios_heaps_HeapMem_Module_GateProxy_leave__E
00008541   ti_sysbios_knl_Task_SupportProxy_Module__startupDone__S
00008545   ti_sysbios_knl_Task_startup__E
00008549   ti_uia_runtime_LogSync_CpuTimestampProxy_Module__startupDone__S
0000854d   ti_uia_runtime_LogSync_GlobalTimestampProxy_Module__startupDone__S
00008551   ti_uia_runtime_LoggerStopMode_getInstanceId__E
00008555   ti_uia_runtime_LoggerStopMode_getMaxLength__E
00008559   ti_uia_runtime_LoggerStopMode_setPriority__E
0000855d   xdc_runtime_Error_getSite__E
0000855d   xdc_runtime_Error_getSite__F
00008561   xdc_runtime_Memory_HeapProxy_alloc__E
00008565   xdc_runtime_Memory_HeapProxy_free__E
00008569   xdc_runtime_System_Module_GateProxy_enter__E
0000856d   xdc_runtime_System_Module_GateProxy_leave__E
00008571   xdc_runtime_System_aprintf_va__F
00008575   xdc_runtime_System_printf_va__F
00008579   xdc_runtime_System_vsnprintf__E
0000857d   xdc_runtime_TimestampNull_Module__startupDone__S
00008581   xdc_runtime_Timestamp_Module__startupDone__S
00008584   xdc_runtime_Text_charTab__A
0000a92b   xdc_runtime_Error_policy__C
0000a92c   xdc_runtime_Text_nodeTab__A
0000aa68   ti_sysbios_family_arm_m3_Hwi_priorities__A
0000abd0   UART_config
0000aca8   ti_uia_runtime_LoggerStopMode_Module__FXNS__C
0000ad50   uartTivaHWAttrs
0000ad90   gpioHWAttrs
0000adcc   xdc_runtime_Startup_sfxnTab__A
0000ae00   ti_sysbios_family_arm_m3_Hwi_Object__PARAMS__C
0000ae30   ti_sysbios_knl_Task_hooks__A
0000ae60   ti_uia_runtime_LoggerStopMode_Object__PARAMS__C
0000ae90   ti_sysbios_heaps_HeapMem_Module__FXNS__C
0000aeb8   UARTTiva_fxnTable
0000aedc   ti_sysbios_gates_GateHwi_Module__FXNS__C
0000af00   ti_sysbios_gates_GateMutex_Module__FXNS__C
0000af24   ti_sysbios_heaps_HeapMem_Object__PARAMS__C
0000af48   ti_sysbios_knl_Semaphore_Object__PARAMS__C
0000af6c   ti_sysbios_family_arm_m3_Hwi_Object__DESC__C
0000af8c   ti_sysbios_gates_GateHwi_Object__DESC__C
0000afac   ti_sysbios_gates_GateMutex_Object__DESC__C
0000afcc   ti_sysbios_heaps_HeapMem_Object__DESC__C
0000afec   ti_sysbios_knl_Queue_Object__DESC__C
0000b00c   ti_sysbios_knl_Semaphore_Object__DESC__C
0000b02c   ti_uia_runtime_LoggerStopMode_Object__DESC__C
0000b04c   UART_defaultParams
0000b06c   xdc_runtime_Startup_sfxnRts__A
0000b086   ti_catalog_arm_cortexm4_tiva_ce_Boot_Module__id__C
0000b088   GPIO_config
0000b0a0   ti_sysbios_gates_GateHwi_Object__PARAMS__C
0000b0b8   ti_sysbios_gates_GateMutex_Object__PARAMS__C
0000b0d0   ti_sysbios_knl_Queue_Object__PARAMS__C
0000b0fe   ti_sysbios_BIOS_Module__id__C
0000b100   xdc_runtime_Startup_firstFxns__A
0000b126   ti_sysbios_family_arm_lm4_TimestampProvider_useClockTimer__C
0000b128   ti_sysbios_family_arm_m3_Hwi_excHookFuncs__A
0000b130   ti_sysbios_knl_Idle_coreList__A
0000b138   ti_sysbios_knl_Idle_coreList__C
0000b140   ti_sysbios_knl_Idle_funcList__A
0000b148   ti_sysbios_knl_Idle_funcList__C
0000b150   ti_sysbios_knl_Task_hooks__C
0000b158   xdc_runtime_Startup_firstFxns__C
0000b160   xdc_runtime_Startup_lastFxns__A
0000b168   xdc_runtime_Startup_lastFxns__C
0000b170   ti_catalog_arm_cortexm4_tiva_ce_Boot_A_mustUseEnhancedClockMode__C
0000b174   ti_catalog_arm_cortexm4_tiva_ce_Boot_Module__diagsEnabled__C
0000b178   ti_catalog_arm_cortexm4_tiva_ce_Boot_Module__diagsIncluded__C
0000b17c   ti_catalog_arm_cortexm4_tiva_ce_Boot_Module__diagsMask__C
0000b180   ti_sysbios_BIOS_Module__diagsEnabled__C
0000b184   ti_sysbios_BIOS_Module__diagsIncluded__C
0000b188   ti_sysbios_BIOS_Module__diagsMask__C
0000b18c   ti_sysbios_BIOS_installedErrorHook__C
0000b190   ti_sysbios_family_arm_lm4_Timer_enableFunc__C
0000b194   ti_sysbios_family_arm_lm4_Timer_numTimerDevices__C
0000b198   ti_sysbios_family_arm_lm4_Timer_startupNeeded__C
0000b19c   ti_sysbios_family_arm_m3_Hwi_E_NMI__C
0000b1a0   ti_sysbios_family_arm_m3_Hwi_E_alreadyDefined__C
0000b1a4   ti_sysbios_family_arm_m3_Hwi_E_busFault__C
0000b1a8   ti_sysbios_family_arm_m3_Hwi_E_debugMon__C
0000b1ac   ti_sysbios_family_arm_m3_Hwi_E_hardFault__C
0000b1b0   ti_sysbios_family_arm_m3_Hwi_E_memFault__C
0000b1b4   ti_sysbios_family_arm_m3_Hwi_E_noIsr__C
0000b1b8   ti_sysbios_family_arm_m3_Hwi_E_reserved__C
0000b1bc   ti_sysbios_family_arm_m3_Hwi_E_svCall__C
0000b1c0   ti_sysbios_family_arm_m3_Hwi_E_usageFault__C
0000b1c4   ti_sysbios_family_arm_m3_Hwi_LD_end__C
0000b1c8   ti_sysbios_family_arm_m3_Hwi_LM_begin__C
0000b1cc   ti_sysbios_family_arm_m3_Hwi_Module__diagsEnabled__C
0000b1d0   ti_sysbios_family_arm_m3_Hwi_Module__diagsIncluded__C
0000b1d4   ti_sysbios_family_arm_m3_Hwi_Module__diagsMask__C
0000b1d8   ti_sysbios_family_arm_m3_Hwi_Module__loggerFxn1__C
0000b1dc   ti_sysbios_family_arm_m3_Hwi_Module__loggerFxn8__C
0000b1e0   ti_sysbios_family_arm_m3_Hwi_Module__loggerObj__C
0000b1e4   ti_sysbios_family_arm_m3_Hwi_NUM_INTERRUPTS__C
0000b1e8   ti_sysbios_family_arm_m3_Hwi_ccr__C
0000b1ec   ti_sysbios_family_arm_m3_Hwi_dispatchTable__C
0000b1f0   ti_sysbios_family_arm_m3_Hwi_excHandlerFunc__C
0000b1f4   ti_sysbios_family_arm_m3_Hwi_excHookFuncs__C
0000b1f8   ti_sysbios_family_arm_m3_Hwi_priGroup__C
0000b1fc   ti_sysbios_family_arm_m3_Hwi_priorities__C
0000b200   ti_sysbios_gates_GateMutex_A_badContext__C
0000b204   ti_sysbios_gates_GateMutex_Instance_State_sem__O
0000b208   ti_sysbios_gates_GateMutex_Module__diagsEnabled__C
0000b20c   ti_sysbios_gates_GateMutex_Module__diagsIncluded__C
0000b210   ti_sysbios_gates_GateMutex_Module__diagsMask__C
0000b214   ti_sysbios_hal_Hwi_E_stackOverflow__C
0000b218   ti_sysbios_heaps_HeapMem_A_align__C
0000b21c   ti_sysbios_heaps_HeapMem_A_heapSize__C
0000b220   ti_sysbios_heaps_HeapMem_A_invalidFree__C
0000b224   ti_sysbios_heaps_HeapMem_A_zeroBlock__C
0000b228   ti_sysbios_heaps_HeapMem_E_memory__C
0000b22c   ti_sysbios_heaps_HeapMem_Module__diagsEnabled__C
0000b230   ti_sysbios_heaps_HeapMem_Module__diagsIncluded__C
0000b234   ti_sysbios_heaps_HeapMem_Module__diagsMask__C
0000b238   ti_sysbios_heaps_HeapMem_Module__gateObj__C
0000b23c   ti_sysbios_heaps_HeapMem_Object__count__C
0000b240   ti_sysbios_heaps_HeapMem_reqAlign__C
0000b244   ti_sysbios_io_DEV_Object__count__C
0000b248   ti_sysbios_io_DEV_tableSize__C
0000b24c   ti_sysbios_knl_Clock_LM_begin__C
0000b250   ti_sysbios_knl_Clock_LM_tick__C
0000b254   ti_sysbios_knl_Clock_LW_delayed__C
0000b258   ti_sysbios_knl_Clock_Module_State_clockQ__O
0000b25c   ti_sysbios_knl_Clock_Module__diagsEnabled__C
0000b260   ti_sysbios_knl_Clock_Module__diagsIncluded__C
0000b264   ti_sysbios_knl_Clock_Module__diagsMask__C
0000b268   ti_sysbios_knl_Clock_Module__loggerFxn1__C
0000b26c   ti_sysbios_knl_Clock_Module__loggerFxn2__C
0000b270   ti_sysbios_knl_Clock_Module__loggerObj__C
0000b274   ti_sysbios_knl_Semaphore_A_badContext__C
0000b278   ti_sysbios_knl_Semaphore_A_noEvents__C
0000b27c   ti_sysbios_knl_Semaphore_A_overflow__C
0000b280   ti_sysbios_knl_Semaphore_A_pendTaskDisabled__C
0000b284   ti_sysbios_knl_Semaphore_Instance_State_pendQ__O
0000b288   ti_sysbios_knl_Semaphore_LM_pend__C
0000b28c   ti_sysbios_knl_Semaphore_LM_post__C
0000b290   ti_sysbios_knl_Semaphore_Module__diagsEnabled__C
0000b294   ti_sysbios_knl_Semaphore_Module__diagsIncluded__C
0000b298   ti_sysbios_knl_Semaphore_Module__diagsMask__C
0000b29c   ti_sysbios_knl_Semaphore_Module__loggerFxn2__C
0000b2a0   ti_sysbios_knl_Semaphore_Module__loggerFxn4__C
0000b2a4   ti_sysbios_knl_Semaphore_Module__loggerObj__C
0000b2a8   ti_sysbios_knl_Swi_LD_end__C
0000b2ac   ti_sysbios_knl_Swi_LM_begin__C
0000b2b0   ti_sysbios_knl_Swi_LM_post__C
0000b2b4   ti_sysbios_knl_Swi_Module__diagsEnabled__C
0000b2b8   ti_sysbios_knl_Swi_Module__diagsIncluded__C
0000b2bc   ti_sysbios_knl_Swi_Module__diagsMask__C
0000b2c0   ti_sysbios_knl_Swi_Module__loggerFxn1__C
0000b2c4   ti_sysbios_knl_Swi_Module__loggerFxn4__C
0000b2c8   ti_sysbios_knl_Swi_Module__loggerObj__C
0000b2cc   ti_sysbios_knl_Swi_Object__count__C
0000b2d0   ti_sysbios_knl_Task_E_spOutOfBounds__C
0000b2d4   ti_sysbios_knl_Task_E_stackOverflow__C
0000b2d8   ti_sysbios_knl_Task_LD_block__C
0000b2dc   ti_sysbios_knl_Task_LD_exit__C
0000b2e0   ti_sysbios_knl_Task_LD_ready__C
0000b2e4   ti_sysbios_knl_Task_LM_switch__C
0000b2e8   ti_sysbios_knl_Task_Module_State_inactiveQ__O
0000b2ec   ti_sysbios_knl_Task_Module__diagsEnabled__C
0000b2f0   ti_sysbios_knl_Task_Module__diagsIncluded__C
0000b2f4   ti_sysbios_knl_Task_Module__diagsMask__C
0000b2f8   ti_sysbios_knl_Task_Module__loggerFxn2__C
0000b2fc   ti_sysbios_knl_Task_Module__loggerFxn4__C
0000b300   ti_sysbios_knl_Task_Module__loggerObj__C
0000b304   ti_sysbios_knl_Task_Object__count__C
0000b308   ti_sysbios_knl_Task_Object__heap__C
0000b30c   ti_sysbios_knl_Task_allBlockedFunc__C
0000b310   ti_sysbios_knl_Task_numConstructedTasks__C
0000b314   ti_sysbios_utils_Load_LS_cpuLoad__C
0000b318   ti_sysbios_utils_Load_LS_hwiLoad__C
0000b31c   ti_sysbios_utils_Load_LS_taskLoad__C
0000b320   ti_sysbios_utils_Load_Module_State_taskList__O
0000b324   ti_sysbios_utils_Load_Module__diagsEnabled__C
0000b328   ti_sysbios_utils_Load_Module__diagsIncluded__C
0000b32c   ti_sysbios_utils_Load_Module__diagsMask__C
0000b330   ti_sysbios_utils_Load_Module__loggerFxn1__C
0000b334   ti_sysbios_utils_Load_Module__loggerFxn2__C
0000b338   ti_sysbios_utils_Load_Module__loggerFxn4__C
0000b33c   ti_sysbios_utils_Load_Module__loggerObj__C
0000b340   ti_sysbios_utils_Load_postUpdate__C
0000b344   ti_sysbios_utils_Load_windowInMs__C
0000b348   ti_uia_runtime_ILoggerSnapshot_Interface__BASE__C
0000b34c   ti_uia_runtime_IUIATransfer_Interface__BASE__C
0000b350   ti_uia_runtime_LoggerStopMode_E_badLevel__C
0000b354   ti_uia_runtime_LoggerStopMode_Object__count__C
0000b358   ti_uia_runtime_LoggerStopMode_overflowLogger__C
0000b35c   ti_uia_runtime_LoggerStopMode_statusLogger__C
0000b360   xdc_runtime_Assert_E_assertFailed__C
0000b364   xdc_runtime_Core_A_initializedParams__C
0000b368   xdc_runtime_Core_Module__diagsEnabled__C
0000b36c   xdc_runtime_Core_Module__diagsIncluded__C
0000b370   xdc_runtime_Core_Module__diagsMask__C
0000b374   xdc_runtime_Error_E_generic__C
0000b378   xdc_runtime_Error_E_memory__C
0000b37c   xdc_runtime_Error_Module__diagsEnabled__C
0000b380   xdc_runtime_Error_Module__diagsIncluded__C
0000b384   xdc_runtime_Error_Module__diagsMask__C
0000b388   xdc_runtime_Error_Module__loggerFxn8__C
0000b38c   xdc_runtime_Error_Module__loggerObj__C
0000b390   xdc_runtime_Error_raiseHook__C
0000b394   xdc_runtime_IFilterLogger_Interface__BASE__C
0000b398   xdc_runtime_IGateProvider_Interface__BASE__C
0000b39c   xdc_runtime_IHeap_Interface__BASE__C
0000b3a0   xdc_runtime_ILogger_Interface__BASE__C
0000b3a4   xdc_runtime_IModule_Interface__BASE__C
0000b3a8   xdc_runtime_Log_L_error__C
0000b3ac   xdc_runtime_Log_L_warning__C
0000b3b0   xdc_runtime_Main_Module__diagsEnabled__C
0000b3b4   xdc_runtime_Main_Module__diagsIncluded__C
0000b3b8   xdc_runtime_Main_Module__diagsMask__C
0000b3bc   xdc_runtime_Main_Module__loggerFxn2__C
0000b3c0   xdc_runtime_Main_Module__loggerFxn4__C
0000b3c4   xdc_runtime_Main_Module__loggerObj__C
0000b3c8   xdc_runtime_Memory_defaultHeapInstance__C
0000b3cc   xdc_runtime_Startup_execImpl__C
0000b3d0   xdc_runtime_Startup_maxPasses__C
0000b3d4   xdc_runtime_Startup_sfxnRts__C
0000b3d8   xdc_runtime_Startup_sfxnTab__C
0000b3dc   xdc_runtime_SysMin_bufSize__C
0000b3e0   xdc_runtime_SysMin_outputFunc__C
0000b3e4   xdc_runtime_System_Module__gateObj__C
0000b3e8   xdc_runtime_System_extendFxn__C
0000b3ec   xdc_runtime_System_maxAtexitHandlers__C
0000b3f0   xdc_runtime_Text_charTab__C
0000b3f4   xdc_runtime_Text_nameEmpty__C
0000b3f8   xdc_runtime_Text_nameStatic__C
0000b3fc   xdc_runtime_Text_nameUnknown__C
0000b400   xdc_runtime_Text_nodeTab__C
0000b404   xdc_runtime_Text_visitRopeFxn__C
0000b408   ti_sysbios_family_arm_m3_Hwi_Module__id__C
0000b40a   ti_sysbios_family_arm_m3_Hwi_Module__loggerDefined__C
0000b40c   ti_sysbios_gates_GateMutex_Module__id__C
0000b40e   ti_sysbios_hal_Hwi_Module__id__C
0000b410   ti_sysbios_heaps_HeapMem_Module__id__C
0000b412   ti_sysbios_io_DEV_Module__id__C
0000b414   ti_sysbios_knl_Clock_Module__id__C
0000b416   ti_sysbios_knl_Clock_Module__loggerDefined__C
0000b418   ti_sysbios_knl_Semaphore_Module__id__C
0000b41a   ti_sysbios_knl_Semaphore_Module__loggerDefined__C
0000b41c   ti_sysbios_knl_Swi_Module__id__C
0000b41e   ti_sysbios_knl_Swi_Module__loggerDefined__C
0000b420   ti_sysbios_knl_Task_Module__id__C
0000b422   ti_sysbios_knl_Task_Module__loggerDefined__C
0000b424   ti_sysbios_knl_Task_initStackFlag__C
0000b426   ti_sysbios_utils_Load_Module__id__C
0000b428   ti_sysbios_utils_Load_Module__loggerDefined__C
0000b42a   ti_sysbios_utils_Load_autoAddTasks__C
0000b42c   ti_sysbios_utils_Load_hwiEnabled__C
0000b42e   ti_sysbios_utils_Load_updateInIdle__C
0000b430   ti_uia_runtime_LoggerStopMode_Module__id__C
0000b432   ti_uia_runtime_LoggerStopMode_filterByLevel__C
0000b434   ti_uia_runtime_LoggerStopMode_isTimestampEnabled__C
0000b436   xdc_runtime_Core_Module__id__C
0000b438   xdc_runtime_Error_Module__loggerDefined__C
0000b43a   xdc_runtime_Error_maxDepth__C
0000b43c   xdc_runtime_Main_Module__id__C
0000b43e   xdc_runtime_Main_Module__loggerDefined__C
0000b440   xdc_runtime_Memory_Module__id__C
0000b442   xdc_runtime_SysMin_flushAtExit__C
0000b444   xdc_runtime_Text_charCnt__C
0000b446   xdc_runtime_Text_isLoaded__C
0000b448   xdc_runtime_Text_registryModsLastId__C
0000b44a   xdc_runtime_Text_unnamedModsLastId__C
0000b9f4   __TI_Handler_Table_Base
0000ba00   __TI_Handler_Table_Limit
0000ba10   __TI_CINIT_Base
0000ba28   __TI_CINIT_Limit
20000000   ti_sysbios_family_arm_m3_Hwi_ramVectors
20000360   ti_sysbios_knl_Task_Instance_State_0_stack__A
20000b60   ti_sysbios_knl_Task_Instance_State_1_stack__A
20001360   ti_sysbios_knl_Task_Instance_State_2_stack__A
20001b60   ti_sysbios_heaps_HeapMem_Instance_State_0_buf__A
20002b60   ti_uia_runtime_LoggerStopMode_Instance_State_1_bufferArray__A
20002fe0   ti_uia_runtime_LoggerStopMode_Instance_State_2_bufferArray__A
20003460   uartTivaObjects
200038a0   xdc_runtime_SysMin_Module_State_0_outbuf__A
20003ca0   ti_uia_runtime_LoggerStopMode_Instance_State_0_bufferArray__A
20003f20   __CIOBUF_
20004048   ti_sysbios_knl_Task_Instance_State_0_hookEnv__A
20004050   ti_sysbios_knl_Task_Instance_State_1_hookEnv__A
20004058   ti_sysbios_knl_Task_Instance_State_2_hookEnv__A
20004060   __stack
20004160   __STACK_TOP
20005060   __STACK_END
20005060   ti_sysbios_family_arm_m3_Hwi_Module_State_0_dispatchTable__A
200053c0   ti_sysbios_BIOS_Module__state__V
200053e0   ti_sysbios_family_arm_lm4_Timer_Module__root__V
200053e8   ti_sysbios_family_arm_lm4_Timer_Module_State_0_handles__A
20005400   ti_sysbios_family_arm_lm4_Timer_Module__state__V
2000540c   ti_sysbios_family_arm_lm4_TimestampProvider_Module__state__V
20005414   ti_sysbios_family_arm_m3_Hwi_Module__root__V
2000541c   ti_sysbios_family_arm_m3_Hwi_Module_State_0_excActive__A
20005420   ti_sysbios_family_arm_m3_Hwi_Module_State_0_excContext__A
20005424   ti_sysbios_family_arm_m3_Hwi_Module_State_0_excStack__A
20005428   ti_sysbios_gates_GateHwi_Module__root__V
20005430   ti_sysbios_gates_GateHwi_Object__table__V
20005434   ti_sysbios_gates_GateMutex_Module__root__V
2000543c   ti_sysbios_hal_Hwi_Module__root__V
20005444   ti_sysbios_hal_Timer_Module__root__V
2000544c   ti_sysbios_hal_Timer_Object__table__V
20005454   ti_sysbios_heaps_HeapMem_Module__root__V
2000545c   ti_sysbios_heaps_HeapMem_Object__table__V
20005474   ti_sysbios_io_DEV_Module__root__V
2000547c   ti_sysbios_io_DEV_Module_State_0_table__A
2000549c   ti_sysbios_io_DEV_Module__state__V
200054a0   ti_sysbios_io_GIO_Module__root__V
200054a8   ti_sysbios_knl_Clock_Module__root__V
200054b0   ti_sysbios_knl_Event_Module__root__V
200054bc   ti_sysbios_knl_Queue_Module__root__V
200054c4   ti_sysbios_knl_Semaphore_Module__root__V
200054d0   ti_sysbios_knl_Swi_Module__root__V
200054d8   ti_sysbios_knl_Swi_Module__state__V
200054f4   ti_sysbios_knl_Task_Module__root__V
20005500   ti_sysbios_knl_Task_Module_State_0_idleTask__A
20005504   ti_sysbios_utils_Load_Module__root__V
20005508   ti_sysbios_utils_Load_Module_State_0_taskStartTime__A
2000550c   ti_sysbios_utils_Load_Module_State_0_runningTask__A
20005510   ti_sysbios_xdcruntime_SemThreadSupport_Module__root__V
20005518   ti_uia_runtime_LogSync_Module__root__V
20005520   ti_uia_runtime_LogSync_Module__state__V
2000552c   ti_uia_runtime_LoggerStopMode_Module__root__V
20005534   ti_uia_runtime_LoggerStopMode_Module__state__V
2000553c   ti_uia_runtime_QueueDescriptor_Module__state__V
20005548   xdc_runtime_Error_Module__state__V
2000554a   xdc_runtime_Main_Module__root__V
2000554c   xdc_runtime_Memory_Module__state__V
20005550   xdc_runtime_Registry_Module__state__V
20005558   xdc_runtime_Startup_Module__state__V
20005560   xdc_runtime_SysMin_Module__state__V
2000556c   xdc_runtime_System_Module_State_0_atexitHandlers__A
2000558c   xdc_runtime_System_Module__state__V
20005598   xdc_runtime_Text_Module__state__V
200055a0   xdc_runtime_knl_SemThread_Module__root__V
200055a8   xdc_runtime_knl_SyncNull_Module__root__V
200055b0   xdc_runtime_knl_SyncSemThread_Module__root__V
200055b8   __xdc__init__addr
200055bc   ti_uia_runtime_LoggerStopMode_Object__table__V
200056c4   ti_sysbios_knl_Task_Object__table__V
20005764   TSK_idle
200057b4   ti_sysbios_utils_Load_Module__state__V
2000584c   ti_sysbios_knl_Swi_Module_State_0_readyQ__A
200058cc   ti_sysbios_knl_Task_Module_State_0_readyQ__A
2000594c   ti_sysbios_family_arm_lm4_Timer_Object__table__V
200059bc   ti_sysbios_family_arm_m3_Hwi_Module__state__V
20005a18   ti_sysbios_utils_Load_Module_State_0_taskEnv__A
20005a6c   ti_sysbios_knl_Task_Module__state__V
20005ab0   ti_sysbios_gates_GateMutex_Object__table__V
20005ae8   ti_sysbios_family_arm_lm4_Timer_Module_State_0_device__A
20005b18   ti_sysbios_family_arm_m3_Hwi_Object__table__V
20005b48   ti_sysbios_knl_Swi_Object__table__V
20005b78   ti_sysbios_knl_Clock_Module__state__V
20005ba8   _lock
20005bac   _unlock
20005bb0   __TI_cleanup_ptr
20005bb4   __TI_dtors_ptr
20005bb8   ti_uia_runtime_QueueDescriptor_gPtrToFirstDescriptor
20005bbc   ti_uia_runtime_QueueDescriptor_gUpdateCount
20005bc4   main_func_sp
e000e000   ti_sysbios_family_arm_m3_Hwi_nvic
ffffffff   __binit__
ffffffff   __c_args__
ffffffff   binit
UNDEFED    SHT$$INIT_ARRAY$$Base
UNDEFED    SHT$$INIT_ARRAY$$Limit

[821 symbols]
