******************************************************************************
                  TI ARM Linker PC v5.1.1                      
******************************************************************************
>> Linked Sun Apr 13 21:28:34 2014

OUTPUT FILE NAME:   <rover.out>
ENTRY POINT SYMBOL: "_c_int00"  address: 00006aad


MEMORY CONFIGURATION

         name            origin    length      used     unused   attr    fill
----------------------  --------  ---------  --------  --------  ----  --------
  FLASH                 00000000   00040000  0000bc22  000343de  R  X
  SRAM                  20000000   00008000  00005358  00002ca8  RW X


SEGMENT ALLOCATION MAP

run origin  load origin   length   init length attrs members
----------  ----------- ---------- ----------- ----- -------
00000000    00000000    0000bc28   0000bc28    r-x
  00000000    00000000    00000360   00000360    r-- .resetVecs
  00000360    00000360    00008374   00008374    r-x .text
  000086d4    000086d4    00002fae   00002fae    r-- .const
  0000b688    0000b688    000005a0   000005a0    r-- .cinit
20000000    20000000    00005358   00000000    rw-
  20000000    20000000    00000360   00000000    rw- .vecs
  20000360    20000360    000034f8   00000000    rw- .bss
  20003858    20003858    00001000   00000000    rw- .stack
  20004858    20004858    00000b00   00000000    rw- .data


SECTION ALLOCATION MAP

 output                                  attributes/
section   page    origin      length       input sections
--------  ----  ----------  ----------   ----------------
.bootVecs 
*          0    00000000    00000008     DSECT
                  00000000    00000008     boot.aem4f : boot.oem4f (.bootVecs)

.resetVecs 
*          0    00000000    00000360     
                  00000000    00000360     main_pem4f.oem4f (.resetVecs)

xdc.meta   0    00000000    000000f5     COPY SECTION
                  00000000    000000f5     main_pem4f.oem4f (xdc.meta)

.text      0    00000360    00008374     
                  00000360    00000424     sysbios.aem4f : BIOS.obj (.text:ti_sysbios_family_arm_m3_Hwi_excDumpRegs__I)
                  00000784    00000344     ti.targets.arm.rtsarm.aem4f : System.oem4f (.text:xdc_runtime_System_doPrint__I)
                  00000ac8    000002e0     sysbios.aem4f : BIOS.obj (.text:ti_sysbios_knl_Semaphore_pend__E)
                  00000da8    000002d4     rtsv7M4_T_le_v4SPD16_eabi.lib : trgdrv.obj (.text)
                  0000107c    000002c8     uart_tivaware.aem4f : UARTTiva.oem4f (.text:UARTTiva_open)
                  00001344    000002b2     main.obj (.text:tcp_connection)
                  000015f6    00000002     sysbios.aem4f : BIOS.obj (.text:ti_sysbios_BIOS_nullFunc__I)
                  000015f8    00000248                   : BIOS.obj (.text:ti_sysbios_heaps_HeapMem_free__E)
                  00001840    00000234                   : BIOS.obj (.text:ti_sysbios_heaps_HeapMem_alloc__E)
                  00001a74    00000230                   : BIOS.obj (.text:ti_sysbios_family_arm_lm4_Timer_start__E)
                  00001ca4    00000210                   : BIOS.obj (.text:ti_sysbios_family_arm_m3_Hwi_excHandlerMax__I)
                  00001eb4    00000204     uart_tivaware.aem4f : UARTTiva.oem4f (.text:UARTTiva_write)
                  000020b8    000001f8                         : UARTTiva.oem4f (.text:UARTTiva_read)
                  000022b0    000001cc                         : UARTTiva.oem4f (.text:UARTTiva_hwiIntFxn)
                  0000247c    000001a0     ti.uia.runtime.aem4f : LoggerStopMode.oem4f (.text:ti_uia_runtime_LoggerStopMode_write8__E)
                  0000261c    0000016c     uart_tivaware.aem4f : UARTTiva.oem4f (.text:writeData)
                  00002788    00000168                         : UARTTiva.oem4f (.text:UARTTiva_readPolling)
                  000028f0    00000168     sysbios.aem4f : BIOS.obj (.text:ti_sysbios_family_arm_m3_Hwi_excBusFault__I)
                  00002a58    00000160     uart_tivaware.aem4f : UARTTiva.oem4f (.text:readData)
                  00002bb8    0000015c                         : UARTTiva.oem4f (.text:UARTTiva_writePolling)
                  00002d14    0000015c     ti.uia.runtime.aem4f : LoggerStopMode.oem4f (.text:ti_uia_runtime_LoggerStopMode_writeMemoryRange__E)
                  00002e70    00000154     sysbios.aem4f : BIOS.obj (.text:ti_sysbios_family_arm_m3_Hwi_excUsageFault__I)
                  00002fc4    00000144                   : BIOS.obj (.text:ti_sysbios_knl_Semaphore_post__E)
                  00003108    00000140                   : BIOS.obj (.text:ti_sysbios_family_arm_m3_Hwi_dispatchC__I)
                  00003248    00000140                   : BIOS.obj (.text:ti_sysbios_family_arm_m3_Hwi_excMemFault__I)
                  00003388    0000013c     ti.uia.runtime.aem4f : LoggerStopMode.oem4f (.text:ti_uia_runtime_LoggerStopMode_write4__E)
                  000034c4    0000013c     ti.targets.arm.rtsarm.aem4f : Error.oem4f (.text:xdc_runtime_Error_raiseX__F)
                  00003600    00000138     sysbios.aem4f : BIOS.obj (.text:ti_sysbios_heaps_HeapMem_Instance_init__F)
                  00003738    00000138                   : BIOS.obj (.text:ti_sysbios_utils_Load_logLoads__I)
                  00003870    00000134                   : m3_Hwi_asm.obj (.text:ti_sysbios_family_arm_m3_Hwi_dispatch__I)
                  000039a4    00000130     driverlib.lib : gpio.obj (.text:GPIOPadConfigSet)
                  00003ad4    00000130     sysbios.aem4f : BIOS.obj (.text:ti_sysbios_utils_Load_updateThreadContexts__E)
                  00003c04    0000012c                   : BIOS.obj (.text:ti_sysbios_family_arm_lm4_TimestampProvider_get64__E)
                  00003d30    0000012c                   : BIOS.obj (.text:ti_sysbios_knl_Clock_workFunc__E)
                  00003e5c    0000012c                   : BIOS.obj (.text:ti_sysbios_knl_Task_exit__E)
                  00003f88    00000124     EK_LM4F120XL.obj (.text:EK_LM4F120XL_initUART)
                  000040ac    00000120     sysbios.aem4f : BIOS.obj (.text:ti_sysbios_knl_Swi_run__I)
                  000041cc    0000010c     Boot.aem4f : Boot_sysctl.oem4f (.text:ti_catalog_arm_cortexm4_tiva_ce_Boot_sysCtlClockSetI__I)
                  000042d8    00000104     ti.targets.arm.rtsarm.aem4f : Core-mem.oem4f (.text:xdc_runtime_Core_createObject__I)
                  000043dc    00000104     main_pem4f.oem4f (.text:xdc_runtime_System_printfExtend__I)
                  000044e0    000000fc     sysbios.aem4f : BIOS.obj (.text:ti_sysbios_knl_Task_schedule__I)
                  000045dc    000000f8                   : BIOS.obj (.text:ti_sysbios_knl_Task_startCore__E)
                  000046d4    000000f8     ti.targets.arm.rtsarm.aem4f : Startup.oem4f (.text:xdc_runtime_Startup_startMods__I)
                  000047cc    000000f4     rtsv7M4_T_le_v4SPD16_eabi.lib : dtor_list.obj (.text)
                  000048c0    000000f4     sysbios.aem4f : BIOS.obj (.text:ti_sysbios_knl_Task_postInit__I)
                  000049b4    000000e8     gpio_tivaware.aem4f : GPIO.oem4f (.text:GPIO_write)
                  00004a9c    000000e8     sysbios.aem4f : BIOS.obj (.text:ti_sysbios_family_arm_m3_Hwi_initNVIC__E)
                  00004b84    000000e8                   : BIOS.obj (.text:ti_sysbios_io_DEV_postInit__I)
                  00004c6c    000000c8     driverlib.lib : sysctl.obj (.text:SysCtlClockGet)
                  00004d34    000000c0     uart_tivaware.aem4f : UARTTiva.oem4f (.text:UARTTiva_writeCancel)
                  00004df4    000000bc                         : UARTTiva.oem4f (.text:UARTTiva_readCancel)
                  00004eb0    000000bc     sysbios.aem4f : BIOS.obj (.text:ti_sysbios_knl_Task_unblockI__E)
                  00004f6c    000000b8                   : BIOS.obj (.text:ti_sysbios_family_arm_lm4_TimestampProvider_get32__E)
                  00005024    000000b4                   : BIOS.obj (.text:ti_sysbios_family_arm_m3_Hwi_excHardFault__I)
                  000050d8    000000b4                   : BIOS.obj (.text:ti_sysbios_gates_GateMutex_enter__E)
                  0000518c    000000b4                   : BIOS.obj (.text:ti_sysbios_knl_Task_checkStacks__E)
                  00005240    000000b0                   : BIOS.obj (.text:ti_sysbios_family_arm_m3_Hwi_excDebugMon__I)
                  000052f0    000000b0                   : BIOS.obj (.text:ti_sysbios_utils_Load_idleFxn__E)
                  000053a0    000000b0                   : BIOS.obj (.text:ti_sysbios_utils_Load_updateLoads__E)
                  00005450    000000ac                   : BIOS.obj (.text:ti_sysbios_family_arm_lm4_Timer_enableTiva__I)
                  000054fc    000000a8                   : BIOS.obj (.text:ti_sysbios_knl_Semaphore_Instance_init__F)
                  000055a4    000000a8                   : BIOS.obj (.text:ti_sysbios_knl_Swi_post__E)
                  0000564c    000000a8                   : BIOS.obj (.text:ti_sysbios_knl_Task_blockI__E)
                  000056f4    000000a4                   : BIOS.obj (.text:ti_sysbios_family_arm_lm4_Timer_enableTimers__I)
                  00005798    000000a4                   : BIOS.obj (.text:ti_sysbios_family_arm_m3_Hwi_Module_startup__F)
                  0000583c    000000a0     uart_tivaware.aem4f : UARTTiva.oem4f (.text:UARTTiva_close)
                  000058dc    000000a0     auto_init.aem4f : auto_init.oem4f (.text)
                  0000597c    0000009c     rtsv7M4_T_le_v4SPD16_eabi.lib : memcpy_t2.obj (.text)
                  00005a18    0000009a     ti.targets.arm.rtsarm.aem4f : Text.oem4f (.text:xdc_runtime_Text_putSite__F)
                  00005ab2    00000002     sysbios.aem4f : BIOS.obj (.text:ti_sysbios_gates_GateHwi_Instance_init__F)
                  00005ab4    00000094     Boot.aem4f : Boot.oem4f (.text:ti_catalog_arm_cortexm4_tiva_ce_Boot_sysCtlClockSet__E)
                  00005b48    00000094     ti.targets.arm.rtsarm.aem4f : Text.oem4f (.text:xdc_runtime_Text_putMod__F)
                  00005bdc    00000090     sysbios.aem4f : BIOS.obj (.text:ti_sysbios_family_arm_m3_Hwi_Instance_init__F)
                  00005c6c    0000008c                   : m3_TaskSupport_asm.obj (.text:ti_sysbios_family_arm_m3_TaskSupport_buildTaskStack)
                  00005cf8    00000088     EK_LM4F120XL.obj (.text:EK_LM4F120XL_initGPIO)
                  00005d80    00000088     sysbios.aem4f : BIOS.obj (.text:ti_sysbios_utils_Load_addTask__E)
                  00005e08    00000085     main.obj (.text:mux_1)
                  00005e8d    00000001     --HOLE-- [fill = 0]
                  00005e8e    00000002     main_pem4f.oem4f (.text:xdc_runtime_Startup_reset__I)
                  00005e90    00000084     ti.uia.runtime.aem4f : LoggerStopMode.oem4f (.text:ti_uia_runtime_LoggerStopMode_setFilterLevel__E)
                  00005f14    00000080     main.obj (.text:mux_2)
                  00005f94    00000080     main.obj (.text:mux_3)
                  00006014    00000080     main.obj (.text:mux_4)
                  00006094    00000080     sysbios.aem4f : BIOS.obj (.text:ti_sysbios_knl_Task_Module_startup__F)
                  00006114    0000007e     ti.uia.runtime.aem4f : LoggerStopMode.oem4f (.text:ti_uia_runtime_LoggerStopMode_getContents__E)
                  00006192    00000078     rtsv7M4_T_le_v4SPD16_eabi.lib : memset_t2.obj (.text)
                  0000620a    00000002     --HOLE-- [fill = 0]
                  0000620c    00000078     sysbios.aem4f : BIOS.obj (.text:ti_sysbios_utils_Load_updateCurrentThreadTime__E)
                  00006284    00000074                   : BIOS.obj (.text:ti_sysbios_family_arm_lm4_Timer_isrStub__E)
                  000062f8    00000070     main_pem4f.oem4f (.text:ti_sysbios_family_arm_m3_Hwi_Object__create__S)
                  00006368    00000070     sysbios.aem4f : BIOS.obj (.text:ti_sysbios_family_arm_m3_Hwi_reconfig__E)
                  000063d8    00000070                   : BIOS.obj (.text:ti_sysbios_utils_Load_taskDeleteHook__E)
                  00006448    00000070     ti.uia.runtime.aem4f : LoggerStopMode.oem4f (.text:ti_uia_runtime_LoggerStopMode_getFilterLevel__E)
                  000064b8    00000070                          : LoggerStopMode.oem4f (.text:ti_uia_runtime_LoggerStopMode_writeBlockOfMemory__I)
                  00006528    00000070                          : QueueDescriptor.oem4f (.text:ti_uia_runtime_QueueDescriptor_addToList__E)
                  00006598    00000070     ti.targets.arm.rtsarm.aem4f : Memory.oem4f (.text:xdc_runtime_Memory_alloc__F)
                  00006608    0000006c     sysbios.aem4f : BIOS.obj (.text:ti_sysbios_utils_Load_taskCreateHook__E)
                  00006674    0000006c     ti.targets.arm.rtsarm.aem4f : Error.oem4f (.text:xdc_runtime_Error_print__F)
                  000066e0    00000068     sysbios.aem4f : BIOS.obj (.text:ti_sysbios_BIOS_rtsUnlock__I)
                  00006748    00000066     ti.targets.arm.rtsarm.aem4f : Core-mem.oem4f (.text:xdc_runtime_Core_deleteObject__I)
                  000067ae    00000002     --HOLE-- [fill = 0]
                  000067b0    00000064     sysbios.aem4f : BIOS.obj (.text:ti_sysbios_knl_Clock_logTick__E)
                  00006814    00000064                   : BIOS.obj (.text:ti_sysbios_utils_Load_logCPULoad__I)
                  00006878    00000060     rtsv7M4_T_le_v4SPD16_eabi.lib : trgmsg.obj (.text)
                  000068d8    00000060     main_pem4f.oem4f (.text:ti_uia_runtime_LoggerStopMode_Object__create__S)
                  00006938    0000005e     rtsv7M4_T_le_v4SPD16_eabi.lib : copy_decompress_rle.obj (.text)
                  00006996    00000002     --HOLE-- [fill = 0]
                  00006998    0000005c     sysbios.aem4f : BIOS.obj (.text:ti_sysbios_family_arm_lm4_Timer_Module_startup__F)
                  000069f4    0000005b     ti.targets.arm.rtsarm.aem4f : Text.oem4f (.text:xdc_runtime_Text_putLab__F)
                  00006a4f    00000001     --HOLE-- [fill = 0]
                  00006a50    0000005a     ti.uia.runtime.aem4f : LoggerStopMode.oem4f (.text:ti_uia_runtime_LoggerStopMode_readBlockOfMemory__I)
                  00006aaa    00000002     --HOLE-- [fill = 0]
                  00006aac    00000058     boot.aem4f : boot.oem4f (.text)
                  00006b04    00000058     sysbios.aem4f : BIOS.obj (.text:ti_sysbios_knl_Swi_restoreHwi__E)
                  00006b5c    00000058                   : BIOS.obj (.text:ti_sysbios_knl_Swi_schedule__I)
                  00006bb4    00000054     ti.uia.runtime.aem4f : QueueDescriptor.oem4f (.text:ti_uia_runtime_QueueDescriptor_removeFromList__E)
                  00006c08    00000053     main.obj (.text:init_uart)
                  00006c5b    00000001     --HOLE-- [fill = 0]
                  00006c5c    00000050     sysbios.aem4f : BIOS.obj (.text:ti_sysbios_utils_Load_taskSwitchHook__E)
                  00006cac    00000050     ti.targets.arm.rtsarm.aem4f : Startup.oem4f (.text:xdc_runtime_Startup_exec__F)
                  00006cfc    00000050                                 : System.oem4f (.text:xdc_runtime_System_formatNum__I)
                  00006d4c    00000050                                 : Text.oem4f (.text:xdc_runtime_Text_visitRope2__I)
                  00006d9c    0000004c     rtsv7M4_T_le_v4SPD16_eabi.lib : atoi.obj (.text)
                  00006de8    0000004c     sysbios.aem4f : BIOS.obj (.text:ti_sysbios_knl_Swi_runLoop__I)
                  00006e34    00000048     driverlib.lib : gpio.obj (.text:GPIOPinConfigure)
                  00006e7c    00000048     uart_tivaware.aem4f : UART.oem4f (.text:UART_open)
                  00006ec4    00000048     sysbios.aem4f : BIOS.obj (.text:ti_sysbios_BIOS_errorRaiseHook__I)
                  00006f0c    00000048                   : BIOS.obj (.text:ti_sysbios_family_arm_m3_Hwi_excReserved__I)
                  00006f54    00000048                   : BIOS.obj (.text:ti_sysbios_heaps_HeapMem_getStats__E)
                  00006f9c    00000048     ti.targets.arm.rtsarm.aem4f : Assert.oem4f (.text:xdc_runtime_Assert_raise__I)
                  00006fe4    00000048                                 : Core-params.oem4f (.text:xdc_runtime_Core_assignParams__I)
                  0000702c    00000046     ti.uia.runtime.aem4f : LoggerStopMode.oem4f (.text:ti_uia_runtime_LoggerStopMode_Instance_init__F)
                  00007072    00000002     --HOLE-- [fill = 0]
                  00007074    00000044     rtsv7M4_T_le_v4SPD16_eabi.lib : cpy_tbl.obj (.text)
                  000070b8    00000044                                   : exit.obj (.text)
                  000070fc    00000044     sysbios.aem4f : BIOS.obj (.text:ti_sysbios_family_arm_lm4_Timer_stop__E)
                  00007140    00000044                   : BIOS.obj (.text:ti_sysbios_family_arm_m3_Hwi_disableInterrupt__E)
                  00007184    00000044                   : BIOS.obj (.text:ti_sysbios_family_arm_m3_Hwi_enableInterrupt__E)
                  000071c8    00000044                   : BIOS.obj (.text:ti_sysbios_knl_Task_allBlockedFunction__I)
                  0000720c    00000044     ti.uia.runtime.aem4f : LoggerStopMode.oem4f (.text:ti_uia_runtime_LoggerStopMode_filterOutEvent__I)
                  00007250    00000044                          : LoggerStopMode.oem4f (.text:ti_uia_runtime_LoggerStopMode_reset__F)
                  00007294    00000044     ti.targets.arm.rtsarm.aem4f : SysMin.oem4f (.text:xdc_runtime_SysMin_flush__F)
                  000072d8    00000042     driverlib.lib : uart.obj (.text:UARTConfigSetExpClk)
                  0000731a    00000042     sysbios.aem4f : BIOS.obj (.text:ti_sysbios_knl_Semaphore_pendTimeout__I)
                  0000735c    00000040     EK_LM4F120XL.obj (.text:EK_LM4F120XL_initGeneral)
                  0000739c    00000040     sysbios.aem4f : BIOS.obj (.text:ti_sysbios_family_arm_lm4_Timer_startup__E)
                  000073dc    00000040     main_pem4f.oem4f (.text:ti_sysbios_knl_Semaphore_Object__create__S)
                  0000741c    00000040     ti.targets.arm.rtsarm.aem4f : System.oem4f (.text:xdc_runtime_System_atexit__F)
                  0000745c    0000003c     sysbios.aem4f : BIOS.obj (.text:ti_sysbios_family_arm_m3_Hwi_excSvCall__I)
                  00007498    0000003c                   : BIOS.obj (.text:ti_sysbios_heaps_HeapMem_init__I)
                  000074d4    0000003c                   : BIOS.obj (.text:ti_sysbios_knl_Swi_startup__E)
                  00007510    0000003c     ti.targets.arm.rtsarm.aem4f : Text.oem4f (.text:xdc_runtime_Text_xprintf__I)
                  0000754c    00000038     uart_tivaware.aem4f : UART.oem4f (.text:UART_init)
                  00007584    00000038     sysbios.aem4f : BIOS.obj (.text:ti_sysbios_family_arm_m3_Hwi_excNoIsr__I)
                  000075bc    00000038                   : BIOS.obj (.text:ti_sysbios_family_arm_m3_Hwi_getStackInfo__E)
                  000075f4    00000038                   : BIOS.obj (.text:ti_sysbios_family_arm_m3_TaskSupport_start__E)
                  0000762c    00000038     main_pem4f.oem4f (.text:ti_sysbios_gates_GateHwi_Object__create__S)
                  00007664    00000038     main_pem4f.oem4f (.text:ti_sysbios_gates_GateMutex_Object__create__S)
                  0000769c    00000038     main_pem4f.oem4f (.text:ti_sysbios_heaps_HeapMem_Object__create__S)
                  000076d4    00000038     main_pem4f.oem4f (.text:ti_sysbios_knl_Queue_Object__create__S)
                  0000770c    00000038     ti.targets.arm.rtsarm.aem4f : SysMin.oem4f (.text:xdc_runtime_SysMin_putch__F)
                  00007744    00000034     driverlib.lib : sysctl.obj (.text:SysCtlPeripheralEnable)
                  00007778    00000034     uart_tivaware.aem4f : UART.oem4f (.text:UART_Params_init)
                  000077ac    00000034                         : UART.oem4f (.text:UART_read)
                  000077e0    00000034                         : UART.oem4f (.text:UART_write)
                  00007814    00000034                         : UART.oem4f (.text:UART_writePolling)
                  00007848    00000034     main.obj (.text:init_mux_pins)
                  0000787c    00000034     sysbios.aem4f : BIOS.obj (.text:ti_sysbios_family_arm_m3_Hwi_excNmi__I)
                  000078b0    00000034                   : BIOS.obj (.text:ti_sysbios_hal_Hwi_checkStack:ti_sysbios_hal_Hwi_checkStack)
                  000078e4    00000030     main_pem4f.oem4f (.text:ti_sysbios_BIOS_exitFunc__I)
                  00007914    00000030     sysbios.aem4f : BIOS.obj (.text:ti_sysbios_knl_Idle_run__E)
                  00007944    00000030     ti.targets.arm.rtsarm.aem4f : Core-label.oem4f (.text:xdc_runtime_Core_assignLabel__I)
                  00007974    00000030                                 : SysMin.oem4f (.text:xdc_runtime_SysMin_abort__F)
                  000079a4    0000002f                                 : Text.oem4f (.text:xdc_runtime_Text_printVisFxn__I)
                  000079d3    00000001     --HOLE-- [fill = 0]
                  000079d4    0000002e     main_pem4f.oem4f (.text:malloc)
                  00007a02    0000002c     sysbios.aem4f : BIOS.obj (.text:ti_sysbios_hal_Hwi_initStack:ti_sysbios_hal_Hwi_initStack)
                  00007a2e    00000002     --HOLE-- [fill = 0]
                  00007a30    0000002c                   : BIOS.obj (.text:ti_sysbios_io_DEV_Module_startup__F)
                  00007a5c    0000002c     main_pem4f.oem4f (.text:ti_sysbios_knl_Clock_doTick__I)
                  00007a88    0000002c     sysbios.aem4f : BIOS.obj (.text:ti_sysbios_knl_Task_restore__E)
                  00007ab4    0000002c     ti.uia.runtime.aem4f : LoggerStopMode.oem4f (.text:ti_uia_runtime_LoggerStopMode_Module_startup__F)
                  00007ae0    0000002c                          : LoggerStopMode.oem4f (.text:ti_uia_runtime_LoggerStopMode_disable__E)
                  00007b0c    0000002c                          : LoggerStopMode.oem4f (.text:ti_uia_runtime_LoggerStopMode_enable__E)
                  00007b38    0000002c     ti.targets.arm.rtsarm.aem4f : System.oem4f (.text:xdc_runtime_System_rtsExit__I)
                  00007b64    0000002c                                 : Text.oem4f (.text:xdc_runtime_Text_cordText__F)
                  00007b90    0000002a     driverlib.lib : gpio.obj (.text:GPIODirModeSet)
                  00007bba    0000002a     ti.targets.arm.rtsarm.aem4f : System.oem4f (.text:xdc_runtime_System_putchar__I)
                  00007be4    00000028     sysbios.aem4f : m3_Hwi_asm_switch.obj (.text:ti_sysbios_family_arm_m3_Hwi_initStacks__E)
                  00007c0c    00000028                   : BIOS.obj (.text:ti_sysbios_gates_GateMutex_Instance_init__F)
                  00007c34    00000028     ti.uia.runtime.aem4f : LogSync.oem4f (.text:ti_uia_runtime_LogSync_Module_startup__F)
                  00007c5c    00000028                          : QueueDescriptor.oem4f (.text:ti_uia_runtime_QueueDescriptor_initHeader__E)
                  00007c84    00000026     ti.targets.arm.rtsarm.aem4f : System.oem4f (.text:xdc_runtime_System_avprintf__F)
                  00007caa    00000002     --HOLE-- [fill = 0]
                  00007cac    00000024     gpio_tivaware.aem4f : GPIO.oem4f (.text:GPIO_init)
                  00007cd0    00000024     main.obj (.text:main)
                  00007cf4    00000024     sysbios.aem4f : BIOS.obj (.text:ti_sysbios_BIOS_registerRTSLock__I)
                  00007d18    00000024     main_pem4f.oem4f (.text:ti_sysbios_BIOS_startFunc__I)
                  00007d3c    00000024     sysbios.aem4f : BIOS.obj (.text:ti_sysbios_family_arm_m3_Hwi_Instance_finalize__F)
                  00007d60    00000024                   : BIOS.obj (.text:ti_sysbios_family_arm_m3_Hwi_doTaskRestore__I)
                  00007d84    00000024     main_pem4f.oem4f (.text:ti_sysbios_gates_GateMutex_Object__delete__S)
                  00007da8    00000024     sysbios.aem4f : BIOS.obj (.text:ti_sysbios_knl_Clock_Module_startup__F)
                  00007dcc    00000024                   : BIOS.obj (.text:ti_sysbios_knl_Swi_Module_startup__F)
                  00007df0    00000024     ti.uia.runtime.aem4f : LoggerStopMode.oem4f (.text:ti_uia_runtime_LoggerStopMode_Instance_finalize__F)
                  00007e14    00000024     ti.targets.arm.rtsarm.aem4f : System.oem4f (.text:xdc_runtime_System_vprintf__F)
                  00007e38    00000022     main_pem4f.oem4f (.text:xdc_runtime_SysMin_output__I)
                  00007e5a    00000020     sysbios.aem4f : m3_Hwi_asm_switch.obj (.text:ti_sysbios_family_xxx_Hwi_switchAndRunFunc)
                  00007e7a    00000002     --HOLE-- [fill = 0]
                  00007e7c    00000020     main_pem4f.oem4f (.text:ti_sysbios_gates_GateHwi_Object__delete__S)
                  00007e9c    00000020     main_pem4f.oem4f (.text:ti_sysbios_heaps_HeapMem_Object__delete__S)
                  00007ebc    00000020     main_pem4f.oem4f (.text:ti_sysbios_knl_Semaphore_Object__destruct__S)
                  00007edc    00000020     sysbios.aem4f : BIOS.obj (.text:ti_sysbios_knl_Task_enter__I)
                  00007efc    00000020     main_pem4f.oem4f (.text:ti_uia_runtime_LoggerStopMode_Object__delete__S)
                  00007f1c    00000020     ti.targets.arm.rtsarm.aem4f : Registry.oem4f (.text:xdc_runtime_Registry_findById__F)
                  00007f3c    00000020                                 : SysMin.oem4f (.text:xdc_runtime_SysMin_Module_startup__F)
                  00007f5c    0000001c     driverlib.lib : uart.obj (.text:UARTDisable)
                  00007f78    0000001c     sysbios.aem4f : BIOS.obj (.text:ti_sysbios_BIOS_rtsLock__I)
                  00007f94    0000001c     main_pem4f.oem4f (.text:ti_sysbios_family_arm_m3_Hwi_Object__destruct__S)
                  00007fb0    0000001c     main_pem4f.oem4f (.text:ti_sysbios_knl_Queue_Object__destruct__S)
                  00007fcc    0000001c     ti.targets.arm.rtsarm.aem4f : Error.oem4f (.text:xdc_runtime_Error_check__F)
                  00007fe8    0000001c                                 : Memory.oem4f (.text:xdc_runtime_Memory_valloc__F)
                  00008004    0000001c                                 : SysMin.oem4f (.text:xdc_runtime_SysMin_exit__F)
                  00008020    0000001a     main_pem4f.oem4f (.text:ti_sysbios_family_arm_m3_Hwi_Handle__label__S)
                  0000803a    0000001a     main_pem4f.oem4f (.text:ti_sysbios_gates_GateHwi_Handle__label__S)
                  00008054    0000001a     main_pem4f.oem4f (.text:ti_sysbios_gates_GateMutex_Handle__label__S)
                  0000806e    0000001a     main_pem4f.oem4f (.text:ti_sysbios_heaps_HeapMem_Handle__label__S)
                  00008088    0000001a     main_pem4f.oem4f (.text:ti_sysbios_knl_Swi_Handle__label__S)
                  000080a2    0000001a     main_pem4f.oem4f (.text:ti_sysbios_knl_Task_Handle__label__S)
                  000080bc    0000001a     main_pem4f.oem4f (.text:ti_uia_runtime_LoggerStopMode_Handle__label__S)
                  000080d6    0000001a     main_pem4f.oem4f (.text:xdc_runtime_System_aprintf__E)
                  000080f0    0000001a     main_pem4f.oem4f (.text:xdc_runtime_System_printf__E)
                  0000810a    00000018     driverlib.lib : gpio.obj (.text:GPIOPinTypeGPIOOutput)
                  00008122    00000018     main_pem4f.oem4f (.text:free)
                  0000813a    00000002     --HOLE-- [fill = 0]
                  0000813c    00000018     rtsv7M4_T_le_v4SPD16_eabi.lib : args_main.obj (.text)
                  00008154    00000018     main_pem4f.oem4f (.text:ti_sysbios_family_arm_lm4_Timer_Module__startupDone__F)
                  0000816c    00000018     main_pem4f.oem4f (.text:ti_sysbios_family_arm_m3_Hwi_Module__startupDone__F)
                  00008184    00000018     sysbios.aem4f : m3_TaskSupport_asm.obj (.text:ti_sysbios_family_arm_m3_TaskSupport_swap__E)
                  0000819c    00000018                   : BIOS.obj (.text:ti_sysbios_gates_GateMutex_leave__E)
                  000081b4    00000018     main_pem4f.oem4f (.text:ti_sysbios_hal_Timer_Module__startupDone__F)
                  000081cc    00000018     ti.targets.arm.rtsarm.aem4f : Text.oem4f (.text:xdc_runtime_Text_ropeText__F)
                  000081e4    00000016     ti.uia.runtime.aem4f : LoggerStopMode.oem4f (.text:ti_uia_runtime_LoggerStopMode_getFreeSize__E)
                  000081fa    00000016                          : LoggerStopMode.oem4f (.text:ti_uia_runtime_LoggerStopMode_getUnreadSize__E)
                  00008210    00000014     driverlib.lib : uart.obj (.text:UARTEnable)
                  00008224    00000014     rtsv7M4_T_le_v4SPD16_eabi.lib : _lock.obj (.text)
                  00008238    00000014                                   : strlen.obj (.text)
                  0000824c    00000014     sysbios.aem4f : BIOS.obj (.text:ti_sysbios_family_arm_m3_Hwi_switchFromBootStack__E)
                  00008260    00000014     main_pem4f.oem4f (.text:ti_sysbios_heaps_HeapMem_Object__get__S)
                  00008274    00000014     main_pem4f.oem4f (.text:ti_sysbios_knl_Swi_Object__get__S)
                  00008288    00000014     main_pem4f.oem4f (.text:ti_sysbios_knl_Task_Object__get__S)
                  0000829c    00000014     ti.targets.arm.rtsarm.aem4f : System.oem4f (.text:xdc_runtime_System_abort__F)
                  000082b0    00000012     driverlib.lib : gpio.obj (.text:GPIOPinTypeGPIOInput)
                  000082c2    00000012                   : gpio.obj (.text:GPIOPinTypeUART)
                  000082d4    00000012     rtsv7M4_T_le_v4SPD16_eabi.lib : copy_zero_init.obj (.text:decompress:ZI)
                  000082e6    00000012     sysbios.aem4f : BIOS.obj (.text:ti_sysbios_hal_Hwi_Module_startup__F)
                  000082f8    00000012                   : BIOS.obj (.text:ti_sysbios_hal_Timer_Module_startup__F)
                  0000830a    00000012     ti.uia.runtime.aem4f : LoggerStopMode.oem4f (.text:ti_uia_runtime_LoggerStopMode_write1__E)
                  0000831c    00000012                          : LoggerStopMode.oem4f (.text:ti_uia_runtime_LoggerStopMode_write2__E)
                  0000832e    00000012     main_pem4f.oem4f (.text:xdc_runtime_Startup_exec__I)
                  00008340    00000010     rtsv7M4_T_le_v4SPD16_eabi.lib : strcpy.obj (.text)
                  00008350    00000010     sysbios.aem4f : BIOS.obj (.text:ti_sysbios_BIOS_getCpuFreq__E)
                  00008360    00000010                   : BIOS.obj (.text:ti_sysbios_BIOS_setThreadType__E)
                  00008370    00000010                   : BIOS.obj (.text:ti_sysbios_BIOS_start__E)
                  00008380    00000010                   : BIOS.obj (.text:ti_sysbios_family_arm_lm4_TimestampProvider_rolloverFunc__E)
                  00008390    00000010                   : BIOS.obj (.text:ti_sysbios_family_arm_m3_Hwi_excHandler__I)
                  000083a0    00000010                   : m3_TaskSupport_asm.obj (.text:ti_sysbios_family_arm_m3_TaskSupport_glue)
                  000083b0    00000010                   : m3_Hwi_asm_switch.obj (.text:ti_sysbios_family_xxx_Hwi_switchToIsrStack)
                  000083c0    00000010                   : BIOS.obj (.text:ti_sysbios_gates_GateMutex_Instance_finalize__F)
                  000083d0    00000010     main_pem4f.oem4f (.text:ti_sysbios_io_DEV_Object__get__S)
                  000083e0    00000010     sysbios.aem4f : BIOS.obj (.text:ti_sysbios_knl_Semaphore_Instance_finalize__F)
                  000083f0    00000010                   : BIOS.obj (.text:ti_sysbios_knl_Swi_disable__E)
                  00008400    00000010                   : BIOS.obj (.text:ti_sysbios_knl_Task_disable__E)
                  00008410    00000010     main_pem4f.oem4f (.text:ti_uia_runtime_LoggerStopMode_Object__get__S)
                  00008420    00000010     ti.uia.runtime.aem4f : LoggerStopMode.oem4f (.text:ti_uia_runtime_LoggerStopMode_write0__E)
                  00008430    00000010     ti.targets.arm.rtsarm.aem4f : Gate.oem4f (.text:xdc_runtime_Gate_leaveSystem__F)
                  00008440    00000010                                 : Memory.oem4f (.text:xdc_runtime_Memory_free__F)
                  00008450    00000010                                 : SysMin.oem4f (.text:xdc_runtime_SysMin_ready__F)
                  00008460    00000010                                 : System.oem4f (.text:xdc_runtime_System_vsnprintf__F)
                  00008470    00000010     main_pem4f.oem4f (.text:xdc_runtime_Text_visitRope__I)
                  00008480    0000000e     driverlib.lib : uart.obj (.text:UARTCharGetNonBlocking)
                  0000848e    0000000e                   : uart.obj (.text:UARTCharPutNonBlocking)
                  0000849c    0000000e     rtsv7M4_T_le_v4SPD16_eabi.lib : copy_decompress_none.obj (.text:decompress:none)
                  000084aa    0000000e     sysbios.aem4f : BIOS.obj (.text:ti_sysbios_knl_Queue_empty__E)
                  000084b8    0000000e     ti.uia.runtime.aem4f : LoggerStopMode.oem4f (.text:ti_uia_runtime_LoggerStopMode_isEmpty__E)
                  000084c6    00000002     --HOLE-- [fill = 0]
                  000084c8    0000000c     main_pem4f.oem4f (.text:.bootCodeSection:ti_catalog_arm_cortexm4_tiva_ce_Boot_init__I)
                  000084d4    0000000c     sysbios.aem4f : BIOS.obj (.text:ti_sysbios_family_arm_lm4_Timer_masterDisable__I)
                  000084e0    0000000c                   : BIOS.obj (.text:ti_sysbios_family_arm_lm4_TimestampProvider_startTimer__E)
                  000084ec    0000000c     main_pem4f.oem4f (.text:ti_sysbios_family_arm_m3_Hwi_Params__init__S)
                  000084f8    0000000c     sysbios.aem4f : BIOS.obj (.text:ti_sysbios_family_arm_m3_Hwi_disableFxn__E)
                  00008504    0000000c                   : BIOS.obj (.text:ti_sysbios_family_arm_m3_TaskSupport_checkStack__E)
                  00008510    0000000c                   : m3_Hwi_asm_switch.obj (.text:ti_sysbios_family_xxx_Hwi_switchToTaskStack)
                  0000851c    0000000c                   : BIOS.obj (.text:ti_sysbios_gates_GateHwi_enter__E)
                  00008528    0000000c     main_pem4f.oem4f (.text:ti_sysbios_knl_Queue_Object__get__S)
                  00008534    0000000c     main_pem4f.oem4f (.text:ti_sysbios_knl_Semaphore_Params__init__S)
                  00008540    0000000c     sysbios.aem4f : BIOS.obj (.text:ti_sysbios_utils_Load_taskRegHook__E)
                  0000854c    0000000c     ti.targets.arm.rtsarm.aem4f : Error.oem4f (.text:xdc_runtime_Error_init__F)
                  00008558    0000000c                                 : Gate.oem4f (.text:xdc_runtime_Gate_enterSystem__F)
                  00008564    0000000c                                 : Memory.oem4f (.text:xdc_runtime_Memory_calloc__F)
                  00008570    0000000c                                 : Memory.oem4f (.text:xdc_runtime_Memory_getMaxDefaultTypeAlign__F)
                  0000857c    0000000c                                 : System.oem4f (.text:xdc_runtime_System_exit__F)
                  00008588    0000000c                                 : System.oem4f (.text:xdc_runtime_System_lastFxn__I)
                  00008594    0000000a     driverlib.lib : uart.obj (.text:UARTCharGet)
                  0000859e    0000000a                   : uart.obj (.text:UARTCharPut)
                  000085a8    0000000a                   : uart.obj (.text:UARTIntDisable)
                  000085b2    0000000a                   : uart.obj (.text:UARTIntStatus)
                  000085bc    0000000a     main_pem4f.oem4f (.text:xdc_runtime_IHeap_alloc)
                  000085c6    0000000a     main_pem4f.oem4f (.text:xdc_runtime_IHeap_free)
                  000085d0    00000008     driverlib.lib : uart.obj (.text:UARTIntEnable)
                  000085d8    00000008     uart_tivaware.aem4f : UARTTiva.oem4f (.text:UARTTiva_init)
                  000085e0    00000008                         : UARTTiva.oem4f (.text:readSemCallback)
                  000085e8    00000008     sysbios.aem4f : BIOS.obj (.text:ti_sysbios_family_arm_m3_Hwi_doSwiRestore__I)
                  000085f0    00000008                   : BIOS.obj (.text:ti_sysbios_family_arm_m3_Hwi_startup__E)
                  000085f8    00000008                   : BIOS.obj (.text:ti_sysbios_knl_Idle_loop__E)
                  00008600    00000008     uart_tivaware.aem4f : UARTTiva.oem4f (.text:writeSemCallback)
                  00008608    00000006     driverlib.lib : gpio.obj (.text:GPIOPinWrite)
                  0000860e    00000006                   : sysctl.obj (.text:SysCtlDelay)
                  00008614    00000006                   : uart.obj (.text:UARTFIFOLevelSet)
                  0000861a    00000006     ti.targets.arm.rtsarm.aem4f : xdc_noinit.oem4f (.text:__xdc__init)
                  00008620    00000006     rtsv7M4_T_le_v4SPD16_eabi.lib : copy_decompress_rle.obj (.text:decompress:rle24)
                  00008626    00000006     Boot.aem4f : Boot_sysctl.oem4f (.text:ti_catalog_arm_cortexm4_tiva_ce_Boot_sysCtlDelayI__I)
                  0000862c    00000006     sysbios.aem4f : BIOS.obj (.text:ti_sysbios_family_arm_lm4_TimestampProvider_Module_startup__F)
                  00008632    00000006                   : BIOS.obj (.text:ti_sysbios_family_arm_m3_Hwi_restoreFxn__E)
                  00008638    00000006                   : BIOS.obj (.text:ti_sysbios_gates_GateHwi_leave__E)
                  0000863e    00000006                   : BIOS.obj (.text:ti_sysbios_heaps_HeapMem_isBlocking__E)
                  00008644    00000006                   : BIOS.obj (.text:ti_sysbios_knl_Queue_Instance_init__F)
                  0000864a    00000006     ti.uia.runtime.aem4f : LoggerStopMode.oem4f (.text:ti_uia_runtime_LoggerStopMode_getPriority__E)
                  00008650    00000006                          : LoggerStopMode.oem4f (.text:ti_uia_runtime_LoggerStopMode_getTransferType__F)
                  00008656    00000006     ti.targets.arm.rtsarm.aem4f : System.oem4f (.text:xdc_runtime_System_Module_startup__F)
                  0000865c    00000004     driverlib.lib : uart.obj (.text:UARTIntClear)
                  00008660    00000004     main_pem4f.oem4f (.text:ti_sysbios_BIOS_RtsGateProxy_enter__E)
                  00008664    00000004     main_pem4f.oem4f (.text:ti_sysbios_BIOS_RtsGateProxy_leave__E)
                  00008668    00000004     sysbios.aem4f : BIOS.obj (.text:ti_sysbios_family_arm_lm4_Timer_getPeriod__E)
                  0000866c    00000004                   : BIOS.obj (.text:ti_sysbios_family_arm_lm4_Timer_masterEnable__I)
                  00008670    00000004     main_pem4f.oem4f (.text:ti_sysbios_family_arm_m3_TaskSupport_Module__startupDone__S)
                  00008674    00000004     sysbios.aem4f : BIOS.obj (.text:ti_sysbios_gates_GateHwi_query__F)
                  00008678    00000004                   : BIOS.obj (.text:ti_sysbios_gates_GateMutex_query__F)
                  0000867c    00000004     main_pem4f.oem4f (.text:ti_sysbios_hal_Hwi_HwiProxy_Module__startupDone__S)
                  00008680    00000004     main_pem4f.oem4f (.text:ti_sysbios_hal_Timer_TimerProxy_Module__startupDone__S)
                  00008684    00000004     main_pem4f.oem4f (.text:ti_sysbios_hal_Timer_TimerProxy_getPeriod__E)
                  00008688    00000004     main_pem4f.oem4f (.text:ti_sysbios_heaps_HeapMem_Module_GateProxy_enter__E)
                  0000868c    00000004     main_pem4f.oem4f (.text:ti_sysbios_heaps_HeapMem_Module_GateProxy_leave__E)
                  00008690    00000004     main_pem4f.oem4f (.text:ti_sysbios_knl_Task_SupportProxy_Module__startupDone__S)
                  00008694    00000004     sysbios.aem4f : BIOS.obj (.text:ti_sysbios_knl_Task_startup__E)
                  00008698    00000004     main_pem4f.oem4f (.text:ti_uia_runtime_LogSync_CpuTimestampProxy_Module__startupDone__S)
                  0000869c    00000004     main_pem4f.oem4f (.text:ti_uia_runtime_LogSync_GlobalTimestampProxy_Module__startupDone__S)
                  000086a0    00000004     ti.uia.runtime.aem4f : LoggerStopMode.oem4f (.text:ti_uia_runtime_LoggerStopMode_getInstanceId__E)
                  000086a4    00000004                          : LoggerStopMode.oem4f (.text:ti_uia_runtime_LoggerStopMode_getMaxLength__E)
                  000086a8    00000004                          : LoggerStopMode.oem4f (.text:ti_uia_runtime_LoggerStopMode_setPriority__E)
                  000086ac    00000004     ti.targets.arm.rtsarm.aem4f : Error.oem4f (.text:xdc_runtime_Error_getSite__F)
                  000086b0    00000004     main_pem4f.oem4f (.text:xdc_runtime_Memory_HeapProxy_alloc__E)
                  000086b4    00000004     main_pem4f.oem4f (.text:xdc_runtime_Memory_HeapProxy_free__E)
                  000086b8    00000004     main_pem4f.oem4f (.text:xdc_runtime_System_Module_GateProxy_enter__E)
                  000086bc    00000004     main_pem4f.oem4f (.text:xdc_runtime_System_Module_GateProxy_leave__E)
                  000086c0    00000004     ti.targets.arm.rtsarm.aem4f : System.oem4f (.text:xdc_runtime_System_aprintf_va__F)
                  000086c4    00000004                                 : System.oem4f (.text:xdc_runtime_System_printf_va__F)
                  000086c8    00000004     main_pem4f.oem4f (.text:xdc_runtime_System_vsnprintf__E)
                  000086cc    00000004     main_pem4f.oem4f (.text:xdc_runtime_TimestampNull_Module__startupDone__S)
                  000086d0    00000004     main_pem4f.oem4f (.text:xdc_runtime_Timestamp_Module__startupDone__S)

.const     0    000086d4    00002fae     
                  000086d4    000023a1     main_pem4f.oem4f (.const:xdc_runtime_Text_charTab__A)
                  0000aa75    00000001     main_pem4f.oem4f (.const:xdc_runtime_Error_policy__C)
                  0000aa76    0000013c     main_pem4f.oem4f (.const:xdc_runtime_Text_nodeTab__A)
                  0000abb2    00000102     rtsv7M4_T_le_v4SPD16_eabi.lib : ctype.obj (.const:.string:_ctypes_)
                  0000acb4    000000d8     main_pem4f.oem4f (.const:ti_sysbios_family_arm_m3_Hwi_priorities__A)
                  0000ad8c    00000090     driverlib.lib : gpio.obj (.const:g_pui32GPIOBaseAddrs)
                  0000ae1c    0000006c     EK_LM4F120XL.obj (.const:UART_config)
                  0000ae88    0000006c     driverlib.lib : sysctl.obj (.const:g_pui32Xtals)
                  0000aef4    00000060     main_pem4f.oem4f (.const:ti_uia_runtime_LoggerStopMode_Module__FXNS__C)
                  0000af54    00000048     main_pem4f.oem4f (.const:.string)
                  0000af9c    00000040     EK_LM4F120XL.obj (.const:uartTivaHWAttrs)
                  0000afdc    0000003c     EK_LM4F120XL.obj (.const:gpioHWAttrs)
                  0000b018    00000034     main_pem4f.oem4f (.const:xdc_runtime_Startup_sfxnTab__A)
                  0000b04c    00000030     main_pem4f.oem4f (.const:ti_sysbios_family_arm_m3_Hwi_Object__PARAMS__C)
                  0000b07c    00000030     main_pem4f.oem4f (.const:ti_sysbios_knl_Task_hooks__A)
                  0000b0ac    00000030     main_pem4f.oem4f (.const:ti_uia_runtime_LoggerStopMode_Object__PARAMS__C)
                  0000b0dc    00000028     main_pem4f.oem4f (.const:ti_sysbios_heaps_HeapMem_Module__FXNS__C)
                  0000b104    00000024     uart_tivaware.aem4f : UARTTiva.oem4f (.const:UARTTiva_fxnTable)
                  0000b128    00000024     main_pem4f.oem4f (.const:ti_sysbios_gates_GateHwi_Module__FXNS__C)
                  0000b14c    00000024     main_pem4f.oem4f (.const:ti_sysbios_gates_GateMutex_Module__FXNS__C)
                  0000b170    00000024     main_pem4f.oem4f (.const:ti_sysbios_heaps_HeapMem_Object__PARAMS__C)
                  0000b194    00000024     main_pem4f.oem4f (.const:ti_sysbios_knl_Semaphore_Object__PARAMS__C)
                  0000b1b8    00000020     main_pem4f.oem4f (.const:ti_sysbios_family_arm_m3_Hwi_Object__DESC__C)
                  0000b1d8    00000020     main_pem4f.oem4f (.const:ti_sysbios_gates_GateHwi_Object__DESC__C)
                  0000b1f8    00000020     main_pem4f.oem4f (.const:ti_sysbios_gates_GateMutex_Object__DESC__C)
                  0000b218    00000020     main_pem4f.oem4f (.const:ti_sysbios_heaps_HeapMem_Object__DESC__C)
                  0000b238    00000020     main_pem4f.oem4f (.const:ti_sysbios_knl_Queue_Object__DESC__C)
                  0000b258    00000020     main_pem4f.oem4f (.const:ti_sysbios_knl_Semaphore_Object__DESC__C)
                  0000b278    00000020     main_pem4f.oem4f (.const:ti_uia_runtime_LoggerStopMode_Object__DESC__C)
                  0000b298    00000020     uart_tivaware.aem4f : UART.oem4f (.const)
                  0000b2b8    0000001a     main_pem4f.oem4f (.const:xdc_runtime_Startup_sfxnRts__A)
                  0000b2d2    00000002     main_pem4f.oem4f (.const:ti_catalog_arm_cortexm4_tiva_ce_Boot_Module__id__C)
                  0000b2d4    00000018     EK_LM4F120XL.obj (.const)
                  0000b2ec    00000018     main_pem4f.oem4f (.const:ti_sysbios_gates_GateHwi_Object__PARAMS__C)
                  0000b304    00000018     main_pem4f.oem4f (.const:ti_sysbios_gates_GateMutex_Object__PARAMS__C)
                  0000b31c    00000018     main_pem4f.oem4f (.const:ti_sysbios_knl_Queue_Object__PARAMS__C)
                  0000b334    00000014     main_pem4f.oem4f (.const:xdc_runtime_Startup_firstFxns__A)
                  0000b348    00000011     ti.targets.arm.rtsarm.aem4f : System.oem4f (.const)
                  0000b359    00000001     --HOLE-- [fill = 0]
                  0000b35a    00000002     main_pem4f.oem4f (.const:ti_sysbios_BIOS_Module__id__C)
                  0000b35c    00000008     main_pem4f.oem4f (.const:ti_sysbios_family_arm_m3_Hwi_excHookFuncs__A)
                  0000b364    00000008     main_pem4f.oem4f (.const:ti_sysbios_knl_Idle_coreList__A)
                  0000b36c    00000008     main_pem4f.oem4f (.const:ti_sysbios_knl_Idle_coreList__C)
                  0000b374    00000008     main_pem4f.oem4f (.const:ti_sysbios_knl_Idle_funcList__A)
                  0000b37c    00000008     main_pem4f.oem4f (.const:ti_sysbios_knl_Idle_funcList__C)
                  0000b384    00000008     main_pem4f.oem4f (.const:ti_sysbios_knl_Task_hooks__C)
                  0000b38c    00000008     main_pem4f.oem4f (.const:xdc_runtime_Startup_firstFxns__C)
                  0000b394    00000008     main_pem4f.oem4f (.const:xdc_runtime_Startup_lastFxns__A)
                  0000b39c    00000008     main_pem4f.oem4f (.const:xdc_runtime_Startup_lastFxns__C)
                  0000b3a4    00000004     main_pem4f.oem4f (.const:ti_catalog_arm_cortexm4_tiva_ce_Boot_A_mustUseEnhancedClockMode__C)
                  0000b3a8    00000004     main_pem4f.oem4f (.const:ti_catalog_arm_cortexm4_tiva_ce_Boot_Module__diagsEnabled__C)
                  0000b3ac    00000004     main_pem4f.oem4f (.const:ti_catalog_arm_cortexm4_tiva_ce_Boot_Module__diagsIncluded__C)
                  0000b3b0    00000004     main_pem4f.oem4f (.const:ti_catalog_arm_cortexm4_tiva_ce_Boot_Module__diagsMask__C)
                  0000b3b4    00000004     main_pem4f.oem4f (.const:ti_sysbios_BIOS_Module__diagsEnabled__C)
                  0000b3b8    00000004     main_pem4f.oem4f (.const:ti_sysbios_BIOS_Module__diagsIncluded__C)
                  0000b3bc    00000004     main_pem4f.oem4f (.const:ti_sysbios_BIOS_Module__diagsMask__C)
                  0000b3c0    00000004     main_pem4f.oem4f (.const:ti_sysbios_BIOS_installedErrorHook__C)
                  0000b3c4    00000004     main_pem4f.oem4f (.const:ti_sysbios_family_arm_lm4_Timer_enableFunc__C)
                  0000b3c8    00000004     main_pem4f.oem4f (.const:ti_sysbios_family_arm_lm4_Timer_numTimerDevices__C)
                  0000b3cc    00000004     main_pem4f.oem4f (.const:ti_sysbios_family_arm_lm4_Timer_startupNeeded__C)
                  0000b3d0    00000004     main_pem4f.oem4f (.const:ti_sysbios_family_arm_m3_Hwi_E_NMI__C)
                  0000b3d4    00000004     main_pem4f.oem4f (.const:ti_sysbios_family_arm_m3_Hwi_E_alreadyDefined__C)
                  0000b3d8    00000004     main_pem4f.oem4f (.const:ti_sysbios_family_arm_m3_Hwi_E_busFault__C)
                  0000b3dc    00000004     main_pem4f.oem4f (.const:ti_sysbios_family_arm_m3_Hwi_E_debugMon__C)
                  0000b3e0    00000004     main_pem4f.oem4f (.const:ti_sysbios_family_arm_m3_Hwi_E_hardFault__C)
                  0000b3e4    00000004     main_pem4f.oem4f (.const:ti_sysbios_family_arm_m3_Hwi_E_memFault__C)
                  0000b3e8    00000004     main_pem4f.oem4f (.const:ti_sysbios_family_arm_m3_Hwi_E_noIsr__C)
                  0000b3ec    00000004     main_pem4f.oem4f (.const:ti_sysbios_family_arm_m3_Hwi_E_reserved__C)
                  0000b3f0    00000004     main_pem4f.oem4f (.const:ti_sysbios_family_arm_m3_Hwi_E_svCall__C)
                  0000b3f4    00000004     main_pem4f.oem4f (.const:ti_sysbios_family_arm_m3_Hwi_E_usageFault__C)
                  0000b3f8    00000004     main_pem4f.oem4f (.const:ti_sysbios_family_arm_m3_Hwi_LD_end__C)
                  0000b3fc    00000004     main_pem4f.oem4f (.const:ti_sysbios_family_arm_m3_Hwi_LM_begin__C)
                  0000b400    00000004     main_pem4f.oem4f (.const:ti_sysbios_family_arm_m3_Hwi_Module__diagsEnabled__C)
                  0000b404    00000004     main_pem4f.oem4f (.const:ti_sysbios_family_arm_m3_Hwi_Module__diagsIncluded__C)
                  0000b408    00000004     main_pem4f.oem4f (.const:ti_sysbios_family_arm_m3_Hwi_Module__diagsMask__C)
                  0000b40c    00000004     main_pem4f.oem4f (.const:ti_sysbios_family_arm_m3_Hwi_Module__loggerFxn1__C)
                  0000b410    00000004     main_pem4f.oem4f (.const:ti_sysbios_family_arm_m3_Hwi_Module__loggerFxn8__C)
                  0000b414    00000004     main_pem4f.oem4f (.const:ti_sysbios_family_arm_m3_Hwi_Module__loggerObj__C)
                  0000b418    00000004     main_pem4f.oem4f (.const:ti_sysbios_family_arm_m3_Hwi_NUM_INTERRUPTS__C)
                  0000b41c    00000004     main_pem4f.oem4f (.const:ti_sysbios_family_arm_m3_Hwi_ccr__C)
                  0000b420    00000004     main_pem4f.oem4f (.const:ti_sysbios_family_arm_m3_Hwi_dispatchTable__C)
                  0000b424    00000004     main_pem4f.oem4f (.const:ti_sysbios_family_arm_m3_Hwi_excHandlerFunc__C)
                  0000b428    00000004     main_pem4f.oem4f (.const:ti_sysbios_family_arm_m3_Hwi_excHookFuncs__C)
                  0000b42c    00000004     main_pem4f.oem4f (.const:ti_sysbios_family_arm_m3_Hwi_priGroup__C)
                  0000b430    00000004     main_pem4f.oem4f (.const:ti_sysbios_family_arm_m3_Hwi_priorities__C)
                  0000b434    00000004     main_pem4f.oem4f (.const:ti_sysbios_gates_GateMutex_A_badContext__C)
                  0000b438    00000004     main_pem4f.oem4f (.const:ti_sysbios_gates_GateMutex_Instance_State_sem__O)
                  0000b43c    00000004     main_pem4f.oem4f (.const:ti_sysbios_gates_GateMutex_Module__diagsEnabled__C)
                  0000b440    00000004     main_pem4f.oem4f (.const:ti_sysbios_gates_GateMutex_Module__diagsIncluded__C)
                  0000b444    00000004     main_pem4f.oem4f (.const:ti_sysbios_gates_GateMutex_Module__diagsMask__C)
                  0000b448    00000004     main_pem4f.oem4f (.const:ti_sysbios_hal_Hwi_E_stackOverflow__C)
                  0000b44c    00000004     main_pem4f.oem4f (.const:ti_sysbios_heaps_HeapMem_A_align__C)
                  0000b450    00000004     main_pem4f.oem4f (.const:ti_sysbios_heaps_HeapMem_A_heapSize__C)
                  0000b454    00000004     main_pem4f.oem4f (.const:ti_sysbios_heaps_HeapMem_A_invalidFree__C)
                  0000b458    00000004     main_pem4f.oem4f (.const:ti_sysbios_heaps_HeapMem_A_zeroBlock__C)
                  0000b45c    00000004     main_pem4f.oem4f (.const:ti_sysbios_heaps_HeapMem_E_memory__C)
                  0000b460    00000004     main_pem4f.oem4f (.const:ti_sysbios_heaps_HeapMem_Module__diagsEnabled__C)
                  0000b464    00000004     main_pem4f.oem4f (.const:ti_sysbios_heaps_HeapMem_Module__diagsIncluded__C)
                  0000b468    00000004     main_pem4f.oem4f (.const:ti_sysbios_heaps_HeapMem_Module__diagsMask__C)
                  0000b46c    00000004     main_pem4f.oem4f (.const:ti_sysbios_heaps_HeapMem_Module__gateObj__C)
                  0000b470    00000004     main_pem4f.oem4f (.const:ti_sysbios_heaps_HeapMem_Object__count__C)
                  0000b474    00000004     main_pem4f.oem4f (.const:ti_sysbios_heaps_HeapMem_reqAlign__C)
                  0000b478    00000004     main_pem4f.oem4f (.const:ti_sysbios_io_DEV_Object__count__C)
                  0000b47c    00000004     main_pem4f.oem4f (.const:ti_sysbios_io_DEV_tableSize__C)
                  0000b480    00000004     main_pem4f.oem4f (.const:ti_sysbios_knl_Clock_LM_begin__C)
                  0000b484    00000004     main_pem4f.oem4f (.const:ti_sysbios_knl_Clock_LM_tick__C)
                  0000b488    00000004     main_pem4f.oem4f (.const:ti_sysbios_knl_Clock_LW_delayed__C)
                  0000b48c    00000004     main_pem4f.oem4f (.const:ti_sysbios_knl_Clock_Module_State_clockQ__O)
                  0000b490    00000004     main_pem4f.oem4f (.const:ti_sysbios_knl_Clock_Module__diagsEnabled__C)
                  0000b494    00000004     main_pem4f.oem4f (.const:ti_sysbios_knl_Clock_Module__diagsIncluded__C)
                  0000b498    00000004     main_pem4f.oem4f (.const:ti_sysbios_knl_Clock_Module__diagsMask__C)
                  0000b49c    00000004     main_pem4f.oem4f (.const:ti_sysbios_knl_Clock_Module__loggerFxn1__C)
                  0000b4a0    00000004     main_pem4f.oem4f (.const:ti_sysbios_knl_Clock_Module__loggerFxn2__C)
                  0000b4a4    00000004     main_pem4f.oem4f (.const:ti_sysbios_knl_Clock_Module__loggerObj__C)
                  0000b4a8    00000004     main_pem4f.oem4f (.const:ti_sysbios_knl_Semaphore_A_badContext__C)
                  0000b4ac    00000004     main_pem4f.oem4f (.const:ti_sysbios_knl_Semaphore_A_noEvents__C)
                  0000b4b0    00000004     main_pem4f.oem4f (.const:ti_sysbios_knl_Semaphore_A_overflow__C)
                  0000b4b4    00000004     main_pem4f.oem4f (.const:ti_sysbios_knl_Semaphore_A_pendTaskDisabled__C)
                  0000b4b8    00000004     main_pem4f.oem4f (.const:ti_sysbios_knl_Semaphore_Instance_State_pendQ__O)
                  0000b4bc    00000004     main_pem4f.oem4f (.const:ti_sysbios_knl_Semaphore_LM_pend__C)
                  0000b4c0    00000004     main_pem4f.oem4f (.const:ti_sysbios_knl_Semaphore_LM_post__C)
                  0000b4c4    00000004     main_pem4f.oem4f (.const:ti_sysbios_knl_Semaphore_Module__diagsEnabled__C)
                  0000b4c8    00000004     main_pem4f.oem4f (.const:ti_sysbios_knl_Semaphore_Module__diagsIncluded__C)
                  0000b4cc    00000004     main_pem4f.oem4f (.const:ti_sysbios_knl_Semaphore_Module__diagsMask__C)
                  0000b4d0    00000004     main_pem4f.oem4f (.const:ti_sysbios_knl_Semaphore_Module__loggerFxn2__C)
                  0000b4d4    00000004     main_pem4f.oem4f (.const:ti_sysbios_knl_Semaphore_Module__loggerFxn4__C)
                  0000b4d8    00000004     main_pem4f.oem4f (.const:ti_sysbios_knl_Semaphore_Module__loggerObj__C)
                  0000b4dc    00000004     main_pem4f.oem4f (.const:ti_sysbios_knl_Swi_LD_end__C)
                  0000b4e0    00000004     main_pem4f.oem4f (.const:ti_sysbios_knl_Swi_LM_begin__C)
                  0000b4e4    00000004     main_pem4f.oem4f (.const:ti_sysbios_knl_Swi_LM_post__C)
                  0000b4e8    00000004     main_pem4f.oem4f (.const:ti_sysbios_knl_Swi_Module__diagsEnabled__C)
                  0000b4ec    00000004     main_pem4f.oem4f (.const:ti_sysbios_knl_Swi_Module__diagsIncluded__C)
                  0000b4f0    00000004     main_pem4f.oem4f (.const:ti_sysbios_knl_Swi_Module__diagsMask__C)
                  0000b4f4    00000004     main_pem4f.oem4f (.const:ti_sysbios_knl_Swi_Module__loggerFxn1__C)
                  0000b4f8    00000004     main_pem4f.oem4f (.const:ti_sysbios_knl_Swi_Module__loggerFxn4__C)
                  0000b4fc    00000004     main_pem4f.oem4f (.const:ti_sysbios_knl_Swi_Module__loggerObj__C)
                  0000b500    00000004     main_pem4f.oem4f (.const:ti_sysbios_knl_Swi_Object__count__C)
                  0000b504    00000004     main_pem4f.oem4f (.const:ti_sysbios_knl_Task_E_spOutOfBounds__C)
                  0000b508    00000004     main_pem4f.oem4f (.const:ti_sysbios_knl_Task_E_stackOverflow__C)
                  0000b50c    00000004     main_pem4f.oem4f (.const:ti_sysbios_knl_Task_LD_block__C)
                  0000b510    00000004     main_pem4f.oem4f (.const:ti_sysbios_knl_Task_LD_exit__C)
                  0000b514    00000004     main_pem4f.oem4f (.const:ti_sysbios_knl_Task_LD_ready__C)
                  0000b518    00000004     main_pem4f.oem4f (.const:ti_sysbios_knl_Task_LM_switch__C)
                  0000b51c    00000004     main_pem4f.oem4f (.const:ti_sysbios_knl_Task_Module_State_inactiveQ__O)
                  0000b520    00000004     main_pem4f.oem4f (.const:ti_sysbios_knl_Task_Module__diagsEnabled__C)
                  0000b524    00000004     main_pem4f.oem4f (.const:ti_sysbios_knl_Task_Module__diagsIncluded__C)
                  0000b528    00000004     main_pem4f.oem4f (.const:ti_sysbios_knl_Task_Module__diagsMask__C)
                  0000b52c    00000004     main_pem4f.oem4f (.const:ti_sysbios_knl_Task_Module__loggerFxn2__C)
                  0000b530    00000004     main_pem4f.oem4f (.const:ti_sysbios_knl_Task_Module__loggerFxn4__C)
                  0000b534    00000004     main_pem4f.oem4f (.const:ti_sysbios_knl_Task_Module__loggerObj__C)
                  0000b538    00000004     main_pem4f.oem4f (.const:ti_sysbios_knl_Task_Object__count__C)
                  0000b53c    00000004     main_pem4f.oem4f (.const:ti_sysbios_knl_Task_Object__heap__C)
                  0000b540    00000004     main_pem4f.oem4f (.const:ti_sysbios_knl_Task_allBlockedFunc__C)
                  0000b544    00000004     main_pem4f.oem4f (.const:ti_sysbios_knl_Task_numConstructedTasks__C)
                  0000b548    00000004     main_pem4f.oem4f (.const:ti_sysbios_utils_Load_LS_cpuLoad__C)
                  0000b54c    00000004     main_pem4f.oem4f (.const:ti_sysbios_utils_Load_LS_hwiLoad__C)
                  0000b550    00000004     main_pem4f.oem4f (.const:ti_sysbios_utils_Load_LS_taskLoad__C)
                  0000b554    00000004     main_pem4f.oem4f (.const:ti_sysbios_utils_Load_Module_State_taskList__O)
                  0000b558    00000004     main_pem4f.oem4f (.const:ti_sysbios_utils_Load_Module__diagsEnabled__C)
                  0000b55c    00000004     main_pem4f.oem4f (.const:ti_sysbios_utils_Load_Module__diagsIncluded__C)
                  0000b560    00000004     main_pem4f.oem4f (.const:ti_sysbios_utils_Load_Module__diagsMask__C)
                  0000b564    00000004     main_pem4f.oem4f (.const:ti_sysbios_utils_Load_Module__loggerFxn1__C)
                  0000b568    00000004     main_pem4f.oem4f (.const:ti_sysbios_utils_Load_Module__loggerFxn2__C)
                  0000b56c    00000004     main_pem4f.oem4f (.const:ti_sysbios_utils_Load_Module__loggerFxn4__C)
                  0000b570    00000004     main_pem4f.oem4f (.const:ti_sysbios_utils_Load_Module__loggerObj__C)
                  0000b574    00000004     main_pem4f.oem4f (.const:ti_sysbios_utils_Load_postUpdate__C)
                  0000b578    00000004     main_pem4f.oem4f (.const:ti_sysbios_utils_Load_windowInMs__C)
                  0000b57c    00000004     main_pem4f.oem4f (.const:ti_uia_runtime_ILoggerSnapshot_Interface__BASE__C)
                  0000b580    00000004     main_pem4f.oem4f (.const:ti_uia_runtime_IUIATransfer_Interface__BASE__C)
                  0000b584    00000004     main_pem4f.oem4f (.const:ti_uia_runtime_LoggerStopMode_E_badLevel__C)
                  0000b588    00000004     main_pem4f.oem4f (.const:ti_uia_runtime_LoggerStopMode_Object__count__C)
                  0000b58c    00000004     main_pem4f.oem4f (.const:ti_uia_runtime_LoggerStopMode_overflowLogger__C)
                  0000b590    00000004     main_pem4f.oem4f (.const:ti_uia_runtime_LoggerStopMode_statusLogger__C)
                  0000b594    00000004     main_pem4f.oem4f (.const:xdc_runtime_Assert_E_assertFailed__C)
                  0000b598    00000004     main_pem4f.oem4f (.const:xdc_runtime_Core_A_initializedParams__C)
                  0000b59c    00000004     main_pem4f.oem4f (.const:xdc_runtime_Core_Module__diagsEnabled__C)
                  0000b5a0    00000004     main_pem4f.oem4f (.const:xdc_runtime_Core_Module__diagsIncluded__C)
                  0000b5a4    00000004     main_pem4f.oem4f (.const:xdc_runtime_Core_Module__diagsMask__C)
                  0000b5a8    00000004     main_pem4f.oem4f (.const:xdc_runtime_Error_E_generic__C)
                  0000b5ac    00000004     main_pem4f.oem4f (.const:xdc_runtime_Error_E_memory__C)
                  0000b5b0    00000004     main_pem4f.oem4f (.const:xdc_runtime_Error_Module__diagsEnabled__C)
                  0000b5b4    00000004     main_pem4f.oem4f (.const:xdc_runtime_Error_Module__diagsIncluded__C)
                  0000b5b8    00000004     main_pem4f.oem4f (.const:xdc_runtime_Error_Module__diagsMask__C)
                  0000b5bc    00000004     main_pem4f.oem4f (.const:xdc_runtime_Error_Module__loggerFxn8__C)
                  0000b5c0    00000004     main_pem4f.oem4f (.const:xdc_runtime_Error_Module__loggerObj__C)
                  0000b5c4    00000004     main_pem4f.oem4f (.const:xdc_runtime_Error_raiseHook__C)
                  0000b5c8    00000004     main_pem4f.oem4f (.const:xdc_runtime_IFilterLogger_Interface__BASE__C)
                  0000b5cc    00000004     main_pem4f.oem4f (.const:xdc_runtime_IGateProvider_Interface__BASE__C)
                  0000b5d0    00000004     main_pem4f.oem4f (.const:xdc_runtime_IHeap_Interface__BASE__C)
                  0000b5d4    00000004     main_pem4f.oem4f (.const:xdc_runtime_ILogger_Interface__BASE__C)
                  0000b5d8    00000004     main_pem4f.oem4f (.const:xdc_runtime_IModule_Interface__BASE__C)
                  0000b5dc    00000004     main_pem4f.oem4f (.const:xdc_runtime_Log_L_error__C)
                  0000b5e0    00000004     main_pem4f.oem4f (.const:xdc_runtime_Log_L_warning__C)
                  0000b5e4    00000004     main_pem4f.oem4f (.const:xdc_runtime_Main_Module__diagsEnabled__C)
                  0000b5e8    00000004     main_pem4f.oem4f (.const:xdc_runtime_Main_Module__diagsIncluded__C)
                  0000b5ec    00000004     main_pem4f.oem4f (.const:xdc_runtime_Main_Module__diagsMask__C)
                  0000b5f0    00000004     main_pem4f.oem4f (.const:xdc_runtime_Main_Module__loggerFxn2__C)
                  0000b5f4    00000004     main_pem4f.oem4f (.const:xdc_runtime_Main_Module__loggerFxn4__C)
                  0000b5f8    00000004     main_pem4f.oem4f (.const:xdc_runtime_Main_Module__loggerObj__C)
                  0000b5fc    00000004     main_pem4f.oem4f (.const:xdc_runtime_Memory_defaultHeapInstance__C)
                  0000b600    00000004     main_pem4f.oem4f (.const:xdc_runtime_Startup_execImpl__C)
                  0000b604    00000004     main_pem4f.oem4f (.const:xdc_runtime_Startup_maxPasses__C)
                  0000b608    00000004     main_pem4f.oem4f (.const:xdc_runtime_Startup_sfxnRts__C)
                  0000b60c    00000004     main_pem4f.oem4f (.const:xdc_runtime_Startup_sfxnTab__C)
                  0000b610    00000004     main_pem4f.oem4f (.const:xdc_runtime_SysMin_bufSize__C)
                  0000b614    00000004     main_pem4f.oem4f (.const:xdc_runtime_SysMin_outputFunc__C)
                  0000b618    00000004     main_pem4f.oem4f (.const:xdc_runtime_System_Module__gateObj__C)
                  0000b61c    00000004     main_pem4f.oem4f (.const:xdc_runtime_System_extendFxn__C)
                  0000b620    00000004     main_pem4f.oem4f (.const:xdc_runtime_System_maxAtexitHandlers__C)
                  0000b624    00000004     main_pem4f.oem4f (.const:xdc_runtime_Text_charTab__C)
                  0000b628    00000004     main_pem4f.oem4f (.const:xdc_runtime_Text_nameEmpty__C)
                  0000b62c    00000004     main_pem4f.oem4f (.const:xdc_runtime_Text_nameStatic__C)
                  0000b630    00000004     main_pem4f.oem4f (.const:xdc_runtime_Text_nameUnknown__C)
                  0000b634    00000004     main_pem4f.oem4f (.const:xdc_runtime_Text_nodeTab__C)
                  0000b638    00000004     main_pem4f.oem4f (.const:xdc_runtime_Text_visitRopeFxn__C)
                  0000b63c    00000002     main_pem4f.oem4f (.const:ti_sysbios_family_arm_lm4_TimestampProvider_useClockTimer__C)
                  0000b63e    00000002     main_pem4f.oem4f (.const:ti_sysbios_family_arm_m3_Hwi_Module__id__C)
                  0000b640    00000002     main_pem4f.oem4f (.const:ti_sysbios_family_arm_m3_Hwi_Module__loggerDefined__C)
                  0000b642    00000002     main_pem4f.oem4f (.const:ti_sysbios_gates_GateMutex_Module__id__C)
                  0000b644    00000002     main_pem4f.oem4f (.const:ti_sysbios_hal_Hwi_Module__id__C)
                  0000b646    00000002     main_pem4f.oem4f (.const:ti_sysbios_heaps_HeapMem_Module__id__C)
                  0000b648    00000002     main_pem4f.oem4f (.const:ti_sysbios_io_DEV_Module__id__C)
                  0000b64a    00000002     main_pem4f.oem4f (.const:ti_sysbios_knl_Clock_Module__id__C)
                  0000b64c    00000002     main_pem4f.oem4f (.const:ti_sysbios_knl_Clock_Module__loggerDefined__C)
                  0000b64e    00000002     main_pem4f.oem4f (.const:ti_sysbios_knl_Semaphore_Module__id__C)
                  0000b650    00000002     main_pem4f.oem4f (.const:ti_sysbios_knl_Semaphore_Module__loggerDefined__C)
                  0000b652    00000002     main_pem4f.oem4f (.const:ti_sysbios_knl_Swi_Module__id__C)
                  0000b654    00000002     main_pem4f.oem4f (.const:ti_sysbios_knl_Swi_Module__loggerDefined__C)
                  0000b656    00000002     main_pem4f.oem4f (.const:ti_sysbios_knl_Task_Module__id__C)
                  0000b658    00000002     main_pem4f.oem4f (.const:ti_sysbios_knl_Task_Module__loggerDefined__C)
                  0000b65a    00000002     main_pem4f.oem4f (.const:ti_sysbios_knl_Task_initStackFlag__C)
                  0000b65c    00000002     main_pem4f.oem4f (.const:ti_sysbios_utils_Load_Module__id__C)
                  0000b65e    00000002     main_pem4f.oem4f (.const:ti_sysbios_utils_Load_Module__loggerDefined__C)
                  0000b660    00000002     main_pem4f.oem4f (.const:ti_sysbios_utils_Load_autoAddTasks__C)
                  0000b662    00000002     main_pem4f.oem4f (.const:ti_sysbios_utils_Load_hwiEnabled__C)
                  0000b664    00000002     main_pem4f.oem4f (.const:ti_sysbios_utils_Load_updateInIdle__C)
                  0000b666    00000002     main_pem4f.oem4f (.const:ti_uia_runtime_LoggerStopMode_Module__id__C)
                  0000b668    00000002     main_pem4f.oem4f (.const:ti_uia_runtime_LoggerStopMode_filterByLevel__C)
                  0000b66a    00000002     main_pem4f.oem4f (.const:ti_uia_runtime_LoggerStopMode_isTimestampEnabled__C)
                  0000b66c    00000002     main_pem4f.oem4f (.const:xdc_runtime_Core_Module__id__C)
                  0000b66e    00000002     main_pem4f.oem4f (.const:xdc_runtime_Error_Module__loggerDefined__C)
                  0000b670    00000002     main_pem4f.oem4f (.const:xdc_runtime_Error_maxDepth__C)
                  0000b672    00000002     main_pem4f.oem4f (.const:xdc_runtime_Main_Module__id__C)
                  0000b674    00000002     main_pem4f.oem4f (.const:xdc_runtime_Main_Module__loggerDefined__C)
                  0000b676    00000002     main_pem4f.oem4f (.const:xdc_runtime_Memory_Module__id__C)
                  0000b678    00000002     main_pem4f.oem4f (.const:xdc_runtime_SysMin_flushAtExit__C)
                  0000b67a    00000002     main_pem4f.oem4f (.const:xdc_runtime_Text_charCnt__C)
                  0000b67c    00000002     main_pem4f.oem4f (.const:xdc_runtime_Text_isLoaded__C)
                  0000b67e    00000002     main_pem4f.oem4f (.const:xdc_runtime_Text_registryModsLastId__C)
                  0000b680    00000002     main_pem4f.oem4f (.const:xdc_runtime_Text_unnamedModsLastId__C)

.cinit     0    0000b688    000005a0     
                  0000b688    00000567     (.cinit..data.load) [load image, compression = rle]
                  0000bbef    00000001     --HOLE-- [fill = 0]
                  0000bbf0    0000000c     (__TI_handler_table)
                  0000bbfc    00000004     --HOLE-- [fill = 0]
                  0000bc00    00000008     (.cinit..bss.load) [load image, compression = zero_init]
                  0000bc08    00000008     (.cinit..vecs.load) [load image, compression = zero_init]
                  0000bc10    00000018     (__TI_cinit_table)

.vecs      0    20000000    00000360     UNINITIALIZED
                  20000000    00000360     main_pem4f.oem4f (.vecs)

.bss       0    20000360    000034f8     UNINITIALIZED
                  20000360    00001000     main_pem4f.oem4f (.bss:taskStackSection)
                  20001360    00001000     main_pem4f.oem4f (.bss:ti_sysbios_heaps_HeapMem_Instance_State_0_buf__A)
                  20002360    00000480     main_pem4f.oem4f (.bss:ti_uia_runtime_LoggerStopMode_Instance_State_1_bufferArray__A)
                  200027e0    00000480     main_pem4f.oem4f (.bss:ti_uia_runtime_LoggerStopMode_Instance_State_2_bufferArray__A)
                  20002c60    00000440     EK_LM4F120XL.obj (.bss:uartTivaObjects)
                  200030a0    00000400     main_pem4f.oem4f (.bss:xdc_runtime_SysMin_Module_State_0_outbuf__A)
                  200034a0    00000280     main_pem4f.oem4f (.bss:ti_uia_runtime_LoggerStopMode_Instance_State_0_bufferArray__A)
                  20003720    00000120     rtsv7M4_T_le_v4SPD16_eabi.lib : trgmsg.obj (.bss:__CIOBUF_)
                  20003840    00000008     (.common:parmbuf)
                  20003848    00000008     (.common:ti_sysbios_knl_Task_Instance_State_0_hookEnv__A)
                  20003850    00000008     (.common:ti_sysbios_knl_Task_Instance_State_1_hookEnv__A)

.stack     0    20003858    00001000     UNINITIALIZED
                  20003858    00001000     --HOLE--

.data      0    20004858    00000b00     UNINITIALIZED
                  20004858    00000360     main_pem4f.oem4f (.data:ti_sysbios_family_arm_m3_Hwi_Module_State_0_dispatchTable__A)
                  20004bb8    000001fc     main_pem4f.oem4f (.data)
                  20004db4    00000108     main_pem4f.oem4f (.data:ti_uia_runtime_LoggerStopMode_Object__table__V)
                  20004ebc    000000a0     main_pem4f.oem4f (.data:ti_sysbios_knl_Task_Object__table__V)
                  20004f5c    00000098     main_pem4f.oem4f (.data:ti_sysbios_utils_Load_Module__state__V)
                  20004ff4    00000080     main_pem4f.oem4f (.data:ti_sysbios_knl_Swi_Module_State_0_readyQ__A)
                  20005074    00000080     main_pem4f.oem4f (.data:ti_sysbios_knl_Task_Module_State_0_readyQ__A)
                  200050f4    00000070     main_pem4f.oem4f (.data:ti_sysbios_family_arm_lm4_Timer_Object__table__V)
                  20005164    0000005c     main_pem4f.oem4f (.data:ti_sysbios_family_arm_m3_Hwi_Module__state__V)
                  200051c0    00000044     main_pem4f.oem4f (.data:ti_sysbios_knl_Task_Module__state__V)
                  20005204    00000038     main_pem4f.oem4f (.data:ti_sysbios_gates_GateMutex_Object__table__V)
                  2000523c    00000038     main_pem4f.oem4f (.data:ti_sysbios_utils_Load_Module_State_0_taskEnv__A)
                  20005274    00000030     main_pem4f.oem4f (.data:ti_sysbios_family_arm_lm4_Timer_Module_State_0_device__A)
                  200052a4    00000030     main_pem4f.oem4f (.data:ti_sysbios_family_arm_m3_Hwi_Object__table__V)
                  200052d4    00000030     main_pem4f.oem4f (.data:ti_sysbios_knl_Swi_Object__table__V)
                  20005304    00000028     main_pem4f.oem4f (.data:ti_sysbios_knl_Clock_Module__state__V)
                  2000532c    00000008     gpio_tivaware.aem4f : GPIO.oem4f (.data)
                  20005334    00000008     rtsv7M4_T_le_v4SPD16_eabi.lib : _lock.obj (.data)
                  2000533c    00000008                                   : exit.obj (.data)
                  20005344    00000008     ti.uia.runtime.aem4f : QueueDescriptor.oem4f (.data)
                  2000534c    00000004     rtsv7M4_T_le_v4SPD16_eabi.lib : dtor_list.obj (.data)
                  20005350    00000004                                   : stkdepth_vars.obj (.data)
                  20005354    00000004     uart_tivaware.aem4f : UART.oem4f (.data)


LINKER GENERATED COPY TABLES

__TI_cinit_table @ 0000bc10 records: 3, size/record: 8, table size: 24
	.data: load addr=0000b688, load size=00000567 bytes, run addr=20004858, run size=00000b00 bytes, compression=rle
	.bss: load addr=0000bc00, load size=00000008 bytes, run addr=20000360, run size=000034f8 bytes, compression=zero_init
	.vecs: load addr=0000bc08, load size=00000008 bytes, run addr=20000000, run size=00000360 bytes, compression=zero_init


LINKER GENERATED HANDLER TABLE

__TI_handler_table @ 0000bbf0 records: 3, size/record: 4, table size: 12
	index: 0, handler: __TI_zero_init
	index: 1, handler: __TI_decompress_rle24
	index: 2, handler: __TI_decompress_none


GLOBAL SYMBOLS: SORTED ALPHABETICALLY BY Name 

address    name
--------   ----
000070b9   C$$EXIT
000068a3   C$$IO$$
00005cf9   EK_LM4F120XL_initGPIO
0000735d   EK_LM4F120XL_initGeneral
00003f89   EK_LM4F120XL_initUART
00007b91   GPIODirModeSet
000039a5   GPIOPadConfigSet
00006e35   GPIOPinConfigure
000082b1   GPIOPinTypeGPIOInput
0000810b   GPIOPinTypeGPIOOutput
000082c3   GPIOPinTypeUART
00008609   GPIOPinWrite
0000b2d4   GPIO_config
00007cad   GPIO_init
000049b5   GPIO_write
00001035   HOSTclock
00000ffd   HOSTclose
00000fbf   HOSTgetenv
00000f63   HOSTlseek
00000f11   HOSTopen
00000ec5   HOSTread
00000e67   HOSTrename
00000e2d   HOSTtime
00000df5   HOSTunlink
00000da9   HOSTwrite
UNDEFED    SHT$$INIT_ARRAY$$Base
UNDEFED    SHT$$INIT_ARRAY$$Limit
00004c6d   SysCtlClockGet
0000860f   SysCtlDelay
00007745   SysCtlPeripheralEnable
20004f0c   TSK_idle
00008595   UARTCharGet
00008481   UARTCharGetNonBlocking
0000859f   UARTCharPut
0000848f   UARTCharPutNonBlocking
000072d9   UARTConfigSetExpClk
00007f5d   UARTDisable
00008211   UARTEnable
00008615   UARTFIFOLevelSet
0000865d   UARTIntClear
000085a9   UARTIntDisable
000085d1   UARTIntEnable
000085b3   UARTIntStatus
0000583d   UARTTiva_close
0000b104   UARTTiva_fxnTable
000085d9   UARTTiva_init
0000107d   UARTTiva_open
000020b9   UARTTiva_read
00004df5   UARTTiva_readCancel
00002789   UARTTiva_readPolling
00001eb5   UARTTiva_write
00004d35   UARTTiva_writeCancel
00002bb9   UARTTiva_writePolling
00007779   UART_Params_init
0000ae1c   UART_config
0000b298   UART_defaultParams
0000754d   UART_init
00006e7d   UART_open
000077ad   UART_read
000077e1   UART_write
00007815   UART_writePolling
00000000   __ASM__
20003720   __CIOBUF_
00000073   __ISA__
00000086   __PLAT__
20004858   __STACK_END
00001000   __STACK_SIZE
20003958   __STACK_TOP
000000a7   __TARG__
0000bc10   __TI_CINIT_Base
0000bc28   __TI_CINIT_Limit
0000bbf0   __TI_Handler_Table_Base
0000bbfc   __TI_Handler_Table_Limit
00000001   __TI_args_main
000058dd   __TI_auto_init
2000533c   __TI_cleanup_ptr
0000849d   __TI_decompress_none
00008621   __TI_decompress_rle24
20005340   __TI_dtors_ptr
000068a7   __TI_readmsg
00000000   __TI_static_base__
00006879   __TI_writemsg
000082d5   __TI_zero_init
000000cd   __TRDR__
00004825   __aeabi_atexit
00006193   __aeabi_memclr
00006193   __aeabi_memclr4
00006193   __aeabi_memclr8
0000597d   __aeabi_memcpy
0000597d   __aeabi_memcpy4
0000597d   __aeabi_memcpy8
00006195   __aeabi_memset
00006195   __aeabi_memset4
00006195   __aeabi_memset8
ffffffff   __binit__
ffffffff   __c_args__
00004813   __cxa_atexit
000047cd   __cxa_finalize
0000480d   __cxa_ia64_exit
20003858   __stack
0000861b   __xdc__init
20004db0   __xdc__init__addr
0000813d   _args_main
00006aad   _c_int00
0000abb2   _ctypes_
20005334   _lock
00008233   _nop
0000822b   _register_lock
00008225   _register_unlock
20005338   _unlock
000070bd   abort
00004817   atexit
00006d9d   atoi
ffffffff   binit
00007075   copy_in
000070c5   exit
00008123   free
0000afdc   gpioHWAttrs
00007849   init_mux_pins
00006c09   init_uart
00007cd1   main
20005350   main_func_sp
000079d5   malloc
0000597d   memcpy
0000619b   memset
00005e09   mux_1
00005f15   mux_2
00005f95   mux_3
00006015   mux_4
00008341   strcpy
00008239   strlen
00001345   tcp_connection
0000b3a4   ti_catalog_arm_cortexm4_tiva_ce_Boot_A_mustUseEnhancedClockMode__C
0000b3a8   ti_catalog_arm_cortexm4_tiva_ce_Boot_Module__diagsEnabled__C
0000b3ac   ti_catalog_arm_cortexm4_tiva_ce_Boot_Module__diagsIncluded__C
0000b3b0   ti_catalog_arm_cortexm4_tiva_ce_Boot_Module__diagsMask__C
0000b2d2   ti_catalog_arm_cortexm4_tiva_ce_Boot_Module__id__C
000084c9   ti_catalog_arm_cortexm4_tiva_ce_Boot_init__I
000041cd   ti_catalog_arm_cortexm4_tiva_ce_Boot_sysCtlClockSetI__I
00005ab5   ti_catalog_arm_cortexm4_tiva_ce_Boot_sysCtlClockSet__E
00008627   ti_catalog_arm_cortexm4_tiva_ce_Boot_sysCtlDelayI__I
0000b3b4   ti_sysbios_BIOS_Module__diagsEnabled__C
0000b3b8   ti_sysbios_BIOS_Module__diagsIncluded__C
0000b3bc   ti_sysbios_BIOS_Module__diagsMask__C
0000b35a   ti_sysbios_BIOS_Module__id__C
20004bb8   ti_sysbios_BIOS_Module__state__V
00008661   ti_sysbios_BIOS_RtsGateProxy_enter__E
00008665   ti_sysbios_BIOS_RtsGateProxy_leave__E
00008679   ti_sysbios_BIOS_RtsGateProxy_query__E
00006ec5   ti_sysbios_BIOS_errorRaiseHook__I
000078e5   ti_sysbios_BIOS_exitFunc__I
00008351   ti_sysbios_BIOS_getCpuFreq__E
0000b3c0   ti_sysbios_BIOS_installedErrorHook__C
000015f7   ti_sysbios_BIOS_nullFunc__I
00007cf5   ti_sysbios_BIOS_registerRTSLock__I
00007f79   ti_sysbios_BIOS_rtsLock__I
000066e1   ti_sysbios_BIOS_rtsUnlock__I
00008361   ti_sysbios_BIOS_setThreadType__E
00007d19   ti_sysbios_BIOS_startFunc__I
00008371   ti_sysbios_BIOS_start__E
20005274   ti_sysbios_family_arm_lm4_Timer_Module_State_0_device__A
20004be0   ti_sysbios_family_arm_lm4_Timer_Module_State_0_handles__A
20004bd8   ti_sysbios_family_arm_lm4_Timer_Module__root__V
00008155   ti_sysbios_family_arm_lm4_Timer_Module__startupDone__F
00008155   ti_sysbios_family_arm_lm4_Timer_Module__startupDone__S
20004bf8   ti_sysbios_family_arm_lm4_Timer_Module__state__V
00006999   ti_sysbios_family_arm_lm4_Timer_Module_startup__E
00006999   ti_sysbios_family_arm_lm4_Timer_Module_startup__F
200050f4   ti_sysbios_family_arm_lm4_Timer_Object__table__V
0000b3c4   ti_sysbios_family_arm_lm4_Timer_enableFunc__C
000056f5   ti_sysbios_family_arm_lm4_Timer_enableTimers__I
00005451   ti_sysbios_family_arm_lm4_Timer_enableTiva__I
00008669   ti_sysbios_family_arm_lm4_Timer_getPeriod__E
00006285   ti_sysbios_family_arm_lm4_Timer_isrStub__E
[...]
0000862d   ti_sysbios_family_arm_lm4_TimestampProvider_Module_startup__E
0000862d   ti_sysbios_family_arm_lm4_TimestampProvider_Module_startup__F
00008633   ti_sysbios_family_arm_m3_Hwi_restoreFxn__E
00008633   ti_sysbios_hal_Hwi_HwiProxy_restore__E
00008633   ti_sysbios_hal_Hwi_restore__E
00008639   ti_sysbios_gates_GateHwi_leave__E
0000863f   ti_sysbios_heaps_HeapMem_isBlocking__E
00008645   ti_sysbios_knl_Queue_Instance_init__F
0000864b   ti_uia_runtime_LoggerStopMode_getPriority__E
00008651   ti_uia_runtime_LoggerStopMode_getTransferType__E
00008651   ti_uia_runtime_LoggerStopMode_getTransferType__F
00008657   xdc_runtime_System_Module_startup__E
00008657   xdc_runtime_System_Module_startup__F
0000865d   UARTIntClear
00008661   ti_sysbios_BIOS_RtsGateProxy_enter__E
00008665   ti_sysbios_BIOS_RtsGateProxy_leave__E
00008669   ti_sysbios_family_arm_lm4_Timer_getPeriod__E
0000866d   ti_sysbios_family_arm_lm4_Timer_masterEnable__I
00008671   ti_sysbios_family_arm_m3_TaskSupport_Module__startupDone__S
00008675   ti_sysbios_gates_GateHwi_query__E
00008675   ti_sysbios_gates_GateHwi_query__F
00008675   xdc_runtime_Main_Module_GateProxy_query__E
00008675   xdc_runtime_System_Module_GateProxy_query__E
00008679   ti_sysbios_BIOS_RtsGateProxy_query__E
00008679   ti_sysbios_gates_GateMutex_query__E
00008679   ti_sysbios_gates_GateMutex_query__F
00008679   ti_sysbios_heaps_HeapMem_Module_GateProxy_query__E
0000867d   ti_sysbios_hal_Hwi_HwiProxy_Module__startupDone__S
00008681   ti_sysbios_hal_Timer_TimerProxy_Module__startupDone__S
00008685   ti_sysbios_hal_Timer_TimerProxy_getPeriod__E
00008689   ti_sysbios_heaps_HeapMem_Module_GateProxy_enter__E
0000868d   ti_sysbios_heaps_HeapMem_Module_GateProxy_leave__E
00008691   ti_sysbios_knl_Task_SupportProxy_Module__startupDone__S
00008695   ti_sysbios_knl_Task_startup__E
00008699   ti_uia_runtime_LogSync_CpuTimestampProxy_Module__startupDone__S
0000869d   ti_uia_runtime_LogSync_GlobalTimestampProxy_Module__startupDone__S
000086a1   ti_uia_runtime_LoggerStopMode_getInstanceId__E
000086a5   ti_uia_runtime_LoggerStopMode_getMaxLength__E
000086a9   ti_uia_runtime_LoggerStopMode_setPriority__E
000086ad   xdc_runtime_Error_getSite__E
000086ad   xdc_runtime_Error_getSite__F
000086b1   xdc_runtime_Memory_HeapProxy_alloc__E
000086b5   xdc_runtime_Memory_HeapProxy_free__E
000086b9   xdc_runtime_System_Module_GateProxy_enter__E
000086bd   xdc_runtime_System_Module_GateProxy_leave__E
000086c1   xdc_runtime_System_aprintf_va__F
000086c5   xdc_runtime_System_printf_va__F
000086c9   xdc_runtime_System_vsnprintf__E
000086cd   xdc_runtime_TimestampNull_Module__startupDone__S
000086d1   xdc_runtime_Timestamp_Module__startupDone__S
000086d4   xdc_runtime_Text_charTab__A
0000aa75   xdc_runtime_Error_policy__C
0000aa76   xdc_runtime_Text_nodeTab__A
0000abb2   _ctypes_
0000acb4   ti_sysbios_family_arm_m3_Hwi_priorities__A
0000ae1c   UART_config
0000aef4   ti_uia_runtime_LoggerStopMode_Module__FXNS__C
0000af9c   uartTivaHWAttrs
0000afdc   gpioHWAttrs
0000b018   xdc_runtime_Startup_sfxnTab__A
0000b04c   ti_sysbios_family_arm_m3_Hwi_Object__PARAMS__C
0000b07c   ti_sysbios_knl_Task_hooks__A
0000b0ac   ti_uia_runtime_LoggerStopMode_Object__PARAMS__C
0000b0dc   ti_sysbios_heaps_HeapMem_Module__FXNS__C
0000b104   UARTTiva_fxnTable
0000b128   ti_sysbios_gates_GateHwi_Module__FXNS__C
0000b14c   ti_sysbios_gates_GateMutex_Module__FXNS__C
0000b170   ti_sysbios_heaps_HeapMem_Object__PARAMS__C
0000b194   ti_sysbios_knl_Semaphore_Object__PARAMS__C
0000b1b8   ti_sysbios_family_arm_m3_Hwi_Object__DESC__C
0000b1d8   ti_sysbios_gates_GateHwi_Object__DESC__C
0000b1f8   ti_sysbios_gates_GateMutex_Object__DESC__C
0000b218   ti_sysbios_heaps_HeapMem_Object__DESC__C
0000b238   ti_sysbios_knl_Queue_Object__DESC__C
0000b258   ti_sysbios_knl_Semaphore_Object__DESC__C
0000b278   ti_uia_runtime_LoggerStopMode_Object__DESC__C
0000b298   UART_defaultParams
0000b2b8   xdc_runtime_Startup_sfxnRts__A
0000b2d2   ti_catalog_arm_cortexm4_tiva_ce_Boot_Module__id__C
0000b2d4   GPIO_config
0000b2ec   ti_sysbios_gates_GateHwi_Object__PARAMS__C
0000b304   ti_sysbios_gates_GateMutex_Object__PARAMS__C
0000b31c   ti_sysbios_knl_Queue_Object__PARAMS__C
0000b334   xdc_runtime_Startup_firstFxns__A
0000b35a   ti_sysbios_BIOS_Module__id__C
0000b35c   ti_sysbios_family_arm_m3_Hwi_excHookFuncs__A
0000b364   ti_sysbios_knl_Idle_coreList__A
0000b36c   ti_sysbios_knl_Idle_coreList__C
0000b374   ti_sysbios_knl_Idle_funcList__A
0000b37c   ti_sysbios_knl_Idle_funcList__C
0000b384   ti_sysbios_knl_Task_hooks__C
0000b38c   xdc_runtime_Startup_firstFxns__C
0000b394   xdc_runtime_Startup_lastFxns__A
0000b39c   xdc_runtime_Startup_lastFxns__C
0000b3a4   ti_catalog_arm_cortexm4_tiva_ce_Boot_A_mustUseEnhancedClockMode__C
0000b3a8   ti_catalog_arm_cortexm4_tiva_ce_Boot_Module__diagsEnabled__C
0000b3ac   ti_catalog_arm_cortexm4_tiva_ce_Boot_Module__diagsIncluded__C
0000b3b0   ti_catalog_arm_cortexm4_tiva_ce_Boot_Module__diagsMask__C
0000b3b4   ti_sysbios_BIOS_Module__diagsEnabled__C
0000b3b8   ti_sysbios_BIOS_Module__diagsIncluded__C
0000b3bc   ti_sysbios_BIOS_Module__diagsMask__C
0000b3c0   ti_sysbios_BIOS_installedErrorHook__C
0000b3c4   ti_sysbios_family_arm_lm4_Timer_enableFunc__C
0000b3c8   ti_sysbios_family_arm_lm4_Timer_numTimerDevices__C
0000b3cc   ti_sysbios_family_arm_lm4_Timer_startupNeeded__C
0000b3d0   ti_sysbios_family_arm_m3_Hwi_E_NMI__C
0000b3d4   ti_sysbios_family_arm_m3_Hwi_E_alreadyDefined__C
0000b3d8   ti_sysbios_family_arm_m3_Hwi_E_busFault__C
0000b3dc   ti_sysbios_family_arm_m3_Hwi_E_debugMon__C
0000b3e0   ti_sysbios_family_arm_m3_Hwi_E_hardFault__C
0000b3e4   ti_sysbios_family_arm_m3_Hwi_E_memFault__C
0000b3e8   ti_sysbios_family_arm_m3_Hwi_E_noIsr__C
0000b3ec   ti_sysbios_family_arm_m3_Hwi_E_reserved__C
0000b3f0   ti_sysbios_family_arm_m3_Hwi_E_svCall__C
0000b3f4   ti_sysbios_family_arm_m3_Hwi_E_usageFault__C
0000b3f8   ti_sysbios_family_arm_m3_Hwi_LD_end__C
0000b3fc   ti_sysbios_family_arm_m3_Hwi_LM_begin__C
0000b400   ti_sysbios_family_arm_m3_Hwi_Module__diagsEnabled__C
0000b404   ti_sysbios_family_arm_m3_Hwi_Module__diagsIncluded__C
0000b408   ti_sysbios_family_arm_m3_Hwi_Module__diagsMask__C
0000b40c   ti_sysbios_family_arm_m3_Hwi_Module__loggerFxn1__C
0000b410   ti_sysbios_family_arm_m3_Hwi_Module__loggerFxn8__C
0000b414   ti_sysbios_family_arm_m3_Hwi_Module__loggerObj__C
0000b418   ti_sysbios_family_arm_m3_Hwi_NUM_INTERRUPTS__C
0000b41c   ti_sysbios_family_arm_m3_Hwi_ccr__C
0000b420   ti_sysbios_family_arm_m3_Hwi_dispatchTable__C
0000b424   ti_sysbios_family_arm_m3_Hwi_excHandlerFunc__C
0000b428   ti_sysbios_family_arm_m3_Hwi_excHookFuncs__C
0000b42c   ti_sysbios_family_arm_m3_Hwi_priGroup__C
0000b430   ti_sysbios_family_arm_m3_Hwi_priorities__C
0000b434   ti_sysbios_gates_GateMutex_A_badContext__C
0000b438   ti_sysbios_gates_GateMutex_Instance_State_sem__O
0000b43c   ti_sysbios_gates_GateMutex_Module__diagsEnabled__C
0000b440   ti_sysbios_gates_GateMutex_Module__diagsIncluded__C
0000b444   ti_sysbios_gates_GateMutex_Module__diagsMask__C
0000b448   ti_sysbios_hal_Hwi_E_stackOverflow__C
0000b44c   ti_sysbios_heaps_HeapMem_A_align__C
0000b450   ti_sysbios_heaps_HeapMem_A_heapSize__C
0000b454   ti_sysbios_heaps_HeapMem_A_invalidFree__C
0000b458   ti_sysbios_heaps_HeapMem_A_zeroBlock__C
0000b45c   ti_sysbios_heaps_HeapMem_E_memory__C
0000b460   ti_sysbios_heaps_HeapMem_Module__diagsEnabled__C
0000b464   ti_sysbios_heaps_HeapMem_Module__diagsIncluded__C
0000b468   ti_sysbios_heaps_HeapMem_Module__diagsMask__C
0000b46c   ti_sysbios_heaps_HeapMem_Module__gateObj__C
0000b470   ti_sysbios_heaps_HeapMem_Object__count__C
0000b474   ti_sysbios_heaps_HeapMem_reqAlign__C
0000b478   ti_sysbios_io_DEV_Object__count__C
0000b47c   ti_sysbios_io_DEV_tableSize__C
0000b480   ti_sysbios_knl_Clock_LM_begin__C
0000b484   ti_sysbios_knl_Clock_LM_tick__C
0000b488   ti_sysbios_knl_Clock_LW_delayed__C
0000b48c   ti_sysbios_knl_Clock_Module_State_clockQ__O
0000b490   ti_sysbios_knl_Clock_Module__diagsEnabled__C
0000b494   ti_sysbios_knl_Clock_Module__diagsIncluded__C
0000b498   ti_sysbios_knl_Clock_Module__diagsMask__C
0000b49c   ti_sysbios_knl_Clock_Module__loggerFxn1__C
0000b4a0   ti_sysbios_knl_Clock_Module__loggerFxn2__C
0000b4a4   ti_sysbios_knl_Clock_Module__loggerObj__C
0000b4a8   ti_sysbios_knl_Semaphore_A_badContext__C
0000b4ac   ti_sysbios_knl_Semaphore_A_noEvents__C
0000b4b0   ti_sysbios_knl_Semaphore_A_overflow__C
0000b4b4   ti_sysbios_knl_Semaphore_A_pendTaskDisabled__C
0000b4b8   ti_sysbios_knl_Semaphore_Instance_State_pendQ__O
0000b4bc   ti_sysbios_knl_Semaphore_LM_pend__C
0000b4c0   ti_sysbios_knl_Semaphore_LM_post__C
0000b4c4   ti_sysbios_knl_Semaphore_Module__diagsEnabled__C
0000b4c8   ti_sysbios_knl_Semaphore_Module__diagsIncluded__C
0000b4cc   ti_sysbios_knl_Semaphore_Module__diagsMask__C
0000b4d0   ti_sysbios_knl_Semaphore_Module__loggerFxn2__C
0000b4d4   ti_sysbios_knl_Semaphore_Module__loggerFxn4__C
0000b4d8   ti_sysbios_knl_Semaphore_Module__loggerObj__C
0000b4dc   ti_sysbios_knl_Swi_LD_end__C
0000b4e0   ti_sysbios_knl_Swi_LM_begin__C
0000b4e4   ti_sysbios_knl_Swi_LM_post__C
0000b4e8   ti_sysbios_knl_Swi_Module__diagsEnabled__C
0000b4ec   ti_sysbios_knl_Swi_Module__diagsIncluded__C
0000b4f0   ti_sysbios_knl_Swi_Module__diagsMask__C
0000b4f4   ti_sysbios_knl_Swi_Module__loggerFxn1__C
0000b4f8   ti_sysbios_knl_Swi_Module__loggerFxn4__C
0000b4fc   ti_sysbios_knl_Swi_Module__loggerObj__C
0000b500   ti_sysbios_knl_Swi_Object__count__C
0000b504   ti_sysbios_knl_Task_E_spOutOfBounds__C
0000b508   ti_sysbios_knl_Task_E_stackOverflow__C
0000b50c   ti_sysbios_knl_Task_LD_block__C
0000b510   ti_sysbios_knl_Task_LD_exit__C
0000b514   ti_sysbios_knl_Task_LD_ready__C
0000b518   ti_sysbios_knl_Task_LM_switch__C
0000b51c   ti_sysbios_knl_Task_Module_State_inactiveQ__O
0000b520   ti_sysbios_knl_Task_Module__diagsEnabled__C
0000b524   ti_sysbios_knl_Task_Module__diagsIncluded__C
0000b528   ti_sysbios_knl_Task_Module__diagsMask__C
0000b52c   ti_sysbios_knl_Task_Module__loggerFxn2__C
0000b530   ti_sysbios_knl_Task_Module__loggerFxn4__C
0000b534   ti_sysbios_knl_Task_Module__loggerObj__C
0000b538   ti_sysbios_knl_Task_Object__count__C
0000b53c   ti_sysbios_knl_Task_Object__heap__C
0000b540   ti_sysbios_knl_Task_allBlockedFunc__C
0000b544   ti_sysbios_knl_Task_numConstructedTasks__C
0000b548   ti_sysbios_utils_Load_LS_cpuLoad__C
0000b54c   ti_sysbios_utils_Load_LS_hwiLoad__C
0000b550   ti_sysbios_utils_Load_LS_taskLoad__C
0000b554   ti_sysbios_utils_Load_Module_State_taskList__O
0000b558   ti_sysbios_utils_Load_Module__diagsEnabled__C
0000b55c   ti_sysbios_utils_Load_Module__diagsIncluded__C
0000b560   ti_sysbios_utils_Load_Module__diagsMask__C
0000b564   ti_sysbios_utils_Load_Module__loggerFxn1__C
0000b568   ti_sysbios_utils_Load_Module__loggerFxn2__C
0000b56c   ti_sysbios_utils_Load_Module__loggerFxn4__C
0000b570   ti_sysbios_utils_Load_Module__loggerObj__C
0000b574   ti_sysbios_utils_Load_postUpdate__C
0000b578   ti_sysbios_utils_Load_windowInMs__C
0000b57c   ti_uia_runtime_ILoggerSnapshot_Interface__BASE__C
0000b580   ti_uia_runtime_IUIATransfer_Interface__BASE__C
0000b584   ti_uia_runtime_LoggerStopMode_E_badLevel__C
0000b588   ti_uia_runtime_LoggerStopMode_Object__count__C
0000b58c   ti_uia_runtime_LoggerStopMode_overflowLogger__C
0000b590   ti_uia_runtime_LoggerStopMode_statusLogger__C
0000b594   xdc_runtime_Assert_E_assertFailed__C
0000b598   xdc_runtime_Core_A_initializedParams__C
0000b59c   xdc_runtime_Core_Module__diagsEnabled__C
0000b5a0   xdc_runtime_Core_Module__diagsIncluded__C
0000b5a4   xdc_runtime_Core_Module__diagsMask__C
0000b5a8   xdc_runtime_Error_E_generic__C
0000b5ac   xdc_runtime_Error_E_memory__C
0000b5b0   xdc_runtime_Error_Module__diagsEnabled__C
0000b5b4   xdc_runtime_Error_Module__diagsIncluded__C
0000b5b8   xdc_runtime_Error_Module__diagsMask__C
0000b5bc   xdc_runtime_Error_Module__loggerFxn8__C
0000b5c0   xdc_runtime_Error_Module__loggerObj__C
0000b5c4   xdc_runtime_Error_raiseHook__C
0000b5c8   xdc_runtime_IFilterLogger_Interface__BASE__C
0000b5cc   xdc_runtime_IGateProvider_Interface__BASE__C
0000b5d0   xdc_runtime_IHeap_Interface__BASE__C
0000b5d4   xdc_runtime_ILogger_Interface__BASE__C
0000b5d8   xdc_runtime_IModule_Interface__BASE__C
0000b5dc   xdc_runtime_Log_L_error__C
0000b5e0   xdc_runtime_Log_L_warning__C
0000b5e4   xdc_runtime_Main_Module__diagsEnabled__C
0000b5e8   xdc_runtime_Main_Module__diagsIncluded__C
0000b5ec   xdc_runtime_Main_Module__diagsMask__C
0000b5f0   xdc_runtime_Main_Module__loggerFxn2__C
0000b5f4   xdc_runtime_Main_Module__loggerFxn4__C
0000b5f8   xdc_runtime_Main_Module__loggerObj__C
0000b5fc   xdc_runtime_Memory_defaultHeapInstance__C
0000b600   xdc_runtime_Startup_execImpl__C
0000b604   xdc_runtime_Startup_maxPasses__C
0000b608   xdc_runtime_Startup_sfxnRts__C
0000b60c   xdc_runtime_Startup_sfxnTab__C
0000b610   xdc_runtime_SysMin_bufSize__C
0000b614   xdc_runtime_SysMin_outputFunc__C
0000b618   xdc_runtime_System_Module__gateObj__C
0000b61c   xdc_runtime_System_extendFxn__C
0000b620   xdc_runtime_System_maxAtexitHandlers__C
0000b624   xdc_runtime_Text_charTab__C
0000b628   xdc_runtime_Text_nameEmpty__C
0000b62c   xdc_runtime_Text_nameStatic__C
0000b630   xdc_runtime_Text_nameUnknown__C
0000b634   xdc_runtime_Text_nodeTab__C
0000b638   xdc_runtime_Text_visitRopeFxn__C
0000b63c   ti_sysbios_family_arm_lm4_TimestampProvider_useClockTimer__C
0000b63e   ti_sysbios_family_arm_m3_Hwi_Module__id__C
0000b640   ti_sysbios_family_arm_m3_Hwi_Module__loggerDefined__C
0000b642   ti_sysbios_gates_GateMutex_Module__id__C
0000b644   ti_sysbios_hal_Hwi_Module__id__C
0000b646   ti_sysbios_heaps_HeapMem_Module__id__C
0000b648   ti_sysbios_io_DEV_Module__id__C
0000b64a   ti_sysbios_knl_Clock_Module__id__C
0000b64c   ti_sysbios_knl_Clock_Module__loggerDefined__C
0000b64e   ti_sysbios_knl_Semaphore_Module__id__C
0000b650   ti_sysbios_knl_Semaphore_Module__loggerDefined__C
0000b652   ti_sysbios_knl_Swi_Module__id__C
0000b654   ti_sysbios_knl_Swi_Module__loggerDefined__C
0000b656   ti_sysbios_knl_Task_Module__id__C
0000b658   ti_sysbios_knl_Task_Module__loggerDefined__C
0000b65a   ti_sysbios_knl_Task_initStackFlag__C
0000b65c   ti_sysbios_utils_Load_Module__id__C
0000b65e   ti_sysbios_utils_Load_Module__loggerDefined__C
0000b660   ti_sysbios_utils_Load_autoAddTasks__C
0000b662   ti_sysbios_utils_Load_hwiEnabled__C
0000b664   ti_sysbios_utils_Load_updateInIdle__C
0000b666   ti_uia_runtime_LoggerStopMode_Module__id__C
0000b668   ti_uia_runtime_LoggerStopMode_filterByLevel__C
0000b66a   ti_uia_runtime_LoggerStopMode_isTimestampEnabled__C
0000b66c   xdc_runtime_Core_Module__id__C
0000b66e   xdc_runtime_Error_Module__loggerDefined__C
0000b670   xdc_runtime_Error_maxDepth__C
0000b672   xdc_runtime_Main_Module__id__C
0000b674   xdc_runtime_Main_Module__loggerDefined__C
0000b676   xdc_runtime_Memory_Module__id__C
0000b678   xdc_runtime_SysMin_flushAtExit__C
0000b67a   xdc_runtime_Text_charCnt__C
0000b67c   xdc_runtime_Text_isLoaded__C
0000b67e   xdc_runtime_Text_registryModsLastId__C
0000b680   xdc_runtime_Text_unnamedModsLastId__C
0000bbf0   __TI_Handler_Table_Base
0000bbfc   __TI_Handler_Table_Limit
0000bc10   __TI_CINIT_Base
0000bc28   __TI_CINIT_Limit
20000000   ti_sysbios_family_arm_m3_Hwi_ramVectors
20000360   ti_sysbios_knl_Task_Instance_State_0_stack__A
20000b60   ti_sysbios_knl_Task_Instance_State_1_stack__A
20001360   ti_sysbios_heaps_HeapMem_Instance_State_0_buf__A
20002360   ti_uia_runtime_LoggerStopMode_Instance_State_1_bufferArray__A
200027e0   ti_uia_runtime_LoggerStopMode_Instance_State_2_bufferArray__A
20002c60   uartTivaObjects
200030a0   xdc_runtime_SysMin_Module_State_0_outbuf__A
200034a0   ti_uia_runtime_LoggerStopMode_Instance_State_0_bufferArray__A
20003720   __CIOBUF_
20003848   ti_sysbios_knl_Task_Instance_State_0_hookEnv__A
20003850   ti_sysbios_knl_Task_Instance_State_1_hookEnv__A
20003858   __stack
20003958   __STACK_TOP
20004858   __STACK_END
20004858   ti_sysbios_family_arm_m3_Hwi_Module_State_0_dispatchTable__A
20004bb8   ti_sysbios_BIOS_Module__state__V
20004bd8   ti_sysbios_family_arm_lm4_Timer_Module__root__V
20004be0   ti_sysbios_family_arm_lm4_Timer_Module_State_0_handles__A
20004bf8   ti_sysbios_family_arm_lm4_Timer_Module__state__V
20004c04   ti_sysbios_family_arm_lm4_TimestampProvider_Module__state__V
20004c0c   ti_sysbios_family_arm_m3_Hwi_Module__root__V
20004c14   ti_sysbios_family_arm_m3_Hwi_Module_State_0_excActive__A
20004c18   ti_sysbios_family_arm_m3_Hwi_Module_State_0_excContext__A
20004c1c   ti_sysbios_family_arm_m3_Hwi_Module_State_0_excStack__A
20004c20   ti_sysbios_gates_GateHwi_Module__root__V
20004c28   ti_sysbios_gates_GateHwi_Object__table__V
20004c2c   ti_sysbios_gates_GateMutex_Module__root__V
20004c34   ti_sysbios_hal_Hwi_Module__root__V
20004c3c   ti_sysbios_hal_Timer_Module__root__V
20004c44   ti_sysbios_hal_Timer_Object__table__V
20004c4c   ti_sysbios_heaps_HeapMem_Module__root__V
20004c54   ti_sysbios_heaps_HeapMem_Object__table__V
20004c6c   ti_sysbios_io_DEV_Module__root__V
20004c74   ti_sysbios_io_DEV_Module_State_0_table__A
20004c94   ti_sysbios_io_DEV_Module__state__V
20004c98   ti_sysbios_io_GIO_Module__root__V
20004ca0   ti_sysbios_knl_Clock_Module__root__V
20004ca8   ti_sysbios_knl_Event_Module__root__V
20004cb4   ti_sysbios_knl_Queue_Module__root__V
20004cbc   ti_sysbios_knl_Semaphore_Module__root__V
20004cc8   ti_sysbios_knl_Swi_Module__root__V
20004cd0   ti_sysbios_knl_Swi_Module__state__V
20004cec   ti_sysbios_knl_Task_Module__root__V
20004cf8   ti_sysbios_knl_Task_Module_State_0_idleTask__A
20004cfc   ti_sysbios_utils_Load_Module__root__V
20004d00   ti_sysbios_utils_Load_Module_State_0_taskStartTime__A
20004d04   ti_sysbios_utils_Load_Module_State_0_runningTask__A
20004d08   ti_sysbios_xdcruntime_SemThreadSupport_Module__root__V
20004d10   ti_uia_runtime_LogSync_Module__root__V
20004d18   ti_uia_runtime_LogSync_Module__state__V
20004d24   ti_uia_runtime_LoggerStopMode_Module__root__V
20004d2c   ti_uia_runtime_LoggerStopMode_Module__state__V
20004d34   ti_uia_runtime_QueueDescriptor_Module__state__V
20004d40   xdc_runtime_Error_Module__state__V
20004d42   xdc_runtime_Main_Module__root__V
20004d44   xdc_runtime_Memory_Module__state__V
20004d48   xdc_runtime_Registry_Module__state__V
20004d50   xdc_runtime_Startup_Module__state__V
20004d58   xdc_runtime_SysMin_Module__state__V
20004d64   xdc_runtime_System_Module_State_0_atexitHandlers__A
20004d84   xdc_runtime_System_Module__state__V
20004d90   xdc_runtime_Text_Module__state__V
20004d98   xdc_runtime_knl_SemThread_Module__root__V
20004da0   xdc_runtime_knl_SyncNull_Module__root__V
20004da8   xdc_runtime_knl_SyncSemThread_Module__root__V
20004db0   __xdc__init__addr
20004db4   ti_uia_runtime_LoggerStopMode_Object__table__V
20004ebc   ti_sysbios_knl_Task_Object__table__V
20004f0c   TSK_idle
20004f5c   ti_sysbios_utils_Load_Module__state__V
20004ff4   ti_sysbios_knl_Swi_Module_State_0_readyQ__A
20005074   ti_sysbios_knl_Task_Module_State_0_readyQ__A
200050f4   ti_sysbios_family_arm_lm4_Timer_Object__table__V
20005164   ti_sysbios_family_arm_m3_Hwi_Module__state__V
200051c0   ti_sysbios_knl_Task_Module__state__V
20005204   ti_sysbios_gates_GateMutex_Object__table__V
2000523c   ti_sysbios_utils_Load_Module_State_0_taskEnv__A
20005274   ti_sysbios_family_arm_lm4_Timer_Module_State_0_device__A
200052a4   ti_sysbios_family_arm_m3_Hwi_Object__table__V
200052d4   ti_sysbios_knl_Swi_Object__table__V
20005304   ti_sysbios_knl_Clock_Module__state__V
20005334   _lock
20005338   _unlock
2000533c   __TI_cleanup_ptr
20005340   __TI_dtors_ptr
20005344   ti_uia_runtime_QueueDescriptor_gPtrToFirstDescriptor
20005348   ti_uia_runtime_QueueDescriptor_gUpdateCount
20005350   main_func_sp
e000e000   ti_sysbios_family_arm_m3_Hwi_nvic
ffffffff   __binit__
ffffffff   __c_args__
ffffffff   binit
UNDEFED    SHT$$INIT_ARRAY$$Base
UNDEFED    SHT$$INIT_ARRAY$$Limit

[815 symbols]
