******************************************************************************
                  TI ARM Linker PC v5.1.1                      
******************************************************************************
>> Linked Tue Apr 08 15:17:52 2014

OUTPUT FILE NAME:   <rover.out>
ENTRY POINT SYMBOL: "_c_int00"  address: 000065f1


MEMORY CONFIGURATION

         name            origin    length      used     unused   attr    fill
----------------------  --------  ---------  --------  --------  ----  --------
  FLASH                 00000000   00040000  0000b572  00034a8e  R  X
  SRAM                  20000000   00008000  00005358  00002ca8  RW X


SEGMENT ALLOCATION MAP

run origin  load origin   length   init length attrs members
----------  ----------- ---------- ----------- ----- -------
00000000    00000000    0000b578   0000b578    r-x
  00000000    00000000    00000360   00000360    r-- .resetVecs
  00000360    00000360    00007e32   00007e32    r-x .text
  00008194    00008194    00002e40   00002e40    r-- .const
  0000afd8    0000afd8    000005a0   000005a0    r-- .cinit
20000000    20000000    00005358   00000000    rw-
  20000000    20000000    00000360   00000000    rw- .vecs
  20000360    20000360    000034f8   00000000    rw- .bss
  20003858    20003858    00001000   00000000    rw- .stack
  20004858    20004858    00000b00   00000000    rw- .data


SECTION ALLOCATION MAP

 output                                  attributes/
section   page    origin      length       input sections
--------  ----  ----------  ----------   ----------------
.bootVecs 
*          0    00000000    00000008     DSECT
                  00000000    00000008     boot.aem4f : boot.oem4f (.bootVecs)

.resetVecs 
*          0    00000000    00000360     
                  00000000    00000360     main_pem4f.oem4f (.resetVecs)

xdc.meta   0    00000000    000000f5     COPY SECTION
                  00000000    000000f5     main_pem4f.oem4f (xdc.meta)

.text      0    00000360    00007e32     
                  00000360    00000424     sysbios.aem4f : BIOS.obj (.text:ti_sysbios_family_arm_m3_Hwi_excDumpRegs__I)
                  00000784    00000344     ti.targets.arm.rtsarm.aem4f : System.oem4f (.text:xdc_runtime_System_doPrint__I)
                  00000ac8    000002e0     sysbios.aem4f : BIOS.obj (.text:ti_sysbios_knl_Semaphore_pend__E)
                  00000da8    000002d4     rtsv7M4_T_le_v4SPD16_eabi.lib : trgdrv.obj (.text)
                  0000107c    000002c8     uart_tivaware.aem4f : UARTTiva.oem4f (.text:UARTTiva_open)
                  00001344    00000248     sysbios.aem4f : BIOS.obj (.text:ti_sysbios_heaps_HeapMem_free__E)
                  0000158c    00000234                   : BIOS.obj (.text:ti_sysbios_heaps_HeapMem_alloc__E)
                  000017c0    00000230                   : BIOS.obj (.text:ti_sysbios_family_arm_lm4_Timer_start__E)
                  000019f0    00000210                   : BIOS.obj (.text:ti_sysbios_family_arm_m3_Hwi_excHandlerMax__I)
                  00001c00    00000204     uart_tivaware.aem4f : UARTTiva.oem4f (.text:UARTTiva_write)
                  00001e04    000001f8                         : UARTTiva.oem4f (.text:UARTTiva_read)
                  00001ffc    000001cc                         : UARTTiva.oem4f (.text:UARTTiva_hwiIntFxn)
                  000021c8    000001a0     ti.uia.runtime.aem4f : LoggerStopMode.oem4f (.text:ti_uia_runtime_LoggerStopMode_write8__E)
                  00002368    0000016c     uart_tivaware.aem4f : UARTTiva.oem4f (.text:writeData)
                  000024d4    00000168                         : UARTTiva.oem4f (.text:UARTTiva_readPolling)
                  0000263c    00000168     sysbios.aem4f : BIOS.obj (.text:ti_sysbios_family_arm_m3_Hwi_excBusFault__I)
                  000027a4    00000160     uart_tivaware.aem4f : UARTTiva.oem4f (.text:readData)
                  00002904    0000015c                         : UARTTiva.oem4f (.text:UARTTiva_writePolling)
                  00002a60    0000015c     ti.uia.runtime.aem4f : LoggerStopMode.oem4f (.text:ti_uia_runtime_LoggerStopMode_writeMemoryRange__E)
                  00002bbc    00000154     sysbios.aem4f : BIOS.obj (.text:ti_sysbios_family_arm_m3_Hwi_excUsageFault__I)
                  00002d10    00000144                   : BIOS.obj (.text:ti_sysbios_knl_Semaphore_post__E)
                  00002e54    00000140                   : BIOS.obj (.text:ti_sysbios_family_arm_m3_Hwi_dispatchC__I)
                  00002f94    00000140                   : BIOS.obj (.text:ti_sysbios_family_arm_m3_Hwi_excMemFault__I)
                  000030d4    0000013c     ti.uia.runtime.aem4f : LoggerStopMode.oem4f (.text:ti_uia_runtime_LoggerStopMode_write4__E)
                  00003210    0000013c     ti.targets.arm.rtsarm.aem4f : Error.oem4f (.text:xdc_runtime_Error_raiseX__F)
                  0000334c    00000138     sysbios.aem4f : BIOS.obj (.text:ti_sysbios_heaps_HeapMem_Instance_init__F)
                  00003484    00000138                   : BIOS.obj (.text:ti_sysbios_utils_Load_logLoads__I)
                  000035bc    00000134                   : m3_Hwi_asm.obj (.text:ti_sysbios_family_arm_m3_Hwi_dispatch__I)
                  000036f0    00000130     driverlib.lib : gpio.obj (.text:GPIOPadConfigSet)
                  00003820    00000130     sysbios.aem4f : BIOS.obj (.text:ti_sysbios_utils_Load_updateThreadContexts__E)
                  00003950    0000012c                   : BIOS.obj (.text:ti_sysbios_family_arm_lm4_TimestampProvider_get64__E)
                  00003a7c    0000012c                   : BIOS.obj (.text:ti_sysbios_knl_Clock_workFunc__E)
                  00003ba8    0000012c                   : BIOS.obj (.text:ti_sysbios_knl_Task_exit__E)
                  00003cd4    00000124     EK_LM4F120XL.obj (.text:EK_LM4F120XL_initUART)
                  00003df8    00000120     sysbios.aem4f : BIOS.obj (.text:ti_sysbios_knl_Swi_run__I)
                  00003f18    0000010c     Boot.aem4f : Boot_sysctl.oem4f (.text:ti_catalog_arm_cortexm4_tiva_ce_Boot_sysCtlClockSetI__I)
                  00004024    00000104     ti.targets.arm.rtsarm.aem4f : Core-mem.oem4f (.text:xdc_runtime_Core_createObject__I)
                  00004128    00000104     main_pem4f.oem4f (.text:xdc_runtime_System_printfExtend__I)
                  0000422c    000000fc     sysbios.aem4f : BIOS.obj (.text:ti_sysbios_knl_Task_schedule__I)
                  00004328    000000f8                   : BIOS.obj (.text:ti_sysbios_knl_Task_startCore__E)
                  00004420    000000f8     ti.targets.arm.rtsarm.aem4f : Startup.oem4f (.text:xdc_runtime_Startup_startMods__I)
                  00004518    000000f4     rtsv7M4_T_le_v4SPD16_eabi.lib : dtor_list.obj (.text)
                  0000460c    000000f4     sysbios.aem4f : BIOS.obj (.text:ti_sysbios_knl_Task_postInit__I)
                  00004700    000000e8     gpio_tivaware.aem4f : GPIO.oem4f (.text:GPIO_write)
                  000047e8    000000e8     sysbios.aem4f : BIOS.obj (.text:ti_sysbios_family_arm_m3_Hwi_initNVIC__E)
                  000048d0    000000e8                   : BIOS.obj (.text:ti_sysbios_io_DEV_postInit__I)
                  000049b8    000000c8     main.obj (.text:tcp_connection)
                  00004a80    000000c0     uart_tivaware.aem4f : UARTTiva.oem4f (.text:UARTTiva_writeCancel)
                  00004b40    000000bc                         : UARTTiva.oem4f (.text:UARTTiva_readCancel)
                  00004bfc    000000bc     sysbios.aem4f : BIOS.obj (.text:ti_sysbios_knl_Task_unblockI__E)
                  00004cb8    000000b8                   : BIOS.obj (.text:ti_sysbios_family_arm_lm4_TimestampProvider_get32__E)
                  00004d70    000000b4                   : BIOS.obj (.text:ti_sysbios_family_arm_m3_Hwi_excHardFault__I)
                  00004e24    000000b4                   : BIOS.obj (.text:ti_sysbios_gates_GateMutex_enter__E)
                  00004ed8    000000b4                   : BIOS.obj (.text:ti_sysbios_knl_Task_checkStacks__E)
                  00004f8c    000000b0                   : BIOS.obj (.text:ti_sysbios_family_arm_m3_Hwi_excDebugMon__I)
                  0000503c    000000b0                   : BIOS.obj (.text:ti_sysbios_utils_Load_idleFxn__E)
                  000050ec    000000b0                   : BIOS.obj (.text:ti_sysbios_utils_Load_updateLoads__E)
                  0000519c    000000ac                   : BIOS.obj (.text:ti_sysbios_family_arm_lm4_Timer_enableTiva__I)
                  00005248    000000a8                   : BIOS.obj (.text:ti_sysbios_knl_Semaphore_Instance_init__F)
                  000052f0    000000a8                   : BIOS.obj (.text:ti_sysbios_knl_Swi_post__E)
                  00005398    000000a8                   : BIOS.obj (.text:ti_sysbios_knl_Task_blockI__E)
                  00005440    000000a4                   : BIOS.obj (.text:ti_sysbios_family_arm_lm4_Timer_enableTimers__I)
                  000054e4    000000a4                   : BIOS.obj (.text:ti_sysbios_family_arm_m3_Hwi_Module_startup__F)
                  00005588    000000a0     uart_tivaware.aem4f : UARTTiva.oem4f (.text:UARTTiva_close)
                  00005628    000000a0     auto_init.aem4f : auto_init.oem4f (.text)
                  000056c8    0000009c     rtsv7M4_T_le_v4SPD16_eabi.lib : memcpy_t2.obj (.text)
                  00005764    0000009a     ti.targets.arm.rtsarm.aem4f : Text.oem4f (.text:xdc_runtime_Text_putSite__F)
                  000057fe    00000002     sysbios.aem4f : BIOS.obj (.text:ti_sysbios_BIOS_nullFunc__I)
                  00005800    00000094     Boot.aem4f : Boot.oem4f (.text:ti_catalog_arm_cortexm4_tiva_ce_Boot_sysCtlClockSet__E)
                  00005894    00000094     ti.targets.arm.rtsarm.aem4f : Text.oem4f (.text:xdc_runtime_Text_putMod__F)
                  00005928    00000090     sysbios.aem4f : BIOS.obj (.text:ti_sysbios_family_arm_m3_Hwi_Instance_init__F)
                  000059b8    0000008c                   : m3_TaskSupport_asm.obj (.text:ti_sysbios_family_arm_m3_TaskSupport_buildTaskStack)
                  00005a44    00000088     EK_LM4F120XL.obj (.text:EK_LM4F120XL_initGPIO)
                  00005acc    00000088     sysbios.aem4f : BIOS.obj (.text:ti_sysbios_utils_Load_addTask__E)
                  00005b54    00000084     ti.uia.runtime.aem4f : LoggerStopMode.oem4f (.text:ti_uia_runtime_LoggerStopMode_setFilterLevel__E)
                  00005bd8    00000080     sysbios.aem4f : BIOS.obj (.text:ti_sysbios_knl_Task_Module_startup__F)
                  00005c58    0000007e     ti.uia.runtime.aem4f : LoggerStopMode.oem4f (.text:ti_uia_runtime_LoggerStopMode_getContents__E)
                  00005cd6    00000078     rtsv7M4_T_le_v4SPD16_eabi.lib : memset_t2.obj (.text)
                  00005d4e    00000002     sysbios.aem4f : BIOS.obj (.text:ti_sysbios_gates_GateHwi_Instance_init__F)
                  00005d50    00000078                   : BIOS.obj (.text:ti_sysbios_utils_Load_updateCurrentThreadTime__E)
                  00005dc8    00000074                   : BIOS.obj (.text:ti_sysbios_family_arm_lm4_Timer_isrStub__E)
                  00005e3c    00000070     main_pem4f.oem4f (.text:ti_sysbios_family_arm_m3_Hwi_Object__create__S)
                  00005eac    00000070     sysbios.aem4f : BIOS.obj (.text:ti_sysbios_family_arm_m3_Hwi_reconfig__E)
                  00005f1c    00000070                   : BIOS.obj (.text:ti_sysbios_utils_Load_taskDeleteHook__E)
                  00005f8c    00000070     ti.uia.runtime.aem4f : LoggerStopMode.oem4f (.text:ti_uia_runtime_LoggerStopMode_getFilterLevel__E)
                  00005ffc    00000070                          : LoggerStopMode.oem4f (.text:ti_uia_runtime_LoggerStopMode_writeBlockOfMemory__I)
                  0000606c    00000070                          : QueueDescriptor.oem4f (.text:ti_uia_runtime_QueueDescriptor_addToList__E)
                  000060dc    00000070     ti.targets.arm.rtsarm.aem4f : Memory.oem4f (.text:xdc_runtime_Memory_alloc__F)
                  0000614c    0000006c     sysbios.aem4f : BIOS.obj (.text:ti_sysbios_utils_Load_taskCreateHook__E)
                  000061b8    0000006c     ti.targets.arm.rtsarm.aem4f : Error.oem4f (.text:xdc_runtime_Error_print__F)
                  00006224    00000068     sysbios.aem4f : BIOS.obj (.text:ti_sysbios_BIOS_rtsUnlock__I)
                  0000628c    00000066     ti.targets.arm.rtsarm.aem4f : Core-mem.oem4f (.text:xdc_runtime_Core_deleteObject__I)
                  000062f2    00000002     main_pem4f.oem4f (.text:xdc_runtime_Startup_reset__I)
                  000062f4    00000064     sysbios.aem4f : BIOS.obj (.text:ti_sysbios_knl_Clock_logTick__E)
                  00006358    00000064                   : BIOS.obj (.text:ti_sysbios_utils_Load_logCPULoad__I)
                  000063bc    00000060     rtsv7M4_T_le_v4SPD16_eabi.lib : trgmsg.obj (.text)
                  0000641c    00000060     main_pem4f.oem4f (.text:ti_uia_runtime_LoggerStopMode_Object__create__S)
                  0000647c    0000005e     rtsv7M4_T_le_v4SPD16_eabi.lib : copy_decompress_rle.obj (.text)
                  000064da    00000002     --HOLE-- [fill = 0]
                  000064dc    0000005c     sysbios.aem4f : BIOS.obj (.text:ti_sysbios_family_arm_lm4_Timer_Module_startup__F)
                  00006538    0000005b     ti.targets.arm.rtsarm.aem4f : Text.oem4f (.text:xdc_runtime_Text_putLab__F)
                  00006593    00000001     --HOLE-- [fill = 0]
                  00006594    0000005a     ti.uia.runtime.aem4f : LoggerStopMode.oem4f (.text:ti_uia_runtime_LoggerStopMode_readBlockOfMemory__I)
                  000065ee    00000002     --HOLE-- [fill = 0]
                  000065f0    00000058     boot.aem4f : boot.oem4f (.text)
                  00006648    00000058     sysbios.aem4f : BIOS.obj (.text:ti_sysbios_knl_Swi_restoreHwi__E)
                  000066a0    00000058                   : BIOS.obj (.text:ti_sysbios_knl_Swi_schedule__I)
                  000066f8    00000054     ti.uia.runtime.aem4f : QueueDescriptor.oem4f (.text:ti_uia_runtime_QueueDescriptor_removeFromList__E)
                  0000674c    00000053     main.obj (.text:init_uart)
                  0000679f    00000001     --HOLE-- [fill = 0]
                  000067a0    00000050     sysbios.aem4f : BIOS.obj (.text:ti_sysbios_utils_Load_taskSwitchHook__E)
                  000067f0    00000050     ti.targets.arm.rtsarm.aem4f : Startup.oem4f (.text:xdc_runtime_Startup_exec__F)
                  00006840    00000050                                 : System.oem4f (.text:xdc_runtime_System_formatNum__I)
                  00006890    00000050                                 : Text.oem4f (.text:xdc_runtime_Text_visitRope2__I)
                  000068e0    0000004c     sysbios.aem4f : BIOS.obj (.text:ti_sysbios_knl_Swi_runLoop__I)
                  0000692c    00000048     driverlib.lib : gpio.obj (.text:GPIOPinConfigure)
                  00006974    00000048     uart_tivaware.aem4f : UART.oem4f (.text:UART_open)
                  000069bc    00000048     sysbios.aem4f : BIOS.obj (.text:ti_sysbios_BIOS_errorRaiseHook__I)
                  00006a04    00000048                   : BIOS.obj (.text:ti_sysbios_family_arm_m3_Hwi_excReserved__I)
                  00006a4c    00000048                   : BIOS.obj (.text:ti_sysbios_heaps_HeapMem_getStats__E)
                  00006a94    00000048     ti.targets.arm.rtsarm.aem4f : Assert.oem4f (.text:xdc_runtime_Assert_raise__I)
                  00006adc    00000048                                 : Core-params.oem4f (.text:xdc_runtime_Core_assignParams__I)
                  00006b24    00000046     ti.uia.runtime.aem4f : LoggerStopMode.oem4f (.text:ti_uia_runtime_LoggerStopMode_Instance_init__F)
                  00006b6a    00000002     --HOLE-- [fill = 0]
                  00006b6c    00000044     rtsv7M4_T_le_v4SPD16_eabi.lib : cpy_tbl.obj (.text)
                  00006bb0    00000044                                   : exit.obj (.text)
                  00006bf4    00000044     sysbios.aem4f : BIOS.obj (.text:ti_sysbios_family_arm_lm4_Timer_stop__E)
                  00006c38    00000044                   : BIOS.obj (.text:ti_sysbios_family_arm_m3_Hwi_disableInterrupt__E)
                  00006c7c    00000044                   : BIOS.obj (.text:ti_sysbios_family_arm_m3_Hwi_enableInterrupt__E)
                  00006cc0    00000044                   : BIOS.obj (.text:ti_sysbios_knl_Task_allBlockedFunction__I)
                  00006d04    00000044     ti.uia.runtime.aem4f : LoggerStopMode.oem4f (.text:ti_uia_runtime_LoggerStopMode_filterOutEvent__I)
                  00006d48    00000044                          : LoggerStopMode.oem4f (.text:ti_uia_runtime_LoggerStopMode_reset__F)
                  00006d8c    00000044     ti.targets.arm.rtsarm.aem4f : SysMin.oem4f (.text:xdc_runtime_SysMin_flush__F)
                  00006dd0    00000042     driverlib.lib : uart.obj (.text:UARTConfigSetExpClk)
                  00006e12    00000042     sysbios.aem4f : BIOS.obj (.text:ti_sysbios_knl_Semaphore_pendTimeout__I)
                  00006e54    00000040     EK_LM4F120XL.obj (.text:EK_LM4F120XL_initGeneral)
                  00006e94    00000040     sysbios.aem4f : BIOS.obj (.text:ti_sysbios_family_arm_lm4_Timer_startup__E)
                  00006ed4    00000040     main_pem4f.oem4f (.text:ti_sysbios_knl_Semaphore_Object__create__S)
                  00006f14    00000040     ti.targets.arm.rtsarm.aem4f : System.oem4f (.text:xdc_runtime_System_atexit__F)
                  00006f54    0000003c     sysbios.aem4f : BIOS.obj (.text:ti_sysbios_family_arm_m3_Hwi_excSvCall__I)
                  00006f90    0000003c                   : BIOS.obj (.text:ti_sysbios_heaps_HeapMem_init__I)
                  00006fcc    0000003c                   : BIOS.obj (.text:ti_sysbios_knl_Swi_startup__E)
                  00007008    0000003c     ti.targets.arm.rtsarm.aem4f : Text.oem4f (.text:xdc_runtime_Text_xprintf__I)
                  00007044    00000038     uart_tivaware.aem4f : UART.oem4f (.text:UART_init)
                  0000707c    00000038     sysbios.aem4f : BIOS.obj (.text:ti_sysbios_family_arm_m3_Hwi_excNoIsr__I)
                  000070b4    00000038                   : BIOS.obj (.text:ti_sysbios_family_arm_m3_Hwi_getStackInfo__E)
                  000070ec    00000038                   : BIOS.obj (.text:ti_sysbios_family_arm_m3_TaskSupport_start__E)
                  00007124    00000038     main_pem4f.oem4f (.text:ti_sysbios_gates_GateHwi_Object__create__S)
                  0000715c    00000038     main_pem4f.oem4f (.text:ti_sysbios_gates_GateMutex_Object__create__S)
                  00007194    00000038     main_pem4f.oem4f (.text:ti_sysbios_heaps_HeapMem_Object__create__S)
                  000071cc    00000038     main_pem4f.oem4f (.text:ti_sysbios_knl_Queue_Object__create__S)
                  00007204    00000038     ti.targets.arm.rtsarm.aem4f : SysMin.oem4f (.text:xdc_runtime_SysMin_putch__F)
                  0000723c    00000034     driverlib.lib : sysctl.obj (.text:SysCtlPeripheralEnable)
                  00007270    00000034     uart_tivaware.aem4f : UART.oem4f (.text:UART_Params_init)
                  000072a4    00000034                         : UART.oem4f (.text:UART_read)
                  000072d8    00000034                         : UART.oem4f (.text:UART_write)
                  0000730c    00000034     main.obj (.text:init_mux_pins)
                  00007340    00000034     sysbios.aem4f : BIOS.obj (.text:ti_sysbios_family_arm_m3_Hwi_excNmi__I)
                  00007374    00000034                   : BIOS.obj (.text:ti_sysbios_hal_Hwi_checkStack:ti_sysbios_hal_Hwi_checkStack)
                  000073a8    00000030     main_pem4f.oem4f (.text:ti_sysbios_BIOS_exitFunc__I)
                  000073d8    00000030     sysbios.aem4f : BIOS.obj (.text:ti_sysbios_knl_Idle_run__E)
                  00007408    00000030     ti.targets.arm.rtsarm.aem4f : Core-label.oem4f (.text:xdc_runtime_Core_assignLabel__I)
                  00007438    00000030                                 : SysMin.oem4f (.text:xdc_runtime_SysMin_abort__F)
                  00007468    0000002f                                 : Text.oem4f (.text:xdc_runtime_Text_printVisFxn__I)
                  00007497    00000001     --HOLE-- [fill = 0]
                  00007498    0000002e     main_pem4f.oem4f (.text:malloc)
                  000074c6    0000002c     sysbios.aem4f : BIOS.obj (.text:ti_sysbios_hal_Hwi_initStack:ti_sysbios_hal_Hwi_initStack)
                  000074f2    00000002     --HOLE-- [fill = 0]
                  000074f4    0000002c                   : BIOS.obj (.text:ti_sysbios_io_DEV_Module_startup__F)
                  00007520    0000002c     main_pem4f.oem4f (.text:ti_sysbios_knl_Clock_doTick__I)
                  0000754c    0000002c     sysbios.aem4f : BIOS.obj (.text:ti_sysbios_knl_Task_restore__E)
                  00007578    0000002c     ti.uia.runtime.aem4f : LoggerStopMode.oem4f (.text:ti_uia_runtime_LoggerStopMode_Module_startup__F)
                  000075a4    0000002c                          : LoggerStopMode.oem4f (.text:ti_uia_runtime_LoggerStopMode_disable__E)
                  000075d0    0000002c                          : LoggerStopMode.oem4f (.text:ti_uia_runtime_LoggerStopMode_enable__E)
                  000075fc    0000002c     ti.targets.arm.rtsarm.aem4f : System.oem4f (.text:xdc_runtime_System_rtsExit__I)
                  00007628    0000002c                                 : Text.oem4f (.text:xdc_runtime_Text_cordText__F)
                  00007654    0000002a     driverlib.lib : gpio.obj (.text:GPIODirModeSet)
                  0000767e    0000002a     ti.targets.arm.rtsarm.aem4f : System.oem4f (.text:xdc_runtime_System_putchar__I)
                  000076a8    00000028     sysbios.aem4f : m3_Hwi_asm_switch.obj (.text:ti_sysbios_family_arm_m3_Hwi_initStacks__E)
                  000076d0    00000028                   : BIOS.obj (.text:ti_sysbios_gates_GateMutex_Instance_init__F)
                  000076f8    00000028     ti.uia.runtime.aem4f : LogSync.oem4f (.text:ti_uia_runtime_LogSync_Module_startup__F)
                  00007720    00000028                          : QueueDescriptor.oem4f (.text:ti_uia_runtime_QueueDescriptor_initHeader__E)
                  00007748    00000026     ti.targets.arm.rtsarm.aem4f : System.oem4f (.text:xdc_runtime_System_avprintf__F)
                  0000776e    00000002     --HOLE-- [fill = 0]
                  00007770    00000024     gpio_tivaware.aem4f : GPIO.oem4f (.text:GPIO_init)
                  00007794    00000024     main.obj (.text:main)
                  000077b8    00000024     sysbios.aem4f : BIOS.obj (.text:ti_sysbios_BIOS_registerRTSLock__I)
                  000077dc    00000024     main_pem4f.oem4f (.text:ti_sysbios_BIOS_startFunc__I)
                  00007800    00000024     sysbios.aem4f : BIOS.obj (.text:ti_sysbios_family_arm_m3_Hwi_Instance_finalize__F)
                  00007824    00000024                   : BIOS.obj (.text:ti_sysbios_family_arm_m3_Hwi_doTaskRestore__I)
                  00007848    00000024     main_pem4f.oem4f (.text:ti_sysbios_gates_GateMutex_Object__delete__S)
                  0000786c    00000024     sysbios.aem4f : BIOS.obj (.text:ti_sysbios_knl_Clock_Module_startup__F)
                  00007890    00000024                   : BIOS.obj (.text:ti_sysbios_knl_Swi_Module_startup__F)
                  000078b4    00000024     ti.uia.runtime.aem4f : LoggerStopMode.oem4f (.text:ti_uia_runtime_LoggerStopMode_Instance_finalize__F)
                  000078d8    00000024     ti.targets.arm.rtsarm.aem4f : System.oem4f (.text:xdc_runtime_System_vprintf__F)
                  000078fc    00000022     main_pem4f.oem4f (.text:xdc_runtime_SysMin_output__I)
                  0000791e    00000020     sysbios.aem4f : m3_Hwi_asm_switch.obj (.text:ti_sysbios_family_xxx_Hwi_switchAndRunFunc)
                  0000793e    00000002     --HOLE-- [fill = 0]
                  00007940    00000020     main_pem4f.oem4f (.text:ti_sysbios_gates_GateHwi_Object__delete__S)
                  00007960    00000020     main_pem4f.oem4f (.text:ti_sysbios_heaps_HeapMem_Object__delete__S)
                  00007980    00000020     main_pem4f.oem4f (.text:ti_sysbios_knl_Semaphore_Object__destruct__S)
                  000079a0    00000020     sysbios.aem4f : BIOS.obj (.text:ti_sysbios_knl_Task_enter__I)
                  000079c0    00000020     main_pem4f.oem4f (.text:ti_uia_runtime_LoggerStopMode_Object__delete__S)
                  000079e0    00000020     ti.targets.arm.rtsarm.aem4f : Registry.oem4f (.text:xdc_runtime_Registry_findById__F)
                  00007a00    00000020                                 : SysMin.oem4f (.text:xdc_runtime_SysMin_Module_startup__F)
                  00007a20    0000001c     driverlib.lib : uart.obj (.text:UARTDisable)
                  00007a3c    0000001c     sysbios.aem4f : BIOS.obj (.text:ti_sysbios_BIOS_rtsLock__I)
                  00007a58    0000001c     main_pem4f.oem4f (.text:ti_sysbios_family_arm_m3_Hwi_Object__destruct__S)
                  00007a74    0000001c     main_pem4f.oem4f (.text:ti_sysbios_knl_Queue_Object__destruct__S)
                  00007a90    0000001c     ti.targets.arm.rtsarm.aem4f : Error.oem4f (.text:xdc_runtime_Error_check__F)
                  00007aac    0000001c                                 : Memory.oem4f (.text:xdc_runtime_Memory_valloc__F)
                  00007ac8    0000001c                                 : SysMin.oem4f (.text:xdc_runtime_SysMin_exit__F)
                  00007ae4    0000001a     main_pem4f.oem4f (.text:ti_sysbios_family_arm_m3_Hwi_Handle__label__S)
                  00007afe    0000001a     main_pem4f.oem4f (.text:ti_sysbios_gates_GateHwi_Handle__label__S)
                  00007b18    0000001a     main_pem4f.oem4f (.text:ti_sysbios_gates_GateMutex_Handle__label__S)
                  00007b32    0000001a     main_pem4f.oem4f (.text:ti_sysbios_heaps_HeapMem_Handle__label__S)
                  00007b4c    0000001a     main_pem4f.oem4f (.text:ti_sysbios_knl_Swi_Handle__label__S)
                  00007b66    0000001a     main_pem4f.oem4f (.text:ti_sysbios_knl_Task_Handle__label__S)
                  00007b80    0000001a     main_pem4f.oem4f (.text:ti_uia_runtime_LoggerStopMode_Handle__label__S)
                  00007b9a    0000001a     main_pem4f.oem4f (.text:xdc_runtime_System_aprintf__E)
                  00007bb4    0000001a     main_pem4f.oem4f (.text:xdc_runtime_System_printf__E)
                  00007bce    00000018     driverlib.lib : gpio.obj (.text:GPIOPinTypeGPIOOutput)
                  00007be6    00000018     main_pem4f.oem4f (.text:free)
                  00007bfe    00000002     --HOLE-- [fill = 0]
                  00007c00    00000018     rtsv7M4_T_le_v4SPD16_eabi.lib : args_main.obj (.text)
                  00007c18    00000018     main_pem4f.oem4f (.text:ti_sysbios_family_arm_lm4_Timer_Module__startupDone__F)
                  00007c30    00000018     main_pem4f.oem4f (.text:ti_sysbios_family_arm_m3_Hwi_Module__startupDone__F)
                  00007c48    00000018     sysbios.aem4f : m3_TaskSupport_asm.obj (.text:ti_sysbios_family_arm_m3_TaskSupport_swap__E)
                  00007c60    00000018                   : BIOS.obj (.text:ti_sysbios_gates_GateMutex_leave__E)
                  00007c78    00000018     main_pem4f.oem4f (.text:ti_sysbios_hal_Timer_Module__startupDone__F)
                  00007c90    00000018     ti.targets.arm.rtsarm.aem4f : Text.oem4f (.text:xdc_runtime_Text_ropeText__F)
                  00007ca8    00000016     ti.uia.runtime.aem4f : LoggerStopMode.oem4f (.text:ti_uia_runtime_LoggerStopMode_getFreeSize__E)
                  00007cbe    00000016                          : LoggerStopMode.oem4f (.text:ti_uia_runtime_LoggerStopMode_getUnreadSize__E)
                  00007cd4    00000014     driverlib.lib : uart.obj (.text:UARTEnable)
                  00007ce8    00000014     rtsv7M4_T_le_v4SPD16_eabi.lib : _lock.obj (.text)
                  00007cfc    00000014                                   : strlen.obj (.text)
                  00007d10    00000014     sysbios.aem4f : BIOS.obj (.text:ti_sysbios_family_arm_m3_Hwi_switchFromBootStack__E)
                  00007d24    00000014     main_pem4f.oem4f (.text:ti_sysbios_heaps_HeapMem_Object__get__S)
                  00007d38    00000014     main_pem4f.oem4f (.text:ti_sysbios_knl_Swi_Object__get__S)
                  00007d4c    00000014     main_pem4f.oem4f (.text:ti_sysbios_knl_Task_Object__get__S)
                  00007d60    00000014     ti.targets.arm.rtsarm.aem4f : System.oem4f (.text:xdc_runtime_System_abort__F)
                  00007d74    00000012     driverlib.lib : gpio.obj (.text:GPIOPinTypeGPIOInput)
                  00007d86    00000012                   : gpio.obj (.text:GPIOPinTypeUART)
                  00007d98    00000012     rtsv7M4_T_le_v4SPD16_eabi.lib : copy_zero_init.obj (.text:decompress:ZI)
                  00007daa    00000012     sysbios.aem4f : BIOS.obj (.text:ti_sysbios_hal_Hwi_Module_startup__F)
                  00007dbc    00000012                   : BIOS.obj (.text:ti_sysbios_hal_Timer_Module_startup__F)
                  00007dce    00000012     ti.uia.runtime.aem4f : LoggerStopMode.oem4f (.text:ti_uia_runtime_LoggerStopMode_write1__E)
                  00007de0    00000012                          : LoggerStopMode.oem4f (.text:ti_uia_runtime_LoggerStopMode_write2__E)
                  00007df2    00000012     main_pem4f.oem4f (.text:xdc_runtime_Startup_exec__I)
                  00007e04    00000010     rtsv7M4_T_le_v4SPD16_eabi.lib : strcpy.obj (.text)
                  00007e14    00000010     sysbios.aem4f : BIOS.obj (.text:ti_sysbios_BIOS_getCpuFreq__E)
                  00007e24    00000010                   : BIOS.obj (.text:ti_sysbios_BIOS_setThreadType__E)
                  00007e34    00000010                   : BIOS.obj (.text:ti_sysbios_BIOS_start__E)
                  00007e44    00000010                   : BIOS.obj (.text:ti_sysbios_family_arm_lm4_TimestampProvider_rolloverFunc__E)
                  00007e54    00000010                   : BIOS.obj (.text:ti_sysbios_family_arm_m3_Hwi_excHandler__I)
                  00007e64    00000010                   : m3_TaskSupport_asm.obj (.text:ti_sysbios_family_arm_m3_TaskSupport_glue)
                  00007e74    00000010                   : m3_Hwi_asm_switch.obj (.text:ti_sysbios_family_xxx_Hwi_switchToIsrStack)
                  00007e84    00000010                   : BIOS.obj (.text:ti_sysbios_gates_GateMutex_Instance_finalize__F)
                  00007e94    00000010     main_pem4f.oem4f (.text:ti_sysbios_io_DEV_Object__get__S)
                  00007ea4    00000010     sysbios.aem4f : BIOS.obj (.text:ti_sysbios_knl_Semaphore_Instance_finalize__F)
                  00007eb4    00000010                   : BIOS.obj (.text:ti_sysbios_knl_Swi_disable__E)
                  00007ec4    00000010                   : BIOS.obj (.text:ti_sysbios_knl_Task_disable__E)
                  00007ed4    00000010     main_pem4f.oem4f (.text:ti_uia_runtime_LoggerStopMode_Object__get__S)
                  00007ee4    00000010     ti.uia.runtime.aem4f : LoggerStopMode.oem4f (.text:ti_uia_runtime_LoggerStopMode_write0__E)
                  00007ef4    00000010     ti.targets.arm.rtsarm.aem4f : Gate.oem4f (.text:xdc_runtime_Gate_leaveSystem__F)
                  00007f04    00000010                                 : Memory.oem4f (.text:xdc_runtime_Memory_free__F)
                  00007f14    00000010                                 : SysMin.oem4f (.text:xdc_runtime_SysMin_ready__F)
                  00007f24    00000010                                 : System.oem4f (.text:xdc_runtime_System_vsnprintf__F)
                  00007f34    00000010     main_pem4f.oem4f (.text:xdc_runtime_Text_visitRope__I)
                  00007f44    0000000e     driverlib.lib : uart.obj (.text:UARTCharGetNonBlocking)
                  00007f52    0000000e                   : uart.obj (.text:UARTCharPutNonBlocking)
                  00007f60    0000000e     rtsv7M4_T_le_v4SPD16_eabi.lib : copy_decompress_none.obj (.text:decompress:none)
                  00007f6e    0000000e     sysbios.aem4f : BIOS.obj (.text:ti_sysbios_knl_Queue_empty__E)
                  00007f7c    0000000e     ti.uia.runtime.aem4f : LoggerStopMode.oem4f (.text:ti_uia_runtime_LoggerStopMode_isEmpty__E)
                  00007f8a    00000002     --HOLE-- [fill = 0]
                  00007f8c    0000000c     main_pem4f.oem4f (.text:.bootCodeSection:ti_catalog_arm_cortexm4_tiva_ce_Boot_init__I)
                  00007f98    0000000c     sysbios.aem4f : BIOS.obj (.text:ti_sysbios_family_arm_lm4_Timer_masterDisable__I)
                  00007fa4    0000000c                   : BIOS.obj (.text:ti_sysbios_family_arm_lm4_TimestampProvider_startTimer__E)
                  00007fb0    0000000c     main_pem4f.oem4f (.text:ti_sysbios_family_arm_m3_Hwi_Params__init__S)
                  00007fbc    0000000c     sysbios.aem4f : BIOS.obj (.text:ti_sysbios_family_arm_m3_Hwi_disableFxn__E)
                  00007fc8    0000000c                   : BIOS.obj (.text:ti_sysbios_family_arm_m3_TaskSupport_checkStack__E)
                  00007fd4    0000000c                   : m3_Hwi_asm_switch.obj (.text:ti_sysbios_family_xxx_Hwi_switchToTaskStack)
                  00007fe0    0000000c                   : BIOS.obj (.text:ti_sysbios_gates_GateHwi_enter__E)
                  00007fec    0000000c     main_pem4f.oem4f (.text:ti_sysbios_knl_Queue_Object__get__S)
                  00007ff8    0000000c     main_pem4f.oem4f (.text:ti_sysbios_knl_Semaphore_Params__init__S)
                  00008004    0000000c     sysbios.aem4f : BIOS.obj (.text:ti_sysbios_utils_Load_taskRegHook__E)
                  00008010    0000000c     ti.targets.arm.rtsarm.aem4f : Error.oem4f (.text:xdc_runtime_Error_init__F)
                  0000801c    0000000c                                 : Gate.oem4f (.text:xdc_runtime_Gate_enterSystem__F)
                  00008028    0000000c                                 : Memory.oem4f (.text:xdc_runtime_Memory_calloc__F)
                  00008034    0000000c                                 : Memory.oem4f (.text:xdc_runtime_Memory_getMaxDefaultTypeAlign__F)
                  00008040    0000000c                                 : System.oem4f (.text:xdc_runtime_System_exit__F)
                  0000804c    0000000c                                 : System.oem4f (.text:xdc_runtime_System_lastFxn__I)
                  00008058    0000000a     driverlib.lib : uart.obj (.text:UARTCharGet)
                  00008062    0000000a                   : uart.obj (.text:UARTCharPut)
                  0000806c    0000000a                   : uart.obj (.text:UARTIntDisable)
                  00008076    0000000a                   : uart.obj (.text:UARTIntStatus)
                  00008080    0000000a     main_pem4f.oem4f (.text:xdc_runtime_IHeap_alloc)
                  0000808a    0000000a     main_pem4f.oem4f (.text:xdc_runtime_IHeap_free)
                  00008094    00000008     driverlib.lib : uart.obj (.text:UARTIntEnable)
                  0000809c    00000008     uart_tivaware.aem4f : UARTTiva.oem4f (.text:UARTTiva_init)
                  000080a4    00000008                         : UARTTiva.oem4f (.text:readSemCallback)
                  000080ac    00000008     sysbios.aem4f : BIOS.obj (.text:ti_sysbios_family_arm_m3_Hwi_doSwiRestore__I)
                  000080b4    00000008                   : BIOS.obj (.text:ti_sysbios_family_arm_m3_Hwi_startup__E)
                  000080bc    00000008                   : BIOS.obj (.text:ti_sysbios_knl_Idle_loop__E)
                  000080c4    00000008     uart_tivaware.aem4f : UARTTiva.oem4f (.text:writeSemCallback)
                  000080cc    00000006     driverlib.lib : gpio.obj (.text:GPIOPinWrite)
                  000080d2    00000006                   : uart.obj (.text:UARTFIFOLevelSet)
                  000080d8    00000006     ti.targets.arm.rtsarm.aem4f : xdc_noinit.oem4f (.text:__xdc__init)
                  000080de    00000006     rtsv7M4_T_le_v4SPD16_eabi.lib : copy_decompress_rle.obj (.text:decompress:rle24)
                  000080e4    00000006     Boot.aem4f : Boot_sysctl.oem4f (.text:ti_catalog_arm_cortexm4_tiva_ce_Boot_sysCtlDelayI__I)
                  000080ea    00000006     sysbios.aem4f : BIOS.obj (.text:ti_sysbios_family_arm_lm4_TimestampProvider_Module_startup__F)
                  000080f0    00000006                   : BIOS.obj (.text:ti_sysbios_family_arm_m3_Hwi_restoreFxn__E)
                  000080f6    00000006                   : BIOS.obj (.text:ti_sysbios_gates_GateHwi_leave__E)
                  000080fc    00000006                   : BIOS.obj (.text:ti_sysbios_heaps_HeapMem_isBlocking__E)
                  00008102    00000006                   : BIOS.obj (.text:ti_sysbios_knl_Queue_Instance_init__F)
                  00008108    00000006     ti.uia.runtime.aem4f : LoggerStopMode.oem4f (.text:ti_uia_runtime_LoggerStopMode_getPriority__E)
                  0000810e    00000006                          : LoggerStopMode.oem4f (.text:ti_uia_runtime_LoggerStopMode_getTransferType__F)
                  00008114    00000006     ti.targets.arm.rtsarm.aem4f : System.oem4f (.text:xdc_runtime_System_Module_startup__F)
                  0000811a    00000004     driverlib.lib : uart.obj (.text:UARTIntClear)
                  0000811e    00000004     main_pem4f.oem4f (.text:ti_sysbios_BIOS_RtsGateProxy_enter__E)
                  00008122    00000004     main_pem4f.oem4f (.text:ti_sysbios_BIOS_RtsGateProxy_leave__E)
                  00008126    00000004     sysbios.aem4f : BIOS.obj (.text:ti_sysbios_family_arm_lm4_Timer_getPeriod__E)
                  0000812a    00000004                   : BIOS.obj (.text:ti_sysbios_family_arm_lm4_Timer_masterEnable__I)
                  0000812e    00000004     main_pem4f.oem4f (.text:ti_sysbios_family_arm_m3_TaskSupport_Module__startupDone__S)
                  00008132    00000004     sysbios.aem4f : BIOS.obj (.text:ti_sysbios_gates_GateHwi_query__F)
                  00008136    00000004                   : BIOS.obj (.text:ti_sysbios_gates_GateMutex_query__F)
                  0000813a    00000004     main_pem4f.oem4f (.text:ti_sysbios_hal_Hwi_HwiProxy_Module__startupDone__S)
                  0000813e    00000004     main_pem4f.oem4f (.text:ti_sysbios_hal_Timer_TimerProxy_Module__startupDone__S)
                  00008142    00000004     main_pem4f.oem4f (.text:ti_sysbios_hal_Timer_TimerProxy_getPeriod__E)
                  00008146    00000004     main_pem4f.oem4f (.text:ti_sysbios_heaps_HeapMem_Module_GateProxy_enter__E)
                  0000814a    00000004     main_pem4f.oem4f (.text:ti_sysbios_heaps_HeapMem_Module_GateProxy_leave__E)
                  0000814e    00000004     main_pem4f.oem4f (.text:ti_sysbios_knl_Task_SupportProxy_Module__startupDone__S)
                  00008152    00000004     sysbios.aem4f : BIOS.obj (.text:ti_sysbios_knl_Task_startup__E)
                  00008156    00000004     main_pem4f.oem4f (.text:ti_uia_runtime_LogSync_CpuTimestampProxy_Module__startupDone__S)
                  0000815a    00000004     main_pem4f.oem4f (.text:ti_uia_runtime_LogSync_GlobalTimestampProxy_Module__startupDone__S)
                  0000815e    00000004     ti.uia.runtime.aem4f : LoggerStopMode.oem4f (.text:ti_uia_runtime_LoggerStopMode_getInstanceId__E)
                  00008162    00000004                          : LoggerStopMode.oem4f (.text:ti_uia_runtime_LoggerStopMode_getMaxLength__E)
                  00008166    00000004                          : LoggerStopMode.oem4f (.text:ti_uia_runtime_LoggerStopMode_setPriority__E)
                  0000816a    00000004     ti.targets.arm.rtsarm.aem4f : Error.oem4f (.text:xdc_runtime_Error_getSite__F)
                  0000816e    00000004     main_pem4f.oem4f (.text:xdc_runtime_Memory_HeapProxy_alloc__E)
                  00008172    00000004     main_pem4f.oem4f (.text:xdc_runtime_Memory_HeapProxy_free__E)
                  00008176    00000004     main_pem4f.oem4f (.text:xdc_runtime_System_Module_GateProxy_enter__E)
                  0000817a    00000004     main_pem4f.oem4f (.text:xdc_runtime_System_Module_GateProxy_leave__E)
                  0000817e    00000004     ti.targets.arm.rtsarm.aem4f : System.oem4f (.text:xdc_runtime_System_aprintf_va__F)
                  00008182    00000004                                 : System.oem4f (.text:xdc_runtime_System_printf_va__F)
                  00008186    00000004     main_pem4f.oem4f (.text:xdc_runtime_System_vsnprintf__E)
                  0000818a    00000004     main_pem4f.oem4f (.text:xdc_runtime_TimestampNull_Module__startupDone__S)
                  0000818e    00000004     main_pem4f.oem4f (.text:xdc_runtime_Timestamp_Module__startupDone__S)

.const     0    00008194    00002e40     
                  00008194    000023a1     main_pem4f.oem4f (.const:xdc_runtime_Text_charTab__A)
                  0000a535    00000001     main_pem4f.oem4f (.const:xdc_runtime_Error_policy__C)
                  0000a536    0000013c     main_pem4f.oem4f (.const:xdc_runtime_Text_nodeTab__A)
                  0000a672    000000d8     main_pem4f.oem4f (.const:ti_sysbios_family_arm_m3_Hwi_priorities__A)
                  0000a74a    00000002     main_pem4f.oem4f (.const:ti_catalog_arm_cortexm4_tiva_ce_Boot_Module__id__C)
                  0000a74c    00000090     driverlib.lib : gpio.obj (.const:g_pui32GPIOBaseAddrs)
                  0000a7dc    0000006c     EK_LM4F120XL.obj (.const:UART_config)
                  0000a848    00000060     main_pem4f.oem4f (.const:ti_uia_runtime_LoggerStopMode_Module__FXNS__C)
                  0000a8a8    00000048     main_pem4f.oem4f (.const:.string)
                  0000a8f0    00000040     EK_LM4F120XL.obj (.const:uartTivaHWAttrs)
                  0000a930    0000003c     EK_LM4F120XL.obj (.const:gpioHWAttrs)
                  0000a96c    00000034     main_pem4f.oem4f (.const:xdc_runtime_Startup_sfxnTab__A)
                  0000a9a0    00000030     main_pem4f.oem4f (.const:ti_sysbios_family_arm_m3_Hwi_Object__PARAMS__C)
                  0000a9d0    00000030     main_pem4f.oem4f (.const:ti_sysbios_knl_Task_hooks__A)
                  0000aa00    00000030     main_pem4f.oem4f (.const:ti_uia_runtime_LoggerStopMode_Object__PARAMS__C)
                  0000aa30    00000028     main_pem4f.oem4f (.const:ti_sysbios_heaps_HeapMem_Module__FXNS__C)
                  0000aa58    00000024     uart_tivaware.aem4f : UARTTiva.oem4f (.const:UARTTiva_fxnTable)
                  0000aa7c    00000024     main_pem4f.oem4f (.const:ti_sysbios_gates_GateHwi_Module__FXNS__C)
                  0000aaa0    00000024     main_pem4f.oem4f (.const:ti_sysbios_gates_GateMutex_Module__FXNS__C)
                  0000aac4    00000024     main_pem4f.oem4f (.const:ti_sysbios_heaps_HeapMem_Object__PARAMS__C)
                  0000aae8    00000024     main_pem4f.oem4f (.const:ti_sysbios_knl_Semaphore_Object__PARAMS__C)
                  0000ab0c    00000020     main_pem4f.oem4f (.const:ti_sysbios_family_arm_m3_Hwi_Object__DESC__C)
                  0000ab2c    00000020     main_pem4f.oem4f (.const:ti_sysbios_gates_GateHwi_Object__DESC__C)
                  0000ab4c    00000020     main_pem4f.oem4f (.const:ti_sysbios_gates_GateMutex_Object__DESC__C)
                  0000ab6c    00000020     main_pem4f.oem4f (.const:ti_sysbios_heaps_HeapMem_Object__DESC__C)
                  0000ab8c    00000020     main_pem4f.oem4f (.const:ti_sysbios_knl_Queue_Object__DESC__C)
                  0000abac    00000020     main_pem4f.oem4f (.const:ti_sysbios_knl_Semaphore_Object__DESC__C)
                  0000abcc    00000020     main_pem4f.oem4f (.const:ti_uia_runtime_LoggerStopMode_Object__DESC__C)
                  0000abec    00000020     uart_tivaware.aem4f : UART.oem4f (.const)
                  0000ac0c    0000001a     main_pem4f.oem4f (.const:xdc_runtime_Startup_sfxnRts__A)
                  0000ac26    00000002     main_pem4f.oem4f (.const:ti_sysbios_BIOS_Module__id__C)
                  0000ac28    00000018     EK_LM4F120XL.obj (.const)
                  0000ac40    00000018     main_pem4f.oem4f (.const:ti_sysbios_gates_GateHwi_Object__PARAMS__C)
                  0000ac58    00000018     main_pem4f.oem4f (.const:ti_sysbios_gates_GateMutex_Object__PARAMS__C)
                  0000ac70    00000018     main_pem4f.oem4f (.const:ti_sysbios_knl_Queue_Object__PARAMS__C)
                  0000ac88    00000014     main_pem4f.oem4f (.const:xdc_runtime_Startup_firstFxns__A)
                  0000ac9c    00000011     ti.targets.arm.rtsarm.aem4f : System.oem4f (.const)
                  0000acad    00000001     --HOLE-- [fill = 0]
                  0000acae    00000002     main_pem4f.oem4f (.const:ti_sysbios_family_arm_lm4_TimestampProvider_useClockTimer__C)
                  0000acb0    00000008     main_pem4f.oem4f (.const:ti_sysbios_family_arm_m3_Hwi_excHookFuncs__A)
                  0000acb8    00000008     main_pem4f.oem4f (.const:ti_sysbios_knl_Idle_coreList__A)
                  0000acc0    00000008     main_pem4f.oem4f (.const:ti_sysbios_knl_Idle_coreList__C)
                  0000acc8    00000008     main_pem4f.oem4f (.const:ti_sysbios_knl_Idle_funcList__A)
                  0000acd0    00000008     main_pem4f.oem4f (.const:ti_sysbios_knl_Idle_funcList__C)
                  0000acd8    00000008     main_pem4f.oem4f (.const:ti_sysbios_knl_Task_hooks__C)
                  0000ace0    00000008     main_pem4f.oem4f (.const:xdc_runtime_Startup_firstFxns__C)
                  0000ace8    00000008     main_pem4f.oem4f (.const:xdc_runtime_Startup_lastFxns__A)
                  0000acf0    00000008     main_pem4f.oem4f (.const:xdc_runtime_Startup_lastFxns__C)
                  0000acf8    00000004     main_pem4f.oem4f (.const:ti_catalog_arm_cortexm4_tiva_ce_Boot_A_mustUseEnhancedClockMode__C)
                  0000acfc    00000004     main_pem4f.oem4f (.const:ti_catalog_arm_cortexm4_tiva_ce_Boot_Module__diagsEnabled__C)
                  0000ad00    00000004     main_pem4f.oem4f (.const:ti_catalog_arm_cortexm4_tiva_ce_Boot_Module__diagsIncluded__C)
                  0000ad04    00000004     main_pem4f.oem4f (.const:ti_catalog_arm_cortexm4_tiva_ce_Boot_Module__diagsMask__C)
                  0000ad08    00000004     main_pem4f.oem4f (.const:ti_sysbios_BIOS_Module__diagsEnabled__C)
                  0000ad0c    00000004     main_pem4f.oem4f (.const:ti_sysbios_BIOS_Module__diagsIncluded__C)
                  0000ad10    00000004     main_pem4f.oem4f (.const:ti_sysbios_BIOS_Module__diagsMask__C)
                  0000ad14    00000004     main_pem4f.oem4f (.const:ti_sysbios_BIOS_installedErrorHook__C)
                  0000ad18    00000004     main_pem4f.oem4f (.const:ti_sysbios_family_arm_lm4_Timer_enableFunc__C)
                  0000ad1c    00000004     main_pem4f.oem4f (.const:ti_sysbios_family_arm_lm4_Timer_numTimerDevices__C)
                  0000ad20    00000004     main_pem4f.oem4f (.const:ti_sysbios_family_arm_lm4_Timer_startupNeeded__C)
                  0000ad24    00000004     main_pem4f.oem4f (.const:ti_sysbios_family_arm_m3_Hwi_E_NMI__C)
                  0000ad28    00000004     main_pem4f.oem4f (.const:ti_sysbios_family_arm_m3_Hwi_E_alreadyDefined__C)
                  0000ad2c    00000004     main_pem4f.oem4f (.const:ti_sysbios_family_arm_m3_Hwi_E_busFault__C)
                  0000ad30    00000004     main_pem4f.oem4f (.const:ti_sysbios_family_arm_m3_Hwi_E_debugMon__C)
                  0000ad34    00000004     main_pem4f.oem4f (.const:ti_sysbios_family_arm_m3_Hwi_E_hardFault__C)
                  0000ad38    00000004     main_pem4f.oem4f (.const:ti_sysbios_family_arm_m3_Hwi_E_memFault__C)
                  0000ad3c    00000004     main_pem4f.oem4f (.const:ti_sysbios_family_arm_m3_Hwi_E_noIsr__C)
                  0000ad40    00000004     main_pem4f.oem4f (.const:ti_sysbios_family_arm_m3_Hwi_E_reserved__C)
                  0000ad44    00000004     main_pem4f.oem4f (.const:ti_sysbios_family_arm_m3_Hwi_E_svCall__C)
                  0000ad48    00000004     main_pem4f.oem4f (.const:ti_sysbios_family_arm_m3_Hwi_E_usageFault__C)
                  0000ad4c    00000004     main_pem4f.oem4f (.const:ti_sysbios_family_arm_m3_Hwi_LD_end__C)
                  0000ad50    00000004     main_pem4f.oem4f (.const:ti_sysbios_family_arm_m3_Hwi_LM_begin__C)
                  0000ad54    00000004     main_pem4f.oem4f (.const:ti_sysbios_family_arm_m3_Hwi_Module__diagsEnabled__C)
                  0000ad58    00000004     main_pem4f.oem4f (.const:ti_sysbios_family_arm_m3_Hwi_Module__diagsIncluded__C)
                  0000ad5c    00000004     main_pem4f.oem4f (.const:ti_sysbios_family_arm_m3_Hwi_Module__diagsMask__C)
                  0000ad60    00000004     main_pem4f.oem4f (.const:ti_sysbios_family_arm_m3_Hwi_Module__loggerFxn1__C)
                  0000ad64    00000004     main_pem4f.oem4f (.const:ti_sysbios_family_arm_m3_Hwi_Module__loggerFxn8__C)
                  0000ad68    00000004     main_pem4f.oem4f (.const:ti_sysbios_family_arm_m3_Hwi_Module__loggerObj__C)
                  0000ad6c    00000004     main_pem4f.oem4f (.const:ti_sysbios_family_arm_m3_Hwi_NUM_INTERRUPTS__C)
                  0000ad70    00000004     main_pem4f.oem4f (.const:ti_sysbios_family_arm_m3_Hwi_ccr__C)
                  0000ad74    00000004     main_pem4f.oem4f (.const:ti_sysbios_family_arm_m3_Hwi_dispatchTable__C)
                  0000ad78    00000004     main_pem4f.oem4f (.const:ti_sysbios_family_arm_m3_Hwi_excHandlerFunc__C)
                  0000ad7c    00000004     main_pem4f.oem4f (.const:ti_sysbios_family_arm_m3_Hwi_excHookFuncs__C)
                  0000ad80    00000004     main_pem4f.oem4f (.const:ti_sysbios_family_arm_m3_Hwi_priGroup__C)
                  0000ad84    00000004     main_pem4f.oem4f (.const:ti_sysbios_family_arm_m3_Hwi_priorities__C)
                  0000ad88    00000004     main_pem4f.oem4f (.const:ti_sysbios_gates_GateMutex_A_badContext__C)
                  0000ad8c    00000004     main_pem4f.oem4f (.const:ti_sysbios_gates_GateMutex_Instance_State_sem__O)
                  0000ad90    00000004     main_pem4f.oem4f (.const:ti_sysbios_gates_GateMutex_Module__diagsEnabled__C)
                  0000ad94    00000004     main_pem4f.oem4f (.const:ti_sysbios_gates_GateMutex_Module__diagsIncluded__C)
                  0000ad98    00000004     main_pem4f.oem4f (.const:ti_sysbios_gates_GateMutex_Module__diagsMask__C)
                  0000ad9c    00000004     main_pem4f.oem4f (.const:ti_sysbios_hal_Hwi_E_stackOverflow__C)
                  0000ada0    00000004     main_pem4f.oem4f (.const:ti_sysbios_heaps_HeapMem_A_align__C)
                  0000ada4    00000004     main_pem4f.oem4f (.const:ti_sysbios_heaps_HeapMem_A_heapSize__C)
                  0000ada8    00000004     main_pem4f.oem4f (.const:ti_sysbios_heaps_HeapMem_A_invalidFree__C)
                  0000adac    00000004     main_pem4f.oem4f (.const:ti_sysbios_heaps_HeapMem_A_zeroBlock__C)
                  0000adb0    00000004     main_pem4f.oem4f (.const:ti_sysbios_heaps_HeapMem_E_memory__C)
                  0000adb4    00000004     main_pem4f.oem4f (.const:ti_sysbios_heaps_HeapMem_Module__diagsEnabled__C)
                  0000adb8    00000004     main_pem4f.oem4f (.const:ti_sysbios_heaps_HeapMem_Module__diagsIncluded__C)
                  0000adbc    00000004     main_pem4f.oem4f (.const:ti_sysbios_heaps_HeapMem_Module__diagsMask__C)
                  0000adc0    00000004     main_pem4f.oem4f (.const:ti_sysbios_heaps_HeapMem_Module__gateObj__C)
                  0000adc4    00000004     main_pem4f.oem4f (.const:ti_sysbios_heaps_HeapMem_Object__count__C)
                  0000adc8    00000004     main_pem4f.oem4f (.const:ti_sysbios_heaps_HeapMem_reqAlign__C)
                  0000adcc    00000004     main_pem4f.oem4f (.const:ti_sysbios_io_DEV_Object__count__C)
                  0000add0    00000004     main_pem4f.oem4f (.const:ti_sysbios_io_DEV_tableSize__C)
                  0000add4    00000004     main_pem4f.oem4f (.const:ti_sysbios_knl_Clock_LM_begin__C)
                  0000add8    00000004     main_pem4f.oem4f (.const:ti_sysbios_knl_Clock_LM_tick__C)
                  0000addc    00000004     main_pem4f.oem4f (.const:ti_sysbios_knl_Clock_LW_delayed__C)
                  0000ade0    00000004     main_pem4f.oem4f (.const:ti_sysbios_knl_Clock_Module_State_clockQ__O)
                  0000ade4    00000004     main_pem4f.oem4f (.const:ti_sysbios_knl_Clock_Module__diagsEnabled__C)
                  0000ade8    00000004     main_pem4f.oem4f (.const:ti_sysbios_knl_Clock_Module__diagsIncluded__C)
                  0000adec    00000004     main_pem4f.oem4f (.const:ti_sysbios_knl_Clock_Module__diagsMask__C)
                  0000adf0    00000004     main_pem4f.oem4f (.const:ti_sysbios_knl_Clock_Module__loggerFxn1__C)
                  0000adf4    00000004     main_pem4f.oem4f (.const:ti_sysbios_knl_Clock_Module__loggerFxn2__C)
                  0000adf8    00000004     main_pem4f.oem4f (.const:ti_sysbios_knl_Clock_Module__loggerObj__C)
                  0000adfc    00000004     main_pem4f.oem4f (.const:ti_sysbios_knl_Semaphore_A_badContext__C)
                  0000ae00    00000004     main_pem4f.oem4f (.const:ti_sysbios_knl_Semaphore_A_noEvents__C)
                  0000ae04    00000004     main_pem4f.oem4f (.const:ti_sysbios_knl_Semaphore_A_overflow__C)
                  0000ae08    00000004     main_pem4f.oem4f (.const:ti_sysbios_knl_Semaphore_A_pendTaskDisabled__C)
                  0000ae0c    00000004     main_pem4f.oem4f (.const:ti_sysbios_knl_Semaphore_Instance_State_pendQ__O)
                  0000ae10    00000004     main_pem4f.oem4f (.const:ti_sysbios_knl_Semaphore_LM_pend__C)
                  0000ae14    00000004     main_pem4f.oem4f (.const:ti_sysbios_knl_Semaphore_LM_post__C)
                  0000ae18    00000004     main_pem4f.oem4f (.const:ti_sysbios_knl_Semaphore_Module__diagsEnabled__C)
                  0000ae1c    00000004     main_pem4f.oem4f (.const:ti_sysbios_knl_Semaphore_Module__diagsIncluded__C)
                  0000ae20    00000004     main_pem4f.oem4f (.const:ti_sysbios_knl_Semaphore_Module__diagsMask__C)
                  0000ae24    00000004     main_pem4f.oem4f (.const:ti_sysbios_knl_Semaphore_Module__loggerFxn2__C)
                  0000ae28    00000004     main_pem4f.oem4f (.const:ti_sysbios_knl_Semaphore_Module__loggerFxn4__C)
                  0000ae2c    00000004     main_pem4f.oem4f (.const:ti_sysbios_knl_Semaphore_Module__loggerObj__C)
                  0000ae30    00000004     main_pem4f.oem4f (.const:ti_sysbios_knl_Swi_LD_end__C)
                  0000ae34    00000004     main_pem4f.oem4f (.const:ti_sysbios_knl_Swi_LM_begin__C)
                  0000ae38    00000004     main_pem4f.oem4f (.const:ti_sysbios_knl_Swi_LM_post__C)
                  0000ae3c    00000004     main_pem4f.oem4f (.const:ti_sysbios_knl_Swi_Module__diagsEnabled__C)
                  0000ae40    00000004     main_pem4f.oem4f (.const:ti_sysbios_knl_Swi_Module__diagsIncluded__C)
                  0000ae44    00000004     main_pem4f.oem4f (.const:ti_sysbios_knl_Swi_Module__diagsMask__C)
                  0000ae48    00000004     main_pem4f.oem4f (.const:ti_sysbios_knl_Swi_Module__loggerFxn1__C)
                  0000ae4c    00000004     main_pem4f.oem4f (.const:ti_sysbios_knl_Swi_Module__loggerFxn4__C)
                  0000ae50    00000004     main_pem4f.oem4f (.const:ti_sysbios_knl_Swi_Module__loggerObj__C)
                  0000ae54    00000004     main_pem4f.oem4f (.const:ti_sysbios_knl_Swi_Object__count__C)
                  0000ae58    00000004     main_pem4f.oem4f (.const:ti_sysbios_knl_Task_E_spOutOfBounds__C)
                  0000ae5c    00000004     main_pem4f.oem4f (.const:ti_sysbios_knl_Task_E_stackOverflow__C)
                  0000ae60    00000004     main_pem4f.oem4f (.const:ti_sysbios_knl_Task_LD_block__C)
                  0000ae64    00000004     main_pem4f.oem4f (.const:ti_sysbios_knl_Task_LD_exit__C)
                  0000ae68    00000004     main_pem4f.oem4f (.const:ti_sysbios_knl_Task_LD_ready__C)
                  0000ae6c    00000004     main_pem4f.oem4f (.const:ti_sysbios_knl_Task_LM_switch__C)
                  0000ae70    00000004     main_pem4f.oem4f (.const:ti_sysbios_knl_Task_Module_State_inactiveQ__O)
                  0000ae74    00000004     main_pem4f.oem4f (.const:ti_sysbios_knl_Task_Module__diagsEnabled__C)
                  0000ae78    00000004     main_pem4f.oem4f (.const:ti_sysbios_knl_Task_Module__diagsIncluded__C)
                  0000ae7c    00000004     main_pem4f.oem4f (.const:ti_sysbios_knl_Task_Module__diagsMask__C)
                  0000ae80    00000004     main_pem4f.oem4f (.const:ti_sysbios_knl_Task_Module__loggerFxn2__C)
                  0000ae84    00000004     main_pem4f.oem4f (.const:ti_sysbios_knl_Task_Module__loggerFxn4__C)
                  0000ae88    00000004     main_pem4f.oem4f (.const:ti_sysbios_knl_Task_Module__loggerObj__C)
                  0000ae8c    00000004     main_pem4f.oem4f (.const:ti_sysbios_knl_Task_Object__count__C)
                  0000ae90    00000004     main_pem4f.oem4f (.const:ti_sysbios_knl_Task_Object__heap__C)
                  0000ae94    00000004     main_pem4f.oem4f (.const:ti_sysbios_knl_Task_allBlockedFunc__C)
                  0000ae98    00000004     main_pem4f.oem4f (.const:ti_sysbios_knl_Task_numConstructedTasks__C)
                  0000ae9c    00000004     main_pem4f.oem4f (.const:ti_sysbios_utils_Load_LS_cpuLoad__C)
                  0000aea0    00000004     main_pem4f.oem4f (.const:ti_sysbios_utils_Load_LS_hwiLoad__C)
                  0000aea4    00000004     main_pem4f.oem4f (.const:ti_sysbios_utils_Load_LS_taskLoad__C)
                  0000aea8    00000004     main_pem4f.oem4f (.const:ti_sysbios_utils_Load_Module_State_taskList__O)
                  0000aeac    00000004     main_pem4f.oem4f (.const:ti_sysbios_utils_Load_Module__diagsEnabled__C)
                  0000aeb0    00000004     main_pem4f.oem4f (.const:ti_sysbios_utils_Load_Module__diagsIncluded__C)
                  0000aeb4    00000004     main_pem4f.oem4f (.const:ti_sysbios_utils_Load_Module__diagsMask__C)
                  0000aeb8    00000004     main_pem4f.oem4f (.const:ti_sysbios_utils_Load_Module__loggerFxn1__C)
                  0000aebc    00000004     main_pem4f.oem4f (.const:ti_sysbios_utils_Load_Module__loggerFxn2__C)
                  0000aec0    00000004     main_pem4f.oem4f (.const:ti_sysbios_utils_Load_Module__loggerFxn4__C)
                  0000aec4    00000004     main_pem4f.oem4f (.const:ti_sysbios_utils_Load_Module__loggerObj__C)
                  0000aec8    00000004     main_pem4f.oem4f (.const:ti_sysbios_utils_Load_postUpdate__C)
                  0000aecc    00000004     main_pem4f.oem4f (.const:ti_sysbios_utils_Load_windowInMs__C)
                  0000aed0    00000004     main_pem4f.oem4f (.const:ti_uia_runtime_ILoggerSnapshot_Interface__BASE__C)
                  0000aed4    00000004     main_pem4f.oem4f (.const:ti_uia_runtime_IUIATransfer_Interface__BASE__C)
                  0000aed8    00000004     main_pem4f.oem4f (.const:ti_uia_runtime_LoggerStopMode_E_badLevel__C)
                  0000aedc    00000004     main_pem4f.oem4f (.const:ti_uia_runtime_LoggerStopMode_Object__count__C)
                  0000aee0    00000004     main_pem4f.oem4f (.const:ti_uia_runtime_LoggerStopMode_overflowLogger__C)
                  0000aee4    00000004     main_pem4f.oem4f (.const:ti_uia_runtime_LoggerStopMode_statusLogger__C)
                  0000aee8    00000004     main_pem4f.oem4f (.const:xdc_runtime_Assert_E_assertFailed__C)
                  0000aeec    00000004     main_pem4f.oem4f (.const:xdc_runtime_Core_A_initializedParams__C)
                  0000aef0    00000004     main_pem4f.oem4f (.const:xdc_runtime_Core_Module__diagsEnabled__C)
                  0000aef4    00000004     main_pem4f.oem4f (.const:xdc_runtime_Core_Module__diagsIncluded__C)
                  0000aef8    00000004     main_pem4f.oem4f (.const:xdc_runtime_Core_Module__diagsMask__C)
                  0000aefc    00000004     main_pem4f.oem4f (.const:xdc_runtime_Error_E_generic__C)
                  0000af00    00000004     main_pem4f.oem4f (.const:xdc_runtime_Error_E_memory__C)
                  0000af04    00000004     main_pem4f.oem4f (.const:xdc_runtime_Error_Module__diagsEnabled__C)
                  0000af08    00000004     main_pem4f.oem4f (.const:xdc_runtime_Error_Module__diagsIncluded__C)
                  0000af0c    00000004     main_pem4f.oem4f (.const:xdc_runtime_Error_Module__diagsMask__C)
                  0000af10    00000004     main_pem4f.oem4f (.const:xdc_runtime_Error_Module__loggerFxn8__C)
                  0000af14    00000004     main_pem4f.oem4f (.const:xdc_runtime_Error_Module__loggerObj__C)
                  0000af18    00000004     main_pem4f.oem4f (.const:xdc_runtime_Error_raiseHook__C)
                  0000af1c    00000004     main_pem4f.oem4f (.const:xdc_runtime_IFilterLogger_Interface__BASE__C)
                  0000af20    00000004     main_pem4f.oem4f (.const:xdc_runtime_IGateProvider_Interface__BASE__C)
                  0000af24    00000004     main_pem4f.oem4f (.const:xdc_runtime_IHeap_Interface__BASE__C)
                  0000af28    00000004     main_pem4f.oem4f (.const:xdc_runtime_ILogger_Interface__BASE__C)
                  0000af2c    00000004     main_pem4f.oem4f (.const:xdc_runtime_IModule_Interface__BASE__C)
                  0000af30    00000004     main_pem4f.oem4f (.const:xdc_runtime_Log_L_error__C)
                  0000af34    00000004     main_pem4f.oem4f (.const:xdc_runtime_Log_L_warning__C)
                  0000af38    00000004     main_pem4f.oem4f (.const:xdc_runtime_Main_Module__diagsEnabled__C)
                  0000af3c    00000004     main_pem4f.oem4f (.const:xdc_runtime_Main_Module__diagsIncluded__C)
                  0000af40    00000004     main_pem4f.oem4f (.const:xdc_runtime_Main_Module__diagsMask__C)
                  0000af44    00000004     main_pem4f.oem4f (.const:xdc_runtime_Main_Module__loggerFxn2__C)
                  0000af48    00000004     main_pem4f.oem4f (.const:xdc_runtime_Main_Module__loggerFxn4__C)
                  0000af4c    00000004     main_pem4f.oem4f (.const:xdc_runtime_Main_Module__loggerObj__C)
                  0000af50    00000004     main_pem4f.oem4f (.const:xdc_runtime_Memory_defaultHeapInstance__C)
                  0000af54    00000004     main_pem4f.oem4f (.const:xdc_runtime_Startup_execImpl__C)
                  0000af58    00000004     main_pem4f.oem4f (.const:xdc_runtime_Startup_maxPasses__C)
                  0000af5c    00000004     main_pem4f.oem4f (.const:xdc_runtime_Startup_sfxnRts__C)
                  0000af60    00000004     main_pem4f.oem4f (.const:xdc_runtime_Startup_sfxnTab__C)
                  0000af64    00000004     main_pem4f.oem4f (.const:xdc_runtime_SysMin_bufSize__C)
                  0000af68    00000004     main_pem4f.oem4f (.const:xdc_runtime_SysMin_outputFunc__C)
                  0000af6c    00000004     main_pem4f.oem4f (.const:xdc_runtime_System_Module__gateObj__C)
                  0000af70    00000004     main_pem4f.oem4f (.const:xdc_runtime_System_extendFxn__C)
                  0000af74    00000004     main_pem4f.oem4f (.const:xdc_runtime_System_maxAtexitHandlers__C)
                  0000af78    00000004     main_pem4f.oem4f (.const:xdc_runtime_Text_charTab__C)
                  0000af7c    00000004     main_pem4f.oem4f (.const:xdc_runtime_Text_nameEmpty__C)
                  0000af80    00000004     main_pem4f.oem4f (.const:xdc_runtime_Text_nameStatic__C)
                  0000af84    00000004     main_pem4f.oem4f (.const:xdc_runtime_Text_nameUnknown__C)
                  0000af88    00000004     main_pem4f.oem4f (.const:xdc_runtime_Text_nodeTab__C)
                  0000af8c    00000004     main_pem4f.oem4f (.const:xdc_runtime_Text_visitRopeFxn__C)
                  0000af90    00000002     main_pem4f.oem4f (.const:ti_sysbios_family_arm_m3_Hwi_Module__id__C)
                  0000af92    00000002     main_pem4f.oem4f (.const:ti_sysbios_family_arm_m3_Hwi_Module__loggerDefined__C)
                  0000af94    00000002     main_pem4f.oem4f (.const:ti_sysbios_gates_GateMutex_Module__id__C)
                  0000af96    00000002     main_pem4f.oem4f (.const:ti_sysbios_hal_Hwi_Module__id__C)
                  0000af98    00000002     main_pem4f.oem4f (.const:ti_sysbios_heaps_HeapMem_Module__id__C)
                  0000af9a    00000002     main_pem4f.oem4f (.const:ti_sysbios_io_DEV_Module__id__C)
                  0000af9c    00000002     main_pem4f.oem4f (.const:ti_sysbios_knl_Clock_Module__id__C)
                  0000af9e    00000002     main_pem4f.oem4f (.const:ti_sysbios_knl_Clock_Module__loggerDefined__C)
                  0000afa0    00000002     main_pem4f.oem4f (.const:ti_sysbios_knl_Semaphore_Module__id__C)
                  0000afa2    00000002     main_pem4f.oem4f (.const:ti_sysbios_knl_Semaphore_Module__loggerDefined__C)
                  0000afa4    00000002     main_pem4f.oem4f (.const:ti_sysbios_knl_Swi_Module__id__C)
                  0000afa6    00000002     main_pem4f.oem4f (.const:ti_sysbios_knl_Swi_Module__loggerDefined__C)
                  0000afa8    00000002     main_pem4f.oem4f (.const:ti_sysbios_knl_Task_Module__id__C)
                  0000afaa    00000002     main_pem4f.oem4f (.const:ti_sysbios_knl_Task_Module__loggerDefined__C)
                  0000afac    00000002     main_pem4f.oem4f (.const:ti_sysbios_knl_Task_initStackFlag__C)
                  0000afae    00000002     main_pem4f.oem4f (.const:ti_sysbios_utils_Load_Module__id__C)
                  0000afb0    00000002     main_pem4f.oem4f (.const:ti_sysbios_utils_Load_Module__loggerDefined__C)
                  0000afb2    00000002     main_pem4f.oem4f (.const:ti_sysbios_utils_Load_autoAddTasks__C)
                  0000afb4    00000002     main_pem4f.oem4f (.const:ti_sysbios_utils_Load_hwiEnabled__C)
                  0000afb6    00000002     main_pem4f.oem4f (.const:ti_sysbios_utils_Load_updateInIdle__C)
                  0000afb8    00000002     main_pem4f.oem4f (.const:ti_uia_runtime_LoggerStopMode_Module__id__C)
                  0000afba    00000002     main_pem4f.oem4f (.const:ti_uia_runtime_LoggerStopMode_filterByLevel__C)
                  0000afbc    00000002     main_pem4f.oem4f (.const:ti_uia_runtime_LoggerStopMode_isTimestampEnabled__C)
                  0000afbe    00000002     main_pem4f.oem4f (.const:xdc_runtime_Core_Module__id__C)
                  0000afc0    00000002     main_pem4f.oem4f (.const:xdc_runtime_Error_Module__loggerDefined__C)
                  0000afc2    00000002     main_pem4f.oem4f (.const:xdc_runtime_Error_maxDepth__C)
                  0000afc4    00000002     main_pem4f.oem4f (.const:xdc_runtime_Main_Module__id__C)
                  0000afc6    00000002     main_pem4f.oem4f (.const:xdc_runtime_Main_Module__loggerDefined__C)
                  0000afc8    00000002     main_pem4f.oem4f (.const:xdc_runtime_Memory_Module__id__C)
                  0000afca    00000002     main_pem4f.oem4f (.const:xdc_runtime_SysMin_flushAtExit__C)
                  0000afcc    00000002     main_pem4f.oem4f (.const:xdc_runtime_Text_charCnt__C)
                  0000afce    00000002     main_pem4f.oem4f (.const:xdc_runtime_Text_isLoaded__C)
                  0000afd0    00000002     main_pem4f.oem4f (.const:xdc_runtime_Text_registryModsLastId__C)
                  0000afd2    00000002     main_pem4f.oem4f (.const:xdc_runtime_Text_unnamedModsLastId__C)

.cinit     0    0000afd8    000005a0     
                  0000afd8    00000567     (.cinit..data.load) [load image, compression = rle]
                  0000b53f    00000001     --HOLE-- [fill = 0]
                  0000b540    0000000c     (__TI_handler_table)
                  0000b54c    00000004     --HOLE-- [fill = 0]
                  0000b550    00000008     (.cinit..bss.load) [load image, compression = zero_init]
                  0000b558    00000008     (.cinit..vecs.load) [load image, compression = zero_init]
                  0000b560    00000018     (__TI_cinit_table)

.vecs      0    20000000    00000360     UNINITIALIZED
                  20000000    00000360     main_pem4f.oem4f (.vecs)

.bss       0    20000360    000034f8     UNINITIALIZED
                  20000360    00001000     main_pem4f.oem4f (.bss:taskStackSection)
                  20001360    00001000     main_pem4f.oem4f (.bss:ti_sysbios_heaps_HeapMem_Instance_State_0_buf__A)
                  20002360    00000480     main_pem4f.oem4f (.bss:ti_uia_runtime_LoggerStopMode_Instance_State_1_bufferArray__A)
                  200027e0    00000480     main_pem4f.oem4f (.bss:ti_uia_runtime_LoggerStopMode_Instance_State_2_bufferArray__A)
                  20002c60    00000440     EK_LM4F120XL.obj (.bss:uartTivaObjects)
                  200030a0    00000400     main_pem4f.oem4f (.bss:xdc_runtime_SysMin_Module_State_0_outbuf__A)
                  200034a0    00000280     main_pem4f.oem4f (.bss:ti_uia_runtime_LoggerStopMode_Instance_State_0_bufferArray__A)
                  20003720    00000120     rtsv7M4_T_le_v4SPD16_eabi.lib : trgmsg.obj (.bss:__CIOBUF_)
                  20003840    00000008     (.common:parmbuf)
                  20003848    00000008     (.common:ti_sysbios_knl_Task_Instance_State_0_hookEnv__A)
                  20003850    00000008     (.common:ti_sysbios_knl_Task_Instance_State_1_hookEnv__A)

.stack     0    20003858    00001000     UNINITIALIZED
                  20003858    00001000     --HOLE--

.data      0    20004858    00000b00     UNINITIALIZED
                  20004858    00000360     main_pem4f.oem4f (.data:ti_sysbios_family_arm_m3_Hwi_Module_State_0_dispatchTable__A)
                  20004bb8    000001fc     main_pem4f.oem4f (.data)
                  20004db4    00000108     main_pem4f.oem4f (.data:ti_uia_runtime_LoggerStopMode_Object__table__V)
                  20004ebc    000000a0     main_pem4f.oem4f (.data:ti_sysbios_knl_Task_Object__table__V)
                  20004f5c    00000098     main_pem4f.oem4f (.data:ti_sysbios_utils_Load_Module__state__V)
                  20004ff4    00000080     main_pem4f.oem4f (.data:ti_sysbios_knl_Swi_Module_State_0_readyQ__A)
                  20005074    00000080     main_pem4f.oem4f (.data:ti_sysbios_knl_Task_Module_State_0_readyQ__A)
                  200050f4    00000070     main_pem4f.oem4f (.data:ti_sysbios_family_arm_lm4_Timer_Object__table__V)
                  20005164    0000005c     main_pem4f.oem4f (.data:ti_sysbios_family_arm_m3_Hwi_Module__state__V)
                  200051c0    00000044     main_pem4f.oem4f (.data:ti_sysbios_knl_Task_Module__state__V)
                  20005204    00000038     main_pem4f.oem4f (.data:ti_sysbios_gates_GateMutex_Object__table__V)
                  2000523c    00000038     main_pem4f.oem4f (.data:ti_sysbios_utils_Load_Module_State_0_taskEnv__A)
                  20005274    00000030     main_pem4f.oem4f (.data:ti_sysbios_family_arm_lm4_Timer_Module_State_0_device__A)
                  200052a4    00000030     main_pem4f.oem4f (.data:ti_sysbios_family_arm_m3_Hwi_Object__table__V)
                  200052d4    00000030     main_pem4f.oem4f (.data:ti_sysbios_knl_Swi_Object__table__V)
                  20005304    00000028     main_pem4f.oem4f (.data:ti_sysbios_knl_Clock_Module__state__V)
                  2000532c    00000008     gpio_tivaware.aem4f : GPIO.oem4f (.data)
                  20005334    00000008     rtsv7M4_T_le_v4SPD16_eabi.lib : _lock.obj (.data)
                  2000533c    00000008                                   : exit.obj (.data)
                  20005344    00000008     ti.uia.runtime.aem4f : QueueDescriptor.oem4f (.data)
                  2000534c    00000004     rtsv7M4_T_le_v4SPD16_eabi.lib : dtor_list.obj (.data)
                  20005350    00000004                                   : stkdepth_vars.obj (.data)
                  20005354    00000004     uart_tivaware.aem4f : UART.oem4f (.data)


LINKER GENERATED COPY TABLES

__TI_cinit_table @ 0000b560 records: 3, size/record: 8, table size: 24
	.data: load addr=0000afd8, load size=00000567 bytes, run addr=20004858, run size=00000b00 bytes, compression=rle
	.bss: load addr=0000b550, load size=00000008 bytes, run addr=20000360, run size=000034f8 bytes, compression=zero_init
	.vecs: load addr=0000b558, load size=00000008 bytes, run addr=20000000, run size=00000360 bytes, compression=zero_init


LINKER GENERATED HANDLER TABLE

__TI_handler_table @ 0000b540 records: 3, size/record: 4, table size: 12
	index: 0, handler: __TI_zero_init
	index: 1, handler: __TI_decompress_rle24
	index: 2, handler: __TI_decompress_none


GLOBAL SYMBOLS: SORTED ALPHABETICALLY BY Name 

address    name
--------   ----
00006bb1   C$$EXIT
000063e7   C$$IO$$
00005a45   EK_LM4F120XL_initGPIO
00006e55   EK_LM4F120XL_initGeneral
00003cd5   EK_LM4F120XL_initUART
00007655   GPIODirModeSet
000036f1   GPIOPadConfigSet
0000692d   GPIOPinConfigure
00007d75   GPIOPinTypeGPIOInput
00007bcf   GPIOPinTypeGPIOOutput
00007d87   GPIOPinTypeUART
000080cd   GPIOPinWrite
0000ac28   GPIO_config
00007771   GPIO_init
00004701   GPIO_write
00001035   HOSTclock
00000ffd   HOSTclose
00000fbf   HOSTgetenv
00000f63   HOSTlseek
00000f11   HOSTopen
00000ec5   HOSTread
00000e67   HOSTrename
00000e2d   HOSTtime
00000df5   HOSTunlink
00000da9   HOSTwrite
UNDEFED    SHT$$INIT_ARRAY$$Base
UNDEFED    SHT$$INIT_ARRAY$$Limit
0000723d   SysCtlPeripheralEnable
20004f0c   TSK_idle
00008059   UARTCharGet
00007f45   UARTCharGetNonBlocking
00008063   UARTCharPut
00007f53   UARTCharPutNonBlocking
00006dd1   UARTConfigSetExpClk
00007a21   UARTDisable
00007cd5   UARTEnable
000080d3   UARTFIFOLevelSet
0000811b   UARTIntClear
0000806d   UARTIntDisable
00008095   UARTIntEnable
00008077   UARTIntStatus
00005589   UARTTiva_close
0000aa58   UARTTiva_fxnTable
0000809d   UARTTiva_init
0000107d   UARTTiva_open
00001e05   UARTTiva_read
00004b41   UARTTiva_readCancel
000024d5   UARTTiva_readPolling
00001c01   UARTTiva_write
00004a81   UARTTiva_writeCancel
00002905   UARTTiva_writePolling
00007271   UART_Params_init
0000a7dc   UART_config
0000abec   UART_defaultParams
00007045   UART_init
00006975   UART_open
000072a5   UART_read
000072d9   UART_write
00000000   __ASM__
20003720   __CIOBUF_
00000073   __ISA__
00000086   __PLAT__
20004858   __STACK_END
00001000   __STACK_SIZE
20003958   __STACK_TOP
000000a7   __TARG__
0000b560   __TI_CINIT_Base
0000b578   __TI_CINIT_Limit
0000b540   __TI_Handler_Table_Base
0000b54c   __TI_Handler_Table_Limit
00000001   __TI_args_main
00005629   __TI_auto_init
2000533c   __TI_cleanup_ptr
00007f61   __TI_decompress_none
000080df   __TI_decompress_rle24
20005340   __TI_dtors_ptr
000063eb   __TI_readmsg
00000000   __TI_static_base__
000063bd   __TI_writemsg
00007d99   __TI_zero_init
000000cd   __TRDR__
00004571   __aeabi_atexit
00005cd7   __aeabi_memclr
00005cd7   __aeabi_memclr4
00005cd7   __aeabi_memclr8
000056c9   __aeabi_memcpy
000056c9   __aeabi_memcpy4
000056c9   __aeabi_memcpy8
00005cd9   __aeabi_memset
00005cd9   __aeabi_memset4
00005cd9   __aeabi_memset8
ffffffff   __binit__
ffffffff   __c_args__
0000455f   __cxa_atexit
00004519   __cxa_finalize
00004559   __cxa_ia64_exit
20003858   __stack
000080d9   __xdc__init
20004db0   __xdc__init__addr
00007c01   _args_main
000065f1   _c_int00
20005334   _lock
00007cf7   _nop
00007cef   _register_lock
00007ce9   _register_unlock
20005338   _unlock
00006bb5   abort
00004563   atexit
ffffffff   binit
00006b6d   copy_in
00006bbd   exit
00007be7   free
0000a930   gpioHWAttrs
0000730d   init_mux_pins
0000674d   init_uart
00007795   main
20005350   main_func_sp
00007499   malloc
000056c9   memcpy
00005cdf   memset
00007e05   strcpy
00007cfd   strlen
000049b9   tcp_connection
0000acf8   ti_catalog_arm_cortexm4_tiva_ce_Boot_A_mustUseEnhancedClockMode__C
0000acfc   ti_catalog_arm_cortexm4_tiva_ce_Boot_Module__diagsEnabled__C
0000ad00   ti_catalog_arm_cortexm4_tiva_ce_Boot_Module__diagsIncluded__C
0000ad04   ti_catalog_arm_cortexm4_tiva_ce_Boot_Module__diagsMask__C
0000a74a   ti_catalog_arm_cortexm4_tiva_ce_Boot_Module__id__C
00007f8d   ti_catalog_arm_cortexm4_tiva_ce_Boot_init__I
00003f19   ti_catalog_arm_cortexm4_tiva_ce_Boot_sysCtlClockSetI__I
00005801   ti_catalog_arm_cortexm4_tiva_ce_Boot_sysCtlClockSet__E
000080e5   ti_catalog_arm_cortexm4_tiva_ce_Boot_sysCtlDelayI__I
0000ad08   ti_sysbios_BIOS_Module__diagsEnabled__C
0000ad0c   ti_sysbios_BIOS_Module__diagsIncluded__C
0000ad10   ti_sysbios_BIOS_Module__diagsMask__C
0000ac26   ti_sysbios_BIOS_Module__id__C
20004bb8   ti_sysbios_BIOS_Module__state__V
0000811f   ti_sysbios_BIOS_RtsGateProxy_enter__E
00008123   ti_sysbios_BIOS_RtsGateProxy_leave__E
00008137   ti_sysbios_BIOS_RtsGateProxy_query__E
000069bd   ti_sysbios_BIOS_errorRaiseHook__I
000073a9   ti_sysbios_BIOS_exitFunc__I
00007e15   ti_sysbios_BIOS_getCpuFreq__E
0000ad14   ti_sysbios_BIOS_installedErrorHook__C
000057ff   ti_sysbios_BIOS_nullFunc__I
000077b9   ti_sysbios_BIOS_registerRTSLock__I
00007a3d   ti_sysbios_BIOS_rtsLock__I
00006225   ti_sysbios_BIOS_rtsUnlock__I
00007e25   ti_sysbios_BIOS_setThreadType__E
000077dd   ti_sysbios_BIOS_startFunc__I
00007e35   ti_sysbios_BIOS_start__E
20005274   ti_sysbios_family_arm_lm4_Timer_Module_State_0_device__A
20004be0   ti_sysbios_family_arm_lm4_Timer_Module_State_0_handles__A
20004bd8   ti_sysbios_family_arm_lm4_Timer_Module__root__V
00007c19   ti_sysbios_family_arm_lm4_Timer_Module__startupDone__F
00007c19   ti_sysbios_family_arm_lm4_Timer_Module__startupDone__S
20004bf8   ti_sysbios_family_arm_lm4_Timer_Module__state__V
000064dd   ti_sysbios_family_arm_lm4_Timer_Module_startup__E
000064dd   ti_sysbios_family_arm_lm4_Timer_Module_startup__F
200050f4   ti_sysbios_family_arm_lm4_Timer_Object__table__V
0000ad18   ti_sysbios_family_arm_lm4_Timer_enableFunc__C
00005441   ti_sysbios_family_arm_lm4_Timer_enableTimers__I
0000519d   ti_sysbios_family_arm_lm4_Timer_enableTiva__I
00008127   ti_sysbios_family_arm_lm4_Timer_getPeriod__E
00005dc9   ti_sysbios_family_arm_lm4_Timer_isrStub__E
00007f99   ti_sysbios_family_arm_lm4_Timer_masterDisable__I
0000812b   ti_sysbios_family_arm_lm4_Timer_masterEnable__I
0000ad1c   ti_sysbios_family_arm_lm4_Timer_numTimerDevices__C
000017c1   ti_sysbios_family_arm_lm4_Timer_start__E
0000ad20   ti_sysbios_family_arm_lm4_Timer_startupNeeded__C
00006e95   ti_sysbios_family_arm_lm4_Timer_startup__E
00006bf5   ti_sysbios_family_arm_lm4_Timer_stop__E
20004c04   ti_sysbios_family_arm_lm4_TimestampProvider_Module__state__V
000080eb   ti_sysbios_family_arm_lm4_TimestampProvider_Module_startup__E
000080eb   ti_sysbios_family_arm_lm4_TimestampProvider_Module_startup__F
00004cb9   ti_sysbios_family_arm_lm4_TimestampProvider_get32__E
00003951   ti_sysbios_family_arm_lm4_TimestampProvider_get64__E
00007e15   ti_sysbios_family_arm_lm4_TimestampProvider_getFreq__E
00007e45   ti_sysbios_family_arm_lm4_TimestampProvider_rolloverFunc__E
00007fa5   ti_sysbios_family_arm_lm4_TimestampProvider_startTimer__E
0000acae   ti_sysbios_family_arm_lm4_TimestampProvider_useClockTimer__C
0000ad24   ti_sysbios_family_arm_m3_Hwi_E_NMI__C
0000ad28   ti_sysbios_family_arm_m3_Hwi_E_alreadyDefined__C
0000ad2c   ti_sysbios_family_arm_m3_Hwi_E_busFault__C
0000ad30   ti_sysbios_family_arm_m3_Hwi_E_debugMon__C
[...]
000080e5   ti_catalog_arm_cortexm4_tiva_ce_Boot_sysCtlDelayI__I
000080eb   ti_sysbios_family_arm_lm4_TimestampProvider_Module_startup__E
000080eb   ti_sysbios_family_arm_lm4_TimestampProvider_Module_startup__F
000080f1   ti_sysbios_family_arm_m3_Hwi_restoreFxn__E
000080f1   ti_sysbios_hal_Hwi_HwiProxy_restore__E
000080f1   ti_sysbios_hal_Hwi_restore__E
000080f7   ti_sysbios_gates_GateHwi_leave__E
000080fd   ti_sysbios_heaps_HeapMem_isBlocking__E
00008103   ti_sysbios_knl_Queue_Instance_init__F
00008109   ti_uia_runtime_LoggerStopMode_getPriority__E
0000810f   ti_uia_runtime_LoggerStopMode_getTransferType__E
0000810f   ti_uia_runtime_LoggerStopMode_getTransferType__F
00008115   xdc_runtime_System_Module_startup__E
00008115   xdc_runtime_System_Module_startup__F
0000811b   UARTIntClear
0000811f   ti_sysbios_BIOS_RtsGateProxy_enter__E
00008123   ti_sysbios_BIOS_RtsGateProxy_leave__E
00008127   ti_sysbios_family_arm_lm4_Timer_getPeriod__E
0000812b   ti_sysbios_family_arm_lm4_Timer_masterEnable__I
0000812f   ti_sysbios_family_arm_m3_TaskSupport_Module__startupDone__S
00008133   ti_sysbios_gates_GateHwi_query__E
00008133   ti_sysbios_gates_GateHwi_query__F
00008133   xdc_runtime_Main_Module_GateProxy_query__E
00008133   xdc_runtime_System_Module_GateProxy_query__E
00008137   ti_sysbios_BIOS_RtsGateProxy_query__E
00008137   ti_sysbios_gates_GateMutex_query__E
00008137   ti_sysbios_gates_GateMutex_query__F
00008137   ti_sysbios_heaps_HeapMem_Module_GateProxy_query__E
0000813b   ti_sysbios_hal_Hwi_HwiProxy_Module__startupDone__S
0000813f   ti_sysbios_hal_Timer_TimerProxy_Module__startupDone__S
00008143   ti_sysbios_hal_Timer_TimerProxy_getPeriod__E
00008147   ti_sysbios_heaps_HeapMem_Module_GateProxy_enter__E
0000814b   ti_sysbios_heaps_HeapMem_Module_GateProxy_leave__E
0000814f   ti_sysbios_knl_Task_SupportProxy_Module__startupDone__S
00008153   ti_sysbios_knl_Task_startup__E
00008157   ti_uia_runtime_LogSync_CpuTimestampProxy_Module__startupDone__S
0000815b   ti_uia_runtime_LogSync_GlobalTimestampProxy_Module__startupDone__S
0000815f   ti_uia_runtime_LoggerStopMode_getInstanceId__E
00008163   ti_uia_runtime_LoggerStopMode_getMaxLength__E
00008167   ti_uia_runtime_LoggerStopMode_setPriority__E
0000816b   xdc_runtime_Error_getSite__E
0000816b   xdc_runtime_Error_getSite__F
0000816f   xdc_runtime_Memory_HeapProxy_alloc__E
00008173   xdc_runtime_Memory_HeapProxy_free__E
00008177   xdc_runtime_System_Module_GateProxy_enter__E
0000817b   xdc_runtime_System_Module_GateProxy_leave__E
0000817f   xdc_runtime_System_aprintf_va__F
00008183   xdc_runtime_System_printf_va__F
00008187   xdc_runtime_System_vsnprintf__E
0000818b   xdc_runtime_TimestampNull_Module__startupDone__S
0000818f   xdc_runtime_Timestamp_Module__startupDone__S
00008194   xdc_runtime_Text_charTab__A
0000a535   xdc_runtime_Error_policy__C
0000a536   xdc_runtime_Text_nodeTab__A
0000a672   ti_sysbios_family_arm_m3_Hwi_priorities__A
0000a74a   ti_catalog_arm_cortexm4_tiva_ce_Boot_Module__id__C
0000a7dc   UART_config
0000a848   ti_uia_runtime_LoggerStopMode_Module__FXNS__C
0000a8f0   uartTivaHWAttrs
0000a930   gpioHWAttrs
0000a96c   xdc_runtime_Startup_sfxnTab__A
0000a9a0   ti_sysbios_family_arm_m3_Hwi_Object__PARAMS__C
0000a9d0   ti_sysbios_knl_Task_hooks__A
0000aa00   ti_uia_runtime_LoggerStopMode_Object__PARAMS__C
0000aa30   ti_sysbios_heaps_HeapMem_Module__FXNS__C
0000aa58   UARTTiva_fxnTable
0000aa7c   ti_sysbios_gates_GateHwi_Module__FXNS__C
0000aaa0   ti_sysbios_gates_GateMutex_Module__FXNS__C
0000aac4   ti_sysbios_heaps_HeapMem_Object__PARAMS__C
0000aae8   ti_sysbios_knl_Semaphore_Object__PARAMS__C
0000ab0c   ti_sysbios_family_arm_m3_Hwi_Object__DESC__C
0000ab2c   ti_sysbios_gates_GateHwi_Object__DESC__C
0000ab4c   ti_sysbios_gates_GateMutex_Object__DESC__C
0000ab6c   ti_sysbios_heaps_HeapMem_Object__DESC__C
0000ab8c   ti_sysbios_knl_Queue_Object__DESC__C
0000abac   ti_sysbios_knl_Semaphore_Object__DESC__C
0000abcc   ti_uia_runtime_LoggerStopMode_Object__DESC__C
0000abec   UART_defaultParams
0000ac0c   xdc_runtime_Startup_sfxnRts__A
0000ac26   ti_sysbios_BIOS_Module__id__C
0000ac28   GPIO_config
0000ac40   ti_sysbios_gates_GateHwi_Object__PARAMS__C
0000ac58   ti_sysbios_gates_GateMutex_Object__PARAMS__C
0000ac70   ti_sysbios_knl_Queue_Object__PARAMS__C
0000ac88   xdc_runtime_Startup_firstFxns__A
0000acae   ti_sysbios_family_arm_lm4_TimestampProvider_useClockTimer__C
0000acb0   ti_sysbios_family_arm_m3_Hwi_excHookFuncs__A
0000acb8   ti_sysbios_knl_Idle_coreList__A
0000acc0   ti_sysbios_knl_Idle_coreList__C
0000acc8   ti_sysbios_knl_Idle_funcList__A
0000acd0   ti_sysbios_knl_Idle_funcList__C
0000acd8   ti_sysbios_knl_Task_hooks__C
0000ace0   xdc_runtime_Startup_firstFxns__C
0000ace8   xdc_runtime_Startup_lastFxns__A
0000acf0   xdc_runtime_Startup_lastFxns__C
0000acf8   ti_catalog_arm_cortexm4_tiva_ce_Boot_A_mustUseEnhancedClockMode__C
0000acfc   ti_catalog_arm_cortexm4_tiva_ce_Boot_Module__diagsEnabled__C
0000ad00   ti_catalog_arm_cortexm4_tiva_ce_Boot_Module__diagsIncluded__C
0000ad04   ti_catalog_arm_cortexm4_tiva_ce_Boot_Module__diagsMask__C
0000ad08   ti_sysbios_BIOS_Module__diagsEnabled__C
0000ad0c   ti_sysbios_BIOS_Module__diagsIncluded__C
0000ad10   ti_sysbios_BIOS_Module__diagsMask__C
0000ad14   ti_sysbios_BIOS_installedErrorHook__C
0000ad18   ti_sysbios_family_arm_lm4_Timer_enableFunc__C
0000ad1c   ti_sysbios_family_arm_lm4_Timer_numTimerDevices__C
0000ad20   ti_sysbios_family_arm_lm4_Timer_startupNeeded__C
0000ad24   ti_sysbios_family_arm_m3_Hwi_E_NMI__C
0000ad28   ti_sysbios_family_arm_m3_Hwi_E_alreadyDefined__C
0000ad2c   ti_sysbios_family_arm_m3_Hwi_E_busFault__C
0000ad30   ti_sysbios_family_arm_m3_Hwi_E_debugMon__C
0000ad34   ti_sysbios_family_arm_m3_Hwi_E_hardFault__C
0000ad38   ti_sysbios_family_arm_m3_Hwi_E_memFault__C
0000ad3c   ti_sysbios_family_arm_m3_Hwi_E_noIsr__C
0000ad40   ti_sysbios_family_arm_m3_Hwi_E_reserved__C
0000ad44   ti_sysbios_family_arm_m3_Hwi_E_svCall__C
0000ad48   ti_sysbios_family_arm_m3_Hwi_E_usageFault__C
0000ad4c   ti_sysbios_family_arm_m3_Hwi_LD_end__C
0000ad50   ti_sysbios_family_arm_m3_Hwi_LM_begin__C
0000ad54   ti_sysbios_family_arm_m3_Hwi_Module__diagsEnabled__C
0000ad58   ti_sysbios_family_arm_m3_Hwi_Module__diagsIncluded__C
0000ad5c   ti_sysbios_family_arm_m3_Hwi_Module__diagsMask__C
0000ad60   ti_sysbios_family_arm_m3_Hwi_Module__loggerFxn1__C
0000ad64   ti_sysbios_family_arm_m3_Hwi_Module__loggerFxn8__C
0000ad68   ti_sysbios_family_arm_m3_Hwi_Module__loggerObj__C
0000ad6c   ti_sysbios_family_arm_m3_Hwi_NUM_INTERRUPTS__C
0000ad70   ti_sysbios_family_arm_m3_Hwi_ccr__C
0000ad74   ti_sysbios_family_arm_m3_Hwi_dispatchTable__C
0000ad78   ti_sysbios_family_arm_m3_Hwi_excHandlerFunc__C
0000ad7c   ti_sysbios_family_arm_m3_Hwi_excHookFuncs__C
0000ad80   ti_sysbios_family_arm_m3_Hwi_priGroup__C
0000ad84   ti_sysbios_family_arm_m3_Hwi_priorities__C
0000ad88   ti_sysbios_gates_GateMutex_A_badContext__C
0000ad8c   ti_sysbios_gates_GateMutex_Instance_State_sem__O
0000ad90   ti_sysbios_gates_GateMutex_Module__diagsEnabled__C
0000ad94   ti_sysbios_gates_GateMutex_Module__diagsIncluded__C
0000ad98   ti_sysbios_gates_GateMutex_Module__diagsMask__C
0000ad9c   ti_sysbios_hal_Hwi_E_stackOverflow__C
0000ada0   ti_sysbios_heaps_HeapMem_A_align__C
0000ada4   ti_sysbios_heaps_HeapMem_A_heapSize__C
0000ada8   ti_sysbios_heaps_HeapMem_A_invalidFree__C
0000adac   ti_sysbios_heaps_HeapMem_A_zeroBlock__C
0000adb0   ti_sysbios_heaps_HeapMem_E_memory__C
0000adb4   ti_sysbios_heaps_HeapMem_Module__diagsEnabled__C
0000adb8   ti_sysbios_heaps_HeapMem_Module__diagsIncluded__C
0000adbc   ti_sysbios_heaps_HeapMem_Module__diagsMask__C
0000adc0   ti_sysbios_heaps_HeapMem_Module__gateObj__C
0000adc4   ti_sysbios_heaps_HeapMem_Object__count__C
0000adc8   ti_sysbios_heaps_HeapMem_reqAlign__C
0000adcc   ti_sysbios_io_DEV_Object__count__C
0000add0   ti_sysbios_io_DEV_tableSize__C
0000add4   ti_sysbios_knl_Clock_LM_begin__C
0000add8   ti_sysbios_knl_Clock_LM_tick__C
0000addc   ti_sysbios_knl_Clock_LW_delayed__C
0000ade0   ti_sysbios_knl_Clock_Module_State_clockQ__O
0000ade4   ti_sysbios_knl_Clock_Module__diagsEnabled__C
0000ade8   ti_sysbios_knl_Clock_Module__diagsIncluded__C
0000adec   ti_sysbios_knl_Clock_Module__diagsMask__C
0000adf0   ti_sysbios_knl_Clock_Module__loggerFxn1__C
0000adf4   ti_sysbios_knl_Clock_Module__loggerFxn2__C
0000adf8   ti_sysbios_knl_Clock_Module__loggerObj__C
0000adfc   ti_sysbios_knl_Semaphore_A_badContext__C
0000ae00   ti_sysbios_knl_Semaphore_A_noEvents__C
0000ae04   ti_sysbios_knl_Semaphore_A_overflow__C
0000ae08   ti_sysbios_knl_Semaphore_A_pendTaskDisabled__C
0000ae0c   ti_sysbios_knl_Semaphore_Instance_State_pendQ__O
0000ae10   ti_sysbios_knl_Semaphore_LM_pend__C
0000ae14   ti_sysbios_knl_Semaphore_LM_post__C
0000ae18   ti_sysbios_knl_Semaphore_Module__diagsEnabled__C
0000ae1c   ti_sysbios_knl_Semaphore_Module__diagsIncluded__C
0000ae20   ti_sysbios_knl_Semaphore_Module__diagsMask__C
0000ae24   ti_sysbios_knl_Semaphore_Module__loggerFxn2__C
0000ae28   ti_sysbios_knl_Semaphore_Module__loggerFxn4__C
0000ae2c   ti_sysbios_knl_Semaphore_Module__loggerObj__C
0000ae30   ti_sysbios_knl_Swi_LD_end__C
0000ae34   ti_sysbios_knl_Swi_LM_begin__C
0000ae38   ti_sysbios_knl_Swi_LM_post__C
0000ae3c   ti_sysbios_knl_Swi_Module__diagsEnabled__C
0000ae40   ti_sysbios_knl_Swi_Module__diagsIncluded__C
0000ae44   ti_sysbios_knl_Swi_Module__diagsMask__C
0000ae48   ti_sysbios_knl_Swi_Module__loggerFxn1__C
0000ae4c   ti_sysbios_knl_Swi_Module__loggerFxn4__C
0000ae50   ti_sysbios_knl_Swi_Module__loggerObj__C
0000ae54   ti_sysbios_knl_Swi_Object__count__C
0000ae58   ti_sysbios_knl_Task_E_spOutOfBounds__C
0000ae5c   ti_sysbios_knl_Task_E_stackOverflow__C
0000ae60   ti_sysbios_knl_Task_LD_block__C
0000ae64   ti_sysbios_knl_Task_LD_exit__C
0000ae68   ti_sysbios_knl_Task_LD_ready__C
0000ae6c   ti_sysbios_knl_Task_LM_switch__C
0000ae70   ti_sysbios_knl_Task_Module_State_inactiveQ__O
0000ae74   ti_sysbios_knl_Task_Module__diagsEnabled__C
0000ae78   ti_sysbios_knl_Task_Module__diagsIncluded__C
0000ae7c   ti_sysbios_knl_Task_Module__diagsMask__C
0000ae80   ti_sysbios_knl_Task_Module__loggerFxn2__C
0000ae84   ti_sysbios_knl_Task_Module__loggerFxn4__C
0000ae88   ti_sysbios_knl_Task_Module__loggerObj__C
0000ae8c   ti_sysbios_knl_Task_Object__count__C
0000ae90   ti_sysbios_knl_Task_Object__heap__C
0000ae94   ti_sysbios_knl_Task_allBlockedFunc__C
0000ae98   ti_sysbios_knl_Task_numConstructedTasks__C
0000ae9c   ti_sysbios_utils_Load_LS_cpuLoad__C
0000aea0   ti_sysbios_utils_Load_LS_hwiLoad__C
0000aea4   ti_sysbios_utils_Load_LS_taskLoad__C
0000aea8   ti_sysbios_utils_Load_Module_State_taskList__O
0000aeac   ti_sysbios_utils_Load_Module__diagsEnabled__C
0000aeb0   ti_sysbios_utils_Load_Module__diagsIncluded__C
0000aeb4   ti_sysbios_utils_Load_Module__diagsMask__C
0000aeb8   ti_sysbios_utils_Load_Module__loggerFxn1__C
0000aebc   ti_sysbios_utils_Load_Module__loggerFxn2__C
0000aec0   ti_sysbios_utils_Load_Module__loggerFxn4__C
0000aec4   ti_sysbios_utils_Load_Module__loggerObj__C
0000aec8   ti_sysbios_utils_Load_postUpdate__C
0000aecc   ti_sysbios_utils_Load_windowInMs__C
0000aed0   ti_uia_runtime_ILoggerSnapshot_Interface__BASE__C
0000aed4   ti_uia_runtime_IUIATransfer_Interface__BASE__C
0000aed8   ti_uia_runtime_LoggerStopMode_E_badLevel__C
0000aedc   ti_uia_runtime_LoggerStopMode_Object__count__C
0000aee0   ti_uia_runtime_LoggerStopMode_overflowLogger__C
0000aee4   ti_uia_runtime_LoggerStopMode_statusLogger__C
0000aee8   xdc_runtime_Assert_E_assertFailed__C
0000aeec   xdc_runtime_Core_A_initializedParams__C
0000aef0   xdc_runtime_Core_Module__diagsEnabled__C
0000aef4   xdc_runtime_Core_Module__diagsIncluded__C
0000aef8   xdc_runtime_Core_Module__diagsMask__C
0000aefc   xdc_runtime_Error_E_generic__C
0000af00   xdc_runtime_Error_E_memory__C
0000af04   xdc_runtime_Error_Module__diagsEnabled__C
0000af08   xdc_runtime_Error_Module__diagsIncluded__C
0000af0c   xdc_runtime_Error_Module__diagsMask__C
0000af10   xdc_runtime_Error_Module__loggerFxn8__C
0000af14   xdc_runtime_Error_Module__loggerObj__C
0000af18   xdc_runtime_Error_raiseHook__C
0000af1c   xdc_runtime_IFilterLogger_Interface__BASE__C
0000af20   xdc_runtime_IGateProvider_Interface__BASE__C
0000af24   xdc_runtime_IHeap_Interface__BASE__C
0000af28   xdc_runtime_ILogger_Interface__BASE__C
0000af2c   xdc_runtime_IModule_Interface__BASE__C
0000af30   xdc_runtime_Log_L_error__C
0000af34   xdc_runtime_Log_L_warning__C
0000af38   xdc_runtime_Main_Module__diagsEnabled__C
0000af3c   xdc_runtime_Main_Module__diagsIncluded__C
0000af40   xdc_runtime_Main_Module__diagsMask__C
0000af44   xdc_runtime_Main_Module__loggerFxn2__C
0000af48   xdc_runtime_Main_Module__loggerFxn4__C
0000af4c   xdc_runtime_Main_Module__loggerObj__C
0000af50   xdc_runtime_Memory_defaultHeapInstance__C
0000af54   xdc_runtime_Startup_execImpl__C
0000af58   xdc_runtime_Startup_maxPasses__C
0000af5c   xdc_runtime_Startup_sfxnRts__C
0000af60   xdc_runtime_Startup_sfxnTab__C
0000af64   xdc_runtime_SysMin_bufSize__C
0000af68   xdc_runtime_SysMin_outputFunc__C
0000af6c   xdc_runtime_System_Module__gateObj__C
0000af70   xdc_runtime_System_extendFxn__C
0000af74   xdc_runtime_System_maxAtexitHandlers__C
0000af78   xdc_runtime_Text_charTab__C
0000af7c   xdc_runtime_Text_nameEmpty__C
0000af80   xdc_runtime_Text_nameStatic__C
0000af84   xdc_runtime_Text_nameUnknown__C
0000af88   xdc_runtime_Text_nodeTab__C
0000af8c   xdc_runtime_Text_visitRopeFxn__C
0000af90   ti_sysbios_family_arm_m3_Hwi_Module__id__C
0000af92   ti_sysbios_family_arm_m3_Hwi_Module__loggerDefined__C
0000af94   ti_sysbios_gates_GateMutex_Module__id__C
0000af96   ti_sysbios_hal_Hwi_Module__id__C
0000af98   ti_sysbios_heaps_HeapMem_Module__id__C
0000af9a   ti_sysbios_io_DEV_Module__id__C
0000af9c   ti_sysbios_knl_Clock_Module__id__C
0000af9e   ti_sysbios_knl_Clock_Module__loggerDefined__C
0000afa0   ti_sysbios_knl_Semaphore_Module__id__C
0000afa2   ti_sysbios_knl_Semaphore_Module__loggerDefined__C
0000afa4   ti_sysbios_knl_Swi_Module__id__C
0000afa6   ti_sysbios_knl_Swi_Module__loggerDefined__C
0000afa8   ti_sysbios_knl_Task_Module__id__C
0000afaa   ti_sysbios_knl_Task_Module__loggerDefined__C
0000afac   ti_sysbios_knl_Task_initStackFlag__C
0000afae   ti_sysbios_utils_Load_Module__id__C
0000afb0   ti_sysbios_utils_Load_Module__loggerDefined__C
0000afb2   ti_sysbios_utils_Load_autoAddTasks__C
0000afb4   ti_sysbios_utils_Load_hwiEnabled__C
0000afb6   ti_sysbios_utils_Load_updateInIdle__C
0000afb8   ti_uia_runtime_LoggerStopMode_Module__id__C
0000afba   ti_uia_runtime_LoggerStopMode_filterByLevel__C
0000afbc   ti_uia_runtime_LoggerStopMode_isTimestampEnabled__C
0000afbe   xdc_runtime_Core_Module__id__C
0000afc0   xdc_runtime_Error_Module__loggerDefined__C
0000afc2   xdc_runtime_Error_maxDepth__C
0000afc4   xdc_runtime_Main_Module__id__C
0000afc6   xdc_runtime_Main_Module__loggerDefined__C
0000afc8   xdc_runtime_Memory_Module__id__C
0000afca   xdc_runtime_SysMin_flushAtExit__C
0000afcc   xdc_runtime_Text_charCnt__C
0000afce   xdc_runtime_Text_isLoaded__C
0000afd0   xdc_runtime_Text_registryModsLastId__C
0000afd2   xdc_runtime_Text_unnamedModsLastId__C
0000b540   __TI_Handler_Table_Base
0000b54c   __TI_Handler_Table_Limit
0000b560   __TI_CINIT_Base
0000b578   __TI_CINIT_Limit
20000000   ti_sysbios_family_arm_m3_Hwi_ramVectors
20000360   ti_sysbios_knl_Task_Instance_State_0_stack__A
20000b60   ti_sysbios_knl_Task_Instance_State_1_stack__A
20001360   ti_sysbios_heaps_HeapMem_Instance_State_0_buf__A
20002360   ti_uia_runtime_LoggerStopMode_Instance_State_1_bufferArray__A
200027e0   ti_uia_runtime_LoggerStopMode_Instance_State_2_bufferArray__A
20002c60   uartTivaObjects
200030a0   xdc_runtime_SysMin_Module_State_0_outbuf__A
200034a0   ti_uia_runtime_LoggerStopMode_Instance_State_0_bufferArray__A
20003720   __CIOBUF_
20003848   ti_sysbios_knl_Task_Instance_State_0_hookEnv__A
20003850   ti_sysbios_knl_Task_Instance_State_1_hookEnv__A
20003858   __stack
20003958   __STACK_TOP
20004858   __STACK_END
20004858   ti_sysbios_family_arm_m3_Hwi_Module_State_0_dispatchTable__A
20004bb8   ti_sysbios_BIOS_Module__state__V
20004bd8   ti_sysbios_family_arm_lm4_Timer_Module__root__V
20004be0   ti_sysbios_family_arm_lm4_Timer_Module_State_0_handles__A
20004bf8   ti_sysbios_family_arm_lm4_Timer_Module__state__V
20004c04   ti_sysbios_family_arm_lm4_TimestampProvider_Module__state__V
20004c0c   ti_sysbios_family_arm_m3_Hwi_Module__root__V
20004c14   ti_sysbios_family_arm_m3_Hwi_Module_State_0_excActive__A
20004c18   ti_sysbios_family_arm_m3_Hwi_Module_State_0_excContext__A
20004c1c   ti_sysbios_family_arm_m3_Hwi_Module_State_0_excStack__A
20004c20   ti_sysbios_gates_GateHwi_Module__root__V
20004c28   ti_sysbios_gates_GateHwi_Object__table__V
20004c2c   ti_sysbios_gates_GateMutex_Module__root__V
20004c34   ti_sysbios_hal_Hwi_Module__root__V
20004c3c   ti_sysbios_hal_Timer_Module__root__V
20004c44   ti_sysbios_hal_Timer_Object__table__V
20004c4c   ti_sysbios_heaps_HeapMem_Module__root__V
20004c54   ti_sysbios_heaps_HeapMem_Object__table__V
20004c6c   ti_sysbios_io_DEV_Module__root__V
20004c74   ti_sysbios_io_DEV_Module_State_0_table__A
20004c94   ti_sysbios_io_DEV_Module__state__V
20004c98   ti_sysbios_io_GIO_Module__root__V
20004ca0   ti_sysbios_knl_Clock_Module__root__V
20004ca8   ti_sysbios_knl_Event_Module__root__V
20004cb4   ti_sysbios_knl_Queue_Module__root__V
20004cbc   ti_sysbios_knl_Semaphore_Module__root__V
20004cc8   ti_sysbios_knl_Swi_Module__root__V
20004cd0   ti_sysbios_knl_Swi_Module__state__V
20004cec   ti_sysbios_knl_Task_Module__root__V
20004cf8   ti_sysbios_knl_Task_Module_State_0_idleTask__A
20004cfc   ti_sysbios_utils_Load_Module__root__V
20004d00   ti_sysbios_utils_Load_Module_State_0_taskStartTime__A
20004d04   ti_sysbios_utils_Load_Module_State_0_runningTask__A
20004d08   ti_sysbios_xdcruntime_SemThreadSupport_Module__root__V
20004d10   ti_uia_runtime_LogSync_Module__root__V
20004d18   ti_uia_runtime_LogSync_Module__state__V
20004d24   ti_uia_runtime_LoggerStopMode_Module__root__V
20004d2c   ti_uia_runtime_LoggerStopMode_Module__state__V
20004d34   ti_uia_runtime_QueueDescriptor_Module__state__V
20004d40   xdc_runtime_Error_Module__state__V
20004d42   xdc_runtime_Main_Module__root__V
20004d44   xdc_runtime_Memory_Module__state__V
20004d48   xdc_runtime_Registry_Module__state__V
20004d50   xdc_runtime_Startup_Module__state__V
20004d58   xdc_runtime_SysMin_Module__state__V
20004d64   xdc_runtime_System_Module_State_0_atexitHandlers__A
20004d84   xdc_runtime_System_Module__state__V
20004d90   xdc_runtime_Text_Module__state__V
20004d98   xdc_runtime_knl_SemThread_Module__root__V
20004da0   xdc_runtime_knl_SyncNull_Module__root__V
20004da8   xdc_runtime_knl_SyncSemThread_Module__root__V
20004db0   __xdc__init__addr
20004db4   ti_uia_runtime_LoggerStopMode_Object__table__V
20004ebc   ti_sysbios_knl_Task_Object__table__V
20004f0c   TSK_idle
20004f5c   ti_sysbios_utils_Load_Module__state__V
20004ff4   ti_sysbios_knl_Swi_Module_State_0_readyQ__A
20005074   ti_sysbios_knl_Task_Module_State_0_readyQ__A
200050f4   ti_sysbios_family_arm_lm4_Timer_Object__table__V
20005164   ti_sysbios_family_arm_m3_Hwi_Module__state__V
200051c0   ti_sysbios_knl_Task_Module__state__V
20005204   ti_sysbios_gates_GateMutex_Object__table__V
2000523c   ti_sysbios_utils_Load_Module_State_0_taskEnv__A
20005274   ti_sysbios_family_arm_lm4_Timer_Module_State_0_device__A
200052a4   ti_sysbios_family_arm_m3_Hwi_Object__table__V
200052d4   ti_sysbios_knl_Swi_Object__table__V
20005304   ti_sysbios_knl_Clock_Module__state__V
20005334   _lock
20005338   _unlock
2000533c   __TI_cleanup_ptr
20005340   __TI_dtors_ptr
20005344   ti_uia_runtime_QueueDescriptor_gPtrToFirstDescriptor
20005348   ti_uia_runtime_QueueDescriptor_gUpdateCount
20005350   main_func_sp
e000e000   ti_sysbios_family_arm_m3_Hwi_nvic
ffffffff   __binit__
ffffffff   __c_args__
ffffffff   binit
UNDEFED    SHT$$INIT_ARRAY$$Base
UNDEFED    SHT$$INIT_ARRAY$$Limit

[806 symbols]
