******************************************************************************
                  TI ARM Linker PC v5.1.1                      
******************************************************************************
>> Linked Fri Apr 18 05:05:59 2014

OUTPUT FILE NAME:   <rover.out>
ENTRY POINT SYMBOL: "_c_int00"  address: 0000687d


MEMORY CONFIGURATION

         name            origin    length      used     unused   attr    fill
----------------------  --------  ---------  --------  --------  ----  --------
  FLASH                 00000000   00040000  0000b8ae  00034752  R  X
  SRAM                  20000000   00008000  00005362  00002c9e  RW X


SEGMENT ALLOCATION MAP

run origin  load origin   length   init length attrs members
----------  ----------- ---------- ----------- ----- -------
00000000    00000000    0000b8b0   0000b8b0    r-x
  00000000    00000000    00000360   00000360    r-- .resetVecs
  00000360    00000360    000080e8   000080e8    r-x .text
  00008448    00008448    00002ec6   00002ec6    r-- .const
  0000b310    0000b310    000005a0   000005a0    r-- .cinit
20000000    20000000    00005364   00000000    rw-
  20000000    20000000    00000360   00000000    rw- .vecs
  20000360    20000360    000034fa   00000000    rw- .bss
  2000385c    2000385c    00001000   00000000    rw- .stack
  2000485c    2000485c    00000b08   00000000    rw- .data


SECTION ALLOCATION MAP

 output                                  attributes/
section   page    origin      length       input sections
--------  ----  ----------  ----------   ----------------
.bootVecs 
*          0    00000000    00000008     DSECT
                  00000000    00000008     boot.aem4f : boot.oem4f (.bootVecs)

.resetVecs 
*          0    00000000    00000360     
                  00000000    00000360     main_pem4f.oem4f (.resetVecs)

xdc.meta   0    00000000    000000f5     COPY SECTION
                  00000000    000000f5     main_pem4f.oem4f (xdc.meta)

.text      0    00000360    000080e8     
                  00000360    00000424     sysbios.aem4f : BIOS.obj (.text:ti_sysbios_family_arm_m3_Hwi_excDumpRegs__I)
                  00000784    00000344     ti.targets.arm.rtsarm.aem4f : System.oem4f (.text:xdc_runtime_System_doPrint__I)
                  00000ac8    000002e0     sysbios.aem4f : BIOS.obj (.text:ti_sysbios_knl_Semaphore_pend__E)
                  00000da8    000002d4     rtsv7M4_T_le_v4SPD16_eabi.lib : trgdrv.obj (.text)
                  0000107c    000002c8     uart_tivaware.aem4f : UARTTiva.oem4f (.text:UARTTiva_open)
                  00001344    00000248     sysbios.aem4f : BIOS.obj (.text:ti_sysbios_heaps_HeapMem_free__E)
                  0000158c    00000234                   : BIOS.obj (.text:ti_sysbios_heaps_HeapMem_alloc__E)
                  000017c0    00000230                   : BIOS.obj (.text:ti_sysbios_family_arm_lm4_Timer_start__E)
                  000019f0    00000210                   : BIOS.obj (.text:ti_sysbios_family_arm_m3_Hwi_excHandlerMax__I)
                  00001c00    00000204     uart_tivaware.aem4f : UARTTiva.oem4f (.text:UARTTiva_write)
                  00001e04    000001f8                         : UARTTiva.oem4f (.text:UARTTiva_read)
                  00001ffc    000001cc                         : UARTTiva.oem4f (.text:UARTTiva_hwiIntFxn)
                  000021c8    000001a0     ti.uia.runtime.aem4f : LoggerStopMode.oem4f (.text:ti_uia_runtime_LoggerStopMode_write8__E)
                  00002368    0000016c     uart_tivaware.aem4f : UARTTiva.oem4f (.text:writeData)
                  000024d4    00000168                         : UARTTiva.oem4f (.text:UARTTiva_readPolling)
                  0000263c    00000168     sysbios.aem4f : BIOS.obj (.text:ti_sysbios_family_arm_m3_Hwi_excBusFault__I)
                  000027a4    00000160     uart_tivaware.aem4f : UARTTiva.oem4f (.text:readData)
                  00002904    0000015c                         : UARTTiva.oem4f (.text:UARTTiva_writePolling)
                  00002a60    0000015c     ti.uia.runtime.aem4f : LoggerStopMode.oem4f (.text:ti_uia_runtime_LoggerStopMode_writeMemoryRange__E)
                  00002bbc    00000154     sysbios.aem4f : BIOS.obj (.text:ti_sysbios_family_arm_m3_Hwi_excUsageFault__I)
                  00002d10    00000144                   : BIOS.obj (.text:ti_sysbios_knl_Semaphore_post__E)
                  00002e54    00000140                   : BIOS.obj (.text:ti_sysbios_family_arm_m3_Hwi_dispatchC__I)
                  00002f94    00000140                   : BIOS.obj (.text:ti_sysbios_family_arm_m3_Hwi_excMemFault__I)
                  000030d4    0000013c     ti.uia.runtime.aem4f : LoggerStopMode.oem4f (.text:ti_uia_runtime_LoggerStopMode_write4__E)
                  00003210    0000013c     ti.targets.arm.rtsarm.aem4f : Error.oem4f (.text:xdc_runtime_Error_raiseX__F)
                  0000334c    00000138     sysbios.aem4f : BIOS.obj (.text:ti_sysbios_heaps_HeapMem_Instance_init__F)
                  00003484    00000138                   : BIOS.obj (.text:ti_sysbios_utils_Load_logLoads__I)
                  000035bc    00000134                   : m3_Hwi_asm.obj (.text:ti_sysbios_family_arm_m3_Hwi_dispatch__I)
                  000036f0    00000130     driverlib.lib : gpio.obj (.text:GPIOPadConfigSet)
                  00003820    00000130     sysbios.aem4f : BIOS.obj (.text:ti_sysbios_utils_Load_updateThreadContexts__E)
                  00003950    0000012c                   : BIOS.obj (.text:ti_sysbios_family_arm_lm4_TimestampProvider_get64__E)
                  00003a7c    0000012c                   : BIOS.obj (.text:ti_sysbios_knl_Clock_workFunc__E)
                  00003ba8    0000012c                   : BIOS.obj (.text:ti_sysbios_knl_Task_exit__E)
                  00003cd4    00000124     EK_LM4F120XL.obj (.text:EK_LM4F120XL_initUART)
                  00003df8    00000120     sysbios.aem4f : BIOS.obj (.text:ti_sysbios_knl_Swi_run__I)
                  00003f18    0000010c     Boot.aem4f : Boot_sysctl.oem4f (.text:ti_catalog_arm_cortexm4_tiva_ce_Boot_sysCtlClockSetI__I)
                  00004024    00000104     ti.targets.arm.rtsarm.aem4f : Core-mem.oem4f (.text:xdc_runtime_Core_createObject__I)
                  00004128    00000104     main_pem4f.oem4f (.text:xdc_runtime_System_printfExtend__I)
                  0000422c    000000fc     sysbios.aem4f : BIOS.obj (.text:ti_sysbios_knl_Task_schedule__I)
                  00004328    000000f8                   : BIOS.obj (.text:ti_sysbios_knl_Task_startCore__E)
                  00004420    000000f8     ti.targets.arm.rtsarm.aem4f : Startup.oem4f (.text:xdc_runtime_Startup_startMods__I)
                  00004518    000000f6     main.obj (.text:tcp_connection)
                  0000460e    00000002     sysbios.aem4f : BIOS.obj (.text:ti_sysbios_BIOS_nullFunc__I)
                  00004610    000000f4     rtsv7M4_T_le_v4SPD16_eabi.lib : dtor_list.obj (.text)
                  00004704    000000f4     sysbios.aem4f : BIOS.obj (.text:ti_sysbios_knl_Task_postInit__I)
                  000047f8    000000e8     gpio_tivaware.aem4f : GPIO.oem4f (.text:GPIO_write)
                  000048e0    000000e8     sysbios.aem4f : BIOS.obj (.text:ti_sysbios_family_arm_m3_Hwi_initNVIC__E)
                  000049c8    000000e8                   : BIOS.obj (.text:ti_sysbios_io_DEV_postInit__I)
                  00004ab0    000000c8     driverlib.lib : sysctl.obj (.text:SysCtlClockGet)
                  00004b78    000000c0     uart_tivaware.aem4f : UARTTiva.oem4f (.text:UARTTiva_writeCancel)
                  00004c38    000000bc                         : UARTTiva.oem4f (.text:UARTTiva_readCancel)
                  00004cf4    000000bc     sysbios.aem4f : BIOS.obj (.text:ti_sysbios_knl_Task_unblockI__E)
                  00004db0    000000b8                   : BIOS.obj (.text:ti_sysbios_family_arm_lm4_TimestampProvider_get32__E)
                  00004e68    000000b4                   : BIOS.obj (.text:ti_sysbios_family_arm_m3_Hwi_excHardFault__I)
                  00004f1c    000000b4                   : BIOS.obj (.text:ti_sysbios_gates_GateMutex_enter__E)
                  00004fd0    000000b4                   : BIOS.obj (.text:ti_sysbios_knl_Task_checkStacks__E)
                  00005084    000000b0                   : BIOS.obj (.text:ti_sysbios_family_arm_m3_Hwi_excDebugMon__I)
                  00005134    000000b0                   : BIOS.obj (.text:ti_sysbios_utils_Load_idleFxn__E)
                  000051e4    000000b0                   : BIOS.obj (.text:ti_sysbios_utils_Load_updateLoads__E)
                  00005294    000000ac                   : BIOS.obj (.text:ti_sysbios_family_arm_lm4_Timer_enableTiva__I)
                  00005340    000000a8                   : BIOS.obj (.text:ti_sysbios_knl_Semaphore_Instance_init__F)
                  000053e8    000000a8                   : BIOS.obj (.text:ti_sysbios_knl_Swi_post__E)
                  00005490    000000a8                   : BIOS.obj (.text:ti_sysbios_knl_Task_blockI__E)
                  00005538    000000a4                   : BIOS.obj (.text:ti_sysbios_family_arm_lm4_Timer_enableTimers__I)
                  000055dc    000000a4                   : BIOS.obj (.text:ti_sysbios_family_arm_m3_Hwi_Module_startup__F)
                  00005680    000000a0     uart_tivaware.aem4f : UARTTiva.oem4f (.text:UARTTiva_close)
                  00005720    000000a0     auto_init.aem4f : auto_init.oem4f (.text)
                  000057c0    0000009c     rtsv7M4_T_le_v4SPD16_eabi.lib : memcpy_t2.obj (.text)
                  0000585c    0000009a     ti.targets.arm.rtsarm.aem4f : Text.oem4f (.text:xdc_runtime_Text_putSite__F)
                  000058f6    00000002     sysbios.aem4f : BIOS.obj (.text:ti_sysbios_gates_GateHwi_Instance_init__F)
                  000058f8    00000094     Boot.aem4f : Boot.oem4f (.text:ti_catalog_arm_cortexm4_tiva_ce_Boot_sysCtlClockSet__E)
                  0000598c    00000094     ti.targets.arm.rtsarm.aem4f : Text.oem4f (.text:xdc_runtime_Text_putMod__F)
                  00005a20    00000090     sysbios.aem4f : BIOS.obj (.text:ti_sysbios_family_arm_m3_Hwi_Instance_init__F)
                  00005ab0    0000008c                   : m3_TaskSupport_asm.obj (.text:ti_sysbios_family_arm_m3_TaskSupport_buildTaskStack)
                  00005b3c    0000008c                   : BIOS.obj (.text:ti_sysbios_knl_Mailbox_Module_startup__F)
                  00005bc8    00000088     EK_LM4F120XL.obj (.text:EK_LM4F120XL_initGPIO)
                  00005c50    00000088     sysbios.aem4f : BIOS.obj (.text:ti_sysbios_utils_Load_addTask__E)
                  00005cd8    00000085     main.obj (.text:mux_1)
                  00005d5d    00000001     --HOLE-- [fill = 0]
                  00005d5e    00000002     main_pem4f.oem4f (.text:xdc_runtime_Startup_reset__I)
                  00005d60    00000084     ti.uia.runtime.aem4f : LoggerStopMode.oem4f (.text:ti_uia_runtime_LoggerStopMode_setFilterLevel__E)
                  00005de4    00000080     main.obj (.text:mux_2)
                  00005e64    00000080     sysbios.aem4f : BIOS.obj (.text:ti_sysbios_knl_Task_Module_startup__F)
                  00005ee4    0000007e     ti.uia.runtime.aem4f : LoggerStopMode.oem4f (.text:ti_uia_runtime_LoggerStopMode_getContents__E)
                  00005f62    00000078     rtsv7M4_T_le_v4SPD16_eabi.lib : memset_t2.obj (.text)
                  00005fda    00000002     --HOLE-- [fill = 0]
                  00005fdc    00000078     sysbios.aem4f : BIOS.obj (.text:ti_sysbios_utils_Load_updateCurrentThreadTime__E)
                  00006054    00000074                   : BIOS.obj (.text:ti_sysbios_family_arm_lm4_Timer_isrStub__E)
                  000060c8    00000070     main_pem4f.oem4f (.text:ti_sysbios_family_arm_m3_Hwi_Object__create__S)
                  00006138    00000070     sysbios.aem4f : BIOS.obj (.text:ti_sysbios_family_arm_m3_Hwi_reconfig__E)
                  000061a8    00000070                   : BIOS.obj (.text:ti_sysbios_utils_Load_taskDeleteHook__E)
                  00006218    00000070     ti.uia.runtime.aem4f : LoggerStopMode.oem4f (.text:ti_uia_runtime_LoggerStopMode_getFilterLevel__E)
                  00006288    00000070                          : LoggerStopMode.oem4f (.text:ti_uia_runtime_LoggerStopMode_writeBlockOfMemory__I)
                  000062f8    00000070                          : QueueDescriptor.oem4f (.text:ti_uia_runtime_QueueDescriptor_addToList__E)
                  00006368    00000070     ti.targets.arm.rtsarm.aem4f : Memory.oem4f (.text:xdc_runtime_Memory_alloc__F)
                  000063d8    0000006c     sysbios.aem4f : BIOS.obj (.text:ti_sysbios_utils_Load_taskCreateHook__E)
                  00006444    0000006c     ti.targets.arm.rtsarm.aem4f : Error.oem4f (.text:xdc_runtime_Error_print__F)
                  000064b0    00000068     sysbios.aem4f : BIOS.obj (.text:ti_sysbios_BIOS_rtsUnlock__I)
                  00006518    00000066     ti.targets.arm.rtsarm.aem4f : Core-mem.oem4f (.text:xdc_runtime_Core_deleteObject__I)
                  0000657e    00000002     --HOLE-- [fill = 0]
                  00006580    00000064     sysbios.aem4f : BIOS.obj (.text:ti_sysbios_knl_Clock_logTick__E)
                  000065e4    00000064                   : BIOS.obj (.text:ti_sysbios_utils_Load_logCPULoad__I)
                  00006648    00000060     rtsv7M4_T_le_v4SPD16_eabi.lib : trgmsg.obj (.text)
                  000066a8    00000060     main_pem4f.oem4f (.text:ti_uia_runtime_LoggerStopMode_Object__create__S)
                  00006708    0000005e     rtsv7M4_T_le_v4SPD16_eabi.lib : copy_decompress_rle.obj (.text)
                  00006766    00000002     --HOLE-- [fill = 0]
                  00006768    0000005c     sysbios.aem4f : BIOS.obj (.text:ti_sysbios_family_arm_lm4_Timer_Module_startup__F)
                  000067c4    0000005b     ti.targets.arm.rtsarm.aem4f : Text.oem4f (.text:xdc_runtime_Text_putLab__F)
                  0000681f    00000001     --HOLE-- [fill = 0]
                  00006820    0000005a     ti.uia.runtime.aem4f : LoggerStopMode.oem4f (.text:ti_uia_runtime_LoggerStopMode_readBlockOfMemory__I)
                  0000687a    00000002     --HOLE-- [fill = 0]
                  0000687c    00000058     boot.aem4f : boot.oem4f (.text)
                  000068d4    00000058     sysbios.aem4f : BIOS.obj (.text:ti_sysbios_knl_Swi_restoreHwi__E)
                  0000692c    00000058                   : BIOS.obj (.text:ti_sysbios_knl_Swi_schedule__I)
                  00006984    00000054     ti.uia.runtime.aem4f : QueueDescriptor.oem4f (.text:ti_uia_runtime_QueueDescriptor_removeFromList__E)
                  000069d8    00000053     main.obj (.text:init_uart)
                  00006a2b    00000001     --HOLE-- [fill = 0]
                  00006a2c    00000050     sysbios.aem4f : BIOS.obj (.text:ti_sysbios_utils_Load_taskSwitchHook__E)
                  00006a7c    00000050     ti.targets.arm.rtsarm.aem4f : Startup.oem4f (.text:xdc_runtime_Startup_exec__F)
                  00006acc    00000050                                 : System.oem4f (.text:xdc_runtime_System_formatNum__I)
                  00006b1c    00000050                                 : Text.oem4f (.text:xdc_runtime_Text_visitRope2__I)
                  00006b6c    0000004c     sysbios.aem4f : BIOS.obj (.text:ti_sysbios_knl_Swi_runLoop__I)
                  00006bb8    00000048     driverlib.lib : gpio.obj (.text:GPIOPinConfigure)
                  00006c00    00000048     uart_tivaware.aem4f : UART.oem4f (.text:UART_open)
                  00006c48    00000048     sysbios.aem4f : BIOS.obj (.text:ti_sysbios_BIOS_errorRaiseHook__I)
                  00006c90    00000048                   : BIOS.obj (.text:ti_sysbios_family_arm_m3_Hwi_excReserved__I)
                  00006cd8    00000048                   : BIOS.obj (.text:ti_sysbios_heaps_HeapMem_getStats__E)
                  00006d20    00000048     ti.targets.arm.rtsarm.aem4f : Assert.oem4f (.text:xdc_runtime_Assert_raise__I)
                  00006d68    00000048                                 : Core-params.oem4f (.text:xdc_runtime_Core_assignParams__I)
                  00006db0    00000046     ti.uia.runtime.aem4f : LoggerStopMode.oem4f (.text:ti_uia_runtime_LoggerStopMode_Instance_init__F)
                  00006df6    00000002     --HOLE-- [fill = 0]
                  00006df8    00000044     rtsv7M4_T_le_v4SPD16_eabi.lib : cpy_tbl.obj (.text)
                  00006e3c    00000044                                   : exit.obj (.text)
                  00006e80    00000044     sysbios.aem4f : BIOS.obj (.text:ti_sysbios_family_arm_lm4_Timer_stop__E)
                  00006ec4    00000044                   : BIOS.obj (.text:ti_sysbios_family_arm_m3_Hwi_disableInterrupt__E)
                  00006f08    00000044                   : BIOS.obj (.text:ti_sysbios_family_arm_m3_Hwi_enableInterrupt__E)
                  00006f4c    00000044                   : BIOS.obj (.text:ti_sysbios_knl_Task_allBlockedFunction__I)
                  00006f90    00000044     ti.uia.runtime.aem4f : LoggerStopMode.oem4f (.text:ti_uia_runtime_LoggerStopMode_filterOutEvent__I)
                  00006fd4    00000044                          : LoggerStopMode.oem4f (.text:ti_uia_runtime_LoggerStopMode_reset__F)
                  00007018    00000044     ti.targets.arm.rtsarm.aem4f : SysMin.oem4f (.text:xdc_runtime_SysMin_flush__F)
                  0000705c    00000042     driverlib.lib : uart.obj (.text:UARTConfigSetExpClk)
                  0000709e    00000042     sysbios.aem4f : BIOS.obj (.text:ti_sysbios_knl_Semaphore_pendTimeout__I)
                  000070e0    00000040     EK_LM4F120XL.obj (.text:EK_LM4F120XL_initGeneral)
                  00007120    00000040     sysbios.aem4f : BIOS.obj (.text:ti_sysbios_family_arm_lm4_Timer_startup__E)
                  00007160    00000040     main_pem4f.oem4f (.text:ti_sysbios_knl_Semaphore_Object__create__S)
                  000071a0    00000040     ti.targets.arm.rtsarm.aem4f : System.oem4f (.text:xdc_runtime_System_atexit__F)
                  000071e0    0000003c     sysbios.aem4f : BIOS.obj (.text:ti_sysbios_family_arm_m3_Hwi_excSvCall__I)
                  0000721c    0000003c                   : BIOS.obj (.text:ti_sysbios_heaps_HeapMem_init__I)
                  00007258    0000003c                   : BIOS.obj (.text:ti_sysbios_knl_Swi_startup__E)
                  00007294    0000003c     ti.targets.arm.rtsarm.aem4f : Text.oem4f (.text:xdc_runtime_Text_xprintf__I)
                  000072d0    00000038     uart_tivaware.aem4f : UART.oem4f (.text:UART_init)
                  00007308    00000038     main.obj (.text:main)
                  00007340    00000038     sysbios.aem4f : BIOS.obj (.text:ti_sysbios_family_arm_m3_Hwi_excNoIsr__I)
                  00007378    00000038                   : BIOS.obj (.text:ti_sysbios_family_arm_m3_Hwi_getStackInfo__E)
                  000073b0    00000038                   : BIOS.obj (.text:ti_sysbios_family_arm_m3_TaskSupport_start__E)
                  000073e8    00000038     main_pem4f.oem4f (.text:ti_sysbios_gates_GateHwi_Object__create__S)
                  00007420    00000038     main_pem4f.oem4f (.text:ti_sysbios_gates_GateMutex_Object__create__S)
                  00007458    00000038     main_pem4f.oem4f (.text:ti_sysbios_heaps_HeapMem_Object__create__S)
                  00007490    00000038     main_pem4f.oem4f (.text:ti_sysbios_knl_Queue_Object__create__S)
                  000074c8    00000038     ti.targets.arm.rtsarm.aem4f : SysMin.oem4f (.text:xdc_runtime_SysMin_putch__F)
                  00007500    00000034     driverlib.lib : sysctl.obj (.text:SysCtlPeripheralEnable)
                  00007534    00000034     uart_tivaware.aem4f : UART.oem4f (.text:UART_Params_init)
                  00007568    00000034                         : UART.oem4f (.text:UART_read)
                  0000759c    00000034                         : UART.oem4f (.text:UART_write)
                  000075d0    00000034     main.obj (.text:init_mux_pins)
                  00007604    00000034     sysbios.aem4f : BIOS.obj (.text:ti_sysbios_family_arm_m3_Hwi_excNmi__I)
                  00007638    00000034                   : BIOS.obj (.text:ti_sysbios_hal_Hwi_checkStack:ti_sysbios_hal_Hwi_checkStack)
                  0000766c    00000030     main_pem4f.oem4f (.text:ti_sysbios_BIOS_exitFunc__I)
                  0000769c    00000030     sysbios.aem4f : BIOS.obj (.text:ti_sysbios_knl_Idle_run__E)
                  000076cc    00000030     ti.targets.arm.rtsarm.aem4f : Core-label.oem4f (.text:xdc_runtime_Core_assignLabel__I)
                  000076fc    00000030                                 : SysMin.oem4f (.text:xdc_runtime_SysMin_abort__F)
                  0000772c    0000002f                                 : Text.oem4f (.text:xdc_runtime_Text_printVisFxn__I)
                  0000775b    00000001     --HOLE-- [fill = 0]
                  0000775c    0000002e     main_pem4f.oem4f (.text:malloc)
                  0000778a    0000002c     sysbios.aem4f : BIOS.obj (.text:ti_sysbios_hal_Hwi_initStack:ti_sysbios_hal_Hwi_initStack)
                  000077b6    00000002     --HOLE-- [fill = 0]
                  000077b8    0000002c                   : BIOS.obj (.text:ti_sysbios_io_DEV_Module_startup__F)
                  000077e4    0000002c     main_pem4f.oem4f (.text:ti_sysbios_knl_Clock_doTick__I)
                  00007810    0000002c     sysbios.aem4f : BIOS.obj (.text:ti_sysbios_knl_Task_restore__E)
                  0000783c    0000002c     ti.uia.runtime.aem4f : LoggerStopMode.oem4f (.text:ti_uia_runtime_LoggerStopMode_Module_startup__F)
                  00007868    0000002c                          : LoggerStopMode.oem4f (.text:ti_uia_runtime_LoggerStopMode_disable__E)
                  00007894    0000002c                          : LoggerStopMode.oem4f (.text:ti_uia_runtime_LoggerStopMode_enable__E)
                  000078c0    0000002c     ti.targets.arm.rtsarm.aem4f : System.oem4f (.text:xdc_runtime_System_rtsExit__I)
                  000078ec    0000002c                                 : Text.oem4f (.text:xdc_runtime_Text_cordText__F)
                  00007918    0000002a     driverlib.lib : gpio.obj (.text:GPIODirModeSet)
                  00007942    0000002a     ti.targets.arm.rtsarm.aem4f : System.oem4f (.text:xdc_runtime_System_putchar__I)
                  0000796c    00000028     sysbios.aem4f : m3_Hwi_asm_switch.obj (.text:ti_sysbios_family_arm_m3_Hwi_initStacks__E)
                  00007994    00000028                   : BIOS.obj (.text:ti_sysbios_gates_GateMutex_Instance_init__F)
                  000079bc    00000028     ti.uia.runtime.aem4f : LogSync.oem4f (.text:ti_uia_runtime_LogSync_Module_startup__F)
                  000079e4    00000028                          : QueueDescriptor.oem4f (.text:ti_uia_runtime_QueueDescriptor_initHeader__E)
                  00007a0c    00000026     ti.targets.arm.rtsarm.aem4f : System.oem4f (.text:xdc_runtime_System_avprintf__F)
                  00007a32    00000002     --HOLE-- [fill = 0]
                  00007a34    00000024     gpio_tivaware.aem4f : GPIO.oem4f (.text:GPIO_init)
                  00007a58    00000024     sysbios.aem4f : BIOS.obj (.text:ti_sysbios_BIOS_registerRTSLock__I)
                  00007a7c    00000024     main_pem4f.oem4f (.text:ti_sysbios_BIOS_startFunc__I)
                  00007aa0    00000024     sysbios.aem4f : BIOS.obj (.text:ti_sysbios_family_arm_m3_Hwi_Instance_finalize__F)
                  00007ac4    00000024                   : BIOS.obj (.text:ti_sysbios_family_arm_m3_Hwi_doTaskRestore__I)
                  00007ae8    00000024     main_pem4f.oem4f (.text:ti_sysbios_gates_GateMutex_Object__delete__S)
                  00007b0c    00000024     sysbios.aem4f : BIOS.obj (.text:ti_sysbios_knl_Clock_Module_startup__F)
                  00007b30    00000024                   : BIOS.obj (.text:ti_sysbios_knl_Swi_Module_startup__F)
                  00007b54    00000024     ti.uia.runtime.aem4f : LoggerStopMode.oem4f (.text:ti_uia_runtime_LoggerStopMode_Instance_finalize__F)
                  00007b78    00000024     ti.targets.arm.rtsarm.aem4f : System.oem4f (.text:xdc_runtime_System_vprintf__F)
                  00007b9c    00000022     main_pem4f.oem4f (.text:xdc_runtime_SysMin_output__I)
                  00007bbe    00000020     sysbios.aem4f : m3_Hwi_asm_switch.obj (.text:ti_sysbios_family_xxx_Hwi_switchAndRunFunc)
                  00007bde    00000002     --HOLE-- [fill = 0]
                  00007be0    00000020     main_pem4f.oem4f (.text:ti_sysbios_gates_GateHwi_Object__delete__S)
                  00007c00    00000020     main_pem4f.oem4f (.text:ti_sysbios_heaps_HeapMem_Object__delete__S)
                  00007c20    00000020     main_pem4f.oem4f (.text:ti_sysbios_knl_Semaphore_Object__destruct__S)
                  00007c40    00000020     sysbios.aem4f : BIOS.obj (.text:ti_sysbios_knl_Task_enter__I)
                  00007c60    00000020     main_pem4f.oem4f (.text:ti_uia_runtime_LoggerStopMode_Object__delete__S)
                  00007c80    00000020     ti.targets.arm.rtsarm.aem4f : Registry.oem4f (.text:xdc_runtime_Registry_findById__F)
                  00007ca0    00000020                                 : SysMin.oem4f (.text:xdc_runtime_SysMin_Module_startup__F)
                  00007cc0    0000001c     driverlib.lib : uart.obj (.text:UARTDisable)
                  00007cdc    0000001c     sysbios.aem4f : BIOS.obj (.text:ti_sysbios_BIOS_rtsLock__I)
                  00007cf8    0000001c     main_pem4f.oem4f (.text:ti_sysbios_family_arm_m3_Hwi_Object__destruct__S)
                  00007d14    0000001c     main_pem4f.oem4f (.text:ti_sysbios_knl_Queue_Object__destruct__S)
                  00007d30    0000001c     ti.targets.arm.rtsarm.aem4f : Error.oem4f (.text:xdc_runtime_Error_check__F)
                  00007d4c    0000001c                                 : Memory.oem4f (.text:xdc_runtime_Memory_valloc__F)
                  00007d68    0000001c                                 : SysMin.oem4f (.text:xdc_runtime_SysMin_exit__F)
                  00007d84    0000001a     main_pem4f.oem4f (.text:ti_sysbios_family_arm_m3_Hwi_Handle__label__S)
                  00007d9e    0000001a     main_pem4f.oem4f (.text:ti_sysbios_gates_GateHwi_Handle__label__S)
                  00007db8    0000001a     main_pem4f.oem4f (.text:ti_sysbios_gates_GateMutex_Handle__label__S)
                  00007dd2    0000001a     main_pem4f.oem4f (.text:ti_sysbios_heaps_HeapMem_Handle__label__S)
                  00007dec    0000001a     main_pem4f.oem4f (.text:ti_sysbios_knl_Swi_Handle__label__S)
                  00007e06    0000001a     main_pem4f.oem4f (.text:ti_sysbios_knl_Task_Handle__label__S)
                  00007e20    0000001a     main_pem4f.oem4f (.text:ti_uia_runtime_LoggerStopMode_Handle__label__S)
                  00007e3a    0000001a     main_pem4f.oem4f (.text:xdc_runtime_System_aprintf__E)
                  00007e54    0000001a     main_pem4f.oem4f (.text:xdc_runtime_System_printf__E)
                  00007e6e    00000018     driverlib.lib : gpio.obj (.text:GPIOPinTypeGPIOOutput)
                  00007e86    00000018     main_pem4f.oem4f (.text:free)
                  00007e9e    00000002     --HOLE-- [fill = 0]
                  00007ea0    00000018     rtsv7M4_T_le_v4SPD16_eabi.lib : args_main.obj (.text)
                  00007eb8    00000018     main_pem4f.oem4f (.text:ti_sysbios_family_arm_lm4_Timer_Module__startupDone__F)
                  00007ed0    00000018     main_pem4f.oem4f (.text:ti_sysbios_family_arm_m3_Hwi_Module__startupDone__F)
                  00007ee8    00000018     sysbios.aem4f : m3_TaskSupport_asm.obj (.text:ti_sysbios_family_arm_m3_TaskSupport_swap__E)
                  00007f00    00000018                   : BIOS.obj (.text:ti_sysbios_gates_GateMutex_leave__E)
                  00007f18    00000018     main_pem4f.oem4f (.text:ti_sysbios_hal_Timer_Module__startupDone__F)
                  00007f30    00000018     ti.targets.arm.rtsarm.aem4f : Text.oem4f (.text:xdc_runtime_Text_ropeText__F)
                  00007f48    00000016     ti.uia.runtime.aem4f : LoggerStopMode.oem4f (.text:ti_uia_runtime_LoggerStopMode_getFreeSize__E)
                  00007f5e    00000016                          : LoggerStopMode.oem4f (.text:ti_uia_runtime_LoggerStopMode_getUnreadSize__E)
                  00007f74    00000014     driverlib.lib : uart.obj (.text:UARTEnable)
                  00007f88    00000014     rtsv7M4_T_le_v4SPD16_eabi.lib : _lock.obj (.text)
                  00007f9c    00000014                                   : strlen.obj (.text)
                  00007fb0    00000014     sysbios.aem4f : BIOS.obj (.text:ti_sysbios_family_arm_m3_Hwi_switchFromBootStack__E)
                  00007fc4    00000014     main_pem4f.oem4f (.text:ti_sysbios_heaps_HeapMem_Object__get__S)
                  00007fd8    00000014     main_pem4f.oem4f (.text:ti_sysbios_knl_Swi_Object__get__S)
                  00007fec    00000014     main_pem4f.oem4f (.text:ti_sysbios_knl_Task_Object__get__S)
                  00008000    00000014     ti.targets.arm.rtsarm.aem4f : System.oem4f (.text:xdc_runtime_System_abort__F)
                  00008014    00000012     driverlib.lib : gpio.obj (.text:GPIOPinTypeGPIOInput)
                  00008026    00000012                   : gpio.obj (.text:GPIOPinTypeUART)
                  00008038    00000012     rtsv7M4_T_le_v4SPD16_eabi.lib : copy_zero_init.obj (.text:decompress:ZI)
                  0000804a    00000012     sysbios.aem4f : BIOS.obj (.text:ti_sysbios_hal_Hwi_Module_startup__F)
                  0000805c    00000012                   : BIOS.obj (.text:ti_sysbios_hal_Timer_Module_startup__F)
                  0000806e    00000012     ti.uia.runtime.aem4f : LoggerStopMode.oem4f (.text:ti_uia_runtime_LoggerStopMode_write1__E)
                  00008080    00000012                          : LoggerStopMode.oem4f (.text:ti_uia_runtime_LoggerStopMode_write2__E)
                  00008092    00000012     main_pem4f.oem4f (.text:xdc_runtime_Startup_exec__I)
                  000080a4    00000010     rtsv7M4_T_le_v4SPD16_eabi.lib : strcpy.obj (.text)
                  000080b4    00000010     sysbios.aem4f : BIOS.obj (.text:ti_sysbios_BIOS_getCpuFreq__E)
                  000080c4    00000010                   : BIOS.obj (.text:ti_sysbios_BIOS_setThreadType__E)
                  000080d4    00000010                   : BIOS.obj (.text:ti_sysbios_BIOS_start__E)
                  000080e4    00000010                   : BIOS.obj (.text:ti_sysbios_family_arm_lm4_TimestampProvider_rolloverFunc__E)
                  000080f4    00000010                   : BIOS.obj (.text:ti_sysbios_family_arm_m3_Hwi_excHandler__I)
                  00008104    00000010                   : m3_TaskSupport_asm.obj (.text:ti_sysbios_family_arm_m3_TaskSupport_glue)
                  00008114    00000010                   : m3_Hwi_asm_switch.obj (.text:ti_sysbios_family_xxx_Hwi_switchToIsrStack)
                  00008124    00000010                   : BIOS.obj (.text:ti_sysbios_gates_GateMutex_Instance_finalize__F)
                  00008134    00000010     main_pem4f.oem4f (.text:ti_sysbios_io_DEV_Object__get__S)
                  00008144    00000010     main_pem4f.oem4f (.text:ti_sysbios_knl_Mailbox_Object__get__S)
                  00008154    00000010     sysbios.aem4f : BIOS.obj (.text:ti_sysbios_knl_Semaphore_Instance_finalize__F)
                  00008164    00000010                   : BIOS.obj (.text:ti_sysbios_knl_Swi_disable__E)
                  00008174    00000010                   : BIOS.obj (.text:ti_sysbios_knl_Task_disable__E)
                  00008184    00000010     main_pem4f.oem4f (.text:ti_uia_runtime_LoggerStopMode_Object__get__S)
                  00008194    00000010     ti.uia.runtime.aem4f : LoggerStopMode.oem4f (.text:ti_uia_runtime_LoggerStopMode_write0__E)
                  000081a4    00000010     ti.targets.arm.rtsarm.aem4f : Gate.oem4f (.text:xdc_runtime_Gate_leaveSystem__F)
                  000081b4    00000010                                 : Memory.oem4f (.text:xdc_runtime_Memory_free__F)
                  000081c4    00000010                                 : SysMin.oem4f (.text:xdc_runtime_SysMin_ready__F)
                  000081d4    00000010                                 : System.oem4f (.text:xdc_runtime_System_vsnprintf__F)
                  000081e4    00000010     main_pem4f.oem4f (.text:xdc_runtime_Text_visitRope__I)
                  000081f4    0000000e     driverlib.lib : uart.obj (.text:UARTCharGetNonBlocking)
                  00008202    0000000e                   : uart.obj (.text:UARTCharPutNonBlocking)
                  00008210    0000000e     rtsv7M4_T_le_v4SPD16_eabi.lib : copy_decompress_none.obj (.text:decompress:none)
                  0000821e    0000000e     sysbios.aem4f : BIOS.obj (.text:ti_sysbios_knl_Queue_empty__E)
                  0000822c    0000000e     ti.uia.runtime.aem4f : LoggerStopMode.oem4f (.text:ti_uia_runtime_LoggerStopMode_isEmpty__E)
                  0000823a    00000002     --HOLE-- [fill = 0]
                  0000823c    0000000c     main_pem4f.oem4f (.text:.bootCodeSection:ti_catalog_arm_cortexm4_tiva_ce_Boot_init__I)
                  00008248    0000000c     sysbios.aem4f : BIOS.obj (.text:ti_sysbios_family_arm_lm4_Timer_masterDisable__I)
                  00008254    0000000c                   : BIOS.obj (.text:ti_sysbios_family_arm_lm4_TimestampProvider_startTimer__E)
                  00008260    0000000c     main_pem4f.oem4f (.text:ti_sysbios_family_arm_m3_Hwi_Params__init__S)
                  0000826c    0000000c     sysbios.aem4f : BIOS.obj (.text:ti_sysbios_family_arm_m3_Hwi_disableFxn__E)
                  00008278    0000000c                   : BIOS.obj (.text:ti_sysbios_family_arm_m3_TaskSupport_checkStack__E)
                  00008284    0000000c                   : m3_Hwi_asm_switch.obj (.text:ti_sysbios_family_xxx_Hwi_switchToTaskStack)
                  00008290    0000000c                   : BIOS.obj (.text:ti_sysbios_gates_GateHwi_enter__E)
                  0000829c    0000000c     main_pem4f.oem4f (.text:ti_sysbios_knl_Queue_Object__get__S)
                  000082a8    0000000c     main_pem4f.oem4f (.text:ti_sysbios_knl_Semaphore_Params__init__S)
                  000082b4    0000000c     sysbios.aem4f : BIOS.obj (.text:ti_sysbios_utils_Load_taskRegHook__E)
                  000082c0    0000000c     ti.targets.arm.rtsarm.aem4f : Error.oem4f (.text:xdc_runtime_Error_init__F)
                  000082cc    0000000c                                 : Gate.oem4f (.text:xdc_runtime_Gate_enterSystem__F)
                  000082d8    0000000c                                 : Memory.oem4f (.text:xdc_runtime_Memory_calloc__F)
                  000082e4    0000000c                                 : Memory.oem4f (.text:xdc_runtime_Memory_getMaxDefaultTypeAlign__F)
                  000082f0    0000000c                                 : System.oem4f (.text:xdc_runtime_System_exit__F)
                  000082fc    0000000c                                 : System.oem4f (.text:xdc_runtime_System_lastFxn__I)
                  00008308    0000000a     driverlib.lib : uart.obj (.text:UARTCharGet)
                  00008312    0000000a                   : uart.obj (.text:UARTCharPut)
                  0000831c    0000000a                   : uart.obj (.text:UARTIntDisable)
                  00008326    0000000a                   : uart.obj (.text:UARTIntStatus)
                  00008330    0000000a     main_pem4f.oem4f (.text:xdc_runtime_IHeap_alloc)
                  0000833a    0000000a     main_pem4f.oem4f (.text:xdc_runtime_IHeap_free)
                  00008344    00000008     driverlib.lib : uart.obj (.text:UARTIntEnable)
                  0000834c    00000008     uart_tivaware.aem4f : UARTTiva.oem4f (.text:UARTTiva_init)
                  00008354    00000008                         : UARTTiva.oem4f (.text:readSemCallback)
                  0000835c    00000008     sysbios.aem4f : BIOS.obj (.text:ti_sysbios_family_arm_m3_Hwi_doSwiRestore__I)
                  00008364    00000008                   : BIOS.obj (.text:ti_sysbios_family_arm_m3_Hwi_startup__E)
                  0000836c    00000008                   : BIOS.obj (.text:ti_sysbios_knl_Idle_loop__E)
                  00008374    00000008     uart_tivaware.aem4f : UARTTiva.oem4f (.text:writeSemCallback)
                  0000837c    00000006     driverlib.lib : gpio.obj (.text:GPIOPinWrite)
                  00008382    00000006                   : sysctl.obj (.text:SysCtlDelay)
                  00008388    00000006                   : uart.obj (.text:UARTFIFOLevelSet)
                  0000838e    00000006     ti.targets.arm.rtsarm.aem4f : xdc_noinit.oem4f (.text:__xdc__init)
                  00008394    00000006     rtsv7M4_T_le_v4SPD16_eabi.lib : copy_decompress_rle.obj (.text:decompress:rle24)
                  0000839a    00000006     Boot.aem4f : Boot_sysctl.oem4f (.text:ti_catalog_arm_cortexm4_tiva_ce_Boot_sysCtlDelayI__I)
                  000083a0    00000006     sysbios.aem4f : BIOS.obj (.text:ti_sysbios_family_arm_lm4_TimestampProvider_Module_startup__F)
                  000083a6    00000006                   : BIOS.obj (.text:ti_sysbios_family_arm_m3_Hwi_restoreFxn__E)
                  000083ac    00000006                   : BIOS.obj (.text:ti_sysbios_gates_GateHwi_leave__E)
                  000083b2    00000006                   : BIOS.obj (.text:ti_sysbios_heaps_HeapMem_isBlocking__E)
                  000083b8    00000006                   : BIOS.obj (.text:ti_sysbios_knl_Queue_Instance_init__F)
                  000083be    00000006     ti.uia.runtime.aem4f : LoggerStopMode.oem4f (.text:ti_uia_runtime_LoggerStopMode_getPriority__E)
                  000083c4    00000006                          : LoggerStopMode.oem4f (.text:ti_uia_runtime_LoggerStopMode_getTransferType__F)
                  000083ca    00000006     ti.targets.arm.rtsarm.aem4f : System.oem4f (.text:xdc_runtime_System_Module_startup__F)
                  000083d0    00000004     driverlib.lib : uart.obj (.text:UARTIntClear)
                  000083d4    00000004     main_pem4f.oem4f (.text:ti_sysbios_BIOS_RtsGateProxy_enter__E)
                  000083d8    00000004     main_pem4f.oem4f (.text:ti_sysbios_BIOS_RtsGateProxy_leave__E)
                  000083dc    00000004     sysbios.aem4f : BIOS.obj (.text:ti_sysbios_family_arm_lm4_Timer_getPeriod__E)
                  000083e0    00000004                   : BIOS.obj (.text:ti_sysbios_family_arm_lm4_Timer_masterEnable__I)
                  000083e4    00000004     main_pem4f.oem4f (.text:ti_sysbios_family_arm_m3_TaskSupport_Module__startupDone__S)
                  000083e8    00000004     sysbios.aem4f : BIOS.obj (.text:ti_sysbios_gates_GateHwi_query__F)
                  000083ec    00000004                   : BIOS.obj (.text:ti_sysbios_gates_GateMutex_query__F)
                  000083f0    00000004     main_pem4f.oem4f (.text:ti_sysbios_hal_Hwi_HwiProxy_Module__startupDone__S)
                  000083f4    00000004     main_pem4f.oem4f (.text:ti_sysbios_hal_Timer_TimerProxy_Module__startupDone__S)
                  000083f8    00000004     main_pem4f.oem4f (.text:ti_sysbios_hal_Timer_TimerProxy_getPeriod__E)
                  000083fc    00000004     main_pem4f.oem4f (.text:ti_sysbios_heaps_HeapMem_Module_GateProxy_enter__E)
                  00008400    00000004     main_pem4f.oem4f (.text:ti_sysbios_heaps_HeapMem_Module_GateProxy_leave__E)
                  00008404    00000004     main_pem4f.oem4f (.text:ti_sysbios_knl_Task_SupportProxy_Module__startupDone__S)
                  00008408    00000004     sysbios.aem4f : BIOS.obj (.text:ti_sysbios_knl_Task_startup__E)
                  0000840c    00000004     main_pem4f.oem4f (.text:ti_uia_runtime_LogSync_CpuTimestampProxy_Module__startupDone__S)
                  00008410    00000004     main_pem4f.oem4f (.text:ti_uia_runtime_LogSync_GlobalTimestampProxy_Module__startupDone__S)
                  00008414    00000004     ti.uia.runtime.aem4f : LoggerStopMode.oem4f (.text:ti_uia_runtime_LoggerStopMode_getInstanceId__E)
                  00008418    00000004                          : LoggerStopMode.oem4f (.text:ti_uia_runtime_LoggerStopMode_getMaxLength__E)
                  0000841c    00000004                          : LoggerStopMode.oem4f (.text:ti_uia_runtime_LoggerStopMode_setPriority__E)
                  00008420    00000004     ti.targets.arm.rtsarm.aem4f : Error.oem4f (.text:xdc_runtime_Error_getSite__F)
                  00008424    00000004     main_pem4f.oem4f (.text:xdc_runtime_Memory_HeapProxy_alloc__E)
                  00008428    00000004     main_pem4f.oem4f (.text:xdc_runtime_Memory_HeapProxy_free__E)
                  0000842c    00000004     main_pem4f.oem4f (.text:xdc_runtime_System_Module_GateProxy_enter__E)
                  00008430    00000004     main_pem4f.oem4f (.text:xdc_runtime_System_Module_GateProxy_leave__E)
                  00008434    00000004     ti.targets.arm.rtsarm.aem4f : System.oem4f (.text:xdc_runtime_System_aprintf_va__F)
                  00008438    00000004                                 : System.oem4f (.text:xdc_runtime_System_printf_va__F)
                  0000843c    00000004     main_pem4f.oem4f (.text:xdc_runtime_System_vsnprintf__E)
                  00008440    00000004     main_pem4f.oem4f (.text:xdc_runtime_TimestampNull_Module__startupDone__S)
                  00008444    00000004     main_pem4f.oem4f (.text:xdc_runtime_Timestamp_Module__startupDone__S)

.const     0    00008448    00002ec6     
                  00008448    000023a9     main_pem4f.oem4f (.const:xdc_runtime_Text_charTab__A)
                  0000a7f1    00000001     main_pem4f.oem4f (.const:xdc_runtime_Error_policy__C)
                  0000a7f2    00000140     main_pem4f.oem4f (.const:xdc_runtime_Text_nodeTab__A)
                  0000a932    000000d8     main_pem4f.oem4f (.const:ti_sysbios_family_arm_m3_Hwi_priorities__A)
                  0000aa0a    00000002     main_pem4f.oem4f (.const:ti_catalog_arm_cortexm4_tiva_ce_Boot_Module__id__C)
                  0000aa0c    00000090     driverlib.lib : gpio.obj (.const:g_pui32GPIOBaseAddrs)
                  0000aa9c    0000006c     EK_LM4F120XL.obj (.const:UART_config)
                  0000ab08    0000006c     driverlib.lib : sysctl.obj (.const:g_pui32Xtals)
                  0000ab74    00000060     main_pem4f.oem4f (.const:ti_uia_runtime_LoggerStopMode_Module__FXNS__C)
                  0000abd4    00000048     main_pem4f.oem4f (.const:.string)
                  0000ac1c    00000040     EK_LM4F120XL.obj (.const:uartTivaHWAttrs)
                  0000ac5c    0000003c     EK_LM4F120XL.obj (.const:gpioHWAttrs)
                  0000ac98    00000038     main_pem4f.oem4f (.const:xdc_runtime_Startup_sfxnTab__A)
                  0000acd0    00000030     main_pem4f.oem4f (.const:ti_sysbios_family_arm_m3_Hwi_Object__PARAMS__C)
                  0000ad00    00000030     main_pem4f.oem4f (.const:ti_sysbios_knl_Task_hooks__A)
                  0000ad30    00000030     main_pem4f.oem4f (.const:ti_uia_runtime_LoggerStopMode_Object__PARAMS__C)
                  0000ad60    00000028     main_pem4f.oem4f (.const:ti_sysbios_heaps_HeapMem_Module__FXNS__C)
                  0000ad88    00000024     uart_tivaware.aem4f : UARTTiva.oem4f (.const:UARTTiva_fxnTable)
                  0000adac    00000024     main_pem4f.oem4f (.const:ti_sysbios_gates_GateHwi_Module__FXNS__C)
                  0000add0    00000024     main_pem4f.oem4f (.const:ti_sysbios_gates_GateMutex_Module__FXNS__C)
                  0000adf4    00000024     main_pem4f.oem4f (.const:ti_sysbios_heaps_HeapMem_Object__PARAMS__C)
                  0000ae18    00000024     main_pem4f.oem4f (.const:ti_sysbios_knl_Semaphore_Object__PARAMS__C)
                  0000ae3c    00000020     main_pem4f.oem4f (.const:ti_sysbios_family_arm_m3_Hwi_Object__DESC__C)
                  0000ae5c    00000020     main_pem4f.oem4f (.const:ti_sysbios_gates_GateHwi_Object__DESC__C)
                  0000ae7c    00000020     main_pem4f.oem4f (.const:ti_sysbios_gates_GateMutex_Object__DESC__C)
                  0000ae9c    00000020     main_pem4f.oem4f (.const:ti_sysbios_heaps_HeapMem_Object__DESC__C)
                  0000aebc    00000020     main_pem4f.oem4f (.const:ti_sysbios_knl_Queue_Object__DESC__C)
                  0000aedc    00000020     main_pem4f.oem4f (.const:ti_sysbios_knl_Semaphore_Object__DESC__C)
                  0000aefc    00000020     main_pem4f.oem4f (.const:ti_uia_runtime_LoggerStopMode_Object__DESC__C)
                  0000af1c    00000020     uart_tivaware.aem4f : UART.oem4f (.const)
                  0000af3c    0000001c     main_pem4f.oem4f (.const:xdc_runtime_Startup_sfxnRts__A)
                  0000af58    00000018     EK_LM4F120XL.obj (.const)
                  0000af70    00000018     main_pem4f.oem4f (.const:ti_sysbios_gates_GateHwi_Object__PARAMS__C)
                  0000af88    00000018     main_pem4f.oem4f (.const:ti_sysbios_gates_GateMutex_Object__PARAMS__C)
                  0000afa0    00000018     main_pem4f.oem4f (.const:ti_sysbios_knl_Queue_Object__PARAMS__C)
                  0000afb8    00000014     main_pem4f.oem4f (.const:xdc_runtime_Startup_firstFxns__A)
                  0000afcc    00000011     ti.targets.arm.rtsarm.aem4f : System.oem4f (.const)
                  0000afdd    00000001     --HOLE-- [fill = 0]
                  0000afde    00000002     main_pem4f.oem4f (.const:ti_sysbios_BIOS_Module__id__C)
                  0000afe0    00000008     main_pem4f.oem4f (.const:ti_sysbios_family_arm_m3_Hwi_excHookFuncs__A)
                  0000afe8    00000008     main_pem4f.oem4f (.const:ti_sysbios_knl_Idle_coreList__A)
                  0000aff0    00000008     main_pem4f.oem4f (.const:ti_sysbios_knl_Idle_coreList__C)
                  0000aff8    00000008     main_pem4f.oem4f (.const:ti_sysbios_knl_Idle_funcList__A)
                  0000b000    00000008     main_pem4f.oem4f (.const:ti_sysbios_knl_Idle_funcList__C)
                  0000b008    00000008     main_pem4f.oem4f (.const:ti_sysbios_knl_Task_hooks__C)
                  0000b010    00000008     main_pem4f.oem4f (.const:xdc_runtime_Startup_firstFxns__C)
                  0000b018    00000008     main_pem4f.oem4f (.const:xdc_runtime_Startup_lastFxns__A)
                  0000b020    00000008     main_pem4f.oem4f (.const:xdc_runtime_Startup_lastFxns__C)
                  0000b028    00000004     main_pem4f.oem4f (.const:ti_catalog_arm_cortexm4_tiva_ce_Boot_A_mustUseEnhancedClockMode__C)
                  0000b02c    00000004     main_pem4f.oem4f (.const:ti_catalog_arm_cortexm4_tiva_ce_Boot_Module__diagsEnabled__C)
                  0000b030    00000004     main_pem4f.oem4f (.const:ti_catalog_arm_cortexm4_tiva_ce_Boot_Module__diagsIncluded__C)
                  0000b034    00000004     main_pem4f.oem4f (.const:ti_catalog_arm_cortexm4_tiva_ce_Boot_Module__diagsMask__C)
                  0000b038    00000004     main_pem4f.oem4f (.const:ti_sysbios_BIOS_Module__diagsEnabled__C)
                  0000b03c    00000004     main_pem4f.oem4f (.const:ti_sysbios_BIOS_Module__diagsIncluded__C)
                  0000b040    00000004     main_pem4f.oem4f (.const:ti_sysbios_BIOS_Module__diagsMask__C)
                  0000b044    00000004     main_pem4f.oem4f (.const:ti_sysbios_BIOS_installedErrorHook__C)
                  0000b048    00000004     main_pem4f.oem4f (.const:ti_sysbios_family_arm_lm4_Timer_enableFunc__C)
                  0000b04c    00000004     main_pem4f.oem4f (.const:ti_sysbios_family_arm_lm4_Timer_numTimerDevices__C)
                  0000b050    00000004     main_pem4f.oem4f (.const:ti_sysbios_family_arm_lm4_Timer_startupNeeded__C)
                  0000b054    00000004     main_pem4f.oem4f (.const:ti_sysbios_family_arm_m3_Hwi_E_NMI__C)
                  0000b058    00000004     main_pem4f.oem4f (.const:ti_sysbios_family_arm_m3_Hwi_E_alreadyDefined__C)
                  0000b05c    00000004     main_pem4f.oem4f (.const:ti_sysbios_family_arm_m3_Hwi_E_busFault__C)
                  0000b060    00000004     main_pem4f.oem4f (.const:ti_sysbios_family_arm_m3_Hwi_E_debugMon__C)
                  0000b064    00000004     main_pem4f.oem4f (.const:ti_sysbios_family_arm_m3_Hwi_E_hardFault__C)
                  0000b068    00000004     main_pem4f.oem4f (.const:ti_sysbios_family_arm_m3_Hwi_E_memFault__C)
                  0000b06c    00000004     main_pem4f.oem4f (.const:ti_sysbios_family_arm_m3_Hwi_E_noIsr__C)
                  0000b070    00000004     main_pem4f.oem4f (.const:ti_sysbios_family_arm_m3_Hwi_E_reserved__C)
                  0000b074    00000004     main_pem4f.oem4f (.const:ti_sysbios_family_arm_m3_Hwi_E_svCall__C)
                  0000b078    00000004     main_pem4f.oem4f (.const:ti_sysbios_family_arm_m3_Hwi_E_usageFault__C)
                  0000b07c    00000004     main_pem4f.oem4f (.const:ti_sysbios_family_arm_m3_Hwi_LD_end__C)
                  0000b080    00000004     main_pem4f.oem4f (.const:ti_sysbios_family_arm_m3_Hwi_LM_begin__C)
                  0000b084    00000004     main_pem4f.oem4f (.const:ti_sysbios_family_arm_m3_Hwi_Module__diagsEnabled__C)
                  0000b088    00000004     main_pem4f.oem4f (.const:ti_sysbios_family_arm_m3_Hwi_Module__diagsIncluded__C)
                  0000b08c    00000004     main_pem4f.oem4f (.const:ti_sysbios_family_arm_m3_Hwi_Module__diagsMask__C)
                  0000b090    00000004     main_pem4f.oem4f (.const:ti_sysbios_family_arm_m3_Hwi_Module__loggerFxn1__C)
                  0000b094    00000004     main_pem4f.oem4f (.const:ti_sysbios_family_arm_m3_Hwi_Module__loggerFxn8__C)
                  0000b098    00000004     main_pem4f.oem4f (.const:ti_sysbios_family_arm_m3_Hwi_Module__loggerObj__C)
                  0000b09c    00000004     main_pem4f.oem4f (.const:ti_sysbios_family_arm_m3_Hwi_NUM_INTERRUPTS__C)
                  0000b0a0    00000004     main_pem4f.oem4f (.const:ti_sysbios_family_arm_m3_Hwi_ccr__C)
                  0000b0a4    00000004     main_pem4f.oem4f (.const:ti_sysbios_family_arm_m3_Hwi_dispatchTable__C)
                  0000b0a8    00000004     main_pem4f.oem4f (.const:ti_sysbios_family_arm_m3_Hwi_excHandlerFunc__C)
                  0000b0ac    00000004     main_pem4f.oem4f (.const:ti_sysbios_family_arm_m3_Hwi_excHookFuncs__C)
                  0000b0b0    00000004     main_pem4f.oem4f (.const:ti_sysbios_family_arm_m3_Hwi_priGroup__C)
                  0000b0b4    00000004     main_pem4f.oem4f (.const:ti_sysbios_family_arm_m3_Hwi_priorities__C)
                  0000b0b8    00000004     main_pem4f.oem4f (.const:ti_sysbios_gates_GateMutex_A_badContext__C)
                  0000b0bc    00000004     main_pem4f.oem4f (.const:ti_sysbios_gates_GateMutex_Instance_State_sem__O)
                  0000b0c0    00000004     main_pem4f.oem4f (.const:ti_sysbios_gates_GateMutex_Module__diagsEnabled__C)
                  0000b0c4    00000004     main_pem4f.oem4f (.const:ti_sysbios_gates_GateMutex_Module__diagsIncluded__C)
                  0000b0c8    00000004     main_pem4f.oem4f (.const:ti_sysbios_gates_GateMutex_Module__diagsMask__C)
                  0000b0cc    00000004     main_pem4f.oem4f (.const:ti_sysbios_hal_Hwi_E_stackOverflow__C)
                  0000b0d0    00000004     main_pem4f.oem4f (.const:ti_sysbios_heaps_HeapMem_A_align__C)
                  0000b0d4    00000004     main_pem4f.oem4f (.const:ti_sysbios_heaps_HeapMem_A_heapSize__C)
                  0000b0d8    00000004     main_pem4f.oem4f (.const:ti_sysbios_heaps_HeapMem_A_invalidFree__C)
                  0000b0dc    00000004     main_pem4f.oem4f (.const:ti_sysbios_heaps_HeapMem_A_zeroBlock__C)
                  0000b0e0    00000004     main_pem4f.oem4f (.const:ti_sysbios_heaps_HeapMem_E_memory__C)
                  0000b0e4    00000004     main_pem4f.oem4f (.const:ti_sysbios_heaps_HeapMem_Module__diagsEnabled__C)
                  0000b0e8    00000004     main_pem4f.oem4f (.const:ti_sysbios_heaps_HeapMem_Module__diagsIncluded__C)
                  0000b0ec    00000004     main_pem4f.oem4f (.const:ti_sysbios_heaps_HeapMem_Module__diagsMask__C)
                  0000b0f0    00000004     main_pem4f.oem4f (.const:ti_sysbios_heaps_HeapMem_Module__gateObj__C)
                  0000b0f4    00000004     main_pem4f.oem4f (.const:ti_sysbios_heaps_HeapMem_Object__count__C)
                  0000b0f8    00000004     main_pem4f.oem4f (.const:ti_sysbios_heaps_HeapMem_reqAlign__C)
                  0000b0fc    00000004     main_pem4f.oem4f (.const:ti_sysbios_io_DEV_Object__count__C)
                  0000b100    00000004     main_pem4f.oem4f (.const:ti_sysbios_io_DEV_tableSize__C)
                  0000b104    00000004     main_pem4f.oem4f (.const:ti_sysbios_knl_Clock_LM_begin__C)
                  0000b108    00000004     main_pem4f.oem4f (.const:ti_sysbios_knl_Clock_LM_tick__C)
                  0000b10c    00000004     main_pem4f.oem4f (.const:ti_sysbios_knl_Clock_LW_delayed__C)
                  0000b110    00000004     main_pem4f.oem4f (.const:ti_sysbios_knl_Clock_Module_State_clockQ__O)
                  0000b114    00000004     main_pem4f.oem4f (.const:ti_sysbios_knl_Clock_Module__diagsEnabled__C)
                  0000b118    00000004     main_pem4f.oem4f (.const:ti_sysbios_knl_Clock_Module__diagsIncluded__C)
                  0000b11c    00000004     main_pem4f.oem4f (.const:ti_sysbios_knl_Clock_Module__diagsMask__C)
                  0000b120    00000004     main_pem4f.oem4f (.const:ti_sysbios_knl_Clock_Module__loggerFxn1__C)
                  0000b124    00000004     main_pem4f.oem4f (.const:ti_sysbios_knl_Clock_Module__loggerFxn2__C)
                  0000b128    00000004     main_pem4f.oem4f (.const:ti_sysbios_knl_Clock_Module__loggerObj__C)
                  0000b12c    00000004     main_pem4f.oem4f (.const:ti_sysbios_knl_Mailbox_Instance_State_freeQue__O)
                  0000b130    00000004     main_pem4f.oem4f (.const:ti_sysbios_knl_Mailbox_Object__count__C)
                  0000b134    00000004     main_pem4f.oem4f (.const:ti_sysbios_knl_Semaphore_A_badContext__C)
                  0000b138    00000004     main_pem4f.oem4f (.const:ti_sysbios_knl_Semaphore_A_noEvents__C)
                  0000b13c    00000004     main_pem4f.oem4f (.const:ti_sysbios_knl_Semaphore_A_overflow__C)
                  0000b140    00000004     main_pem4f.oem4f (.const:ti_sysbios_knl_Semaphore_A_pendTaskDisabled__C)
                  0000b144    00000004     main_pem4f.oem4f (.const:ti_sysbios_knl_Semaphore_Instance_State_pendQ__O)
                  0000b148    00000004     main_pem4f.oem4f (.const:ti_sysbios_knl_Semaphore_LM_pend__C)
                  0000b14c    00000004     main_pem4f.oem4f (.const:ti_sysbios_knl_Semaphore_LM_post__C)
                  0000b150    00000004     main_pem4f.oem4f (.const:ti_sysbios_knl_Semaphore_Module__diagsEnabled__C)
                  0000b154    00000004     main_pem4f.oem4f (.const:ti_sysbios_knl_Semaphore_Module__diagsIncluded__C)
                  0000b158    00000004     main_pem4f.oem4f (.const:ti_sysbios_knl_Semaphore_Module__diagsMask__C)
                  0000b15c    00000004     main_pem4f.oem4f (.const:ti_sysbios_knl_Semaphore_Module__loggerFxn2__C)
                  0000b160    00000004     main_pem4f.oem4f (.const:ti_sysbios_knl_Semaphore_Module__loggerFxn4__C)
                  0000b164    00000004     main_pem4f.oem4f (.const:ti_sysbios_knl_Semaphore_Module__loggerObj__C)
                  0000b168    00000004     main_pem4f.oem4f (.const:ti_sysbios_knl_Swi_LD_end__C)
                  0000b16c    00000004     main_pem4f.oem4f (.const:ti_sysbios_knl_Swi_LM_begin__C)
                  0000b170    00000004     main_pem4f.oem4f (.const:ti_sysbios_knl_Swi_LM_post__C)
                  0000b174    00000004     main_pem4f.oem4f (.const:ti_sysbios_knl_Swi_Module__diagsEnabled__C)
                  0000b178    00000004     main_pem4f.oem4f (.const:ti_sysbios_knl_Swi_Module__diagsIncluded__C)
                  0000b17c    00000004     main_pem4f.oem4f (.const:ti_sysbios_knl_Swi_Module__diagsMask__C)
                  0000b180    00000004     main_pem4f.oem4f (.const:ti_sysbios_knl_Swi_Module__loggerFxn1__C)
                  0000b184    00000004     main_pem4f.oem4f (.const:ti_sysbios_knl_Swi_Module__loggerFxn4__C)
                  0000b188    00000004     main_pem4f.oem4f (.const:ti_sysbios_knl_Swi_Module__loggerObj__C)
                  0000b18c    00000004     main_pem4f.oem4f (.const:ti_sysbios_knl_Swi_Object__count__C)
                  0000b190    00000004     main_pem4f.oem4f (.const:ti_sysbios_knl_Task_E_spOutOfBounds__C)
                  0000b194    00000004     main_pem4f.oem4f (.const:ti_sysbios_knl_Task_E_stackOverflow__C)
                  0000b198    00000004     main_pem4f.oem4f (.const:ti_sysbios_knl_Task_LD_block__C)
                  0000b19c    00000004     main_pem4f.oem4f (.const:ti_sysbios_knl_Task_LD_exit__C)
                  0000b1a0    00000004     main_pem4f.oem4f (.const:ti_sysbios_knl_Task_LD_ready__C)
                  0000b1a4    00000004     main_pem4f.oem4f (.const:ti_sysbios_knl_Task_LM_switch__C)
                  0000b1a8    00000004     main_pem4f.oem4f (.const:ti_sysbios_knl_Task_Module_State_inactiveQ__O)
                  0000b1ac    00000004     main_pem4f.oem4f (.const:ti_sysbios_knl_Task_Module__diagsEnabled__C)
                  0000b1b0    00000004     main_pem4f.oem4f (.const:ti_sysbios_knl_Task_Module__diagsIncluded__C)
                  0000b1b4    00000004     main_pem4f.oem4f (.const:ti_sysbios_knl_Task_Module__diagsMask__C)
                  0000b1b8    00000004     main_pem4f.oem4f (.const:ti_sysbios_knl_Task_Module__loggerFxn2__C)
                  0000b1bc    00000004     main_pem4f.oem4f (.const:ti_sysbios_knl_Task_Module__loggerFxn4__C)
                  0000b1c0    00000004     main_pem4f.oem4f (.const:ti_sysbios_knl_Task_Module__loggerObj__C)
                  0000b1c4    00000004     main_pem4f.oem4f (.const:ti_sysbios_knl_Task_Object__count__C)
                  0000b1c8    00000004     main_pem4f.oem4f (.const:ti_sysbios_knl_Task_Object__heap__C)
                  0000b1cc    00000004     main_pem4f.oem4f (.const:ti_sysbios_knl_Task_allBlockedFunc__C)
                  0000b1d0    00000004     main_pem4f.oem4f (.const:ti_sysbios_knl_Task_numConstructedTasks__C)
                  0000b1d4    00000004     main_pem4f.oem4f (.const:ti_sysbios_utils_Load_LS_cpuLoad__C)
                  0000b1d8    00000004     main_pem4f.oem4f (.const:ti_sysbios_utils_Load_LS_hwiLoad__C)
                  0000b1dc    00000004     main_pem4f.oem4f (.const:ti_sysbios_utils_Load_LS_taskLoad__C)
                  0000b1e0    00000004     main_pem4f.oem4f (.const:ti_sysbios_utils_Load_Module_State_taskList__O)
                  0000b1e4    00000004     main_pem4f.oem4f (.const:ti_sysbios_utils_Load_Module__diagsEnabled__C)
                  0000b1e8    00000004     main_pem4f.oem4f (.const:ti_sysbios_utils_Load_Module__diagsIncluded__C)
                  0000b1ec    00000004     main_pem4f.oem4f (.const:ti_sysbios_utils_Load_Module__diagsMask__C)
                  0000b1f0    00000004     main_pem4f.oem4f (.const:ti_sysbios_utils_Load_Module__loggerFxn1__C)
                  0000b1f4    00000004     main_pem4f.oem4f (.const:ti_sysbios_utils_Load_Module__loggerFxn2__C)
                  0000b1f8    00000004     main_pem4f.oem4f (.const:ti_sysbios_utils_Load_Module__loggerFxn4__C)
                  0000b1fc    00000004     main_pem4f.oem4f (.const:ti_sysbios_utils_Load_Module__loggerObj__C)
                  0000b200    00000004     main_pem4f.oem4f (.const:ti_sysbios_utils_Load_postUpdate__C)
                  0000b204    00000004     main_pem4f.oem4f (.const:ti_sysbios_utils_Load_windowInMs__C)
                  0000b208    00000004     main_pem4f.oem4f (.const:ti_uia_runtime_ILoggerSnapshot_Interface__BASE__C)
                  0000b20c    00000004     main_pem4f.oem4f (.const:ti_uia_runtime_IUIATransfer_Interface__BASE__C)
                  0000b210    00000004     main_pem4f.oem4f (.const:ti_uia_runtime_LoggerStopMode_E_badLevel__C)
                  0000b214    00000004     main_pem4f.oem4f (.const:ti_uia_runtime_LoggerStopMode_Object__count__C)
                  0000b218    00000004     main_pem4f.oem4f (.const:ti_uia_runtime_LoggerStopMode_overflowLogger__C)
                  0000b21c    00000004     main_pem4f.oem4f (.const:ti_uia_runtime_LoggerStopMode_statusLogger__C)
                  0000b220    00000004     main_pem4f.oem4f (.const:xdc_runtime_Assert_E_assertFailed__C)
                  0000b224    00000004     main_pem4f.oem4f (.const:xdc_runtime_Core_A_initializedParams__C)
                  0000b228    00000004     main_pem4f.oem4f (.const:xdc_runtime_Core_Module__diagsEnabled__C)
                  0000b22c    00000004     main_pem4f.oem4f (.const:xdc_runtime_Core_Module__diagsIncluded__C)
                  0000b230    00000004     main_pem4f.oem4f (.const:xdc_runtime_Core_Module__diagsMask__C)
                  0000b234    00000004     main_pem4f.oem4f (.const:xdc_runtime_Error_E_generic__C)
                  0000b238    00000004     main_pem4f.oem4f (.const:xdc_runtime_Error_E_memory__C)
                  0000b23c    00000004     main_pem4f.oem4f (.const:xdc_runtime_Error_Module__diagsEnabled__C)
                  0000b240    00000004     main_pem4f.oem4f (.const:xdc_runtime_Error_Module__diagsIncluded__C)
                  0000b244    00000004     main_pem4f.oem4f (.const:xdc_runtime_Error_Module__diagsMask__C)
                  0000b248    00000004     main_pem4f.oem4f (.const:xdc_runtime_Error_Module__loggerFxn8__C)
                  0000b24c    00000004     main_pem4f.oem4f (.const:xdc_runtime_Error_Module__loggerObj__C)
                  0000b250    00000004     main_pem4f.oem4f (.const:xdc_runtime_Error_raiseHook__C)
                  0000b254    00000004     main_pem4f.oem4f (.const:xdc_runtime_IFilterLogger_Interface__BASE__C)
                  0000b258    00000004     main_pem4f.oem4f (.const:xdc_runtime_IGateProvider_Interface__BASE__C)
                  0000b25c    00000004     main_pem4f.oem4f (.const:xdc_runtime_IHeap_Interface__BASE__C)
                  0000b260    00000004     main_pem4f.oem4f (.const:xdc_runtime_ILogger_Interface__BASE__C)
                  0000b264    00000004     main_pem4f.oem4f (.const:xdc_runtime_IModule_Interface__BASE__C)
                  0000b268    00000004     main_pem4f.oem4f (.const:xdc_runtime_Log_L_error__C)
                  0000b26c    00000004     main_pem4f.oem4f (.const:xdc_runtime_Log_L_warning__C)
                  0000b270    00000004     main_pem4f.oem4f (.const:xdc_runtime_Main_Module__diagsEnabled__C)
                  0000b274    00000004     main_pem4f.oem4f (.const:xdc_runtime_Main_Module__diagsIncluded__C)
                  0000b278    00000004     main_pem4f.oem4f (.const:xdc_runtime_Main_Module__diagsMask__C)
                  0000b27c    00000004     main_pem4f.oem4f (.const:xdc_runtime_Main_Module__loggerFxn2__C)
                  0000b280    00000004     main_pem4f.oem4f (.const:xdc_runtime_Main_Module__loggerFxn4__C)
                  0000b284    00000004     main_pem4f.oem4f (.const:xdc_runtime_Main_Module__loggerObj__C)
                  0000b288    00000004     main_pem4f.oem4f (.const:xdc_runtime_Memory_defaultHeapInstance__C)
                  0000b28c    00000004     main_pem4f.oem4f (.const:xdc_runtime_Startup_execImpl__C)
                  0000b290    00000004     main_pem4f.oem4f (.const:xdc_runtime_Startup_maxPasses__C)
                  0000b294    00000004     main_pem4f.oem4f (.const:xdc_runtime_Startup_sfxnRts__C)
                  0000b298    00000004     main_pem4f.oem4f (.const:xdc_runtime_Startup_sfxnTab__C)
                  0000b29c    00000004     main_pem4f.oem4f (.const:xdc_runtime_SysMin_bufSize__C)
                  0000b2a0    00000004     main_pem4f.oem4f (.const:xdc_runtime_SysMin_outputFunc__C)
                  0000b2a4    00000004     main_pem4f.oem4f (.const:xdc_runtime_System_Module__gateObj__C)
                  0000b2a8    00000004     main_pem4f.oem4f (.const:xdc_runtime_System_extendFxn__C)
                  0000b2ac    00000004     main_pem4f.oem4f (.const:xdc_runtime_System_maxAtexitHandlers__C)
                  0000b2b0    00000004     main_pem4f.oem4f (.const:xdc_runtime_Text_charTab__C)
                  0000b2b4    00000004     main_pem4f.oem4f (.const:xdc_runtime_Text_nameEmpty__C)
                  0000b2b8    00000004     main_pem4f.oem4f (.const:xdc_runtime_Text_nameStatic__C)
                  0000b2bc    00000004     main_pem4f.oem4f (.const:xdc_runtime_Text_nameUnknown__C)
                  0000b2c0    00000004     main_pem4f.oem4f (.const:xdc_runtime_Text_nodeTab__C)
                  0000b2c4    00000004     main_pem4f.oem4f (.const:xdc_runtime_Text_visitRopeFxn__C)
                  0000b2c8    00000002     main_pem4f.oem4f (.const:ti_sysbios_family_arm_lm4_TimestampProvider_useClockTimer__C)
                  0000b2ca    00000002     main_pem4f.oem4f (.const:ti_sysbios_family_arm_m3_Hwi_Module__id__C)
                  0000b2cc    00000002     main_pem4f.oem4f (.const:ti_sysbios_family_arm_m3_Hwi_Module__loggerDefined__C)
                  0000b2ce    00000002     main_pem4f.oem4f (.const:ti_sysbios_gates_GateMutex_Module__id__C)
                  0000b2d0    00000002     main_pem4f.oem4f (.const:ti_sysbios_hal_Hwi_Module__id__C)
                  0000b2d2    00000002     main_pem4f.oem4f (.const:ti_sysbios_heaps_HeapMem_Module__id__C)
                  0000b2d4    00000002     main_pem4f.oem4f (.const:ti_sysbios_io_DEV_Module__id__C)
                  0000b2d6    00000002     main_pem4f.oem4f (.const:ti_sysbios_knl_Clock_Module__id__C)
                  0000b2d8    00000002     main_pem4f.oem4f (.const:ti_sysbios_knl_Clock_Module__loggerDefined__C)
                  0000b2da    00000002     main_pem4f.oem4f (.const:ti_sysbios_knl_Semaphore_Module__id__C)
                  0000b2dc    00000002     main_pem4f.oem4f (.const:ti_sysbios_knl_Semaphore_Module__loggerDefined__C)
                  0000b2de    00000002     main_pem4f.oem4f (.const:ti_sysbios_knl_Swi_Module__id__C)
                  0000b2e0    00000002     main_pem4f.oem4f (.const:ti_sysbios_knl_Swi_Module__loggerDefined__C)
                  0000b2e2    00000002     main_pem4f.oem4f (.const:ti_sysbios_knl_Task_Module__id__C)
                  0000b2e4    00000002     main_pem4f.oem4f (.const:ti_sysbios_knl_Task_Module__loggerDefined__C)
                  0000b2e6    00000002     main_pem4f.oem4f (.const:ti_sysbios_knl_Task_initStackFlag__C)
                  0000b2e8    00000002     main_pem4f.oem4f (.const:ti_sysbios_utils_Load_Module__id__C)
                  0000b2ea    00000002     main_pem4f.oem4f (.const:ti_sysbios_utils_Load_Module__loggerDefined__C)
                  0000b2ec    00000002     main_pem4f.oem4f (.const:ti_sysbios_utils_Load_autoAddTasks__C)
                  0000b2ee    00000002     main_pem4f.oem4f (.const:ti_sysbios_utils_Load_hwiEnabled__C)
                  0000b2f0    00000002     main_pem4f.oem4f (.const:ti_sysbios_utils_Load_updateInIdle__C)
                  0000b2f2    00000002     main_pem4f.oem4f (.const:ti_uia_runtime_LoggerStopMode_Module__id__C)
                  0000b2f4    00000002     main_pem4f.oem4f (.const:ti_uia_runtime_LoggerStopMode_filterByLevel__C)
                  0000b2f6    00000002     main_pem4f.oem4f (.const:ti_uia_runtime_LoggerStopMode_isTimestampEnabled__C)
                  0000b2f8    00000002     main_pem4f.oem4f (.const:xdc_runtime_Core_Module__id__C)
                  0000b2fa    00000002     main_pem4f.oem4f (.const:xdc_runtime_Error_Module__loggerDefined__C)
                  0000b2fc    00000002     main_pem4f.oem4f (.const:xdc_runtime_Error_maxDepth__C)
                  0000b2fe    00000002     main_pem4f.oem4f (.const:xdc_runtime_Main_Module__id__C)
                  0000b300    00000002     main_pem4f.oem4f (.const:xdc_runtime_Main_Module__loggerDefined__C)
                  0000b302    00000002     main_pem4f.oem4f (.const:xdc_runtime_Memory_Module__id__C)
                  0000b304    00000002     main_pem4f.oem4f (.const:xdc_runtime_SysMin_flushAtExit__C)
                  0000b306    00000002     main_pem4f.oem4f (.const:xdc_runtime_Text_charCnt__C)
                  0000b308    00000002     main_pem4f.oem4f (.const:xdc_runtime_Text_isLoaded__C)
                  0000b30a    00000002     main_pem4f.oem4f (.const:xdc_runtime_Text_registryModsLastId__C)
                  0000b30c    00000002     main_pem4f.oem4f (.const:xdc_runtime_Text_unnamedModsLastId__C)

.cinit     0    0000b310    000005a0     
                  0000b310    0000056c     (.cinit..data.load) [load image, compression = rle]
                  0000b87c    0000000c     (__TI_handler_table)
                  0000b888    00000008     (.cinit..bss.load) [load image, compression = zero_init]
                  0000b890    00000008     (.cinit..vecs.load) [load image, compression = zero_init]
                  0000b898    00000018     (__TI_cinit_table)

.vecs      0    20000000    00000360     UNINITIALIZED
                  20000000    00000360     main_pem4f.oem4f (.vecs)

.bss       0    20000360    000034fa     UNINITIALIZED
                  20000360    00001000     main_pem4f.oem4f (.bss:taskStackSection)
                  20001360    00001000     main_pem4f.oem4f (.bss:ti_sysbios_heaps_HeapMem_Instance_State_0_buf__A)
                  20002360    00000480     main_pem4f.oem4f (.bss:ti_uia_runtime_LoggerStopMode_Instance_State_1_bufferArray__A)
                  200027e0    00000480     main_pem4f.oem4f (.bss:ti_uia_runtime_LoggerStopMode_Instance_State_2_bufferArray__A)
                  20002c60    00000440     EK_LM4F120XL.obj (.bss:uartTivaObjects)
                  200030a0    00000400     main_pem4f.oem4f (.bss:xdc_runtime_SysMin_Module_State_0_outbuf__A)
                  200034a0    00000280     main_pem4f.oem4f (.bss:ti_uia_runtime_LoggerStopMode_Instance_State_0_bufferArray__A)
                  20003720    00000120     rtsv7M4_T_le_v4SPD16_eabi.lib : trgmsg.obj (.bss:__CIOBUF_)
                  20003840    00000008     (.common:parmbuf)
                  20003848    00000008     (.common:ti_sysbios_knl_Task_Instance_State_0_hookEnv__A)
                  20003850    00000008     (.common:ti_sysbios_knl_Task_Instance_State_1_hookEnv__A)
                  20003858    00000001     (.common:value_byte_L)
                  20003859    00000001     (.common:value_byte_R)

.stack     0    2000385c    00001000     UNINITIALIZED
                  2000385c    00001000     --HOLE--

.data      0    2000485c    00000b08     UNINITIALIZED
                  2000485c    00000360     main_pem4f.oem4f (.data:ti_sysbios_family_arm_m3_Hwi_Module_State_0_dispatchTable__A)
                  20004bbc    00000204     main_pem4f.oem4f (.data)
                  20004dc0    00000108     main_pem4f.oem4f (.data:ti_uia_runtime_LoggerStopMode_Object__table__V)
                  20004ec8    000000a0     main_pem4f.oem4f (.data:ti_sysbios_knl_Task_Object__table__V)
                  20004f68    00000098     main_pem4f.oem4f (.data:ti_sysbios_utils_Load_Module__state__V)
                  20005000    00000080     main_pem4f.oem4f (.data:ti_sysbios_knl_Swi_Module_State_0_readyQ__A)
                  20005080    00000080     main_pem4f.oem4f (.data:ti_sysbios_knl_Task_Module_State_0_readyQ__A)
                  20005100    00000070     main_pem4f.oem4f (.data:ti_sysbios_family_arm_lm4_Timer_Object__table__V)
                  20005170    0000005c     main_pem4f.oem4f (.data:ti_sysbios_family_arm_m3_Hwi_Module__state__V)
                  200051cc    00000044     main_pem4f.oem4f (.data:ti_sysbios_knl_Task_Module__state__V)
                  20005210    00000038     main_pem4f.oem4f (.data:ti_sysbios_gates_GateMutex_Object__table__V)
                  20005248    00000038     main_pem4f.oem4f (.data:ti_sysbios_utils_Load_Module_State_0_taskEnv__A)
                  20005280    00000030     main_pem4f.oem4f (.data:ti_sysbios_family_arm_lm4_Timer_Module_State_0_device__A)
                  200052b0    00000030     main_pem4f.oem4f (.data:ti_sysbios_family_arm_m3_Hwi_Object__table__V)
                  200052e0    00000030     main_pem4f.oem4f (.data:ti_sysbios_knl_Swi_Object__table__V)
                  20005310    00000028     main_pem4f.oem4f (.data:ti_sysbios_knl_Clock_Module__state__V)
                  20005338    00000008     gpio_tivaware.aem4f : GPIO.oem4f (.data)
                  20005340    00000008     rtsv7M4_T_le_v4SPD16_eabi.lib : _lock.obj (.data)
                  20005348    00000008                                   : exit.obj (.data)
                  20005350    00000008     ti.uia.runtime.aem4f : QueueDescriptor.oem4f (.data)
                  20005358    00000004     rtsv7M4_T_le_v4SPD16_eabi.lib : dtor_list.obj (.data)
                  2000535c    00000004                                   : stkdepth_vars.obj (.data)
                  20005360    00000004     uart_tivaware.aem4f : UART.oem4f (.data)


LINKER GENERATED COPY TABLES

__TI_cinit_table @ 0000b898 records: 3, size/record: 8, table size: 24
	.data: load addr=0000b310, load size=0000056c bytes, run addr=2000485c, run size=00000b08 bytes, compression=rle
	.bss: load addr=0000b888, load size=00000008 bytes, run addr=20000360, run size=000034fa bytes, compression=zero_init
	.vecs: load addr=0000b890, load size=00000008 bytes, run addr=20000000, run size=00000360 bytes, compression=zero_init


LINKER GENERATED HANDLER TABLE

__TI_handler_table @ 0000b87c records: 3, size/record: 4, table size: 12
	index: 0, handler: __TI_zero_init
	index: 1, handler: __TI_decompress_rle24
	index: 2, handler: __TI_decompress_none


GLOBAL SYMBOLS: SORTED ALPHABETICALLY BY Name 

address    name
--------   ----
00006e3d   C$$EXIT
00006673   C$$IO$$
00005bc9   EK_LM4F120XL_initGPIO
000070e1   EK_LM4F120XL_initGeneral
00003cd5   EK_LM4F120XL_initUART
00007919   GPIODirModeSet
000036f1   GPIOPadConfigSet
00006bb9   GPIOPinConfigure
00008015   GPIOPinTypeGPIOInput
00007e6f   GPIOPinTypeGPIOOutput
00008027   GPIOPinTypeUART
0000837d   GPIOPinWrite
0000af58   GPIO_config
00007a35   GPIO_init
000047f9   GPIO_write
00001035   HOSTclock
00000ffd   HOSTclose
00000fbf   HOSTgetenv
00000f63   HOSTlseek
00000f11   HOSTopen
00000ec5   HOSTread
00000e67   HOSTrename
00000e2d   HOSTtime
00000df5   HOSTunlink
00000da9   HOSTwrite
UNDEFED    SHT$$INIT_ARRAY$$Base
UNDEFED    SHT$$INIT_ARRAY$$Limit
00004ab1   SysCtlClockGet
00008383   SysCtlDelay
00007501   SysCtlPeripheralEnable
20004f18   TSK_idle
00008309   UARTCharGet
000081f5   UARTCharGetNonBlocking
00008313   UARTCharPut
00008203   UARTCharPutNonBlocking
0000705d   UARTConfigSetExpClk
00007cc1   UARTDisable
00007f75   UARTEnable
00008389   UARTFIFOLevelSet
000083d1   UARTIntClear
0000831d   UARTIntDisable
00008345   UARTIntEnable
00008327   UARTIntStatus
00005681   UARTTiva_close
0000ad88   UARTTiva_fxnTable
0000834d   UARTTiva_init
0000107d   UARTTiva_open
00001e05   UARTTiva_read
00004c39   UARTTiva_readCancel
000024d5   UARTTiva_readPolling
00001c01   UARTTiva_write
00004b79   UARTTiva_writeCancel
00002905   UARTTiva_writePolling
00007535   UART_Params_init
0000aa9c   UART_config
0000af1c   UART_defaultParams
000072d1   UART_init
00006c01   UART_open
00007569   UART_read
0000759d   UART_write
00000000   __ASM__
20003720   __CIOBUF_
00000073   __ISA__
00000086   __PLAT__
2000485c   __STACK_END
00001000   __STACK_SIZE
2000395c   __STACK_TOP
000000a7   __TARG__
0000b898   __TI_CINIT_Base
0000b8b0   __TI_CINIT_Limit
0000b87c   __TI_Handler_Table_Base
0000b888   __TI_Handler_Table_Limit
00000001   __TI_args_main
00005721   __TI_auto_init
20005348   __TI_cleanup_ptr
00008211   __TI_decompress_none
00008395   __TI_decompress_rle24
2000534c   __TI_dtors_ptr
00006677   __TI_readmsg
00000000   __TI_static_base__
00006649   __TI_writemsg
00008039   __TI_zero_init
000000cd   __TRDR__
00004669   __aeabi_atexit
00005f63   __aeabi_memclr
00005f63   __aeabi_memclr4
00005f63   __aeabi_memclr8
000057c1   __aeabi_memcpy
000057c1   __aeabi_memcpy4
000057c1   __aeabi_memcpy8
00005f65   __aeabi_memset
00005f65   __aeabi_memset4
00005f65   __aeabi_memset8
ffffffff   __binit__
ffffffff   __c_args__
00004657   __cxa_atexit
00004611   __cxa_finalize
00004651   __cxa_ia64_exit
2000385c   __stack
0000838f   __xdc__init
20004dbc   __xdc__init__addr
00007ea1   _args_main
0000687d   _c_int00
20005340   _lock
00007f97   _nop
00007f8f   _register_lock
00007f89   _register_unlock
20005344   _unlock
00006e41   abort
0000465b   atexit
ffffffff   binit
00006df9   copy_in
00006e49   exit
00007e87   free
0000ac5c   gpioHWAttrs
000075d1   init_mux_pins
000069d9   init_uart
00007309   main
2000535c   main_func_sp
0000775d   malloc
000057c1   memcpy
00005f6b   memset
00005cd9   mux_1
00005de5   mux_2
000080a5   strcpy
00007f9d   strlen
00004519   tcp_connection
0000b028   ti_catalog_arm_cortexm4_tiva_ce_Boot_A_mustUseEnhancedClockMode__C
0000b02c   ti_catalog_arm_cortexm4_tiva_ce_Boot_Module__diagsEnabled__C
0000b030   ti_catalog_arm_cortexm4_tiva_ce_Boot_Module__diagsIncluded__C
0000b034   ti_catalog_arm_cortexm4_tiva_ce_Boot_Module__diagsMask__C
0000aa0a   ti_catalog_arm_cortexm4_tiva_ce_Boot_Module__id__C
0000823d   ti_catalog_arm_cortexm4_tiva_ce_Boot_init__I
00003f19   ti_catalog_arm_cortexm4_tiva_ce_Boot_sysCtlClockSetI__I
000058f9   ti_catalog_arm_cortexm4_tiva_ce_Boot_sysCtlClockSet__E
0000839b   ti_catalog_arm_cortexm4_tiva_ce_Boot_sysCtlDelayI__I
0000b038   ti_sysbios_BIOS_Module__diagsEnabled__C
0000b03c   ti_sysbios_BIOS_Module__diagsIncluded__C
0000b040   ti_sysbios_BIOS_Module__diagsMask__C
0000afde   ti_sysbios_BIOS_Module__id__C
20004bbc   ti_sysbios_BIOS_Module__state__V
000083d5   ti_sysbios_BIOS_RtsGateProxy_enter__E
000083d9   ti_sysbios_BIOS_RtsGateProxy_leave__E
000083ed   ti_sysbios_BIOS_RtsGateProxy_query__E
00006c49   ti_sysbios_BIOS_errorRaiseHook__I
0000766d   ti_sysbios_BIOS_exitFunc__I
000080b5   ti_sysbios_BIOS_getCpuFreq__E
0000b044   ti_sysbios_BIOS_installedErrorHook__C
0000460f   ti_sysbios_BIOS_nullFunc__I
00007a59   ti_sysbios_BIOS_registerRTSLock__I
00007cdd   ti_sysbios_BIOS_rtsLock__I
000064b1   ti_sysbios_BIOS_rtsUnlock__I
000080c5   ti_sysbios_BIOS_setThreadType__E
00007a7d   ti_sysbios_BIOS_startFunc__I
000080d5   ti_sysbios_BIOS_start__E
20005280   ti_sysbios_family_arm_lm4_Timer_Module_State_0_device__A
20004be4   ti_sysbios_family_arm_lm4_Timer_Module_State_0_handles__A
20004bdc   ti_sysbios_family_arm_lm4_Timer_Module__root__V
00007eb9   ti_sysbios_family_arm_lm4_Timer_Module__startupDone__F
00007eb9   ti_sysbios_family_arm_lm4_Timer_Module__startupDone__S
20004bfc   ti_sysbios_family_arm_lm4_Timer_Module__state__V
00006769   ti_sysbios_family_arm_lm4_Timer_Module_startup__E
00006769   ti_sysbios_family_arm_lm4_Timer_Module_startup__F
20005100   ti_sysbios_family_arm_lm4_Timer_Object__table__V
0000b048   ti_sysbios_family_arm_lm4_Timer_enableFunc__C
00005539   ti_sysbios_family_arm_lm4_Timer_enableTimers__I
00005295   ti_sysbios_family_arm_lm4_Timer_enableTiva__I
000083dd   ti_sysbios_family_arm_lm4_Timer_getPeriod__E
00006055   ti_sysbios_family_arm_lm4_Timer_isrStub__E
00008249   ti_sysbios_family_arm_lm4_Timer_masterDisable__I
000083e1   ti_sysbios_family_arm_lm4_Timer_masterEnable__I
[...]
000083a7   ti_sysbios_family_arm_m3_Hwi_restoreFxn__E
000083a7   ti_sysbios_hal_Hwi_HwiProxy_restore__E
000083a7   ti_sysbios_hal_Hwi_restore__E
000083ad   ti_sysbios_gates_GateHwi_leave__E
000083b3   ti_sysbios_heaps_HeapMem_isBlocking__E
000083b9   ti_sysbios_knl_Queue_Instance_init__F
000083bf   ti_uia_runtime_LoggerStopMode_getPriority__E
000083c5   ti_uia_runtime_LoggerStopMode_getTransferType__E
000083c5   ti_uia_runtime_LoggerStopMode_getTransferType__F
000083cb   xdc_runtime_System_Module_startup__E
000083cb   xdc_runtime_System_Module_startup__F
000083d1   UARTIntClear
000083d5   ti_sysbios_BIOS_RtsGateProxy_enter__E
000083d9   ti_sysbios_BIOS_RtsGateProxy_leave__E
000083dd   ti_sysbios_family_arm_lm4_Timer_getPeriod__E
000083e1   ti_sysbios_family_arm_lm4_Timer_masterEnable__I
000083e5   ti_sysbios_family_arm_m3_TaskSupport_Module__startupDone__S
000083e9   ti_sysbios_gates_GateHwi_query__E
000083e9   ti_sysbios_gates_GateHwi_query__F
000083e9   xdc_runtime_Main_Module_GateProxy_query__E
000083e9   xdc_runtime_System_Module_GateProxy_query__E
000083ed   ti_sysbios_BIOS_RtsGateProxy_query__E
000083ed   ti_sysbios_gates_GateMutex_query__E
000083ed   ti_sysbios_gates_GateMutex_query__F
000083ed   ti_sysbios_heaps_HeapMem_Module_GateProxy_query__E
000083f1   ti_sysbios_hal_Hwi_HwiProxy_Module__startupDone__S
000083f5   ti_sysbios_hal_Timer_TimerProxy_Module__startupDone__S
000083f9   ti_sysbios_hal_Timer_TimerProxy_getPeriod__E
000083fd   ti_sysbios_heaps_HeapMem_Module_GateProxy_enter__E
00008401   ti_sysbios_heaps_HeapMem_Module_GateProxy_leave__E
00008405   ti_sysbios_knl_Task_SupportProxy_Module__startupDone__S
00008409   ti_sysbios_knl_Task_startup__E
0000840d   ti_uia_runtime_LogSync_CpuTimestampProxy_Module__startupDone__S
00008411   ti_uia_runtime_LogSync_GlobalTimestampProxy_Module__startupDone__S
00008415   ti_uia_runtime_LoggerStopMode_getInstanceId__E
00008419   ti_uia_runtime_LoggerStopMode_getMaxLength__E
0000841d   ti_uia_runtime_LoggerStopMode_setPriority__E
00008421   xdc_runtime_Error_getSite__E
00008421   xdc_runtime_Error_getSite__F
00008425   xdc_runtime_Memory_HeapProxy_alloc__E
00008429   xdc_runtime_Memory_HeapProxy_free__E
0000842d   xdc_runtime_System_Module_GateProxy_enter__E
00008431   xdc_runtime_System_Module_GateProxy_leave__E
00008435   xdc_runtime_System_aprintf_va__F
00008439   xdc_runtime_System_printf_va__F
0000843d   xdc_runtime_System_vsnprintf__E
00008441   xdc_runtime_TimestampNull_Module__startupDone__S
00008445   xdc_runtime_Timestamp_Module__startupDone__S
00008448   xdc_runtime_Text_charTab__A
0000a7f1   xdc_runtime_Error_policy__C
0000a7f2   xdc_runtime_Text_nodeTab__A
0000a932   ti_sysbios_family_arm_m3_Hwi_priorities__A
0000aa0a   ti_catalog_arm_cortexm4_tiva_ce_Boot_Module__id__C
0000aa9c   UART_config
0000ab74   ti_uia_runtime_LoggerStopMode_Module__FXNS__C
0000ac1c   uartTivaHWAttrs
0000ac5c   gpioHWAttrs
0000ac98   xdc_runtime_Startup_sfxnTab__A
0000acd0   ti_sysbios_family_arm_m3_Hwi_Object__PARAMS__C
0000ad00   ti_sysbios_knl_Task_hooks__A
0000ad30   ti_uia_runtime_LoggerStopMode_Object__PARAMS__C
0000ad60   ti_sysbios_heaps_HeapMem_Module__FXNS__C
0000ad88   UARTTiva_fxnTable
0000adac   ti_sysbios_gates_GateHwi_Module__FXNS__C
0000add0   ti_sysbios_gates_GateMutex_Module__FXNS__C
0000adf4   ti_sysbios_heaps_HeapMem_Object__PARAMS__C
0000ae18   ti_sysbios_knl_Semaphore_Object__PARAMS__C
0000ae3c   ti_sysbios_family_arm_m3_Hwi_Object__DESC__C
0000ae5c   ti_sysbios_gates_GateHwi_Object__DESC__C
0000ae7c   ti_sysbios_gates_GateMutex_Object__DESC__C
0000ae9c   ti_sysbios_heaps_HeapMem_Object__DESC__C
0000aebc   ti_sysbios_knl_Queue_Object__DESC__C
0000aedc   ti_sysbios_knl_Semaphore_Object__DESC__C
0000aefc   ti_uia_runtime_LoggerStopMode_Object__DESC__C
0000af1c   UART_defaultParams
0000af3c   xdc_runtime_Startup_sfxnRts__A
0000af58   GPIO_config
0000af70   ti_sysbios_gates_GateHwi_Object__PARAMS__C
0000af88   ti_sysbios_gates_GateMutex_Object__PARAMS__C
0000afa0   ti_sysbios_knl_Queue_Object__PARAMS__C
0000afb8   xdc_runtime_Startup_firstFxns__A
0000afde   ti_sysbios_BIOS_Module__id__C
0000afe0   ti_sysbios_family_arm_m3_Hwi_excHookFuncs__A
0000afe8   ti_sysbios_knl_Idle_coreList__A
0000aff0   ti_sysbios_knl_Idle_coreList__C
0000aff8   ti_sysbios_knl_Idle_funcList__A
0000b000   ti_sysbios_knl_Idle_funcList__C
0000b008   ti_sysbios_knl_Task_hooks__C
0000b010   xdc_runtime_Startup_firstFxns__C
0000b018   xdc_runtime_Startup_lastFxns__A
0000b020   xdc_runtime_Startup_lastFxns__C
0000b028   ti_catalog_arm_cortexm4_tiva_ce_Boot_A_mustUseEnhancedClockMode__C
0000b02c   ti_catalog_arm_cortexm4_tiva_ce_Boot_Module__diagsEnabled__C
0000b030   ti_catalog_arm_cortexm4_tiva_ce_Boot_Module__diagsIncluded__C
0000b034   ti_catalog_arm_cortexm4_tiva_ce_Boot_Module__diagsMask__C
0000b038   ti_sysbios_BIOS_Module__diagsEnabled__C
0000b03c   ti_sysbios_BIOS_Module__diagsIncluded__C
0000b040   ti_sysbios_BIOS_Module__diagsMask__C
0000b044   ti_sysbios_BIOS_installedErrorHook__C
0000b048   ti_sysbios_family_arm_lm4_Timer_enableFunc__C
0000b04c   ti_sysbios_family_arm_lm4_Timer_numTimerDevices__C
0000b050   ti_sysbios_family_arm_lm4_Timer_startupNeeded__C
0000b054   ti_sysbios_family_arm_m3_Hwi_E_NMI__C
0000b058   ti_sysbios_family_arm_m3_Hwi_E_alreadyDefined__C
0000b05c   ti_sysbios_family_arm_m3_Hwi_E_busFault__C
0000b060   ti_sysbios_family_arm_m3_Hwi_E_debugMon__C
0000b064   ti_sysbios_family_arm_m3_Hwi_E_hardFault__C
0000b068   ti_sysbios_family_arm_m3_Hwi_E_memFault__C
0000b06c   ti_sysbios_family_arm_m3_Hwi_E_noIsr__C
0000b070   ti_sysbios_family_arm_m3_Hwi_E_reserved__C
0000b074   ti_sysbios_family_arm_m3_Hwi_E_svCall__C
0000b078   ti_sysbios_family_arm_m3_Hwi_E_usageFault__C
0000b07c   ti_sysbios_family_arm_m3_Hwi_LD_end__C
0000b080   ti_sysbios_family_arm_m3_Hwi_LM_begin__C
0000b084   ti_sysbios_family_arm_m3_Hwi_Module__diagsEnabled__C
0000b088   ti_sysbios_family_arm_m3_Hwi_Module__diagsIncluded__C
0000b08c   ti_sysbios_family_arm_m3_Hwi_Module__diagsMask__C
0000b090   ti_sysbios_family_arm_m3_Hwi_Module__loggerFxn1__C
0000b094   ti_sysbios_family_arm_m3_Hwi_Module__loggerFxn8__C
0000b098   ti_sysbios_family_arm_m3_Hwi_Module__loggerObj__C
0000b09c   ti_sysbios_family_arm_m3_Hwi_NUM_INTERRUPTS__C
0000b0a0   ti_sysbios_family_arm_m3_Hwi_ccr__C
0000b0a4   ti_sysbios_family_arm_m3_Hwi_dispatchTable__C
0000b0a8   ti_sysbios_family_arm_m3_Hwi_excHandlerFunc__C
0000b0ac   ti_sysbios_family_arm_m3_Hwi_excHookFuncs__C
0000b0b0   ti_sysbios_family_arm_m3_Hwi_priGroup__C
0000b0b4   ti_sysbios_family_arm_m3_Hwi_priorities__C
0000b0b8   ti_sysbios_gates_GateMutex_A_badContext__C
0000b0bc   ti_sysbios_gates_GateMutex_Instance_State_sem__O
0000b0c0   ti_sysbios_gates_GateMutex_Module__diagsEnabled__C
0000b0c4   ti_sysbios_gates_GateMutex_Module__diagsIncluded__C
0000b0c8   ti_sysbios_gates_GateMutex_Module__diagsMask__C
0000b0cc   ti_sysbios_hal_Hwi_E_stackOverflow__C
0000b0d0   ti_sysbios_heaps_HeapMem_A_align__C
0000b0d4   ti_sysbios_heaps_HeapMem_A_heapSize__C
0000b0d8   ti_sysbios_heaps_HeapMem_A_invalidFree__C
0000b0dc   ti_sysbios_heaps_HeapMem_A_zeroBlock__C
0000b0e0   ti_sysbios_heaps_HeapMem_E_memory__C
0000b0e4   ti_sysbios_heaps_HeapMem_Module__diagsEnabled__C
0000b0e8   ti_sysbios_heaps_HeapMem_Module__diagsIncluded__C
0000b0ec   ti_sysbios_heaps_HeapMem_Module__diagsMask__C
0000b0f0   ti_sysbios_heaps_HeapMem_Module__gateObj__C
0000b0f4   ti_sysbios_heaps_HeapMem_Object__count__C
0000b0f8   ti_sysbios_heaps_HeapMem_reqAlign__C
0000b0fc   ti_sysbios_io_DEV_Object__count__C
0000b100   ti_sysbios_io_DEV_tableSize__C
0000b104   ti_sysbios_knl_Clock_LM_begin__C
0000b108   ti_sysbios_knl_Clock_LM_tick__C
0000b10c   ti_sysbios_knl_Clock_LW_delayed__C
0000b110   ti_sysbios_knl_Clock_Module_State_clockQ__O
0000b114   ti_sysbios_knl_Clock_Module__diagsEnabled__C
0000b118   ti_sysbios_knl_Clock_Module__diagsIncluded__C
0000b11c   ti_sysbios_knl_Clock_Module__diagsMask__C
0000b120   ti_sysbios_knl_Clock_Module__loggerFxn1__C
0000b124   ti_sysbios_knl_Clock_Module__loggerFxn2__C
0000b128   ti_sysbios_knl_Clock_Module__loggerObj__C
0000b12c   ti_sysbios_knl_Mailbox_Instance_State_freeQue__O
0000b130   ti_sysbios_knl_Mailbox_Object__count__C
0000b134   ti_sysbios_knl_Semaphore_A_badContext__C
0000b138   ti_sysbios_knl_Semaphore_A_noEvents__C
0000b13c   ti_sysbios_knl_Semaphore_A_overflow__C
0000b140   ti_sysbios_knl_Semaphore_A_pendTaskDisabled__C
0000b144   ti_sysbios_knl_Semaphore_Instance_State_pendQ__O
0000b148   ti_sysbios_knl_Semaphore_LM_pend__C
0000b14c   ti_sysbios_knl_Semaphore_LM_post__C
0000b150   ti_sysbios_knl_Semaphore_Module__diagsEnabled__C
0000b154   ti_sysbios_knl_Semaphore_Module__diagsIncluded__C
0000b158   ti_sysbios_knl_Semaphore_Module__diagsMask__C
0000b15c   ti_sysbios_knl_Semaphore_Module__loggerFxn2__C
0000b160   ti_sysbios_knl_Semaphore_Module__loggerFxn4__C
0000b164   ti_sysbios_knl_Semaphore_Module__loggerObj__C
0000b168   ti_sysbios_knl_Swi_LD_end__C
0000b16c   ti_sysbios_knl_Swi_LM_begin__C
0000b170   ti_sysbios_knl_Swi_LM_post__C
0000b174   ti_sysbios_knl_Swi_Module__diagsEnabled__C
0000b178   ti_sysbios_knl_Swi_Module__diagsIncluded__C
0000b17c   ti_sysbios_knl_Swi_Module__diagsMask__C
0000b180   ti_sysbios_knl_Swi_Module__loggerFxn1__C
0000b184   ti_sysbios_knl_Swi_Module__loggerFxn4__C
0000b188   ti_sysbios_knl_Swi_Module__loggerObj__C
0000b18c   ti_sysbios_knl_Swi_Object__count__C
0000b190   ti_sysbios_knl_Task_E_spOutOfBounds__C
0000b194   ti_sysbios_knl_Task_E_stackOverflow__C
0000b198   ti_sysbios_knl_Task_LD_block__C
0000b19c   ti_sysbios_knl_Task_LD_exit__C
0000b1a0   ti_sysbios_knl_Task_LD_ready__C
0000b1a4   ti_sysbios_knl_Task_LM_switch__C
0000b1a8   ti_sysbios_knl_Task_Module_State_inactiveQ__O
0000b1ac   ti_sysbios_knl_Task_Module__diagsEnabled__C
0000b1b0   ti_sysbios_knl_Task_Module__diagsIncluded__C
0000b1b4   ti_sysbios_knl_Task_Module__diagsMask__C
0000b1b8   ti_sysbios_knl_Task_Module__loggerFxn2__C
0000b1bc   ti_sysbios_knl_Task_Module__loggerFxn4__C
0000b1c0   ti_sysbios_knl_Task_Module__loggerObj__C
0000b1c4   ti_sysbios_knl_Task_Object__count__C
0000b1c8   ti_sysbios_knl_Task_Object__heap__C
0000b1cc   ti_sysbios_knl_Task_allBlockedFunc__C
0000b1d0   ti_sysbios_knl_Task_numConstructedTasks__C
0000b1d4   ti_sysbios_utils_Load_LS_cpuLoad__C
0000b1d8   ti_sysbios_utils_Load_LS_hwiLoad__C
0000b1dc   ti_sysbios_utils_Load_LS_taskLoad__C
0000b1e0   ti_sysbios_utils_Load_Module_State_taskList__O
0000b1e4   ti_sysbios_utils_Load_Module__diagsEnabled__C
0000b1e8   ti_sysbios_utils_Load_Module__diagsIncluded__C
0000b1ec   ti_sysbios_utils_Load_Module__diagsMask__C
0000b1f0   ti_sysbios_utils_Load_Module__loggerFxn1__C
0000b1f4   ti_sysbios_utils_Load_Module__loggerFxn2__C
0000b1f8   ti_sysbios_utils_Load_Module__loggerFxn4__C
0000b1fc   ti_sysbios_utils_Load_Module__loggerObj__C
0000b200   ti_sysbios_utils_Load_postUpdate__C
0000b204   ti_sysbios_utils_Load_windowInMs__C
0000b208   ti_uia_runtime_ILoggerSnapshot_Interface__BASE__C
0000b20c   ti_uia_runtime_IUIATransfer_Interface__BASE__C
0000b210   ti_uia_runtime_LoggerStopMode_E_badLevel__C
0000b214   ti_uia_runtime_LoggerStopMode_Object__count__C
0000b218   ti_uia_runtime_LoggerStopMode_overflowLogger__C
0000b21c   ti_uia_runtime_LoggerStopMode_statusLogger__C
0000b220   xdc_runtime_Assert_E_assertFailed__C
0000b224   xdc_runtime_Core_A_initializedParams__C
0000b228   xdc_runtime_Core_Module__diagsEnabled__C
0000b22c   xdc_runtime_Core_Module__diagsIncluded__C
0000b230   xdc_runtime_Core_Module__diagsMask__C
0000b234   xdc_runtime_Error_E_generic__C
0000b238   xdc_runtime_Error_E_memory__C
0000b23c   xdc_runtime_Error_Module__diagsEnabled__C
0000b240   xdc_runtime_Error_Module__diagsIncluded__C
0000b244   xdc_runtime_Error_Module__diagsMask__C
0000b248   xdc_runtime_Error_Module__loggerFxn8__C
0000b24c   xdc_runtime_Error_Module__loggerObj__C
0000b250   xdc_runtime_Error_raiseHook__C
0000b254   xdc_runtime_IFilterLogger_Interface__BASE__C
0000b258   xdc_runtime_IGateProvider_Interface__BASE__C
0000b25c   xdc_runtime_IHeap_Interface__BASE__C
0000b260   xdc_runtime_ILogger_Interface__BASE__C
0000b264   xdc_runtime_IModule_Interface__BASE__C
0000b268   xdc_runtime_Log_L_error__C
0000b26c   xdc_runtime_Log_L_warning__C
0000b270   xdc_runtime_Main_Module__diagsEnabled__C
0000b274   xdc_runtime_Main_Module__diagsIncluded__C
0000b278   xdc_runtime_Main_Module__diagsMask__C
0000b27c   xdc_runtime_Main_Module__loggerFxn2__C
0000b280   xdc_runtime_Main_Module__loggerFxn4__C
0000b284   xdc_runtime_Main_Module__loggerObj__C
0000b288   xdc_runtime_Memory_defaultHeapInstance__C
0000b28c   xdc_runtime_Startup_execImpl__C
0000b290   xdc_runtime_Startup_maxPasses__C
0000b294   xdc_runtime_Startup_sfxnRts__C
0000b298   xdc_runtime_Startup_sfxnTab__C
0000b29c   xdc_runtime_SysMin_bufSize__C
0000b2a0   xdc_runtime_SysMin_outputFunc__C
0000b2a4   xdc_runtime_System_Module__gateObj__C
0000b2a8   xdc_runtime_System_extendFxn__C
0000b2ac   xdc_runtime_System_maxAtexitHandlers__C
0000b2b0   xdc_runtime_Text_charTab__C
0000b2b4   xdc_runtime_Text_nameEmpty__C
0000b2b8   xdc_runtime_Text_nameStatic__C
0000b2bc   xdc_runtime_Text_nameUnknown__C
0000b2c0   xdc_runtime_Text_nodeTab__C
0000b2c4   xdc_runtime_Text_visitRopeFxn__C
0000b2c8   ti_sysbios_family_arm_lm4_TimestampProvider_useClockTimer__C
0000b2ca   ti_sysbios_family_arm_m3_Hwi_Module__id__C
0000b2cc   ti_sysbios_family_arm_m3_Hwi_Module__loggerDefined__C
0000b2ce   ti_sysbios_gates_GateMutex_Module__id__C
0000b2d0   ti_sysbios_hal_Hwi_Module__id__C
0000b2d2   ti_sysbios_heaps_HeapMem_Module__id__C
0000b2d4   ti_sysbios_io_DEV_Module__id__C
0000b2d6   ti_sysbios_knl_Clock_Module__id__C
0000b2d8   ti_sysbios_knl_Clock_Module__loggerDefined__C
0000b2da   ti_sysbios_knl_Semaphore_Module__id__C
0000b2dc   ti_sysbios_knl_Semaphore_Module__loggerDefined__C
0000b2de   ti_sysbios_knl_Swi_Module__id__C
0000b2e0   ti_sysbios_knl_Swi_Module__loggerDefined__C
0000b2e2   ti_sysbios_knl_Task_Module__id__C
0000b2e4   ti_sysbios_knl_Task_Module__loggerDefined__C
0000b2e6   ti_sysbios_knl_Task_initStackFlag__C
0000b2e8   ti_sysbios_utils_Load_Module__id__C
0000b2ea   ti_sysbios_utils_Load_Module__loggerDefined__C
0000b2ec   ti_sysbios_utils_Load_autoAddTasks__C
0000b2ee   ti_sysbios_utils_Load_hwiEnabled__C
0000b2f0   ti_sysbios_utils_Load_updateInIdle__C
0000b2f2   ti_uia_runtime_LoggerStopMode_Module__id__C
0000b2f4   ti_uia_runtime_LoggerStopMode_filterByLevel__C
0000b2f6   ti_uia_runtime_LoggerStopMode_isTimestampEnabled__C
0000b2f8   xdc_runtime_Core_Module__id__C
0000b2fa   xdc_runtime_Error_Module__loggerDefined__C
0000b2fc   xdc_runtime_Error_maxDepth__C
0000b2fe   xdc_runtime_Main_Module__id__C
0000b300   xdc_runtime_Main_Module__loggerDefined__C
0000b302   xdc_runtime_Memory_Module__id__C
0000b304   xdc_runtime_SysMin_flushAtExit__C
0000b306   xdc_runtime_Text_charCnt__C
0000b308   xdc_runtime_Text_isLoaded__C
0000b30a   xdc_runtime_Text_registryModsLastId__C
0000b30c   xdc_runtime_Text_unnamedModsLastId__C
0000b87c   __TI_Handler_Table_Base
0000b888   __TI_Handler_Table_Limit
0000b898   __TI_CINIT_Base
0000b8b0   __TI_CINIT_Limit
20000000   ti_sysbios_family_arm_m3_Hwi_ramVectors
20000360   ti_sysbios_knl_Task_Instance_State_0_stack__A
20000b60   ti_sysbios_knl_Task_Instance_State_1_stack__A
20001360   ti_sysbios_heaps_HeapMem_Instance_State_0_buf__A
20002360   ti_uia_runtime_LoggerStopMode_Instance_State_1_bufferArray__A
200027e0   ti_uia_runtime_LoggerStopMode_Instance_State_2_bufferArray__A
20002c60   uartTivaObjects
200030a0   xdc_runtime_SysMin_Module_State_0_outbuf__A
200034a0   ti_uia_runtime_LoggerStopMode_Instance_State_0_bufferArray__A
20003720   __CIOBUF_
20003848   ti_sysbios_knl_Task_Instance_State_0_hookEnv__A
20003850   ti_sysbios_knl_Task_Instance_State_1_hookEnv__A
20003858   value_byte_L
20003859   value_byte_R
2000385c   __stack
2000395c   __STACK_TOP
2000485c   __STACK_END
2000485c   ti_sysbios_family_arm_m3_Hwi_Module_State_0_dispatchTable__A
20004bbc   ti_sysbios_BIOS_Module__state__V
20004bdc   ti_sysbios_family_arm_lm4_Timer_Module__root__V
20004be4   ti_sysbios_family_arm_lm4_Timer_Module_State_0_handles__A
20004bfc   ti_sysbios_family_arm_lm4_Timer_Module__state__V
20004c08   ti_sysbios_family_arm_lm4_TimestampProvider_Module__state__V
20004c10   ti_sysbios_family_arm_m3_Hwi_Module__root__V
20004c18   ti_sysbios_family_arm_m3_Hwi_Module_State_0_excActive__A
20004c1c   ti_sysbios_family_arm_m3_Hwi_Module_State_0_excContext__A
20004c20   ti_sysbios_family_arm_m3_Hwi_Module_State_0_excStack__A
20004c24   ti_sysbios_gates_GateHwi_Module__root__V
20004c2c   ti_sysbios_gates_GateHwi_Object__table__V
20004c30   ti_sysbios_gates_GateMutex_Module__root__V
20004c38   ti_sysbios_hal_Hwi_Module__root__V
20004c40   ti_sysbios_hal_Timer_Module__root__V
20004c48   ti_sysbios_hal_Timer_Object__table__V
20004c50   ti_sysbios_heaps_HeapMem_Module__root__V
20004c58   ti_sysbios_heaps_HeapMem_Object__table__V
20004c70   ti_sysbios_io_DEV_Module__root__V
20004c78   ti_sysbios_io_DEV_Module_State_0_table__A
20004c98   ti_sysbios_io_DEV_Module__state__V
20004c9c   ti_sysbios_io_GIO_Module__root__V
20004ca4   ti_sysbios_knl_Clock_Module__root__V
20004cac   ti_sysbios_knl_Event_Module__root__V
20004cb8   ti_sysbios_knl_Mailbox_Module__root__V
20004cc0   ti_sysbios_knl_Queue_Module__root__V
20004cc8   ti_sysbios_knl_Semaphore_Module__root__V
20004cd4   ti_sysbios_knl_Swi_Module__root__V
20004cdc   ti_sysbios_knl_Swi_Module__state__V
20004cf8   ti_sysbios_knl_Task_Module__root__V
20004d04   ti_sysbios_knl_Task_Module_State_0_idleTask__A
20004d08   ti_sysbios_utils_Load_Module__root__V
20004d0c   ti_sysbios_utils_Load_Module_State_0_taskStartTime__A
20004d10   ti_sysbios_utils_Load_Module_State_0_runningTask__A
20004d14   ti_sysbios_xdcruntime_SemThreadSupport_Module__root__V
20004d1c   ti_uia_runtime_LogSync_Module__root__V
20004d24   ti_uia_runtime_LogSync_Module__state__V
20004d30   ti_uia_runtime_LoggerStopMode_Module__root__V
20004d38   ti_uia_runtime_LoggerStopMode_Module__state__V
20004d40   ti_uia_runtime_QueueDescriptor_Module__state__V
20004d4c   xdc_runtime_Error_Module__state__V
20004d4e   xdc_runtime_Main_Module__root__V
20004d50   xdc_runtime_Memory_Module__state__V
20004d54   xdc_runtime_Registry_Module__state__V
20004d5c   xdc_runtime_Startup_Module__state__V
20004d64   xdc_runtime_SysMin_Module__state__V
20004d70   xdc_runtime_System_Module_State_0_atexitHandlers__A
20004d90   xdc_runtime_System_Module__state__V
20004d9c   xdc_runtime_Text_Module__state__V
20004da4   xdc_runtime_knl_SemThread_Module__root__V
20004dac   xdc_runtime_knl_SyncNull_Module__root__V
20004db4   xdc_runtime_knl_SyncSemThread_Module__root__V
20004dbc   __xdc__init__addr
20004dc0   ti_uia_runtime_LoggerStopMode_Object__table__V
20004ec8   ti_sysbios_knl_Task_Object__table__V
20004f18   TSK_idle
20004f68   ti_sysbios_utils_Load_Module__state__V
20005000   ti_sysbios_knl_Swi_Module_State_0_readyQ__A
20005080   ti_sysbios_knl_Task_Module_State_0_readyQ__A
20005100   ti_sysbios_family_arm_lm4_Timer_Object__table__V
20005170   ti_sysbios_family_arm_m3_Hwi_Module__state__V
200051cc   ti_sysbios_knl_Task_Module__state__V
20005210   ti_sysbios_gates_GateMutex_Object__table__V
20005248   ti_sysbios_utils_Load_Module_State_0_taskEnv__A
20005280   ti_sysbios_family_arm_lm4_Timer_Module_State_0_device__A
200052b0   ti_sysbios_family_arm_m3_Hwi_Object__table__V
200052e0   ti_sysbios_knl_Swi_Object__table__V
20005310   ti_sysbios_knl_Clock_Module__state__V
20005340   _lock
20005344   _unlock
20005348   __TI_cleanup_ptr
2000534c   __TI_dtors_ptr
20005350   ti_uia_runtime_QueueDescriptor_gPtrToFirstDescriptor
20005354   ti_uia_runtime_QueueDescriptor_gUpdateCount
2000535c   main_func_sp
e000e000   ti_sysbios_family_arm_m3_Hwi_nvic
ffffffff   __binit__
ffffffff   __c_args__
ffffffff   binit
UNDEFED    SHT$$INIT_ARRAY$$Base
UNDEFED    SHT$$INIT_ARRAY$$Limit

[818 symbols]
