******************************************************************************
                  TI ARM Linker PC v5.1.1                      
******************************************************************************
>> Linked Tue Apr 08 11:21:31 2014

OUTPUT FILE NAME:   <rover.out>
ENTRY POINT SYMBOL: "_c_int00"  address: 000065cd


MEMORY CONFIGURATION

         name            origin    length      used     unused   attr    fill
----------------------  --------  ---------  --------  --------  ----  --------
  FLASH                 00000000   00040000  0000b596  00034a6a  R  X
  SRAM                  20000000   00008000  0000535c  00002ca4  RW X


SEGMENT ALLOCATION MAP

run origin  load origin   length   init length attrs members
----------  ----------- ---------- ----------- ----- -------
00000000    00000000    0000b598   0000b598    r-x
  00000000    00000000    00000360   00000360    r-- .resetVecs
  00000360    00000360    00007e56   00007e56    r-x .text
  000081b8    000081b8    00002e40   00002e40    r-- .const
  0000aff8    0000aff8    000005a0   000005a0    r-- .cinit
20000000    20000000    0000535c   00000000    rw-
  20000000    20000000    00000360   00000000    rw- .vecs
  20000360    20000360    000034fc   00000000    rw- .bss
  2000385c    2000385c    00001000   00000000    rw- .stack
  2000485c    2000485c    00000b00   00000000    rw- .data


SECTION ALLOCATION MAP

 output                                  attributes/
section   page    origin      length       input sections
--------  ----  ----------  ----------   ----------------
.bootVecs 
*          0    00000000    00000008     DSECT
                  00000000    00000008     boot.aem4f : boot.oem4f (.bootVecs)

.resetVecs 
*          0    00000000    00000360     
                  00000000    00000360     main_pem4f.oem4f (.resetVecs)

xdc.meta   0    00000000    000000f5     COPY SECTION
                  00000000    000000f5     main_pem4f.oem4f (xdc.meta)

.text      0    00000360    00007e56     
                  00000360    00000424     sysbios.aem4f : BIOS.obj (.text:ti_sysbios_family_arm_m3_Hwi_excDumpRegs__I)
                  00000784    00000344     ti.targets.arm.rtsarm.aem4f : System.oem4f (.text:xdc_runtime_System_doPrint__I)
                  00000ac8    000002e0     sysbios.aem4f : BIOS.obj (.text:ti_sysbios_knl_Semaphore_pend__E)
                  00000da8    000002d4     rtsv7M4_T_le_v4SPD16_eabi.lib : trgdrv.obj (.text)
                  0000107c    000002c8     uart_tivaware.aem4f : UARTTiva.oem4f (.text:UARTTiva_open)
                  00001344    00000248     sysbios.aem4f : BIOS.obj (.text:ti_sysbios_heaps_HeapMem_free__E)
                  0000158c    00000234                   : BIOS.obj (.text:ti_sysbios_heaps_HeapMem_alloc__E)
                  000017c0    00000230                   : BIOS.obj (.text:ti_sysbios_family_arm_lm4_Timer_start__E)
                  000019f0    00000210                   : BIOS.obj (.text:ti_sysbios_family_arm_m3_Hwi_excHandlerMax__I)
                  00001c00    00000204     uart_tivaware.aem4f : UARTTiva.oem4f (.text:UARTTiva_write)
                  00001e04    000001f8                         : UARTTiva.oem4f (.text:UARTTiva_read)
                  00001ffc    000001cc                         : UARTTiva.oem4f (.text:UARTTiva_hwiIntFxn)
                  000021c8    000001a0     ti.uia.runtime.aem4f : LoggerStopMode.oem4f (.text:ti_uia_runtime_LoggerStopMode_write8__E)
                  00002368    0000016c     uart_tivaware.aem4f : UARTTiva.oem4f (.text:writeData)
                  000024d4    00000168                         : UARTTiva.oem4f (.text:UARTTiva_readPolling)
                  0000263c    00000168     sysbios.aem4f : BIOS.obj (.text:ti_sysbios_family_arm_m3_Hwi_excBusFault__I)
                  000027a4    00000160     uart_tivaware.aem4f : UARTTiva.oem4f (.text:readData)
                  00002904    0000015c                         : UARTTiva.oem4f (.text:UARTTiva_writePolling)
                  00002a60    0000015c     ti.uia.runtime.aem4f : LoggerStopMode.oem4f (.text:ti_uia_runtime_LoggerStopMode_writeMemoryRange__E)
                  00002bbc    00000154     sysbios.aem4f : BIOS.obj (.text:ti_sysbios_family_arm_m3_Hwi_excUsageFault__I)
                  00002d10    00000144                   : BIOS.obj (.text:ti_sysbios_knl_Semaphore_post__E)
                  00002e54    00000140                   : BIOS.obj (.text:ti_sysbios_family_arm_m3_Hwi_dispatchC__I)
                  00002f94    00000140                   : BIOS.obj (.text:ti_sysbios_family_arm_m3_Hwi_excMemFault__I)
                  000030d4    0000013c     ti.uia.runtime.aem4f : LoggerStopMode.oem4f (.text:ti_uia_runtime_LoggerStopMode_write4__E)
                  00003210    0000013c     ti.targets.arm.rtsarm.aem4f : Error.oem4f (.text:xdc_runtime_Error_raiseX__F)
                  0000334c    00000138     sysbios.aem4f : BIOS.obj (.text:ti_sysbios_heaps_HeapMem_Instance_init__F)
                  00003484    00000138                   : BIOS.obj (.text:ti_sysbios_utils_Load_logLoads__I)
                  000035bc    00000134                   : m3_Hwi_asm.obj (.text:ti_sysbios_family_arm_m3_Hwi_dispatch__I)
                  000036f0    00000130     driverlib.lib : gpio.obj (.text:GPIOPadConfigSet)
                  00003820    00000130     sysbios.aem4f : BIOS.obj (.text:ti_sysbios_utils_Load_updateThreadContexts__E)
                  00003950    0000012c                   : BIOS.obj (.text:ti_sysbios_family_arm_lm4_TimestampProvider_get64__E)
                  00003a7c    0000012c                   : BIOS.obj (.text:ti_sysbios_knl_Clock_workFunc__E)
                  00003ba8    0000012c                   : BIOS.obj (.text:ti_sysbios_knl_Task_exit__E)
                  00003cd4    00000124     EK_LM4F120XL.obj (.text:EK_LM4F120XL_initUART)
                  00003df8    00000120     sysbios.aem4f : BIOS.obj (.text:ti_sysbios_knl_Swi_run__I)
                  00003f18    0000010c     Boot.aem4f : Boot_sysctl.oem4f (.text:ti_catalog_arm_cortexm4_tiva_ce_Boot_sysCtlClockSetI__I)
                  00004024    00000104     ti.targets.arm.rtsarm.aem4f : Core-mem.oem4f (.text:xdc_runtime_Core_createObject__I)
                  00004128    00000104     main_pem4f.oem4f (.text:xdc_runtime_System_printfExtend__I)
                  0000422c    000000fc     sysbios.aem4f : BIOS.obj (.text:ti_sysbios_knl_Task_schedule__I)
                  00004328    000000f8                   : BIOS.obj (.text:ti_sysbios_knl_Task_startCore__E)
                  00004420    000000f8     ti.targets.arm.rtsarm.aem4f : Startup.oem4f (.text:xdc_runtime_Startup_startMods__I)
                  00004518    000000f4     rtsv7M4_T_le_v4SPD16_eabi.lib : dtor_list.obj (.text)
                  0000460c    000000f4     sysbios.aem4f : BIOS.obj (.text:ti_sysbios_knl_Task_postInit__I)
                  00004700    000000e8     gpio_tivaware.aem4f : GPIO.oem4f (.text:GPIO_write)
                  000047e8    000000e8     sysbios.aem4f : BIOS.obj (.text:ti_sysbios_family_arm_m3_Hwi_initNVIC__E)
                  000048d0    000000e8                   : BIOS.obj (.text:ti_sysbios_io_DEV_postInit__I)
                  000049b8    000000c0     uart_tivaware.aem4f : UARTTiva.oem4f (.text:UARTTiva_writeCancel)
                  00004a78    000000bc                         : UARTTiva.oem4f (.text:UARTTiva_readCancel)
                  00004b34    000000bc     sysbios.aem4f : BIOS.obj (.text:ti_sysbios_knl_Task_unblockI__E)
                  00004bf0    000000b8                   : BIOS.obj (.text:ti_sysbios_family_arm_lm4_TimestampProvider_get32__E)
                  00004ca8    000000b4                   : BIOS.obj (.text:ti_sysbios_family_arm_m3_Hwi_excHardFault__I)
                  00004d5c    000000b4                   : BIOS.obj (.text:ti_sysbios_gates_GateMutex_enter__E)
                  00004e10    000000b4                   : BIOS.obj (.text:ti_sysbios_knl_Task_checkStacks__E)
                  00004ec4    000000b0                   : BIOS.obj (.text:ti_sysbios_family_arm_m3_Hwi_excDebugMon__I)
                  00004f74    000000b0                   : BIOS.obj (.text:ti_sysbios_utils_Load_idleFxn__E)
                  00005024    000000b0                   : BIOS.obj (.text:ti_sysbios_utils_Load_updateLoads__E)
                  000050d4    000000ac                   : BIOS.obj (.text:ti_sysbios_family_arm_lm4_Timer_enableTiva__I)
                  00005180    000000a8                   : BIOS.obj (.text:ti_sysbios_knl_Semaphore_Instance_init__F)
                  00005228    000000a8                   : BIOS.obj (.text:ti_sysbios_knl_Swi_post__E)
                  000052d0    000000a8                   : BIOS.obj (.text:ti_sysbios_knl_Task_blockI__E)
                  00005378    000000a4                   : BIOS.obj (.text:ti_sysbios_family_arm_lm4_Timer_enableTimers__I)
                  0000541c    000000a4                   : BIOS.obj (.text:ti_sysbios_family_arm_m3_Hwi_Module_startup__F)
                  000054c0    000000a1     main.obj (.text:tcp_connection)
                  00005561    00000001     --HOLE-- [fill = 0]
                  00005562    00000002     sysbios.aem4f : BIOS.obj (.text:ti_sysbios_BIOS_nullFunc__I)
                  00005564    000000a0     uart_tivaware.aem4f : UARTTiva.oem4f (.text:UARTTiva_close)
                  00005604    000000a0     auto_init.aem4f : auto_init.oem4f (.text)
                  000056a4    0000009c     rtsv7M4_T_le_v4SPD16_eabi.lib : memcpy_t2.obj (.text)
                  00005740    0000009a     ti.targets.arm.rtsarm.aem4f : Text.oem4f (.text:xdc_runtime_Text_putSite__F)
                  000057da    00000002     sysbios.aem4f : BIOS.obj (.text:ti_sysbios_gates_GateHwi_Instance_init__F)
                  000057dc    00000094     Boot.aem4f : Boot.oem4f (.text:ti_catalog_arm_cortexm4_tiva_ce_Boot_sysCtlClockSet__E)
                  00005870    00000094     ti.targets.arm.rtsarm.aem4f : Text.oem4f (.text:xdc_runtime_Text_putMod__F)
                  00005904    00000090     sysbios.aem4f : BIOS.obj (.text:ti_sysbios_family_arm_m3_Hwi_Instance_init__F)
                  00005994    0000008c                   : m3_TaskSupport_asm.obj (.text:ti_sysbios_family_arm_m3_TaskSupport_buildTaskStack)
                  00005a20    00000088     EK_LM4F120XL.obj (.text:EK_LM4F120XL_initGPIO)
                  00005aa8    00000088     sysbios.aem4f : BIOS.obj (.text:ti_sysbios_utils_Load_addTask__E)
                  00005b30    00000084     ti.uia.runtime.aem4f : LoggerStopMode.oem4f (.text:ti_uia_runtime_LoggerStopMode_setFilterLevel__E)
                  00005bb4    00000080     sysbios.aem4f : BIOS.obj (.text:ti_sysbios_knl_Task_Module_startup__F)
                  00005c34    0000007e     ti.uia.runtime.aem4f : LoggerStopMode.oem4f (.text:ti_uia_runtime_LoggerStopMode_getContents__E)
                  00005cb2    00000078     rtsv7M4_T_le_v4SPD16_eabi.lib : memset_t2.obj (.text)
                  00005d2a    00000002     main_pem4f.oem4f (.text:xdc_runtime_Startup_reset__I)
                  00005d2c    00000078     sysbios.aem4f : BIOS.obj (.text:ti_sysbios_utils_Load_updateCurrentThreadTime__E)
                  00005da4    00000074                   : BIOS.obj (.text:ti_sysbios_family_arm_lm4_Timer_isrStub__E)
                  00005e18    00000070     main_pem4f.oem4f (.text:ti_sysbios_family_arm_m3_Hwi_Object__create__S)
                  00005e88    00000070     sysbios.aem4f : BIOS.obj (.text:ti_sysbios_family_arm_m3_Hwi_reconfig__E)
                  00005ef8    00000070                   : BIOS.obj (.text:ti_sysbios_utils_Load_taskDeleteHook__E)
                  00005f68    00000070     ti.uia.runtime.aem4f : LoggerStopMode.oem4f (.text:ti_uia_runtime_LoggerStopMode_getFilterLevel__E)
                  00005fd8    00000070                          : LoggerStopMode.oem4f (.text:ti_uia_runtime_LoggerStopMode_writeBlockOfMemory__I)
                  00006048    00000070                          : QueueDescriptor.oem4f (.text:ti_uia_runtime_QueueDescriptor_addToList__E)
                  000060b8    00000070     ti.targets.arm.rtsarm.aem4f : Memory.oem4f (.text:xdc_runtime_Memory_alloc__F)
                  00006128    0000006c     sysbios.aem4f : BIOS.obj (.text:ti_sysbios_utils_Load_taskCreateHook__E)
                  00006194    0000006c     ti.targets.arm.rtsarm.aem4f : Error.oem4f (.text:xdc_runtime_Error_print__F)
                  00006200    00000068     sysbios.aem4f : BIOS.obj (.text:ti_sysbios_BIOS_rtsUnlock__I)
                  00006268    00000066     ti.targets.arm.rtsarm.aem4f : Core-mem.oem4f (.text:xdc_runtime_Core_deleteObject__I)
                  000062ce    00000002     --HOLE-- [fill = 0]
                  000062d0    00000064     sysbios.aem4f : BIOS.obj (.text:ti_sysbios_knl_Clock_logTick__E)
                  00006334    00000064                   : BIOS.obj (.text:ti_sysbios_utils_Load_logCPULoad__I)
                  00006398    00000060     rtsv7M4_T_le_v4SPD16_eabi.lib : trgmsg.obj (.text)
                  000063f8    00000060     main_pem4f.oem4f (.text:ti_uia_runtime_LoggerStopMode_Object__create__S)
                  00006458    0000005e     rtsv7M4_T_le_v4SPD16_eabi.lib : copy_decompress_rle.obj (.text)
                  000064b6    00000002     --HOLE-- [fill = 0]
                  000064b8    0000005c     sysbios.aem4f : BIOS.obj (.text:ti_sysbios_family_arm_lm4_Timer_Module_startup__F)
                  00006514    0000005b     ti.targets.arm.rtsarm.aem4f : Text.oem4f (.text:xdc_runtime_Text_putLab__F)
                  0000656f    00000001     --HOLE-- [fill = 0]
                  00006570    0000005a     ti.uia.runtime.aem4f : LoggerStopMode.oem4f (.text:ti_uia_runtime_LoggerStopMode_readBlockOfMemory__I)
                  000065ca    00000002     --HOLE-- [fill = 0]
                  000065cc    00000058     boot.aem4f : boot.oem4f (.text)
                  00006624    00000058     sysbios.aem4f : BIOS.obj (.text:ti_sysbios_knl_Swi_restoreHwi__E)
                  0000667c    00000058                   : BIOS.obj (.text:ti_sysbios_knl_Swi_schedule__I)
                  000066d4    00000054     ti.uia.runtime.aem4f : QueueDescriptor.oem4f (.text:ti_uia_runtime_QueueDescriptor_removeFromList__E)
                  00006728    00000053     main.obj (.text:init_uart)
                  0000677b    00000001     --HOLE-- [fill = 0]
                  0000677c    00000050     sysbios.aem4f : BIOS.obj (.text:ti_sysbios_utils_Load_taskSwitchHook__E)
                  000067cc    00000050     ti.targets.arm.rtsarm.aem4f : Startup.oem4f (.text:xdc_runtime_Startup_exec__F)
                  0000681c    00000050                                 : System.oem4f (.text:xdc_runtime_System_formatNum__I)
                  0000686c    00000050                                 : Text.oem4f (.text:xdc_runtime_Text_visitRope2__I)
                  000068bc    0000004c     sysbios.aem4f : BIOS.obj (.text:ti_sysbios_knl_Swi_runLoop__I)
                  00006908    00000048     driverlib.lib : gpio.obj (.text:GPIOPinConfigure)
                  00006950    00000048     uart_tivaware.aem4f : UART.oem4f (.text:UART_open)
                  00006998    00000048     sysbios.aem4f : BIOS.obj (.text:ti_sysbios_BIOS_errorRaiseHook__I)
                  000069e0    00000048                   : BIOS.obj (.text:ti_sysbios_family_arm_m3_Hwi_excReserved__I)
                  00006a28    00000048                   : BIOS.obj (.text:ti_sysbios_heaps_HeapMem_getStats__E)
                  00006a70    00000048     ti.targets.arm.rtsarm.aem4f : Assert.oem4f (.text:xdc_runtime_Assert_raise__I)
                  00006ab8    00000048                                 : Core-params.oem4f (.text:xdc_runtime_Core_assignParams__I)
                  00006b00    00000046     ti.uia.runtime.aem4f : LoggerStopMode.oem4f (.text:ti_uia_runtime_LoggerStopMode_Instance_init__F)
                  00006b46    00000002     --HOLE-- [fill = 0]
                  00006b48    00000044     rtsv7M4_T_le_v4SPD16_eabi.lib : cpy_tbl.obj (.text)
                  00006b8c    00000044                                   : exit.obj (.text)
                  00006bd0    00000044     sysbios.aem4f : BIOS.obj (.text:ti_sysbios_family_arm_lm4_Timer_stop__E)
                  00006c14    00000044                   : BIOS.obj (.text:ti_sysbios_family_arm_m3_Hwi_disableInterrupt__E)
                  00006c58    00000044                   : BIOS.obj (.text:ti_sysbios_family_arm_m3_Hwi_enableInterrupt__E)
                  00006c9c    00000044                   : BIOS.obj (.text:ti_sysbios_knl_Task_allBlockedFunction__I)
                  00006ce0    00000044     ti.uia.runtime.aem4f : LoggerStopMode.oem4f (.text:ti_uia_runtime_LoggerStopMode_filterOutEvent__I)
                  00006d24    00000044                          : LoggerStopMode.oem4f (.text:ti_uia_runtime_LoggerStopMode_reset__F)
                  00006d68    00000044     ti.targets.arm.rtsarm.aem4f : SysMin.oem4f (.text:xdc_runtime_SysMin_flush__F)
                  00006dac    00000042     driverlib.lib : uart.obj (.text:UARTConfigSetExpClk)
                  00006dee    00000042     sysbios.aem4f : BIOS.obj (.text:ti_sysbios_knl_Semaphore_pendTimeout__I)
                  00006e30    00000040     EK_LM4F120XL.obj (.text:EK_LM4F120XL_initGeneral)
                  00006e70    00000040     sysbios.aem4f : BIOS.obj (.text:ti_sysbios_family_arm_lm4_Timer_startup__E)
                  00006eb0    00000040     main_pem4f.oem4f (.text:ti_sysbios_knl_Semaphore_Object__create__S)
                  00006ef0    00000040     ti.targets.arm.rtsarm.aem4f : System.oem4f (.text:xdc_runtime_System_atexit__F)
                  00006f30    0000003c     sysbios.aem4f : BIOS.obj (.text:ti_sysbios_family_arm_m3_Hwi_excSvCall__I)
                  00006f6c    0000003c                   : BIOS.obj (.text:ti_sysbios_heaps_HeapMem_init__I)
                  00006fa8    0000003c                   : BIOS.obj (.text:ti_sysbios_knl_Swi_startup__E)
                  00006fe4    0000003c     ti.targets.arm.rtsarm.aem4f : Text.oem4f (.text:xdc_runtime_Text_xprintf__I)
                  00007020    00000038     uart_tivaware.aem4f : UART.oem4f (.text:UART_init)
                  00007058    00000038     sysbios.aem4f : BIOS.obj (.text:ti_sysbios_family_arm_m3_Hwi_excNoIsr__I)
                  00007090    00000038                   : BIOS.obj (.text:ti_sysbios_family_arm_m3_Hwi_getStackInfo__E)
                  000070c8    00000038                   : BIOS.obj (.text:ti_sysbios_family_arm_m3_TaskSupport_start__E)
                  00007100    00000038     main_pem4f.oem4f (.text:ti_sysbios_gates_GateHwi_Object__create__S)
                  00007138    00000038     main_pem4f.oem4f (.text:ti_sysbios_gates_GateMutex_Object__create__S)
                  00007170    00000038     main_pem4f.oem4f (.text:ti_sysbios_heaps_HeapMem_Object__create__S)
                  000071a8    00000038     main_pem4f.oem4f (.text:ti_sysbios_knl_Queue_Object__create__S)
                  000071e0    00000038     ti.targets.arm.rtsarm.aem4f : SysMin.oem4f (.text:xdc_runtime_SysMin_putch__F)
                  00007218    00000034     driverlib.lib : sysctl.obj (.text:SysCtlPeripheralEnable)
                  0000724c    00000034     uart_tivaware.aem4f : UART.oem4f (.text:UART_Params_init)
                  00007280    00000034                         : UART.oem4f (.text:UART_read)
                  000072b4    00000034                         : UART.oem4f (.text:UART_write)
                  000072e8    00000034     main.obj (.text:init_mux_pins)
                  0000731c    00000034     main.obj (.text:main)
                  00007350    00000034     sysbios.aem4f : BIOS.obj (.text:ti_sysbios_family_arm_m3_Hwi_excNmi__I)
                  00007384    00000034                   : BIOS.obj (.text:ti_sysbios_hal_Hwi_checkStack:ti_sysbios_hal_Hwi_checkStack)
                  000073b8    00000030     main_pem4f.oem4f (.text:ti_sysbios_BIOS_exitFunc__I)
                  000073e8    00000030     sysbios.aem4f : BIOS.obj (.text:ti_sysbios_knl_Idle_run__E)
                  00007418    00000030     ti.targets.arm.rtsarm.aem4f : Core-label.oem4f (.text:xdc_runtime_Core_assignLabel__I)
                  00007448    00000030                                 : SysMin.oem4f (.text:xdc_runtime_SysMin_abort__F)
                  00007478    0000002f                                 : Text.oem4f (.text:xdc_runtime_Text_printVisFxn__I)
                  000074a7    00000001     --HOLE-- [fill = 0]
                  000074a8    0000002e     main_pem4f.oem4f (.text:malloc)
                  000074d6    0000002c     sysbios.aem4f : BIOS.obj (.text:ti_sysbios_hal_Hwi_initStack:ti_sysbios_hal_Hwi_initStack)
                  00007502    00000002     --HOLE-- [fill = 0]
                  00007504    0000002c                   : BIOS.obj (.text:ti_sysbios_io_DEV_Module_startup__F)
                  00007530    0000002c     main_pem4f.oem4f (.text:ti_sysbios_knl_Clock_doTick__I)
                  0000755c    0000002c     sysbios.aem4f : BIOS.obj (.text:ti_sysbios_knl_Task_restore__E)
                  00007588    0000002c     ti.uia.runtime.aem4f : LoggerStopMode.oem4f (.text:ti_uia_runtime_LoggerStopMode_Module_startup__F)
                  000075b4    0000002c                          : LoggerStopMode.oem4f (.text:ti_uia_runtime_LoggerStopMode_disable__E)
                  000075e0    0000002c                          : LoggerStopMode.oem4f (.text:ti_uia_runtime_LoggerStopMode_enable__E)
                  0000760c    0000002c     ti.targets.arm.rtsarm.aem4f : System.oem4f (.text:xdc_runtime_System_rtsExit__I)
                  00007638    0000002c                                 : Text.oem4f (.text:xdc_runtime_Text_cordText__F)
                  00007664    0000002a     driverlib.lib : gpio.obj (.text:GPIODirModeSet)
                  0000768e    0000002a     ti.targets.arm.rtsarm.aem4f : System.oem4f (.text:xdc_runtime_System_putchar__I)
                  000076b8    00000028     sysbios.aem4f : m3_Hwi_asm_switch.obj (.text:ti_sysbios_family_arm_m3_Hwi_initStacks__E)
                  000076e0    00000028                   : BIOS.obj (.text:ti_sysbios_gates_GateMutex_Instance_init__F)
                  00007708    00000028     ti.uia.runtime.aem4f : LogSync.oem4f (.text:ti_uia_runtime_LogSync_Module_startup__F)
                  00007730    00000028                          : QueueDescriptor.oem4f (.text:ti_uia_runtime_QueueDescriptor_initHeader__E)
                  00007758    00000026     ti.targets.arm.rtsarm.aem4f : System.oem4f (.text:xdc_runtime_System_avprintf__F)
                  0000777e    00000002     --HOLE-- [fill = 0]
                  00007780    00000024     gpio_tivaware.aem4f : GPIO.oem4f (.text:GPIO_init)
                  000077a4    00000024     sysbios.aem4f : BIOS.obj (.text:ti_sysbios_BIOS_registerRTSLock__I)
                  000077c8    00000024     main_pem4f.oem4f (.text:ti_sysbios_BIOS_startFunc__I)
                  000077ec    00000024     sysbios.aem4f : BIOS.obj (.text:ti_sysbios_family_arm_m3_Hwi_Instance_finalize__F)
                  00007810    00000024                   : BIOS.obj (.text:ti_sysbios_family_arm_m3_Hwi_doTaskRestore__I)
                  00007834    00000024     main_pem4f.oem4f (.text:ti_sysbios_gates_GateMutex_Object__delete__S)
                  00007858    00000024     sysbios.aem4f : BIOS.obj (.text:ti_sysbios_knl_Clock_Module_startup__F)
                  0000787c    00000024                   : BIOS.obj (.text:ti_sysbios_knl_Swi_Module_startup__F)
                  000078a0    00000024     ti.uia.runtime.aem4f : LoggerStopMode.oem4f (.text:ti_uia_runtime_LoggerStopMode_Instance_finalize__F)
                  000078c4    00000024     ti.targets.arm.rtsarm.aem4f : System.oem4f (.text:xdc_runtime_System_vprintf__F)
                  000078e8    00000022     main.obj (.text:ti_sysbios_knl_Queue_create)
                  0000790a    00000022     main_pem4f.oem4f (.text:xdc_runtime_SysMin_output__I)
                  0000792c    00000020     sysbios.aem4f : m3_Hwi_asm_switch.obj (.text:ti_sysbios_family_xxx_Hwi_switchAndRunFunc)
                  0000794c    00000020     main_pem4f.oem4f (.text:ti_sysbios_gates_GateHwi_Object__delete__S)
                  0000796c    00000020     main_pem4f.oem4f (.text:ti_sysbios_heaps_HeapMem_Object__delete__S)
                  0000798c    00000020     main_pem4f.oem4f (.text:ti_sysbios_knl_Semaphore_Object__destruct__S)
                  000079ac    00000020     sysbios.aem4f : BIOS.obj (.text:ti_sysbios_knl_Task_enter__I)
                  000079cc    00000020     main_pem4f.oem4f (.text:ti_uia_runtime_LoggerStopMode_Object__delete__S)
                  000079ec    00000020     ti.targets.arm.rtsarm.aem4f : Registry.oem4f (.text:xdc_runtime_Registry_findById__F)
                  00007a0c    00000020                                 : SysMin.oem4f (.text:xdc_runtime_SysMin_Module_startup__F)
                  00007a2c    0000001c     driverlib.lib : uart.obj (.text:UARTDisable)
                  00007a48    0000001c     sysbios.aem4f : BIOS.obj (.text:ti_sysbios_BIOS_rtsLock__I)
                  00007a64    0000001c     main_pem4f.oem4f (.text:ti_sysbios_family_arm_m3_Hwi_Object__destruct__S)
                  00007a80    0000001c     main_pem4f.oem4f (.text:ti_sysbios_knl_Queue_Object__destruct__S)
                  00007a9c    0000001c     ti.targets.arm.rtsarm.aem4f : Error.oem4f (.text:xdc_runtime_Error_check__F)
                  00007ab8    0000001c                                 : Memory.oem4f (.text:xdc_runtime_Memory_valloc__F)
                  00007ad4    0000001c                                 : SysMin.oem4f (.text:xdc_runtime_SysMin_exit__F)
                  00007af0    0000001a     rtsv7M4_T_le_v4SPD16_eabi.lib : strcat.obj (.text)
                  00007b0a    0000001a     main_pem4f.oem4f (.text:ti_sysbios_family_arm_m3_Hwi_Handle__label__S)
                  00007b24    0000001a     main_pem4f.oem4f (.text:ti_sysbios_gates_GateHwi_Handle__label__S)
                  00007b3e    0000001a     main_pem4f.oem4f (.text:ti_sysbios_gates_GateMutex_Handle__label__S)
                  00007b58    0000001a     main_pem4f.oem4f (.text:ti_sysbios_heaps_HeapMem_Handle__label__S)
                  00007b72    0000001a     main_pem4f.oem4f (.text:ti_sysbios_knl_Swi_Handle__label__S)
                  00007b8c    0000001a     main_pem4f.oem4f (.text:ti_sysbios_knl_Task_Handle__label__S)
                  00007ba6    0000001a     main_pem4f.oem4f (.text:ti_uia_runtime_LoggerStopMode_Handle__label__S)
                  00007bc0    0000001a     main_pem4f.oem4f (.text:xdc_runtime_System_aprintf__E)
                  00007bda    0000001a     main_pem4f.oem4f (.text:xdc_runtime_System_printf__E)
                  00007bf4    00000018     driverlib.lib : gpio.obj (.text:GPIOPinTypeGPIOOutput)
                  00007c0c    00000018     main_pem4f.oem4f (.text:free)
                  00007c24    00000018     rtsv7M4_T_le_v4SPD16_eabi.lib : args_main.obj (.text)
                  00007c3c    00000018     main_pem4f.oem4f (.text:ti_sysbios_family_arm_lm4_Timer_Module__startupDone__F)
                  00007c54    00000018     main_pem4f.oem4f (.text:ti_sysbios_family_arm_m3_Hwi_Module__startupDone__F)
                  00007c6c    00000018     sysbios.aem4f : m3_TaskSupport_asm.obj (.text:ti_sysbios_family_arm_m3_TaskSupport_swap__E)
                  00007c84    00000018                   : BIOS.obj (.text:ti_sysbios_gates_GateMutex_leave__E)
                  00007c9c    00000018     main_pem4f.oem4f (.text:ti_sysbios_hal_Timer_Module__startupDone__F)
                  00007cb4    00000018     ti.targets.arm.rtsarm.aem4f : Text.oem4f (.text:xdc_runtime_Text_ropeText__F)
                  00007ccc    00000016     ti.uia.runtime.aem4f : LoggerStopMode.oem4f (.text:ti_uia_runtime_LoggerStopMode_getFreeSize__E)
                  00007ce2    00000016                          : LoggerStopMode.oem4f (.text:ti_uia_runtime_LoggerStopMode_getUnreadSize__E)
                  00007cf8    00000014     driverlib.lib : uart.obj (.text:UARTEnable)
                  00007d0c    00000014     rtsv7M4_T_le_v4SPD16_eabi.lib : _lock.obj (.text)
                  00007d20    00000014                                   : strlen.obj (.text)
                  00007d34    00000014     sysbios.aem4f : BIOS.obj (.text:ti_sysbios_family_arm_m3_Hwi_switchFromBootStack__E)
                  00007d48    00000014     main_pem4f.oem4f (.text:ti_sysbios_heaps_HeapMem_Object__get__S)
                  00007d5c    00000014     main_pem4f.oem4f (.text:ti_sysbios_knl_Swi_Object__get__S)
                  00007d70    00000014     main_pem4f.oem4f (.text:ti_sysbios_knl_Task_Object__get__S)
                  00007d84    00000014     ti.targets.arm.rtsarm.aem4f : System.oem4f (.text:xdc_runtime_System_abort__F)
                  00007d98    00000012     driverlib.lib : gpio.obj (.text:GPIOPinTypeGPIOInput)
                  00007daa    00000012                   : gpio.obj (.text:GPIOPinTypeUART)
                  00007dbc    00000012     rtsv7M4_T_le_v4SPD16_eabi.lib : copy_zero_init.obj (.text:decompress:ZI)
                  00007dce    00000012     sysbios.aem4f : BIOS.obj (.text:ti_sysbios_hal_Hwi_Module_startup__F)
                  00007de0    00000012                   : BIOS.obj (.text:ti_sysbios_hal_Timer_Module_startup__F)
                  00007df2    00000012     ti.uia.runtime.aem4f : LoggerStopMode.oem4f (.text:ti_uia_runtime_LoggerStopMode_write1__E)
                  00007e04    00000012                          : LoggerStopMode.oem4f (.text:ti_uia_runtime_LoggerStopMode_write2__E)
                  00007e16    00000012     main_pem4f.oem4f (.text:xdc_runtime_Startup_exec__I)
                  00007e28    00000010     rtsv7M4_T_le_v4SPD16_eabi.lib : strcpy.obj (.text)
                  00007e38    00000010     sysbios.aem4f : BIOS.obj (.text:ti_sysbios_BIOS_getCpuFreq__E)
                  00007e48    00000010                   : BIOS.obj (.text:ti_sysbios_BIOS_setThreadType__E)
                  00007e58    00000010                   : BIOS.obj (.text:ti_sysbios_BIOS_start__E)
                  00007e68    00000010                   : BIOS.obj (.text:ti_sysbios_family_arm_lm4_TimestampProvider_rolloverFunc__E)
                  00007e78    00000010                   : BIOS.obj (.text:ti_sysbios_family_arm_m3_Hwi_excHandler__I)
                  00007e88    00000010                   : m3_TaskSupport_asm.obj (.text:ti_sysbios_family_arm_m3_TaskSupport_glue)
                  00007e98    00000010                   : m3_Hwi_asm_switch.obj (.text:ti_sysbios_family_xxx_Hwi_switchToIsrStack)
                  00007ea8    00000010                   : BIOS.obj (.text:ti_sysbios_gates_GateMutex_Instance_finalize__F)
                  00007eb8    00000010     main_pem4f.oem4f (.text:ti_sysbios_io_DEV_Object__get__S)
                  00007ec8    00000010     sysbios.aem4f : BIOS.obj (.text:ti_sysbios_knl_Semaphore_Instance_finalize__F)
                  00007ed8    00000010                   : BIOS.obj (.text:ti_sysbios_knl_Swi_disable__E)
                  00007ee8    00000010                   : BIOS.obj (.text:ti_sysbios_knl_Task_disable__E)
                  00007ef8    00000010     main_pem4f.oem4f (.text:ti_uia_runtime_LoggerStopMode_Object__get__S)
                  00007f08    00000010     ti.uia.runtime.aem4f : LoggerStopMode.oem4f (.text:ti_uia_runtime_LoggerStopMode_write0__E)
                  00007f18    00000010     ti.targets.arm.rtsarm.aem4f : Gate.oem4f (.text:xdc_runtime_Gate_leaveSystem__F)
                  00007f28    00000010                                 : Memory.oem4f (.text:xdc_runtime_Memory_free__F)
                  00007f38    00000010                                 : SysMin.oem4f (.text:xdc_runtime_SysMin_ready__F)
                  00007f48    00000010                                 : System.oem4f (.text:xdc_runtime_System_vsnprintf__F)
                  00007f58    00000010     main_pem4f.oem4f (.text:xdc_runtime_Text_visitRope__I)
                  00007f68    0000000e     driverlib.lib : uart.obj (.text:UARTCharGetNonBlocking)
                  00007f76    0000000e                   : uart.obj (.text:UARTCharPutNonBlocking)
                  00007f84    0000000e     rtsv7M4_T_le_v4SPD16_eabi.lib : copy_decompress_none.obj (.text:decompress:none)
                  00007f92    0000000e     sysbios.aem4f : BIOS.obj (.text:ti_sysbios_knl_Queue_empty__E)
                  00007fa0    0000000e     ti.uia.runtime.aem4f : LoggerStopMode.oem4f (.text:ti_uia_runtime_LoggerStopMode_isEmpty__E)
                  00007fae    00000002     --HOLE-- [fill = 0]
                  00007fb0    0000000c     main_pem4f.oem4f (.text:.bootCodeSection:ti_catalog_arm_cortexm4_tiva_ce_Boot_init__I)
                  00007fbc    0000000c     sysbios.aem4f : BIOS.obj (.text:ti_sysbios_family_arm_lm4_Timer_masterDisable__I)
                  00007fc8    0000000c                   : BIOS.obj (.text:ti_sysbios_family_arm_lm4_TimestampProvider_startTimer__E)
                  00007fd4    0000000c     main_pem4f.oem4f (.text:ti_sysbios_family_arm_m3_Hwi_Params__init__S)
                  00007fe0    0000000c     sysbios.aem4f : BIOS.obj (.text:ti_sysbios_family_arm_m3_Hwi_disableFxn__E)
                  00007fec    0000000c                   : BIOS.obj (.text:ti_sysbios_family_arm_m3_TaskSupport_checkStack__E)
                  00007ff8    0000000c                   : m3_Hwi_asm_switch.obj (.text:ti_sysbios_family_xxx_Hwi_switchToTaskStack)
                  00008004    0000000c                   : BIOS.obj (.text:ti_sysbios_gates_GateHwi_enter__E)
                  00008010    0000000c     main_pem4f.oem4f (.text:ti_sysbios_knl_Queue_Object__get__S)
                  0000801c    0000000c     main_pem4f.oem4f (.text:ti_sysbios_knl_Semaphore_Params__init__S)
                  00008028    0000000c     sysbios.aem4f : BIOS.obj (.text:ti_sysbios_utils_Load_taskRegHook__E)
                  00008034    0000000c     ti.targets.arm.rtsarm.aem4f : Error.oem4f (.text:xdc_runtime_Error_init__F)
                  00008040    0000000c                                 : Gate.oem4f (.text:xdc_runtime_Gate_enterSystem__F)
                  0000804c    0000000c                                 : Memory.oem4f (.text:xdc_runtime_Memory_calloc__F)
                  00008058    0000000c                                 : Memory.oem4f (.text:xdc_runtime_Memory_getMaxDefaultTypeAlign__F)
                  00008064    0000000c                                 : System.oem4f (.text:xdc_runtime_System_exit__F)
                  00008070    0000000c                                 : System.oem4f (.text:xdc_runtime_System_lastFxn__I)
                  0000807c    0000000a     driverlib.lib : uart.obj (.text:UARTCharGet)
                  00008086    0000000a                   : uart.obj (.text:UARTCharPut)
                  00008090    0000000a                   : uart.obj (.text:UARTIntDisable)
                  0000809a    0000000a                   : uart.obj (.text:UARTIntStatus)
                  000080a4    0000000a     main_pem4f.oem4f (.text:xdc_runtime_IHeap_alloc)
                  000080ae    0000000a     main_pem4f.oem4f (.text:xdc_runtime_IHeap_free)
                  000080b8    00000008     driverlib.lib : uart.obj (.text:UARTIntEnable)
                  000080c0    00000008     uart_tivaware.aem4f : UARTTiva.oem4f (.text:UARTTiva_init)
                  000080c8    00000008                         : UARTTiva.oem4f (.text:readSemCallback)
                  000080d0    00000008     sysbios.aem4f : BIOS.obj (.text:ti_sysbios_family_arm_m3_Hwi_doSwiRestore__I)
                  000080d8    00000008                   : BIOS.obj (.text:ti_sysbios_family_arm_m3_Hwi_startup__E)
                  000080e0    00000008                   : BIOS.obj (.text:ti_sysbios_knl_Idle_loop__E)
                  000080e8    00000008     uart_tivaware.aem4f : UARTTiva.oem4f (.text:writeSemCallback)
                  000080f0    00000006     driverlib.lib : gpio.obj (.text:GPIOPinWrite)
                  000080f6    00000006                   : uart.obj (.text:UARTFIFOLevelSet)
                  000080fc    00000006     ti.targets.arm.rtsarm.aem4f : xdc_noinit.oem4f (.text:__xdc__init)
                  00008102    00000006     rtsv7M4_T_le_v4SPD16_eabi.lib : copy_decompress_rle.obj (.text:decompress:rle24)
                  00008108    00000006     Boot.aem4f : Boot_sysctl.oem4f (.text:ti_catalog_arm_cortexm4_tiva_ce_Boot_sysCtlDelayI__I)
                  0000810e    00000006     sysbios.aem4f : BIOS.obj (.text:ti_sysbios_family_arm_lm4_TimestampProvider_Module_startup__F)
                  00008114    00000006                   : BIOS.obj (.text:ti_sysbios_family_arm_m3_Hwi_restoreFxn__E)
                  0000811a    00000006                   : BIOS.obj (.text:ti_sysbios_gates_GateHwi_leave__E)
                  00008120    00000006                   : BIOS.obj (.text:ti_sysbios_heaps_HeapMem_isBlocking__E)
                  00008126    00000006                   : BIOS.obj (.text:ti_sysbios_knl_Queue_Instance_init__F)
                  0000812c    00000006     ti.uia.runtime.aem4f : LoggerStopMode.oem4f (.text:ti_uia_runtime_LoggerStopMode_getPriority__E)
                  00008132    00000006                          : LoggerStopMode.oem4f (.text:ti_uia_runtime_LoggerStopMode_getTransferType__F)
                  00008138    00000006     ti.targets.arm.rtsarm.aem4f : System.oem4f (.text:xdc_runtime_System_Module_startup__F)
                  0000813e    00000004     driverlib.lib : uart.obj (.text:UARTIntClear)
                  00008142    00000004     main_pem4f.oem4f (.text:ti_sysbios_BIOS_RtsGateProxy_enter__E)
                  00008146    00000004     main_pem4f.oem4f (.text:ti_sysbios_BIOS_RtsGateProxy_leave__E)
                  0000814a    00000004     sysbios.aem4f : BIOS.obj (.text:ti_sysbios_family_arm_lm4_Timer_getPeriod__E)
                  0000814e    00000004                   : BIOS.obj (.text:ti_sysbios_family_arm_lm4_Timer_masterEnable__I)
                  00008152    00000004     main_pem4f.oem4f (.text:ti_sysbios_family_arm_m3_TaskSupport_Module__startupDone__S)
                  00008156    00000004     sysbios.aem4f : BIOS.obj (.text:ti_sysbios_gates_GateHwi_query__F)
                  0000815a    00000004                   : BIOS.obj (.text:ti_sysbios_gates_GateMutex_query__F)
                  0000815e    00000004     main_pem4f.oem4f (.text:ti_sysbios_hal_Hwi_HwiProxy_Module__startupDone__S)
                  00008162    00000004     main_pem4f.oem4f (.text:ti_sysbios_hal_Timer_TimerProxy_Module__startupDone__S)
                  00008166    00000004     main_pem4f.oem4f (.text:ti_sysbios_hal_Timer_TimerProxy_getPeriod__E)
                  0000816a    00000004     main_pem4f.oem4f (.text:ti_sysbios_heaps_HeapMem_Module_GateProxy_enter__E)
                  0000816e    00000004     main_pem4f.oem4f (.text:ti_sysbios_heaps_HeapMem_Module_GateProxy_leave__E)
                  00008172    00000004     main_pem4f.oem4f (.text:ti_sysbios_knl_Task_SupportProxy_Module__startupDone__S)
                  00008176    00000004     sysbios.aem4f : BIOS.obj (.text:ti_sysbios_knl_Task_startup__E)
                  0000817a    00000004     main_pem4f.oem4f (.text:ti_uia_runtime_LogSync_CpuTimestampProxy_Module__startupDone__S)
                  0000817e    00000004     main_pem4f.oem4f (.text:ti_uia_runtime_LogSync_GlobalTimestampProxy_Module__startupDone__S)
                  00008182    00000004     ti.uia.runtime.aem4f : LoggerStopMode.oem4f (.text:ti_uia_runtime_LoggerStopMode_getInstanceId__E)
                  00008186    00000004                          : LoggerStopMode.oem4f (.text:ti_uia_runtime_LoggerStopMode_getMaxLength__E)
                  0000818a    00000004                          : LoggerStopMode.oem4f (.text:ti_uia_runtime_LoggerStopMode_setPriority__E)
                  0000818e    00000004     ti.targets.arm.rtsarm.aem4f : Error.oem4f (.text:xdc_runtime_Error_getSite__F)
                  00008192    00000004     main_pem4f.oem4f (.text:xdc_runtime_Memory_HeapProxy_alloc__E)
                  00008196    00000004     main_pem4f.oem4f (.text:xdc_runtime_Memory_HeapProxy_free__E)
                  0000819a    00000004     main_pem4f.oem4f (.text:xdc_runtime_System_Module_GateProxy_enter__E)
                  0000819e    00000004     main_pem4f.oem4f (.text:xdc_runtime_System_Module_GateProxy_leave__E)
                  000081a2    00000004     ti.targets.arm.rtsarm.aem4f : System.oem4f (.text:xdc_runtime_System_aprintf_va__F)
                  000081a6    00000004                                 : System.oem4f (.text:xdc_runtime_System_printf_va__F)
                  000081aa    00000004     main_pem4f.oem4f (.text:xdc_runtime_System_vsnprintf__E)
                  000081ae    00000004     main_pem4f.oem4f (.text:xdc_runtime_TimestampNull_Module__startupDone__S)
                  000081b2    00000004     main_pem4f.oem4f (.text:xdc_runtime_Timestamp_Module__startupDone__S)

.const     0    000081b8    00002e40     
                  000081b8    000023a1     main_pem4f.oem4f (.const:xdc_runtime_Text_charTab__A)
                  0000a559    00000001     main_pem4f.oem4f (.const:xdc_runtime_Error_policy__C)
                  0000a55a    0000013c     main_pem4f.oem4f (.const:xdc_runtime_Text_nodeTab__A)
                  0000a696    000000d8     main_pem4f.oem4f (.const:ti_sysbios_family_arm_m3_Hwi_priorities__A)
                  0000a76e    00000002     main_pem4f.oem4f (.const:ti_catalog_arm_cortexm4_tiva_ce_Boot_Module__id__C)
                  0000a770    00000090     driverlib.lib : gpio.obj (.const:g_pui32GPIOBaseAddrs)
                  0000a800    0000006c     EK_LM4F120XL.obj (.const:UART_config)
                  0000a86c    00000060     main_pem4f.oem4f (.const:ti_uia_runtime_LoggerStopMode_Module__FXNS__C)
                  0000a8cc    00000048     main_pem4f.oem4f (.const:.string)
                  0000a914    00000040     EK_LM4F120XL.obj (.const:uartTivaHWAttrs)
                  0000a954    0000003c     EK_LM4F120XL.obj (.const:gpioHWAttrs)
                  0000a990    00000034     main_pem4f.oem4f (.const:xdc_runtime_Startup_sfxnTab__A)
                  0000a9c4    00000030     main_pem4f.oem4f (.const:ti_sysbios_family_arm_m3_Hwi_Object__PARAMS__C)
                  0000a9f4    00000030     main_pem4f.oem4f (.const:ti_sysbios_knl_Task_hooks__A)
                  0000aa24    00000030     main_pem4f.oem4f (.const:ti_uia_runtime_LoggerStopMode_Object__PARAMS__C)
                  0000aa54    00000028     main_pem4f.oem4f (.const:ti_sysbios_heaps_HeapMem_Module__FXNS__C)
                  0000aa7c    00000024     uart_tivaware.aem4f : UARTTiva.oem4f (.const:UARTTiva_fxnTable)
                  0000aaa0    00000024     main_pem4f.oem4f (.const:ti_sysbios_gates_GateHwi_Module__FXNS__C)
                  0000aac4    00000024     main_pem4f.oem4f (.const:ti_sysbios_gates_GateMutex_Module__FXNS__C)
                  0000aae8    00000024     main_pem4f.oem4f (.const:ti_sysbios_heaps_HeapMem_Object__PARAMS__C)
                  0000ab0c    00000024     main_pem4f.oem4f (.const:ti_sysbios_knl_Semaphore_Object__PARAMS__C)
                  0000ab30    00000020     main_pem4f.oem4f (.const:ti_sysbios_family_arm_m3_Hwi_Object__DESC__C)
                  0000ab50    00000020     main_pem4f.oem4f (.const:ti_sysbios_gates_GateHwi_Object__DESC__C)
                  0000ab70    00000020     main_pem4f.oem4f (.const:ti_sysbios_gates_GateMutex_Object__DESC__C)
                  0000ab90    00000020     main_pem4f.oem4f (.const:ti_sysbios_heaps_HeapMem_Object__DESC__C)
                  0000abb0    00000020     main_pem4f.oem4f (.const:ti_sysbios_knl_Queue_Object__DESC__C)
                  0000abd0    00000020     main_pem4f.oem4f (.const:ti_sysbios_knl_Semaphore_Object__DESC__C)
                  0000abf0    00000020     main_pem4f.oem4f (.const:ti_uia_runtime_LoggerStopMode_Object__DESC__C)
                  0000ac10    00000020     uart_tivaware.aem4f : UART.oem4f (.const)
                  0000ac30    0000001a     main_pem4f.oem4f (.const:xdc_runtime_Startup_sfxnRts__A)
                  0000ac4a    00000002     main_pem4f.oem4f (.const:ti_sysbios_BIOS_Module__id__C)
                  0000ac4c    00000018     EK_LM4F120XL.obj (.const)
                  0000ac64    00000018     main_pem4f.oem4f (.const:ti_sysbios_gates_GateHwi_Object__PARAMS__C)
                  0000ac7c    00000018     main_pem4f.oem4f (.const:ti_sysbios_gates_GateMutex_Object__PARAMS__C)
                  0000ac94    00000018     main_pem4f.oem4f (.const:ti_sysbios_knl_Queue_Object__PARAMS__C)
                  0000acac    00000014     main_pem4f.oem4f (.const:xdc_runtime_Startup_firstFxns__A)
                  0000acc0    00000011     ti.targets.arm.rtsarm.aem4f : System.oem4f (.const)
                  0000acd1    00000001     --HOLE-- [fill = 0]
                  0000acd2    00000002     main_pem4f.oem4f (.const:ti_sysbios_family_arm_lm4_TimestampProvider_useClockTimer__C)
                  0000acd4    00000008     main_pem4f.oem4f (.const:ti_sysbios_family_arm_m3_Hwi_excHookFuncs__A)
                  0000acdc    00000008     main_pem4f.oem4f (.const:ti_sysbios_knl_Idle_coreList__A)
                  0000ace4    00000008     main_pem4f.oem4f (.const:ti_sysbios_knl_Idle_coreList__C)
                  0000acec    00000008     main_pem4f.oem4f (.const:ti_sysbios_knl_Idle_funcList__A)
                  0000acf4    00000008     main_pem4f.oem4f (.const:ti_sysbios_knl_Idle_funcList__C)
                  0000acfc    00000008     main_pem4f.oem4f (.const:ti_sysbios_knl_Task_hooks__C)
                  0000ad04    00000008     main_pem4f.oem4f (.const:xdc_runtime_Startup_firstFxns__C)
                  0000ad0c    00000008     main_pem4f.oem4f (.const:xdc_runtime_Startup_lastFxns__A)
                  0000ad14    00000008     main_pem4f.oem4f (.const:xdc_runtime_Startup_lastFxns__C)
                  0000ad1c    00000004     main_pem4f.oem4f (.const:ti_catalog_arm_cortexm4_tiva_ce_Boot_A_mustUseEnhancedClockMode__C)
                  0000ad20    00000004     main_pem4f.oem4f (.const:ti_catalog_arm_cortexm4_tiva_ce_Boot_Module__diagsEnabled__C)
                  0000ad24    00000004     main_pem4f.oem4f (.const:ti_catalog_arm_cortexm4_tiva_ce_Boot_Module__diagsIncluded__C)
                  0000ad28    00000004     main_pem4f.oem4f (.const:ti_catalog_arm_cortexm4_tiva_ce_Boot_Module__diagsMask__C)
                  0000ad2c    00000004     main_pem4f.oem4f (.const:ti_sysbios_BIOS_Module__diagsEnabled__C)
                  0000ad30    00000004     main_pem4f.oem4f (.const:ti_sysbios_BIOS_Module__diagsIncluded__C)
                  0000ad34    00000004     main_pem4f.oem4f (.const:ti_sysbios_BIOS_Module__diagsMask__C)
                  0000ad38    00000004     main_pem4f.oem4f (.const:ti_sysbios_BIOS_installedErrorHook__C)
                  0000ad3c    00000004     main_pem4f.oem4f (.const:ti_sysbios_family_arm_lm4_Timer_enableFunc__C)
                  0000ad40    00000004     main_pem4f.oem4f (.const:ti_sysbios_family_arm_lm4_Timer_numTimerDevices__C)
                  0000ad44    00000004     main_pem4f.oem4f (.const:ti_sysbios_family_arm_lm4_Timer_startupNeeded__C)
                  0000ad48    00000004     main_pem4f.oem4f (.const:ti_sysbios_family_arm_m3_Hwi_E_NMI__C)
                  0000ad4c    00000004     main_pem4f.oem4f (.const:ti_sysbios_family_arm_m3_Hwi_E_alreadyDefined__C)
                  0000ad50    00000004     main_pem4f.oem4f (.const:ti_sysbios_family_arm_m3_Hwi_E_busFault__C)
                  0000ad54    00000004     main_pem4f.oem4f (.const:ti_sysbios_family_arm_m3_Hwi_E_debugMon__C)
                  0000ad58    00000004     main_pem4f.oem4f (.const:ti_sysbios_family_arm_m3_Hwi_E_hardFault__C)
                  0000ad5c    00000004     main_pem4f.oem4f (.const:ti_sysbios_family_arm_m3_Hwi_E_memFault__C)
                  0000ad60    00000004     main_pem4f.oem4f (.const:ti_sysbios_family_arm_m3_Hwi_E_noIsr__C)
                  0000ad64    00000004     main_pem4f.oem4f (.const:ti_sysbios_family_arm_m3_Hwi_E_reserved__C)
                  0000ad68    00000004     main_pem4f.oem4f (.const:ti_sysbios_family_arm_m3_Hwi_E_svCall__C)
                  0000ad6c    00000004     main_pem4f.oem4f (.const:ti_sysbios_family_arm_m3_Hwi_E_usageFault__C)
                  0000ad70    00000004     main_pem4f.oem4f (.const:ti_sysbios_family_arm_m3_Hwi_LD_end__C)
                  0000ad74    00000004     main_pem4f.oem4f (.const:ti_sysbios_family_arm_m3_Hwi_LM_begin__C)
                  0000ad78    00000004     main_pem4f.oem4f (.const:ti_sysbios_family_arm_m3_Hwi_Module__diagsEnabled__C)
                  0000ad7c    00000004     main_pem4f.oem4f (.const:ti_sysbios_family_arm_m3_Hwi_Module__diagsIncluded__C)
                  0000ad80    00000004     main_pem4f.oem4f (.const:ti_sysbios_family_arm_m3_Hwi_Module__diagsMask__C)
                  0000ad84    00000004     main_pem4f.oem4f (.const:ti_sysbios_family_arm_m3_Hwi_Module__loggerFxn1__C)
                  0000ad88    00000004     main_pem4f.oem4f (.const:ti_sysbios_family_arm_m3_Hwi_Module__loggerFxn8__C)
                  0000ad8c    00000004     main_pem4f.oem4f (.const:ti_sysbios_family_arm_m3_Hwi_Module__loggerObj__C)
                  0000ad90    00000004     main_pem4f.oem4f (.const:ti_sysbios_family_arm_m3_Hwi_NUM_INTERRUPTS__C)
                  0000ad94    00000004     main_pem4f.oem4f (.const:ti_sysbios_family_arm_m3_Hwi_ccr__C)
                  0000ad98    00000004     main_pem4f.oem4f (.const:ti_sysbios_family_arm_m3_Hwi_dispatchTable__C)
                  0000ad9c    00000004     main_pem4f.oem4f (.const:ti_sysbios_family_arm_m3_Hwi_excHandlerFunc__C)
                  0000ada0    00000004     main_pem4f.oem4f (.const:ti_sysbios_family_arm_m3_Hwi_excHookFuncs__C)
                  0000ada4    00000004     main_pem4f.oem4f (.const:ti_sysbios_family_arm_m3_Hwi_priGroup__C)
                  0000ada8    00000004     main_pem4f.oem4f (.const:ti_sysbios_family_arm_m3_Hwi_priorities__C)
                  0000adac    00000004     main_pem4f.oem4f (.const:ti_sysbios_gates_GateMutex_A_badContext__C)
                  0000adb0    00000004     main_pem4f.oem4f (.const:ti_sysbios_gates_GateMutex_Instance_State_sem__O)
                  0000adb4    00000004     main_pem4f.oem4f (.const:ti_sysbios_gates_GateMutex_Module__diagsEnabled__C)
                  0000adb8    00000004     main_pem4f.oem4f (.const:ti_sysbios_gates_GateMutex_Module__diagsIncluded__C)
                  0000adbc    00000004     main_pem4f.oem4f (.const:ti_sysbios_gates_GateMutex_Module__diagsMask__C)
                  0000adc0    00000004     main_pem4f.oem4f (.const:ti_sysbios_hal_Hwi_E_stackOverflow__C)
                  0000adc4    00000004     main_pem4f.oem4f (.const:ti_sysbios_heaps_HeapMem_A_align__C)
                  0000adc8    00000004     main_pem4f.oem4f (.const:ti_sysbios_heaps_HeapMem_A_heapSize__C)
                  0000adcc    00000004     main_pem4f.oem4f (.const:ti_sysbios_heaps_HeapMem_A_invalidFree__C)
                  0000add0    00000004     main_pem4f.oem4f (.const:ti_sysbios_heaps_HeapMem_A_zeroBlock__C)
                  0000add4    00000004     main_pem4f.oem4f (.const:ti_sysbios_heaps_HeapMem_E_memory__C)
                  0000add8    00000004     main_pem4f.oem4f (.const:ti_sysbios_heaps_HeapMem_Module__diagsEnabled__C)
                  0000addc    00000004     main_pem4f.oem4f (.const:ti_sysbios_heaps_HeapMem_Module__diagsIncluded__C)
                  0000ade0    00000004     main_pem4f.oem4f (.const:ti_sysbios_heaps_HeapMem_Module__diagsMask__C)
                  0000ade4    00000004     main_pem4f.oem4f (.const:ti_sysbios_heaps_HeapMem_Module__gateObj__C)
                  0000ade8    00000004     main_pem4f.oem4f (.const:ti_sysbios_heaps_HeapMem_Object__count__C)
                  0000adec    00000004     main_pem4f.oem4f (.const:ti_sysbios_heaps_HeapMem_reqAlign__C)
                  0000adf0    00000004     main_pem4f.oem4f (.const:ti_sysbios_io_DEV_Object__count__C)
                  0000adf4    00000004     main_pem4f.oem4f (.const:ti_sysbios_io_DEV_tableSize__C)
                  0000adf8    00000004     main_pem4f.oem4f (.const:ti_sysbios_knl_Clock_LM_begin__C)
                  0000adfc    00000004     main_pem4f.oem4f (.const:ti_sysbios_knl_Clock_LM_tick__C)
                  0000ae00    00000004     main_pem4f.oem4f (.const:ti_sysbios_knl_Clock_LW_delayed__C)
                  0000ae04    00000004     main_pem4f.oem4f (.const:ti_sysbios_knl_Clock_Module_State_clockQ__O)
                  0000ae08    00000004     main_pem4f.oem4f (.const:ti_sysbios_knl_Clock_Module__diagsEnabled__C)
                  0000ae0c    00000004     main_pem4f.oem4f (.const:ti_sysbios_knl_Clock_Module__diagsIncluded__C)
                  0000ae10    00000004     main_pem4f.oem4f (.const:ti_sysbios_knl_Clock_Module__diagsMask__C)
                  0000ae14    00000004     main_pem4f.oem4f (.const:ti_sysbios_knl_Clock_Module__loggerFxn1__C)
                  0000ae18    00000004     main_pem4f.oem4f (.const:ti_sysbios_knl_Clock_Module__loggerFxn2__C)
                  0000ae1c    00000004     main_pem4f.oem4f (.const:ti_sysbios_knl_Clock_Module__loggerObj__C)
                  0000ae20    00000004     main_pem4f.oem4f (.const:ti_sysbios_knl_Semaphore_A_badContext__C)
                  0000ae24    00000004     main_pem4f.oem4f (.const:ti_sysbios_knl_Semaphore_A_noEvents__C)
                  0000ae28    00000004     main_pem4f.oem4f (.const:ti_sysbios_knl_Semaphore_A_overflow__C)
                  0000ae2c    00000004     main_pem4f.oem4f (.const:ti_sysbios_knl_Semaphore_A_pendTaskDisabled__C)
                  0000ae30    00000004     main_pem4f.oem4f (.const:ti_sysbios_knl_Semaphore_Instance_State_pendQ__O)
                  0000ae34    00000004     main_pem4f.oem4f (.const:ti_sysbios_knl_Semaphore_LM_pend__C)
                  0000ae38    00000004     main_pem4f.oem4f (.const:ti_sysbios_knl_Semaphore_LM_post__C)
                  0000ae3c    00000004     main_pem4f.oem4f (.const:ti_sysbios_knl_Semaphore_Module__diagsEnabled__C)
                  0000ae40    00000004     main_pem4f.oem4f (.const:ti_sysbios_knl_Semaphore_Module__diagsIncluded__C)
                  0000ae44    00000004     main_pem4f.oem4f (.const:ti_sysbios_knl_Semaphore_Module__diagsMask__C)
                  0000ae48    00000004     main_pem4f.oem4f (.const:ti_sysbios_knl_Semaphore_Module__loggerFxn2__C)
                  0000ae4c    00000004     main_pem4f.oem4f (.const:ti_sysbios_knl_Semaphore_Module__loggerFxn4__C)
                  0000ae50    00000004     main_pem4f.oem4f (.const:ti_sysbios_knl_Semaphore_Module__loggerObj__C)
                  0000ae54    00000004     main_pem4f.oem4f (.const:ti_sysbios_knl_Swi_LD_end__C)
                  0000ae58    00000004     main_pem4f.oem4f (.const:ti_sysbios_knl_Swi_LM_begin__C)
                  0000ae5c    00000004     main_pem4f.oem4f (.const:ti_sysbios_knl_Swi_LM_post__C)
                  0000ae60    00000004     main_pem4f.oem4f (.const:ti_sysbios_knl_Swi_Module__diagsEnabled__C)
                  0000ae64    00000004     main_pem4f.oem4f (.const:ti_sysbios_knl_Swi_Module__diagsIncluded__C)
                  0000ae68    00000004     main_pem4f.oem4f (.const:ti_sysbios_knl_Swi_Module__diagsMask__C)
                  0000ae6c    00000004     main_pem4f.oem4f (.const:ti_sysbios_knl_Swi_Module__loggerFxn1__C)
                  0000ae70    00000004     main_pem4f.oem4f (.const:ti_sysbios_knl_Swi_Module__loggerFxn4__C)
                  0000ae74    00000004     main_pem4f.oem4f (.const:ti_sysbios_knl_Swi_Module__loggerObj__C)
                  0000ae78    00000004     main_pem4f.oem4f (.const:ti_sysbios_knl_Swi_Object__count__C)
                  0000ae7c    00000004     main_pem4f.oem4f (.const:ti_sysbios_knl_Task_E_spOutOfBounds__C)
                  0000ae80    00000004     main_pem4f.oem4f (.const:ti_sysbios_knl_Task_E_stackOverflow__C)
                  0000ae84    00000004     main_pem4f.oem4f (.const:ti_sysbios_knl_Task_LD_block__C)
                  0000ae88    00000004     main_pem4f.oem4f (.const:ti_sysbios_knl_Task_LD_exit__C)
                  0000ae8c    00000004     main_pem4f.oem4f (.const:ti_sysbios_knl_Task_LD_ready__C)
                  0000ae90    00000004     main_pem4f.oem4f (.const:ti_sysbios_knl_Task_LM_switch__C)
                  0000ae94    00000004     main_pem4f.oem4f (.const:ti_sysbios_knl_Task_Module_State_inactiveQ__O)
                  0000ae98    00000004     main_pem4f.oem4f (.const:ti_sysbios_knl_Task_Module__diagsEnabled__C)
                  0000ae9c    00000004     main_pem4f.oem4f (.const:ti_sysbios_knl_Task_Module__diagsIncluded__C)
                  0000aea0    00000004     main_pem4f.oem4f (.const:ti_sysbios_knl_Task_Module__diagsMask__C)
                  0000aea4    00000004     main_pem4f.oem4f (.const:ti_sysbios_knl_Task_Module__loggerFxn2__C)
                  0000aea8    00000004     main_pem4f.oem4f (.const:ti_sysbios_knl_Task_Module__loggerFxn4__C)
                  0000aeac    00000004     main_pem4f.oem4f (.const:ti_sysbios_knl_Task_Module__loggerObj__C)
                  0000aeb0    00000004     main_pem4f.oem4f (.const:ti_sysbios_knl_Task_Object__count__C)
                  0000aeb4    00000004     main_pem4f.oem4f (.const:ti_sysbios_knl_Task_Object__heap__C)
                  0000aeb8    00000004     main_pem4f.oem4f (.const:ti_sysbios_knl_Task_allBlockedFunc__C)
                  0000aebc    00000004     main_pem4f.oem4f (.const:ti_sysbios_knl_Task_numConstructedTasks__C)
                  0000aec0    00000004     main_pem4f.oem4f (.const:ti_sysbios_utils_Load_LS_cpuLoad__C)
                  0000aec4    00000004     main_pem4f.oem4f (.const:ti_sysbios_utils_Load_LS_hwiLoad__C)
                  0000aec8    00000004     main_pem4f.oem4f (.const:ti_sysbios_utils_Load_LS_taskLoad__C)
                  0000aecc    00000004     main_pem4f.oem4f (.const:ti_sysbios_utils_Load_Module_State_taskList__O)
                  0000aed0    00000004     main_pem4f.oem4f (.const:ti_sysbios_utils_Load_Module__diagsEnabled__C)
                  0000aed4    00000004     main_pem4f.oem4f (.const:ti_sysbios_utils_Load_Module__diagsIncluded__C)
                  0000aed8    00000004     main_pem4f.oem4f (.const:ti_sysbios_utils_Load_Module__diagsMask__C)
                  0000aedc    00000004     main_pem4f.oem4f (.const:ti_sysbios_utils_Load_Module__loggerFxn1__C)
                  0000aee0    00000004     main_pem4f.oem4f (.const:ti_sysbios_utils_Load_Module__loggerFxn2__C)
                  0000aee4    00000004     main_pem4f.oem4f (.const:ti_sysbios_utils_Load_Module__loggerFxn4__C)
                  0000aee8    00000004     main_pem4f.oem4f (.const:ti_sysbios_utils_Load_Module__loggerObj__C)
                  0000aeec    00000004     main_pem4f.oem4f (.const:ti_sysbios_utils_Load_postUpdate__C)
                  0000aef0    00000004     main_pem4f.oem4f (.const:ti_sysbios_utils_Load_windowInMs__C)
                  0000aef4    00000004     main_pem4f.oem4f (.const:ti_uia_runtime_ILoggerSnapshot_Interface__BASE__C)
                  0000aef8    00000004     main_pem4f.oem4f (.const:ti_uia_runtime_IUIATransfer_Interface__BASE__C)
                  0000aefc    00000004     main_pem4f.oem4f (.const:ti_uia_runtime_LoggerStopMode_E_badLevel__C)
                  0000af00    00000004     main_pem4f.oem4f (.const:ti_uia_runtime_LoggerStopMode_Object__count__C)
                  0000af04    00000004     main_pem4f.oem4f (.const:ti_uia_runtime_LoggerStopMode_overflowLogger__C)
                  0000af08    00000004     main_pem4f.oem4f (.const:ti_uia_runtime_LoggerStopMode_statusLogger__C)
                  0000af0c    00000004     main_pem4f.oem4f (.const:xdc_runtime_Assert_E_assertFailed__C)
                  0000af10    00000004     main_pem4f.oem4f (.const:xdc_runtime_Core_A_initializedParams__C)
                  0000af14    00000004     main_pem4f.oem4f (.const:xdc_runtime_Core_Module__diagsEnabled__C)
                  0000af18    00000004     main_pem4f.oem4f (.const:xdc_runtime_Core_Module__diagsIncluded__C)
                  0000af1c    00000004     main_pem4f.oem4f (.const:xdc_runtime_Core_Module__diagsMask__C)
                  0000af20    00000004     main_pem4f.oem4f (.const:xdc_runtime_Error_E_generic__C)
                  0000af24    00000004     main_pem4f.oem4f (.const:xdc_runtime_Error_E_memory__C)
                  0000af28    00000004     main_pem4f.oem4f (.const:xdc_runtime_Error_Module__diagsEnabled__C)
                  0000af2c    00000004     main_pem4f.oem4f (.const:xdc_runtime_Error_Module__diagsIncluded__C)
                  0000af30    00000004     main_pem4f.oem4f (.const:xdc_runtime_Error_Module__diagsMask__C)
                  0000af34    00000004     main_pem4f.oem4f (.const:xdc_runtime_Error_Module__loggerFxn8__C)
                  0000af38    00000004     main_pem4f.oem4f (.const:xdc_runtime_Error_Module__loggerObj__C)
                  0000af3c    00000004     main_pem4f.oem4f (.const:xdc_runtime_Error_raiseHook__C)
                  0000af40    00000004     main_pem4f.oem4f (.const:xdc_runtime_IFilterLogger_Interface__BASE__C)
                  0000af44    00000004     main_pem4f.oem4f (.const:xdc_runtime_IGateProvider_Interface__BASE__C)
                  0000af48    00000004     main_pem4f.oem4f (.const:xdc_runtime_IHeap_Interface__BASE__C)
                  0000af4c    00000004     main_pem4f.oem4f (.const:xdc_runtime_ILogger_Interface__BASE__C)
                  0000af50    00000004     main_pem4f.oem4f (.const:xdc_runtime_IModule_Interface__BASE__C)
                  0000af54    00000004     main_pem4f.oem4f (.const:xdc_runtime_Log_L_error__C)
                  0000af58    00000004     main_pem4f.oem4f (.const:xdc_runtime_Log_L_warning__C)
                  0000af5c    00000004     main_pem4f.oem4f (.const:xdc_runtime_Main_Module__diagsEnabled__C)
                  0000af60    00000004     main_pem4f.oem4f (.const:xdc_runtime_Main_Module__diagsIncluded__C)
                  0000af64    00000004     main_pem4f.oem4f (.const:xdc_runtime_Main_Module__diagsMask__C)
                  0000af68    00000004     main_pem4f.oem4f (.const:xdc_runtime_Main_Module__loggerFxn2__C)
                  0000af6c    00000004     main_pem4f.oem4f (.const:xdc_runtime_Main_Module__loggerFxn4__C)
                  0000af70    00000004     main_pem4f.oem4f (.const:xdc_runtime_Main_Module__loggerObj__C)
                  0000af74    00000004     main_pem4f.oem4f (.const:xdc_runtime_Memory_defaultHeapInstance__C)
                  0000af78    00000004     main_pem4f.oem4f (.const:xdc_runtime_Startup_execImpl__C)
                  0000af7c    00000004     main_pem4f.oem4f (.const:xdc_runtime_Startup_maxPasses__C)
                  0000af80    00000004     main_pem4f.oem4f (.const:xdc_runtime_Startup_sfxnRts__C)
                  0000af84    00000004     main_pem4f.oem4f (.const:xdc_runtime_Startup_sfxnTab__C)
                  0000af88    00000004     main_pem4f.oem4f (.const:xdc_runtime_SysMin_bufSize__C)
                  0000af8c    00000004     main_pem4f.oem4f (.const:xdc_runtime_SysMin_outputFunc__C)
                  0000af90    00000004     main_pem4f.oem4f (.const:xdc_runtime_System_Module__gateObj__C)
                  0000af94    00000004     main_pem4f.oem4f (.const:xdc_runtime_System_extendFxn__C)
                  0000af98    00000004     main_pem4f.oem4f (.const:xdc_runtime_System_maxAtexitHandlers__C)
                  0000af9c    00000004     main_pem4f.oem4f (.const:xdc_runtime_Text_charTab__C)
                  0000afa0    00000004     main_pem4f.oem4f (.const:xdc_runtime_Text_nameEmpty__C)
                  0000afa4    00000004     main_pem4f.oem4f (.const:xdc_runtime_Text_nameStatic__C)
                  0000afa8    00000004     main_pem4f.oem4f (.const:xdc_runtime_Text_nameUnknown__C)
                  0000afac    00000004     main_pem4f.oem4f (.const:xdc_runtime_Text_nodeTab__C)
                  0000afb0    00000004     main_pem4f.oem4f (.const:xdc_runtime_Text_visitRopeFxn__C)
                  0000afb4    00000002     main_pem4f.oem4f (.const:ti_sysbios_family_arm_m3_Hwi_Module__id__C)
                  0000afb6    00000002     main_pem4f.oem4f (.const:ti_sysbios_family_arm_m3_Hwi_Module__loggerDefined__C)
                  0000afb8    00000002     main_pem4f.oem4f (.const:ti_sysbios_gates_GateMutex_Module__id__C)
                  0000afba    00000002     main_pem4f.oem4f (.const:ti_sysbios_hal_Hwi_Module__id__C)
                  0000afbc    00000002     main_pem4f.oem4f (.const:ti_sysbios_heaps_HeapMem_Module__id__C)
                  0000afbe    00000002     main_pem4f.oem4f (.const:ti_sysbios_io_DEV_Module__id__C)
                  0000afc0    00000002     main_pem4f.oem4f (.const:ti_sysbios_knl_Clock_Module__id__C)
                  0000afc2    00000002     main_pem4f.oem4f (.const:ti_sysbios_knl_Clock_Module__loggerDefined__C)
                  0000afc4    00000002     main_pem4f.oem4f (.const:ti_sysbios_knl_Semaphore_Module__id__C)
                  0000afc6    00000002     main_pem4f.oem4f (.const:ti_sysbios_knl_Semaphore_Module__loggerDefined__C)
                  0000afc8    00000002     main_pem4f.oem4f (.const:ti_sysbios_knl_Swi_Module__id__C)
                  0000afca    00000002     main_pem4f.oem4f (.const:ti_sysbios_knl_Swi_Module__loggerDefined__C)
                  0000afcc    00000002     main_pem4f.oem4f (.const:ti_sysbios_knl_Task_Module__id__C)
                  0000afce    00000002     main_pem4f.oem4f (.const:ti_sysbios_knl_Task_Module__loggerDefined__C)
                  0000afd0    00000002     main_pem4f.oem4f (.const:ti_sysbios_knl_Task_initStackFlag__C)
                  0000afd2    00000002     main_pem4f.oem4f (.const:ti_sysbios_utils_Load_Module__id__C)
                  0000afd4    00000002     main_pem4f.oem4f (.const:ti_sysbios_utils_Load_Module__loggerDefined__C)
                  0000afd6    00000002     main_pem4f.oem4f (.const:ti_sysbios_utils_Load_autoAddTasks__C)
                  0000afd8    00000002     main_pem4f.oem4f (.const:ti_sysbios_utils_Load_hwiEnabled__C)
                  0000afda    00000002     main_pem4f.oem4f (.const:ti_sysbios_utils_Load_updateInIdle__C)
                  0000afdc    00000002     main_pem4f.oem4f (.const:ti_uia_runtime_LoggerStopMode_Module__id__C)
                  0000afde    00000002     main_pem4f.oem4f (.const:ti_uia_runtime_LoggerStopMode_filterByLevel__C)
                  0000afe0    00000002     main_pem4f.oem4f (.const:ti_uia_runtime_LoggerStopMode_isTimestampEnabled__C)
                  0000afe2    00000002     main_pem4f.oem4f (.const:xdc_runtime_Core_Module__id__C)
                  0000afe4    00000002     main_pem4f.oem4f (.const:xdc_runtime_Error_Module__loggerDefined__C)
                  0000afe6    00000002     main_pem4f.oem4f (.const:xdc_runtime_Error_maxDepth__C)
                  0000afe8    00000002     main_pem4f.oem4f (.const:xdc_runtime_Main_Module__id__C)
                  0000afea    00000002     main_pem4f.oem4f (.const:xdc_runtime_Main_Module__loggerDefined__C)
                  0000afec    00000002     main_pem4f.oem4f (.const:xdc_runtime_Memory_Module__id__C)
                  0000afee    00000002     main_pem4f.oem4f (.const:xdc_runtime_SysMin_flushAtExit__C)
                  0000aff0    00000002     main_pem4f.oem4f (.const:xdc_runtime_Text_charCnt__C)
                  0000aff2    00000002     main_pem4f.oem4f (.const:xdc_runtime_Text_isLoaded__C)
                  0000aff4    00000002     main_pem4f.oem4f (.const:xdc_runtime_Text_registryModsLastId__C)
                  0000aff6    00000002     main_pem4f.oem4f (.const:xdc_runtime_Text_unnamedModsLastId__C)

.cinit     0    0000aff8    000005a0     
                  0000aff8    00000568     (.cinit..data.load) [load image, compression = rle]
                  0000b560    0000000c     (__TI_handler_table)
                  0000b56c    00000004     --HOLE-- [fill = 0]
                  0000b570    00000008     (.cinit..bss.load) [load image, compression = zero_init]
                  0000b578    00000008     (.cinit..vecs.load) [load image, compression = zero_init]
                  0000b580    00000018     (__TI_cinit_table)

.vecs      0    20000000    00000360     UNINITIALIZED
                  20000000    00000360     main_pem4f.oem4f (.vecs)

.bss       0    20000360    000034fc     UNINITIALIZED
                  20000360    00001000     main_pem4f.oem4f (.bss:taskStackSection)
                  20001360    00001000     main_pem4f.oem4f (.bss:ti_sysbios_heaps_HeapMem_Instance_State_0_buf__A)
                  20002360    00000480     main_pem4f.oem4f (.bss:ti_uia_runtime_LoggerStopMode_Instance_State_1_bufferArray__A)
                  200027e0    00000480     main_pem4f.oem4f (.bss:ti_uia_runtime_LoggerStopMode_Instance_State_2_bufferArray__A)
                  20002c60    00000440     EK_LM4F120XL.obj (.bss:uartTivaObjects)
                  200030a0    00000400     main_pem4f.oem4f (.bss:xdc_runtime_SysMin_Module_State_0_outbuf__A)
                  200034a0    00000280     main_pem4f.oem4f (.bss:ti_uia_runtime_LoggerStopMode_Instance_State_0_bufferArray__A)
                  20003720    00000120     rtsv7M4_T_le_v4SPD16_eabi.lib : trgmsg.obj (.bss:__CIOBUF_)
                  20003840    00000008     (.common:parmbuf)
                  20003848    00000008     (.common:ti_sysbios_knl_Task_Instance_State_0_hookEnv__A)
                  20003850    00000008     (.common:ti_sysbios_knl_Task_Instance_State_1_hookEnv__A)
                  20003858    00000004     (.common:debug_Q)

.stack     0    2000385c    00001000     UNINITIALIZED
                  2000385c    00001000     --HOLE--

.data      0    2000485c    00000b00     UNINITIALIZED
                  2000485c    00000360     main_pem4f.oem4f (.data:ti_sysbios_family_arm_m3_Hwi_Module_State_0_dispatchTable__A)
                  20004bbc    000001fc     main_pem4f.oem4f (.data)
                  20004db8    00000108     main_pem4f.oem4f (.data:ti_uia_runtime_LoggerStopMode_Object__table__V)
                  20004ec0    000000a0     main_pem4f.oem4f (.data:ti_sysbios_knl_Task_Object__table__V)
                  20004f60    00000098     main_pem4f.oem4f (.data:ti_sysbios_utils_Load_Module__state__V)
                  20004ff8    00000080     main_pem4f.oem4f (.data:ti_sysbios_knl_Swi_Module_State_0_readyQ__A)
                  20005078    00000080     main_pem4f.oem4f (.data:ti_sysbios_knl_Task_Module_State_0_readyQ__A)
                  200050f8    00000070     main_pem4f.oem4f (.data:ti_sysbios_family_arm_lm4_Timer_Object__table__V)
                  20005168    0000005c     main_pem4f.oem4f (.data:ti_sysbios_family_arm_m3_Hwi_Module__state__V)
                  200051c4    00000044     main_pem4f.oem4f (.data:ti_sysbios_knl_Task_Module__state__V)
                  20005208    00000038     main_pem4f.oem4f (.data:ti_sysbios_gates_GateMutex_Object__table__V)
                  20005240    00000038     main_pem4f.oem4f (.data:ti_sysbios_utils_Load_Module_State_0_taskEnv__A)
                  20005278    00000030     main_pem4f.oem4f (.data:ti_sysbios_family_arm_lm4_Timer_Module_State_0_device__A)
                  200052a8    00000030     main_pem4f.oem4f (.data:ti_sysbios_family_arm_m3_Hwi_Object__table__V)
                  200052d8    00000030     main_pem4f.oem4f (.data:ti_sysbios_knl_Swi_Object__table__V)
                  20005308    00000028     main_pem4f.oem4f (.data:ti_sysbios_knl_Clock_Module__state__V)
                  20005330    00000008     gpio_tivaware.aem4f : GPIO.oem4f (.data)
                  20005338    00000008     rtsv7M4_T_le_v4SPD16_eabi.lib : _lock.obj (.data)
                  20005340    00000008                                   : exit.obj (.data)
                  20005348    00000008     ti.uia.runtime.aem4f : QueueDescriptor.oem4f (.data)
                  20005350    00000004     rtsv7M4_T_le_v4SPD16_eabi.lib : dtor_list.obj (.data)
                  20005354    00000004                                   : stkdepth_vars.obj (.data)
                  20005358    00000004     uart_tivaware.aem4f : UART.oem4f (.data)


LINKER GENERATED COPY TABLES

__TI_cinit_table @ 0000b580 records: 3, size/record: 8, table size: 24
	.data: load addr=0000aff8, load size=00000568 bytes, run addr=2000485c, run size=00000b00 bytes, compression=rle
	.bss: load addr=0000b570, load size=00000008 bytes, run addr=20000360, run size=000034fc bytes, compression=zero_init
	.vecs: load addr=0000b578, load size=00000008 bytes, run addr=20000000, run size=00000360 bytes, compression=zero_init


LINKER GENERATED HANDLER TABLE

__TI_handler_table @ 0000b560 records: 3, size/record: 4, table size: 12
	index: 0, handler: __TI_zero_init
	index: 1, handler: __TI_decompress_rle24
	index: 2, handler: __TI_decompress_none


GLOBAL SYMBOLS: SORTED ALPHABETICALLY BY Name 

address    name
--------   ----
00006b8d   C$$EXIT
000063c3   C$$IO$$
00005a21   EK_LM4F120XL_initGPIO
00006e31   EK_LM4F120XL_initGeneral
00003cd5   EK_LM4F120XL_initUART
00007665   GPIODirModeSet
000036f1   GPIOPadConfigSet
00006909   GPIOPinConfigure
00007d99   GPIOPinTypeGPIOInput
00007bf5   GPIOPinTypeGPIOOutput
00007dab   GPIOPinTypeUART
000080f1   GPIOPinWrite
0000ac4c   GPIO_config
00007781   GPIO_init
00004701   GPIO_write
00001035   HOSTclock
00000ffd   HOSTclose
00000fbf   HOSTgetenv
00000f63   HOSTlseek
00000f11   HOSTopen
00000ec5   HOSTread
00000e67   HOSTrename
00000e2d   HOSTtime
00000df5   HOSTunlink
00000da9   HOSTwrite
UNDEFED    SHT$$INIT_ARRAY$$Base
UNDEFED    SHT$$INIT_ARRAY$$Limit
00007219   SysCtlPeripheralEnable
20004f10   TSK_idle
0000807d   UARTCharGet
00007f69   UARTCharGetNonBlocking
00008087   UARTCharPut
00007f77   UARTCharPutNonBlocking
00006dad   UARTConfigSetExpClk
00007a2d   UARTDisable
00007cf9   UARTEnable
000080f7   UARTFIFOLevelSet
0000813f   UARTIntClear
00008091   UARTIntDisable
000080b9   UARTIntEnable
0000809b   UARTIntStatus
00005565   UARTTiva_close
0000aa7c   UARTTiva_fxnTable
000080c1   UARTTiva_init
0000107d   UARTTiva_open
00001e05   UARTTiva_read
00004a79   UARTTiva_readCancel
000024d5   UARTTiva_readPolling
00001c01   UARTTiva_write
000049b9   UARTTiva_writeCancel
00002905   UARTTiva_writePolling
0000724d   UART_Params_init
0000a800   UART_config
0000ac10   UART_defaultParams
00007021   UART_init
00006951   UART_open
00007281   UART_read
000072b5   UART_write
00000000   __ASM__
20003720   __CIOBUF_
00000073   __ISA__
00000086   __PLAT__
2000485c   __STACK_END
00001000   __STACK_SIZE
2000395c   __STACK_TOP
000000a7   __TARG__
0000b580   __TI_CINIT_Base
0000b598   __TI_CINIT_Limit
0000b560   __TI_Handler_Table_Base
0000b56c   __TI_Handler_Table_Limit
00000001   __TI_args_main
00005605   __TI_auto_init
20005340   __TI_cleanup_ptr
00007f85   __TI_decompress_none
00008103   __TI_decompress_rle24
20005344   __TI_dtors_ptr
000063c7   __TI_readmsg
00000000   __TI_static_base__
00006399   __TI_writemsg
00007dbd   __TI_zero_init
000000cd   __TRDR__
00004571   __aeabi_atexit
00005cb3   __aeabi_memclr
00005cb3   __aeabi_memclr4
00005cb3   __aeabi_memclr8
000056a5   __aeabi_memcpy
000056a5   __aeabi_memcpy4
000056a5   __aeabi_memcpy8
00005cb5   __aeabi_memset
00005cb5   __aeabi_memset4
00005cb5   __aeabi_memset8
ffffffff   __binit__
ffffffff   __c_args__
0000455f   __cxa_atexit
00004519   __cxa_finalize
00004559   __cxa_ia64_exit
2000385c   __stack
000080fd   __xdc__init
20004db4   __xdc__init__addr
00007c25   _args_main
000065cd   _c_int00
20005338   _lock
00007d1b   _nop
00007d13   _register_lock
00007d0d   _register_unlock
2000533c   _unlock
00006b91   abort
00004563   atexit
ffffffff   binit
00006b49   copy_in
20003858   debug_Q
00006b99   exit
00007c0d   free
0000a954   gpioHWAttrs
000072e9   init_mux_pins
00006729   init_uart
0000731d   main
20005354   main_func_sp
000074a9   malloc
000056a5   memcpy
00005cbb   memset
00007af1   strcat
00007e29   strcpy
00007d21   strlen
000054c1   tcp_connection
0000ad1c   ti_catalog_arm_cortexm4_tiva_ce_Boot_A_mustUseEnhancedClockMode__C
0000ad20   ti_catalog_arm_cortexm4_tiva_ce_Boot_Module__diagsEnabled__C
0000ad24   ti_catalog_arm_cortexm4_tiva_ce_Boot_Module__diagsIncluded__C
0000ad28   ti_catalog_arm_cortexm4_tiva_ce_Boot_Module__diagsMask__C
0000a76e   ti_catalog_arm_cortexm4_tiva_ce_Boot_Module__id__C
00007fb1   ti_catalog_arm_cortexm4_tiva_ce_Boot_init__I
00003f19   ti_catalog_arm_cortexm4_tiva_ce_Boot_sysCtlClockSetI__I
000057dd   ti_catalog_arm_cortexm4_tiva_ce_Boot_sysCtlClockSet__E
00008109   ti_catalog_arm_cortexm4_tiva_ce_Boot_sysCtlDelayI__I
0000ad2c   ti_sysbios_BIOS_Module__diagsEnabled__C
0000ad30   ti_sysbios_BIOS_Module__diagsIncluded__C
0000ad34   ti_sysbios_BIOS_Module__diagsMask__C
0000ac4a   ti_sysbios_BIOS_Module__id__C
20004bbc   ti_sysbios_BIOS_Module__state__V
00008143   ti_sysbios_BIOS_RtsGateProxy_enter__E
00008147   ti_sysbios_BIOS_RtsGateProxy_leave__E
0000815b   ti_sysbios_BIOS_RtsGateProxy_query__E
00006999   ti_sysbios_BIOS_errorRaiseHook__I
000073b9   ti_sysbios_BIOS_exitFunc__I
00007e39   ti_sysbios_BIOS_getCpuFreq__E
0000ad38   ti_sysbios_BIOS_installedErrorHook__C
00005563   ti_sysbios_BIOS_nullFunc__I
000077a5   ti_sysbios_BIOS_registerRTSLock__I
00007a49   ti_sysbios_BIOS_rtsLock__I
00006201   ti_sysbios_BIOS_rtsUnlock__I
00007e49   ti_sysbios_BIOS_setThreadType__E
000077c9   ti_sysbios_BIOS_startFunc__I
00007e59   ti_sysbios_BIOS_start__E
20005278   ti_sysbios_family_arm_lm4_Timer_Module_State_0_device__A
20004be4   ti_sysbios_family_arm_lm4_Timer_Module_State_0_handles__A
20004bdc   ti_sysbios_family_arm_lm4_Timer_Module__root__V
00007c3d   ti_sysbios_family_arm_lm4_Timer_Module__startupDone__F
00007c3d   ti_sysbios_family_arm_lm4_Timer_Module__startupDone__S
20004bfc   ti_sysbios_family_arm_lm4_Timer_Module__state__V
000064b9   ti_sysbios_family_arm_lm4_Timer_Module_startup__E
000064b9   ti_sysbios_family_arm_lm4_Timer_Module_startup__F
200050f8   ti_sysbios_family_arm_lm4_Timer_Object__table__V
0000ad3c   ti_sysbios_family_arm_lm4_Timer_enableFunc__C
00005379   ti_sysbios_family_arm_lm4_Timer_enableTimers__I
000050d5   ti_sysbios_family_arm_lm4_Timer_enableTiva__I
0000814b   ti_sysbios_family_arm_lm4_Timer_getPeriod__E
00005da5   ti_sysbios_family_arm_lm4_Timer_isrStub__E
00007fbd   ti_sysbios_family_arm_lm4_Timer_masterDisable__I
0000814f   ti_sysbios_family_arm_lm4_Timer_masterEnable__I
0000ad40   ti_sysbios_family_arm_lm4_Timer_numTimerDevices__C
000017c1   ti_sysbios_family_arm_lm4_Timer_start__E
0000ad44   ti_sysbios_family_arm_lm4_Timer_startupNeeded__C
00006e71   ti_sysbios_family_arm_lm4_Timer_startup__E
00006bd1   ti_sysbios_family_arm_lm4_Timer_stop__E
20004c08   ti_sysbios_family_arm_lm4_TimestampProvider_Module__state__V
0000810f   ti_sysbios_family_arm_lm4_TimestampProvider_Module_startup__E
0000810f   ti_sysbios_family_arm_lm4_TimestampProvider_Module_startup__F
00004bf1   ti_sysbios_family_arm_lm4_TimestampProvider_get32__E
00003951   ti_sysbios_family_arm_lm4_TimestampProvider_get64__E
00007e39   ti_sysbios_family_arm_lm4_TimestampProvider_getFreq__E
00007e69   ti_sysbios_family_arm_lm4_TimestampProvider_rolloverFunc__E
00007fc9   ti_sysbios_family_arm_lm4_TimestampProvider_startTimer__E
0000acd2   ti_sysbios_family_arm_lm4_TimestampProvider_useClockTimer__C
[...]
0000810f   ti_sysbios_family_arm_lm4_TimestampProvider_Module_startup__E
0000810f   ti_sysbios_family_arm_lm4_TimestampProvider_Module_startup__F
00008115   ti_sysbios_family_arm_m3_Hwi_restoreFxn__E
00008115   ti_sysbios_hal_Hwi_HwiProxy_restore__E
00008115   ti_sysbios_hal_Hwi_restore__E
0000811b   ti_sysbios_gates_GateHwi_leave__E
00008121   ti_sysbios_heaps_HeapMem_isBlocking__E
00008127   ti_sysbios_knl_Queue_Instance_init__F
0000812d   ti_uia_runtime_LoggerStopMode_getPriority__E
00008133   ti_uia_runtime_LoggerStopMode_getTransferType__E
00008133   ti_uia_runtime_LoggerStopMode_getTransferType__F
00008139   xdc_runtime_System_Module_startup__E
00008139   xdc_runtime_System_Module_startup__F
0000813f   UARTIntClear
00008143   ti_sysbios_BIOS_RtsGateProxy_enter__E
00008147   ti_sysbios_BIOS_RtsGateProxy_leave__E
0000814b   ti_sysbios_family_arm_lm4_Timer_getPeriod__E
0000814f   ti_sysbios_family_arm_lm4_Timer_masterEnable__I
00008153   ti_sysbios_family_arm_m3_TaskSupport_Module__startupDone__S
00008157   ti_sysbios_gates_GateHwi_query__E
00008157   ti_sysbios_gates_GateHwi_query__F
00008157   xdc_runtime_Main_Module_GateProxy_query__E
00008157   xdc_runtime_System_Module_GateProxy_query__E
0000815b   ti_sysbios_BIOS_RtsGateProxy_query__E
0000815b   ti_sysbios_gates_GateMutex_query__E
0000815b   ti_sysbios_gates_GateMutex_query__F
0000815b   ti_sysbios_heaps_HeapMem_Module_GateProxy_query__E
0000815f   ti_sysbios_hal_Hwi_HwiProxy_Module__startupDone__S
00008163   ti_sysbios_hal_Timer_TimerProxy_Module__startupDone__S
00008167   ti_sysbios_hal_Timer_TimerProxy_getPeriod__E
0000816b   ti_sysbios_heaps_HeapMem_Module_GateProxy_enter__E
0000816f   ti_sysbios_heaps_HeapMem_Module_GateProxy_leave__E
00008173   ti_sysbios_knl_Task_SupportProxy_Module__startupDone__S
00008177   ti_sysbios_knl_Task_startup__E
0000817b   ti_uia_runtime_LogSync_CpuTimestampProxy_Module__startupDone__S
0000817f   ti_uia_runtime_LogSync_GlobalTimestampProxy_Module__startupDone__S
00008183   ti_uia_runtime_LoggerStopMode_getInstanceId__E
00008187   ti_uia_runtime_LoggerStopMode_getMaxLength__E
0000818b   ti_uia_runtime_LoggerStopMode_setPriority__E
0000818f   xdc_runtime_Error_getSite__E
0000818f   xdc_runtime_Error_getSite__F
00008193   xdc_runtime_Memory_HeapProxy_alloc__E
00008197   xdc_runtime_Memory_HeapProxy_free__E
0000819b   xdc_runtime_System_Module_GateProxy_enter__E
0000819f   xdc_runtime_System_Module_GateProxy_leave__E
000081a3   xdc_runtime_System_aprintf_va__F
000081a7   xdc_runtime_System_printf_va__F
000081ab   xdc_runtime_System_vsnprintf__E
000081af   xdc_runtime_TimestampNull_Module__startupDone__S
000081b3   xdc_runtime_Timestamp_Module__startupDone__S
000081b8   xdc_runtime_Text_charTab__A
0000a559   xdc_runtime_Error_policy__C
0000a55a   xdc_runtime_Text_nodeTab__A
0000a696   ti_sysbios_family_arm_m3_Hwi_priorities__A
0000a76e   ti_catalog_arm_cortexm4_tiva_ce_Boot_Module__id__C
0000a800   UART_config
0000a86c   ti_uia_runtime_LoggerStopMode_Module__FXNS__C
0000a914   uartTivaHWAttrs
0000a954   gpioHWAttrs
0000a990   xdc_runtime_Startup_sfxnTab__A
0000a9c4   ti_sysbios_family_arm_m3_Hwi_Object__PARAMS__C
0000a9f4   ti_sysbios_knl_Task_hooks__A
0000aa24   ti_uia_runtime_LoggerStopMode_Object__PARAMS__C
0000aa54   ti_sysbios_heaps_HeapMem_Module__FXNS__C
0000aa7c   UARTTiva_fxnTable
0000aaa0   ti_sysbios_gates_GateHwi_Module__FXNS__C
0000aac4   ti_sysbios_gates_GateMutex_Module__FXNS__C
0000aae8   ti_sysbios_heaps_HeapMem_Object__PARAMS__C
0000ab0c   ti_sysbios_knl_Semaphore_Object__PARAMS__C
0000ab30   ti_sysbios_family_arm_m3_Hwi_Object__DESC__C
0000ab50   ti_sysbios_gates_GateHwi_Object__DESC__C
0000ab70   ti_sysbios_gates_GateMutex_Object__DESC__C
0000ab90   ti_sysbios_heaps_HeapMem_Object__DESC__C
0000abb0   ti_sysbios_knl_Queue_Object__DESC__C
0000abd0   ti_sysbios_knl_Semaphore_Object__DESC__C
0000abf0   ti_uia_runtime_LoggerStopMode_Object__DESC__C
0000ac10   UART_defaultParams
0000ac30   xdc_runtime_Startup_sfxnRts__A
0000ac4a   ti_sysbios_BIOS_Module__id__C
0000ac4c   GPIO_config
0000ac64   ti_sysbios_gates_GateHwi_Object__PARAMS__C
0000ac7c   ti_sysbios_gates_GateMutex_Object__PARAMS__C
0000ac94   ti_sysbios_knl_Queue_Object__PARAMS__C
0000acac   xdc_runtime_Startup_firstFxns__A
0000acd2   ti_sysbios_family_arm_lm4_TimestampProvider_useClockTimer__C
0000acd4   ti_sysbios_family_arm_m3_Hwi_excHookFuncs__A
0000acdc   ti_sysbios_knl_Idle_coreList__A
0000ace4   ti_sysbios_knl_Idle_coreList__C
0000acec   ti_sysbios_knl_Idle_funcList__A
0000acf4   ti_sysbios_knl_Idle_funcList__C
0000acfc   ti_sysbios_knl_Task_hooks__C
0000ad04   xdc_runtime_Startup_firstFxns__C
0000ad0c   xdc_runtime_Startup_lastFxns__A
0000ad14   xdc_runtime_Startup_lastFxns__C
0000ad1c   ti_catalog_arm_cortexm4_tiva_ce_Boot_A_mustUseEnhancedClockMode__C
0000ad20   ti_catalog_arm_cortexm4_tiva_ce_Boot_Module__diagsEnabled__C
0000ad24   ti_catalog_arm_cortexm4_tiva_ce_Boot_Module__diagsIncluded__C
0000ad28   ti_catalog_arm_cortexm4_tiva_ce_Boot_Module__diagsMask__C
0000ad2c   ti_sysbios_BIOS_Module__diagsEnabled__C
0000ad30   ti_sysbios_BIOS_Module__diagsIncluded__C
0000ad34   ti_sysbios_BIOS_Module__diagsMask__C
0000ad38   ti_sysbios_BIOS_installedErrorHook__C
0000ad3c   ti_sysbios_family_arm_lm4_Timer_enableFunc__C
0000ad40   ti_sysbios_family_arm_lm4_Timer_numTimerDevices__C
0000ad44   ti_sysbios_family_arm_lm4_Timer_startupNeeded__C
0000ad48   ti_sysbios_family_arm_m3_Hwi_E_NMI__C
0000ad4c   ti_sysbios_family_arm_m3_Hwi_E_alreadyDefined__C
0000ad50   ti_sysbios_family_arm_m3_Hwi_E_busFault__C
0000ad54   ti_sysbios_family_arm_m3_Hwi_E_debugMon__C
0000ad58   ti_sysbios_family_arm_m3_Hwi_E_hardFault__C
0000ad5c   ti_sysbios_family_arm_m3_Hwi_E_memFault__C
0000ad60   ti_sysbios_family_arm_m3_Hwi_E_noIsr__C
0000ad64   ti_sysbios_family_arm_m3_Hwi_E_reserved__C
0000ad68   ti_sysbios_family_arm_m3_Hwi_E_svCall__C
0000ad6c   ti_sysbios_family_arm_m3_Hwi_E_usageFault__C
0000ad70   ti_sysbios_family_arm_m3_Hwi_LD_end__C
0000ad74   ti_sysbios_family_arm_m3_Hwi_LM_begin__C
0000ad78   ti_sysbios_family_arm_m3_Hwi_Module__diagsEnabled__C
0000ad7c   ti_sysbios_family_arm_m3_Hwi_Module__diagsIncluded__C
0000ad80   ti_sysbios_family_arm_m3_Hwi_Module__diagsMask__C
0000ad84   ti_sysbios_family_arm_m3_Hwi_Module__loggerFxn1__C
0000ad88   ti_sysbios_family_arm_m3_Hwi_Module__loggerFxn8__C
0000ad8c   ti_sysbios_family_arm_m3_Hwi_Module__loggerObj__C
0000ad90   ti_sysbios_family_arm_m3_Hwi_NUM_INTERRUPTS__C
0000ad94   ti_sysbios_family_arm_m3_Hwi_ccr__C
0000ad98   ti_sysbios_family_arm_m3_Hwi_dispatchTable__C
0000ad9c   ti_sysbios_family_arm_m3_Hwi_excHandlerFunc__C
0000ada0   ti_sysbios_family_arm_m3_Hwi_excHookFuncs__C
0000ada4   ti_sysbios_family_arm_m3_Hwi_priGroup__C
0000ada8   ti_sysbios_family_arm_m3_Hwi_priorities__C
0000adac   ti_sysbios_gates_GateMutex_A_badContext__C
0000adb0   ti_sysbios_gates_GateMutex_Instance_State_sem__O
0000adb4   ti_sysbios_gates_GateMutex_Module__diagsEnabled__C
0000adb8   ti_sysbios_gates_GateMutex_Module__diagsIncluded__C
0000adbc   ti_sysbios_gates_GateMutex_Module__diagsMask__C
0000adc0   ti_sysbios_hal_Hwi_E_stackOverflow__C
0000adc4   ti_sysbios_heaps_HeapMem_A_align__C
0000adc8   ti_sysbios_heaps_HeapMem_A_heapSize__C
0000adcc   ti_sysbios_heaps_HeapMem_A_invalidFree__C
0000add0   ti_sysbios_heaps_HeapMem_A_zeroBlock__C
0000add4   ti_sysbios_heaps_HeapMem_E_memory__C
0000add8   ti_sysbios_heaps_HeapMem_Module__diagsEnabled__C
0000addc   ti_sysbios_heaps_HeapMem_Module__diagsIncluded__C
0000ade0   ti_sysbios_heaps_HeapMem_Module__diagsMask__C
0000ade4   ti_sysbios_heaps_HeapMem_Module__gateObj__C
0000ade8   ti_sysbios_heaps_HeapMem_Object__count__C
0000adec   ti_sysbios_heaps_HeapMem_reqAlign__C
0000adf0   ti_sysbios_io_DEV_Object__count__C
0000adf4   ti_sysbios_io_DEV_tableSize__C
0000adf8   ti_sysbios_knl_Clock_LM_begin__C
0000adfc   ti_sysbios_knl_Clock_LM_tick__C
0000ae00   ti_sysbios_knl_Clock_LW_delayed__C
0000ae04   ti_sysbios_knl_Clock_Module_State_clockQ__O
0000ae08   ti_sysbios_knl_Clock_Module__diagsEnabled__C
0000ae0c   ti_sysbios_knl_Clock_Module__diagsIncluded__C
0000ae10   ti_sysbios_knl_Clock_Module__diagsMask__C
0000ae14   ti_sysbios_knl_Clock_Module__loggerFxn1__C
0000ae18   ti_sysbios_knl_Clock_Module__loggerFxn2__C
0000ae1c   ti_sysbios_knl_Clock_Module__loggerObj__C
0000ae20   ti_sysbios_knl_Semaphore_A_badContext__C
0000ae24   ti_sysbios_knl_Semaphore_A_noEvents__C
0000ae28   ti_sysbios_knl_Semaphore_A_overflow__C
0000ae2c   ti_sysbios_knl_Semaphore_A_pendTaskDisabled__C
0000ae30   ti_sysbios_knl_Semaphore_Instance_State_pendQ__O
0000ae34   ti_sysbios_knl_Semaphore_LM_pend__C
0000ae38   ti_sysbios_knl_Semaphore_LM_post__C
0000ae3c   ti_sysbios_knl_Semaphore_Module__diagsEnabled__C
0000ae40   ti_sysbios_knl_Semaphore_Module__diagsIncluded__C
0000ae44   ti_sysbios_knl_Semaphore_Module__diagsMask__C
0000ae48   ti_sysbios_knl_Semaphore_Module__loggerFxn2__C
0000ae4c   ti_sysbios_knl_Semaphore_Module__loggerFxn4__C
0000ae50   ti_sysbios_knl_Semaphore_Module__loggerObj__C
0000ae54   ti_sysbios_knl_Swi_LD_end__C
0000ae58   ti_sysbios_knl_Swi_LM_begin__C
0000ae5c   ti_sysbios_knl_Swi_LM_post__C
0000ae60   ti_sysbios_knl_Swi_Module__diagsEnabled__C
0000ae64   ti_sysbios_knl_Swi_Module__diagsIncluded__C
0000ae68   ti_sysbios_knl_Swi_Module__diagsMask__C
0000ae6c   ti_sysbios_knl_Swi_Module__loggerFxn1__C
0000ae70   ti_sysbios_knl_Swi_Module__loggerFxn4__C
0000ae74   ti_sysbios_knl_Swi_Module__loggerObj__C
0000ae78   ti_sysbios_knl_Swi_Object__count__C
0000ae7c   ti_sysbios_knl_Task_E_spOutOfBounds__C
0000ae80   ti_sysbios_knl_Task_E_stackOverflow__C
0000ae84   ti_sysbios_knl_Task_LD_block__C
0000ae88   ti_sysbios_knl_Task_LD_exit__C
0000ae8c   ti_sysbios_knl_Task_LD_ready__C
0000ae90   ti_sysbios_knl_Task_LM_switch__C
0000ae94   ti_sysbios_knl_Task_Module_State_inactiveQ__O
0000ae98   ti_sysbios_knl_Task_Module__diagsEnabled__C
0000ae9c   ti_sysbios_knl_Task_Module__diagsIncluded__C
0000aea0   ti_sysbios_knl_Task_Module__diagsMask__C
0000aea4   ti_sysbios_knl_Task_Module__loggerFxn2__C
0000aea8   ti_sysbios_knl_Task_Module__loggerFxn4__C
0000aeac   ti_sysbios_knl_Task_Module__loggerObj__C
0000aeb0   ti_sysbios_knl_Task_Object__count__C
0000aeb4   ti_sysbios_knl_Task_Object__heap__C
0000aeb8   ti_sysbios_knl_Task_allBlockedFunc__C
0000aebc   ti_sysbios_knl_Task_numConstructedTasks__C
0000aec0   ti_sysbios_utils_Load_LS_cpuLoad__C
0000aec4   ti_sysbios_utils_Load_LS_hwiLoad__C
0000aec8   ti_sysbios_utils_Load_LS_taskLoad__C
0000aecc   ti_sysbios_utils_Load_Module_State_taskList__O
0000aed0   ti_sysbios_utils_Load_Module__diagsEnabled__C
0000aed4   ti_sysbios_utils_Load_Module__diagsIncluded__C
0000aed8   ti_sysbios_utils_Load_Module__diagsMask__C
0000aedc   ti_sysbios_utils_Load_Module__loggerFxn1__C
0000aee0   ti_sysbios_utils_Load_Module__loggerFxn2__C
0000aee4   ti_sysbios_utils_Load_Module__loggerFxn4__C
0000aee8   ti_sysbios_utils_Load_Module__loggerObj__C
0000aeec   ti_sysbios_utils_Load_postUpdate__C
0000aef0   ti_sysbios_utils_Load_windowInMs__C
0000aef4   ti_uia_runtime_ILoggerSnapshot_Interface__BASE__C
0000aef8   ti_uia_runtime_IUIATransfer_Interface__BASE__C
0000aefc   ti_uia_runtime_LoggerStopMode_E_badLevel__C
0000af00   ti_uia_runtime_LoggerStopMode_Object__count__C
0000af04   ti_uia_runtime_LoggerStopMode_overflowLogger__C
0000af08   ti_uia_runtime_LoggerStopMode_statusLogger__C
0000af0c   xdc_runtime_Assert_E_assertFailed__C
0000af10   xdc_runtime_Core_A_initializedParams__C
0000af14   xdc_runtime_Core_Module__diagsEnabled__C
0000af18   xdc_runtime_Core_Module__diagsIncluded__C
0000af1c   xdc_runtime_Core_Module__diagsMask__C
0000af20   xdc_runtime_Error_E_generic__C
0000af24   xdc_runtime_Error_E_memory__C
0000af28   xdc_runtime_Error_Module__diagsEnabled__C
0000af2c   xdc_runtime_Error_Module__diagsIncluded__C
0000af30   xdc_runtime_Error_Module__diagsMask__C
0000af34   xdc_runtime_Error_Module__loggerFxn8__C
0000af38   xdc_runtime_Error_Module__loggerObj__C
0000af3c   xdc_runtime_Error_raiseHook__C
0000af40   xdc_runtime_IFilterLogger_Interface__BASE__C
0000af44   xdc_runtime_IGateProvider_Interface__BASE__C
0000af48   xdc_runtime_IHeap_Interface__BASE__C
0000af4c   xdc_runtime_ILogger_Interface__BASE__C
0000af50   xdc_runtime_IModule_Interface__BASE__C
0000af54   xdc_runtime_Log_L_error__C
0000af58   xdc_runtime_Log_L_warning__C
0000af5c   xdc_runtime_Main_Module__diagsEnabled__C
0000af60   xdc_runtime_Main_Module__diagsIncluded__C
0000af64   xdc_runtime_Main_Module__diagsMask__C
0000af68   xdc_runtime_Main_Module__loggerFxn2__C
0000af6c   xdc_runtime_Main_Module__loggerFxn4__C
0000af70   xdc_runtime_Main_Module__loggerObj__C
0000af74   xdc_runtime_Memory_defaultHeapInstance__C
0000af78   xdc_runtime_Startup_execImpl__C
0000af7c   xdc_runtime_Startup_maxPasses__C
0000af80   xdc_runtime_Startup_sfxnRts__C
0000af84   xdc_runtime_Startup_sfxnTab__C
0000af88   xdc_runtime_SysMin_bufSize__C
0000af8c   xdc_runtime_SysMin_outputFunc__C
0000af90   xdc_runtime_System_Module__gateObj__C
0000af94   xdc_runtime_System_extendFxn__C
0000af98   xdc_runtime_System_maxAtexitHandlers__C
0000af9c   xdc_runtime_Text_charTab__C
0000afa0   xdc_runtime_Text_nameEmpty__C
0000afa4   xdc_runtime_Text_nameStatic__C
0000afa8   xdc_runtime_Text_nameUnknown__C
0000afac   xdc_runtime_Text_nodeTab__C
0000afb0   xdc_runtime_Text_visitRopeFxn__C
0000afb4   ti_sysbios_family_arm_m3_Hwi_Module__id__C
0000afb6   ti_sysbios_family_arm_m3_Hwi_Module__loggerDefined__C
0000afb8   ti_sysbios_gates_GateMutex_Module__id__C
0000afba   ti_sysbios_hal_Hwi_Module__id__C
0000afbc   ti_sysbios_heaps_HeapMem_Module__id__C
0000afbe   ti_sysbios_io_DEV_Module__id__C
0000afc0   ti_sysbios_knl_Clock_Module__id__C
0000afc2   ti_sysbios_knl_Clock_Module__loggerDefined__C
0000afc4   ti_sysbios_knl_Semaphore_Module__id__C
0000afc6   ti_sysbios_knl_Semaphore_Module__loggerDefined__C
0000afc8   ti_sysbios_knl_Swi_Module__id__C
0000afca   ti_sysbios_knl_Swi_Module__loggerDefined__C
0000afcc   ti_sysbios_knl_Task_Module__id__C
0000afce   ti_sysbios_knl_Task_Module__loggerDefined__C
0000afd0   ti_sysbios_knl_Task_initStackFlag__C
0000afd2   ti_sysbios_utils_Load_Module__id__C
0000afd4   ti_sysbios_utils_Load_Module__loggerDefined__C
0000afd6   ti_sysbios_utils_Load_autoAddTasks__C
0000afd8   ti_sysbios_utils_Load_hwiEnabled__C
0000afda   ti_sysbios_utils_Load_updateInIdle__C
0000afdc   ti_uia_runtime_LoggerStopMode_Module__id__C
0000afde   ti_uia_runtime_LoggerStopMode_filterByLevel__C
0000afe0   ti_uia_runtime_LoggerStopMode_isTimestampEnabled__C
0000afe2   xdc_runtime_Core_Module__id__C
0000afe4   xdc_runtime_Error_Module__loggerDefined__C
0000afe6   xdc_runtime_Error_maxDepth__C
0000afe8   xdc_runtime_Main_Module__id__C
0000afea   xdc_runtime_Main_Module__loggerDefined__C
0000afec   xdc_runtime_Memory_Module__id__C
0000afee   xdc_runtime_SysMin_flushAtExit__C
0000aff0   xdc_runtime_Text_charCnt__C
0000aff2   xdc_runtime_Text_isLoaded__C
0000aff4   xdc_runtime_Text_registryModsLastId__C
0000aff6   xdc_runtime_Text_unnamedModsLastId__C
0000b560   __TI_Handler_Table_Base
0000b56c   __TI_Handler_Table_Limit
0000b580   __TI_CINIT_Base
0000b598   __TI_CINIT_Limit
20000000   ti_sysbios_family_arm_m3_Hwi_ramVectors
20000360   ti_sysbios_knl_Task_Instance_State_0_stack__A
20000b60   ti_sysbios_knl_Task_Instance_State_1_stack__A
20001360   ti_sysbios_heaps_HeapMem_Instance_State_0_buf__A
20002360   ti_uia_runtime_LoggerStopMode_Instance_State_1_bufferArray__A
200027e0   ti_uia_runtime_LoggerStopMode_Instance_State_2_bufferArray__A
20002c60   uartTivaObjects
200030a0   xdc_runtime_SysMin_Module_State_0_outbuf__A
200034a0   ti_uia_runtime_LoggerStopMode_Instance_State_0_bufferArray__A
20003720   __CIOBUF_
20003848   ti_sysbios_knl_Task_Instance_State_0_hookEnv__A
20003850   ti_sysbios_knl_Task_Instance_State_1_hookEnv__A
20003858   debug_Q
2000385c   __stack
2000395c   __STACK_TOP
2000485c   __STACK_END
2000485c   ti_sysbios_family_arm_m3_Hwi_Module_State_0_dispatchTable__A
20004bbc   ti_sysbios_BIOS_Module__state__V
20004bdc   ti_sysbios_family_arm_lm4_Timer_Module__root__V
20004be4   ti_sysbios_family_arm_lm4_Timer_Module_State_0_handles__A
20004bfc   ti_sysbios_family_arm_lm4_Timer_Module__state__V
20004c08   ti_sysbios_family_arm_lm4_TimestampProvider_Module__state__V
20004c10   ti_sysbios_family_arm_m3_Hwi_Module__root__V
20004c18   ti_sysbios_family_arm_m3_Hwi_Module_State_0_excActive__A
20004c1c   ti_sysbios_family_arm_m3_Hwi_Module_State_0_excContext__A
20004c20   ti_sysbios_family_arm_m3_Hwi_Module_State_0_excStack__A
20004c24   ti_sysbios_gates_GateHwi_Module__root__V
20004c2c   ti_sysbios_gates_GateHwi_Object__table__V
20004c30   ti_sysbios_gates_GateMutex_Module__root__V
20004c38   ti_sysbios_hal_Hwi_Module__root__V
20004c40   ti_sysbios_hal_Timer_Module__root__V
20004c48   ti_sysbios_hal_Timer_Object__table__V
20004c50   ti_sysbios_heaps_HeapMem_Module__root__V
20004c58   ti_sysbios_heaps_HeapMem_Object__table__V
20004c70   ti_sysbios_io_DEV_Module__root__V
20004c78   ti_sysbios_io_DEV_Module_State_0_table__A
20004c98   ti_sysbios_io_DEV_Module__state__V
20004c9c   ti_sysbios_io_GIO_Module__root__V
20004ca4   ti_sysbios_knl_Clock_Module__root__V
20004cac   ti_sysbios_knl_Event_Module__root__V
20004cb8   ti_sysbios_knl_Queue_Module__root__V
20004cc0   ti_sysbios_knl_Semaphore_Module__root__V
20004ccc   ti_sysbios_knl_Swi_Module__root__V
20004cd4   ti_sysbios_knl_Swi_Module__state__V
20004cf0   ti_sysbios_knl_Task_Module__root__V
20004cfc   ti_sysbios_knl_Task_Module_State_0_idleTask__A
20004d00   ti_sysbios_utils_Load_Module__root__V
20004d04   ti_sysbios_utils_Load_Module_State_0_taskStartTime__A
20004d08   ti_sysbios_utils_Load_Module_State_0_runningTask__A
20004d0c   ti_sysbios_xdcruntime_SemThreadSupport_Module__root__V
20004d14   ti_uia_runtime_LogSync_Module__root__V
20004d1c   ti_uia_runtime_LogSync_Module__state__V
20004d28   ti_uia_runtime_LoggerStopMode_Module__root__V
20004d30   ti_uia_runtime_LoggerStopMode_Module__state__V
20004d38   ti_uia_runtime_QueueDescriptor_Module__state__V
20004d44   xdc_runtime_Error_Module__state__V
20004d46   xdc_runtime_Main_Module__root__V
20004d48   xdc_runtime_Memory_Module__state__V
20004d4c   xdc_runtime_Registry_Module__state__V
20004d54   xdc_runtime_Startup_Module__state__V
20004d5c   xdc_runtime_SysMin_Module__state__V
20004d68   xdc_runtime_System_Module_State_0_atexitHandlers__A
20004d88   xdc_runtime_System_Module__state__V
20004d94   xdc_runtime_Text_Module__state__V
20004d9c   xdc_runtime_knl_SemThread_Module__root__V
20004da4   xdc_runtime_knl_SyncNull_Module__root__V
20004dac   xdc_runtime_knl_SyncSemThread_Module__root__V
20004db4   __xdc__init__addr
20004db8   ti_uia_runtime_LoggerStopMode_Object__table__V
20004ec0   ti_sysbios_knl_Task_Object__table__V
20004f10   TSK_idle
20004f60   ti_sysbios_utils_Load_Module__state__V
20004ff8   ti_sysbios_knl_Swi_Module_State_0_readyQ__A
20005078   ti_sysbios_knl_Task_Module_State_0_readyQ__A
200050f8   ti_sysbios_family_arm_lm4_Timer_Object__table__V
20005168   ti_sysbios_family_arm_m3_Hwi_Module__state__V
200051c4   ti_sysbios_knl_Task_Module__state__V
20005208   ti_sysbios_gates_GateMutex_Object__table__V
20005240   ti_sysbios_utils_Load_Module_State_0_taskEnv__A
20005278   ti_sysbios_family_arm_lm4_Timer_Module_State_0_device__A
200052a8   ti_sysbios_family_arm_m3_Hwi_Object__table__V
200052d8   ti_sysbios_knl_Swi_Object__table__V
20005308   ti_sysbios_knl_Clock_Module__state__V
20005338   _lock
2000533c   _unlock
20005340   __TI_cleanup_ptr
20005344   __TI_dtors_ptr
20005348   ti_uia_runtime_QueueDescriptor_gPtrToFirstDescriptor
2000534c   ti_uia_runtime_QueueDescriptor_gUpdateCount
20005354   main_func_sp
e000e000   ti_sysbios_family_arm_m3_Hwi_nvic
ffffffff   __binit__
ffffffff   __c_args__
ffffffff   binit
UNDEFED    SHT$$INIT_ARRAY$$Base
UNDEFED    SHT$$INIT_ARRAY$$Limit

[808 symbols]
