******************************************************************************
                  TI ARM Linker PC v5.1.1                      
******************************************************************************
>> Linked Sun Feb 23 21:47:22 2014

OUTPUT FILE NAME:   <rover.out>
ENTRY POINT SYMBOL: "_c_int00"  address: 000059f1


MEMORY CONFIGURATION

         name            origin    length      used     unused   attr    fill
----------------------  --------  ---------  --------  --------  ----  --------
  FLASH                 00000000   00040000  0000a9cc  00035634  R  X
  SRAM                  20000000   00008000  00005bd4  0000242c  RW X


SEGMENT ALLOCATION MAP

run origin  load origin   length   init length attrs members
----------  ----------- ---------- ----------- ----- -------
00000000    00000000    0000a9d0   0000a9d0    r-x
  00000000    00000000    00000360   00000360    r-- .resetVecs
  00000360    00000360    00007248   00007248    r-x .text
  000075a8    000075a8    00002e44   00002e44    r-- .const
  0000a3f0    0000a3f0    000005e0   000005e0    r-- .cinit
20000000    20000000    00005bd4   00000000    rw-
  20000000    20000000    00000360   00000000    rw- .vecs
  20000360    20000360    00003d00   00000000    rw- .bss
  20004060    20004060    00001000   00000000    rw- .stack
  20005060    20005060    00000b74   00000000    rw- .data


SECTION ALLOCATION MAP

 output                                  attributes/
section   page    origin      length       input sections
--------  ----  ----------  ----------   ----------------
.bootVecs 
*          0    00000000    00000008     DSECT
                  00000000    00000008     boot.aem4f : boot.oem4f (.bootVecs)

.resetVecs 
*          0    00000000    00000360     
                  00000000    00000360     main_pem4f.oem4f (.resetVecs)

xdc.meta   0    00000000    000000f5     COPY SECTION
                  00000000    000000f5     main_pem4f.oem4f (xdc.meta)

.text      0    00000360    00007248     
                  00000360    00000424     sysbios.aem4f : BIOS.obj (.text:ti_sysbios_family_arm_m3_Hwi_excDumpRegs__I)
                  00000784    00000344     ti.targets.arm.rtsarm.aem4f : System.oem4f (.text:xdc_runtime_System_doPrint__I)
                  00000ac8    000002e0     sysbios.aem4f : BIOS.obj (.text:ti_sysbios_knl_Semaphore_pend__E)
                  00000da8    000002d4     rtsv7M4_T_le_v4SPD16_eabi.lib : trgdrv.obj (.text)
                  0000107c    00000248     sysbios.aem4f : BIOS.obj (.text:ti_sysbios_heaps_HeapMem_free__E)
                  000012c4    00000234                   : BIOS.obj (.text:ti_sysbios_heaps_HeapMem_alloc__E)
                  000014f8    00000230                   : BIOS.obj (.text:ti_sysbios_family_arm_lm4_Timer_start__E)
                  00001728    00000210                   : BIOS.obj (.text:ti_sysbios_family_arm_m3_Hwi_excHandlerMax__I)
                  00001938    000001a0     ti.uia.runtime.aem4f : LoggerStopMode.oem4f (.text:ti_uia_runtime_LoggerStopMode_write8__E)
                  00001ad8    00000168     sysbios.aem4f : BIOS.obj (.text:ti_sysbios_family_arm_m3_Hwi_excBusFault__I)
                  00001c40    0000015c     ti.uia.runtime.aem4f : LoggerStopMode.oem4f (.text:ti_uia_runtime_LoggerStopMode_writeMemoryRange__E)
                  00001d9c    00000154     sysbios.aem4f : BIOS.obj (.text:ti_sysbios_family_arm_m3_Hwi_excUsageFault__I)
                  00001ef0    00000148     uart_tivaware.aem4f : UARTTiva.oem4f (.text:UARTTiva_open)
                  00002038    00000144     sysbios.aem4f : BIOS.obj (.text:ti_sysbios_knl_Semaphore_post__E)
                  0000217c    00000140                   : BIOS.obj (.text:ti_sysbios_family_arm_m3_Hwi_dispatchC__I)
                  000022bc    00000140                   : BIOS.obj (.text:ti_sysbios_family_arm_m3_Hwi_excMemFault__I)
                  000023fc    0000013c     ti.uia.runtime.aem4f : LoggerStopMode.oem4f (.text:ti_uia_runtime_LoggerStopMode_write4__E)
                  00002538    0000013c     ti.targets.arm.rtsarm.aem4f : Error.oem4f (.text:xdc_runtime_Error_raiseX__F)
                  00002674    00000138     sysbios.aem4f : BIOS.obj (.text:ti_sysbios_heaps_HeapMem_Instance_init__F)
                  000027ac    00000138                   : BIOS.obj (.text:ti_sysbios_utils_Load_logLoads__I)
                  000028e4    00000134                   : m3_Hwi_asm.obj (.text:ti_sysbios_family_arm_m3_Hwi_dispatch__I)
                  00002a18    00000130     driverlib.lib : gpio.obj (.text:GPIOPadConfigSet)
                  00002b48    00000130     sysbios.aem4f : BIOS.obj (.text:ti_sysbios_utils_Load_updateThreadContexts__E)
                  00002c78    0000012c                   : BIOS.obj (.text:ti_sysbios_family_arm_lm4_TimestampProvider_get64__E)
                  00002da4    0000012c                   : BIOS.obj (.text:ti_sysbios_knl_Clock_workFunc__E)
                  00002ed0    0000012c                   : BIOS.obj (.text:ti_sysbios_knl_Task_exit__E)
                  00002ffc    00000120                   : BIOS.obj (.text:ti_sysbios_knl_Swi_run__I)
                  0000311c    0000010c     EK_LM4F120XL.obj (.text:EK_LM4F120XL_initUART)
                  00003228    0000010c     Boot.aem4f : Boot_sysctl.oem4f (.text:ti_catalog_arm_cortexm4_tiva_ce_Boot_sysCtlClockSetI__I)
                  00003334    00000104     ti.targets.arm.rtsarm.aem4f : Core-mem.oem4f (.text:xdc_runtime_Core_createObject__I)
                  00003438    00000104     main_pem4f.oem4f (.text:xdc_runtime_System_printfExtend__I)
                  0000353c    000000fc     sysbios.aem4f : BIOS.obj (.text:ti_sysbios_knl_Task_schedule__I)
                  00003638    000000f8                   : BIOS.obj (.text:ti_sysbios_knl_Task_startCore__E)
                  00003730    000000f8     ti.targets.arm.rtsarm.aem4f : Startup.oem4f (.text:xdc_runtime_Startup_startMods__I)
                  00003828    000000f4     rtsv7M4_T_le_v4SPD16_eabi.lib : dtor_list.obj (.text)
                  0000391c    000000f4     sysbios.aem4f : BIOS.obj (.text:ti_sysbios_knl_Task_postInit__I)
                  00003a10    000000e8     gpio_tivaware.aem4f : GPIO.oem4f (.text:GPIO_write)
                  00003af8    000000e8     sysbios.aem4f : BIOS.obj (.text:ti_sysbios_family_arm_m3_Hwi_initNVIC__E)
                  00003be0    000000e8                   : BIOS.obj (.text:ti_sysbios_io_DEV_postInit__I)
                  00003cc8    000000bc                   : BIOS.obj (.text:ti_sysbios_knl_Task_unblockI__E)
                  00003d84    000000b8                   : BIOS.obj (.text:ti_sysbios_family_arm_lm4_TimestampProvider_get32__E)
                  00003e3c    000000b4                   : BIOS.obj (.text:ti_sysbios_family_arm_m3_Hwi_excHardFault__I)
                  00003ef0    000000b4                   : BIOS.obj (.text:ti_sysbios_gates_GateMutex_enter__E)
                  00003fa4    000000b4                   : BIOS.obj (.text:ti_sysbios_knl_Task_checkStacks__E)
                  00004058    000000b0                   : BIOS.obj (.text:ti_sysbios_family_arm_m3_Hwi_excDebugMon__I)
                  00004108    000000b0                   : BIOS.obj (.text:ti_sysbios_utils_Load_idleFxn__E)
                  000041b8    000000b0                   : BIOS.obj (.text:ti_sysbios_utils_Load_updateLoads__E)
                  00004268    000000ac                   : BIOS.obj (.text:ti_sysbios_family_arm_lm4_Timer_enableTiva__I)
                  00004314    000000a8                   : BIOS.obj (.text:ti_sysbios_knl_Semaphore_Instance_init__F)
                  000043bc    000000a8                   : BIOS.obj (.text:ti_sysbios_knl_Swi_post__E)
                  00004464    000000a8                   : BIOS.obj (.text:ti_sysbios_knl_Task_blockI__E)
                  0000450c    000000a4                   : BIOS.obj (.text:ti_sysbios_family_arm_lm4_Timer_enableTimers__I)
                  000045b0    000000a4                   : BIOS.obj (.text:ti_sysbios_family_arm_m3_Hwi_Module_startup__F)
                  00004654    000000a0     auto_init.aem4f : auto_init.oem4f (.text)
                  000046f4    000000a0     main.obj (.text:mux_5)
                  00004794    0000009c     rtsv7M4_T_le_v4SPD16_eabi.lib : memcpy_t2.obj (.text)
                  00004830    0000009a     ti.targets.arm.rtsarm.aem4f : Text.oem4f (.text:xdc_runtime_Text_putSite__F)
                  000048ca    00000002     sysbios.aem4f : BIOS.obj (.text:ti_sysbios_BIOS_nullFunc__I)
                  000048cc    00000094     Boot.aem4f : Boot.oem4f (.text:ti_catalog_arm_cortexm4_tiva_ce_Boot_sysCtlClockSet__E)
                  00004960    00000094     ti.targets.arm.rtsarm.aem4f : Text.oem4f (.text:xdc_runtime_Text_putMod__F)
                  000049f4    00000090     sysbios.aem4f : BIOS.obj (.text:ti_sysbios_family_arm_m3_Hwi_Instance_init__F)
                  00004a84    0000008c                   : m3_TaskSupport_asm.obj (.text:ti_sysbios_family_arm_m3_TaskSupport_buildTaskStack)
                  00004b10    00000088     EK_LM4F120XL.obj (.text:EK_LM4F120XL_initGPIO)
                  00004b98    00000088     sysbios.aem4f : BIOS.obj (.text:ti_sysbios_utils_Load_addTask__E)
                  00004c20    00000084     ti.uia.runtime.aem4f : LoggerStopMode.oem4f (.text:ti_uia_runtime_LoggerStopMode_setFilterLevel__E)
                  00004ca4    00000080     sysbios.aem4f : BIOS.obj (.text:ti_sysbios_knl_Task_Module_startup__F)
                  00004d24    0000007e     ti.uia.runtime.aem4f : LoggerStopMode.oem4f (.text:ti_uia_runtime_LoggerStopMode_getContents__E)
                  00004da2    00000078     rtsv7M4_T_le_v4SPD16_eabi.lib : memset_t2.obj (.text)
                  00004e1a    00000002     sysbios.aem4f : BIOS.obj (.text:ti_sysbios_gates_GateHwi_Instance_init__F)
                  00004e1c    00000078                   : BIOS.obj (.text:ti_sysbios_utils_Load_updateCurrentThreadTime__E)
                  00004e94    00000074                   : BIOS.obj (.text:ti_sysbios_family_arm_lm4_Timer_isrStub__E)
                  00004f08    00000070     main_pem4f.oem4f (.text:ti_sysbios_family_arm_m3_Hwi_Object__create__S)
                  00004f78    00000070     sysbios.aem4f : BIOS.obj (.text:ti_sysbios_family_arm_m3_Hwi_reconfig__E)
                  00004fe8    00000070                   : BIOS.obj (.text:ti_sysbios_utils_Load_taskDeleteHook__E)
                  00005058    00000070     ti.uia.runtime.aem4f : LoggerStopMode.oem4f (.text:ti_uia_runtime_LoggerStopMode_getFilterLevel__E)
                  000050c8    00000070                          : LoggerStopMode.oem4f (.text:ti_uia_runtime_LoggerStopMode_writeBlockOfMemory__I)
                  00005138    00000070                          : QueueDescriptor.oem4f (.text:ti_uia_runtime_QueueDescriptor_addToList__E)
                  000051a8    00000070     uart_tivaware.aem4f : UARTTiva.oem4f (.text:writeData)
                  00005218    00000070     ti.targets.arm.rtsarm.aem4f : Memory.oem4f (.text:xdc_runtime_Memory_alloc__F)
                  00005288    0000006c     uart_tivaware.aem4f : UARTTiva.oem4f (.text:UARTTiva_read)
                  000052f4    0000006c                         : UARTTiva.oem4f (.text:UARTTiva_write)
                  00005360    0000006c     sysbios.aem4f : BIOS.obj (.text:ti_sysbios_utils_Load_taskCreateHook__E)
                  000053cc    0000006c     ti.targets.arm.rtsarm.aem4f : Error.oem4f (.text:xdc_runtime_Error_print__F)
                  00005438    00000068     sysbios.aem4f : BIOS.obj (.text:ti_sysbios_BIOS_rtsUnlock__I)
                  000054a0    00000066     uart_tivaware.aem4f : UARTTiva.oem4f (.text:UARTTiva_readPolling)
                  00005506    00000066     ti.targets.arm.rtsarm.aem4f : Core-mem.oem4f (.text:xdc_runtime_Core_deleteObject__I)
                  0000556c    00000064     sysbios.aem4f : BIOS.obj (.text:ti_sysbios_knl_Clock_logTick__E)
                  000055d0    00000064                   : BIOS.obj (.text:ti_sysbios_utils_Load_logCPULoad__I)
                  00005634    00000062     uart_tivaware.aem4f : UARTTiva.oem4f (.text:UARTTiva_hwiIntFxn)
                  00005696    00000002     main_pem4f.oem4f (.text:xdc_runtime_Startup_reset__I)
                  00005698    00000062     main.obj (.text:uart1)
                  000056fa    00000002     --HOLE-- [fill = 0]
                  000056fc    00000062     main.obj (.text:uart2)
                  0000575e    00000002     --HOLE-- [fill = 0]
                  00005760    00000060     rtsv7M4_T_le_v4SPD16_eabi.lib : trgmsg.obj (.text)
                  000057c0    00000060     main_pem4f.oem4f (.text:ti_uia_runtime_LoggerStopMode_Object__create__S)
                  00005820    0000005e     uart_tivaware.aem4f : UARTTiva.oem4f (.text:readData)
                  0000587e    0000005e     rtsv7M4_T_le_v4SPD16_eabi.lib : copy_decompress_rle.obj (.text)
                  000058dc    0000005c     sysbios.aem4f : BIOS.obj (.text:ti_sysbios_family_arm_lm4_Timer_Module_startup__F)
                  00005938    0000005b     ti.targets.arm.rtsarm.aem4f : Text.oem4f (.text:xdc_runtime_Text_putLab__F)
                  00005993    00000001     --HOLE-- [fill = 0]
                  00005994    0000005a     ti.uia.runtime.aem4f : LoggerStopMode.oem4f (.text:ti_uia_runtime_LoggerStopMode_readBlockOfMemory__I)
                  000059ee    00000002     --HOLE-- [fill = 0]
                  000059f0    00000058     boot.aem4f : boot.oem4f (.text)
                  00005a48    00000058     sysbios.aem4f : BIOS.obj (.text:ti_sysbios_knl_Swi_restoreHwi__E)
                  00005aa0    00000058                   : BIOS.obj (.text:ti_sysbios_knl_Swi_schedule__I)
                  00005af8    00000054     ti.uia.runtime.aem4f : QueueDescriptor.oem4f (.text:ti_uia_runtime_QueueDescriptor_removeFromList__E)
                  00005b4c    00000050     sysbios.aem4f : BIOS.obj (.text:ti_sysbios_utils_Load_taskSwitchHook__E)
                  00005b9c    00000050     ti.targets.arm.rtsarm.aem4f : Startup.oem4f (.text:xdc_runtime_Startup_exec__F)
                  00005bec    00000050                                 : System.oem4f (.text:xdc_runtime_System_formatNum__I)
                  00005c3c    00000050                                 : Text.oem4f (.text:xdc_runtime_Text_visitRope2__I)
                  00005c8c    0000004c     sysbios.aem4f : BIOS.obj (.text:ti_sysbios_knl_Swi_runLoop__I)
                  00005cd8    00000048     driverlib.lib : gpio.obj (.text:GPIOPinConfigure)
                  00005d20    00000048     sysbios.aem4f : BIOS.obj (.text:ti_sysbios_BIOS_errorRaiseHook__I)
                  00005d68    00000048                   : BIOS.obj (.text:ti_sysbios_family_arm_m3_Hwi_excReserved__I)
                  00005db0    00000048                   : BIOS.obj (.text:ti_sysbios_heaps_HeapMem_getStats__E)
                  00005df8    00000048     ti.targets.arm.rtsarm.aem4f : Assert.oem4f (.text:xdc_runtime_Assert_raise__I)
                  00005e40    00000048                                 : Core-params.oem4f (.text:xdc_runtime_Core_assignParams__I)
                  00005e88    00000046     main.obj (.text:main)
                  00005ece    00000046     ti.uia.runtime.aem4f : LoggerStopMode.oem4f (.text:ti_uia_runtime_LoggerStopMode_Instance_init__F)
                  00005f14    00000044     rtsv7M4_T_le_v4SPD16_eabi.lib : cpy_tbl.obj (.text)
                  00005f58    00000044                                   : exit.obj (.text)
                  00005f9c    00000044     sysbios.aem4f : BIOS.obj (.text:ti_sysbios_family_arm_lm4_Timer_stop__E)
                  00005fe0    00000044                   : BIOS.obj (.text:ti_sysbios_family_arm_m3_Hwi_disableInterrupt__E)
                  00006024    00000044                   : BIOS.obj (.text:ti_sysbios_family_arm_m3_Hwi_enableInterrupt__E)
                  00006068    00000044                   : BIOS.obj (.text:ti_sysbios_knl_Task_allBlockedFunction__I)
                  000060ac    00000044     ti.uia.runtime.aem4f : LoggerStopMode.oem4f (.text:ti_uia_runtime_LoggerStopMode_filterOutEvent__I)
                  000060f0    00000044                          : LoggerStopMode.oem4f (.text:ti_uia_runtime_LoggerStopMode_reset__F)
                  00006134    00000044     ti.targets.arm.rtsarm.aem4f : SysMin.oem4f (.text:xdc_runtime_SysMin_flush__F)
                  00006178    00000042     driverlib.lib : uart.obj (.text:UARTConfigSetExpClk)
                  000061ba    00000042     sysbios.aem4f : BIOS.obj (.text:ti_sysbios_knl_Semaphore_pendTimeout__I)
                  000061fc    00000040     EK_LM4F120XL.obj (.text:EK_LM4F120XL_initGeneral)
                  0000623c    00000040     uart_tivaware.aem4f : UARTTiva.oem4f (.text:UARTTiva_writePolling)
                  0000627c    00000040     sysbios.aem4f : BIOS.obj (.text:ti_sysbios_family_arm_lm4_Timer_startup__E)
                  000062bc    00000040     main_pem4f.oem4f (.text:ti_sysbios_knl_Semaphore_Object__create__S)
                  000062fc    00000040     ti.targets.arm.rtsarm.aem4f : System.oem4f (.text:xdc_runtime_System_atexit__F)
                  0000633c    0000003c     sysbios.aem4f : BIOS.obj (.text:ti_sysbios_family_arm_m3_Hwi_excSvCall__I)
                  00006378    0000003c                   : BIOS.obj (.text:ti_sysbios_heaps_HeapMem_init__I)
                  000063b4    0000003c                   : BIOS.obj (.text:ti_sysbios_knl_Swi_startup__E)
                  000063f0    0000003c     ti.targets.arm.rtsarm.aem4f : Text.oem4f (.text:xdc_runtime_Text_xprintf__I)
                  0000642c    00000038     uart_tivaware.aem4f : UART.oem4f (.text:UART_init)
                  00006464    00000038     sysbios.aem4f : BIOS.obj (.text:ti_sysbios_family_arm_m3_Hwi_excNoIsr__I)
                  0000649c    00000038                   : BIOS.obj (.text:ti_sysbios_family_arm_m3_Hwi_getStackInfo__E)
                  000064d4    00000038                   : BIOS.obj (.text:ti_sysbios_family_arm_m3_TaskSupport_start__E)
                  0000650c    00000038     main_pem4f.oem4f (.text:ti_sysbios_gates_GateHwi_Object__create__S)
                  00006544    00000038     main_pem4f.oem4f (.text:ti_sysbios_gates_GateMutex_Object__create__S)
                  0000657c    00000038     main_pem4f.oem4f (.text:ti_sysbios_heaps_HeapMem_Object__create__S)
                  000065b4    00000038     main_pem4f.oem4f (.text:ti_sysbios_knl_Queue_Object__create__S)
                  000065ec    00000038     ti.targets.arm.rtsarm.aem4f : SysMin.oem4f (.text:xdc_runtime_SysMin_putch__F)
                  00006624    00000034     driverlib.lib : sysctl.obj (.text:SysCtlPeripheralEnable)
                  00006658    00000034     uart_tivaware.aem4f : UARTTiva.oem4f (.text:UARTTiva_close)
                  0000668c    00000034     main.obj (.text:init_mux_pins)
                  000066c0    00000034     sysbios.aem4f : BIOS.obj (.text:ti_sysbios_family_arm_m3_Hwi_excNmi__I)
                  000066f4    00000034                   : BIOS.obj (.text:ti_sysbios_hal_Hwi_checkStack:ti_sysbios_hal_Hwi_checkStack)
                  00006728    00000032     uart_tivaware.aem4f : UARTTiva.oem4f (.text:UARTTiva_readCancel)
                  0000675a    00000032                         : UARTTiva.oem4f (.text:UARTTiva_writeCancel)
                  0000678c    00000030     main_pem4f.oem4f (.text:ti_sysbios_BIOS_exitFunc__I)
                  000067bc    00000030     sysbios.aem4f : BIOS.obj (.text:ti_sysbios_knl_Idle_run__E)
                  000067ec    00000030     ti.targets.arm.rtsarm.aem4f : Core-label.oem4f (.text:xdc_runtime_Core_assignLabel__I)
                  0000681c    00000030                                 : SysMin.oem4f (.text:xdc_runtime_SysMin_abort__F)
                  0000684c    0000002f                                 : Text.oem4f (.text:xdc_runtime_Text_printVisFxn__I)
                  0000687b    00000001     --HOLE-- [fill = 0]
                  0000687c    0000002e     main_pem4f.oem4f (.text:malloc)
                  000068aa    0000002c     sysbios.aem4f : BIOS.obj (.text:ti_sysbios_hal_Hwi_initStack:ti_sysbios_hal_Hwi_initStack)
                  000068d6    00000002     --HOLE-- [fill = 0]
                  000068d8    0000002c                   : BIOS.obj (.text:ti_sysbios_io_DEV_Module_startup__F)
                  00006904    0000002c     main_pem4f.oem4f (.text:ti_sysbios_knl_Clock_doTick__I)
                  00006930    0000002c     sysbios.aem4f : BIOS.obj (.text:ti_sysbios_knl_Task_restore__E)
                  0000695c    0000002c     ti.uia.runtime.aem4f : LoggerStopMode.oem4f (.text:ti_uia_runtime_LoggerStopMode_Module_startup__F)
                  00006988    0000002c                          : LoggerStopMode.oem4f (.text:ti_uia_runtime_LoggerStopMode_disable__E)
                  000069b4    0000002c                          : LoggerStopMode.oem4f (.text:ti_uia_runtime_LoggerStopMode_enable__E)
                  000069e0    0000002c     ti.targets.arm.rtsarm.aem4f : System.oem4f (.text:xdc_runtime_System_rtsExit__I)
                  00006a0c    0000002c                                 : Text.oem4f (.text:xdc_runtime_Text_cordText__F)
                  00006a38    0000002a     driverlib.lib : gpio.obj (.text:GPIODirModeSet)
                  00006a62    0000002a     ti.targets.arm.rtsarm.aem4f : System.oem4f (.text:xdc_runtime_System_putchar__I)
                  00006a8c    00000028     sysbios.aem4f : m3_Hwi_asm_switch.obj (.text:ti_sysbios_family_arm_m3_Hwi_initStacks__E)
                  00006ab4    00000028                   : BIOS.obj (.text:ti_sysbios_gates_GateMutex_Instance_init__F)
                  00006adc    00000028     ti.uia.runtime.aem4f : LogSync.oem4f (.text:ti_uia_runtime_LogSync_Module_startup__F)
                  00006b04    00000028                          : QueueDescriptor.oem4f (.text:ti_uia_runtime_QueueDescriptor_initHeader__E)
                  00006b2c    00000026     ti.targets.arm.rtsarm.aem4f : System.oem4f (.text:xdc_runtime_System_avprintf__F)
                  00006b52    00000002     --HOLE-- [fill = 0]
                  00006b54    00000024     gpio_tivaware.aem4f : GPIO.oem4f (.text:GPIO_init)
                  00006b78    00000024     sysbios.aem4f : BIOS.obj (.text:ti_sysbios_BIOS_registerRTSLock__I)
                  00006b9c    00000024     main_pem4f.oem4f (.text:ti_sysbios_BIOS_startFunc__I)
                  00006bc0    00000024     sysbios.aem4f : BIOS.obj (.text:ti_sysbios_family_arm_m3_Hwi_Instance_finalize__F)
                  00006be4    00000024                   : BIOS.obj (.text:ti_sysbios_family_arm_m3_Hwi_doTaskRestore__I)
                  00006c08    00000024     main_pem4f.oem4f (.text:ti_sysbios_gates_GateMutex_Object__delete__S)
                  00006c2c    00000024     sysbios.aem4f : BIOS.obj (.text:ti_sysbios_knl_Clock_Module_startup__F)
                  00006c50    00000024                   : BIOS.obj (.text:ti_sysbios_knl_Swi_Module_startup__F)
                  00006c74    00000024     ti.uia.runtime.aem4f : LoggerStopMode.oem4f (.text:ti_uia_runtime_LoggerStopMode_Instance_finalize__F)
                  00006c98    00000024     ti.targets.arm.rtsarm.aem4f : System.oem4f (.text:xdc_runtime_System_vprintf__F)
                  00006cbc    00000022     main_pem4f.oem4f (.text:xdc_runtime_SysMin_output__I)
                  00006cde    00000020     sysbios.aem4f : m3_Hwi_asm_switch.obj (.text:ti_sysbios_family_xxx_Hwi_switchAndRunFunc)
                  00006cfe    00000002     --HOLE-- [fill = 0]
                  00006d00    00000020     main_pem4f.oem4f (.text:ti_sysbios_gates_GateHwi_Object__delete__S)
                  00006d20    00000020     main_pem4f.oem4f (.text:ti_sysbios_heaps_HeapMem_Object__delete__S)
                  00006d40    00000020     main_pem4f.oem4f (.text:ti_sysbios_knl_Semaphore_Object__destruct__S)
                  00006d60    00000020     sysbios.aem4f : BIOS.obj (.text:ti_sysbios_knl_Task_enter__I)
                  00006d80    00000020     main_pem4f.oem4f (.text:ti_uia_runtime_LoggerStopMode_Object__delete__S)
                  00006da0    00000020     ti.targets.arm.rtsarm.aem4f : Registry.oem4f (.text:xdc_runtime_Registry_findById__F)
                  00006dc0    00000020                                 : SysMin.oem4f (.text:xdc_runtime_SysMin_Module_startup__F)
                  00006de0    0000001c     driverlib.lib : uart.obj (.text:UARTDisable)
                  00006dfc    0000001c     main.obj (.text:init_LCD)
                  00006e18    0000001c     sysbios.aem4f : BIOS.obj (.text:ti_sysbios_BIOS_rtsLock__I)
                  00006e34    0000001c     main_pem4f.oem4f (.text:ti_sysbios_family_arm_m3_Hwi_Object__destruct__S)
                  00006e50    0000001c     main_pem4f.oem4f (.text:ti_sysbios_knl_Queue_Object__destruct__S)
                  00006e6c    0000001c     ti.targets.arm.rtsarm.aem4f : Error.oem4f (.text:xdc_runtime_Error_check__F)
                  00006e88    0000001c                                 : Memory.oem4f (.text:xdc_runtime_Memory_valloc__F)
                  00006ea4    0000001c                                 : SysMin.oem4f (.text:xdc_runtime_SysMin_exit__F)
                  00006ec0    0000001a     main_pem4f.oem4f (.text:ti_sysbios_family_arm_m3_Hwi_Handle__label__S)
                  00006eda    0000001a     main_pem4f.oem4f (.text:ti_sysbios_gates_GateHwi_Handle__label__S)
                  00006ef4    0000001a     main_pem4f.oem4f (.text:ti_sysbios_gates_GateMutex_Handle__label__S)
                  00006f0e    0000001a     main_pem4f.oem4f (.text:ti_sysbios_heaps_HeapMem_Handle__label__S)
                  00006f28    0000001a     main_pem4f.oem4f (.text:ti_sysbios_knl_Swi_Handle__label__S)
                  00006f42    0000001a     main_pem4f.oem4f (.text:ti_sysbios_knl_Task_Handle__label__S)
                  00006f5c    0000001a     main_pem4f.oem4f (.text:ti_uia_runtime_LoggerStopMode_Handle__label__S)
                  00006f76    0000001a     main_pem4f.oem4f (.text:xdc_runtime_System_aprintf__E)
                  00006f90    0000001a     main_pem4f.oem4f (.text:xdc_runtime_System_printf__E)
                  00006faa    00000018     driverlib.lib : gpio.obj (.text:GPIOPinTypeGPIOOutput)
                  00006fc2    00000002     --HOLE-- [fill = 0]
                  00006fc4    00000018     uart_tivaware.aem4f : UART.oem4f (.text:UART_open)
                  00006fdc    00000018     main_pem4f.oem4f (.text:free)
                  00006ff4    00000018     rtsv7M4_T_le_v4SPD16_eabi.lib : args_main.obj (.text)
                  0000700c    00000018     main_pem4f.oem4f (.text:ti_sysbios_family_arm_lm4_Timer_Module__startupDone__F)
                  00007024    00000018     main_pem4f.oem4f (.text:ti_sysbios_family_arm_m3_Hwi_Module__startupDone__F)
                  0000703c    00000018     sysbios.aem4f : m3_TaskSupport_asm.obj (.text:ti_sysbios_family_arm_m3_TaskSupport_swap__E)
                  00007054    00000018                   : BIOS.obj (.text:ti_sysbios_gates_GateMutex_leave__E)
                  0000706c    00000018     main_pem4f.oem4f (.text:ti_sysbios_hal_Timer_Module__startupDone__F)
                  00007084    00000018     ti.targets.arm.rtsarm.aem4f : Text.oem4f (.text:xdc_runtime_Text_ropeText__F)
                  0000709c    00000016     ti.uia.runtime.aem4f : LoggerStopMode.oem4f (.text:ti_uia_runtime_LoggerStopMode_getFreeSize__E)
                  000070b2    00000016                          : LoggerStopMode.oem4f (.text:ti_uia_runtime_LoggerStopMode_getUnreadSize__E)
                  000070c8    00000014     driverlib.lib : uart.obj (.text:UARTEnable)
                  000070dc    00000014     uart_tivaware.aem4f : UART.oem4f (.text:UART_Params_init)
                  000070f0    00000014     rtsv7M4_T_le_v4SPD16_eabi.lib : _lock.obj (.text)
                  00007104    00000014                                   : strlen.obj (.text)
                  00007118    00000014     sysbios.aem4f : BIOS.obj (.text:ti_sysbios_family_arm_m3_Hwi_switchFromBootStack__E)
                  0000712c    00000014     main_pem4f.oem4f (.text:ti_sysbios_heaps_HeapMem_Object__get__S)
                  00007140    00000014     main_pem4f.oem4f (.text:ti_sysbios_knl_Swi_Object__get__S)
                  00007154    00000014     main_pem4f.oem4f (.text:ti_sysbios_knl_Task_Object__get__S)
                  00007168    00000014     ti.targets.arm.rtsarm.aem4f : System.oem4f (.text:xdc_runtime_System_abort__F)
                  0000717c    00000012     driverlib.lib : gpio.obj (.text:GPIOPinTypeGPIOInput)
                  0000718e    00000012                   : gpio.obj (.text:GPIOPinTypeUART)
                  000071a0    00000012     rtsv7M4_T_le_v4SPD16_eabi.lib : copy_zero_init.obj (.text:decompress:ZI)
                  000071b2    00000012     sysbios.aem4f : BIOS.obj (.text:ti_sysbios_hal_Hwi_Module_startup__F)
                  000071c4    00000012                   : BIOS.obj (.text:ti_sysbios_hal_Timer_Module_startup__F)
                  000071d6    00000012     ti.uia.runtime.aem4f : LoggerStopMode.oem4f (.text:ti_uia_runtime_LoggerStopMode_write1__E)
                  000071e8    00000012                          : LoggerStopMode.oem4f (.text:ti_uia_runtime_LoggerStopMode_write2__E)
                  000071fa    00000012     main_pem4f.oem4f (.text:xdc_runtime_Startup_exec__I)
                  0000720c    00000010     rtsv7M4_T_le_v4SPD16_eabi.lib : strcpy.obj (.text)
                  0000721c    00000010     sysbios.aem4f : BIOS.obj (.text:ti_sysbios_BIOS_getCpuFreq__E)
                  0000722c    00000010                   : BIOS.obj (.text:ti_sysbios_BIOS_setThreadType__E)
                  0000723c    00000010                   : BIOS.obj (.text:ti_sysbios_BIOS_start__E)
                  0000724c    00000010                   : BIOS.obj (.text:ti_sysbios_family_arm_lm4_TimestampProvider_rolloverFunc__E)
                  0000725c    00000010                   : BIOS.obj (.text:ti_sysbios_family_arm_m3_Hwi_excHandler__I)
                  0000726c    00000010                   : m3_TaskSupport_asm.obj (.text:ti_sysbios_family_arm_m3_TaskSupport_glue)
                  0000727c    00000010                   : m3_Hwi_asm_switch.obj (.text:ti_sysbios_family_xxx_Hwi_switchToIsrStack)
                  0000728c    00000010                   : BIOS.obj (.text:ti_sysbios_gates_GateMutex_Instance_finalize__F)
                  0000729c    00000010     main_pem4f.oem4f (.text:ti_sysbios_io_DEV_Object__get__S)
                  000072ac    00000010     main_pem4f.oem4f (.text:ti_sysbios_knl_Queue_Object__get__S)
                  000072bc    00000010     sysbios.aem4f : BIOS.obj (.text:ti_sysbios_knl_Semaphore_Instance_finalize__F)
                  000072cc    00000010                   : BIOS.obj (.text:ti_sysbios_knl_Swi_disable__E)
                  000072dc    00000010                   : BIOS.obj (.text:ti_sysbios_knl_Task_disable__E)
                  000072ec    00000010     main_pem4f.oem4f (.text:ti_uia_runtime_LoggerStopMode_Object__get__S)
                  000072fc    00000010     ti.uia.runtime.aem4f : LoggerStopMode.oem4f (.text:ti_uia_runtime_LoggerStopMode_write0__E)
                  0000730c    00000010     ti.targets.arm.rtsarm.aem4f : Gate.oem4f (.text:xdc_runtime_Gate_leaveSystem__F)
                  0000731c    00000010                                 : Memory.oem4f (.text:xdc_runtime_Memory_free__F)
                  0000732c    00000010                                 : SysMin.oem4f (.text:xdc_runtime_SysMin_ready__F)
                  0000733c    00000010                                 : System.oem4f (.text:xdc_runtime_System_vsnprintf__F)
                  0000734c    00000010     main_pem4f.oem4f (.text:xdc_runtime_Text_visitRope__I)
                  0000735c    0000000e     driverlib.lib : uart.obj (.text:UARTCharGetNonBlocking)
                  0000736a    0000000e                   : uart.obj (.text:UARTCharPutNonBlocking)
                  00007378    0000000e     rtsv7M4_T_le_v4SPD16_eabi.lib : copy_decompress_none.obj (.text:decompress:none)
                  00007386    0000000e     sysbios.aem4f : BIOS.obj (.text:ti_sysbios_knl_Queue_empty__E)
                  00007394    0000000e     ti.uia.runtime.aem4f : LoggerStopMode.oem4f (.text:ti_uia_runtime_LoggerStopMode_isEmpty__E)
                  000073a2    00000002     --HOLE-- [fill = 0]
                  000073a4    0000000c     main_pem4f.oem4f (.text:.bootCodeSection:ti_catalog_arm_cortexm4_tiva_ce_Boot_init__I)
                  000073b0    0000000c     sysbios.aem4f : BIOS.obj (.text:ti_sysbios_family_arm_lm4_Timer_masterDisable__I)
                  000073bc    0000000c                   : BIOS.obj (.text:ti_sysbios_family_arm_lm4_TimestampProvider_startTimer__E)
                  000073c8    0000000c     main_pem4f.oem4f (.text:ti_sysbios_family_arm_m3_Hwi_Params__init__S)
                  000073d4    0000000c     sysbios.aem4f : BIOS.obj (.text:ti_sysbios_family_arm_m3_Hwi_disableFxn__E)
                  000073e0    0000000c                   : BIOS.obj (.text:ti_sysbios_family_arm_m3_TaskSupport_checkStack__E)
                  000073ec    0000000c                   : m3_Hwi_asm_switch.obj (.text:ti_sysbios_family_xxx_Hwi_switchToTaskStack)
                  000073f8    0000000c                   : BIOS.obj (.text:ti_sysbios_gates_GateHwi_enter__E)
                  00007404    0000000c     main_pem4f.oem4f (.text:ti_sysbios_knl_Semaphore_Params__init__S)
                  00007410    0000000c     sysbios.aem4f : BIOS.obj (.text:ti_sysbios_utils_Load_taskRegHook__E)
                  0000741c    0000000c     ti.targets.arm.rtsarm.aem4f : Error.oem4f (.text:xdc_runtime_Error_init__F)
                  00007428    0000000c                                 : Gate.oem4f (.text:xdc_runtime_Gate_enterSystem__F)
                  00007434    0000000c                                 : Memory.oem4f (.text:xdc_runtime_Memory_calloc__F)
                  00007440    0000000c                                 : Memory.oem4f (.text:xdc_runtime_Memory_getMaxDefaultTypeAlign__F)
                  0000744c    0000000c                                 : System.oem4f (.text:xdc_runtime_System_exit__F)
                  00007458    0000000c                                 : System.oem4f (.text:xdc_runtime_System_lastFxn__I)
                  00007464    0000000a     driverlib.lib : uart.obj (.text:UARTCharGet)
                  0000746e    0000000a                   : uart.obj (.text:UARTCharPut)
                  00007478    0000000a                   : uart.obj (.text:UARTIntDisable)
                  00007482    0000000a                   : uart.obj (.text:UARTIntStatus)
                  0000748c    0000000a     uart_tivaware.aem4f : UART.oem4f (.text:UART_write)
                  00007496    0000000a     main_pem4f.oem4f (.text:xdc_runtime_IHeap_alloc)
                  000074a0    0000000a     main_pem4f.oem4f (.text:xdc_runtime_IHeap_free)
                  000074aa    00000008     driverlib.lib : uart.obj (.text:UARTIntEnable)
                  000074b2    00000008     uart_tivaware.aem4f : UARTTiva.oem4f (.text:UARTTiva_init)
                  000074ba    00000008                         : UARTTiva.oem4f (.text:readSemCallback)
                  000074c2    00000008     sysbios.aem4f : BIOS.obj (.text:ti_sysbios_family_arm_m3_Hwi_doSwiRestore__I)
                  000074ca    00000008                   : BIOS.obj (.text:ti_sysbios_family_arm_m3_Hwi_startup__E)
                  000074d2    00000008                   : BIOS.obj (.text:ti_sysbios_knl_Idle_loop__E)
                  000074da    00000008     uart_tivaware.aem4f : UARTTiva.oem4f (.text:writeSemCallback)
                  000074e2    00000006     driverlib.lib : gpio.obj (.text:GPIOPinWrite)
                  000074e8    00000006                   : uart.obj (.text:UARTFIFOLevelSet)
                  000074ee    00000006     ti.targets.arm.rtsarm.aem4f : xdc_noinit.oem4f (.text:__xdc__init)
                  000074f4    00000006     rtsv7M4_T_le_v4SPD16_eabi.lib : copy_decompress_rle.obj (.text:decompress:rle24)
                  000074fa    00000006     Boot.aem4f : Boot_sysctl.oem4f (.text:ti_catalog_arm_cortexm4_tiva_ce_Boot_sysCtlDelayI__I)
                  00007500    00000006     sysbios.aem4f : BIOS.obj (.text:ti_sysbios_family_arm_lm4_TimestampProvider_Module_startup__F)
                  00007506    00000006                   : BIOS.obj (.text:ti_sysbios_family_arm_m3_Hwi_restoreFxn__E)
                  0000750c    00000006                   : BIOS.obj (.text:ti_sysbios_gates_GateHwi_leave__E)
                  00007512    00000006                   : BIOS.obj (.text:ti_sysbios_heaps_HeapMem_isBlocking__E)
                  00007518    00000006                   : BIOS.obj (.text:ti_sysbios_knl_Queue_Instance_init__F)
                  0000751e    00000006     ti.uia.runtime.aem4f : LoggerStopMode.oem4f (.text:ti_uia_runtime_LoggerStopMode_getPriority__E)
                  00007524    00000006                          : LoggerStopMode.oem4f (.text:ti_uia_runtime_LoggerStopMode_getTransferType__F)
                  0000752a    00000006     ti.targets.arm.rtsarm.aem4f : System.oem4f (.text:xdc_runtime_System_Module_startup__F)
                  00007530    00000004     driverlib.lib : uart.obj (.text:UARTIntClear)
                  00007534    00000004     main_pem4f.oem4f (.text:ti_sysbios_BIOS_RtsGateProxy_enter__E)
                  00007538    00000004     main_pem4f.oem4f (.text:ti_sysbios_BIOS_RtsGateProxy_leave__E)
                  0000753c    00000004     sysbios.aem4f : BIOS.obj (.text:ti_sysbios_family_arm_lm4_Timer_getPeriod__E)
                  00007540    00000004                   : BIOS.obj (.text:ti_sysbios_family_arm_lm4_Timer_masterEnable__I)
                  00007544    00000004     main_pem4f.oem4f (.text:ti_sysbios_family_arm_m3_TaskSupport_Module__startupDone__S)
                  00007548    00000004     sysbios.aem4f : BIOS.obj (.text:ti_sysbios_gates_GateHwi_query__F)
                  0000754c    00000004                   : BIOS.obj (.text:ti_sysbios_gates_GateMutex_query__F)
                  00007550    00000004     main_pem4f.oem4f (.text:ti_sysbios_hal_Hwi_HwiProxy_Module__startupDone__S)
                  00007554    00000004     main_pem4f.oem4f (.text:ti_sysbios_hal_Timer_TimerProxy_Module__startupDone__S)
                  00007558    00000004     main_pem4f.oem4f (.text:ti_sysbios_hal_Timer_TimerProxy_getPeriod__E)
                  0000755c    00000004     main_pem4f.oem4f (.text:ti_sysbios_heaps_HeapMem_Module_GateProxy_enter__E)
                  00007560    00000004     main_pem4f.oem4f (.text:ti_sysbios_heaps_HeapMem_Module_GateProxy_leave__E)
                  00007564    00000004     main_pem4f.oem4f (.text:ti_sysbios_knl_Task_SupportProxy_Module__startupDone__S)
                  00007568    00000004     sysbios.aem4f : BIOS.obj (.text:ti_sysbios_knl_Task_startup__E)
                  0000756c    00000004     main_pem4f.oem4f (.text:ti_uia_runtime_LogSync_CpuTimestampProxy_Module__startupDone__S)
                  00007570    00000004     main_pem4f.oem4f (.text:ti_uia_runtime_LogSync_GlobalTimestampProxy_Module__startupDone__S)
                  00007574    00000004     ti.uia.runtime.aem4f : LoggerStopMode.oem4f (.text:ti_uia_runtime_LoggerStopMode_getInstanceId__E)
                  00007578    00000004                          : LoggerStopMode.oem4f (.text:ti_uia_runtime_LoggerStopMode_getMaxLength__E)
                  0000757c    00000004                          : LoggerStopMode.oem4f (.text:ti_uia_runtime_LoggerStopMode_setPriority__E)
                  00007580    00000004     ti.targets.arm.rtsarm.aem4f : Error.oem4f (.text:xdc_runtime_Error_getSite__F)
                  00007584    00000004     main_pem4f.oem4f (.text:xdc_runtime_Memory_HeapProxy_alloc__E)
                  00007588    00000004     main_pem4f.oem4f (.text:xdc_runtime_Memory_HeapProxy_free__E)
                  0000758c    00000004     main_pem4f.oem4f (.text:xdc_runtime_System_Module_GateProxy_enter__E)
                  00007590    00000004     main_pem4f.oem4f (.text:xdc_runtime_System_Module_GateProxy_leave__E)
                  00007594    00000004     ti.targets.arm.rtsarm.aem4f : System.oem4f (.text:xdc_runtime_System_aprintf_va__F)
                  00007598    00000004                                 : System.oem4f (.text:xdc_runtime_System_printf_va__F)
                  0000759c    00000004     main_pem4f.oem4f (.text:xdc_runtime_System_vsnprintf__E)
                  000075a0    00000004     main_pem4f.oem4f (.text:xdc_runtime_TimestampNull_Module__startupDone__S)
                  000075a4    00000004     main_pem4f.oem4f (.text:xdc_runtime_Timestamp_Module__startupDone__S)

.const     0    000075a8    00002e44     
                  000075a8    000023ae     main_pem4f.oem4f (.const:xdc_runtime_Text_charTab__A)
                  00009956    0000013c     main_pem4f.oem4f (.const:xdc_runtime_Text_nodeTab__A)
                  00009a92    000000d8     main_pem4f.oem4f (.const:ti_sysbios_family_arm_m3_Hwi_priorities__A)
                  00009b6a    00000002     main_pem4f.oem4f (.const:ti_catalog_arm_cortexm4_tiva_ce_Boot_Module__id__C)
                  00009b6c    00000090     driverlib.lib : gpio.obj (.const:g_pui32GPIOBaseAddrs)
                  00009bfc    0000006c     EK_LM4F120XL.obj (.const:UART_config)
                  00009c68    00000060     main_pem4f.oem4f (.const:ti_uia_runtime_LoggerStopMode_Module__FXNS__C)
                  00009cc8    00000048     main_pem4f.oem4f (.const:.string)
                  00009d10    00000040     EK_LM4F120XL.obj (.const:uartTivaHWAttrs)
                  00009d50    0000003c     EK_LM4F120XL.obj (.const:gpioHWAttrs)
                  00009d8c    00000034     main_pem4f.oem4f (.const:xdc_runtime_Startup_sfxnTab__A)
                  00009dc0    00000030     main_pem4f.oem4f (.const:ti_sysbios_family_arm_m3_Hwi_Object__PARAMS__C)
                  00009df0    00000030     main_pem4f.oem4f (.const:ti_sysbios_knl_Task_hooks__A)
                  00009e20    00000030     main_pem4f.oem4f (.const:ti_uia_runtime_LoggerStopMode_Object__PARAMS__C)
                  00009e50    00000028     main_pem4f.oem4f (.const:ti_sysbios_heaps_HeapMem_Module__FXNS__C)
                  00009e78    00000024     uart_tivaware.aem4f : UARTTiva.oem4f (.const:UARTTiva_fxnTable)
                  00009e9c    00000024     main_pem4f.oem4f (.const:ti_sysbios_gates_GateHwi_Module__FXNS__C)
                  00009ec0    00000024     main_pem4f.oem4f (.const:ti_sysbios_gates_GateMutex_Module__FXNS__C)
                  00009ee4    00000024     main_pem4f.oem4f (.const:ti_sysbios_heaps_HeapMem_Object__PARAMS__C)
                  00009f08    00000024     main_pem4f.oem4f (.const:ti_sysbios_knl_Semaphore_Object__PARAMS__C)
                  00009f2c    00000020     main_pem4f.oem4f (.const:ti_sysbios_family_arm_m3_Hwi_Object__DESC__C)
                  00009f4c    00000020     main_pem4f.oem4f (.const:ti_sysbios_gates_GateHwi_Object__DESC__C)
                  00009f6c    00000020     main_pem4f.oem4f (.const:ti_sysbios_gates_GateMutex_Object__DESC__C)
                  00009f8c    00000020     main_pem4f.oem4f (.const:ti_sysbios_heaps_HeapMem_Object__DESC__C)
                  00009fac    00000020     main_pem4f.oem4f (.const:ti_sysbios_knl_Queue_Object__DESC__C)
                  00009fcc    00000020     main_pem4f.oem4f (.const:ti_sysbios_knl_Semaphore_Object__DESC__C)
                  00009fec    00000020     main_pem4f.oem4f (.const:ti_uia_runtime_LoggerStopMode_Object__DESC__C)
                  0000a00c    00000020     uart_tivaware.aem4f : UART.oem4f (.const)
                  0000a02c    0000001a     main_pem4f.oem4f (.const:xdc_runtime_Startup_sfxnRts__A)
                  0000a046    00000002     main_pem4f.oem4f (.const:ti_sysbios_BIOS_Module__id__C)
                  0000a048    00000018     EK_LM4F120XL.obj (.const)
                  0000a060    00000018     main_pem4f.oem4f (.const:ti_sysbios_gates_GateHwi_Object__PARAMS__C)
                  0000a078    00000018     main_pem4f.oem4f (.const:ti_sysbios_gates_GateMutex_Object__PARAMS__C)
                  0000a090    00000018     main_pem4f.oem4f (.const:ti_sysbios_knl_Queue_Object__PARAMS__C)
                  0000a0a8    00000014     main_pem4f.oem4f (.const:xdc_runtime_Startup_firstFxns__A)
                  0000a0bc    00000011     ti.targets.arm.rtsarm.aem4f : System.oem4f (.const)
                  0000a0cd    00000001     main_pem4f.oem4f (.const:xdc_runtime_Error_policy__C)
                  0000a0ce    00000002     main_pem4f.oem4f (.const:ti_sysbios_family_arm_lm4_TimestampProvider_useClockTimer__C)
                  0000a0d0    00000008     main_pem4f.oem4f (.const:ti_sysbios_family_arm_m3_Hwi_excHookFuncs__A)
                  0000a0d8    00000008     main_pem4f.oem4f (.const:ti_sysbios_knl_Idle_coreList__A)
                  0000a0e0    00000008     main_pem4f.oem4f (.const:ti_sysbios_knl_Idle_coreList__C)
                  0000a0e8    00000008     main_pem4f.oem4f (.const:ti_sysbios_knl_Idle_funcList__A)
                  0000a0f0    00000008     main_pem4f.oem4f (.const:ti_sysbios_knl_Idle_funcList__C)
                  0000a0f8    00000008     main_pem4f.oem4f (.const:ti_sysbios_knl_Task_hooks__C)
                  0000a100    00000008     main_pem4f.oem4f (.const:xdc_runtime_Startup_firstFxns__C)
                  0000a108    00000008     main_pem4f.oem4f (.const:xdc_runtime_Startup_lastFxns__A)
                  0000a110    00000008     main_pem4f.oem4f (.const:xdc_runtime_Startup_lastFxns__C)
                  0000a118    00000004     main_pem4f.oem4f (.const:ti_catalog_arm_cortexm4_tiva_ce_Boot_A_mustUseEnhancedClockMode__C)
                  0000a11c    00000004     main_pem4f.oem4f (.const:ti_catalog_arm_cortexm4_tiva_ce_Boot_Module__diagsEnabled__C)
                  0000a120    00000004     main_pem4f.oem4f (.const:ti_catalog_arm_cortexm4_tiva_ce_Boot_Module__diagsIncluded__C)
                  0000a124    00000004     main_pem4f.oem4f (.const:ti_catalog_arm_cortexm4_tiva_ce_Boot_Module__diagsMask__C)
                  0000a128    00000004     main_pem4f.oem4f (.const:ti_sysbios_BIOS_Module__diagsEnabled__C)
                  0000a12c    00000004     main_pem4f.oem4f (.const:ti_sysbios_BIOS_Module__diagsIncluded__C)
                  0000a130    00000004     main_pem4f.oem4f (.const:ti_sysbios_BIOS_Module__diagsMask__C)
                  0000a134    00000004     main_pem4f.oem4f (.const:ti_sysbios_BIOS_installedErrorHook__C)
                  0000a138    00000004     main_pem4f.oem4f (.const:ti_sysbios_family_arm_lm4_Timer_enableFunc__C)
                  0000a13c    00000004     main_pem4f.oem4f (.const:ti_sysbios_family_arm_lm4_Timer_numTimerDevices__C)
                  0000a140    00000004     main_pem4f.oem4f (.const:ti_sysbios_family_arm_lm4_Timer_startupNeeded__C)
                  0000a144    00000004     main_pem4f.oem4f (.const:ti_sysbios_family_arm_m3_Hwi_E_NMI__C)
                  0000a148    00000004     main_pem4f.oem4f (.const:ti_sysbios_family_arm_m3_Hwi_E_alreadyDefined__C)
                  0000a14c    00000004     main_pem4f.oem4f (.const:ti_sysbios_family_arm_m3_Hwi_E_busFault__C)
                  0000a150    00000004     main_pem4f.oem4f (.const:ti_sysbios_family_arm_m3_Hwi_E_debugMon__C)
                  0000a154    00000004     main_pem4f.oem4f (.const:ti_sysbios_family_arm_m3_Hwi_E_hardFault__C)
                  0000a158    00000004     main_pem4f.oem4f (.const:ti_sysbios_family_arm_m3_Hwi_E_memFault__C)
                  0000a15c    00000004     main_pem4f.oem4f (.const:ti_sysbios_family_arm_m3_Hwi_E_noIsr__C)
                  0000a160    00000004     main_pem4f.oem4f (.const:ti_sysbios_family_arm_m3_Hwi_E_reserved__C)
                  0000a164    00000004     main_pem4f.oem4f (.const:ti_sysbios_family_arm_m3_Hwi_E_svCall__C)
                  0000a168    00000004     main_pem4f.oem4f (.const:ti_sysbios_family_arm_m3_Hwi_E_usageFault__C)
                  0000a16c    00000004     main_pem4f.oem4f (.const:ti_sysbios_family_arm_m3_Hwi_LD_end__C)
                  0000a170    00000004     main_pem4f.oem4f (.const:ti_sysbios_family_arm_m3_Hwi_LM_begin__C)
                  0000a174    00000004     main_pem4f.oem4f (.const:ti_sysbios_family_arm_m3_Hwi_Module__diagsEnabled__C)
                  0000a178    00000004     main_pem4f.oem4f (.const:ti_sysbios_family_arm_m3_Hwi_Module__diagsIncluded__C)
                  0000a17c    00000004     main_pem4f.oem4f (.const:ti_sysbios_family_arm_m3_Hwi_Module__diagsMask__C)
                  0000a180    00000004     main_pem4f.oem4f (.const:ti_sysbios_family_arm_m3_Hwi_Module__loggerFxn1__C)
                  0000a184    00000004     main_pem4f.oem4f (.const:ti_sysbios_family_arm_m3_Hwi_Module__loggerFxn8__C)
                  0000a188    00000004     main_pem4f.oem4f (.const:ti_sysbios_family_arm_m3_Hwi_Module__loggerObj__C)
                  0000a18c    00000004     main_pem4f.oem4f (.const:ti_sysbios_family_arm_m3_Hwi_NUM_INTERRUPTS__C)
                  0000a190    00000004     main_pem4f.oem4f (.const:ti_sysbios_family_arm_m3_Hwi_ccr__C)
                  0000a194    00000004     main_pem4f.oem4f (.const:ti_sysbios_family_arm_m3_Hwi_dispatchTable__C)
                  0000a198    00000004     main_pem4f.oem4f (.const:ti_sysbios_family_arm_m3_Hwi_excHandlerFunc__C)
                  0000a19c    00000004     main_pem4f.oem4f (.const:ti_sysbios_family_arm_m3_Hwi_excHookFuncs__C)
                  0000a1a0    00000004     main_pem4f.oem4f (.const:ti_sysbios_family_arm_m3_Hwi_priGroup__C)
                  0000a1a4    00000004     main_pem4f.oem4f (.const:ti_sysbios_family_arm_m3_Hwi_priorities__C)
                  0000a1a8    00000004     main_pem4f.oem4f (.const:ti_sysbios_gates_GateMutex_A_badContext__C)
                  0000a1ac    00000004     main_pem4f.oem4f (.const:ti_sysbios_gates_GateMutex_Instance_State_sem__O)
                  0000a1b0    00000004     main_pem4f.oem4f (.const:ti_sysbios_gates_GateMutex_Module__diagsEnabled__C)
                  0000a1b4    00000004     main_pem4f.oem4f (.const:ti_sysbios_gates_GateMutex_Module__diagsIncluded__C)
                  0000a1b8    00000004     main_pem4f.oem4f (.const:ti_sysbios_gates_GateMutex_Module__diagsMask__C)
                  0000a1bc    00000004     main_pem4f.oem4f (.const:ti_sysbios_hal_Hwi_E_stackOverflow__C)
                  0000a1c0    00000004     main_pem4f.oem4f (.const:ti_sysbios_heaps_HeapMem_A_align__C)
                  0000a1c4    00000004     main_pem4f.oem4f (.const:ti_sysbios_heaps_HeapMem_A_heapSize__C)
                  0000a1c8    00000004     main_pem4f.oem4f (.const:ti_sysbios_heaps_HeapMem_A_invalidFree__C)
                  0000a1cc    00000004     main_pem4f.oem4f (.const:ti_sysbios_heaps_HeapMem_A_zeroBlock__C)
                  0000a1d0    00000004     main_pem4f.oem4f (.const:ti_sysbios_heaps_HeapMem_E_memory__C)
                  0000a1d4    00000004     main_pem4f.oem4f (.const:ti_sysbios_heaps_HeapMem_Module__diagsEnabled__C)
                  0000a1d8    00000004     main_pem4f.oem4f (.const:ti_sysbios_heaps_HeapMem_Module__diagsIncluded__C)
                  0000a1dc    00000004     main_pem4f.oem4f (.const:ti_sysbios_heaps_HeapMem_Module__diagsMask__C)
                  0000a1e0    00000004     main_pem4f.oem4f (.const:ti_sysbios_heaps_HeapMem_Module__gateObj__C)
                  0000a1e4    00000004     main_pem4f.oem4f (.const:ti_sysbios_heaps_HeapMem_Object__count__C)
                  0000a1e8    00000004     main_pem4f.oem4f (.const:ti_sysbios_heaps_HeapMem_reqAlign__C)
                  0000a1ec    00000004     main_pem4f.oem4f (.const:ti_sysbios_io_DEV_Object__count__C)
                  0000a1f0    00000004     main_pem4f.oem4f (.const:ti_sysbios_io_DEV_tableSize__C)
                  0000a1f4    00000004     main_pem4f.oem4f (.const:ti_sysbios_knl_Clock_LM_begin__C)
                  0000a1f8    00000004     main_pem4f.oem4f (.const:ti_sysbios_knl_Clock_LM_tick__C)
                  0000a1fc    00000004     main_pem4f.oem4f (.const:ti_sysbios_knl_Clock_LW_delayed__C)
                  0000a200    00000004     main_pem4f.oem4f (.const:ti_sysbios_knl_Clock_Module_State_clockQ__O)
                  0000a204    00000004     main_pem4f.oem4f (.const:ti_sysbios_knl_Clock_Module__diagsEnabled__C)
                  0000a208    00000004     main_pem4f.oem4f (.const:ti_sysbios_knl_Clock_Module__diagsIncluded__C)
                  0000a20c    00000004     main_pem4f.oem4f (.const:ti_sysbios_knl_Clock_Module__diagsMask__C)
                  0000a210    00000004     main_pem4f.oem4f (.const:ti_sysbios_knl_Clock_Module__loggerFxn1__C)
                  0000a214    00000004     main_pem4f.oem4f (.const:ti_sysbios_knl_Clock_Module__loggerFxn2__C)
                  0000a218    00000004     main_pem4f.oem4f (.const:ti_sysbios_knl_Clock_Module__loggerObj__C)
                  0000a21c    00000004     main_pem4f.oem4f (.const:ti_sysbios_knl_Semaphore_A_badContext__C)
                  0000a220    00000004     main_pem4f.oem4f (.const:ti_sysbios_knl_Semaphore_A_noEvents__C)
                  0000a224    00000004     main_pem4f.oem4f (.const:ti_sysbios_knl_Semaphore_A_overflow__C)
                  0000a228    00000004     main_pem4f.oem4f (.const:ti_sysbios_knl_Semaphore_A_pendTaskDisabled__C)
                  0000a22c    00000004     main_pem4f.oem4f (.const:ti_sysbios_knl_Semaphore_Instance_State_pendQ__O)
                  0000a230    00000004     main_pem4f.oem4f (.const:ti_sysbios_knl_Semaphore_LM_pend__C)
                  0000a234    00000004     main_pem4f.oem4f (.const:ti_sysbios_knl_Semaphore_LM_post__C)
                  0000a238    00000004     main_pem4f.oem4f (.const:ti_sysbios_knl_Semaphore_Module__diagsEnabled__C)
                  0000a23c    00000004     main_pem4f.oem4f (.const:ti_sysbios_knl_Semaphore_Module__diagsIncluded__C)
                  0000a240    00000004     main_pem4f.oem4f (.const:ti_sysbios_knl_Semaphore_Module__diagsMask__C)
                  0000a244    00000004     main_pem4f.oem4f (.const:ti_sysbios_knl_Semaphore_Module__loggerFxn2__C)
                  0000a248    00000004     main_pem4f.oem4f (.const:ti_sysbios_knl_Semaphore_Module__loggerFxn4__C)
                  0000a24c    00000004     main_pem4f.oem4f (.const:ti_sysbios_knl_Semaphore_Module__loggerObj__C)
                  0000a250    00000004     main_pem4f.oem4f (.const:ti_sysbios_knl_Swi_LD_end__C)
                  0000a254    00000004     main_pem4f.oem4f (.const:ti_sysbios_knl_Swi_LM_begin__C)
                  0000a258    00000004     main_pem4f.oem4f (.const:ti_sysbios_knl_Swi_LM_post__C)
                  0000a25c    00000004     main_pem4f.oem4f (.const:ti_sysbios_knl_Swi_Module__diagsEnabled__C)
                  0000a260    00000004     main_pem4f.oem4f (.const:ti_sysbios_knl_Swi_Module__diagsIncluded__C)
                  0000a264    00000004     main_pem4f.oem4f (.const:ti_sysbios_knl_Swi_Module__diagsMask__C)
                  0000a268    00000004     main_pem4f.oem4f (.const:ti_sysbios_knl_Swi_Module__loggerFxn1__C)
                  0000a26c    00000004     main_pem4f.oem4f (.const:ti_sysbios_knl_Swi_Module__loggerFxn4__C)
                  0000a270    00000004     main_pem4f.oem4f (.const:ti_sysbios_knl_Swi_Module__loggerObj__C)
                  0000a274    00000004     main_pem4f.oem4f (.const:ti_sysbios_knl_Swi_Object__count__C)
                  0000a278    00000004     main_pem4f.oem4f (.const:ti_sysbios_knl_Task_E_spOutOfBounds__C)
                  0000a27c    00000004     main_pem4f.oem4f (.const:ti_sysbios_knl_Task_E_stackOverflow__C)
                  0000a280    00000004     main_pem4f.oem4f (.const:ti_sysbios_knl_Task_LD_block__C)
                  0000a284    00000004     main_pem4f.oem4f (.const:ti_sysbios_knl_Task_LD_exit__C)
                  0000a288    00000004     main_pem4f.oem4f (.const:ti_sysbios_knl_Task_LD_ready__C)
                  0000a28c    00000004     main_pem4f.oem4f (.const:ti_sysbios_knl_Task_LM_switch__C)
                  0000a290    00000004     main_pem4f.oem4f (.const:ti_sysbios_knl_Task_Module_State_inactiveQ__O)
                  0000a294    00000004     main_pem4f.oem4f (.const:ti_sysbios_knl_Task_Module__diagsEnabled__C)
                  0000a298    00000004     main_pem4f.oem4f (.const:ti_sysbios_knl_Task_Module__diagsIncluded__C)
                  0000a29c    00000004     main_pem4f.oem4f (.const:ti_sysbios_knl_Task_Module__diagsMask__C)
                  0000a2a0    00000004     main_pem4f.oem4f (.const:ti_sysbios_knl_Task_Module__loggerFxn2__C)
                  0000a2a4    00000004     main_pem4f.oem4f (.const:ti_sysbios_knl_Task_Module__loggerFxn4__C)
                  0000a2a8    00000004     main_pem4f.oem4f (.const:ti_sysbios_knl_Task_Module__loggerObj__C)
                  0000a2ac    00000004     main_pem4f.oem4f (.const:ti_sysbios_knl_Task_Object__count__C)
                  0000a2b0    00000004     main_pem4f.oem4f (.const:ti_sysbios_knl_Task_Object__heap__C)
                  0000a2b4    00000004     main_pem4f.oem4f (.const:ti_sysbios_knl_Task_allBlockedFunc__C)
                  0000a2b8    00000004     main_pem4f.oem4f (.const:ti_sysbios_knl_Task_numConstructedTasks__C)
                  0000a2bc    00000004     main_pem4f.oem4f (.const:ti_sysbios_utils_Load_LS_cpuLoad__C)
                  0000a2c0    00000004     main_pem4f.oem4f (.const:ti_sysbios_utils_Load_LS_hwiLoad__C)
                  0000a2c4    00000004     main_pem4f.oem4f (.const:ti_sysbios_utils_Load_LS_taskLoad__C)
                  0000a2c8    00000004     main_pem4f.oem4f (.const:ti_sysbios_utils_Load_Module_State_taskList__O)
                  0000a2cc    00000004     main_pem4f.oem4f (.const:ti_sysbios_utils_Load_Module__diagsEnabled__C)
                  0000a2d0    00000004     main_pem4f.oem4f (.const:ti_sysbios_utils_Load_Module__diagsIncluded__C)
                  0000a2d4    00000004     main_pem4f.oem4f (.const:ti_sysbios_utils_Load_Module__diagsMask__C)
                  0000a2d8    00000004     main_pem4f.oem4f (.const:ti_sysbios_utils_Load_Module__loggerFxn1__C)
                  0000a2dc    00000004     main_pem4f.oem4f (.const:ti_sysbios_utils_Load_Module__loggerFxn2__C)
                  0000a2e0    00000004     main_pem4f.oem4f (.const:ti_sysbios_utils_Load_Module__loggerFxn4__C)
                  0000a2e4    00000004     main_pem4f.oem4f (.const:ti_sysbios_utils_Load_Module__loggerObj__C)
                  0000a2e8    00000004     main_pem4f.oem4f (.const:ti_sysbios_utils_Load_postUpdate__C)
                  0000a2ec    00000004     main_pem4f.oem4f (.const:ti_sysbios_utils_Load_windowInMs__C)
                  0000a2f0    00000004     main_pem4f.oem4f (.const:ti_uia_runtime_ILoggerSnapshot_Interface__BASE__C)
                  0000a2f4    00000004     main_pem4f.oem4f (.const:ti_uia_runtime_IUIATransfer_Interface__BASE__C)
                  0000a2f8    00000004     main_pem4f.oem4f (.const:ti_uia_runtime_LoggerStopMode_E_badLevel__C)
                  0000a2fc    00000004     main_pem4f.oem4f (.const:ti_uia_runtime_LoggerStopMode_Object__count__C)
                  0000a300    00000004     main_pem4f.oem4f (.const:ti_uia_runtime_LoggerStopMode_overflowLogger__C)
                  0000a304    00000004     main_pem4f.oem4f (.const:ti_uia_runtime_LoggerStopMode_statusLogger__C)
                  0000a308    00000004     main_pem4f.oem4f (.const:xdc_runtime_Assert_E_assertFailed__C)
                  0000a30c    00000004     main_pem4f.oem4f (.const:xdc_runtime_Core_A_initializedParams__C)
                  0000a310    00000004     main_pem4f.oem4f (.const:xdc_runtime_Core_Module__diagsEnabled__C)
                  0000a314    00000004     main_pem4f.oem4f (.const:xdc_runtime_Core_Module__diagsIncluded__C)
                  0000a318    00000004     main_pem4f.oem4f (.const:xdc_runtime_Core_Module__diagsMask__C)
                  0000a31c    00000004     main_pem4f.oem4f (.const:xdc_runtime_Error_E_generic__C)
                  0000a320    00000004     main_pem4f.oem4f (.const:xdc_runtime_Error_E_memory__C)
                  0000a324    00000004     main_pem4f.oem4f (.const:xdc_runtime_Error_Module__diagsEnabled__C)
                  0000a328    00000004     main_pem4f.oem4f (.const:xdc_runtime_Error_Module__diagsIncluded__C)
                  0000a32c    00000004     main_pem4f.oem4f (.const:xdc_runtime_Error_Module__diagsMask__C)
                  0000a330    00000004     main_pem4f.oem4f (.const:xdc_runtime_Error_Module__loggerFxn8__C)
                  0000a334    00000004     main_pem4f.oem4f (.const:xdc_runtime_Error_Module__loggerObj__C)
                  0000a338    00000004     main_pem4f.oem4f (.const:xdc_runtime_Error_raiseHook__C)
                  0000a33c    00000004     main_pem4f.oem4f (.const:xdc_runtime_IFilterLogger_Interface__BASE__C)
                  0000a340    00000004     main_pem4f.oem4f (.const:xdc_runtime_IGateProvider_Interface__BASE__C)
                  0000a344    00000004     main_pem4f.oem4f (.const:xdc_runtime_IHeap_Interface__BASE__C)
                  0000a348    00000004     main_pem4f.oem4f (.const:xdc_runtime_ILogger_Interface__BASE__C)
                  0000a34c    00000004     main_pem4f.oem4f (.const:xdc_runtime_IModule_Interface__BASE__C)
                  0000a350    00000004     main_pem4f.oem4f (.const:xdc_runtime_Log_L_error__C)
                  0000a354    00000004     main_pem4f.oem4f (.const:xdc_runtime_Main_Module__diagsEnabled__C)
                  0000a358    00000004     main_pem4f.oem4f (.const:xdc_runtime_Main_Module__diagsIncluded__C)
                  0000a35c    00000004     main_pem4f.oem4f (.const:xdc_runtime_Main_Module__diagsMask__C)
                  0000a360    00000004     main_pem4f.oem4f (.const:xdc_runtime_Main_Module__loggerFxn4__C)
                  0000a364    00000004     main_pem4f.oem4f (.const:xdc_runtime_Main_Module__loggerObj__C)
                  0000a368    00000004     main_pem4f.oem4f (.const:xdc_runtime_Memory_defaultHeapInstance__C)
                  0000a36c    00000004     main_pem4f.oem4f (.const:xdc_runtime_Startup_execImpl__C)
                  0000a370    00000004     main_pem4f.oem4f (.const:xdc_runtime_Startup_maxPasses__C)
                  0000a374    00000004     main_pem4f.oem4f (.const:xdc_runtime_Startup_sfxnRts__C)
                  0000a378    00000004     main_pem4f.oem4f (.const:xdc_runtime_Startup_sfxnTab__C)
                  0000a37c    00000004     main_pem4f.oem4f (.const:xdc_runtime_SysMin_bufSize__C)
                  0000a380    00000004     main_pem4f.oem4f (.const:xdc_runtime_SysMin_outputFunc__C)
                  0000a384    00000004     main_pem4f.oem4f (.const:xdc_runtime_System_Module__gateObj__C)
                  0000a388    00000004     main_pem4f.oem4f (.const:xdc_runtime_System_extendFxn__C)
                  0000a38c    00000004     main_pem4f.oem4f (.const:xdc_runtime_System_maxAtexitHandlers__C)
                  0000a390    00000004     main_pem4f.oem4f (.const:xdc_runtime_Text_charTab__C)
                  0000a394    00000004     main_pem4f.oem4f (.const:xdc_runtime_Text_nameEmpty__C)
                  0000a398    00000004     main_pem4f.oem4f (.const:xdc_runtime_Text_nameStatic__C)
                  0000a39c    00000004     main_pem4f.oem4f (.const:xdc_runtime_Text_nameUnknown__C)
                  0000a3a0    00000004     main_pem4f.oem4f (.const:xdc_runtime_Text_nodeTab__C)
                  0000a3a4    00000004     main_pem4f.oem4f (.const:xdc_runtime_Text_visitRopeFxn__C)
                  0000a3a8    00000002     main_pem4f.oem4f (.const:ti_sysbios_family_arm_m3_Hwi_Module__id__C)
                  0000a3aa    00000002     main_pem4f.oem4f (.const:ti_sysbios_family_arm_m3_Hwi_Module__loggerDefined__C)
                  0000a3ac    00000002     main_pem4f.oem4f (.const:ti_sysbios_gates_GateMutex_Module__id__C)
                  0000a3ae    00000002     main_pem4f.oem4f (.const:ti_sysbios_hal_Hwi_Module__id__C)
                  0000a3b0    00000002     main_pem4f.oem4f (.const:ti_sysbios_heaps_HeapMem_Module__id__C)
                  0000a3b2    00000002     main_pem4f.oem4f (.const:ti_sysbios_io_DEV_Module__id__C)
                  0000a3b4    00000002     main_pem4f.oem4f (.const:ti_sysbios_knl_Clock_Module__id__C)
                  0000a3b6    00000002     main_pem4f.oem4f (.const:ti_sysbios_knl_Clock_Module__loggerDefined__C)
                  0000a3b8    00000002     main_pem4f.oem4f (.const:ti_sysbios_knl_Semaphore_Module__id__C)
                  0000a3ba    00000002     main_pem4f.oem4f (.const:ti_sysbios_knl_Semaphore_Module__loggerDefined__C)
                  0000a3bc    00000002     main_pem4f.oem4f (.const:ti_sysbios_knl_Swi_Module__id__C)
                  0000a3be    00000002     main_pem4f.oem4f (.const:ti_sysbios_knl_Swi_Module__loggerDefined__C)
                  0000a3c0    00000002     main_pem4f.oem4f (.const:ti_sysbios_knl_Task_Module__id__C)
                  0000a3c2    00000002     main_pem4f.oem4f (.const:ti_sysbios_knl_Task_Module__loggerDefined__C)
                  0000a3c4    00000002     main_pem4f.oem4f (.const:ti_sysbios_knl_Task_initStackFlag__C)
                  0000a3c6    00000002     main_pem4f.oem4f (.const:ti_sysbios_utils_Load_Module__id__C)
                  0000a3c8    00000002     main_pem4f.oem4f (.const:ti_sysbios_utils_Load_Module__loggerDefined__C)
                  0000a3ca    00000002     main_pem4f.oem4f (.const:ti_sysbios_utils_Load_autoAddTasks__C)
                  0000a3cc    00000002     main_pem4f.oem4f (.const:ti_sysbios_utils_Load_hwiEnabled__C)
                  0000a3ce    00000002     main_pem4f.oem4f (.const:ti_sysbios_utils_Load_updateInIdle__C)
                  0000a3d0    00000002     main_pem4f.oem4f (.const:ti_uia_runtime_LoggerStopMode_Module__id__C)
                  0000a3d2    00000002     main_pem4f.oem4f (.const:ti_uia_runtime_LoggerStopMode_filterByLevel__C)
                  0000a3d4    00000002     main_pem4f.oem4f (.const:ti_uia_runtime_LoggerStopMode_isTimestampEnabled__C)
                  0000a3d6    00000002     main_pem4f.oem4f (.const:xdc_runtime_Core_Module__id__C)
                  0000a3d8    00000002     main_pem4f.oem4f (.const:xdc_runtime_Error_Module__loggerDefined__C)
                  0000a3da    00000002     main_pem4f.oem4f (.const:xdc_runtime_Error_maxDepth__C)
                  0000a3dc    00000002     main_pem4f.oem4f (.const:xdc_runtime_Main_Module__id__C)
                  0000a3de    00000002     main_pem4f.oem4f (.const:xdc_runtime_Main_Module__loggerDefined__C)
                  0000a3e0    00000002     main_pem4f.oem4f (.const:xdc_runtime_Memory_Module__id__C)
                  0000a3e2    00000002     main_pem4f.oem4f (.const:xdc_runtime_SysMin_flushAtExit__C)
                  0000a3e4    00000002     main_pem4f.oem4f (.const:xdc_runtime_Text_charCnt__C)
                  0000a3e6    00000002     main_pem4f.oem4f (.const:xdc_runtime_Text_isLoaded__C)
                  0000a3e8    00000002     main_pem4f.oem4f (.const:xdc_runtime_Text_registryModsLastId__C)
                  0000a3ea    00000002     main_pem4f.oem4f (.const:xdc_runtime_Text_unnamedModsLastId__C)

.cinit     0    0000a3f0    000005e0     
                  0000a3f0    000005aa     (.cinit..data.load) [load image, compression = rle]
                  0000a99a    00000002     --HOLE-- [fill = 0]
                  0000a99c    0000000c     (__TI_handler_table)
                  0000a9a8    00000008     (.cinit..bss.load) [load image, compression = zero_init]
                  0000a9b0    00000008     (.cinit..vecs.load) [load image, compression = zero_init]
                  0000a9b8    00000018     (__TI_cinit_table)

.vecs      0    20000000    00000360     UNINITIALIZED
                  20000000    00000360     main_pem4f.oem4f (.vecs)

.bss       0    20000360    00003d00     UNINITIALIZED
                  20000360    00001800     main_pem4f.oem4f (.bss:taskStackSection)
                  20001b60    00001000     main_pem4f.oem4f (.bss:ti_sysbios_heaps_HeapMem_Instance_State_0_buf__A)
                  20002b60    00000480     main_pem4f.oem4f (.bss:ti_uia_runtime_LoggerStopMode_Instance_State_1_bufferArray__A)
                  20002fe0    00000480     main_pem4f.oem4f (.bss:ti_uia_runtime_LoggerStopMode_Instance_State_2_bufferArray__A)
                  20003460    00000440     EK_LM4F120XL.obj (.bss:uartTivaObjects)
                  200038a0    00000400     main_pem4f.oem4f (.bss:xdc_runtime_SysMin_Module_State_0_outbuf__A)
                  20003ca0    00000280     main_pem4f.oem4f (.bss:ti_uia_runtime_LoggerStopMode_Instance_State_0_bufferArray__A)
                  20003f20    00000120     rtsv7M4_T_le_v4SPD16_eabi.lib : trgmsg.obj (.bss:__CIOBUF_)
                  20004040    00000008     (.common:parmbuf)
                  20004048    00000008     (.common:ti_sysbios_knl_Task_Instance_State_0_hookEnv__A)
                  20004050    00000008     (.common:ti_sysbios_knl_Task_Instance_State_1_hookEnv__A)
                  20004058    00000008     (.common:ti_sysbios_knl_Task_Instance_State_2_hookEnv__A)

.stack     0    20004060    00001000     UNINITIALIZED
                  20004060    00001000     --HOLE--

.data      0    20005060    00000b74     UNINITIALIZED
                  20005060    00000360     main_pem4f.oem4f (.data:ti_sysbios_family_arm_m3_Hwi_Module_State_0_dispatchTable__A)
                  200053c0    00000204     main_pem4f.oem4f (.data)
                  200055c4    00000108     main_pem4f.oem4f (.data:ti_uia_runtime_LoggerStopMode_Object__table__V)
                  200056cc    000000f0     main_pem4f.oem4f (.data:ti_sysbios_knl_Task_Object__table__V)
                  200057bc    00000098     main_pem4f.oem4f (.data:ti_sysbios_utils_Load_Module__state__V)
                  20005854    00000080     main_pem4f.oem4f (.data:ti_sysbios_knl_Swi_Module_State_0_readyQ__A)
                  200058d4    00000080     main_pem4f.oem4f (.data:ti_sysbios_knl_Task_Module_State_0_readyQ__A)
                  20005954    00000070     main_pem4f.oem4f (.data:ti_sysbios_family_arm_lm4_Timer_Object__table__V)
                  200059c4    0000005c     main_pem4f.oem4f (.data:ti_sysbios_family_arm_m3_Hwi_Module__state__V)
                  20005a20    00000054     main_pem4f.oem4f (.data:ti_sysbios_utils_Load_Module_State_0_taskEnv__A)
                  20005a74    00000044     main_pem4f.oem4f (.data:ti_sysbios_knl_Task_Module__state__V)
                  20005ab8    00000038     main_pem4f.oem4f (.data:ti_sysbios_gates_GateMutex_Object__table__V)
                  20005af0    00000030     main_pem4f.oem4f (.data:ti_sysbios_family_arm_lm4_Timer_Module_State_0_device__A)
                  20005b20    00000030     main_pem4f.oem4f (.data:ti_sysbios_family_arm_m3_Hwi_Object__table__V)
                  20005b50    00000030     main_pem4f.oem4f (.data:ti_sysbios_knl_Swi_Object__table__V)
                  20005b80    00000028     main_pem4f.oem4f (.data:ti_sysbios_knl_Clock_Module__state__V)
                  20005ba8    00000008     gpio_tivaware.aem4f : GPIO.oem4f (.data)
                  20005bb0    00000008     rtsv7M4_T_le_v4SPD16_eabi.lib : _lock.obj (.data)
                  20005bb8    00000008                                   : exit.obj (.data)
                  20005bc0    00000008     ti.uia.runtime.aem4f : QueueDescriptor.oem4f (.data)
                  20005bc8    00000004     rtsv7M4_T_le_v4SPD16_eabi.lib : dtor_list.obj (.data)
                  20005bcc    00000004                                   : stkdepth_vars.obj (.data)
                  20005bd0    00000004     uart_tivaware.aem4f : UART.oem4f (.data)


LINKER GENERATED COPY TABLES

__TI_cinit_table @ 0000a9b8 records: 3, size/record: 8, table size: 24
	.data: load addr=0000a3f0, load size=000005aa bytes, run addr=20005060, run size=00000b74 bytes, compression=rle
	.bss: load addr=0000a9a8, load size=00000008 bytes, run addr=20000360, run size=00003d00 bytes, compression=zero_init
	.vecs: load addr=0000a9b0, load size=00000008 bytes, run addr=20000000, run size=00000360 bytes, compression=zero_init


LINKER GENERATED HANDLER TABLE

__TI_handler_table @ 0000a99c records: 3, size/record: 4, table size: 12
	index: 0, handler: __TI_zero_init
	index: 1, handler: __TI_decompress_rle24
	index: 2, handler: __TI_decompress_none


GLOBAL SYMBOLS: SORTED ALPHABETICALLY BY Name 

address    name
--------   ----
00005f59   C$$EXIT
0000578b   C$$IO$$
00004b11   EK_LM4F120XL_initGPIO
000061fd   EK_LM4F120XL_initGeneral
0000311d   EK_LM4F120XL_initUART
00006a39   GPIODirModeSet
00002a19   GPIOPadConfigSet
00005cd9   GPIOPinConfigure
0000717d   GPIOPinTypeGPIOInput
00006fab   GPIOPinTypeGPIOOutput
0000718f   GPIOPinTypeUART
000074e3   GPIOPinWrite
0000a048   GPIO_config
00006b55   GPIO_init
00003a11   GPIO_write
00001035   HOSTclock
00000ffd   HOSTclose
00000fbf   HOSTgetenv
00000f63   HOSTlseek
00000f11   HOSTopen
00000ec5   HOSTread
00000e67   HOSTrename
00000e2d   HOSTtime
00000df5   HOSTunlink
00000da9   HOSTwrite
UNDEFED    SHT$$INIT_ARRAY$$Base
UNDEFED    SHT$$INIT_ARRAY$$Limit
00006625   SysCtlPeripheralEnable
2000576c   TSK_idle
00007465   UARTCharGet
0000735d   UARTCharGetNonBlocking
0000746f   UARTCharPut
0000736b   UARTCharPutNonBlocking
00006179   UARTConfigSetExpClk
00006de1   UARTDisable
000070c9   UARTEnable
000074e9   UARTFIFOLevelSet
00007531   UARTIntClear
00007479   UARTIntDisable
000074ab   UARTIntEnable
00007483   UARTIntStatus
00006659   UARTTiva_close
00009e78   UARTTiva_fxnTable
000074b3   UARTTiva_init
00001ef1   UARTTiva_open
00005289   UARTTiva_read
00006729   UARTTiva_readCancel
000054a1   UARTTiva_readPolling
000052f5   UARTTiva_write
0000675b   UARTTiva_writeCancel
0000623d   UARTTiva_writePolling
000070dd   UART_Params_init
00009bfc   UART_config
0000a00c   UART_defaultParams
0000642d   UART_init
00006fc5   UART_open
0000748d   UART_write
00000000   __ASM__
20003f20   __CIOBUF_
00000073   __ISA__
00000086   __PLAT__
20005060   __STACK_END
00001000   __STACK_SIZE
20004160   __STACK_TOP
000000a7   __TARG__
0000a9b8   __TI_CINIT_Base
0000a9d0   __TI_CINIT_Limit
0000a99c   __TI_Handler_Table_Base
0000a9a8   __TI_Handler_Table_Limit
00000001   __TI_args_main
00004655   __TI_auto_init
20005bb8   __TI_cleanup_ptr
00007379   __TI_decompress_none
000074f5   __TI_decompress_rle24
20005bbc   __TI_dtors_ptr
0000578f   __TI_readmsg
00000000   __TI_static_base__
00005761   __TI_writemsg
000071a1   __TI_zero_init
000000cd   __TRDR__
00003881   __aeabi_atexit
00004da3   __aeabi_memclr
00004da3   __aeabi_memclr4
00004da3   __aeabi_memclr8
00004795   __aeabi_memcpy
00004795   __aeabi_memcpy4
00004795   __aeabi_memcpy8
00004da5   __aeabi_memset
00004da5   __aeabi_memset4
00004da5   __aeabi_memset8
ffffffff   __binit__
ffffffff   __c_args__
0000386f   __cxa_atexit
00003829   __cxa_finalize
00003869   __cxa_ia64_exit
20004060   __stack
000074ef   __xdc__init
200055c0   __xdc__init__addr
00006ff5   _args_main
000059f1   _c_int00
20005bb0   _lock
000070ff   _nop
000070f7   _register_lock
000070f1   _register_unlock
20005bb4   _unlock
00005f5d   abort
00003873   atexit
ffffffff   binit
00005f15   copy_in
00005f65   exit
00006fdd   free
00009d50   gpioHWAttrs
00006dfd   init_LCD
0000668d   init_mux_pins
00005e89   main
20005bcc   main_func_sp
0000687d   malloc
00004795   memcpy
00004dab   memset
000046f5   mux_5
0000720d   strcpy
00007105   strlen
0000a118   ti_catalog_arm_cortexm4_tiva_ce_Boot_A_mustUseEnhancedClockMode__C
0000a11c   ti_catalog_arm_cortexm4_tiva_ce_Boot_Module__diagsEnabled__C
0000a120   ti_catalog_arm_cortexm4_tiva_ce_Boot_Module__diagsIncluded__C
0000a124   ti_catalog_arm_cortexm4_tiva_ce_Boot_Module__diagsMask__C
00009b6a   ti_catalog_arm_cortexm4_tiva_ce_Boot_Module__id__C
000073a5   ti_catalog_arm_cortexm4_tiva_ce_Boot_init__I
00003229   ti_catalog_arm_cortexm4_tiva_ce_Boot_sysCtlClockSetI__I
000048cd   ti_catalog_arm_cortexm4_tiva_ce_Boot_sysCtlClockSet__E
000074fb   ti_catalog_arm_cortexm4_tiva_ce_Boot_sysCtlDelayI__I
0000a128   ti_sysbios_BIOS_Module__diagsEnabled__C
0000a12c   ti_sysbios_BIOS_Module__diagsIncluded__C
0000a130   ti_sysbios_BIOS_Module__diagsMask__C
0000a046   ti_sysbios_BIOS_Module__id__C
200053c0   ti_sysbios_BIOS_Module__state__V
00007535   ti_sysbios_BIOS_RtsGateProxy_enter__E
00007539   ti_sysbios_BIOS_RtsGateProxy_leave__E
0000754d   ti_sysbios_BIOS_RtsGateProxy_query__E
00005d21   ti_sysbios_BIOS_errorRaiseHook__I
0000678d   ti_sysbios_BIOS_exitFunc__I
0000721d   ti_sysbios_BIOS_getCpuFreq__E
0000a134   ti_sysbios_BIOS_installedErrorHook__C
000048cb   ti_sysbios_BIOS_nullFunc__I
00006b79   ti_sysbios_BIOS_registerRTSLock__I
00006e19   ti_sysbios_BIOS_rtsLock__I
00005439   ti_sysbios_BIOS_rtsUnlock__I
0000722d   ti_sysbios_BIOS_setThreadType__E
00006b9d   ti_sysbios_BIOS_startFunc__I
0000723d   ti_sysbios_BIOS_start__E
20005af0   ti_sysbios_family_arm_lm4_Timer_Module_State_0_device__A
200053e8   ti_sysbios_family_arm_lm4_Timer_Module_State_0_handles__A
200053e0   ti_sysbios_family_arm_lm4_Timer_Module__root__V
0000700d   ti_sysbios_family_arm_lm4_Timer_Module__startupDone__F
0000700d   ti_sysbios_family_arm_lm4_Timer_Module__startupDone__S
20005400   ti_sysbios_family_arm_lm4_Timer_Module__state__V
000058dd   ti_sysbios_family_arm_lm4_Timer_Module_startup__E
000058dd   ti_sysbios_family_arm_lm4_Timer_Module_startup__F
20005954   ti_sysbios_family_arm_lm4_Timer_Object__table__V
0000a138   ti_sysbios_family_arm_lm4_Timer_enableFunc__C
0000450d   ti_sysbios_family_arm_lm4_Timer_enableTimers__I
00004269   ti_sysbios_family_arm_lm4_Timer_enableTiva__I
0000753d   ti_sysbios_family_arm_lm4_Timer_getPeriod__E
00004e95   ti_sysbios_family_arm_lm4_Timer_isrStub__E
000073b1   ti_sysbios_family_arm_lm4_Timer_masterDisable__I
00007541   ti_sysbios_family_arm_lm4_Timer_masterEnable__I
0000a13c   ti_sysbios_family_arm_lm4_Timer_numTimerDevices__C
000014f9   ti_sysbios_family_arm_lm4_Timer_start__E
0000a140   ti_sysbios_family_arm_lm4_Timer_startupNeeded__C
0000627d   ti_sysbios_family_arm_lm4_Timer_startup__E
00005f9d   ti_sysbios_family_arm_lm4_Timer_stop__E
2000540c   ti_sysbios_family_arm_lm4_TimestampProvider_Module__state__V
00007501   ti_sysbios_family_arm_lm4_TimestampProvider_Module_startup__E
00007501   ti_sysbios_family_arm_lm4_TimestampProvider_Module_startup__F
00003d85   ti_sysbios_family_arm_lm4_TimestampProvider_get32__E
00002c79   ti_sysbios_family_arm_lm4_TimestampProvider_get64__E
0000721d   ti_sysbios_family_arm_lm4_TimestampProvider_getFreq__E
0000724d   ti_sysbios_family_arm_lm4_TimestampProvider_rolloverFunc__E
000073bd   ti_sysbios_family_arm_lm4_TimestampProvider_startTimer__E
0000a0ce   ti_sysbios_family_arm_lm4_TimestampProvider_useClockTimer__C
0000a144   ti_sysbios_family_arm_m3_Hwi_E_NMI__C
0000a148   ti_sysbios_family_arm_m3_Hwi_E_alreadyDefined__C
0000a14c   ti_sysbios_family_arm_m3_Hwi_E_busFault__C
0000a150   ti_sysbios_family_arm_m3_Hwi_E_debugMon__C
0000a154   ti_sysbios_family_arm_m3_Hwi_E_hardFault__C
0000a158   ti_sysbios_family_arm_m3_Hwi_E_memFault__C
0000a15c   ti_sysbios_family_arm_m3_Hwi_E_noIsr__C
0000a160   ti_sysbios_family_arm_m3_Hwi_E_reserved__C
0000a164   ti_sysbios_family_arm_m3_Hwi_E_svCall__C
[...]
00007501   ti_sysbios_family_arm_lm4_TimestampProvider_Module_startup__E
00007501   ti_sysbios_family_arm_lm4_TimestampProvider_Module_startup__F
00007507   ti_sysbios_family_arm_m3_Hwi_restoreFxn__E
00007507   ti_sysbios_hal_Hwi_HwiProxy_restore__E
00007507   ti_sysbios_hal_Hwi_restore__E
0000750d   ti_sysbios_gates_GateHwi_leave__E
00007513   ti_sysbios_heaps_HeapMem_isBlocking__E
00007519   ti_sysbios_knl_Queue_Instance_init__F
0000751f   ti_uia_runtime_LoggerStopMode_getPriority__E
00007525   ti_uia_runtime_LoggerStopMode_getTransferType__E
00007525   ti_uia_runtime_LoggerStopMode_getTransferType__F
0000752b   xdc_runtime_System_Module_startup__E
0000752b   xdc_runtime_System_Module_startup__F
00007531   UARTIntClear
00007535   ti_sysbios_BIOS_RtsGateProxy_enter__E
00007539   ti_sysbios_BIOS_RtsGateProxy_leave__E
0000753d   ti_sysbios_family_arm_lm4_Timer_getPeriod__E
00007541   ti_sysbios_family_arm_lm4_Timer_masterEnable__I
00007545   ti_sysbios_family_arm_m3_TaskSupport_Module__startupDone__S
00007549   ti_sysbios_gates_GateHwi_query__E
00007549   ti_sysbios_gates_GateHwi_query__F
00007549   xdc_runtime_Main_Module_GateProxy_query__E
00007549   xdc_runtime_System_Module_GateProxy_query__E
0000754d   ti_sysbios_BIOS_RtsGateProxy_query__E
0000754d   ti_sysbios_gates_GateMutex_query__E
0000754d   ti_sysbios_gates_GateMutex_query__F
0000754d   ti_sysbios_heaps_HeapMem_Module_GateProxy_query__E
00007551   ti_sysbios_hal_Hwi_HwiProxy_Module__startupDone__S
00007555   ti_sysbios_hal_Timer_TimerProxy_Module__startupDone__S
00007559   ti_sysbios_hal_Timer_TimerProxy_getPeriod__E
0000755d   ti_sysbios_heaps_HeapMem_Module_GateProxy_enter__E
00007561   ti_sysbios_heaps_HeapMem_Module_GateProxy_leave__E
00007565   ti_sysbios_knl_Task_SupportProxy_Module__startupDone__S
00007569   ti_sysbios_knl_Task_startup__E
0000756d   ti_uia_runtime_LogSync_CpuTimestampProxy_Module__startupDone__S
00007571   ti_uia_runtime_LogSync_GlobalTimestampProxy_Module__startupDone__S
00007575   ti_uia_runtime_LoggerStopMode_getInstanceId__E
00007579   ti_uia_runtime_LoggerStopMode_getMaxLength__E
0000757d   ti_uia_runtime_LoggerStopMode_setPriority__E
00007581   xdc_runtime_Error_getSite__E
00007581   xdc_runtime_Error_getSite__F
00007585   xdc_runtime_Memory_HeapProxy_alloc__E
00007589   xdc_runtime_Memory_HeapProxy_free__E
0000758d   xdc_runtime_System_Module_GateProxy_enter__E
00007591   xdc_runtime_System_Module_GateProxy_leave__E
00007595   xdc_runtime_System_aprintf_va__F
00007599   xdc_runtime_System_printf_va__F
0000759d   xdc_runtime_System_vsnprintf__E
000075a1   xdc_runtime_TimestampNull_Module__startupDone__S
000075a5   xdc_runtime_Timestamp_Module__startupDone__S
000075a8   xdc_runtime_Text_charTab__A
00009956   xdc_runtime_Text_nodeTab__A
00009a92   ti_sysbios_family_arm_m3_Hwi_priorities__A
00009b6a   ti_catalog_arm_cortexm4_tiva_ce_Boot_Module__id__C
00009bfc   UART_config
00009c68   ti_uia_runtime_LoggerStopMode_Module__FXNS__C
00009d10   uartTivaHWAttrs
00009d50   gpioHWAttrs
00009d8c   xdc_runtime_Startup_sfxnTab__A
00009dc0   ti_sysbios_family_arm_m3_Hwi_Object__PARAMS__C
00009df0   ti_sysbios_knl_Task_hooks__A
00009e20   ti_uia_runtime_LoggerStopMode_Object__PARAMS__C
00009e50   ti_sysbios_heaps_HeapMem_Module__FXNS__C
00009e78   UARTTiva_fxnTable
00009e9c   ti_sysbios_gates_GateHwi_Module__FXNS__C
00009ec0   ti_sysbios_gates_GateMutex_Module__FXNS__C
00009ee4   ti_sysbios_heaps_HeapMem_Object__PARAMS__C
00009f08   ti_sysbios_knl_Semaphore_Object__PARAMS__C
00009f2c   ti_sysbios_family_arm_m3_Hwi_Object__DESC__C
00009f4c   ti_sysbios_gates_GateHwi_Object__DESC__C
00009f6c   ti_sysbios_gates_GateMutex_Object__DESC__C
00009f8c   ti_sysbios_heaps_HeapMem_Object__DESC__C
00009fac   ti_sysbios_knl_Queue_Object__DESC__C
00009fcc   ti_sysbios_knl_Semaphore_Object__DESC__C
00009fec   ti_uia_runtime_LoggerStopMode_Object__DESC__C
0000a00c   UART_defaultParams
0000a02c   xdc_runtime_Startup_sfxnRts__A
0000a046   ti_sysbios_BIOS_Module__id__C
0000a048   GPIO_config
0000a060   ti_sysbios_gates_GateHwi_Object__PARAMS__C
0000a078   ti_sysbios_gates_GateMutex_Object__PARAMS__C
0000a090   ti_sysbios_knl_Queue_Object__PARAMS__C
0000a0a8   xdc_runtime_Startup_firstFxns__A
0000a0cd   xdc_runtime_Error_policy__C
0000a0ce   ti_sysbios_family_arm_lm4_TimestampProvider_useClockTimer__C
0000a0d0   ti_sysbios_family_arm_m3_Hwi_excHookFuncs__A
0000a0d8   ti_sysbios_knl_Idle_coreList__A
0000a0e0   ti_sysbios_knl_Idle_coreList__C
0000a0e8   ti_sysbios_knl_Idle_funcList__A
0000a0f0   ti_sysbios_knl_Idle_funcList__C
0000a0f8   ti_sysbios_knl_Task_hooks__C
0000a100   xdc_runtime_Startup_firstFxns__C
0000a108   xdc_runtime_Startup_lastFxns__A
0000a110   xdc_runtime_Startup_lastFxns__C
0000a118   ti_catalog_arm_cortexm4_tiva_ce_Boot_A_mustUseEnhancedClockMode__C
0000a11c   ti_catalog_arm_cortexm4_tiva_ce_Boot_Module__diagsEnabled__C
0000a120   ti_catalog_arm_cortexm4_tiva_ce_Boot_Module__diagsIncluded__C
0000a124   ti_catalog_arm_cortexm4_tiva_ce_Boot_Module__diagsMask__C
0000a128   ti_sysbios_BIOS_Module__diagsEnabled__C
0000a12c   ti_sysbios_BIOS_Module__diagsIncluded__C
0000a130   ti_sysbios_BIOS_Module__diagsMask__C
0000a134   ti_sysbios_BIOS_installedErrorHook__C
0000a138   ti_sysbios_family_arm_lm4_Timer_enableFunc__C
0000a13c   ti_sysbios_family_arm_lm4_Timer_numTimerDevices__C
0000a140   ti_sysbios_family_arm_lm4_Timer_startupNeeded__C
0000a144   ti_sysbios_family_arm_m3_Hwi_E_NMI__C
0000a148   ti_sysbios_family_arm_m3_Hwi_E_alreadyDefined__C
0000a14c   ti_sysbios_family_arm_m3_Hwi_E_busFault__C
0000a150   ti_sysbios_family_arm_m3_Hwi_E_debugMon__C
0000a154   ti_sysbios_family_arm_m3_Hwi_E_hardFault__C
0000a158   ti_sysbios_family_arm_m3_Hwi_E_memFault__C
0000a15c   ti_sysbios_family_arm_m3_Hwi_E_noIsr__C
0000a160   ti_sysbios_family_arm_m3_Hwi_E_reserved__C
0000a164   ti_sysbios_family_arm_m3_Hwi_E_svCall__C
0000a168   ti_sysbios_family_arm_m3_Hwi_E_usageFault__C
0000a16c   ti_sysbios_family_arm_m3_Hwi_LD_end__C
0000a170   ti_sysbios_family_arm_m3_Hwi_LM_begin__C
0000a174   ti_sysbios_family_arm_m3_Hwi_Module__diagsEnabled__C
0000a178   ti_sysbios_family_arm_m3_Hwi_Module__diagsIncluded__C
0000a17c   ti_sysbios_family_arm_m3_Hwi_Module__diagsMask__C
0000a180   ti_sysbios_family_arm_m3_Hwi_Module__loggerFxn1__C
0000a184   ti_sysbios_family_arm_m3_Hwi_Module__loggerFxn8__C
0000a188   ti_sysbios_family_arm_m3_Hwi_Module__loggerObj__C
0000a18c   ti_sysbios_family_arm_m3_Hwi_NUM_INTERRUPTS__C
0000a190   ti_sysbios_family_arm_m3_Hwi_ccr__C
0000a194   ti_sysbios_family_arm_m3_Hwi_dispatchTable__C
0000a198   ti_sysbios_family_arm_m3_Hwi_excHandlerFunc__C
0000a19c   ti_sysbios_family_arm_m3_Hwi_excHookFuncs__C
0000a1a0   ti_sysbios_family_arm_m3_Hwi_priGroup__C
0000a1a4   ti_sysbios_family_arm_m3_Hwi_priorities__C
0000a1a8   ti_sysbios_gates_GateMutex_A_badContext__C
0000a1ac   ti_sysbios_gates_GateMutex_Instance_State_sem__O
0000a1b0   ti_sysbios_gates_GateMutex_Module__diagsEnabled__C
0000a1b4   ti_sysbios_gates_GateMutex_Module__diagsIncluded__C
0000a1b8   ti_sysbios_gates_GateMutex_Module__diagsMask__C
0000a1bc   ti_sysbios_hal_Hwi_E_stackOverflow__C
0000a1c0   ti_sysbios_heaps_HeapMem_A_align__C
0000a1c4   ti_sysbios_heaps_HeapMem_A_heapSize__C
0000a1c8   ti_sysbios_heaps_HeapMem_A_invalidFree__C
0000a1cc   ti_sysbios_heaps_HeapMem_A_zeroBlock__C
0000a1d0   ti_sysbios_heaps_HeapMem_E_memory__C
0000a1d4   ti_sysbios_heaps_HeapMem_Module__diagsEnabled__C
0000a1d8   ti_sysbios_heaps_HeapMem_Module__diagsIncluded__C
0000a1dc   ti_sysbios_heaps_HeapMem_Module__diagsMask__C
0000a1e0   ti_sysbios_heaps_HeapMem_Module__gateObj__C
0000a1e4   ti_sysbios_heaps_HeapMem_Object__count__C
0000a1e8   ti_sysbios_heaps_HeapMem_reqAlign__C
0000a1ec   ti_sysbios_io_DEV_Object__count__C
0000a1f0   ti_sysbios_io_DEV_tableSize__C
0000a1f4   ti_sysbios_knl_Clock_LM_begin__C
0000a1f8   ti_sysbios_knl_Clock_LM_tick__C
0000a1fc   ti_sysbios_knl_Clock_LW_delayed__C
0000a200   ti_sysbios_knl_Clock_Module_State_clockQ__O
0000a204   ti_sysbios_knl_Clock_Module__diagsEnabled__C
0000a208   ti_sysbios_knl_Clock_Module__diagsIncluded__C
0000a20c   ti_sysbios_knl_Clock_Module__diagsMask__C
0000a210   ti_sysbios_knl_Clock_Module__loggerFxn1__C
0000a214   ti_sysbios_knl_Clock_Module__loggerFxn2__C
0000a218   ti_sysbios_knl_Clock_Module__loggerObj__C
0000a21c   ti_sysbios_knl_Semaphore_A_badContext__C
0000a220   ti_sysbios_knl_Semaphore_A_noEvents__C
0000a224   ti_sysbios_knl_Semaphore_A_overflow__C
0000a228   ti_sysbios_knl_Semaphore_A_pendTaskDisabled__C
0000a22c   ti_sysbios_knl_Semaphore_Instance_State_pendQ__O
0000a230   ti_sysbios_knl_Semaphore_LM_pend__C
0000a234   ti_sysbios_knl_Semaphore_LM_post__C
0000a238   ti_sysbios_knl_Semaphore_Module__diagsEnabled__C
0000a23c   ti_sysbios_knl_Semaphore_Module__diagsIncluded__C
0000a240   ti_sysbios_knl_Semaphore_Module__diagsMask__C
0000a244   ti_sysbios_knl_Semaphore_Module__loggerFxn2__C
0000a248   ti_sysbios_knl_Semaphore_Module__loggerFxn4__C
0000a24c   ti_sysbios_knl_Semaphore_Module__loggerObj__C
0000a250   ti_sysbios_knl_Swi_LD_end__C
0000a254   ti_sysbios_knl_Swi_LM_begin__C
0000a258   ti_sysbios_knl_Swi_LM_post__C
0000a25c   ti_sysbios_knl_Swi_Module__diagsEnabled__C
0000a260   ti_sysbios_knl_Swi_Module__diagsIncluded__C
0000a264   ti_sysbios_knl_Swi_Module__diagsMask__C
0000a268   ti_sysbios_knl_Swi_Module__loggerFxn1__C
0000a26c   ti_sysbios_knl_Swi_Module__loggerFxn4__C
0000a270   ti_sysbios_knl_Swi_Module__loggerObj__C
0000a274   ti_sysbios_knl_Swi_Object__count__C
0000a278   ti_sysbios_knl_Task_E_spOutOfBounds__C
0000a27c   ti_sysbios_knl_Task_E_stackOverflow__C
0000a280   ti_sysbios_knl_Task_LD_block__C
0000a284   ti_sysbios_knl_Task_LD_exit__C
0000a288   ti_sysbios_knl_Task_LD_ready__C
0000a28c   ti_sysbios_knl_Task_LM_switch__C
0000a290   ti_sysbios_knl_Task_Module_State_inactiveQ__O
0000a294   ti_sysbios_knl_Task_Module__diagsEnabled__C
0000a298   ti_sysbios_knl_Task_Module__diagsIncluded__C
0000a29c   ti_sysbios_knl_Task_Module__diagsMask__C
0000a2a0   ti_sysbios_knl_Task_Module__loggerFxn2__C
0000a2a4   ti_sysbios_knl_Task_Module__loggerFxn4__C
0000a2a8   ti_sysbios_knl_Task_Module__loggerObj__C
0000a2ac   ti_sysbios_knl_Task_Object__count__C
0000a2b0   ti_sysbios_knl_Task_Object__heap__C
0000a2b4   ti_sysbios_knl_Task_allBlockedFunc__C
0000a2b8   ti_sysbios_knl_Task_numConstructedTasks__C
0000a2bc   ti_sysbios_utils_Load_LS_cpuLoad__C
0000a2c0   ti_sysbios_utils_Load_LS_hwiLoad__C
0000a2c4   ti_sysbios_utils_Load_LS_taskLoad__C
0000a2c8   ti_sysbios_utils_Load_Module_State_taskList__O
0000a2cc   ti_sysbios_utils_Load_Module__diagsEnabled__C
0000a2d0   ti_sysbios_utils_Load_Module__diagsIncluded__C
0000a2d4   ti_sysbios_utils_Load_Module__diagsMask__C
0000a2d8   ti_sysbios_utils_Load_Module__loggerFxn1__C
0000a2dc   ti_sysbios_utils_Load_Module__loggerFxn2__C
0000a2e0   ti_sysbios_utils_Load_Module__loggerFxn4__C
0000a2e4   ti_sysbios_utils_Load_Module__loggerObj__C
0000a2e8   ti_sysbios_utils_Load_postUpdate__C
0000a2ec   ti_sysbios_utils_Load_windowInMs__C
0000a2f0   ti_uia_runtime_ILoggerSnapshot_Interface__BASE__C
0000a2f4   ti_uia_runtime_IUIATransfer_Interface__BASE__C
0000a2f8   ti_uia_runtime_LoggerStopMode_E_badLevel__C
0000a2fc   ti_uia_runtime_LoggerStopMode_Object__count__C
0000a300   ti_uia_runtime_LoggerStopMode_overflowLogger__C
0000a304   ti_uia_runtime_LoggerStopMode_statusLogger__C
0000a308   xdc_runtime_Assert_E_assertFailed__C
0000a30c   xdc_runtime_Core_A_initializedParams__C
0000a310   xdc_runtime_Core_Module__diagsEnabled__C
0000a314   xdc_runtime_Core_Module__diagsIncluded__C
0000a318   xdc_runtime_Core_Module__diagsMask__C
0000a31c   xdc_runtime_Error_E_generic__C
0000a320   xdc_runtime_Error_E_memory__C
0000a324   xdc_runtime_Error_Module__diagsEnabled__C
0000a328   xdc_runtime_Error_Module__diagsIncluded__C
0000a32c   xdc_runtime_Error_Module__diagsMask__C
0000a330   xdc_runtime_Error_Module__loggerFxn8__C
0000a334   xdc_runtime_Error_Module__loggerObj__C
0000a338   xdc_runtime_Error_raiseHook__C
0000a33c   xdc_runtime_IFilterLogger_Interface__BASE__C
0000a340   xdc_runtime_IGateProvider_Interface__BASE__C
0000a344   xdc_runtime_IHeap_Interface__BASE__C
0000a348   xdc_runtime_ILogger_Interface__BASE__C
0000a34c   xdc_runtime_IModule_Interface__BASE__C
0000a350   xdc_runtime_Log_L_error__C
0000a354   xdc_runtime_Main_Module__diagsEnabled__C
0000a358   xdc_runtime_Main_Module__diagsIncluded__C
0000a35c   xdc_runtime_Main_Module__diagsMask__C
0000a360   xdc_runtime_Main_Module__loggerFxn4__C
0000a364   xdc_runtime_Main_Module__loggerObj__C
0000a368   xdc_runtime_Memory_defaultHeapInstance__C
0000a36c   xdc_runtime_Startup_execImpl__C
0000a370   xdc_runtime_Startup_maxPasses__C
0000a374   xdc_runtime_Startup_sfxnRts__C
0000a378   xdc_runtime_Startup_sfxnTab__C
0000a37c   xdc_runtime_SysMin_bufSize__C
0000a380   xdc_runtime_SysMin_outputFunc__C
0000a384   xdc_runtime_System_Module__gateObj__C
0000a388   xdc_runtime_System_extendFxn__C
0000a38c   xdc_runtime_System_maxAtexitHandlers__C
0000a390   xdc_runtime_Text_charTab__C
0000a394   xdc_runtime_Text_nameEmpty__C
0000a398   xdc_runtime_Text_nameStatic__C
0000a39c   xdc_runtime_Text_nameUnknown__C
0000a3a0   xdc_runtime_Text_nodeTab__C
0000a3a4   xdc_runtime_Text_visitRopeFxn__C
0000a3a8   ti_sysbios_family_arm_m3_Hwi_Module__id__C
0000a3aa   ti_sysbios_family_arm_m3_Hwi_Module__loggerDefined__C
0000a3ac   ti_sysbios_gates_GateMutex_Module__id__C
0000a3ae   ti_sysbios_hal_Hwi_Module__id__C
0000a3b0   ti_sysbios_heaps_HeapMem_Module__id__C
0000a3b2   ti_sysbios_io_DEV_Module__id__C
0000a3b4   ti_sysbios_knl_Clock_Module__id__C
0000a3b6   ti_sysbios_knl_Clock_Module__loggerDefined__C
0000a3b8   ti_sysbios_knl_Semaphore_Module__id__C
0000a3ba   ti_sysbios_knl_Semaphore_Module__loggerDefined__C
0000a3bc   ti_sysbios_knl_Swi_Module__id__C
0000a3be   ti_sysbios_knl_Swi_Module__loggerDefined__C
0000a3c0   ti_sysbios_knl_Task_Module__id__C
0000a3c2   ti_sysbios_knl_Task_Module__loggerDefined__C
0000a3c4   ti_sysbios_knl_Task_initStackFlag__C
0000a3c6   ti_sysbios_utils_Load_Module__id__C
0000a3c8   ti_sysbios_utils_Load_Module__loggerDefined__C
0000a3ca   ti_sysbios_utils_Load_autoAddTasks__C
0000a3cc   ti_sysbios_utils_Load_hwiEnabled__C
0000a3ce   ti_sysbios_utils_Load_updateInIdle__C
0000a3d0   ti_uia_runtime_LoggerStopMode_Module__id__C
0000a3d2   ti_uia_runtime_LoggerStopMode_filterByLevel__C
0000a3d4   ti_uia_runtime_LoggerStopMode_isTimestampEnabled__C
0000a3d6   xdc_runtime_Core_Module__id__C
0000a3d8   xdc_runtime_Error_Module__loggerDefined__C
0000a3da   xdc_runtime_Error_maxDepth__C
0000a3dc   xdc_runtime_Main_Module__id__C
0000a3de   xdc_runtime_Main_Module__loggerDefined__C
0000a3e0   xdc_runtime_Memory_Module__id__C
0000a3e2   xdc_runtime_SysMin_flushAtExit__C
0000a3e4   xdc_runtime_Text_charCnt__C
0000a3e6   xdc_runtime_Text_isLoaded__C
0000a3e8   xdc_runtime_Text_registryModsLastId__C
0000a3ea   xdc_runtime_Text_unnamedModsLastId__C
0000a99c   __TI_Handler_Table_Base
0000a9a8   __TI_Handler_Table_Limit
0000a9b8   __TI_CINIT_Base
0000a9d0   __TI_CINIT_Limit
20000000   ti_sysbios_family_arm_m3_Hwi_ramVectors
20000360   ti_sysbios_knl_Task_Instance_State_0_stack__A
20000b60   ti_sysbios_knl_Task_Instance_State_1_stack__A
20001360   ti_sysbios_knl_Task_Instance_State_2_stack__A
20001b60   ti_sysbios_heaps_HeapMem_Instance_State_0_buf__A
20002b60   ti_uia_runtime_LoggerStopMode_Instance_State_1_bufferArray__A
20002fe0   ti_uia_runtime_LoggerStopMode_Instance_State_2_bufferArray__A
20003460   uartTivaObjects
200038a0   xdc_runtime_SysMin_Module_State_0_outbuf__A
20003ca0   ti_uia_runtime_LoggerStopMode_Instance_State_0_bufferArray__A
20003f20   __CIOBUF_
20004048   ti_sysbios_knl_Task_Instance_State_0_hookEnv__A
20004050   ti_sysbios_knl_Task_Instance_State_1_hookEnv__A
20004058   ti_sysbios_knl_Task_Instance_State_2_hookEnv__A
20004060   __stack
20004160   __STACK_TOP
20005060   __STACK_END
20005060   ti_sysbios_family_arm_m3_Hwi_Module_State_0_dispatchTable__A
200053c0   ti_sysbios_BIOS_Module__state__V
200053e0   ti_sysbios_family_arm_lm4_Timer_Module__root__V
200053e8   ti_sysbios_family_arm_lm4_Timer_Module_State_0_handles__A
20005400   ti_sysbios_family_arm_lm4_Timer_Module__state__V
2000540c   ti_sysbios_family_arm_lm4_TimestampProvider_Module__state__V
20005414   ti_sysbios_family_arm_m3_Hwi_Module__root__V
2000541c   ti_sysbios_family_arm_m3_Hwi_Module_State_0_excActive__A
20005420   ti_sysbios_family_arm_m3_Hwi_Module_State_0_excContext__A
20005424   ti_sysbios_family_arm_m3_Hwi_Module_State_0_excStack__A
20005428   ti_sysbios_gates_GateHwi_Module__root__V
20005430   ti_sysbios_gates_GateHwi_Object__table__V
20005434   ti_sysbios_gates_GateMutex_Module__root__V
2000543c   ti_sysbios_hal_Hwi_Module__root__V
20005444   ti_sysbios_hal_Timer_Module__root__V
2000544c   ti_sysbios_hal_Timer_Object__table__V
20005454   ti_sysbios_heaps_HeapMem_Module__root__V
2000545c   ti_sysbios_heaps_HeapMem_Object__table__V
20005474   ti_sysbios_io_DEV_Module__root__V
2000547c   ti_sysbios_io_DEV_Module_State_0_table__A
2000549c   ti_sysbios_io_DEV_Module__state__V
200054a0   ti_sysbios_io_GIO_Module__root__V
200054a8   ti_sysbios_knl_Clock_Module__root__V
200054b0   ti_sysbios_knl_Event_Module__root__V
200054bc   ti_sysbios_knl_Queue_Module__root__V
200054c4   ti_sysbios_knl_Queue_Object__table__V
200054cc   ti_sysbios_knl_Semaphore_Module__root__V
200054d8   ti_sysbios_knl_Swi_Module__root__V
200054e0   ti_sysbios_knl_Swi_Module__state__V
200054fc   ti_sysbios_knl_Task_Module__root__V
20005508   ti_sysbios_knl_Task_Module_State_0_idleTask__A
2000550c   ti_sysbios_utils_Load_Module__root__V
20005510   ti_sysbios_utils_Load_Module_State_0_taskStartTime__A
20005514   ti_sysbios_utils_Load_Module_State_0_runningTask__A
20005518   ti_sysbios_xdcruntime_SemThreadSupport_Module__root__V
20005520   ti_uia_runtime_LogSync_Module__root__V
20005528   ti_uia_runtime_LogSync_Module__state__V
20005534   ti_uia_runtime_LoggerStopMode_Module__root__V
2000553c   ti_uia_runtime_LoggerStopMode_Module__state__V
20005544   ti_uia_runtime_QueueDescriptor_Module__state__V
20005550   xdc_runtime_Error_Module__state__V
20005552   xdc_runtime_Main_Module__root__V
20005554   xdc_runtime_Memory_Module__state__V
20005558   xdc_runtime_Registry_Module__state__V
20005560   xdc_runtime_Startup_Module__state__V
20005568   xdc_runtime_SysMin_Module__state__V
20005574   xdc_runtime_System_Module_State_0_atexitHandlers__A
20005594   xdc_runtime_System_Module__state__V
200055a0   xdc_runtime_Text_Module__state__V
200055a8   xdc_runtime_knl_SemThread_Module__root__V
200055b0   xdc_runtime_knl_SyncNull_Module__root__V
200055b8   xdc_runtime_knl_SyncSemThread_Module__root__V
200055c0   __xdc__init__addr
200055c4   ti_uia_runtime_LoggerStopMode_Object__table__V
200056cc   ti_sysbios_knl_Task_Object__table__V
2000576c   TSK_idle
200057bc   ti_sysbios_utils_Load_Module__state__V
20005854   ti_sysbios_knl_Swi_Module_State_0_readyQ__A
200058d4   ti_sysbios_knl_Task_Module_State_0_readyQ__A
20005954   ti_sysbios_family_arm_lm4_Timer_Object__table__V
200059c4   ti_sysbios_family_arm_m3_Hwi_Module__state__V
20005a20   ti_sysbios_utils_Load_Module_State_0_taskEnv__A
20005a74   ti_sysbios_knl_Task_Module__state__V
20005ab8   ti_sysbios_gates_GateMutex_Object__table__V
20005af0   ti_sysbios_family_arm_lm4_Timer_Module_State_0_device__A
20005b20   ti_sysbios_family_arm_m3_Hwi_Object__table__V
20005b50   ti_sysbios_knl_Swi_Object__table__V
20005b80   ti_sysbios_knl_Clock_Module__state__V
20005bb0   _lock
20005bb4   _unlock
20005bb8   __TI_cleanup_ptr
20005bbc   __TI_dtors_ptr
20005bc0   ti_uia_runtime_QueueDescriptor_gPtrToFirstDescriptor
20005bc4   ti_uia_runtime_QueueDescriptor_gUpdateCount
20005bcc   main_func_sp
e000e000   ti_sysbios_family_arm_m3_Hwi_nvic
ffffffff   __binit__
ffffffff   __c_args__
ffffffff   binit
UNDEFED    SHT$$INIT_ARRAY$$Base
UNDEFED    SHT$$INIT_ARRAY$$Limit

[808 symbols]
