******************************************************************************
                  TI ARM Linker PC v5.1.1                      
******************************************************************************
>> Linked Wed Feb 19 23:03:35 2014

OUTPUT FILE NAME:   <rover.out>
ENTRY POINT SYMBOL: "_c_int00"  address: 00005cfd


MEMORY CONFIGURATION

         name            origin    length      used     unused   attr    fill
----------------------  --------  ---------  --------  --------  ----  --------
  FLASH                 00000000   00040000  0000ac9e  00035362  R  X
  SRAM                  20000000   00008000  00005bd4  0000242c  RW X


SEGMENT ALLOCATION MAP

run origin  load origin   length   init length attrs members
----------  ----------- ---------- ----------- ----- -------
00000000    00000000    0000aca0   0000aca0    r-x
  00000000    00000000    00000360   00000360    r-- .resetVecs
  00000360    00000360    0000751a   0000751a    r-x .text
  0000787c    0000787c    00002e44   00002e44    r-- .const
  0000a6c0    0000a6c0    000005e0   000005e0    r-- .cinit
20000000    20000000    00005bd4   00000000    rw-
  20000000    20000000    00000360   00000000    rw- .vecs
  20000360    20000360    00003d00   00000000    rw- .bss
  20004060    20004060    00001000   00000000    rw- .stack
  20005060    20005060    00000b74   00000000    rw- .data


SECTION ALLOCATION MAP

 output                                  attributes/
section   page    origin      length       input sections
--------  ----  ----------  ----------   ----------------
.bootVecs 
*          0    00000000    00000008     DSECT
                  00000000    00000008     boot.aem4f : boot.oem4f (.bootVecs)

.resetVecs 
*          0    00000000    00000360     
                  00000000    00000360     main_pem4f.oem4f (.resetVecs)

xdc.meta   0    00000000    000000f5     COPY SECTION
                  00000000    000000f5     main_pem4f.oem4f (xdc.meta)

.text      0    00000360    0000751a     
                  00000360    00000424     sysbios.aem4f : BIOS.obj (.text:ti_sysbios_family_arm_m3_Hwi_excDumpRegs__I)
                  00000784    00000344     ti.targets.arm.rtsarm.aem4f : System.oem4f (.text:xdc_runtime_System_doPrint__I)
                  00000ac8    000002e0     sysbios.aem4f : BIOS.obj (.text:ti_sysbios_knl_Semaphore_pend__E)
                  00000da8    000002d4     rtsv7M4_T_le_v4SPD16_eabi.lib : trgdrv.obj (.text)
                  0000107c    00000248     sysbios.aem4f : BIOS.obj (.text:ti_sysbios_heaps_HeapMem_free__E)
                  000012c4    00000234                   : BIOS.obj (.text:ti_sysbios_heaps_HeapMem_alloc__E)
                  000014f8    00000230                   : BIOS.obj (.text:ti_sysbios_family_arm_lm4_Timer_start__E)
                  00001728    00000210                   : BIOS.obj (.text:ti_sysbios_family_arm_m3_Hwi_excHandlerMax__I)
                  00001938    000001a0     ti.uia.runtime.aem4f : LoggerStopMode.oem4f (.text:ti_uia_runtime_LoggerStopMode_write8__E)
                  00001ad8    00000168     sysbios.aem4f : BIOS.obj (.text:ti_sysbios_family_arm_m3_Hwi_excBusFault__I)
                  00001c40    0000015c     ti.uia.runtime.aem4f : LoggerStopMode.oem4f (.text:ti_uia_runtime_LoggerStopMode_writeMemoryRange__E)
                  00001d9c    00000154     sysbios.aem4f : BIOS.obj (.text:ti_sysbios_family_arm_m3_Hwi_excUsageFault__I)
                  00001ef0    00000148     uart_tivaware.aem4f : UARTTiva.oem4f (.text:UARTTiva_open)
                  00002038    00000144     sysbios.aem4f : BIOS.obj (.text:ti_sysbios_knl_Semaphore_post__E)
                  0000217c    00000140                   : BIOS.obj (.text:ti_sysbios_family_arm_m3_Hwi_dispatchC__I)
                  000022bc    00000140                   : BIOS.obj (.text:ti_sysbios_family_arm_m3_Hwi_excMemFault__I)
                  000023fc    0000013c     ti.uia.runtime.aem4f : LoggerStopMode.oem4f (.text:ti_uia_runtime_LoggerStopMode_write4__E)
                  00002538    0000013c     ti.targets.arm.rtsarm.aem4f : Error.oem4f (.text:xdc_runtime_Error_raiseX__F)
                  00002674    00000138     sysbios.aem4f : BIOS.obj (.text:ti_sysbios_heaps_HeapMem_Instance_init__F)
                  000027ac    00000138                   : BIOS.obj (.text:ti_sysbios_utils_Load_logLoads__I)
                  000028e4    00000134                   : m3_Hwi_asm.obj (.text:ti_sysbios_family_arm_m3_Hwi_dispatch__I)
                  00002a18    00000130     driverlib.lib : gpio.obj (.text:GPIOPadConfigSet)
                  00002b48    00000130     sysbios.aem4f : BIOS.obj (.text:ti_sysbios_utils_Load_updateThreadContexts__E)
                  00002c78    0000012c                   : BIOS.obj (.text:ti_sysbios_family_arm_lm4_TimestampProvider_get64__E)
                  00002da4    0000012c                   : BIOS.obj (.text:ti_sysbios_knl_Clock_workFunc__E)
                  00002ed0    0000012c                   : BIOS.obj (.text:ti_sysbios_knl_Task_exit__E)
                  00002ffc    00000120                   : BIOS.obj (.text:ti_sysbios_knl_Swi_run__I)
                  0000311c    0000010c     EK_LM4F120XL.obj (.text:EK_LM4F120XL_initUART)
                  00003228    0000010c     Boot.aem4f : Boot_sysctl.oem4f (.text:ti_catalog_arm_cortexm4_tiva_ce_Boot_sysCtlClockSetI__I)
                  00003334    00000104     ti.targets.arm.rtsarm.aem4f : Core-mem.oem4f (.text:xdc_runtime_Core_createObject__I)
                  00003438    00000104     main_pem4f.oem4f (.text:xdc_runtime_System_printfExtend__I)
                  0000353c    000000fc     sysbios.aem4f : BIOS.obj (.text:ti_sysbios_knl_Task_schedule__I)
                  00003638    000000f8                   : BIOS.obj (.text:ti_sysbios_knl_Task_startCore__E)
                  00003730    000000f8     ti.targets.arm.rtsarm.aem4f : Startup.oem4f (.text:xdc_runtime_Startup_startMods__I)
                  00003828    000000f4     rtsv7M4_T_le_v4SPD16_eabi.lib : dtor_list.obj (.text)
                  0000391c    000000f4     sysbios.aem4f : BIOS.obj (.text:ti_sysbios_knl_Task_postInit__I)
                  00003a10    000000e8     gpio_tivaware.aem4f : GPIO.oem4f (.text:GPIO_write)
                  00003af8    000000e8     sysbios.aem4f : BIOS.obj (.text:ti_sysbios_family_arm_m3_Hwi_initNVIC__E)
                  00003be0    000000e8                   : BIOS.obj (.text:ti_sysbios_io_DEV_postInit__I)
                  00003cc8    000000bc                   : BIOS.obj (.text:ti_sysbios_knl_Task_unblockI__E)
                  00003d84    000000b8                   : BIOS.obj (.text:ti_sysbios_family_arm_lm4_TimestampProvider_get32__E)
                  00003e3c    000000b4                   : BIOS.obj (.text:ti_sysbios_family_arm_m3_Hwi_excHardFault__I)
                  00003ef0    000000b4                   : BIOS.obj (.text:ti_sysbios_gates_GateMutex_enter__E)
                  00003fa4    000000b4                   : BIOS.obj (.text:ti_sysbios_knl_Task_checkStacks__E)
                  00004058    000000b0                   : BIOS.obj (.text:ti_sysbios_family_arm_m3_Hwi_excDebugMon__I)
                  00004108    000000b0                   : BIOS.obj (.text:ti_sysbios_utils_Load_idleFxn__E)
                  000041b8    000000b0                   : BIOS.obj (.text:ti_sysbios_utils_Load_updateLoads__E)
                  00004268    000000ac                   : BIOS.obj (.text:ti_sysbios_family_arm_lm4_Timer_enableTiva__I)
                  00004314    000000a8                   : BIOS.obj (.text:ti_sysbios_knl_Semaphore_Instance_init__F)
                  000043bc    000000a8                   : BIOS.obj (.text:ti_sysbios_knl_Swi_post__E)
                  00004464    000000a8                   : BIOS.obj (.text:ti_sysbios_knl_Task_blockI__E)
                  0000450c    000000a4                   : BIOS.obj (.text:ti_sysbios_family_arm_lm4_Timer_enableTimers__I)
                  000045b0    000000a4                   : BIOS.obj (.text:ti_sysbios_family_arm_m3_Hwi_Module_startup__F)
                  00004654    000000a0     auto_init.aem4f : auto_init.oem4f (.text)
                  000046f4    000000a0     main.obj (.text:mux_5)
                  00004794    0000009c     rtsv7M4_T_le_v4SPD16_eabi.lib : memcpy_t2.obj (.text)
                  00004830    0000009a     ti.targets.arm.rtsarm.aem4f : Text.oem4f (.text:xdc_runtime_Text_putSite__F)
                  000048ca    00000002     sysbios.aem4f : BIOS.obj (.text:ti_sysbios_BIOS_nullFunc__I)
                  000048cc    00000094     Boot.aem4f : Boot.oem4f (.text:ti_catalog_arm_cortexm4_tiva_ce_Boot_sysCtlClockSet__E)
                  00004960    00000094     ti.targets.arm.rtsarm.aem4f : Text.oem4f (.text:xdc_runtime_Text_putMod__F)
                  000049f4    00000090     sysbios.aem4f : BIOS.obj (.text:ti_sysbios_family_arm_m3_Hwi_Instance_init__F)
                  00004a84    0000008c                   : m3_TaskSupport_asm.obj (.text:ti_sysbios_family_arm_m3_TaskSupport_buildTaskStack)
                  00004b10    00000088     EK_LM4F120XL.obj (.text:EK_LM4F120XL_initGPIO)
                  00004b98    00000088     sysbios.aem4f : BIOS.obj (.text:ti_sysbios_utils_Load_addTask__E)
                  00004c20    00000085     main.obj (.text:mux_1)
                  00004ca5    00000001     --HOLE-- [fill = 0]
                  00004ca6    00000002     sysbios.aem4f : BIOS.obj (.text:ti_sysbios_gates_GateHwi_Instance_init__F)
                  00004ca8    00000084     ti.uia.runtime.aem4f : LoggerStopMode.oem4f (.text:ti_uia_runtime_LoggerStopMode_setFilterLevel__E)
                  00004d2c    00000083     main.obj (.text:uart1)
                  00004daf    00000001     --HOLE-- [fill = 0]
                  00004db0    00000080     main.obj (.text:mux_2)
                  00004e30    00000080     main.obj (.text:mux_3)
                  00004eb0    00000080     main.obj (.text:mux_4)
                  00004f30    00000080     main.obj (.text:mux_7)
                  00004fb0    00000080     sysbios.aem4f : BIOS.obj (.text:ti_sysbios_knl_Task_Module_startup__F)
                  00005030    0000007e     ti.uia.runtime.aem4f : LoggerStopMode.oem4f (.text:ti_uia_runtime_LoggerStopMode_getContents__E)
                  000050ae    00000078     rtsv7M4_T_le_v4SPD16_eabi.lib : memset_t2.obj (.text)
                  00005126    00000002     main_pem4f.oem4f (.text:xdc_runtime_Startup_reset__I)
                  00005128    00000078     sysbios.aem4f : BIOS.obj (.text:ti_sysbios_utils_Load_updateCurrentThreadTime__E)
                  000051a0    00000074                   : BIOS.obj (.text:ti_sysbios_family_arm_lm4_Timer_isrStub__E)
                  00005214    00000070     main_pem4f.oem4f (.text:ti_sysbios_family_arm_m3_Hwi_Object__create__S)
                  00005284    00000070     sysbios.aem4f : BIOS.obj (.text:ti_sysbios_family_arm_m3_Hwi_reconfig__E)
                  000052f4    00000070                   : BIOS.obj (.text:ti_sysbios_utils_Load_taskDeleteHook__E)
                  00005364    00000070     ti.uia.runtime.aem4f : LoggerStopMode.oem4f (.text:ti_uia_runtime_LoggerStopMode_getFilterLevel__E)
                  000053d4    00000070                          : LoggerStopMode.oem4f (.text:ti_uia_runtime_LoggerStopMode_writeBlockOfMemory__I)
                  00005444    00000070                          : QueueDescriptor.oem4f (.text:ti_uia_runtime_QueueDescriptor_addToList__E)
                  000054b4    00000070     uart_tivaware.aem4f : UARTTiva.oem4f (.text:writeData)
                  00005524    00000070     ti.targets.arm.rtsarm.aem4f : Memory.oem4f (.text:xdc_runtime_Memory_alloc__F)
                  00005594    0000006c     uart_tivaware.aem4f : UARTTiva.oem4f (.text:UARTTiva_read)
                  00005600    0000006c                         : UARTTiva.oem4f (.text:UARTTiva_write)
                  0000566c    0000006c     sysbios.aem4f : BIOS.obj (.text:ti_sysbios_utils_Load_taskCreateHook__E)
                  000056d8    0000006c     ti.targets.arm.rtsarm.aem4f : Error.oem4f (.text:xdc_runtime_Error_print__F)
                  00005744    00000068     sysbios.aem4f : BIOS.obj (.text:ti_sysbios_BIOS_rtsUnlock__I)
                  000057ac    00000066     uart_tivaware.aem4f : UARTTiva.oem4f (.text:UARTTiva_readPolling)
                  00005812    00000002     --HOLE-- [fill = 0]
                  00005814    00000066     main.obj (.text:main)
                  0000587a    00000066     ti.targets.arm.rtsarm.aem4f : Core-mem.oem4f (.text:xdc_runtime_Core_deleteObject__I)
                  000058e0    00000064     sysbios.aem4f : BIOS.obj (.text:ti_sysbios_knl_Clock_logTick__E)
                  00005944    00000064                   : BIOS.obj (.text:ti_sysbios_utils_Load_logCPULoad__I)
                  000059a8    00000062     uart_tivaware.aem4f : UARTTiva.oem4f (.text:UARTTiva_hwiIntFxn)
                  00005a0a    00000002     --HOLE-- [fill = 0]
                  00005a0c    00000060     rtsv7M4_T_le_v4SPD16_eabi.lib : trgmsg.obj (.text)
                  00005a6c    00000060     main_pem4f.oem4f (.text:ti_uia_runtime_LoggerStopMode_Object__create__S)
                  00005acc    0000005e     uart_tivaware.aem4f : UARTTiva.oem4f (.text:readData)
                  00005b2a    0000005e     rtsv7M4_T_le_v4SPD16_eabi.lib : copy_decompress_rle.obj (.text)
                  00005b88    0000005e     main.obj (.text:uart2)
                  00005be6    00000002     --HOLE-- [fill = 0]
                  00005be8    0000005c     sysbios.aem4f : BIOS.obj (.text:ti_sysbios_family_arm_lm4_Timer_Module_startup__F)
                  00005c44    0000005b     ti.targets.arm.rtsarm.aem4f : Text.oem4f (.text:xdc_runtime_Text_putLab__F)
                  00005c9f    00000001     --HOLE-- [fill = 0]
                  00005ca0    0000005a     ti.uia.runtime.aem4f : LoggerStopMode.oem4f (.text:ti_uia_runtime_LoggerStopMode_readBlockOfMemory__I)
                  00005cfa    00000002     --HOLE-- [fill = 0]
                  00005cfc    00000058     boot.aem4f : boot.oem4f (.text)
                  00005d54    00000058     sysbios.aem4f : BIOS.obj (.text:ti_sysbios_knl_Swi_restoreHwi__E)
                  00005dac    00000058                   : BIOS.obj (.text:ti_sysbios_knl_Swi_schedule__I)
                  00005e04    00000054     ti.uia.runtime.aem4f : QueueDescriptor.oem4f (.text:ti_uia_runtime_QueueDescriptor_removeFromList__E)
                  00005e58    00000050     sysbios.aem4f : BIOS.obj (.text:ti_sysbios_utils_Load_taskSwitchHook__E)
                  00005ea8    00000050     ti.targets.arm.rtsarm.aem4f : Startup.oem4f (.text:xdc_runtime_Startup_exec__F)
                  00005ef8    00000050                                 : System.oem4f (.text:xdc_runtime_System_formatNum__I)
                  00005f48    00000050                                 : Text.oem4f (.text:xdc_runtime_Text_visitRope2__I)
                  00005f98    0000004c     sysbios.aem4f : BIOS.obj (.text:ti_sysbios_knl_Swi_runLoop__I)
                  00005fe4    00000048     driverlib.lib : gpio.obj (.text:GPIOPinConfigure)
                  0000602c    00000048     sysbios.aem4f : BIOS.obj (.text:ti_sysbios_BIOS_errorRaiseHook__I)
                  00006074    00000048                   : BIOS.obj (.text:ti_sysbios_family_arm_m3_Hwi_excReserved__I)
                  000060bc    00000048                   : BIOS.obj (.text:ti_sysbios_heaps_HeapMem_getStats__E)
                  00006104    00000048     ti.targets.arm.rtsarm.aem4f : Assert.oem4f (.text:xdc_runtime_Assert_raise__I)
                  0000614c    00000048                                 : Core-params.oem4f (.text:xdc_runtime_Core_assignParams__I)
                  00006194    00000046     ti.uia.runtime.aem4f : LoggerStopMode.oem4f (.text:ti_uia_runtime_LoggerStopMode_Instance_init__F)
                  000061da    00000002     --HOLE-- [fill = 0]
                  000061dc    00000044     rtsv7M4_T_le_v4SPD16_eabi.lib : cpy_tbl.obj (.text)
                  00006220    00000044                                   : exit.obj (.text)
                  00006264    00000044     sysbios.aem4f : BIOS.obj (.text:ti_sysbios_family_arm_lm4_Timer_stop__E)
                  000062a8    00000044                   : BIOS.obj (.text:ti_sysbios_family_arm_m3_Hwi_disableInterrupt__E)
                  000062ec    00000044                   : BIOS.obj (.text:ti_sysbios_family_arm_m3_Hwi_enableInterrupt__E)
                  00006330    00000044                   : BIOS.obj (.text:ti_sysbios_knl_Task_allBlockedFunction__I)
                  00006374    00000044     ti.uia.runtime.aem4f : LoggerStopMode.oem4f (.text:ti_uia_runtime_LoggerStopMode_filterOutEvent__I)
                  000063b8    00000044                          : LoggerStopMode.oem4f (.text:ti_uia_runtime_LoggerStopMode_reset__F)
                  000063fc    00000044     ti.targets.arm.rtsarm.aem4f : SysMin.oem4f (.text:xdc_runtime_SysMin_flush__F)
                  00006440    00000042     driverlib.lib : uart.obj (.text:UARTConfigSetExpClk)
                  00006482    00000042     sysbios.aem4f : BIOS.obj (.text:ti_sysbios_knl_Semaphore_pendTimeout__I)
                  000064c4    00000040     EK_LM4F120XL.obj (.text:EK_LM4F120XL_initGeneral)
                  00006504    00000040     uart_tivaware.aem4f : UARTTiva.oem4f (.text:UARTTiva_writePolling)
                  00006544    00000040     sysbios.aem4f : BIOS.obj (.text:ti_sysbios_family_arm_lm4_Timer_startup__E)
                  00006584    00000040     main_pem4f.oem4f (.text:ti_sysbios_knl_Semaphore_Object__create__S)
                  000065c4    00000040     ti.targets.arm.rtsarm.aem4f : System.oem4f (.text:xdc_runtime_System_atexit__F)
                  00006604    0000003c     sysbios.aem4f : BIOS.obj (.text:ti_sysbios_family_arm_m3_Hwi_excSvCall__I)
                  00006640    0000003c                   : BIOS.obj (.text:ti_sysbios_heaps_HeapMem_init__I)
                  0000667c    0000003c                   : BIOS.obj (.text:ti_sysbios_knl_Swi_startup__E)
                  000066b8    0000003c     ti.targets.arm.rtsarm.aem4f : Text.oem4f (.text:xdc_runtime_Text_xprintf__I)
                  000066f4    00000038     uart_tivaware.aem4f : UART.oem4f (.text:UART_init)
                  0000672c    00000038     sysbios.aem4f : BIOS.obj (.text:ti_sysbios_family_arm_m3_Hwi_excNoIsr__I)
                  00006764    00000038                   : BIOS.obj (.text:ti_sysbios_family_arm_m3_Hwi_getStackInfo__E)
                  0000679c    00000038                   : BIOS.obj (.text:ti_sysbios_family_arm_m3_TaskSupport_start__E)
                  000067d4    00000038     main_pem4f.oem4f (.text:ti_sysbios_gates_GateHwi_Object__create__S)
                  0000680c    00000038     main_pem4f.oem4f (.text:ti_sysbios_gates_GateMutex_Object__create__S)
                  00006844    00000038     main_pem4f.oem4f (.text:ti_sysbios_heaps_HeapMem_Object__create__S)
                  0000687c    00000038     main_pem4f.oem4f (.text:ti_sysbios_knl_Queue_Object__create__S)
                  000068b4    00000038     ti.targets.arm.rtsarm.aem4f : SysMin.oem4f (.text:xdc_runtime_SysMin_putch__F)
                  000068ec    00000034     driverlib.lib : sysctl.obj (.text:SysCtlPeripheralEnable)
                  00006920    00000034     uart_tivaware.aem4f : UARTTiva.oem4f (.text:UARTTiva_close)
                  00006954    00000034     main.obj (.text:init_mux_pins)
                  00006988    00000034     sysbios.aem4f : BIOS.obj (.text:ti_sysbios_family_arm_m3_Hwi_excNmi__I)
                  000069bc    00000034                   : BIOS.obj (.text:ti_sysbios_hal_Hwi_checkStack:ti_sysbios_hal_Hwi_checkStack)
                  000069f0    00000032     uart_tivaware.aem4f : UARTTiva.oem4f (.text:UARTTiva_readCancel)
                  00006a22    00000032                         : UARTTiva.oem4f (.text:UARTTiva_writeCancel)
                  00006a54    00000030     main_pem4f.oem4f (.text:ti_sysbios_BIOS_exitFunc__I)
                  00006a84    00000030     sysbios.aem4f : BIOS.obj (.text:ti_sysbios_knl_Idle_run__E)
                  00006ab4    00000030     ti.targets.arm.rtsarm.aem4f : Core-label.oem4f (.text:xdc_runtime_Core_assignLabel__I)
                  00006ae4    00000030                                 : SysMin.oem4f (.text:xdc_runtime_SysMin_abort__F)
                  00006b14    0000002f                                 : Text.oem4f (.text:xdc_runtime_Text_printVisFxn__I)
                  00006b43    00000001     --HOLE-- [fill = 0]
                  00006b44    0000002e     main_pem4f.oem4f (.text:malloc)
                  00006b72    0000002c     sysbios.aem4f : BIOS.obj (.text:ti_sysbios_hal_Hwi_initStack:ti_sysbios_hal_Hwi_initStack)
                  00006b9e    00000002     --HOLE-- [fill = 0]
                  00006ba0    0000002c                   : BIOS.obj (.text:ti_sysbios_io_DEV_Module_startup__F)
                  00006bcc    0000002c     main_pem4f.oem4f (.text:ti_sysbios_knl_Clock_doTick__I)
                  00006bf8    0000002c     sysbios.aem4f : BIOS.obj (.text:ti_sysbios_knl_Task_restore__E)
                  00006c24    0000002c     ti.uia.runtime.aem4f : LoggerStopMode.oem4f (.text:ti_uia_runtime_LoggerStopMode_Module_startup__F)
                  00006c50    0000002c                          : LoggerStopMode.oem4f (.text:ti_uia_runtime_LoggerStopMode_disable__E)
                  00006c7c    0000002c                          : LoggerStopMode.oem4f (.text:ti_uia_runtime_LoggerStopMode_enable__E)
                  00006ca8    0000002c     ti.targets.arm.rtsarm.aem4f : System.oem4f (.text:xdc_runtime_System_rtsExit__I)
                  00006cd4    0000002c                                 : Text.oem4f (.text:xdc_runtime_Text_cordText__F)
                  00006d00    0000002a     driverlib.lib : gpio.obj (.text:GPIODirModeSet)
                  00006d2a    0000002a     ti.targets.arm.rtsarm.aem4f : System.oem4f (.text:xdc_runtime_System_putchar__I)
                  00006d54    00000028     sysbios.aem4f : m3_Hwi_asm_switch.obj (.text:ti_sysbios_family_arm_m3_Hwi_initStacks__E)
                  00006d7c    00000028                   : BIOS.obj (.text:ti_sysbios_gates_GateMutex_Instance_init__F)
                  00006da4    00000028     ti.uia.runtime.aem4f : LogSync.oem4f (.text:ti_uia_runtime_LogSync_Module_startup__F)
                  00006dcc    00000028                          : QueueDescriptor.oem4f (.text:ti_uia_runtime_QueueDescriptor_initHeader__E)
                  00006df4    00000026     ti.targets.arm.rtsarm.aem4f : System.oem4f (.text:xdc_runtime_System_avprintf__F)
                  00006e1a    00000002     --HOLE-- [fill = 0]
                  00006e1c    00000024     gpio_tivaware.aem4f : GPIO.oem4f (.text:GPIO_init)
                  00006e40    00000024     sysbios.aem4f : BIOS.obj (.text:ti_sysbios_BIOS_registerRTSLock__I)
                  00006e64    00000024     main_pem4f.oem4f (.text:ti_sysbios_BIOS_startFunc__I)
                  00006e88    00000024     sysbios.aem4f : BIOS.obj (.text:ti_sysbios_family_arm_m3_Hwi_Instance_finalize__F)
                  00006eac    00000024                   : BIOS.obj (.text:ti_sysbios_family_arm_m3_Hwi_doTaskRestore__I)
                  00006ed0    00000024     main_pem4f.oem4f (.text:ti_sysbios_gates_GateMutex_Object__delete__S)
                  00006ef4    00000024     sysbios.aem4f : BIOS.obj (.text:ti_sysbios_knl_Clock_Module_startup__F)
                  00006f18    00000024                   : BIOS.obj (.text:ti_sysbios_knl_Swi_Module_startup__F)
                  00006f3c    00000024     ti.uia.runtime.aem4f : LoggerStopMode.oem4f (.text:ti_uia_runtime_LoggerStopMode_Instance_finalize__F)
                  00006f60    00000024     ti.targets.arm.rtsarm.aem4f : System.oem4f (.text:xdc_runtime_System_vprintf__F)
                  00006f84    00000022     main_pem4f.oem4f (.text:xdc_runtime_SysMin_output__I)
                  00006fa6    00000020     sysbios.aem4f : m3_Hwi_asm_switch.obj (.text:ti_sysbios_family_xxx_Hwi_switchAndRunFunc)
                  00006fc6    00000002     --HOLE-- [fill = 0]
                  00006fc8    00000020     main_pem4f.oem4f (.text:ti_sysbios_gates_GateHwi_Object__delete__S)
                  00006fe8    00000020     main_pem4f.oem4f (.text:ti_sysbios_heaps_HeapMem_Object__delete__S)
                  00007008    00000020     main_pem4f.oem4f (.text:ti_sysbios_knl_Semaphore_Object__destruct__S)
                  00007028    00000020     sysbios.aem4f : BIOS.obj (.text:ti_sysbios_knl_Task_enter__I)
                  00007048    00000020     main_pem4f.oem4f (.text:ti_uia_runtime_LoggerStopMode_Object__delete__S)
                  00007068    00000020     ti.targets.arm.rtsarm.aem4f : Registry.oem4f (.text:xdc_runtime_Registry_findById__F)
                  00007088    00000020                                 : SysMin.oem4f (.text:xdc_runtime_SysMin_Module_startup__F)
                  000070a8    0000001c     driverlib.lib : uart.obj (.text:UARTDisable)
                  000070c4    0000001c     main.obj (.text:init_LCD)
                  000070e0    0000001c     sysbios.aem4f : BIOS.obj (.text:ti_sysbios_BIOS_rtsLock__I)
                  000070fc    0000001c     main_pem4f.oem4f (.text:ti_sysbios_family_arm_m3_Hwi_Object__destruct__S)
                  00007118    0000001c     main_pem4f.oem4f (.text:ti_sysbios_knl_Queue_Object__destruct__S)
                  00007134    0000001c     ti.targets.arm.rtsarm.aem4f : Error.oem4f (.text:xdc_runtime_Error_check__F)
                  00007150    0000001c                                 : Memory.oem4f (.text:xdc_runtime_Memory_valloc__F)
                  0000716c    0000001c                                 : SysMin.oem4f (.text:xdc_runtime_SysMin_exit__F)
                  00007188    0000001a     main_pem4f.oem4f (.text:ti_sysbios_family_arm_m3_Hwi_Handle__label__S)
                  000071a2    0000001a     main_pem4f.oem4f (.text:ti_sysbios_gates_GateHwi_Handle__label__S)
                  000071bc    0000001a     main_pem4f.oem4f (.text:ti_sysbios_gates_GateMutex_Handle__label__S)
                  000071d6    0000001a     main_pem4f.oem4f (.text:ti_sysbios_heaps_HeapMem_Handle__label__S)
                  000071f0    0000001a     main_pem4f.oem4f (.text:ti_sysbios_knl_Swi_Handle__label__S)
                  0000720a    0000001a     main_pem4f.oem4f (.text:ti_sysbios_knl_Task_Handle__label__S)
                  00007224    0000001a     main_pem4f.oem4f (.text:ti_uia_runtime_LoggerStopMode_Handle__label__S)
                  0000723e    0000001a     main_pem4f.oem4f (.text:xdc_runtime_System_aprintf__E)
                  00007258    0000001a     main_pem4f.oem4f (.text:xdc_runtime_System_printf__E)
                  00007272    00000018     driverlib.lib : gpio.obj (.text:GPIOPinTypeGPIOOutput)
                  0000728a    00000002     --HOLE-- [fill = 0]
                  0000728c    00000018     uart_tivaware.aem4f : UART.oem4f (.text:UART_open)
                  000072a4    00000018     main_pem4f.oem4f (.text:free)
                  000072bc    00000018     rtsv7M4_T_le_v4SPD16_eabi.lib : args_main.obj (.text)
                  000072d4    00000018     main_pem4f.oem4f (.text:ti_sysbios_family_arm_lm4_Timer_Module__startupDone__F)
                  000072ec    00000018     main_pem4f.oem4f (.text:ti_sysbios_family_arm_m3_Hwi_Module__startupDone__F)
                  00007304    00000018     sysbios.aem4f : m3_TaskSupport_asm.obj (.text:ti_sysbios_family_arm_m3_TaskSupport_swap__E)
                  0000731c    00000018                   : BIOS.obj (.text:ti_sysbios_gates_GateMutex_leave__E)
                  00007334    00000018     main_pem4f.oem4f (.text:ti_sysbios_hal_Timer_Module__startupDone__F)
                  0000734c    00000018     ti.targets.arm.rtsarm.aem4f : Text.oem4f (.text:xdc_runtime_Text_ropeText__F)
                  00007364    00000016     ti.uia.runtime.aem4f : LoggerStopMode.oem4f (.text:ti_uia_runtime_LoggerStopMode_getFreeSize__E)
                  0000737a    00000016                          : LoggerStopMode.oem4f (.text:ti_uia_runtime_LoggerStopMode_getUnreadSize__E)
                  00007390    00000014     driverlib.lib : uart.obj (.text:UARTEnable)
                  000073a4    00000014     uart_tivaware.aem4f : UART.oem4f (.text:UART_Params_init)
                  000073b8    00000014     rtsv7M4_T_le_v4SPD16_eabi.lib : _lock.obj (.text)
                  000073cc    00000014                                   : strlen.obj (.text)
                  000073e0    00000014     sysbios.aem4f : BIOS.obj (.text:ti_sysbios_family_arm_m3_Hwi_switchFromBootStack__E)
                  000073f4    00000014     main_pem4f.oem4f (.text:ti_sysbios_heaps_HeapMem_Object__get__S)
                  00007408    00000014     main_pem4f.oem4f (.text:ti_sysbios_knl_Swi_Object__get__S)
                  0000741c    00000014     main_pem4f.oem4f (.text:ti_sysbios_knl_Task_Object__get__S)
                  00007430    00000014     ti.targets.arm.rtsarm.aem4f : System.oem4f (.text:xdc_runtime_System_abort__F)
                  00007444    00000012     driverlib.lib : gpio.obj (.text:GPIOPinTypeGPIOInput)
                  00007456    00000012                   : gpio.obj (.text:GPIOPinTypeUART)
                  00007468    00000012     rtsv7M4_T_le_v4SPD16_eabi.lib : copy_zero_init.obj (.text:decompress:ZI)
                  0000747a    00000012     sysbios.aem4f : BIOS.obj (.text:ti_sysbios_hal_Hwi_Module_startup__F)
                  0000748c    00000012                   : BIOS.obj (.text:ti_sysbios_hal_Timer_Module_startup__F)
                  0000749e    00000012     ti.uia.runtime.aem4f : LoggerStopMode.oem4f (.text:ti_uia_runtime_LoggerStopMode_write1__E)
                  000074b0    00000012                          : LoggerStopMode.oem4f (.text:ti_uia_runtime_LoggerStopMode_write2__E)
                  000074c2    00000012     main_pem4f.oem4f (.text:xdc_runtime_Startup_exec__I)
                  000074d4    00000010     rtsv7M4_T_le_v4SPD16_eabi.lib : strcpy.obj (.text)
                  000074e4    00000010     sysbios.aem4f : BIOS.obj (.text:ti_sysbios_BIOS_getCpuFreq__E)
                  000074f4    00000010                   : BIOS.obj (.text:ti_sysbios_BIOS_setThreadType__E)
                  00007504    00000010                   : BIOS.obj (.text:ti_sysbios_BIOS_start__E)
                  00007514    00000010                   : BIOS.obj (.text:ti_sysbios_family_arm_lm4_TimestampProvider_rolloverFunc__E)
                  00007524    00000010                   : BIOS.obj (.text:ti_sysbios_family_arm_m3_Hwi_excHandler__I)
                  00007534    00000010                   : m3_TaskSupport_asm.obj (.text:ti_sysbios_family_arm_m3_TaskSupport_glue)
                  00007544    00000010                   : m3_Hwi_asm_switch.obj (.text:ti_sysbios_family_xxx_Hwi_switchToIsrStack)
                  00007554    00000010                   : BIOS.obj (.text:ti_sysbios_gates_GateMutex_Instance_finalize__F)
                  00007564    00000010     main_pem4f.oem4f (.text:ti_sysbios_io_DEV_Object__get__S)
                  00007574    00000010     main_pem4f.oem4f (.text:ti_sysbios_knl_Queue_Object__get__S)
                  00007584    00000010     sysbios.aem4f : BIOS.obj (.text:ti_sysbios_knl_Semaphore_Instance_finalize__F)
                  00007594    00000010                   : BIOS.obj (.text:ti_sysbios_knl_Swi_disable__E)
                  000075a4    00000010                   : BIOS.obj (.text:ti_sysbios_knl_Task_disable__E)
                  000075b4    00000010     main_pem4f.oem4f (.text:ti_uia_runtime_LoggerStopMode_Object__get__S)
                  000075c4    00000010     ti.uia.runtime.aem4f : LoggerStopMode.oem4f (.text:ti_uia_runtime_LoggerStopMode_write0__E)
                  000075d4    00000010     ti.targets.arm.rtsarm.aem4f : Gate.oem4f (.text:xdc_runtime_Gate_leaveSystem__F)
                  000075e4    00000010                                 : Memory.oem4f (.text:xdc_runtime_Memory_free__F)
                  000075f4    00000010                                 : SysMin.oem4f (.text:xdc_runtime_SysMin_ready__F)
                  00007604    00000010                                 : System.oem4f (.text:xdc_runtime_System_vsnprintf__F)
                  00007614    00000010     main_pem4f.oem4f (.text:xdc_runtime_Text_visitRope__I)
                  00007624    0000000e     driverlib.lib : uart.obj (.text:UARTCharGetNonBlocking)
                  00007632    0000000e                   : uart.obj (.text:UARTCharPutNonBlocking)
                  00007640    0000000e     rtsv7M4_T_le_v4SPD16_eabi.lib : copy_decompress_none.obj (.text:decompress:none)
                  0000764e    0000000e     sysbios.aem4f : BIOS.obj (.text:ti_sysbios_knl_Queue_empty__E)
                  0000765c    0000000e     ti.uia.runtime.aem4f : LoggerStopMode.oem4f (.text:ti_uia_runtime_LoggerStopMode_isEmpty__E)
                  0000766a    00000002     --HOLE-- [fill = 0]
                  0000766c    0000000c     main_pem4f.oem4f (.text:.bootCodeSection:ti_catalog_arm_cortexm4_tiva_ce_Boot_init__I)
                  00007678    0000000c     sysbios.aem4f : BIOS.obj (.text:ti_sysbios_family_arm_lm4_Timer_masterDisable__I)
                  00007684    0000000c                   : BIOS.obj (.text:ti_sysbios_family_arm_lm4_TimestampProvider_startTimer__E)
                  00007690    0000000c     main_pem4f.oem4f (.text:ti_sysbios_family_arm_m3_Hwi_Params__init__S)
                  0000769c    0000000c     sysbios.aem4f : BIOS.obj (.text:ti_sysbios_family_arm_m3_Hwi_disableFxn__E)
                  000076a8    0000000c                   : BIOS.obj (.text:ti_sysbios_family_arm_m3_TaskSupport_checkStack__E)
                  000076b4    0000000c                   : m3_Hwi_asm_switch.obj (.text:ti_sysbios_family_xxx_Hwi_switchToTaskStack)
                  000076c0    0000000c                   : BIOS.obj (.text:ti_sysbios_gates_GateHwi_enter__E)
                  000076cc    0000000c     main_pem4f.oem4f (.text:ti_sysbios_knl_Semaphore_Params__init__S)
                  000076d8    0000000c     sysbios.aem4f : BIOS.obj (.text:ti_sysbios_utils_Load_taskRegHook__E)
                  000076e4    0000000c     ti.targets.arm.rtsarm.aem4f : Error.oem4f (.text:xdc_runtime_Error_init__F)
                  000076f0    0000000c                                 : Gate.oem4f (.text:xdc_runtime_Gate_enterSystem__F)
                  000076fc    0000000c                                 : Memory.oem4f (.text:xdc_runtime_Memory_calloc__F)
                  00007708    0000000c                                 : Memory.oem4f (.text:xdc_runtime_Memory_getMaxDefaultTypeAlign__F)
                  00007714    0000000c                                 : System.oem4f (.text:xdc_runtime_System_exit__F)
                  00007720    0000000c                                 : System.oem4f (.text:xdc_runtime_System_lastFxn__I)
                  0000772c    0000000a     driverlib.lib : uart.obj (.text:UARTCharGet)
                  00007736    0000000a                   : uart.obj (.text:UARTCharPut)
                  00007740    0000000a                   : uart.obj (.text:UARTIntDisable)
                  0000774a    0000000a                   : uart.obj (.text:UARTIntStatus)
                  00007754    0000000a     uart_tivaware.aem4f : UART.oem4f (.text:UART_read)
                  0000775e    0000000a                         : UART.oem4f (.text:UART_write)
                  00007768    0000000a     main_pem4f.oem4f (.text:xdc_runtime_IHeap_alloc)
                  00007772    0000000a     main_pem4f.oem4f (.text:xdc_runtime_IHeap_free)
                  0000777c    00000008     driverlib.lib : uart.obj (.text:UARTIntEnable)
                  00007784    00000008     uart_tivaware.aem4f : UARTTiva.oem4f (.text:UARTTiva_init)
                  0000778c    00000008                         : UARTTiva.oem4f (.text:readSemCallback)
                  00007794    00000008     sysbios.aem4f : BIOS.obj (.text:ti_sysbios_family_arm_m3_Hwi_doSwiRestore__I)
                  0000779c    00000008                   : BIOS.obj (.text:ti_sysbios_family_arm_m3_Hwi_startup__E)
                  000077a4    00000008                   : BIOS.obj (.text:ti_sysbios_knl_Idle_loop__E)
                  000077ac    00000008     uart_tivaware.aem4f : UARTTiva.oem4f (.text:writeSemCallback)
                  000077b4    00000006     driverlib.lib : gpio.obj (.text:GPIOPinWrite)
                  000077ba    00000006                   : uart.obj (.text:UARTFIFOLevelSet)
                  000077c0    00000006     ti.targets.arm.rtsarm.aem4f : xdc_noinit.oem4f (.text:__xdc__init)
                  000077c6    00000006     rtsv7M4_T_le_v4SPD16_eabi.lib : copy_decompress_rle.obj (.text:decompress:rle24)
                  000077cc    00000006     Boot.aem4f : Boot_sysctl.oem4f (.text:ti_catalog_arm_cortexm4_tiva_ce_Boot_sysCtlDelayI__I)
                  000077d2    00000006     sysbios.aem4f : BIOS.obj (.text:ti_sysbios_family_arm_lm4_TimestampProvider_Module_startup__F)
                  000077d8    00000006                   : BIOS.obj (.text:ti_sysbios_family_arm_m3_Hwi_restoreFxn__E)
                  000077de    00000006                   : BIOS.obj (.text:ti_sysbios_gates_GateHwi_leave__E)
                  000077e4    00000006                   : BIOS.obj (.text:ti_sysbios_heaps_HeapMem_isBlocking__E)
                  000077ea    00000006                   : BIOS.obj (.text:ti_sysbios_knl_Queue_Instance_init__F)
                  000077f0    00000006     ti.uia.runtime.aem4f : LoggerStopMode.oem4f (.text:ti_uia_runtime_LoggerStopMode_getPriority__E)
                  000077f6    00000006                          : LoggerStopMode.oem4f (.text:ti_uia_runtime_LoggerStopMode_getTransferType__F)
                  000077fc    00000006     ti.targets.arm.rtsarm.aem4f : System.oem4f (.text:xdc_runtime_System_Module_startup__F)
                  00007802    00000004     driverlib.lib : uart.obj (.text:UARTIntClear)
                  00007806    00000004     main_pem4f.oem4f (.text:ti_sysbios_BIOS_RtsGateProxy_enter__E)
                  0000780a    00000004     main_pem4f.oem4f (.text:ti_sysbios_BIOS_RtsGateProxy_leave__E)
                  0000780e    00000004     sysbios.aem4f : BIOS.obj (.text:ti_sysbios_family_arm_lm4_Timer_getPeriod__E)
                  00007812    00000004                   : BIOS.obj (.text:ti_sysbios_family_arm_lm4_Timer_masterEnable__I)
                  00007816    00000004     main_pem4f.oem4f (.text:ti_sysbios_family_arm_m3_TaskSupport_Module__startupDone__S)
                  0000781a    00000004     sysbios.aem4f : BIOS.obj (.text:ti_sysbios_gates_GateHwi_query__F)
                  0000781e    00000004                   : BIOS.obj (.text:ti_sysbios_gates_GateMutex_query__F)
                  00007822    00000004     main_pem4f.oem4f (.text:ti_sysbios_hal_Hwi_HwiProxy_Module__startupDone__S)
                  00007826    00000004     main_pem4f.oem4f (.text:ti_sysbios_hal_Timer_TimerProxy_Module__startupDone__S)
                  0000782a    00000004     main_pem4f.oem4f (.text:ti_sysbios_hal_Timer_TimerProxy_getPeriod__E)
                  0000782e    00000004     main_pem4f.oem4f (.text:ti_sysbios_heaps_HeapMem_Module_GateProxy_enter__E)
                  00007832    00000004     main_pem4f.oem4f (.text:ti_sysbios_heaps_HeapMem_Module_GateProxy_leave__E)
                  00007836    00000004     main_pem4f.oem4f (.text:ti_sysbios_knl_Task_SupportProxy_Module__startupDone__S)
                  0000783a    00000004     sysbios.aem4f : BIOS.obj (.text:ti_sysbios_knl_Task_startup__E)
                  0000783e    00000004     main_pem4f.oem4f (.text:ti_uia_runtime_LogSync_CpuTimestampProxy_Module__startupDone__S)
                  00007842    00000004     main_pem4f.oem4f (.text:ti_uia_runtime_LogSync_GlobalTimestampProxy_Module__startupDone__S)
                  00007846    00000004     ti.uia.runtime.aem4f : LoggerStopMode.oem4f (.text:ti_uia_runtime_LoggerStopMode_getInstanceId__E)
                  0000784a    00000004                          : LoggerStopMode.oem4f (.text:ti_uia_runtime_LoggerStopMode_getMaxLength__E)
                  0000784e    00000004                          : LoggerStopMode.oem4f (.text:ti_uia_runtime_LoggerStopMode_setPriority__E)
                  00007852    00000004     ti.targets.arm.rtsarm.aem4f : Error.oem4f (.text:xdc_runtime_Error_getSite__F)
                  00007856    00000004     main_pem4f.oem4f (.text:xdc_runtime_Memory_HeapProxy_alloc__E)
                  0000785a    00000004     main_pem4f.oem4f (.text:xdc_runtime_Memory_HeapProxy_free__E)
                  0000785e    00000004     main_pem4f.oem4f (.text:xdc_runtime_System_Module_GateProxy_enter__E)
                  00007862    00000004     main_pem4f.oem4f (.text:xdc_runtime_System_Module_GateProxy_leave__E)
                  00007866    00000004     ti.targets.arm.rtsarm.aem4f : System.oem4f (.text:xdc_runtime_System_aprintf_va__F)
                  0000786a    00000004                                 : System.oem4f (.text:xdc_runtime_System_printf_va__F)
                  0000786e    00000004     main_pem4f.oem4f (.text:xdc_runtime_System_vsnprintf__E)
                  00007872    00000004     main_pem4f.oem4f (.text:xdc_runtime_TimestampNull_Module__startupDone__S)
                  00007876    00000004     main_pem4f.oem4f (.text:xdc_runtime_Timestamp_Module__startupDone__S)

.const     0    0000787c    00002e44     
                  0000787c    000023ae     main_pem4f.oem4f (.const:xdc_runtime_Text_charTab__A)
                  00009c2a    0000013c     main_pem4f.oem4f (.const:xdc_runtime_Text_nodeTab__A)
                  00009d66    000000d8     main_pem4f.oem4f (.const:ti_sysbios_family_arm_m3_Hwi_priorities__A)
                  00009e3e    00000002     main_pem4f.oem4f (.const:ti_catalog_arm_cortexm4_tiva_ce_Boot_Module__id__C)
                  00009e40    00000090     driverlib.lib : gpio.obj (.const:g_pui32GPIOBaseAddrs)
                  00009ed0    0000006c     EK_LM4F120XL.obj (.const:UART_config)
                  00009f3c    00000060     main_pem4f.oem4f (.const:ti_uia_runtime_LoggerStopMode_Module__FXNS__C)
                  00009f9c    00000048     main_pem4f.oem4f (.const:.string)
                  00009fe4    00000040     EK_LM4F120XL.obj (.const:uartTivaHWAttrs)
                  0000a024    0000003c     EK_LM4F120XL.obj (.const:gpioHWAttrs)
                  0000a060    00000034     main_pem4f.oem4f (.const:xdc_runtime_Startup_sfxnTab__A)
                  0000a094    00000030     main_pem4f.oem4f (.const:ti_sysbios_family_arm_m3_Hwi_Object__PARAMS__C)
                  0000a0c4    00000030     main_pem4f.oem4f (.const:ti_sysbios_knl_Task_hooks__A)
                  0000a0f4    00000030     main_pem4f.oem4f (.const:ti_uia_runtime_LoggerStopMode_Object__PARAMS__C)
                  0000a124    00000028     main_pem4f.oem4f (.const:ti_sysbios_heaps_HeapMem_Module__FXNS__C)
                  0000a14c    00000024     uart_tivaware.aem4f : UARTTiva.oem4f (.const:UARTTiva_fxnTable)
                  0000a170    00000024     main_pem4f.oem4f (.const:ti_sysbios_gates_GateHwi_Module__FXNS__C)
                  0000a194    00000024     main_pem4f.oem4f (.const:ti_sysbios_gates_GateMutex_Module__FXNS__C)
                  0000a1b8    00000024     main_pem4f.oem4f (.const:ti_sysbios_heaps_HeapMem_Object__PARAMS__C)
                  0000a1dc    00000024     main_pem4f.oem4f (.const:ti_sysbios_knl_Semaphore_Object__PARAMS__C)
                  0000a200    00000020     main_pem4f.oem4f (.const:ti_sysbios_family_arm_m3_Hwi_Object__DESC__C)
                  0000a220    00000020     main_pem4f.oem4f (.const:ti_sysbios_gates_GateHwi_Object__DESC__C)
                  0000a240    00000020     main_pem4f.oem4f (.const:ti_sysbios_gates_GateMutex_Object__DESC__C)
                  0000a260    00000020     main_pem4f.oem4f (.const:ti_sysbios_heaps_HeapMem_Object__DESC__C)
                  0000a280    00000020     main_pem4f.oem4f (.const:ti_sysbios_knl_Queue_Object__DESC__C)
                  0000a2a0    00000020     main_pem4f.oem4f (.const:ti_sysbios_knl_Semaphore_Object__DESC__C)
                  0000a2c0    00000020     main_pem4f.oem4f (.const:ti_uia_runtime_LoggerStopMode_Object__DESC__C)
                  0000a2e0    00000020     uart_tivaware.aem4f : UART.oem4f (.const)
                  0000a300    0000001a     main_pem4f.oem4f (.const:xdc_runtime_Startup_sfxnRts__A)
                  0000a31a    00000002     main_pem4f.oem4f (.const:ti_sysbios_BIOS_Module__id__C)
                  0000a31c    00000018     EK_LM4F120XL.obj (.const)
                  0000a334    00000018     main_pem4f.oem4f (.const:ti_sysbios_gates_GateHwi_Object__PARAMS__C)
                  0000a34c    00000018     main_pem4f.oem4f (.const:ti_sysbios_gates_GateMutex_Object__PARAMS__C)
                  0000a364    00000018     main_pem4f.oem4f (.const:ti_sysbios_knl_Queue_Object__PARAMS__C)
                  0000a37c    00000014     main_pem4f.oem4f (.const:xdc_runtime_Startup_firstFxns__A)
                  0000a390    00000011     ti.targets.arm.rtsarm.aem4f : System.oem4f (.const)
                  0000a3a1    00000001     main_pem4f.oem4f (.const:xdc_runtime_Error_policy__C)
                  0000a3a2    00000002     main_pem4f.oem4f (.const:ti_sysbios_family_arm_lm4_TimestampProvider_useClockTimer__C)
                  0000a3a4    00000008     main_pem4f.oem4f (.const:ti_sysbios_family_arm_m3_Hwi_excHookFuncs__A)
                  0000a3ac    00000008     main_pem4f.oem4f (.const:ti_sysbios_knl_Idle_coreList__A)
                  0000a3b4    00000008     main_pem4f.oem4f (.const:ti_sysbios_knl_Idle_coreList__C)
                  0000a3bc    00000008     main_pem4f.oem4f (.const:ti_sysbios_knl_Idle_funcList__A)
                  0000a3c4    00000008     main_pem4f.oem4f (.const:ti_sysbios_knl_Idle_funcList__C)
                  0000a3cc    00000008     main_pem4f.oem4f (.const:ti_sysbios_knl_Task_hooks__C)
                  0000a3d4    00000008     main_pem4f.oem4f (.const:xdc_runtime_Startup_firstFxns__C)
                  0000a3dc    00000008     main_pem4f.oem4f (.const:xdc_runtime_Startup_lastFxns__A)
                  0000a3e4    00000008     main_pem4f.oem4f (.const:xdc_runtime_Startup_lastFxns__C)
                  0000a3ec    00000004     main_pem4f.oem4f (.const:ti_catalog_arm_cortexm4_tiva_ce_Boot_A_mustUseEnhancedClockMode__C)
                  0000a3f0    00000004     main_pem4f.oem4f (.const:ti_catalog_arm_cortexm4_tiva_ce_Boot_Module__diagsEnabled__C)
                  0000a3f4    00000004     main_pem4f.oem4f (.const:ti_catalog_arm_cortexm4_tiva_ce_Boot_Module__diagsIncluded__C)
                  0000a3f8    00000004     main_pem4f.oem4f (.const:ti_catalog_arm_cortexm4_tiva_ce_Boot_Module__diagsMask__C)
                  0000a3fc    00000004     main_pem4f.oem4f (.const:ti_sysbios_BIOS_Module__diagsEnabled__C)
                  0000a400    00000004     main_pem4f.oem4f (.const:ti_sysbios_BIOS_Module__diagsIncluded__C)
                  0000a404    00000004     main_pem4f.oem4f (.const:ti_sysbios_BIOS_Module__diagsMask__C)
                  0000a408    00000004     main_pem4f.oem4f (.const:ti_sysbios_BIOS_installedErrorHook__C)
                  0000a40c    00000004     main_pem4f.oem4f (.const:ti_sysbios_family_arm_lm4_Timer_enableFunc__C)
                  0000a410    00000004     main_pem4f.oem4f (.const:ti_sysbios_family_arm_lm4_Timer_numTimerDevices__C)
                  0000a414    00000004     main_pem4f.oem4f (.const:ti_sysbios_family_arm_lm4_Timer_startupNeeded__C)
                  0000a418    00000004     main_pem4f.oem4f (.const:ti_sysbios_family_arm_m3_Hwi_E_NMI__C)
                  0000a41c    00000004     main_pem4f.oem4f (.const:ti_sysbios_family_arm_m3_Hwi_E_alreadyDefined__C)
                  0000a420    00000004     main_pem4f.oem4f (.const:ti_sysbios_family_arm_m3_Hwi_E_busFault__C)
                  0000a424    00000004     main_pem4f.oem4f (.const:ti_sysbios_family_arm_m3_Hwi_E_debugMon__C)
                  0000a428    00000004     main_pem4f.oem4f (.const:ti_sysbios_family_arm_m3_Hwi_E_hardFault__C)
                  0000a42c    00000004     main_pem4f.oem4f (.const:ti_sysbios_family_arm_m3_Hwi_E_memFault__C)
                  0000a430    00000004     main_pem4f.oem4f (.const:ti_sysbios_family_arm_m3_Hwi_E_noIsr__C)
                  0000a434    00000004     main_pem4f.oem4f (.const:ti_sysbios_family_arm_m3_Hwi_E_reserved__C)
                  0000a438    00000004     main_pem4f.oem4f (.const:ti_sysbios_family_arm_m3_Hwi_E_svCall__C)
                  0000a43c    00000004     main_pem4f.oem4f (.const:ti_sysbios_family_arm_m3_Hwi_E_usageFault__C)
                  0000a440    00000004     main_pem4f.oem4f (.const:ti_sysbios_family_arm_m3_Hwi_LD_end__C)
                  0000a444    00000004     main_pem4f.oem4f (.const:ti_sysbios_family_arm_m3_Hwi_LM_begin__C)
                  0000a448    00000004     main_pem4f.oem4f (.const:ti_sysbios_family_arm_m3_Hwi_Module__diagsEnabled__C)
                  0000a44c    00000004     main_pem4f.oem4f (.const:ti_sysbios_family_arm_m3_Hwi_Module__diagsIncluded__C)
                  0000a450    00000004     main_pem4f.oem4f (.const:ti_sysbios_family_arm_m3_Hwi_Module__diagsMask__C)
                  0000a454    00000004     main_pem4f.oem4f (.const:ti_sysbios_family_arm_m3_Hwi_Module__loggerFxn1__C)
                  0000a458    00000004     main_pem4f.oem4f (.const:ti_sysbios_family_arm_m3_Hwi_Module__loggerFxn8__C)
                  0000a45c    00000004     main_pem4f.oem4f (.const:ti_sysbios_family_arm_m3_Hwi_Module__loggerObj__C)
                  0000a460    00000004     main_pem4f.oem4f (.const:ti_sysbios_family_arm_m3_Hwi_NUM_INTERRUPTS__C)
                  0000a464    00000004     main_pem4f.oem4f (.const:ti_sysbios_family_arm_m3_Hwi_ccr__C)
                  0000a468    00000004     main_pem4f.oem4f (.const:ti_sysbios_family_arm_m3_Hwi_dispatchTable__C)
                  0000a46c    00000004     main_pem4f.oem4f (.const:ti_sysbios_family_arm_m3_Hwi_excHandlerFunc__C)
                  0000a470    00000004     main_pem4f.oem4f (.const:ti_sysbios_family_arm_m3_Hwi_excHookFuncs__C)
                  0000a474    00000004     main_pem4f.oem4f (.const:ti_sysbios_family_arm_m3_Hwi_priGroup__C)
                  0000a478    00000004     main_pem4f.oem4f (.const:ti_sysbios_family_arm_m3_Hwi_priorities__C)
                  0000a47c    00000004     main_pem4f.oem4f (.const:ti_sysbios_gates_GateMutex_A_badContext__C)
                  0000a480    00000004     main_pem4f.oem4f (.const:ti_sysbios_gates_GateMutex_Instance_State_sem__O)
                  0000a484    00000004     main_pem4f.oem4f (.const:ti_sysbios_gates_GateMutex_Module__diagsEnabled__C)
                  0000a488    00000004     main_pem4f.oem4f (.const:ti_sysbios_gates_GateMutex_Module__diagsIncluded__C)
                  0000a48c    00000004     main_pem4f.oem4f (.const:ti_sysbios_gates_GateMutex_Module__diagsMask__C)
                  0000a490    00000004     main_pem4f.oem4f (.const:ti_sysbios_hal_Hwi_E_stackOverflow__C)
                  0000a494    00000004     main_pem4f.oem4f (.const:ti_sysbios_heaps_HeapMem_A_align__C)
                  0000a498    00000004     main_pem4f.oem4f (.const:ti_sysbios_heaps_HeapMem_A_heapSize__C)
                  0000a49c    00000004     main_pem4f.oem4f (.const:ti_sysbios_heaps_HeapMem_A_invalidFree__C)
                  0000a4a0    00000004     main_pem4f.oem4f (.const:ti_sysbios_heaps_HeapMem_A_zeroBlock__C)
                  0000a4a4    00000004     main_pem4f.oem4f (.const:ti_sysbios_heaps_HeapMem_E_memory__C)
                  0000a4a8    00000004     main_pem4f.oem4f (.const:ti_sysbios_heaps_HeapMem_Module__diagsEnabled__C)
                  0000a4ac    00000004     main_pem4f.oem4f (.const:ti_sysbios_heaps_HeapMem_Module__diagsIncluded__C)
                  0000a4b0    00000004     main_pem4f.oem4f (.const:ti_sysbios_heaps_HeapMem_Module__diagsMask__C)
                  0000a4b4    00000004     main_pem4f.oem4f (.const:ti_sysbios_heaps_HeapMem_Module__gateObj__C)
                  0000a4b8    00000004     main_pem4f.oem4f (.const:ti_sysbios_heaps_HeapMem_Object__count__C)
                  0000a4bc    00000004     main_pem4f.oem4f (.const:ti_sysbios_heaps_HeapMem_reqAlign__C)
                  0000a4c0    00000004     main_pem4f.oem4f (.const:ti_sysbios_io_DEV_Object__count__C)
                  0000a4c4    00000004     main_pem4f.oem4f (.const:ti_sysbios_io_DEV_tableSize__C)
                  0000a4c8    00000004     main_pem4f.oem4f (.const:ti_sysbios_knl_Clock_LM_begin__C)
                  0000a4cc    00000004     main_pem4f.oem4f (.const:ti_sysbios_knl_Clock_LM_tick__C)
                  0000a4d0    00000004     main_pem4f.oem4f (.const:ti_sysbios_knl_Clock_LW_delayed__C)
                  0000a4d4    00000004     main_pem4f.oem4f (.const:ti_sysbios_knl_Clock_Module_State_clockQ__O)
                  0000a4d8    00000004     main_pem4f.oem4f (.const:ti_sysbios_knl_Clock_Module__diagsEnabled__C)
                  0000a4dc    00000004     main_pem4f.oem4f (.const:ti_sysbios_knl_Clock_Module__diagsIncluded__C)
                  0000a4e0    00000004     main_pem4f.oem4f (.const:ti_sysbios_knl_Clock_Module__diagsMask__C)
                  0000a4e4    00000004     main_pem4f.oem4f (.const:ti_sysbios_knl_Clock_Module__loggerFxn1__C)
                  0000a4e8    00000004     main_pem4f.oem4f (.const:ti_sysbios_knl_Clock_Module__loggerFxn2__C)
                  0000a4ec    00000004     main_pem4f.oem4f (.const:ti_sysbios_knl_Clock_Module__loggerObj__C)
                  0000a4f0    00000004     main_pem4f.oem4f (.const:ti_sysbios_knl_Semaphore_A_badContext__C)
                  0000a4f4    00000004     main_pem4f.oem4f (.const:ti_sysbios_knl_Semaphore_A_noEvents__C)
                  0000a4f8    00000004     main_pem4f.oem4f (.const:ti_sysbios_knl_Semaphore_A_overflow__C)
                  0000a4fc    00000004     main_pem4f.oem4f (.const:ti_sysbios_knl_Semaphore_A_pendTaskDisabled__C)
                  0000a500    00000004     main_pem4f.oem4f (.const:ti_sysbios_knl_Semaphore_Instance_State_pendQ__O)
                  0000a504    00000004     main_pem4f.oem4f (.const:ti_sysbios_knl_Semaphore_LM_pend__C)
                  0000a508    00000004     main_pem4f.oem4f (.const:ti_sysbios_knl_Semaphore_LM_post__C)
                  0000a50c    00000004     main_pem4f.oem4f (.const:ti_sysbios_knl_Semaphore_Module__diagsEnabled__C)
                  0000a510    00000004     main_pem4f.oem4f (.const:ti_sysbios_knl_Semaphore_Module__diagsIncluded__C)
                  0000a514    00000004     main_pem4f.oem4f (.const:ti_sysbios_knl_Semaphore_Module__diagsMask__C)
                  0000a518    00000004     main_pem4f.oem4f (.const:ti_sysbios_knl_Semaphore_Module__loggerFxn2__C)
                  0000a51c    00000004     main_pem4f.oem4f (.const:ti_sysbios_knl_Semaphore_Module__loggerFxn4__C)
                  0000a520    00000004     main_pem4f.oem4f (.const:ti_sysbios_knl_Semaphore_Module__loggerObj__C)
                  0000a524    00000004     main_pem4f.oem4f (.const:ti_sysbios_knl_Swi_LD_end__C)
                  0000a528    00000004     main_pem4f.oem4f (.const:ti_sysbios_knl_Swi_LM_begin__C)
                  0000a52c    00000004     main_pem4f.oem4f (.const:ti_sysbios_knl_Swi_LM_post__C)
                  0000a530    00000004     main_pem4f.oem4f (.const:ti_sysbios_knl_Swi_Module__diagsEnabled__C)
                  0000a534    00000004     main_pem4f.oem4f (.const:ti_sysbios_knl_Swi_Module__diagsIncluded__C)
                  0000a538    00000004     main_pem4f.oem4f (.const:ti_sysbios_knl_Swi_Module__diagsMask__C)
                  0000a53c    00000004     main_pem4f.oem4f (.const:ti_sysbios_knl_Swi_Module__loggerFxn1__C)
                  0000a540    00000004     main_pem4f.oem4f (.const:ti_sysbios_knl_Swi_Module__loggerFxn4__C)
                  0000a544    00000004     main_pem4f.oem4f (.const:ti_sysbios_knl_Swi_Module__loggerObj__C)
                  0000a548    00000004     main_pem4f.oem4f (.const:ti_sysbios_knl_Swi_Object__count__C)
                  0000a54c    00000004     main_pem4f.oem4f (.const:ti_sysbios_knl_Task_E_spOutOfBounds__C)
                  0000a550    00000004     main_pem4f.oem4f (.const:ti_sysbios_knl_Task_E_stackOverflow__C)
                  0000a554    00000004     main_pem4f.oem4f (.const:ti_sysbios_knl_Task_LD_block__C)
                  0000a558    00000004     main_pem4f.oem4f (.const:ti_sysbios_knl_Task_LD_exit__C)
                  0000a55c    00000004     main_pem4f.oem4f (.const:ti_sysbios_knl_Task_LD_ready__C)
                  0000a560    00000004     main_pem4f.oem4f (.const:ti_sysbios_knl_Task_LM_switch__C)
                  0000a564    00000004     main_pem4f.oem4f (.const:ti_sysbios_knl_Task_Module_State_inactiveQ__O)
                  0000a568    00000004     main_pem4f.oem4f (.const:ti_sysbios_knl_Task_Module__diagsEnabled__C)
                  0000a56c    00000004     main_pem4f.oem4f (.const:ti_sysbios_knl_Task_Module__diagsIncluded__C)
                  0000a570    00000004     main_pem4f.oem4f (.const:ti_sysbios_knl_Task_Module__diagsMask__C)
                  0000a574    00000004     main_pem4f.oem4f (.const:ti_sysbios_knl_Task_Module__loggerFxn2__C)
                  0000a578    00000004     main_pem4f.oem4f (.const:ti_sysbios_knl_Task_Module__loggerFxn4__C)
                  0000a57c    00000004     main_pem4f.oem4f (.const:ti_sysbios_knl_Task_Module__loggerObj__C)
                  0000a580    00000004     main_pem4f.oem4f (.const:ti_sysbios_knl_Task_Object__count__C)
                  0000a584    00000004     main_pem4f.oem4f (.const:ti_sysbios_knl_Task_Object__heap__C)
                  0000a588    00000004     main_pem4f.oem4f (.const:ti_sysbios_knl_Task_allBlockedFunc__C)
                  0000a58c    00000004     main_pem4f.oem4f (.const:ti_sysbios_knl_Task_numConstructedTasks__C)
                  0000a590    00000004     main_pem4f.oem4f (.const:ti_sysbios_utils_Load_LS_cpuLoad__C)
                  0000a594    00000004     main_pem4f.oem4f (.const:ti_sysbios_utils_Load_LS_hwiLoad__C)
                  0000a598    00000004     main_pem4f.oem4f (.const:ti_sysbios_utils_Load_LS_taskLoad__C)
                  0000a59c    00000004     main_pem4f.oem4f (.const:ti_sysbios_utils_Load_Module_State_taskList__O)
                  0000a5a0    00000004     main_pem4f.oem4f (.const:ti_sysbios_utils_Load_Module__diagsEnabled__C)
                  0000a5a4    00000004     main_pem4f.oem4f (.const:ti_sysbios_utils_Load_Module__diagsIncluded__C)
                  0000a5a8    00000004     main_pem4f.oem4f (.const:ti_sysbios_utils_Load_Module__diagsMask__C)
                  0000a5ac    00000004     main_pem4f.oem4f (.const:ti_sysbios_utils_Load_Module__loggerFxn1__C)
                  0000a5b0    00000004     main_pem4f.oem4f (.const:ti_sysbios_utils_Load_Module__loggerFxn2__C)
                  0000a5b4    00000004     main_pem4f.oem4f (.const:ti_sysbios_utils_Load_Module__loggerFxn4__C)
                  0000a5b8    00000004     main_pem4f.oem4f (.const:ti_sysbios_utils_Load_Module__loggerObj__C)
                  0000a5bc    00000004     main_pem4f.oem4f (.const:ti_sysbios_utils_Load_postUpdate__C)
                  0000a5c0    00000004     main_pem4f.oem4f (.const:ti_sysbios_utils_Load_windowInMs__C)
                  0000a5c4    00000004     main_pem4f.oem4f (.const:ti_uia_runtime_ILoggerSnapshot_Interface__BASE__C)
                  0000a5c8    00000004     main_pem4f.oem4f (.const:ti_uia_runtime_IUIATransfer_Interface__BASE__C)
                  0000a5cc    00000004     main_pem4f.oem4f (.const:ti_uia_runtime_LoggerStopMode_E_badLevel__C)
                  0000a5d0    00000004     main_pem4f.oem4f (.const:ti_uia_runtime_LoggerStopMode_Object__count__C)
                  0000a5d4    00000004     main_pem4f.oem4f (.const:ti_uia_runtime_LoggerStopMode_overflowLogger__C)
                  0000a5d8    00000004     main_pem4f.oem4f (.const:ti_uia_runtime_LoggerStopMode_statusLogger__C)
                  0000a5dc    00000004     main_pem4f.oem4f (.const:xdc_runtime_Assert_E_assertFailed__C)
                  0000a5e0    00000004     main_pem4f.oem4f (.const:xdc_runtime_Core_A_initializedParams__C)
                  0000a5e4    00000004     main_pem4f.oem4f (.const:xdc_runtime_Core_Module__diagsEnabled__C)
                  0000a5e8    00000004     main_pem4f.oem4f (.const:xdc_runtime_Core_Module__diagsIncluded__C)
                  0000a5ec    00000004     main_pem4f.oem4f (.const:xdc_runtime_Core_Module__diagsMask__C)
                  0000a5f0    00000004     main_pem4f.oem4f (.const:xdc_runtime_Error_E_generic__C)
                  0000a5f4    00000004     main_pem4f.oem4f (.const:xdc_runtime_Error_E_memory__C)
                  0000a5f8    00000004     main_pem4f.oem4f (.const:xdc_runtime_Error_Module__diagsEnabled__C)
                  0000a5fc    00000004     main_pem4f.oem4f (.const:xdc_runtime_Error_Module__diagsIncluded__C)
                  0000a600    00000004     main_pem4f.oem4f (.const:xdc_runtime_Error_Module__diagsMask__C)
                  0000a604    00000004     main_pem4f.oem4f (.const:xdc_runtime_Error_Module__loggerFxn8__C)
                  0000a608    00000004     main_pem4f.oem4f (.const:xdc_runtime_Error_Module__loggerObj__C)
                  0000a60c    00000004     main_pem4f.oem4f (.const:xdc_runtime_Error_raiseHook__C)
                  0000a610    00000004     main_pem4f.oem4f (.const:xdc_runtime_IFilterLogger_Interface__BASE__C)
                  0000a614    00000004     main_pem4f.oem4f (.const:xdc_runtime_IGateProvider_Interface__BASE__C)
                  0000a618    00000004     main_pem4f.oem4f (.const:xdc_runtime_IHeap_Interface__BASE__C)
                  0000a61c    00000004     main_pem4f.oem4f (.const:xdc_runtime_ILogger_Interface__BASE__C)
                  0000a620    00000004     main_pem4f.oem4f (.const:xdc_runtime_IModule_Interface__BASE__C)
                  0000a624    00000004     main_pem4f.oem4f (.const:xdc_runtime_Log_L_error__C)
                  0000a628    00000004     main_pem4f.oem4f (.const:xdc_runtime_Main_Module__diagsEnabled__C)
                  0000a62c    00000004     main_pem4f.oem4f (.const:xdc_runtime_Main_Module__diagsIncluded__C)
                  0000a630    00000004     main_pem4f.oem4f (.const:xdc_runtime_Main_Module__diagsMask__C)
                  0000a634    00000004     main_pem4f.oem4f (.const:xdc_runtime_Main_Module__loggerFxn4__C)
                  0000a638    00000004     main_pem4f.oem4f (.const:xdc_runtime_Main_Module__loggerObj__C)
                  0000a63c    00000004     main_pem4f.oem4f (.const:xdc_runtime_Memory_defaultHeapInstance__C)
                  0000a640    00000004     main_pem4f.oem4f (.const:xdc_runtime_Startup_execImpl__C)
                  0000a644    00000004     main_pem4f.oem4f (.const:xdc_runtime_Startup_maxPasses__C)
                  0000a648    00000004     main_pem4f.oem4f (.const:xdc_runtime_Startup_sfxnRts__C)
                  0000a64c    00000004     main_pem4f.oem4f (.const:xdc_runtime_Startup_sfxnTab__C)
                  0000a650    00000004     main_pem4f.oem4f (.const:xdc_runtime_SysMin_bufSize__C)
                  0000a654    00000004     main_pem4f.oem4f (.const:xdc_runtime_SysMin_outputFunc__C)
                  0000a658    00000004     main_pem4f.oem4f (.const:xdc_runtime_System_Module__gateObj__C)
                  0000a65c    00000004     main_pem4f.oem4f (.const:xdc_runtime_System_extendFxn__C)
                  0000a660    00000004     main_pem4f.oem4f (.const:xdc_runtime_System_maxAtexitHandlers__C)
                  0000a664    00000004     main_pem4f.oem4f (.const:xdc_runtime_Text_charTab__C)
                  0000a668    00000004     main_pem4f.oem4f (.const:xdc_runtime_Text_nameEmpty__C)
                  0000a66c    00000004     main_pem4f.oem4f (.const:xdc_runtime_Text_nameStatic__C)
                  0000a670    00000004     main_pem4f.oem4f (.const:xdc_runtime_Text_nameUnknown__C)
                  0000a674    00000004     main_pem4f.oem4f (.const:xdc_runtime_Text_nodeTab__C)
                  0000a678    00000004     main_pem4f.oem4f (.const:xdc_runtime_Text_visitRopeFxn__C)
                  0000a67c    00000002     main_pem4f.oem4f (.const:ti_sysbios_family_arm_m3_Hwi_Module__id__C)
                  0000a67e    00000002     main_pem4f.oem4f (.const:ti_sysbios_family_arm_m3_Hwi_Module__loggerDefined__C)
                  0000a680    00000002     main_pem4f.oem4f (.const:ti_sysbios_gates_GateMutex_Module__id__C)
                  0000a682    00000002     main_pem4f.oem4f (.const:ti_sysbios_hal_Hwi_Module__id__C)
                  0000a684    00000002     main_pem4f.oem4f (.const:ti_sysbios_heaps_HeapMem_Module__id__C)
                  0000a686    00000002     main_pem4f.oem4f (.const:ti_sysbios_io_DEV_Module__id__C)
                  0000a688    00000002     main_pem4f.oem4f (.const:ti_sysbios_knl_Clock_Module__id__C)
                  0000a68a    00000002     main_pem4f.oem4f (.const:ti_sysbios_knl_Clock_Module__loggerDefined__C)
                  0000a68c    00000002     main_pem4f.oem4f (.const:ti_sysbios_knl_Semaphore_Module__id__C)
                  0000a68e    00000002     main_pem4f.oem4f (.const:ti_sysbios_knl_Semaphore_Module__loggerDefined__C)
                  0000a690    00000002     main_pem4f.oem4f (.const:ti_sysbios_knl_Swi_Module__id__C)
                  0000a692    00000002     main_pem4f.oem4f (.const:ti_sysbios_knl_Swi_Module__loggerDefined__C)
                  0000a694    00000002     main_pem4f.oem4f (.const:ti_sysbios_knl_Task_Module__id__C)
                  0000a696    00000002     main_pem4f.oem4f (.const:ti_sysbios_knl_Task_Module__loggerDefined__C)
                  0000a698    00000002     main_pem4f.oem4f (.const:ti_sysbios_knl_Task_initStackFlag__C)
                  0000a69a    00000002     main_pem4f.oem4f (.const:ti_sysbios_utils_Load_Module__id__C)
                  0000a69c    00000002     main_pem4f.oem4f (.const:ti_sysbios_utils_Load_Module__loggerDefined__C)
                  0000a69e    00000002     main_pem4f.oem4f (.const:ti_sysbios_utils_Load_autoAddTasks__C)
                  0000a6a0    00000002     main_pem4f.oem4f (.const:ti_sysbios_utils_Load_hwiEnabled__C)
                  0000a6a2    00000002     main_pem4f.oem4f (.const:ti_sysbios_utils_Load_updateInIdle__C)
                  0000a6a4    00000002     main_pem4f.oem4f (.const:ti_uia_runtime_LoggerStopMode_Module__id__C)
                  0000a6a6    00000002     main_pem4f.oem4f (.const:ti_uia_runtime_LoggerStopMode_filterByLevel__C)
                  0000a6a8    00000002     main_pem4f.oem4f (.const:ti_uia_runtime_LoggerStopMode_isTimestampEnabled__C)
                  0000a6aa    00000002     main_pem4f.oem4f (.const:xdc_runtime_Core_Module__id__C)
                  0000a6ac    00000002     main_pem4f.oem4f (.const:xdc_runtime_Error_Module__loggerDefined__C)
                  0000a6ae    00000002     main_pem4f.oem4f (.const:xdc_runtime_Error_maxDepth__C)
                  0000a6b0    00000002     main_pem4f.oem4f (.const:xdc_runtime_Main_Module__id__C)
                  0000a6b2    00000002     main_pem4f.oem4f (.const:xdc_runtime_Main_Module__loggerDefined__C)
                  0000a6b4    00000002     main_pem4f.oem4f (.const:xdc_runtime_Memory_Module__id__C)
                  0000a6b6    00000002     main_pem4f.oem4f (.const:xdc_runtime_SysMin_flushAtExit__C)
                  0000a6b8    00000002     main_pem4f.oem4f (.const:xdc_runtime_Text_charCnt__C)
                  0000a6ba    00000002     main_pem4f.oem4f (.const:xdc_runtime_Text_isLoaded__C)
                  0000a6bc    00000002     main_pem4f.oem4f (.const:xdc_runtime_Text_registryModsLastId__C)
                  0000a6be    00000002     main_pem4f.oem4f (.const:xdc_runtime_Text_unnamedModsLastId__C)

.cinit     0    0000a6c0    000005e0     
                  0000a6c0    000005aa     (.cinit..data.load) [load image, compression = rle]
                  0000ac6a    00000002     --HOLE-- [fill = 0]
                  0000ac6c    0000000c     (__TI_handler_table)
                  0000ac78    00000008     (.cinit..bss.load) [load image, compression = zero_init]
                  0000ac80    00000008     (.cinit..vecs.load) [load image, compression = zero_init]
                  0000ac88    00000018     (__TI_cinit_table)

.vecs      0    20000000    00000360     UNINITIALIZED
                  20000000    00000360     main_pem4f.oem4f (.vecs)

.bss       0    20000360    00003d00     UNINITIALIZED
                  20000360    00001800     main_pem4f.oem4f (.bss:taskStackSection)
                  20001b60    00001000     main_pem4f.oem4f (.bss:ti_sysbios_heaps_HeapMem_Instance_State_0_buf__A)
                  20002b60    00000480     main_pem4f.oem4f (.bss:ti_uia_runtime_LoggerStopMode_Instance_State_1_bufferArray__A)
                  20002fe0    00000480     main_pem4f.oem4f (.bss:ti_uia_runtime_LoggerStopMode_Instance_State_2_bufferArray__A)
                  20003460    00000440     EK_LM4F120XL.obj (.bss:uartTivaObjects)
                  200038a0    00000400     main_pem4f.oem4f (.bss:xdc_runtime_SysMin_Module_State_0_outbuf__A)
                  20003ca0    00000280     main_pem4f.oem4f (.bss:ti_uia_runtime_LoggerStopMode_Instance_State_0_bufferArray__A)
                  20003f20    00000120     rtsv7M4_T_le_v4SPD16_eabi.lib : trgmsg.obj (.bss:__CIOBUF_)
                  20004040    00000008     (.common:parmbuf)
                  20004048    00000008     (.common:ti_sysbios_knl_Task_Instance_State_0_hookEnv__A)
                  20004050    00000008     (.common:ti_sysbios_knl_Task_Instance_State_1_hookEnv__A)
                  20004058    00000008     (.common:ti_sysbios_knl_Task_Instance_State_2_hookEnv__A)

.stack     0    20004060    00001000     UNINITIALIZED
                  20004060    00001000     --HOLE--

.data      0    20005060    00000b74     UNINITIALIZED
                  20005060    00000360     main_pem4f.oem4f (.data:ti_sysbios_family_arm_m3_Hwi_Module_State_0_dispatchTable__A)
                  200053c0    00000204     main_pem4f.oem4f (.data)
                  200055c4    00000108     main_pem4f.oem4f (.data:ti_uia_runtime_LoggerStopMode_Object__table__V)
                  200056cc    000000f0     main_pem4f.oem4f (.data:ti_sysbios_knl_Task_Object__table__V)
                  200057bc    00000098     main_pem4f.oem4f (.data:ti_sysbios_utils_Load_Module__state__V)
                  20005854    00000080     main_pem4f.oem4f (.data:ti_sysbios_knl_Swi_Module_State_0_readyQ__A)
                  200058d4    00000080     main_pem4f.oem4f (.data:ti_sysbios_knl_Task_Module_State_0_readyQ__A)
                  20005954    00000070     main_pem4f.oem4f (.data:ti_sysbios_family_arm_lm4_Timer_Object__table__V)
                  200059c4    0000005c     main_pem4f.oem4f (.data:ti_sysbios_family_arm_m3_Hwi_Module__state__V)
                  20005a20    00000054     main_pem4f.oem4f (.data:ti_sysbios_utils_Load_Module_State_0_taskEnv__A)
                  20005a74    00000044     main_pem4f.oem4f (.data:ti_sysbios_knl_Task_Module__state__V)
                  20005ab8    00000038     main_pem4f.oem4f (.data:ti_sysbios_gates_GateMutex_Object__table__V)
                  20005af0    00000030     main_pem4f.oem4f (.data:ti_sysbios_family_arm_lm4_Timer_Module_State_0_device__A)
                  20005b20    00000030     main_pem4f.oem4f (.data:ti_sysbios_family_arm_m3_Hwi_Object__table__V)
                  20005b50    00000030     main_pem4f.oem4f (.data:ti_sysbios_knl_Swi_Object__table__V)
                  20005b80    00000028     main_pem4f.oem4f (.data:ti_sysbios_knl_Clock_Module__state__V)
                  20005ba8    00000008     gpio_tivaware.aem4f : GPIO.oem4f (.data)
                  20005bb0    00000008     rtsv7M4_T_le_v4SPD16_eabi.lib : _lock.obj (.data)
                  20005bb8    00000008                                   : exit.obj (.data)
                  20005bc0    00000008     ti.uia.runtime.aem4f : QueueDescriptor.oem4f (.data)
                  20005bc8    00000004     rtsv7M4_T_le_v4SPD16_eabi.lib : dtor_list.obj (.data)
                  20005bcc    00000004                                   : stkdepth_vars.obj (.data)
                  20005bd0    00000004     uart_tivaware.aem4f : UART.oem4f (.data)


LINKER GENERATED COPY TABLES

__TI_cinit_table @ 0000ac88 records: 3, size/record: 8, table size: 24
	.data: load addr=0000a6c0, load size=000005aa bytes, run addr=20005060, run size=00000b74 bytes, compression=rle
	.bss: load addr=0000ac78, load size=00000008 bytes, run addr=20000360, run size=00003d00 bytes, compression=zero_init
	.vecs: load addr=0000ac80, load size=00000008 bytes, run addr=20000000, run size=00000360 bytes, compression=zero_init


LINKER GENERATED HANDLER TABLE

__TI_handler_table @ 0000ac6c records: 3, size/record: 4, table size: 12
	index: 0, handler: __TI_zero_init
	index: 1, handler: __TI_decompress_rle24
	index: 2, handler: __TI_decompress_none


GLOBAL SYMBOLS: SORTED ALPHABETICALLY BY Name 

address    name
--------   ----
00006221   C$$EXIT
00005a37   C$$IO$$
00004b11   EK_LM4F120XL_initGPIO
000064c5   EK_LM4F120XL_initGeneral
0000311d   EK_LM4F120XL_initUART
00006d01   GPIODirModeSet
00002a19   GPIOPadConfigSet
00005fe5   GPIOPinConfigure
00007445   GPIOPinTypeGPIOInput
00007273   GPIOPinTypeGPIOOutput
00007457   GPIOPinTypeUART
000077b5   GPIOPinWrite
0000a31c   GPIO_config
00006e1d   GPIO_init
00003a11   GPIO_write
00001035   HOSTclock
00000ffd   HOSTclose
00000fbf   HOSTgetenv
00000f63   HOSTlseek
00000f11   HOSTopen
00000ec5   HOSTread
00000e67   HOSTrename
00000e2d   HOSTtime
00000df5   HOSTunlink
00000da9   HOSTwrite
UNDEFED    SHT$$INIT_ARRAY$$Base
UNDEFED    SHT$$INIT_ARRAY$$Limit
000068ed   SysCtlPeripheralEnable
2000576c   TSK_idle
0000772d   UARTCharGet
00007625   UARTCharGetNonBlocking
00007737   UARTCharPut
00007633   UARTCharPutNonBlocking
00006441   UARTConfigSetExpClk
000070a9   UARTDisable
00007391   UARTEnable
000077bb   UARTFIFOLevelSet
00007803   UARTIntClear
00007741   UARTIntDisable
0000777d   UARTIntEnable
0000774b   UARTIntStatus
00006921   UARTTiva_close
0000a14c   UARTTiva_fxnTable
00007785   UARTTiva_init
00001ef1   UARTTiva_open
00005595   UARTTiva_read
000069f1   UARTTiva_readCancel
000057ad   UARTTiva_readPolling
00005601   UARTTiva_write
00006a23   UARTTiva_writeCancel
00006505   UARTTiva_writePolling
000073a5   UART_Params_init
00009ed0   UART_config
0000a2e0   UART_defaultParams
000066f5   UART_init
0000728d   UART_open
00007755   UART_read
0000775f   UART_write
00000000   __ASM__
20003f20   __CIOBUF_
00000073   __ISA__
00000086   __PLAT__
20005060   __STACK_END
00001000   __STACK_SIZE
20004160   __STACK_TOP
000000a7   __TARG__
0000ac88   __TI_CINIT_Base
0000aca0   __TI_CINIT_Limit
0000ac6c   __TI_Handler_Table_Base
0000ac78   __TI_Handler_Table_Limit
00000001   __TI_args_main
00004655   __TI_auto_init
20005bb8   __TI_cleanup_ptr
00007641   __TI_decompress_none
000077c7   __TI_decompress_rle24
20005bbc   __TI_dtors_ptr
00005a3b   __TI_readmsg
00000000   __TI_static_base__
00005a0d   __TI_writemsg
00007469   __TI_zero_init
000000cd   __TRDR__
00003881   __aeabi_atexit
000050af   __aeabi_memclr
000050af   __aeabi_memclr4
000050af   __aeabi_memclr8
00004795   __aeabi_memcpy
00004795   __aeabi_memcpy4
00004795   __aeabi_memcpy8
000050b1   __aeabi_memset
000050b1   __aeabi_memset4
000050b1   __aeabi_memset8
ffffffff   __binit__
ffffffff   __c_args__
0000386f   __cxa_atexit
00003829   __cxa_finalize
00003869   __cxa_ia64_exit
20004060   __stack
000077c1   __xdc__init
200055c0   __xdc__init__addr
000072bd   _args_main
00005cfd   _c_int00
20005bb0   _lock
000073c7   _nop
000073bf   _register_lock
000073b9   _register_unlock
20005bb4   _unlock
00006225   abort
00003873   atexit
ffffffff   binit
000061dd   copy_in
0000622d   exit
000072a5   free
0000a024   gpioHWAttrs
000070c5   init_LCD
00006955   init_mux_pins
00005815   main
20005bcc   main_func_sp
00006b45   malloc
00004795   memcpy
000050b7   memset
00004c21   mux_1
00004db1   mux_2
00004e31   mux_3
00004eb1   mux_4
000046f5   mux_5
00004f31   mux_7
000074d5   strcpy
000073cd   strlen
0000a3ec   ti_catalog_arm_cortexm4_tiva_ce_Boot_A_mustUseEnhancedClockMode__C
0000a3f0   ti_catalog_arm_cortexm4_tiva_ce_Boot_Module__diagsEnabled__C
0000a3f4   ti_catalog_arm_cortexm4_tiva_ce_Boot_Module__diagsIncluded__C
0000a3f8   ti_catalog_arm_cortexm4_tiva_ce_Boot_Module__diagsMask__C
00009e3e   ti_catalog_arm_cortexm4_tiva_ce_Boot_Module__id__C
0000766d   ti_catalog_arm_cortexm4_tiva_ce_Boot_init__I
00003229   ti_catalog_arm_cortexm4_tiva_ce_Boot_sysCtlClockSetI__I
000048cd   ti_catalog_arm_cortexm4_tiva_ce_Boot_sysCtlClockSet__E
000077cd   ti_catalog_arm_cortexm4_tiva_ce_Boot_sysCtlDelayI__I
0000a3fc   ti_sysbios_BIOS_Module__diagsEnabled__C
0000a400   ti_sysbios_BIOS_Module__diagsIncluded__C
0000a404   ti_sysbios_BIOS_Module__diagsMask__C
0000a31a   ti_sysbios_BIOS_Module__id__C
200053c0   ti_sysbios_BIOS_Module__state__V
00007807   ti_sysbios_BIOS_RtsGateProxy_enter__E
0000780b   ti_sysbios_BIOS_RtsGateProxy_leave__E
0000781f   ti_sysbios_BIOS_RtsGateProxy_query__E
0000602d   ti_sysbios_BIOS_errorRaiseHook__I
00006a55   ti_sysbios_BIOS_exitFunc__I
000074e5   ti_sysbios_BIOS_getCpuFreq__E
0000a408   ti_sysbios_BIOS_installedErrorHook__C
000048cb   ti_sysbios_BIOS_nullFunc__I
00006e41   ti_sysbios_BIOS_registerRTSLock__I
000070e1   ti_sysbios_BIOS_rtsLock__I
00005745   ti_sysbios_BIOS_rtsUnlock__I
000074f5   ti_sysbios_BIOS_setThreadType__E
00006e65   ti_sysbios_BIOS_startFunc__I
00007505   ti_sysbios_BIOS_start__E
20005af0   ti_sysbios_family_arm_lm4_Timer_Module_State_0_device__A
200053e8   ti_sysbios_family_arm_lm4_Timer_Module_State_0_handles__A
200053e0   ti_sysbios_family_arm_lm4_Timer_Module__root__V
000072d5   ti_sysbios_family_arm_lm4_Timer_Module__startupDone__F
000072d5   ti_sysbios_family_arm_lm4_Timer_Module__startupDone__S
20005400   ti_sysbios_family_arm_lm4_Timer_Module__state__V
00005be9   ti_sysbios_family_arm_lm4_Timer_Module_startup__E
00005be9   ti_sysbios_family_arm_lm4_Timer_Module_startup__F
20005954   ti_sysbios_family_arm_lm4_Timer_Object__table__V
0000a40c   ti_sysbios_family_arm_lm4_Timer_enableFunc__C
0000450d   ti_sysbios_family_arm_lm4_Timer_enableTimers__I
00004269   ti_sysbios_family_arm_lm4_Timer_enableTiva__I
0000780f   ti_sysbios_family_arm_lm4_Timer_getPeriod__E
000051a1   ti_sysbios_family_arm_lm4_Timer_isrStub__E
00007679   ti_sysbios_family_arm_lm4_Timer_masterDisable__I
00007813   ti_sysbios_family_arm_lm4_Timer_masterEnable__I
0000a410   ti_sysbios_family_arm_lm4_Timer_numTimerDevices__C
000014f9   ti_sysbios_family_arm_lm4_Timer_start__E
0000a414   ti_sysbios_family_arm_lm4_Timer_startupNeeded__C
00006545   ti_sysbios_family_arm_lm4_Timer_startup__E
00006265   ti_sysbios_family_arm_lm4_Timer_stop__E
2000540c   ti_sysbios_family_arm_lm4_TimestampProvider_Module__state__V
000077d3   ti_sysbios_family_arm_lm4_TimestampProvider_Module_startup__E
000077d3   ti_sysbios_family_arm_lm4_TimestampProvider_Module_startup__F
00003d85   ti_sysbios_family_arm_lm4_TimestampProvider_get32__E
00002c79   ti_sysbios_family_arm_lm4_TimestampProvider_get64__E
[...]
000077d3   ti_sysbios_family_arm_lm4_TimestampProvider_Module_startup__E
000077d3   ti_sysbios_family_arm_lm4_TimestampProvider_Module_startup__F
000077d9   ti_sysbios_family_arm_m3_Hwi_restoreFxn__E
000077d9   ti_sysbios_hal_Hwi_HwiProxy_restore__E
000077d9   ti_sysbios_hal_Hwi_restore__E
000077df   ti_sysbios_gates_GateHwi_leave__E
000077e5   ti_sysbios_heaps_HeapMem_isBlocking__E
000077eb   ti_sysbios_knl_Queue_Instance_init__F
000077f1   ti_uia_runtime_LoggerStopMode_getPriority__E
000077f7   ti_uia_runtime_LoggerStopMode_getTransferType__E
000077f7   ti_uia_runtime_LoggerStopMode_getTransferType__F
000077fd   xdc_runtime_System_Module_startup__E
000077fd   xdc_runtime_System_Module_startup__F
00007803   UARTIntClear
00007807   ti_sysbios_BIOS_RtsGateProxy_enter__E
0000780b   ti_sysbios_BIOS_RtsGateProxy_leave__E
0000780f   ti_sysbios_family_arm_lm4_Timer_getPeriod__E
00007813   ti_sysbios_family_arm_lm4_Timer_masterEnable__I
00007817   ti_sysbios_family_arm_m3_TaskSupport_Module__startupDone__S
0000781b   ti_sysbios_gates_GateHwi_query__E
0000781b   ti_sysbios_gates_GateHwi_query__F
0000781b   xdc_runtime_Main_Module_GateProxy_query__E
0000781b   xdc_runtime_System_Module_GateProxy_query__E
0000781f   ti_sysbios_BIOS_RtsGateProxy_query__E
0000781f   ti_sysbios_gates_GateMutex_query__E
0000781f   ti_sysbios_gates_GateMutex_query__F
0000781f   ti_sysbios_heaps_HeapMem_Module_GateProxy_query__E
00007823   ti_sysbios_hal_Hwi_HwiProxy_Module__startupDone__S
00007827   ti_sysbios_hal_Timer_TimerProxy_Module__startupDone__S
0000782b   ti_sysbios_hal_Timer_TimerProxy_getPeriod__E
0000782f   ti_sysbios_heaps_HeapMem_Module_GateProxy_enter__E
00007833   ti_sysbios_heaps_HeapMem_Module_GateProxy_leave__E
00007837   ti_sysbios_knl_Task_SupportProxy_Module__startupDone__S
0000783b   ti_sysbios_knl_Task_startup__E
0000783f   ti_uia_runtime_LogSync_CpuTimestampProxy_Module__startupDone__S
00007843   ti_uia_runtime_LogSync_GlobalTimestampProxy_Module__startupDone__S
00007847   ti_uia_runtime_LoggerStopMode_getInstanceId__E
0000784b   ti_uia_runtime_LoggerStopMode_getMaxLength__E
0000784f   ti_uia_runtime_LoggerStopMode_setPriority__E
00007853   xdc_runtime_Error_getSite__E
00007853   xdc_runtime_Error_getSite__F
00007857   xdc_runtime_Memory_HeapProxy_alloc__E
0000785b   xdc_runtime_Memory_HeapProxy_free__E
0000785f   xdc_runtime_System_Module_GateProxy_enter__E
00007863   xdc_runtime_System_Module_GateProxy_leave__E
00007867   xdc_runtime_System_aprintf_va__F
0000786b   xdc_runtime_System_printf_va__F
0000786f   xdc_runtime_System_vsnprintf__E
00007873   xdc_runtime_TimestampNull_Module__startupDone__S
00007877   xdc_runtime_Timestamp_Module__startupDone__S
0000787c   xdc_runtime_Text_charTab__A
00009c2a   xdc_runtime_Text_nodeTab__A
00009d66   ti_sysbios_family_arm_m3_Hwi_priorities__A
00009e3e   ti_catalog_arm_cortexm4_tiva_ce_Boot_Module__id__C
00009ed0   UART_config
00009f3c   ti_uia_runtime_LoggerStopMode_Module__FXNS__C
00009fe4   uartTivaHWAttrs
0000a024   gpioHWAttrs
0000a060   xdc_runtime_Startup_sfxnTab__A
0000a094   ti_sysbios_family_arm_m3_Hwi_Object__PARAMS__C
0000a0c4   ti_sysbios_knl_Task_hooks__A
0000a0f4   ti_uia_runtime_LoggerStopMode_Object__PARAMS__C
0000a124   ti_sysbios_heaps_HeapMem_Module__FXNS__C
0000a14c   UARTTiva_fxnTable
0000a170   ti_sysbios_gates_GateHwi_Module__FXNS__C
0000a194   ti_sysbios_gates_GateMutex_Module__FXNS__C
0000a1b8   ti_sysbios_heaps_HeapMem_Object__PARAMS__C
0000a1dc   ti_sysbios_knl_Semaphore_Object__PARAMS__C
0000a200   ti_sysbios_family_arm_m3_Hwi_Object__DESC__C
0000a220   ti_sysbios_gates_GateHwi_Object__DESC__C
0000a240   ti_sysbios_gates_GateMutex_Object__DESC__C
0000a260   ti_sysbios_heaps_HeapMem_Object__DESC__C
0000a280   ti_sysbios_knl_Queue_Object__DESC__C
0000a2a0   ti_sysbios_knl_Semaphore_Object__DESC__C
0000a2c0   ti_uia_runtime_LoggerStopMode_Object__DESC__C
0000a2e0   UART_defaultParams
0000a300   xdc_runtime_Startup_sfxnRts__A
0000a31a   ti_sysbios_BIOS_Module__id__C
0000a31c   GPIO_config
0000a334   ti_sysbios_gates_GateHwi_Object__PARAMS__C
0000a34c   ti_sysbios_gates_GateMutex_Object__PARAMS__C
0000a364   ti_sysbios_knl_Queue_Object__PARAMS__C
0000a37c   xdc_runtime_Startup_firstFxns__A
0000a3a1   xdc_runtime_Error_policy__C
0000a3a2   ti_sysbios_family_arm_lm4_TimestampProvider_useClockTimer__C
0000a3a4   ti_sysbios_family_arm_m3_Hwi_excHookFuncs__A
0000a3ac   ti_sysbios_knl_Idle_coreList__A
0000a3b4   ti_sysbios_knl_Idle_coreList__C
0000a3bc   ti_sysbios_knl_Idle_funcList__A
0000a3c4   ti_sysbios_knl_Idle_funcList__C
0000a3cc   ti_sysbios_knl_Task_hooks__C
0000a3d4   xdc_runtime_Startup_firstFxns__C
0000a3dc   xdc_runtime_Startup_lastFxns__A
0000a3e4   xdc_runtime_Startup_lastFxns__C
0000a3ec   ti_catalog_arm_cortexm4_tiva_ce_Boot_A_mustUseEnhancedClockMode__C
0000a3f0   ti_catalog_arm_cortexm4_tiva_ce_Boot_Module__diagsEnabled__C
0000a3f4   ti_catalog_arm_cortexm4_tiva_ce_Boot_Module__diagsIncluded__C
0000a3f8   ti_catalog_arm_cortexm4_tiva_ce_Boot_Module__diagsMask__C
0000a3fc   ti_sysbios_BIOS_Module__diagsEnabled__C
0000a400   ti_sysbios_BIOS_Module__diagsIncluded__C
0000a404   ti_sysbios_BIOS_Module__diagsMask__C
0000a408   ti_sysbios_BIOS_installedErrorHook__C
0000a40c   ti_sysbios_family_arm_lm4_Timer_enableFunc__C
0000a410   ti_sysbios_family_arm_lm4_Timer_numTimerDevices__C
0000a414   ti_sysbios_family_arm_lm4_Timer_startupNeeded__C
0000a418   ti_sysbios_family_arm_m3_Hwi_E_NMI__C
0000a41c   ti_sysbios_family_arm_m3_Hwi_E_alreadyDefined__C
0000a420   ti_sysbios_family_arm_m3_Hwi_E_busFault__C
0000a424   ti_sysbios_family_arm_m3_Hwi_E_debugMon__C
0000a428   ti_sysbios_family_arm_m3_Hwi_E_hardFault__C
0000a42c   ti_sysbios_family_arm_m3_Hwi_E_memFault__C
0000a430   ti_sysbios_family_arm_m3_Hwi_E_noIsr__C
0000a434   ti_sysbios_family_arm_m3_Hwi_E_reserved__C
0000a438   ti_sysbios_family_arm_m3_Hwi_E_svCall__C
0000a43c   ti_sysbios_family_arm_m3_Hwi_E_usageFault__C
0000a440   ti_sysbios_family_arm_m3_Hwi_LD_end__C
0000a444   ti_sysbios_family_arm_m3_Hwi_LM_begin__C
0000a448   ti_sysbios_family_arm_m3_Hwi_Module__diagsEnabled__C
0000a44c   ti_sysbios_family_arm_m3_Hwi_Module__diagsIncluded__C
0000a450   ti_sysbios_family_arm_m3_Hwi_Module__diagsMask__C
0000a454   ti_sysbios_family_arm_m3_Hwi_Module__loggerFxn1__C
0000a458   ti_sysbios_family_arm_m3_Hwi_Module__loggerFxn8__C
0000a45c   ti_sysbios_family_arm_m3_Hwi_Module__loggerObj__C
0000a460   ti_sysbios_family_arm_m3_Hwi_NUM_INTERRUPTS__C
0000a464   ti_sysbios_family_arm_m3_Hwi_ccr__C
0000a468   ti_sysbios_family_arm_m3_Hwi_dispatchTable__C
0000a46c   ti_sysbios_family_arm_m3_Hwi_excHandlerFunc__C
0000a470   ti_sysbios_family_arm_m3_Hwi_excHookFuncs__C
0000a474   ti_sysbios_family_arm_m3_Hwi_priGroup__C
0000a478   ti_sysbios_family_arm_m3_Hwi_priorities__C
0000a47c   ti_sysbios_gates_GateMutex_A_badContext__C
0000a480   ti_sysbios_gates_GateMutex_Instance_State_sem__O
0000a484   ti_sysbios_gates_GateMutex_Module__diagsEnabled__C
0000a488   ti_sysbios_gates_GateMutex_Module__diagsIncluded__C
0000a48c   ti_sysbios_gates_GateMutex_Module__diagsMask__C
0000a490   ti_sysbios_hal_Hwi_E_stackOverflow__C
0000a494   ti_sysbios_heaps_HeapMem_A_align__C
0000a498   ti_sysbios_heaps_HeapMem_A_heapSize__C
0000a49c   ti_sysbios_heaps_HeapMem_A_invalidFree__C
0000a4a0   ti_sysbios_heaps_HeapMem_A_zeroBlock__C
0000a4a4   ti_sysbios_heaps_HeapMem_E_memory__C
0000a4a8   ti_sysbios_heaps_HeapMem_Module__diagsEnabled__C
0000a4ac   ti_sysbios_heaps_HeapMem_Module__diagsIncluded__C
0000a4b0   ti_sysbios_heaps_HeapMem_Module__diagsMask__C
0000a4b4   ti_sysbios_heaps_HeapMem_Module__gateObj__C
0000a4b8   ti_sysbios_heaps_HeapMem_Object__count__C
0000a4bc   ti_sysbios_heaps_HeapMem_reqAlign__C
0000a4c0   ti_sysbios_io_DEV_Object__count__C
0000a4c4   ti_sysbios_io_DEV_tableSize__C
0000a4c8   ti_sysbios_knl_Clock_LM_begin__C
0000a4cc   ti_sysbios_knl_Clock_LM_tick__C
0000a4d0   ti_sysbios_knl_Clock_LW_delayed__C
0000a4d4   ti_sysbios_knl_Clock_Module_State_clockQ__O
0000a4d8   ti_sysbios_knl_Clock_Module__diagsEnabled__C
0000a4dc   ti_sysbios_knl_Clock_Module__diagsIncluded__C
0000a4e0   ti_sysbios_knl_Clock_Module__diagsMask__C
0000a4e4   ti_sysbios_knl_Clock_Module__loggerFxn1__C
0000a4e8   ti_sysbios_knl_Clock_Module__loggerFxn2__C
0000a4ec   ti_sysbios_knl_Clock_Module__loggerObj__C
0000a4f0   ti_sysbios_knl_Semaphore_A_badContext__C
0000a4f4   ti_sysbios_knl_Semaphore_A_noEvents__C
0000a4f8   ti_sysbios_knl_Semaphore_A_overflow__C
0000a4fc   ti_sysbios_knl_Semaphore_A_pendTaskDisabled__C
0000a500   ti_sysbios_knl_Semaphore_Instance_State_pendQ__O
0000a504   ti_sysbios_knl_Semaphore_LM_pend__C
0000a508   ti_sysbios_knl_Semaphore_LM_post__C
0000a50c   ti_sysbios_knl_Semaphore_Module__diagsEnabled__C
0000a510   ti_sysbios_knl_Semaphore_Module__diagsIncluded__C
0000a514   ti_sysbios_knl_Semaphore_Module__diagsMask__C
0000a518   ti_sysbios_knl_Semaphore_Module__loggerFxn2__C
0000a51c   ti_sysbios_knl_Semaphore_Module__loggerFxn4__C
0000a520   ti_sysbios_knl_Semaphore_Module__loggerObj__C
0000a524   ti_sysbios_knl_Swi_LD_end__C
0000a528   ti_sysbios_knl_Swi_LM_begin__C
0000a52c   ti_sysbios_knl_Swi_LM_post__C
0000a530   ti_sysbios_knl_Swi_Module__diagsEnabled__C
0000a534   ti_sysbios_knl_Swi_Module__diagsIncluded__C
0000a538   ti_sysbios_knl_Swi_Module__diagsMask__C
0000a53c   ti_sysbios_knl_Swi_Module__loggerFxn1__C
0000a540   ti_sysbios_knl_Swi_Module__loggerFxn4__C
0000a544   ti_sysbios_knl_Swi_Module__loggerObj__C
0000a548   ti_sysbios_knl_Swi_Object__count__C
0000a54c   ti_sysbios_knl_Task_E_spOutOfBounds__C
0000a550   ti_sysbios_knl_Task_E_stackOverflow__C
0000a554   ti_sysbios_knl_Task_LD_block__C
0000a558   ti_sysbios_knl_Task_LD_exit__C
0000a55c   ti_sysbios_knl_Task_LD_ready__C
0000a560   ti_sysbios_knl_Task_LM_switch__C
0000a564   ti_sysbios_knl_Task_Module_State_inactiveQ__O
0000a568   ti_sysbios_knl_Task_Module__diagsEnabled__C
0000a56c   ti_sysbios_knl_Task_Module__diagsIncluded__C
0000a570   ti_sysbios_knl_Task_Module__diagsMask__C
0000a574   ti_sysbios_knl_Task_Module__loggerFxn2__C
0000a578   ti_sysbios_knl_Task_Module__loggerFxn4__C
0000a57c   ti_sysbios_knl_Task_Module__loggerObj__C
0000a580   ti_sysbios_knl_Task_Object__count__C
0000a584   ti_sysbios_knl_Task_Object__heap__C
0000a588   ti_sysbios_knl_Task_allBlockedFunc__C
0000a58c   ti_sysbios_knl_Task_numConstructedTasks__C
0000a590   ti_sysbios_utils_Load_LS_cpuLoad__C
0000a594   ti_sysbios_utils_Load_LS_hwiLoad__C
0000a598   ti_sysbios_utils_Load_LS_taskLoad__C
0000a59c   ti_sysbios_utils_Load_Module_State_taskList__O
0000a5a0   ti_sysbios_utils_Load_Module__diagsEnabled__C
0000a5a4   ti_sysbios_utils_Load_Module__diagsIncluded__C
0000a5a8   ti_sysbios_utils_Load_Module__diagsMask__C
0000a5ac   ti_sysbios_utils_Load_Module__loggerFxn1__C
0000a5b0   ti_sysbios_utils_Load_Module__loggerFxn2__C
0000a5b4   ti_sysbios_utils_Load_Module__loggerFxn4__C
0000a5b8   ti_sysbios_utils_Load_Module__loggerObj__C
0000a5bc   ti_sysbios_utils_Load_postUpdate__C
0000a5c0   ti_sysbios_utils_Load_windowInMs__C
0000a5c4   ti_uia_runtime_ILoggerSnapshot_Interface__BASE__C
0000a5c8   ti_uia_runtime_IUIATransfer_Interface__BASE__C
0000a5cc   ti_uia_runtime_LoggerStopMode_E_badLevel__C
0000a5d0   ti_uia_runtime_LoggerStopMode_Object__count__C
0000a5d4   ti_uia_runtime_LoggerStopMode_overflowLogger__C
0000a5d8   ti_uia_runtime_LoggerStopMode_statusLogger__C
0000a5dc   xdc_runtime_Assert_E_assertFailed__C
0000a5e0   xdc_runtime_Core_A_initializedParams__C
0000a5e4   xdc_runtime_Core_Module__diagsEnabled__C
0000a5e8   xdc_runtime_Core_Module__diagsIncluded__C
0000a5ec   xdc_runtime_Core_Module__diagsMask__C
0000a5f0   xdc_runtime_Error_E_generic__C
0000a5f4   xdc_runtime_Error_E_memory__C
0000a5f8   xdc_runtime_Error_Module__diagsEnabled__C
0000a5fc   xdc_runtime_Error_Module__diagsIncluded__C
0000a600   xdc_runtime_Error_Module__diagsMask__C
0000a604   xdc_runtime_Error_Module__loggerFxn8__C
0000a608   xdc_runtime_Error_Module__loggerObj__C
0000a60c   xdc_runtime_Error_raiseHook__C
0000a610   xdc_runtime_IFilterLogger_Interface__BASE__C
0000a614   xdc_runtime_IGateProvider_Interface__BASE__C
0000a618   xdc_runtime_IHeap_Interface__BASE__C
0000a61c   xdc_runtime_ILogger_Interface__BASE__C
0000a620   xdc_runtime_IModule_Interface__BASE__C
0000a624   xdc_runtime_Log_L_error__C
0000a628   xdc_runtime_Main_Module__diagsEnabled__C
0000a62c   xdc_runtime_Main_Module__diagsIncluded__C
0000a630   xdc_runtime_Main_Module__diagsMask__C
0000a634   xdc_runtime_Main_Module__loggerFxn4__C
0000a638   xdc_runtime_Main_Module__loggerObj__C
0000a63c   xdc_runtime_Memory_defaultHeapInstance__C
0000a640   xdc_runtime_Startup_execImpl__C
0000a644   xdc_runtime_Startup_maxPasses__C
0000a648   xdc_runtime_Startup_sfxnRts__C
0000a64c   xdc_runtime_Startup_sfxnTab__C
0000a650   xdc_runtime_SysMin_bufSize__C
0000a654   xdc_runtime_SysMin_outputFunc__C
0000a658   xdc_runtime_System_Module__gateObj__C
0000a65c   xdc_runtime_System_extendFxn__C
0000a660   xdc_runtime_System_maxAtexitHandlers__C
0000a664   xdc_runtime_Text_charTab__C
0000a668   xdc_runtime_Text_nameEmpty__C
0000a66c   xdc_runtime_Text_nameStatic__C
0000a670   xdc_runtime_Text_nameUnknown__C
0000a674   xdc_runtime_Text_nodeTab__C
0000a678   xdc_runtime_Text_visitRopeFxn__C
0000a67c   ti_sysbios_family_arm_m3_Hwi_Module__id__C
0000a67e   ti_sysbios_family_arm_m3_Hwi_Module__loggerDefined__C
0000a680   ti_sysbios_gates_GateMutex_Module__id__C
0000a682   ti_sysbios_hal_Hwi_Module__id__C
0000a684   ti_sysbios_heaps_HeapMem_Module__id__C
0000a686   ti_sysbios_io_DEV_Module__id__C
0000a688   ti_sysbios_knl_Clock_Module__id__C
0000a68a   ti_sysbios_knl_Clock_Module__loggerDefined__C
0000a68c   ti_sysbios_knl_Semaphore_Module__id__C
0000a68e   ti_sysbios_knl_Semaphore_Module__loggerDefined__C
0000a690   ti_sysbios_knl_Swi_Module__id__C
0000a692   ti_sysbios_knl_Swi_Module__loggerDefined__C
0000a694   ti_sysbios_knl_Task_Module__id__C
0000a696   ti_sysbios_knl_Task_Module__loggerDefined__C
0000a698   ti_sysbios_knl_Task_initStackFlag__C
0000a69a   ti_sysbios_utils_Load_Module__id__C
0000a69c   ti_sysbios_utils_Load_Module__loggerDefined__C
0000a69e   ti_sysbios_utils_Load_autoAddTasks__C
0000a6a0   ti_sysbios_utils_Load_hwiEnabled__C
0000a6a2   ti_sysbios_utils_Load_updateInIdle__C
0000a6a4   ti_uia_runtime_LoggerStopMode_Module__id__C
0000a6a6   ti_uia_runtime_LoggerStopMode_filterByLevel__C
0000a6a8   ti_uia_runtime_LoggerStopMode_isTimestampEnabled__C
0000a6aa   xdc_runtime_Core_Module__id__C
0000a6ac   xdc_runtime_Error_Module__loggerDefined__C
0000a6ae   xdc_runtime_Error_maxDepth__C
0000a6b0   xdc_runtime_Main_Module__id__C
0000a6b2   xdc_runtime_Main_Module__loggerDefined__C
0000a6b4   xdc_runtime_Memory_Module__id__C
0000a6b6   xdc_runtime_SysMin_flushAtExit__C
0000a6b8   xdc_runtime_Text_charCnt__C
0000a6ba   xdc_runtime_Text_isLoaded__C
0000a6bc   xdc_runtime_Text_registryModsLastId__C
0000a6be   xdc_runtime_Text_unnamedModsLastId__C
0000ac6c   __TI_Handler_Table_Base
0000ac78   __TI_Handler_Table_Limit
0000ac88   __TI_CINIT_Base
0000aca0   __TI_CINIT_Limit
20000000   ti_sysbios_family_arm_m3_Hwi_ramVectors
20000360   ti_sysbios_knl_Task_Instance_State_0_stack__A
20000b60   ti_sysbios_knl_Task_Instance_State_1_stack__A
20001360   ti_sysbios_knl_Task_Instance_State_2_stack__A
20001b60   ti_sysbios_heaps_HeapMem_Instance_State_0_buf__A
20002b60   ti_uia_runtime_LoggerStopMode_Instance_State_1_bufferArray__A
20002fe0   ti_uia_runtime_LoggerStopMode_Instance_State_2_bufferArray__A
20003460   uartTivaObjects
200038a0   xdc_runtime_SysMin_Module_State_0_outbuf__A
20003ca0   ti_uia_runtime_LoggerStopMode_Instance_State_0_bufferArray__A
20003f20   __CIOBUF_
20004048   ti_sysbios_knl_Task_Instance_State_0_hookEnv__A
20004050   ti_sysbios_knl_Task_Instance_State_1_hookEnv__A
20004058   ti_sysbios_knl_Task_Instance_State_2_hookEnv__A
20004060   __stack
20004160   __STACK_TOP
20005060   __STACK_END
20005060   ti_sysbios_family_arm_m3_Hwi_Module_State_0_dispatchTable__A
200053c0   ti_sysbios_BIOS_Module__state__V
200053e0   ti_sysbios_family_arm_lm4_Timer_Module__root__V
200053e8   ti_sysbios_family_arm_lm4_Timer_Module_State_0_handles__A
20005400   ti_sysbios_family_arm_lm4_Timer_Module__state__V
2000540c   ti_sysbios_family_arm_lm4_TimestampProvider_Module__state__V
20005414   ti_sysbios_family_arm_m3_Hwi_Module__root__V
2000541c   ti_sysbios_family_arm_m3_Hwi_Module_State_0_excActive__A
20005420   ti_sysbios_family_arm_m3_Hwi_Module_State_0_excContext__A
20005424   ti_sysbios_family_arm_m3_Hwi_Module_State_0_excStack__A
20005428   ti_sysbios_gates_GateHwi_Module__root__V
20005430   ti_sysbios_gates_GateHwi_Object__table__V
20005434   ti_sysbios_gates_GateMutex_Module__root__V
2000543c   ti_sysbios_hal_Hwi_Module__root__V
20005444   ti_sysbios_hal_Timer_Module__root__V
2000544c   ti_sysbios_hal_Timer_Object__table__V
20005454   ti_sysbios_heaps_HeapMem_Module__root__V
2000545c   ti_sysbios_heaps_HeapMem_Object__table__V
20005474   ti_sysbios_io_DEV_Module__root__V
2000547c   ti_sysbios_io_DEV_Module_State_0_table__A
2000549c   ti_sysbios_io_DEV_Module__state__V
200054a0   ti_sysbios_io_GIO_Module__root__V
200054a8   ti_sysbios_knl_Clock_Module__root__V
200054b0   ti_sysbios_knl_Event_Module__root__V
200054bc   ti_sysbios_knl_Queue_Module__root__V
200054c4   ti_sysbios_knl_Queue_Object__table__V
200054cc   ti_sysbios_knl_Semaphore_Module__root__V
200054d8   ti_sysbios_knl_Swi_Module__root__V
200054e0   ti_sysbios_knl_Swi_Module__state__V
200054fc   ti_sysbios_knl_Task_Module__root__V
20005508   ti_sysbios_knl_Task_Module_State_0_idleTask__A
2000550c   ti_sysbios_utils_Load_Module__root__V
20005510   ti_sysbios_utils_Load_Module_State_0_taskStartTime__A
20005514   ti_sysbios_utils_Load_Module_State_0_runningTask__A
20005518   ti_sysbios_xdcruntime_SemThreadSupport_Module__root__V
20005520   ti_uia_runtime_LogSync_Module__root__V
20005528   ti_uia_runtime_LogSync_Module__state__V
20005534   ti_uia_runtime_LoggerStopMode_Module__root__V
2000553c   ti_uia_runtime_LoggerStopMode_Module__state__V
20005544   ti_uia_runtime_QueueDescriptor_Module__state__V
20005550   xdc_runtime_Error_Module__state__V
20005552   xdc_runtime_Main_Module__root__V
20005554   xdc_runtime_Memory_Module__state__V
20005558   xdc_runtime_Registry_Module__state__V
20005560   xdc_runtime_Startup_Module__state__V
20005568   xdc_runtime_SysMin_Module__state__V
20005574   xdc_runtime_System_Module_State_0_atexitHandlers__A
20005594   xdc_runtime_System_Module__state__V
200055a0   xdc_runtime_Text_Module__state__V
200055a8   xdc_runtime_knl_SemThread_Module__root__V
200055b0   xdc_runtime_knl_SyncNull_Module__root__V
200055b8   xdc_runtime_knl_SyncSemThread_Module__root__V
200055c0   __xdc__init__addr
200055c4   ti_uia_runtime_LoggerStopMode_Object__table__V
200056cc   ti_sysbios_knl_Task_Object__table__V
2000576c   TSK_idle
200057bc   ti_sysbios_utils_Load_Module__state__V
20005854   ti_sysbios_knl_Swi_Module_State_0_readyQ__A
200058d4   ti_sysbios_knl_Task_Module_State_0_readyQ__A
20005954   ti_sysbios_family_arm_lm4_Timer_Object__table__V
200059c4   ti_sysbios_family_arm_m3_Hwi_Module__state__V
20005a20   ti_sysbios_utils_Load_Module_State_0_taskEnv__A
20005a74   ti_sysbios_knl_Task_Module__state__V
20005ab8   ti_sysbios_gates_GateMutex_Object__table__V
20005af0   ti_sysbios_family_arm_lm4_Timer_Module_State_0_device__A
20005b20   ti_sysbios_family_arm_m3_Hwi_Object__table__V
20005b50   ti_sysbios_knl_Swi_Object__table__V
20005b80   ti_sysbios_knl_Clock_Module__state__V
20005bb0   _lock
20005bb4   _unlock
20005bb8   __TI_cleanup_ptr
20005bbc   __TI_dtors_ptr
20005bc0   ti_uia_runtime_QueueDescriptor_gPtrToFirstDescriptor
20005bc4   ti_uia_runtime_QueueDescriptor_gUpdateCount
20005bcc   main_func_sp
e000e000   ti_sysbios_family_arm_m3_Hwi_nvic
ffffffff   __binit__
ffffffff   __c_args__
ffffffff   binit
UNDEFED    SHT$$INIT_ARRAY$$Base
UNDEFED    SHT$$INIT_ARRAY$$Limit

[814 symbols]
