******************************************************************************
                  TI ARM Linker PC v5.1.1                      
******************************************************************************
>> Linked Wed Mar 26 20:33:19 2014

OUTPUT FILE NAME:   <rover.out>
ENTRY POINT SYMBOL: "_c_int00"  address: 00006871


MEMORY CONFIGURATION

         name            origin    length      used     unused   attr    fill
----------------------  --------  ---------  --------  --------  ----  --------
  FLASH                 00000000   00040000  0000b920  000346e0  R  X
  SRAM                  20000000   00008000  00005358  00002ca8  RW X


SEGMENT ALLOCATION MAP

run origin  load origin   length   init length attrs members
----------  ----------- ---------- ----------- ----- -------
00000000    00000000    0000b920   0000b920    r-x
  00000000    00000000    00000360   00000360    r-- .resetVecs
  00000360    00000360    00008160   00008160    r-x .text
  000084c0    000084c0    00002ec0   00002ec0    r-- .const
  0000b380    0000b380    000005a0   000005a0    r-- .cinit
20000000    20000000    00005358   00000000    rw-
  20000000    20000000    00000360   00000000    rw- .vecs
  20000360    20000360    000034f8   00000000    rw- .bss
  20003858    20003858    00001000   00000000    rw- .stack
  20004858    20004858    00000b00   00000000    rw- .data


SECTION ALLOCATION MAP

 output                                  attributes/
section   page    origin      length       input sections
--------  ----  ----------  ----------   ----------------
.bootVecs 
*          0    00000000    00000008     DSECT
                  00000000    00000008     boot.aem4f : boot.oem4f (.bootVecs)

.resetVecs 
*          0    00000000    00000360     
                  00000000    00000360     main_pem4f.oem4f (.resetVecs)

xdc.meta   0    00000000    000000f5     COPY SECTION
                  00000000    000000f5     main_pem4f.oem4f (xdc.meta)

.text      0    00000360    00008160     
                  00000360    00000424     sysbios.aem4f : BIOS.obj (.text:ti_sysbios_family_arm_m3_Hwi_excDumpRegs__I)
                  00000784    00000344     ti.targets.arm.rtsarm.aem4f : System.oem4f (.text:xdc_runtime_System_doPrint__I)
                  00000ac8    000002e0     sysbios.aem4f : BIOS.obj (.text:ti_sysbios_knl_Semaphore_pend__E)
                  00000da8    000002d4     rtsv7M4_T_le_v4SPD16_eabi.lib : trgdrv.obj (.text)
                  0000107c    000002c8     uart_tivaware.aem4f : UARTTiva.oem4f (.text:UARTTiva_open)
                  00001344    00000248     sysbios.aem4f : BIOS.obj (.text:ti_sysbios_heaps_HeapMem_free__E)
                  0000158c    00000234                   : BIOS.obj (.text:ti_sysbios_heaps_HeapMem_alloc__E)
                  000017c0    00000230                   : BIOS.obj (.text:ti_sysbios_family_arm_lm4_Timer_start__E)
                  000019f0    00000210                   : BIOS.obj (.text:ti_sysbios_family_arm_m3_Hwi_excHandlerMax__I)
                  00001c00    00000204     uart_tivaware.aem4f : UARTTiva.oem4f (.text:UARTTiva_write)
                  00001e04    000001f8                         : UARTTiva.oem4f (.text:UARTTiva_read)
                  00001ffc    000001cc                         : UARTTiva.oem4f (.text:UARTTiva_hwiIntFxn)
                  000021c8    000001a0     ti.uia.runtime.aem4f : LoggerStopMode.oem4f (.text:ti_uia_runtime_LoggerStopMode_write8__E)
                  00002368    0000016c     uart_tivaware.aem4f : UARTTiva.oem4f (.text:writeData)
                  000024d4    00000168                         : UARTTiva.oem4f (.text:UARTTiva_readPolling)
                  0000263c    00000168     sysbios.aem4f : BIOS.obj (.text:ti_sysbios_family_arm_m3_Hwi_excBusFault__I)
                  000027a4    00000160     uart_tivaware.aem4f : UARTTiva.oem4f (.text:readData)
                  00002904    0000015c                         : UARTTiva.oem4f (.text:UARTTiva_writePolling)
                  00002a60    0000015c     ti.uia.runtime.aem4f : LoggerStopMode.oem4f (.text:ti_uia_runtime_LoggerStopMode_writeMemoryRange__E)
                  00002bbc    00000154     sysbios.aem4f : BIOS.obj (.text:ti_sysbios_family_arm_m3_Hwi_excUsageFault__I)
                  00002d10    00000144                   : BIOS.obj (.text:ti_sysbios_knl_Semaphore_post__E)
                  00002e54    00000140                   : BIOS.obj (.text:ti_sysbios_family_arm_m3_Hwi_dispatchC__I)
                  00002f94    00000140                   : BIOS.obj (.text:ti_sysbios_family_arm_m3_Hwi_excMemFault__I)
                  000030d4    0000013c     ti.uia.runtime.aem4f : LoggerStopMode.oem4f (.text:ti_uia_runtime_LoggerStopMode_write4__E)
                  00003210    0000013c     ti.targets.arm.rtsarm.aem4f : Error.oem4f (.text:xdc_runtime_Error_raiseX__F)
                  0000334c    00000138     sysbios.aem4f : BIOS.obj (.text:ti_sysbios_heaps_HeapMem_Instance_init__F)
                  00003484    00000138                   : BIOS.obj (.text:ti_sysbios_utils_Load_logLoads__I)
                  000035bc    00000134                   : m3_Hwi_asm.obj (.text:ti_sysbios_family_arm_m3_Hwi_dispatch__I)
                  000036f0    00000130     driverlib.lib : gpio.obj (.text:GPIOPadConfigSet)
                  00003820    00000130     sysbios.aem4f : BIOS.obj (.text:ti_sysbios_utils_Load_updateThreadContexts__E)
                  00003950    0000012c                   : BIOS.obj (.text:ti_sysbios_family_arm_lm4_TimestampProvider_get64__E)
                  00003a7c    0000012c                   : BIOS.obj (.text:ti_sysbios_knl_Clock_workFunc__E)
                  00003ba8    0000012c                   : BIOS.obj (.text:ti_sysbios_knl_Task_exit__E)
                  00003cd4    00000128     tcp.obj (.text:set_up_tcp)
                  00003dfc    00000124     EK_LM4F120XL.obj (.text:EK_LM4F120XL_initUART)
                  00003f20    00000120     sysbios.aem4f : BIOS.obj (.text:ti_sysbios_knl_Swi_run__I)
                  00004040    0000010c     Boot.aem4f : Boot_sysctl.oem4f (.text:ti_catalog_arm_cortexm4_tiva_ce_Boot_sysCtlClockSetI__I)
                  0000414c    00000104     ti.targets.arm.rtsarm.aem4f : Core-mem.oem4f (.text:xdc_runtime_Core_createObject__I)
                  00004250    00000104     main_pem4f.oem4f (.text:xdc_runtime_System_printfExtend__I)
                  00004354    000000fc     sysbios.aem4f : BIOS.obj (.text:ti_sysbios_knl_Task_schedule__I)
                  00004450    000000f8                   : BIOS.obj (.text:ti_sysbios_knl_Task_startCore__E)
                  00004548    000000f8     ti.targets.arm.rtsarm.aem4f : Startup.oem4f (.text:xdc_runtime_Startup_startMods__I)
                  00004640    000000f4     rtsv7M4_T_le_v4SPD16_eabi.lib : dtor_list.obj (.text)
                  00004734    000000f4     sysbios.aem4f : BIOS.obj (.text:ti_sysbios_knl_Task_postInit__I)
                  00004828    000000e8     gpio_tivaware.aem4f : GPIO.oem4f (.text:GPIO_write)
                  00004910    000000e8     sysbios.aem4f : BIOS.obj (.text:ti_sysbios_family_arm_m3_Hwi_initNVIC__E)
                  000049f8    000000e8                   : BIOS.obj (.text:ti_sysbios_io_DEV_postInit__I)
                  00004ae0    000000c8     driverlib.lib : sysctl.obj (.text:SysCtlClockGet)
                  00004ba8    000000c0     uart_tivaware.aem4f : UARTTiva.oem4f (.text:UARTTiva_writeCancel)
                  00004c68    000000bc                         : UARTTiva.oem4f (.text:UARTTiva_readCancel)
                  00004d24    000000bc     sysbios.aem4f : BIOS.obj (.text:ti_sysbios_knl_Task_unblockI__E)
                  00004de0    000000b8                   : BIOS.obj (.text:ti_sysbios_family_arm_lm4_TimestampProvider_get32__E)
                  00004e98    000000b4                   : BIOS.obj (.text:ti_sysbios_family_arm_m3_Hwi_excHardFault__I)
                  00004f4c    000000b4                   : BIOS.obj (.text:ti_sysbios_gates_GateMutex_enter__E)
                  00005000    000000b4                   : BIOS.obj (.text:ti_sysbios_knl_Task_checkStacks__E)
                  000050b4    000000b0                   : BIOS.obj (.text:ti_sysbios_family_arm_m3_Hwi_excDebugMon__I)
                  00005164    000000b0                   : BIOS.obj (.text:ti_sysbios_utils_Load_idleFxn__E)
                  00005214    000000b0                   : BIOS.obj (.text:ti_sysbios_utils_Load_updateLoads__E)
                  000052c4    000000ac                   : BIOS.obj (.text:ti_sysbios_family_arm_lm4_Timer_enableTiva__I)
                  00005370    000000a8                   : BIOS.obj (.text:ti_sysbios_knl_Semaphore_Instance_init__F)
                  00005418    000000a8                   : BIOS.obj (.text:ti_sysbios_knl_Swi_post__E)
                  000054c0    000000a8                   : BIOS.obj (.text:ti_sysbios_knl_Task_blockI__E)
                  00005568    000000a4                   : BIOS.obj (.text:ti_sysbios_family_arm_lm4_Timer_enableTimers__I)
                  0000560c    000000a4                   : BIOS.obj (.text:ti_sysbios_family_arm_m3_Hwi_Module_startup__F)
                  000056b0    000000a0     uart_tivaware.aem4f : UARTTiva.oem4f (.text:UARTTiva_close)
                  00005750    000000a0     auto_init.aem4f : auto_init.oem4f (.text)
                  000057f0    0000009c     rtsv7M4_T_le_v4SPD16_eabi.lib : memcpy_t2.obj (.text)
                  0000588c    0000009a     ti.targets.arm.rtsarm.aem4f : Text.oem4f (.text:xdc_runtime_Text_putSite__F)
                  00005926    00000002     sysbios.aem4f : BIOS.obj (.text:ti_sysbios_BIOS_nullFunc__I)
                  00005928    00000094     Boot.aem4f : Boot.oem4f (.text:ti_catalog_arm_cortexm4_tiva_ce_Boot_sysCtlClockSet__E)
                  000059bc    00000094     ti.targets.arm.rtsarm.aem4f : Text.oem4f (.text:xdc_runtime_Text_putMod__F)
                  00005a50    00000090     sysbios.aem4f : BIOS.obj (.text:ti_sysbios_family_arm_m3_Hwi_Instance_init__F)
                  00005ae0    0000008c                   : m3_TaskSupport_asm.obj (.text:ti_sysbios_family_arm_m3_TaskSupport_buildTaskStack)
                  00005b6c    00000088     EK_LM4F120XL.obj (.text:EK_LM4F120XL_initGPIO)
                  00005bf4    00000088     sysbios.aem4f : BIOS.obj (.text:ti_sysbios_utils_Load_addTask__E)
                  00005c7c    00000084     ti.uia.runtime.aem4f : LoggerStopMode.oem4f (.text:ti_uia_runtime_LoggerStopMode_setFilterLevel__E)
                  00005d00    00000080     main.obj (.text:mux_7)
                  00005d80    00000080     sysbios.aem4f : BIOS.obj (.text:ti_sysbios_knl_Task_Module_startup__F)
                  00005e00    0000007e     ti.uia.runtime.aem4f : LoggerStopMode.oem4f (.text:ti_uia_runtime_LoggerStopMode_getContents__E)
                  00005e7e    0000007a     main.obj (.text:tcp)
                  00005ef8    00000078     rtsv7M4_T_le_v4SPD16_eabi.lib : memset_t2.obj (.text)
                  00005f70    00000078     sysbios.aem4f : BIOS.obj (.text:ti_sysbios_utils_Load_updateCurrentThreadTime__E)
                  00005fe8    00000074                   : BIOS.obj (.text:ti_sysbios_family_arm_lm4_Timer_isrStub__E)
                  0000605c    00000070     main_pem4f.oem4f (.text:ti_sysbios_family_arm_m3_Hwi_Object__create__S)
                  000060cc    00000070     sysbios.aem4f : BIOS.obj (.text:ti_sysbios_family_arm_m3_Hwi_reconfig__E)
                  0000613c    00000070                   : BIOS.obj (.text:ti_sysbios_utils_Load_taskDeleteHook__E)
                  000061ac    00000070     ti.uia.runtime.aem4f : LoggerStopMode.oem4f (.text:ti_uia_runtime_LoggerStopMode_getFilterLevel__E)
                  0000621c    00000070                          : LoggerStopMode.oem4f (.text:ti_uia_runtime_LoggerStopMode_writeBlockOfMemory__I)
                  0000628c    00000070                          : QueueDescriptor.oem4f (.text:ti_uia_runtime_QueueDescriptor_addToList__E)
                  000062fc    00000070     ti.targets.arm.rtsarm.aem4f : Memory.oem4f (.text:xdc_runtime_Memory_alloc__F)
                  0000636c    0000006c     sysbios.aem4f : BIOS.obj (.text:ti_sysbios_utils_Load_taskCreateHook__E)
                  000063d8    0000006c     ti.targets.arm.rtsarm.aem4f : Error.oem4f (.text:xdc_runtime_Error_print__F)
                  00006444    00000068     sysbios.aem4f : BIOS.obj (.text:ti_sysbios_BIOS_rtsUnlock__I)
                  000064ac    00000066     ti.targets.arm.rtsarm.aem4f : Core-mem.oem4f (.text:xdc_runtime_Core_deleteObject__I)
                  00006512    00000002     sysbios.aem4f : BIOS.obj (.text:ti_sysbios_gates_GateHwi_Instance_init__F)
                  00006514    00000064                   : BIOS.obj (.text:ti_sysbios_knl_Clock_logTick__E)
                  00006578    00000064                   : BIOS.obj (.text:ti_sysbios_utils_Load_logCPULoad__I)
                  000065dc    00000060     tcp.obj (.text:init_spi)
                  0000663c    00000060     rtsv7M4_T_le_v4SPD16_eabi.lib : trgmsg.obj (.text)
                  0000669c    00000060     main_pem4f.oem4f (.text:ti_uia_runtime_LoggerStopMode_Object__create__S)
                  000066fc    0000005e     rtsv7M4_T_le_v4SPD16_eabi.lib : copy_decompress_rle.obj (.text)
                  0000675a    00000002     main_pem4f.oem4f (.text:xdc_runtime_Startup_reset__I)
                  0000675c    0000005c     sysbios.aem4f : BIOS.obj (.text:ti_sysbios_family_arm_lm4_Timer_Module_startup__F)
                  000067b8    0000005b     ti.targets.arm.rtsarm.aem4f : Text.oem4f (.text:xdc_runtime_Text_putLab__F)
                  00006813    00000001     --HOLE-- [fill = 0]
                  00006814    0000005a     ti.uia.runtime.aem4f : LoggerStopMode.oem4f (.text:ti_uia_runtime_LoggerStopMode_readBlockOfMemory__I)
                  0000686e    00000002     --HOLE-- [fill = 0]
                  00006870    00000058     boot.aem4f : boot.oem4f (.text)
                  000068c8    00000058     sysbios.aem4f : BIOS.obj (.text:ti_sysbios_knl_Swi_restoreHwi__E)
                  00006920    00000058                   : BIOS.obj (.text:ti_sysbios_knl_Swi_schedule__I)
                  00006978    00000054     ti.uia.runtime.aem4f : QueueDescriptor.oem4f (.text:ti_uia_runtime_QueueDescriptor_removeFromList__E)
                  000069cc    00000053     main.obj (.text:init_uart)
                  00006a1f    00000001     --HOLE-- [fill = 0]
                  00006a20    00000050     tcp.obj (.text:SPI_Send)
                  00006a70    00000050     sysbios.aem4f : BIOS.obj (.text:ti_sysbios_utils_Load_taskSwitchHook__E)
                  00006ac0    00000050     ti.targets.arm.rtsarm.aem4f : Startup.oem4f (.text:xdc_runtime_Startup_exec__F)
                  00006b10    00000050                                 : System.oem4f (.text:xdc_runtime_System_formatNum__I)
                  00006b60    00000050                                 : Text.oem4f (.text:xdc_runtime_Text_visitRope2__I)
                  00006bb0    0000004c     sysbios.aem4f : BIOS.obj (.text:ti_sysbios_knl_Swi_runLoop__I)
                  00006bfc    00000048     driverlib.lib : gpio.obj (.text:GPIOPinConfigure)
                  00006c44    00000048     uart_tivaware.aem4f : UART.oem4f (.text:UART_open)
                  00006c8c    00000048     sysbios.aem4f : BIOS.obj (.text:ti_sysbios_BIOS_errorRaiseHook__I)
                  00006cd4    00000048                   : BIOS.obj (.text:ti_sysbios_family_arm_m3_Hwi_excReserved__I)
                  00006d1c    00000048                   : BIOS.obj (.text:ti_sysbios_heaps_HeapMem_getStats__E)
                  00006d64    00000048     ti.targets.arm.rtsarm.aem4f : Assert.oem4f (.text:xdc_runtime_Assert_raise__I)
                  00006dac    00000048                                 : Core-params.oem4f (.text:xdc_runtime_Core_assignParams__I)
                  00006df4    00000046     ti.uia.runtime.aem4f : LoggerStopMode.oem4f (.text:ti_uia_runtime_LoggerStopMode_Instance_init__F)
                  00006e3a    00000002     --HOLE-- [fill = 0]
                  00006e3c    00000044     rtsv7M4_T_le_v4SPD16_eabi.lib : cpy_tbl.obj (.text)
                  00006e80    00000044                                   : exit.obj (.text)
                  00006ec4    00000044     sysbios.aem4f : BIOS.obj (.text:ti_sysbios_family_arm_lm4_Timer_stop__E)
                  00006f08    00000044                   : BIOS.obj (.text:ti_sysbios_family_arm_m3_Hwi_disableInterrupt__E)
                  00006f4c    00000044                   : BIOS.obj (.text:ti_sysbios_family_arm_m3_Hwi_enableInterrupt__E)
                  00006f90    00000044                   : BIOS.obj (.text:ti_sysbios_knl_Task_allBlockedFunction__I)
                  00006fd4    00000044     ti.uia.runtime.aem4f : LoggerStopMode.oem4f (.text:ti_uia_runtime_LoggerStopMode_filterOutEvent__I)
                  00007018    00000044                          : LoggerStopMode.oem4f (.text:ti_uia_runtime_LoggerStopMode_reset__F)
                  0000705c    00000044     ti.targets.arm.rtsarm.aem4f : SysMin.oem4f (.text:xdc_runtime_SysMin_flush__F)
                  000070a0    00000042     driverlib.lib : ssi.obj (.text:SSIConfigSetExpClk)
                  000070e2    00000042                   : uart.obj (.text:UARTConfigSetExpClk)
                  00007124    00000042     sysbios.aem4f : BIOS.obj (.text:ti_sysbios_knl_Semaphore_pendTimeout__I)
                  00007166    00000002     --HOLE-- [fill = 0]
                  00007168    00000040     EK_LM4F120XL.obj (.text:EK_LM4F120XL_initGeneral)
                  000071a8    00000040     sysbios.aem4f : BIOS.obj (.text:ti_sysbios_family_arm_lm4_Timer_startup__E)
                  000071e8    00000040     main_pem4f.oem4f (.text:ti_sysbios_knl_Semaphore_Object__create__S)
                  00007228    00000040     ti.targets.arm.rtsarm.aem4f : System.oem4f (.text:xdc_runtime_System_atexit__F)
                  00007268    0000003c     sysbios.aem4f : BIOS.obj (.text:ti_sysbios_family_arm_m3_Hwi_excSvCall__I)
                  000072a4    0000003c                   : BIOS.obj (.text:ti_sysbios_heaps_HeapMem_init__I)
                  000072e0    0000003c                   : BIOS.obj (.text:ti_sysbios_knl_Swi_startup__E)
                  0000731c    0000003c     ti.targets.arm.rtsarm.aem4f : Text.oem4f (.text:xdc_runtime_Text_xprintf__I)
                  00007358    00000038     uart_tivaware.aem4f : UART.oem4f (.text:UART_init)
                  00007390    00000038     sysbios.aem4f : BIOS.obj (.text:ti_sysbios_family_arm_m3_Hwi_excNoIsr__I)
                  000073c8    00000038                   : BIOS.obj (.text:ti_sysbios_family_arm_m3_Hwi_getStackInfo__E)
                  00007400    00000038                   : BIOS.obj (.text:ti_sysbios_family_arm_m3_TaskSupport_start__E)
                  00007438    00000038     main_pem4f.oem4f (.text:ti_sysbios_gates_GateHwi_Object__create__S)
                  00007470    00000038     main_pem4f.oem4f (.text:ti_sysbios_gates_GateMutex_Object__create__S)
                  000074a8    00000038     main_pem4f.oem4f (.text:ti_sysbios_heaps_HeapMem_Object__create__S)
                  000074e0    00000038     main_pem4f.oem4f (.text:ti_sysbios_knl_Queue_Object__create__S)
                  00007518    00000038     ti.targets.arm.rtsarm.aem4f : SysMin.oem4f (.text:xdc_runtime_SysMin_putch__F)
                  00007550    00000034     driverlib.lib : sysctl.obj (.text:SysCtlPeripheralEnable)
                  00007584    00000034     uart_tivaware.aem4f : UART.oem4f (.text:UART_Params_init)
                  000075b8    00000034                         : UART.oem4f (.text:UART_write)
                  000075ec    00000034     main.obj (.text:init_mux_pins)
                  00007620    00000034     sysbios.aem4f : BIOS.obj (.text:ti_sysbios_family_arm_m3_Hwi_excNmi__I)
                  00007654    00000034                   : BIOS.obj (.text:ti_sysbios_hal_Hwi_checkStack:ti_sysbios_hal_Hwi_checkStack)
                  00007688    00000030     main_pem4f.oem4f (.text:ti_sysbios_BIOS_exitFunc__I)
                  000076b8    00000030     sysbios.aem4f : BIOS.obj (.text:ti_sysbios_knl_Idle_run__E)
                  000076e8    00000030     ti.targets.arm.rtsarm.aem4f : Core-label.oem4f (.text:xdc_runtime_Core_assignLabel__I)
                  00007718    00000030                                 : SysMin.oem4f (.text:xdc_runtime_SysMin_abort__F)
                  00007748    0000002f                                 : Text.oem4f (.text:xdc_runtime_Text_printVisFxn__I)
                  00007777    00000001     --HOLE-- [fill = 0]
                  00007778    0000002e     main_pem4f.oem4f (.text:malloc)
                  000077a6    0000002c     main.obj (.text:main)
                  000077d2    0000002c     sysbios.aem4f : BIOS.obj (.text:ti_sysbios_hal_Hwi_initStack:ti_sysbios_hal_Hwi_initStack)
                  000077fe    00000002     --HOLE-- [fill = 0]
                  00007800    0000002c                   : BIOS.obj (.text:ti_sysbios_io_DEV_Module_startup__F)
                  0000782c    0000002c     main_pem4f.oem4f (.text:ti_sysbios_knl_Clock_doTick__I)
                  00007858    0000002c     sysbios.aem4f : BIOS.obj (.text:ti_sysbios_knl_Task_restore__E)
                  00007884    0000002c     ti.uia.runtime.aem4f : LoggerStopMode.oem4f (.text:ti_uia_runtime_LoggerStopMode_Module_startup__F)
                  000078b0    0000002c                          : LoggerStopMode.oem4f (.text:ti_uia_runtime_LoggerStopMode_disable__E)
                  000078dc    0000002c                          : LoggerStopMode.oem4f (.text:ti_uia_runtime_LoggerStopMode_enable__E)
                  00007908    0000002c     ti.targets.arm.rtsarm.aem4f : System.oem4f (.text:xdc_runtime_System_rtsExit__I)
                  00007934    0000002c                                 : Text.oem4f (.text:xdc_runtime_Text_cordText__F)
                  00007960    0000002a     driverlib.lib : gpio.obj (.text:GPIODirModeSet)
                  0000798a    0000002a     ti.targets.arm.rtsarm.aem4f : System.oem4f (.text:xdc_runtime_System_putchar__I)
                  000079b4    00000028     sysbios.aem4f : m3_Hwi_asm_switch.obj (.text:ti_sysbios_family_arm_m3_Hwi_initStacks__E)
                  000079dc    00000028                   : BIOS.obj (.text:ti_sysbios_gates_GateMutex_Instance_init__F)
                  00007a04    00000028     ti.uia.runtime.aem4f : LogSync.oem4f (.text:ti_uia_runtime_LogSync_Module_startup__F)
                  00007a2c    00000028                          : QueueDescriptor.oem4f (.text:ti_uia_runtime_QueueDescriptor_initHeader__E)
                  00007a54    00000026     ti.targets.arm.rtsarm.aem4f : System.oem4f (.text:xdc_runtime_System_avprintf__F)
                  00007a7a    00000002     --HOLE-- [fill = 0]
                  00007a7c    00000024     gpio_tivaware.aem4f : GPIO.oem4f (.text:GPIO_init)
                  00007aa0    00000024     sysbios.aem4f : BIOS.obj (.text:ti_sysbios_BIOS_registerRTSLock__I)
                  00007ac4    00000024     main_pem4f.oem4f (.text:ti_sysbios_BIOS_startFunc__I)
                  00007ae8    00000024     sysbios.aem4f : BIOS.obj (.text:ti_sysbios_family_arm_m3_Hwi_Instance_finalize__F)
                  00007b0c    00000024                   : BIOS.obj (.text:ti_sysbios_family_arm_m3_Hwi_doTaskRestore__I)
                  00007b30    00000024     main_pem4f.oem4f (.text:ti_sysbios_gates_GateMutex_Object__delete__S)
                  00007b54    00000024     sysbios.aem4f : BIOS.obj (.text:ti_sysbios_knl_Clock_Module_startup__F)
                  00007b78    00000024                   : BIOS.obj (.text:ti_sysbios_knl_Swi_Module_startup__F)
                  00007b9c    00000024     ti.uia.runtime.aem4f : LoggerStopMode.oem4f (.text:ti_uia_runtime_LoggerStopMode_Instance_finalize__F)
                  00007bc0    00000024     ti.targets.arm.rtsarm.aem4f : System.oem4f (.text:xdc_runtime_System_vprintf__F)
                  00007be4    00000022     main_pem4f.oem4f (.text:xdc_runtime_SysMin_output__I)
                  00007c06    00000020     sysbios.aem4f : m3_Hwi_asm_switch.obj (.text:ti_sysbios_family_xxx_Hwi_switchAndRunFunc)
                  00007c26    00000002     --HOLE-- [fill = 0]
                  00007c28    00000020     main_pem4f.oem4f (.text:ti_sysbios_gates_GateHwi_Object__delete__S)
                  00007c48    00000020     main_pem4f.oem4f (.text:ti_sysbios_heaps_HeapMem_Object__delete__S)
                  00007c68    00000020     main_pem4f.oem4f (.text:ti_sysbios_knl_Semaphore_Object__destruct__S)
                  00007c88    00000020     sysbios.aem4f : BIOS.obj (.text:ti_sysbios_knl_Task_enter__I)
                  00007ca8    00000020     main_pem4f.oem4f (.text:ti_uia_runtime_LoggerStopMode_Object__delete__S)
                  00007cc8    00000020     ti.targets.arm.rtsarm.aem4f : Registry.oem4f (.text:xdc_runtime_Registry_findById__F)
                  00007ce8    00000020                                 : SysMin.oem4f (.text:xdc_runtime_SysMin_Module_startup__F)
                  00007d08    0000001c     driverlib.lib : uart.obj (.text:UARTDisable)
                  00007d24    0000001c     sysbios.aem4f : BIOS.obj (.text:ti_sysbios_BIOS_rtsLock__I)
                  00007d40    0000001c     main_pem4f.oem4f (.text:ti_sysbios_family_arm_m3_Hwi_Object__destruct__S)
                  00007d5c    0000001c     main_pem4f.oem4f (.text:ti_sysbios_knl_Queue_Object__destruct__S)
                  00007d78    0000001c     ti.targets.arm.rtsarm.aem4f : Error.oem4f (.text:xdc_runtime_Error_check__F)
                  00007d94    0000001c                                 : Memory.oem4f (.text:xdc_runtime_Memory_valloc__F)
                  00007db0    0000001c                                 : SysMin.oem4f (.text:xdc_runtime_SysMin_exit__F)
                  00007dcc    0000001a     main_pem4f.oem4f (.text:ti_sysbios_family_arm_m3_Hwi_Handle__label__S)
                  00007de6    0000001a     main_pem4f.oem4f (.text:ti_sysbios_gates_GateHwi_Handle__label__S)
                  00007e00    0000001a     main_pem4f.oem4f (.text:ti_sysbios_gates_GateMutex_Handle__label__S)
                  00007e1a    0000001a     main_pem4f.oem4f (.text:ti_sysbios_heaps_HeapMem_Handle__label__S)
                  00007e34    0000001a     main_pem4f.oem4f (.text:ti_sysbios_knl_Swi_Handle__label__S)
                  00007e4e    0000001a     main_pem4f.oem4f (.text:ti_sysbios_knl_Task_Handle__label__S)
                  00007e68    0000001a     main_pem4f.oem4f (.text:ti_uia_runtime_LoggerStopMode_Handle__label__S)
                  00007e82    0000001a     main_pem4f.oem4f (.text:xdc_runtime_System_aprintf__E)
                  00007e9c    0000001a     main_pem4f.oem4f (.text:xdc_runtime_System_printf__E)
                  00007eb6    00000018     driverlib.lib : gpio.obj (.text:GPIOPinTypeGPIOOutput)
                  00007ece    00000018     main_pem4f.oem4f (.text:free)
                  00007ee6    00000002     --HOLE-- [fill = 0]
                  00007ee8    00000018     rtsv7M4_T_le_v4SPD16_eabi.lib : args_main.obj (.text)
                  00007f00    00000018     main_pem4f.oem4f (.text:ti_sysbios_family_arm_lm4_Timer_Module__startupDone__F)
                  00007f18    00000018     main_pem4f.oem4f (.text:ti_sysbios_family_arm_m3_Hwi_Module__startupDone__F)
                  00007f30    00000018     sysbios.aem4f : m3_TaskSupport_asm.obj (.text:ti_sysbios_family_arm_m3_TaskSupport_swap__E)
                  00007f48    00000018                   : BIOS.obj (.text:ti_sysbios_gates_GateMutex_leave__E)
                  00007f60    00000018     main_pem4f.oem4f (.text:ti_sysbios_hal_Timer_Module__startupDone__F)
                  00007f78    00000018     ti.targets.arm.rtsarm.aem4f : Text.oem4f (.text:xdc_runtime_Text_ropeText__F)
                  00007f90    00000016     ti.uia.runtime.aem4f : LoggerStopMode.oem4f (.text:ti_uia_runtime_LoggerStopMode_getFreeSize__E)
                  00007fa6    00000016                          : LoggerStopMode.oem4f (.text:ti_uia_runtime_LoggerStopMode_getUnreadSize__E)
                  00007fbc    00000014     driverlib.lib : uart.obj (.text:UARTEnable)
                  00007fd0    00000014     rtsv7M4_T_le_v4SPD16_eabi.lib : _lock.obj (.text)
                  00007fe4    00000014                                   : strlen.obj (.text)
                  00007ff8    00000014     sysbios.aem4f : BIOS.obj (.text:ti_sysbios_family_arm_m3_Hwi_switchFromBootStack__E)
                  0000800c    00000014     main_pem4f.oem4f (.text:ti_sysbios_heaps_HeapMem_Object__get__S)
                  00008020    00000014     main_pem4f.oem4f (.text:ti_sysbios_knl_Swi_Object__get__S)
                  00008034    00000014     main_pem4f.oem4f (.text:ti_sysbios_knl_Task_Object__get__S)
                  00008048    00000014     ti.targets.arm.rtsarm.aem4f : System.oem4f (.text:xdc_runtime_System_abort__F)
                  0000805c    00000012     driverlib.lib : gpio.obj (.text:GPIOPinTypeGPIOInput)
                  0000806e    00000012                   : gpio.obj (.text:GPIOPinTypeSSI)
                  00008080    00000012                   : gpio.obj (.text:GPIOPinTypeUART)
                  00008092    00000012                   : ssi.obj (.text:SSIDataGetNonBlocking)
                  000080a4    00000012     rtsv7M4_T_le_v4SPD16_eabi.lib : copy_zero_init.obj (.text:decompress:ZI)
                  000080b6    00000012     sysbios.aem4f : BIOS.obj (.text:ti_sysbios_hal_Hwi_Module_startup__F)
                  000080c8    00000012                   : BIOS.obj (.text:ti_sysbios_hal_Timer_Module_startup__F)
                  000080da    00000012     ti.uia.runtime.aem4f : LoggerStopMode.oem4f (.text:ti_uia_runtime_LoggerStopMode_write1__E)
                  000080ec    00000012                          : LoggerStopMode.oem4f (.text:ti_uia_runtime_LoggerStopMode_write2__E)
                  000080fe    00000012     main_pem4f.oem4f (.text:xdc_runtime_Startup_exec__I)
                  00008110    00000010     rtsv7M4_T_le_v4SPD16_eabi.lib : strcpy.obj (.text)
                  00008120    00000010     sysbios.aem4f : BIOS.obj (.text:ti_sysbios_BIOS_getCpuFreq__E)
                  00008130    00000010                   : BIOS.obj (.text:ti_sysbios_BIOS_setThreadType__E)
                  00008140    00000010                   : BIOS.obj (.text:ti_sysbios_BIOS_start__E)
                  00008150    00000010                   : BIOS.obj (.text:ti_sysbios_family_arm_lm4_TimestampProvider_rolloverFunc__E)
                  00008160    00000010                   : BIOS.obj (.text:ti_sysbios_family_arm_m3_Hwi_excHandler__I)
                  00008170    00000010                   : m3_TaskSupport_asm.obj (.text:ti_sysbios_family_arm_m3_TaskSupport_glue)
                  00008180    00000010                   : m3_Hwi_asm_switch.obj (.text:ti_sysbios_family_xxx_Hwi_switchToIsrStack)
                  00008190    00000010                   : BIOS.obj (.text:ti_sysbios_gates_GateMutex_Instance_finalize__F)
                  000081a0    00000010     main_pem4f.oem4f (.text:ti_sysbios_io_DEV_Object__get__S)
                  000081b0    00000010     sysbios.aem4f : BIOS.obj (.text:ti_sysbios_knl_Semaphore_Instance_finalize__F)
                  000081c0    00000010                   : BIOS.obj (.text:ti_sysbios_knl_Swi_disable__E)
                  000081d0    00000010                   : BIOS.obj (.text:ti_sysbios_knl_Task_disable__E)
                  000081e0    00000010     main_pem4f.oem4f (.text:ti_uia_runtime_LoggerStopMode_Object__get__S)
                  000081f0    00000010     ti.uia.runtime.aem4f : LoggerStopMode.oem4f (.text:ti_uia_runtime_LoggerStopMode_write0__E)
                  00008200    00000010     ti.targets.arm.rtsarm.aem4f : Gate.oem4f (.text:xdc_runtime_Gate_leaveSystem__F)
                  00008210    00000010                                 : Memory.oem4f (.text:xdc_runtime_Memory_free__F)
                  00008220    00000010                                 : SysMin.oem4f (.text:xdc_runtime_SysMin_ready__F)
                  00008230    00000010                                 : System.oem4f (.text:xdc_runtime_System_vsnprintf__F)
                  00008240    00000010     main_pem4f.oem4f (.text:xdc_runtime_Text_visitRope__I)
                  00008250    0000000e     driverlib.lib : uart.obj (.text:UARTCharGetNonBlocking)
                  0000825e    0000000e                   : uart.obj (.text:UARTCharPutNonBlocking)
                  0000826c    0000000e     rtsv7M4_T_le_v4SPD16_eabi.lib : copy_decompress_none.obj (.text:decompress:none)
                  0000827a    0000000e     sysbios.aem4f : BIOS.obj (.text:ti_sysbios_knl_Queue_empty__E)
                  00008288    0000000e     ti.uia.runtime.aem4f : LoggerStopMode.oem4f (.text:ti_uia_runtime_LoggerStopMode_isEmpty__E)
                  00008296    00000002     --HOLE-- [fill = 0]
                  00008298    0000000c     main_pem4f.oem4f (.text:.bootCodeSection:ti_catalog_arm_cortexm4_tiva_ce_Boot_init__I)
                  000082a4    0000000c     sysbios.aem4f : BIOS.obj (.text:ti_sysbios_family_arm_lm4_Timer_masterDisable__I)
                  000082b0    0000000c                   : BIOS.obj (.text:ti_sysbios_family_arm_lm4_TimestampProvider_startTimer__E)
                  000082bc    0000000c     main_pem4f.oem4f (.text:ti_sysbios_family_arm_m3_Hwi_Params__init__S)
                  000082c8    0000000c     sysbios.aem4f : BIOS.obj (.text:ti_sysbios_family_arm_m3_Hwi_disableFxn__E)
                  000082d4    0000000c                   : BIOS.obj (.text:ti_sysbios_family_arm_m3_TaskSupport_checkStack__E)
                  000082e0    0000000c                   : m3_Hwi_asm_switch.obj (.text:ti_sysbios_family_xxx_Hwi_switchToTaskStack)
                  000082ec    0000000c                   : BIOS.obj (.text:ti_sysbios_gates_GateHwi_enter__E)
                  000082f8    0000000c     main_pem4f.oem4f (.text:ti_sysbios_knl_Queue_Object__get__S)
                  00008304    0000000c     main_pem4f.oem4f (.text:ti_sysbios_knl_Semaphore_Params__init__S)
                  00008310    0000000c     sysbios.aem4f : BIOS.obj (.text:ti_sysbios_utils_Load_taskRegHook__E)
                  0000831c    0000000c     ti.targets.arm.rtsarm.aem4f : Error.oem4f (.text:xdc_runtime_Error_init__F)
                  00008328    0000000c                                 : Gate.oem4f (.text:xdc_runtime_Gate_enterSystem__F)
                  00008334    0000000c                                 : Memory.oem4f (.text:xdc_runtime_Memory_calloc__F)
                  00008340    0000000c                                 : Memory.oem4f (.text:xdc_runtime_Memory_getMaxDefaultTypeAlign__F)
                  0000834c    0000000c                                 : System.oem4f (.text:xdc_runtime_System_exit__F)
                  00008358    0000000c                                 : System.oem4f (.text:xdc_runtime_System_lastFxn__I)
                  00008364    0000000a     driverlib.lib : ssi.obj (.text:SSIDataPut)
                  0000836e    0000000a                   : ssi.obj (.text:SSIEnable)
                  00008378    0000000a                   : uart.obj (.text:UARTCharGet)
                  00008382    0000000a                   : uart.obj (.text:UARTCharPut)
                  0000838c    0000000a                   : uart.obj (.text:UARTIntDisable)
                  00008396    0000000a                   : uart.obj (.text:UARTIntStatus)
                  000083a0    0000000a     main_pem4f.oem4f (.text:xdc_runtime_IHeap_alloc)
                  000083aa    0000000a     main_pem4f.oem4f (.text:xdc_runtime_IHeap_free)
                  000083b4    00000008     driverlib.lib : ssi.obj (.text:SSIBusy)
                  000083bc    00000008                   : uart.obj (.text:UARTIntEnable)
                  000083c4    00000008     uart_tivaware.aem4f : UARTTiva.oem4f (.text:UARTTiva_init)
                  000083cc    00000008                         : UARTTiva.oem4f (.text:readSemCallback)
                  000083d4    00000008     sysbios.aem4f : BIOS.obj (.text:ti_sysbios_family_arm_m3_Hwi_doSwiRestore__I)
                  000083dc    00000008                   : BIOS.obj (.text:ti_sysbios_family_arm_m3_Hwi_startup__E)
                  000083e4    00000008                   : BIOS.obj (.text:ti_sysbios_knl_Idle_loop__E)
                  000083ec    00000008     uart_tivaware.aem4f : UARTTiva.oem4f (.text:writeSemCallback)
                  000083f4    00000006     driverlib.lib : gpio.obj (.text:GPIOPinWrite)
                  000083fa    00000006                   : sysctl.obj (.text:SysCtlDelay)
                  00008400    00000006                   : uart.obj (.text:UARTFIFOLevelSet)
                  00008406    00000006     ti.targets.arm.rtsarm.aem4f : xdc_noinit.oem4f (.text:__xdc__init)
                  0000840c    00000006     rtsv7M4_T_le_v4SPD16_eabi.lib : copy_decompress_rle.obj (.text:decompress:rle24)
                  00008412    00000006     Boot.aem4f : Boot_sysctl.oem4f (.text:ti_catalog_arm_cortexm4_tiva_ce_Boot_sysCtlDelayI__I)
                  00008418    00000006     sysbios.aem4f : BIOS.obj (.text:ti_sysbios_family_arm_lm4_TimestampProvider_Module_startup__F)
                  0000841e    00000006                   : BIOS.obj (.text:ti_sysbios_family_arm_m3_Hwi_restoreFxn__E)
                  00008424    00000006                   : BIOS.obj (.text:ti_sysbios_gates_GateHwi_leave__E)
                  0000842a    00000006                   : BIOS.obj (.text:ti_sysbios_heaps_HeapMem_isBlocking__E)
                  00008430    00000006                   : BIOS.obj (.text:ti_sysbios_knl_Queue_Instance_init__F)
                  00008436    00000006     ti.uia.runtime.aem4f : LoggerStopMode.oem4f (.text:ti_uia_runtime_LoggerStopMode_getPriority__E)
                  0000843c    00000006                          : LoggerStopMode.oem4f (.text:ti_uia_runtime_LoggerStopMode_getTransferType__F)
                  00008442    00000006     ti.targets.arm.rtsarm.aem4f : System.oem4f (.text:xdc_runtime_System_Module_startup__F)
                  00008448    00000004     driverlib.lib : uart.obj (.text:UARTIntClear)
                  0000844c    00000004     main_pem4f.oem4f (.text:ti_sysbios_BIOS_RtsGateProxy_enter__E)
                  00008450    00000004     main_pem4f.oem4f (.text:ti_sysbios_BIOS_RtsGateProxy_leave__E)
                  00008454    00000004     sysbios.aem4f : BIOS.obj (.text:ti_sysbios_family_arm_lm4_Timer_getPeriod__E)
                  00008458    00000004                   : BIOS.obj (.text:ti_sysbios_family_arm_lm4_Timer_masterEnable__I)
                  0000845c    00000004     main_pem4f.oem4f (.text:ti_sysbios_family_arm_m3_TaskSupport_Module__startupDone__S)
                  00008460    00000004     sysbios.aem4f : BIOS.obj (.text:ti_sysbios_gates_GateHwi_query__F)
                  00008464    00000004                   : BIOS.obj (.text:ti_sysbios_gates_GateMutex_query__F)
                  00008468    00000004     main_pem4f.oem4f (.text:ti_sysbios_hal_Hwi_HwiProxy_Module__startupDone__S)
                  0000846c    00000004     main_pem4f.oem4f (.text:ti_sysbios_hal_Timer_TimerProxy_Module__startupDone__S)
                  00008470    00000004     main_pem4f.oem4f (.text:ti_sysbios_hal_Timer_TimerProxy_getPeriod__E)
                  00008474    00000004     main_pem4f.oem4f (.text:ti_sysbios_heaps_HeapMem_Module_GateProxy_enter__E)
                  00008478    00000004     main_pem4f.oem4f (.text:ti_sysbios_heaps_HeapMem_Module_GateProxy_leave__E)
                  0000847c    00000004     main_pem4f.oem4f (.text:ti_sysbios_knl_Task_SupportProxy_Module__startupDone__S)
                  00008480    00000004     sysbios.aem4f : BIOS.obj (.text:ti_sysbios_knl_Task_startup__E)
                  00008484    00000004     main_pem4f.oem4f (.text:ti_uia_runtime_LogSync_CpuTimestampProxy_Module__startupDone__S)
                  00008488    00000004     main_pem4f.oem4f (.text:ti_uia_runtime_LogSync_GlobalTimestampProxy_Module__startupDone__S)
                  0000848c    00000004     ti.uia.runtime.aem4f : LoggerStopMode.oem4f (.text:ti_uia_runtime_LoggerStopMode_getInstanceId__E)
                  00008490    00000004                          : LoggerStopMode.oem4f (.text:ti_uia_runtime_LoggerStopMode_getMaxLength__E)
                  00008494    00000004                          : LoggerStopMode.oem4f (.text:ti_uia_runtime_LoggerStopMode_setPriority__E)
                  00008498    00000004     ti.targets.arm.rtsarm.aem4f : Error.oem4f (.text:xdc_runtime_Error_getSite__F)
                  0000849c    00000004     main_pem4f.oem4f (.text:xdc_runtime_Memory_HeapProxy_alloc__E)
                  000084a0    00000004     main_pem4f.oem4f (.text:xdc_runtime_Memory_HeapProxy_free__E)
                  000084a4    00000004     main_pem4f.oem4f (.text:xdc_runtime_System_Module_GateProxy_enter__E)
                  000084a8    00000004     main_pem4f.oem4f (.text:xdc_runtime_System_Module_GateProxy_leave__E)
                  000084ac    00000004     ti.targets.arm.rtsarm.aem4f : System.oem4f (.text:xdc_runtime_System_aprintf_va__F)
                  000084b0    00000004                                 : System.oem4f (.text:xdc_runtime_System_printf_va__F)
                  000084b4    00000004     main_pem4f.oem4f (.text:xdc_runtime_System_vsnprintf__E)
                  000084b8    00000004     main_pem4f.oem4f (.text:xdc_runtime_TimestampNull_Module__startupDone__S)
                  000084bc    00000004     main_pem4f.oem4f (.text:xdc_runtime_Timestamp_Module__startupDone__S)

.const     0    000084c0    00002ec0     
                  000084c0    000023a0     main_pem4f.oem4f (.const:xdc_runtime_Text_charTab__A)
                  0000a860    0000013c     main_pem4f.oem4f (.const:xdc_runtime_Text_nodeTab__A)
                  0000a99c    000000d8     main_pem4f.oem4f (.const:ti_sysbios_family_arm_m3_Hwi_priorities__A)
                  0000aa74    00000090     driverlib.lib : gpio.obj (.const:g_pui32GPIOBaseAddrs)
                  0000ab04    0000006c     EK_LM4F120XL.obj (.const:UART_config)
                  0000ab70    0000006c     driverlib.lib : sysctl.obj (.const:g_pui32Xtals)
                  0000abdc    00000060     main_pem4f.oem4f (.const:ti_uia_runtime_LoggerStopMode_Module__FXNS__C)
                  0000ac3c    00000048     main_pem4f.oem4f (.const:.string)
                  0000ac84    00000040     EK_LM4F120XL.obj (.const:uartTivaHWAttrs)
                  0000acc4    0000003c     EK_LM4F120XL.obj (.const:gpioHWAttrs)
                  0000ad00    00000034     main_pem4f.oem4f (.const:xdc_runtime_Startup_sfxnTab__A)
                  0000ad34    00000030     main_pem4f.oem4f (.const:ti_sysbios_family_arm_m3_Hwi_Object__PARAMS__C)
                  0000ad64    00000030     main_pem4f.oem4f (.const:ti_sysbios_knl_Task_hooks__A)
                  0000ad94    00000030     main_pem4f.oem4f (.const:ti_uia_runtime_LoggerStopMode_Object__PARAMS__C)
                  0000adc4    00000028     main_pem4f.oem4f (.const:ti_sysbios_heaps_HeapMem_Module__FXNS__C)
                  0000adec    00000024     uart_tivaware.aem4f : UARTTiva.oem4f (.const:UARTTiva_fxnTable)
                  0000ae10    00000024     main_pem4f.oem4f (.const:ti_sysbios_gates_GateHwi_Module__FXNS__C)
                  0000ae34    00000024     main_pem4f.oem4f (.const:ti_sysbios_gates_GateMutex_Module__FXNS__C)
                  0000ae58    00000024     main_pem4f.oem4f (.const:ti_sysbios_heaps_HeapMem_Object__PARAMS__C)
                  0000ae7c    00000024     main_pem4f.oem4f (.const:ti_sysbios_knl_Semaphore_Object__PARAMS__C)
                  0000aea0    00000020     main_pem4f.oem4f (.const:ti_sysbios_family_arm_m3_Hwi_Object__DESC__C)
                  0000aec0    00000020     main_pem4f.oem4f (.const:ti_sysbios_gates_GateHwi_Object__DESC__C)
                  0000aee0    00000020     main_pem4f.oem4f (.const:ti_sysbios_gates_GateMutex_Object__DESC__C)
                  0000af00    00000020     main_pem4f.oem4f (.const:ti_sysbios_heaps_HeapMem_Object__DESC__C)
                  0000af20    00000020     main_pem4f.oem4f (.const:ti_sysbios_knl_Queue_Object__DESC__C)
                  0000af40    00000020     main_pem4f.oem4f (.const:ti_sysbios_knl_Semaphore_Object__DESC__C)
                  0000af60    00000020     main_pem4f.oem4f (.const:ti_uia_runtime_LoggerStopMode_Object__DESC__C)
                  0000af80    00000020     uart_tivaware.aem4f : UART.oem4f (.const)
                  0000afa0    0000001a     main_pem4f.oem4f (.const:xdc_runtime_Startup_sfxnRts__A)
                  0000afba    00000002     main_pem4f.oem4f (.const:ti_catalog_arm_cortexm4_tiva_ce_Boot_Module__id__C)
                  0000afbc    00000018     EK_LM4F120XL.obj (.const)
                  0000afd4    00000018     main_pem4f.oem4f (.const:ti_sysbios_gates_GateHwi_Object__PARAMS__C)
                  0000afec    00000018     main_pem4f.oem4f (.const:ti_sysbios_gates_GateMutex_Object__PARAMS__C)
                  0000b004    00000018     main_pem4f.oem4f (.const:ti_sysbios_knl_Queue_Object__PARAMS__C)
                  0000b01c    00000016     tcp.obj (.const:.string)
                  0000b032    00000002     main_pem4f.oem4f (.const:ti_sysbios_BIOS_Module__id__C)
                  0000b034    00000014     main_pem4f.oem4f (.const:xdc_runtime_Startup_firstFxns__A)
                  0000b048    00000011     ti.targets.arm.rtsarm.aem4f : System.oem4f (.const)
                  0000b059    00000001     main_pem4f.oem4f (.const:xdc_runtime_Error_policy__C)
                  0000b05a    00000002     main_pem4f.oem4f (.const:ti_sysbios_family_arm_lm4_TimestampProvider_useClockTimer__C)
                  0000b05c    00000008     main_pem4f.oem4f (.const:ti_sysbios_family_arm_m3_Hwi_excHookFuncs__A)
                  0000b064    00000008     main_pem4f.oem4f (.const:ti_sysbios_knl_Idle_coreList__A)
                  0000b06c    00000008     main_pem4f.oem4f (.const:ti_sysbios_knl_Idle_coreList__C)
                  0000b074    00000008     main_pem4f.oem4f (.const:ti_sysbios_knl_Idle_funcList__A)
                  0000b07c    00000008     main_pem4f.oem4f (.const:ti_sysbios_knl_Idle_funcList__C)
                  0000b084    00000008     main_pem4f.oem4f (.const:ti_sysbios_knl_Task_hooks__C)
                  0000b08c    00000008     main_pem4f.oem4f (.const:xdc_runtime_Startup_firstFxns__C)
                  0000b094    00000008     main_pem4f.oem4f (.const:xdc_runtime_Startup_lastFxns__A)
                  0000b09c    00000008     main_pem4f.oem4f (.const:xdc_runtime_Startup_lastFxns__C)
                  0000b0a4    00000004     main_pem4f.oem4f (.const:ti_catalog_arm_cortexm4_tiva_ce_Boot_A_mustUseEnhancedClockMode__C)
                  0000b0a8    00000004     main_pem4f.oem4f (.const:ti_catalog_arm_cortexm4_tiva_ce_Boot_Module__diagsEnabled__C)
                  0000b0ac    00000004     main_pem4f.oem4f (.const:ti_catalog_arm_cortexm4_tiva_ce_Boot_Module__diagsIncluded__C)
                  0000b0b0    00000004     main_pem4f.oem4f (.const:ti_catalog_arm_cortexm4_tiva_ce_Boot_Module__diagsMask__C)
                  0000b0b4    00000004     main_pem4f.oem4f (.const:ti_sysbios_BIOS_Module__diagsEnabled__C)
                  0000b0b8    00000004     main_pem4f.oem4f (.const:ti_sysbios_BIOS_Module__diagsIncluded__C)
                  0000b0bc    00000004     main_pem4f.oem4f (.const:ti_sysbios_BIOS_Module__diagsMask__C)
                  0000b0c0    00000004     main_pem4f.oem4f (.const:ti_sysbios_BIOS_installedErrorHook__C)
                  0000b0c4    00000004     main_pem4f.oem4f (.const:ti_sysbios_family_arm_lm4_Timer_enableFunc__C)
                  0000b0c8    00000004     main_pem4f.oem4f (.const:ti_sysbios_family_arm_lm4_Timer_numTimerDevices__C)
                  0000b0cc    00000004     main_pem4f.oem4f (.const:ti_sysbios_family_arm_lm4_Timer_startupNeeded__C)
                  0000b0d0    00000004     main_pem4f.oem4f (.const:ti_sysbios_family_arm_m3_Hwi_E_NMI__C)
                  0000b0d4    00000004     main_pem4f.oem4f (.const:ti_sysbios_family_arm_m3_Hwi_E_alreadyDefined__C)
                  0000b0d8    00000004     main_pem4f.oem4f (.const:ti_sysbios_family_arm_m3_Hwi_E_busFault__C)
                  0000b0dc    00000004     main_pem4f.oem4f (.const:ti_sysbios_family_arm_m3_Hwi_E_debugMon__C)
                  0000b0e0    00000004     main_pem4f.oem4f (.const:ti_sysbios_family_arm_m3_Hwi_E_hardFault__C)
                  0000b0e4    00000004     main_pem4f.oem4f (.const:ti_sysbios_family_arm_m3_Hwi_E_memFault__C)
                  0000b0e8    00000004     main_pem4f.oem4f (.const:ti_sysbios_family_arm_m3_Hwi_E_noIsr__C)
                  0000b0ec    00000004     main_pem4f.oem4f (.const:ti_sysbios_family_arm_m3_Hwi_E_reserved__C)
                  0000b0f0    00000004     main_pem4f.oem4f (.const:ti_sysbios_family_arm_m3_Hwi_E_svCall__C)
                  0000b0f4    00000004     main_pem4f.oem4f (.const:ti_sysbios_family_arm_m3_Hwi_E_usageFault__C)
                  0000b0f8    00000004     main_pem4f.oem4f (.const:ti_sysbios_family_arm_m3_Hwi_LD_end__C)
                  0000b0fc    00000004     main_pem4f.oem4f (.const:ti_sysbios_family_arm_m3_Hwi_LM_begin__C)
                  0000b100    00000004     main_pem4f.oem4f (.const:ti_sysbios_family_arm_m3_Hwi_Module__diagsEnabled__C)
                  0000b104    00000004     main_pem4f.oem4f (.const:ti_sysbios_family_arm_m3_Hwi_Module__diagsIncluded__C)
                  0000b108    00000004     main_pem4f.oem4f (.const:ti_sysbios_family_arm_m3_Hwi_Module__diagsMask__C)
                  0000b10c    00000004     main_pem4f.oem4f (.const:ti_sysbios_family_arm_m3_Hwi_Module__loggerFxn1__C)
                  0000b110    00000004     main_pem4f.oem4f (.const:ti_sysbios_family_arm_m3_Hwi_Module__loggerFxn8__C)
                  0000b114    00000004     main_pem4f.oem4f (.const:ti_sysbios_family_arm_m3_Hwi_Module__loggerObj__C)
                  0000b118    00000004     main_pem4f.oem4f (.const:ti_sysbios_family_arm_m3_Hwi_NUM_INTERRUPTS__C)
                  0000b11c    00000004     main_pem4f.oem4f (.const:ti_sysbios_family_arm_m3_Hwi_ccr__C)
                  0000b120    00000004     main_pem4f.oem4f (.const:ti_sysbios_family_arm_m3_Hwi_dispatchTable__C)
                  0000b124    00000004     main_pem4f.oem4f (.const:ti_sysbios_family_arm_m3_Hwi_excHandlerFunc__C)
                  0000b128    00000004     main_pem4f.oem4f (.const:ti_sysbios_family_arm_m3_Hwi_excHookFuncs__C)
                  0000b12c    00000004     main_pem4f.oem4f (.const:ti_sysbios_family_arm_m3_Hwi_priGroup__C)
                  0000b130    00000004     main_pem4f.oem4f (.const:ti_sysbios_family_arm_m3_Hwi_priorities__C)
                  0000b134    00000004     main_pem4f.oem4f (.const:ti_sysbios_gates_GateMutex_A_badContext__C)
                  0000b138    00000004     main_pem4f.oem4f (.const:ti_sysbios_gates_GateMutex_Instance_State_sem__O)
                  0000b13c    00000004     main_pem4f.oem4f (.const:ti_sysbios_gates_GateMutex_Module__diagsEnabled__C)
                  0000b140    00000004     main_pem4f.oem4f (.const:ti_sysbios_gates_GateMutex_Module__diagsIncluded__C)
                  0000b144    00000004     main_pem4f.oem4f (.const:ti_sysbios_gates_GateMutex_Module__diagsMask__C)
                  0000b148    00000004     main_pem4f.oem4f (.const:ti_sysbios_hal_Hwi_E_stackOverflow__C)
                  0000b14c    00000004     main_pem4f.oem4f (.const:ti_sysbios_heaps_HeapMem_A_align__C)
                  0000b150    00000004     main_pem4f.oem4f (.const:ti_sysbios_heaps_HeapMem_A_heapSize__C)
                  0000b154    00000004     main_pem4f.oem4f (.const:ti_sysbios_heaps_HeapMem_A_invalidFree__C)
                  0000b158    00000004     main_pem4f.oem4f (.const:ti_sysbios_heaps_HeapMem_A_zeroBlock__C)
                  0000b15c    00000004     main_pem4f.oem4f (.const:ti_sysbios_heaps_HeapMem_E_memory__C)
                  0000b160    00000004     main_pem4f.oem4f (.const:ti_sysbios_heaps_HeapMem_Module__diagsEnabled__C)
                  0000b164    00000004     main_pem4f.oem4f (.const:ti_sysbios_heaps_HeapMem_Module__diagsIncluded__C)
                  0000b168    00000004     main_pem4f.oem4f (.const:ti_sysbios_heaps_HeapMem_Module__diagsMask__C)
                  0000b16c    00000004     main_pem4f.oem4f (.const:ti_sysbios_heaps_HeapMem_Module__gateObj__C)
                  0000b170    00000004     main_pem4f.oem4f (.const:ti_sysbios_heaps_HeapMem_Object__count__C)
                  0000b174    00000004     main_pem4f.oem4f (.const:ti_sysbios_heaps_HeapMem_reqAlign__C)
                  0000b178    00000004     main_pem4f.oem4f (.const:ti_sysbios_io_DEV_Object__count__C)
                  0000b17c    00000004     main_pem4f.oem4f (.const:ti_sysbios_io_DEV_tableSize__C)
                  0000b180    00000004     main_pem4f.oem4f (.const:ti_sysbios_knl_Clock_LM_begin__C)
                  0000b184    00000004     main_pem4f.oem4f (.const:ti_sysbios_knl_Clock_LM_tick__C)
                  0000b188    00000004     main_pem4f.oem4f (.const:ti_sysbios_knl_Clock_LW_delayed__C)
                  0000b18c    00000004     main_pem4f.oem4f (.const:ti_sysbios_knl_Clock_Module_State_clockQ__O)
                  0000b190    00000004     main_pem4f.oem4f (.const:ti_sysbios_knl_Clock_Module__diagsEnabled__C)
                  0000b194    00000004     main_pem4f.oem4f (.const:ti_sysbios_knl_Clock_Module__diagsIncluded__C)
                  0000b198    00000004     main_pem4f.oem4f (.const:ti_sysbios_knl_Clock_Module__diagsMask__C)
                  0000b19c    00000004     main_pem4f.oem4f (.const:ti_sysbios_knl_Clock_Module__loggerFxn1__C)
                  0000b1a0    00000004     main_pem4f.oem4f (.const:ti_sysbios_knl_Clock_Module__loggerFxn2__C)
                  0000b1a4    00000004     main_pem4f.oem4f (.const:ti_sysbios_knl_Clock_Module__loggerObj__C)
                  0000b1a8    00000004     main_pem4f.oem4f (.const:ti_sysbios_knl_Semaphore_A_badContext__C)
                  0000b1ac    00000004     main_pem4f.oem4f (.const:ti_sysbios_knl_Semaphore_A_noEvents__C)
                  0000b1b0    00000004     main_pem4f.oem4f (.const:ti_sysbios_knl_Semaphore_A_overflow__C)
                  0000b1b4    00000004     main_pem4f.oem4f (.const:ti_sysbios_knl_Semaphore_A_pendTaskDisabled__C)
                  0000b1b8    00000004     main_pem4f.oem4f (.const:ti_sysbios_knl_Semaphore_Instance_State_pendQ__O)
                  0000b1bc    00000004     main_pem4f.oem4f (.const:ti_sysbios_knl_Semaphore_LM_pend__C)
                  0000b1c0    00000004     main_pem4f.oem4f (.const:ti_sysbios_knl_Semaphore_LM_post__C)
                  0000b1c4    00000004     main_pem4f.oem4f (.const:ti_sysbios_knl_Semaphore_Module__diagsEnabled__C)
                  0000b1c8    00000004     main_pem4f.oem4f (.const:ti_sysbios_knl_Semaphore_Module__diagsIncluded__C)
                  0000b1cc    00000004     main_pem4f.oem4f (.const:ti_sysbios_knl_Semaphore_Module__diagsMask__C)
                  0000b1d0    00000004     main_pem4f.oem4f (.const:ti_sysbios_knl_Semaphore_Module__loggerFxn2__C)
                  0000b1d4    00000004     main_pem4f.oem4f (.const:ti_sysbios_knl_Semaphore_Module__loggerFxn4__C)
                  0000b1d8    00000004     main_pem4f.oem4f (.const:ti_sysbios_knl_Semaphore_Module__loggerObj__C)
                  0000b1dc    00000004     main_pem4f.oem4f (.const:ti_sysbios_knl_Swi_LD_end__C)
                  0000b1e0    00000004     main_pem4f.oem4f (.const:ti_sysbios_knl_Swi_LM_begin__C)
                  0000b1e4    00000004     main_pem4f.oem4f (.const:ti_sysbios_knl_Swi_LM_post__C)
                  0000b1e8    00000004     main_pem4f.oem4f (.const:ti_sysbios_knl_Swi_Module__diagsEnabled__C)
                  0000b1ec    00000004     main_pem4f.oem4f (.const:ti_sysbios_knl_Swi_Module__diagsIncluded__C)
                  0000b1f0    00000004     main_pem4f.oem4f (.const:ti_sysbios_knl_Swi_Module__diagsMask__C)
                  0000b1f4    00000004     main_pem4f.oem4f (.const:ti_sysbios_knl_Swi_Module__loggerFxn1__C)
                  0000b1f8    00000004     main_pem4f.oem4f (.const:ti_sysbios_knl_Swi_Module__loggerFxn4__C)
                  0000b1fc    00000004     main_pem4f.oem4f (.const:ti_sysbios_knl_Swi_Module__loggerObj__C)
                  0000b200    00000004     main_pem4f.oem4f (.const:ti_sysbios_knl_Swi_Object__count__C)
                  0000b204    00000004     main_pem4f.oem4f (.const:ti_sysbios_knl_Task_E_spOutOfBounds__C)
                  0000b208    00000004     main_pem4f.oem4f (.const:ti_sysbios_knl_Task_E_stackOverflow__C)
                  0000b20c    00000004     main_pem4f.oem4f (.const:ti_sysbios_knl_Task_LD_block__C)
                  0000b210    00000004     main_pem4f.oem4f (.const:ti_sysbios_knl_Task_LD_exit__C)
                  0000b214    00000004     main_pem4f.oem4f (.const:ti_sysbios_knl_Task_LD_ready__C)
                  0000b218    00000004     main_pem4f.oem4f (.const:ti_sysbios_knl_Task_LM_switch__C)
                  0000b21c    00000004     main_pem4f.oem4f (.const:ti_sysbios_knl_Task_Module_State_inactiveQ__O)
                  0000b220    00000004     main_pem4f.oem4f (.const:ti_sysbios_knl_Task_Module__diagsEnabled__C)
                  0000b224    00000004     main_pem4f.oem4f (.const:ti_sysbios_knl_Task_Module__diagsIncluded__C)
                  0000b228    00000004     main_pem4f.oem4f (.const:ti_sysbios_knl_Task_Module__diagsMask__C)
                  0000b22c    00000004     main_pem4f.oem4f (.const:ti_sysbios_knl_Task_Module__loggerFxn2__C)
                  0000b230    00000004     main_pem4f.oem4f (.const:ti_sysbios_knl_Task_Module__loggerFxn4__C)
                  0000b234    00000004     main_pem4f.oem4f (.const:ti_sysbios_knl_Task_Module__loggerObj__C)
                  0000b238    00000004     main_pem4f.oem4f (.const:ti_sysbios_knl_Task_Object__count__C)
                  0000b23c    00000004     main_pem4f.oem4f (.const:ti_sysbios_knl_Task_Object__heap__C)
                  0000b240    00000004     main_pem4f.oem4f (.const:ti_sysbios_knl_Task_allBlockedFunc__C)
                  0000b244    00000004     main_pem4f.oem4f (.const:ti_sysbios_knl_Task_numConstructedTasks__C)
                  0000b248    00000004     main_pem4f.oem4f (.const:ti_sysbios_utils_Load_LS_cpuLoad__C)
                  0000b24c    00000004     main_pem4f.oem4f (.const:ti_sysbios_utils_Load_LS_hwiLoad__C)
                  0000b250    00000004     main_pem4f.oem4f (.const:ti_sysbios_utils_Load_LS_taskLoad__C)
                  0000b254    00000004     main_pem4f.oem4f (.const:ti_sysbios_utils_Load_Module_State_taskList__O)
                  0000b258    00000004     main_pem4f.oem4f (.const:ti_sysbios_utils_Load_Module__diagsEnabled__C)
                  0000b25c    00000004     main_pem4f.oem4f (.const:ti_sysbios_utils_Load_Module__diagsIncluded__C)
                  0000b260    00000004     main_pem4f.oem4f (.const:ti_sysbios_utils_Load_Module__diagsMask__C)
                  0000b264    00000004     main_pem4f.oem4f (.const:ti_sysbios_utils_Load_Module__loggerFxn1__C)
                  0000b268    00000004     main_pem4f.oem4f (.const:ti_sysbios_utils_Load_Module__loggerFxn2__C)
                  0000b26c    00000004     main_pem4f.oem4f (.const:ti_sysbios_utils_Load_Module__loggerFxn4__C)
                  0000b270    00000004     main_pem4f.oem4f (.const:ti_sysbios_utils_Load_Module__loggerObj__C)
                  0000b274    00000004     main_pem4f.oem4f (.const:ti_sysbios_utils_Load_postUpdate__C)
                  0000b278    00000004     main_pem4f.oem4f (.const:ti_sysbios_utils_Load_windowInMs__C)
                  0000b27c    00000004     main_pem4f.oem4f (.const:ti_uia_runtime_ILoggerSnapshot_Interface__BASE__C)
                  0000b280    00000004     main_pem4f.oem4f (.const:ti_uia_runtime_IUIATransfer_Interface__BASE__C)
                  0000b284    00000004     main_pem4f.oem4f (.const:ti_uia_runtime_LoggerStopMode_E_badLevel__C)
                  0000b288    00000004     main_pem4f.oem4f (.const:ti_uia_runtime_LoggerStopMode_Object__count__C)
                  0000b28c    00000004     main_pem4f.oem4f (.const:ti_uia_runtime_LoggerStopMode_overflowLogger__C)
                  0000b290    00000004     main_pem4f.oem4f (.const:ti_uia_runtime_LoggerStopMode_statusLogger__C)
                  0000b294    00000004     main_pem4f.oem4f (.const:xdc_runtime_Assert_E_assertFailed__C)
                  0000b298    00000004     main_pem4f.oem4f (.const:xdc_runtime_Core_A_initializedParams__C)
                  0000b29c    00000004     main_pem4f.oem4f (.const:xdc_runtime_Core_Module__diagsEnabled__C)
                  0000b2a0    00000004     main_pem4f.oem4f (.const:xdc_runtime_Core_Module__diagsIncluded__C)
                  0000b2a4    00000004     main_pem4f.oem4f (.const:xdc_runtime_Core_Module__diagsMask__C)
                  0000b2a8    00000004     main_pem4f.oem4f (.const:xdc_runtime_Error_E_generic__C)
                  0000b2ac    00000004     main_pem4f.oem4f (.const:xdc_runtime_Error_E_memory__C)
                  0000b2b0    00000004     main_pem4f.oem4f (.const:xdc_runtime_Error_Module__diagsEnabled__C)
                  0000b2b4    00000004     main_pem4f.oem4f (.const:xdc_runtime_Error_Module__diagsIncluded__C)
                  0000b2b8    00000004     main_pem4f.oem4f (.const:xdc_runtime_Error_Module__diagsMask__C)
                  0000b2bc    00000004     main_pem4f.oem4f (.const:xdc_runtime_Error_Module__loggerFxn8__C)
                  0000b2c0    00000004     main_pem4f.oem4f (.const:xdc_runtime_Error_Module__loggerObj__C)
                  0000b2c4    00000004     main_pem4f.oem4f (.const:xdc_runtime_Error_raiseHook__C)
                  0000b2c8    00000004     main_pem4f.oem4f (.const:xdc_runtime_IFilterLogger_Interface__BASE__C)
                  0000b2cc    00000004     main_pem4f.oem4f (.const:xdc_runtime_IGateProvider_Interface__BASE__C)
                  0000b2d0    00000004     main_pem4f.oem4f (.const:xdc_runtime_IHeap_Interface__BASE__C)
                  0000b2d4    00000004     main_pem4f.oem4f (.const:xdc_runtime_ILogger_Interface__BASE__C)
                  0000b2d8    00000004     main_pem4f.oem4f (.const:xdc_runtime_IModule_Interface__BASE__C)
                  0000b2dc    00000004     main_pem4f.oem4f (.const:xdc_runtime_Log_L_error__C)
                  0000b2e0    00000004     main_pem4f.oem4f (.const:xdc_runtime_Log_L_warning__C)
                  0000b2e4    00000004     main_pem4f.oem4f (.const:xdc_runtime_Main_Module__diagsEnabled__C)
                  0000b2e8    00000004     main_pem4f.oem4f (.const:xdc_runtime_Main_Module__diagsIncluded__C)
                  0000b2ec    00000004     main_pem4f.oem4f (.const:xdc_runtime_Main_Module__diagsMask__C)
                  0000b2f0    00000004     main_pem4f.oem4f (.const:xdc_runtime_Main_Module__loggerFxn2__C)
                  0000b2f4    00000004     main_pem4f.oem4f (.const:xdc_runtime_Main_Module__loggerFxn4__C)
                  0000b2f8    00000004     main_pem4f.oem4f (.const:xdc_runtime_Main_Module__loggerObj__C)
                  0000b2fc    00000004     main_pem4f.oem4f (.const:xdc_runtime_Memory_defaultHeapInstance__C)
                  0000b300    00000004     main_pem4f.oem4f (.const:xdc_runtime_Startup_execImpl__C)
                  0000b304    00000004     main_pem4f.oem4f (.const:xdc_runtime_Startup_maxPasses__C)
                  0000b308    00000004     main_pem4f.oem4f (.const:xdc_runtime_Startup_sfxnRts__C)
                  0000b30c    00000004     main_pem4f.oem4f (.const:xdc_runtime_Startup_sfxnTab__C)
                  0000b310    00000004     main_pem4f.oem4f (.const:xdc_runtime_SysMin_bufSize__C)
                  0000b314    00000004     main_pem4f.oem4f (.const:xdc_runtime_SysMin_outputFunc__C)
                  0000b318    00000004     main_pem4f.oem4f (.const:xdc_runtime_System_Module__gateObj__C)
                  0000b31c    00000004     main_pem4f.oem4f (.const:xdc_runtime_System_extendFxn__C)
                  0000b320    00000004     main_pem4f.oem4f (.const:xdc_runtime_System_maxAtexitHandlers__C)
                  0000b324    00000004     main_pem4f.oem4f (.const:xdc_runtime_Text_charTab__C)
                  0000b328    00000004     main_pem4f.oem4f (.const:xdc_runtime_Text_nameEmpty__C)
                  0000b32c    00000004     main_pem4f.oem4f (.const:xdc_runtime_Text_nameStatic__C)
                  0000b330    00000004     main_pem4f.oem4f (.const:xdc_runtime_Text_nameUnknown__C)
                  0000b334    00000004     main_pem4f.oem4f (.const:xdc_runtime_Text_nodeTab__C)
                  0000b338    00000004     main_pem4f.oem4f (.const:xdc_runtime_Text_visitRopeFxn__C)
                  0000b33c    00000002     main_pem4f.oem4f (.const:ti_sysbios_family_arm_m3_Hwi_Module__id__C)
                  0000b33e    00000002     main_pem4f.oem4f (.const:ti_sysbios_family_arm_m3_Hwi_Module__loggerDefined__C)
                  0000b340    00000002     main_pem4f.oem4f (.const:ti_sysbios_gates_GateMutex_Module__id__C)
                  0000b342    00000002     main_pem4f.oem4f (.const:ti_sysbios_hal_Hwi_Module__id__C)
                  0000b344    00000002     main_pem4f.oem4f (.const:ti_sysbios_heaps_HeapMem_Module__id__C)
                  0000b346    00000002     main_pem4f.oem4f (.const:ti_sysbios_io_DEV_Module__id__C)
                  0000b348    00000002     main_pem4f.oem4f (.const:ti_sysbios_knl_Clock_Module__id__C)
                  0000b34a    00000002     main_pem4f.oem4f (.const:ti_sysbios_knl_Clock_Module__loggerDefined__C)
                  0000b34c    00000002     main_pem4f.oem4f (.const:ti_sysbios_knl_Semaphore_Module__id__C)
                  0000b34e    00000002     main_pem4f.oem4f (.const:ti_sysbios_knl_Semaphore_Module__loggerDefined__C)
                  0000b350    00000002     main_pem4f.oem4f (.const:ti_sysbios_knl_Swi_Module__id__C)
                  0000b352    00000002     main_pem4f.oem4f (.const:ti_sysbios_knl_Swi_Module__loggerDefined__C)
                  0000b354    00000002     main_pem4f.oem4f (.const:ti_sysbios_knl_Task_Module__id__C)
                  0000b356    00000002     main_pem4f.oem4f (.const:ti_sysbios_knl_Task_Module__loggerDefined__C)
                  0000b358    00000002     main_pem4f.oem4f (.const:ti_sysbios_knl_Task_initStackFlag__C)
                  0000b35a    00000002     main_pem4f.oem4f (.const:ti_sysbios_utils_Load_Module__id__C)
                  0000b35c    00000002     main_pem4f.oem4f (.const:ti_sysbios_utils_Load_Module__loggerDefined__C)
                  0000b35e    00000002     main_pem4f.oem4f (.const:ti_sysbios_utils_Load_autoAddTasks__C)
                  0000b360    00000002     main_pem4f.oem4f (.const:ti_sysbios_utils_Load_hwiEnabled__C)
                  0000b362    00000002     main_pem4f.oem4f (.const:ti_sysbios_utils_Load_updateInIdle__C)
                  0000b364    00000002     main_pem4f.oem4f (.const:ti_uia_runtime_LoggerStopMode_Module__id__C)
                  0000b366    00000002     main_pem4f.oem4f (.const:ti_uia_runtime_LoggerStopMode_filterByLevel__C)
                  0000b368    00000002     main_pem4f.oem4f (.const:ti_uia_runtime_LoggerStopMode_isTimestampEnabled__C)
                  0000b36a    00000002     main_pem4f.oem4f (.const:xdc_runtime_Core_Module__id__C)
                  0000b36c    00000002     main_pem4f.oem4f (.const:xdc_runtime_Error_Module__loggerDefined__C)
                  0000b36e    00000002     main_pem4f.oem4f (.const:xdc_runtime_Error_maxDepth__C)
                  0000b370    00000002     main_pem4f.oem4f (.const:xdc_runtime_Main_Module__id__C)
                  0000b372    00000002     main_pem4f.oem4f (.const:xdc_runtime_Main_Module__loggerDefined__C)
                  0000b374    00000002     main_pem4f.oem4f (.const:xdc_runtime_Memory_Module__id__C)
                  0000b376    00000002     main_pem4f.oem4f (.const:xdc_runtime_SysMin_flushAtExit__C)
                  0000b378    00000002     main_pem4f.oem4f (.const:xdc_runtime_Text_charCnt__C)
                  0000b37a    00000002     main_pem4f.oem4f (.const:xdc_runtime_Text_isLoaded__C)
                  0000b37c    00000002     main_pem4f.oem4f (.const:xdc_runtime_Text_registryModsLastId__C)
                  0000b37e    00000002     main_pem4f.oem4f (.const:xdc_runtime_Text_unnamedModsLastId__C)

.cinit     0    0000b380    000005a0     
                  0000b380    00000567     (.cinit..data.load) [load image, compression = rle]
                  0000b8e7    00000001     --HOLE-- [fill = 0]
                  0000b8e8    0000000c     (__TI_handler_table)
                  0000b8f4    00000004     --HOLE-- [fill = 0]
                  0000b8f8    00000008     (.cinit..bss.load) [load image, compression = zero_init]
                  0000b900    00000008     (.cinit..vecs.load) [load image, compression = zero_init]
                  0000b908    00000018     (__TI_cinit_table)

.vecs      0    20000000    00000360     UNINITIALIZED
                  20000000    00000360     main_pem4f.oem4f (.vecs)

.bss       0    20000360    000034f8     UNINITIALIZED
                  20000360    00001000     main_pem4f.oem4f (.bss:taskStackSection)
                  20001360    00001000     main_pem4f.oem4f (.bss:ti_sysbios_heaps_HeapMem_Instance_State_0_buf__A)
                  20002360    00000480     main_pem4f.oem4f (.bss:ti_uia_runtime_LoggerStopMode_Instance_State_1_bufferArray__A)
                  200027e0    00000480     main_pem4f.oem4f (.bss:ti_uia_runtime_LoggerStopMode_Instance_State_2_bufferArray__A)
                  20002c60    00000440     EK_LM4F120XL.obj (.bss:uartTivaObjects)
                  200030a0    00000400     main_pem4f.oem4f (.bss:xdc_runtime_SysMin_Module_State_0_outbuf__A)
                  200034a0    00000280     main_pem4f.oem4f (.bss:ti_uia_runtime_LoggerStopMode_Instance_State_0_bufferArray__A)
                  20003720    00000120     rtsv7M4_T_le_v4SPD16_eabi.lib : trgmsg.obj (.bss:__CIOBUF_)
                  20003840    00000008     (.common:parmbuf)
                  20003848    00000008     (.common:ti_sysbios_knl_Task_Instance_State_0_hookEnv__A)
                  20003850    00000008     (.common:ti_sysbios_knl_Task_Instance_State_1_hookEnv__A)

.stack     0    20003858    00001000     UNINITIALIZED
                  20003858    00001000     --HOLE--

.data      0    20004858    00000b00     UNINITIALIZED
                  20004858    00000360     main_pem4f.oem4f (.data:ti_sysbios_family_arm_m3_Hwi_Module_State_0_dispatchTable__A)
                  20004bb8    000001fc     main_pem4f.oem4f (.data)
                  20004db4    00000108     main_pem4f.oem4f (.data:ti_uia_runtime_LoggerStopMode_Object__table__V)
                  20004ebc    000000a0     main_pem4f.oem4f (.data:ti_sysbios_knl_Task_Object__table__V)
                  20004f5c    00000098     main_pem4f.oem4f (.data:ti_sysbios_utils_Load_Module__state__V)
                  20004ff4    00000080     main_pem4f.oem4f (.data:ti_sysbios_knl_Swi_Module_State_0_readyQ__A)
                  20005074    00000080     main_pem4f.oem4f (.data:ti_sysbios_knl_Task_Module_State_0_readyQ__A)
                  200050f4    00000070     main_pem4f.oem4f (.data:ti_sysbios_family_arm_lm4_Timer_Object__table__V)
                  20005164    0000005c     main_pem4f.oem4f (.data:ti_sysbios_family_arm_m3_Hwi_Module__state__V)
                  200051c0    00000044     main_pem4f.oem4f (.data:ti_sysbios_knl_Task_Module__state__V)
                  20005204    00000038     main_pem4f.oem4f (.data:ti_sysbios_gates_GateMutex_Object__table__V)
                  2000523c    00000038     main_pem4f.oem4f (.data:ti_sysbios_utils_Load_Module_State_0_taskEnv__A)
                  20005274    00000030     main_pem4f.oem4f (.data:ti_sysbios_family_arm_lm4_Timer_Module_State_0_device__A)
                  200052a4    00000030     main_pem4f.oem4f (.data:ti_sysbios_family_arm_m3_Hwi_Object__table__V)
                  200052d4    00000030     main_pem4f.oem4f (.data:ti_sysbios_knl_Swi_Object__table__V)
                  20005304    00000028     main_pem4f.oem4f (.data:ti_sysbios_knl_Clock_Module__state__V)
                  2000532c    00000008     gpio_tivaware.aem4f : GPIO.oem4f (.data)
                  20005334    00000008     rtsv7M4_T_le_v4SPD16_eabi.lib : _lock.obj (.data)
                  2000533c    00000008                                   : exit.obj (.data)
                  20005344    00000008     ti.uia.runtime.aem4f : QueueDescriptor.oem4f (.data)
                  2000534c    00000004     rtsv7M4_T_le_v4SPD16_eabi.lib : dtor_list.obj (.data)
                  20005350    00000004                                   : stkdepth_vars.obj (.data)
                  20005354    00000004     uart_tivaware.aem4f : UART.oem4f (.data)


LINKER GENERATED COPY TABLES

__TI_cinit_table @ 0000b908 records: 3, size/record: 8, table size: 24
	.data: load addr=0000b380, load size=00000567 bytes, run addr=20004858, run size=00000b00 bytes, compression=rle
	.bss: load addr=0000b8f8, load size=00000008 bytes, run addr=20000360, run size=000034f8 bytes, compression=zero_init
	.vecs: load addr=0000b900, load size=00000008 bytes, run addr=20000000, run size=00000360 bytes, compression=zero_init


LINKER GENERATED HANDLER TABLE

__TI_handler_table @ 0000b8e8 records: 3, size/record: 4, table size: 12
	index: 0, handler: __TI_zero_init
	index: 1, handler: __TI_decompress_rle24
	index: 2, handler: __TI_decompress_none


GLOBAL SYMBOLS: SORTED ALPHABETICALLY BY Name 

address    name
--------   ----
00006e81   C$$EXIT
00006667   C$$IO$$
00005b6d   EK_LM4F120XL_initGPIO
00007169   EK_LM4F120XL_initGeneral
00003dfd   EK_LM4F120XL_initUART
00007961   GPIODirModeSet
000036f1   GPIOPadConfigSet
00006bfd   GPIOPinConfigure
0000805d   GPIOPinTypeGPIOInput
00007eb7   GPIOPinTypeGPIOOutput
0000806f   GPIOPinTypeSSI
00008081   GPIOPinTypeUART
000083f5   GPIOPinWrite
0000afbc   GPIO_config
00007a7d   GPIO_init
00004829   GPIO_write
00001035   HOSTclock
00000ffd   HOSTclose
00000fbf   HOSTgetenv
00000f63   HOSTlseek
00000f11   HOSTopen
00000ec5   HOSTread
00000e67   HOSTrename
00000e2d   HOSTtime
00000df5   HOSTunlink
00000da9   HOSTwrite
UNDEFED    SHT$$INIT_ARRAY$$Base
UNDEFED    SHT$$INIT_ARRAY$$Limit
00006a21   SPI_Send
000083b5   SSIBusy
000070a1   SSIConfigSetExpClk
00008093   SSIDataGetNonBlocking
00008365   SSIDataPut
0000836f   SSIEnable
00004ae1   SysCtlClockGet
000083fb   SysCtlDelay
00007551   SysCtlPeripheralEnable
20004f0c   TSK_idle
00008379   UARTCharGet
00008251   UARTCharGetNonBlocking
00008383   UARTCharPut
0000825f   UARTCharPutNonBlocking
000070e3   UARTConfigSetExpClk
00007d09   UARTDisable
00007fbd   UARTEnable
00008401   UARTFIFOLevelSet
00008449   UARTIntClear
0000838d   UARTIntDisable
000083bd   UARTIntEnable
00008397   UARTIntStatus
000056b1   UARTTiva_close
0000adec   UARTTiva_fxnTable
000083c5   UARTTiva_init
0000107d   UARTTiva_open
00001e05   UARTTiva_read
00004c69   UARTTiva_readCancel
000024d5   UARTTiva_readPolling
00001c01   UARTTiva_write
00004ba9   UARTTiva_writeCancel
00002905   UARTTiva_writePolling
00007585   UART_Params_init
0000ab04   UART_config
0000af80   UART_defaultParams
00007359   UART_init
00006c45   UART_open
000075b9   UART_write
00000000   __ASM__
20003720   __CIOBUF_
00000073   __ISA__
00000086   __PLAT__
20004858   __STACK_END
00001000   __STACK_SIZE
20003958   __STACK_TOP
000000a7   __TARG__
0000b908   __TI_CINIT_Base
0000b920   __TI_CINIT_Limit
0000b8e8   __TI_Handler_Table_Base
0000b8f4   __TI_Handler_Table_Limit
00000001   __TI_args_main
00005751   __TI_auto_init
2000533c   __TI_cleanup_ptr
0000826d   __TI_decompress_none
0000840d   __TI_decompress_rle24
20005340   __TI_dtors_ptr
0000666b   __TI_readmsg
00000000   __TI_static_base__
0000663d   __TI_writemsg
000080a5   __TI_zero_init
000000cd   __TRDR__
00004699   __aeabi_atexit
00005ef9   __aeabi_memclr
00005ef9   __aeabi_memclr4
00005ef9   __aeabi_memclr8
000057f1   __aeabi_memcpy
000057f1   __aeabi_memcpy4
000057f1   __aeabi_memcpy8
00005efb   __aeabi_memset
00005efb   __aeabi_memset4
00005efb   __aeabi_memset8
ffffffff   __binit__
ffffffff   __c_args__
00004687   __cxa_atexit
00004641   __cxa_finalize
00004681   __cxa_ia64_exit
20003858   __stack
00008407   __xdc__init
20004db0   __xdc__init__addr
00007ee9   _args_main
00006871   _c_int00
20005334   _lock
00007fdf   _nop
00007fd7   _register_lock
00007fd1   _register_unlock
20005338   _unlock
00006e85   abort
0000468b   atexit
ffffffff   binit
00006e3d   copy_in
00006e8d   exit
00007ecf   free
0000acc4   gpioHWAttrs
000075ed   init_mux_pins
000065dd   init_spi
000069cd   init_uart
000077a7   main
20005350   main_func_sp
00007779   malloc
000057f1   memcpy
00005f01   memset
00005d01   mux_7
00003cd5   set_up_tcp
00008111   strcpy
00007fe5   strlen
00005e7f   tcp
0000b0a4   ti_catalog_arm_cortexm4_tiva_ce_Boot_A_mustUseEnhancedClockMode__C
0000b0a8   ti_catalog_arm_cortexm4_tiva_ce_Boot_Module__diagsEnabled__C
0000b0ac   ti_catalog_arm_cortexm4_tiva_ce_Boot_Module__diagsIncluded__C
0000b0b0   ti_catalog_arm_cortexm4_tiva_ce_Boot_Module__diagsMask__C
0000afba   ti_catalog_arm_cortexm4_tiva_ce_Boot_Module__id__C
00008299   ti_catalog_arm_cortexm4_tiva_ce_Boot_init__I
00004041   ti_catalog_arm_cortexm4_tiva_ce_Boot_sysCtlClockSetI__I
00005929   ti_catalog_arm_cortexm4_tiva_ce_Boot_sysCtlClockSet__E
00008413   ti_catalog_arm_cortexm4_tiva_ce_Boot_sysCtlDelayI__I
0000b0b4   ti_sysbios_BIOS_Module__diagsEnabled__C
0000b0b8   ti_sysbios_BIOS_Module__diagsIncluded__C
0000b0bc   ti_sysbios_BIOS_Module__diagsMask__C
0000b032   ti_sysbios_BIOS_Module__id__C
20004bb8   ti_sysbios_BIOS_Module__state__V
0000844d   ti_sysbios_BIOS_RtsGateProxy_enter__E
00008451   ti_sysbios_BIOS_RtsGateProxy_leave__E
00008465   ti_sysbios_BIOS_RtsGateProxy_query__E
00006c8d   ti_sysbios_BIOS_errorRaiseHook__I
00007689   ti_sysbios_BIOS_exitFunc__I
00008121   ti_sysbios_BIOS_getCpuFreq__E
0000b0c0   ti_sysbios_BIOS_installedErrorHook__C
00005927   ti_sysbios_BIOS_nullFunc__I
00007aa1   ti_sysbios_BIOS_registerRTSLock__I
00007d25   ti_sysbios_BIOS_rtsLock__I
00006445   ti_sysbios_BIOS_rtsUnlock__I
00008131   ti_sysbios_BIOS_setThreadType__E
00007ac5   ti_sysbios_BIOS_startFunc__I
00008141   ti_sysbios_BIOS_start__E
20005274   ti_sysbios_family_arm_lm4_Timer_Module_State_0_device__A
20004be0   ti_sysbios_family_arm_lm4_Timer_Module_State_0_handles__A
20004bd8   ti_sysbios_family_arm_lm4_Timer_Module__root__V
00007f01   ti_sysbios_family_arm_lm4_Timer_Module__startupDone__F
00007f01   ti_sysbios_family_arm_lm4_Timer_Module__startupDone__S
20004bf8   ti_sysbios_family_arm_lm4_Timer_Module__state__V
0000675d   ti_sysbios_family_arm_lm4_Timer_Module_startup__E
0000675d   ti_sysbios_family_arm_lm4_Timer_Module_startup__F
200050f4   ti_sysbios_family_arm_lm4_Timer_Object__table__V
0000b0c4   ti_sysbios_family_arm_lm4_Timer_enableFunc__C
00005569   ti_sysbios_family_arm_lm4_Timer_enableTimers__I
000052c5   ti_sysbios_family_arm_lm4_Timer_enableTiva__I
00008455   ti_sysbios_family_arm_lm4_Timer_getPeriod__E
00005fe9   ti_sysbios_family_arm_lm4_Timer_isrStub__E
[...]
00008413   ti_catalog_arm_cortexm4_tiva_ce_Boot_sysCtlDelayI__I
00008419   ti_sysbios_family_arm_lm4_TimestampProvider_Module_startup__E
00008419   ti_sysbios_family_arm_lm4_TimestampProvider_Module_startup__F
0000841f   ti_sysbios_family_arm_m3_Hwi_restoreFxn__E
0000841f   ti_sysbios_hal_Hwi_HwiProxy_restore__E
0000841f   ti_sysbios_hal_Hwi_restore__E
00008425   ti_sysbios_gates_GateHwi_leave__E
0000842b   ti_sysbios_heaps_HeapMem_isBlocking__E
00008431   ti_sysbios_knl_Queue_Instance_init__F
00008437   ti_uia_runtime_LoggerStopMode_getPriority__E
0000843d   ti_uia_runtime_LoggerStopMode_getTransferType__E
0000843d   ti_uia_runtime_LoggerStopMode_getTransferType__F
00008443   xdc_runtime_System_Module_startup__E
00008443   xdc_runtime_System_Module_startup__F
00008449   UARTIntClear
0000844d   ti_sysbios_BIOS_RtsGateProxy_enter__E
00008451   ti_sysbios_BIOS_RtsGateProxy_leave__E
00008455   ti_sysbios_family_arm_lm4_Timer_getPeriod__E
00008459   ti_sysbios_family_arm_lm4_Timer_masterEnable__I
0000845d   ti_sysbios_family_arm_m3_TaskSupport_Module__startupDone__S
00008461   ti_sysbios_gates_GateHwi_query__E
00008461   ti_sysbios_gates_GateHwi_query__F
00008461   xdc_runtime_Main_Module_GateProxy_query__E
00008461   xdc_runtime_System_Module_GateProxy_query__E
00008465   ti_sysbios_BIOS_RtsGateProxy_query__E
00008465   ti_sysbios_gates_GateMutex_query__E
00008465   ti_sysbios_gates_GateMutex_query__F
00008465   ti_sysbios_heaps_HeapMem_Module_GateProxy_query__E
00008469   ti_sysbios_hal_Hwi_HwiProxy_Module__startupDone__S
0000846d   ti_sysbios_hal_Timer_TimerProxy_Module__startupDone__S
00008471   ti_sysbios_hal_Timer_TimerProxy_getPeriod__E
00008475   ti_sysbios_heaps_HeapMem_Module_GateProxy_enter__E
00008479   ti_sysbios_heaps_HeapMem_Module_GateProxy_leave__E
0000847d   ti_sysbios_knl_Task_SupportProxy_Module__startupDone__S
00008481   ti_sysbios_knl_Task_startup__E
00008485   ti_uia_runtime_LogSync_CpuTimestampProxy_Module__startupDone__S
00008489   ti_uia_runtime_LogSync_GlobalTimestampProxy_Module__startupDone__S
0000848d   ti_uia_runtime_LoggerStopMode_getInstanceId__E
00008491   ti_uia_runtime_LoggerStopMode_getMaxLength__E
00008495   ti_uia_runtime_LoggerStopMode_setPriority__E
00008499   xdc_runtime_Error_getSite__E
00008499   xdc_runtime_Error_getSite__F
0000849d   xdc_runtime_Memory_HeapProxy_alloc__E
000084a1   xdc_runtime_Memory_HeapProxy_free__E
000084a5   xdc_runtime_System_Module_GateProxy_enter__E
000084a9   xdc_runtime_System_Module_GateProxy_leave__E
000084ad   xdc_runtime_System_aprintf_va__F
000084b1   xdc_runtime_System_printf_va__F
000084b5   xdc_runtime_System_vsnprintf__E
000084b9   xdc_runtime_TimestampNull_Module__startupDone__S
000084bd   xdc_runtime_Timestamp_Module__startupDone__S
000084c0   xdc_runtime_Text_charTab__A
0000a860   xdc_runtime_Text_nodeTab__A
0000a99c   ti_sysbios_family_arm_m3_Hwi_priorities__A
0000ab04   UART_config
0000abdc   ti_uia_runtime_LoggerStopMode_Module__FXNS__C
0000ac84   uartTivaHWAttrs
0000acc4   gpioHWAttrs
0000ad00   xdc_runtime_Startup_sfxnTab__A
0000ad34   ti_sysbios_family_arm_m3_Hwi_Object__PARAMS__C
0000ad64   ti_sysbios_knl_Task_hooks__A
0000ad94   ti_uia_runtime_LoggerStopMode_Object__PARAMS__C
0000adc4   ti_sysbios_heaps_HeapMem_Module__FXNS__C
0000adec   UARTTiva_fxnTable
0000ae10   ti_sysbios_gates_GateHwi_Module__FXNS__C
0000ae34   ti_sysbios_gates_GateMutex_Module__FXNS__C
0000ae58   ti_sysbios_heaps_HeapMem_Object__PARAMS__C
0000ae7c   ti_sysbios_knl_Semaphore_Object__PARAMS__C
0000aea0   ti_sysbios_family_arm_m3_Hwi_Object__DESC__C
0000aec0   ti_sysbios_gates_GateHwi_Object__DESC__C
0000aee0   ti_sysbios_gates_GateMutex_Object__DESC__C
0000af00   ti_sysbios_heaps_HeapMem_Object__DESC__C
0000af20   ti_sysbios_knl_Queue_Object__DESC__C
0000af40   ti_sysbios_knl_Semaphore_Object__DESC__C
0000af60   ti_uia_runtime_LoggerStopMode_Object__DESC__C
0000af80   UART_defaultParams
0000afa0   xdc_runtime_Startup_sfxnRts__A
0000afba   ti_catalog_arm_cortexm4_tiva_ce_Boot_Module__id__C
0000afbc   GPIO_config
0000afd4   ti_sysbios_gates_GateHwi_Object__PARAMS__C
0000afec   ti_sysbios_gates_GateMutex_Object__PARAMS__C
0000b004   ti_sysbios_knl_Queue_Object__PARAMS__C
0000b032   ti_sysbios_BIOS_Module__id__C
0000b034   xdc_runtime_Startup_firstFxns__A
0000b059   xdc_runtime_Error_policy__C
0000b05a   ti_sysbios_family_arm_lm4_TimestampProvider_useClockTimer__C
0000b05c   ti_sysbios_family_arm_m3_Hwi_excHookFuncs__A
0000b064   ti_sysbios_knl_Idle_coreList__A
0000b06c   ti_sysbios_knl_Idle_coreList__C
0000b074   ti_sysbios_knl_Idle_funcList__A
0000b07c   ti_sysbios_knl_Idle_funcList__C
0000b084   ti_sysbios_knl_Task_hooks__C
0000b08c   xdc_runtime_Startup_firstFxns__C
0000b094   xdc_runtime_Startup_lastFxns__A
0000b09c   xdc_runtime_Startup_lastFxns__C
0000b0a4   ti_catalog_arm_cortexm4_tiva_ce_Boot_A_mustUseEnhancedClockMode__C
0000b0a8   ti_catalog_arm_cortexm4_tiva_ce_Boot_Module__diagsEnabled__C
0000b0ac   ti_catalog_arm_cortexm4_tiva_ce_Boot_Module__diagsIncluded__C
0000b0b0   ti_catalog_arm_cortexm4_tiva_ce_Boot_Module__diagsMask__C
0000b0b4   ti_sysbios_BIOS_Module__diagsEnabled__C
0000b0b8   ti_sysbios_BIOS_Module__diagsIncluded__C
0000b0bc   ti_sysbios_BIOS_Module__diagsMask__C
0000b0c0   ti_sysbios_BIOS_installedErrorHook__C
0000b0c4   ti_sysbios_family_arm_lm4_Timer_enableFunc__C
0000b0c8   ti_sysbios_family_arm_lm4_Timer_numTimerDevices__C
0000b0cc   ti_sysbios_family_arm_lm4_Timer_startupNeeded__C
0000b0d0   ti_sysbios_family_arm_m3_Hwi_E_NMI__C
0000b0d4   ti_sysbios_family_arm_m3_Hwi_E_alreadyDefined__C
0000b0d8   ti_sysbios_family_arm_m3_Hwi_E_busFault__C
0000b0dc   ti_sysbios_family_arm_m3_Hwi_E_debugMon__C
0000b0e0   ti_sysbios_family_arm_m3_Hwi_E_hardFault__C
0000b0e4   ti_sysbios_family_arm_m3_Hwi_E_memFault__C
0000b0e8   ti_sysbios_family_arm_m3_Hwi_E_noIsr__C
0000b0ec   ti_sysbios_family_arm_m3_Hwi_E_reserved__C
0000b0f0   ti_sysbios_family_arm_m3_Hwi_E_svCall__C
0000b0f4   ti_sysbios_family_arm_m3_Hwi_E_usageFault__C
0000b0f8   ti_sysbios_family_arm_m3_Hwi_LD_end__C
0000b0fc   ti_sysbios_family_arm_m3_Hwi_LM_begin__C
0000b100   ti_sysbios_family_arm_m3_Hwi_Module__diagsEnabled__C
0000b104   ti_sysbios_family_arm_m3_Hwi_Module__diagsIncluded__C
0000b108   ti_sysbios_family_arm_m3_Hwi_Module__diagsMask__C
0000b10c   ti_sysbios_family_arm_m3_Hwi_Module__loggerFxn1__C
0000b110   ti_sysbios_family_arm_m3_Hwi_Module__loggerFxn8__C
0000b114   ti_sysbios_family_arm_m3_Hwi_Module__loggerObj__C
0000b118   ti_sysbios_family_arm_m3_Hwi_NUM_INTERRUPTS__C
0000b11c   ti_sysbios_family_arm_m3_Hwi_ccr__C
0000b120   ti_sysbios_family_arm_m3_Hwi_dispatchTable__C
0000b124   ti_sysbios_family_arm_m3_Hwi_excHandlerFunc__C
0000b128   ti_sysbios_family_arm_m3_Hwi_excHookFuncs__C
0000b12c   ti_sysbios_family_arm_m3_Hwi_priGroup__C
0000b130   ti_sysbios_family_arm_m3_Hwi_priorities__C
0000b134   ti_sysbios_gates_GateMutex_A_badContext__C
0000b138   ti_sysbios_gates_GateMutex_Instance_State_sem__O
0000b13c   ti_sysbios_gates_GateMutex_Module__diagsEnabled__C
0000b140   ti_sysbios_gates_GateMutex_Module__diagsIncluded__C
0000b144   ti_sysbios_gates_GateMutex_Module__diagsMask__C
0000b148   ti_sysbios_hal_Hwi_E_stackOverflow__C
0000b14c   ti_sysbios_heaps_HeapMem_A_align__C
0000b150   ti_sysbios_heaps_HeapMem_A_heapSize__C
0000b154   ti_sysbios_heaps_HeapMem_A_invalidFree__C
0000b158   ti_sysbios_heaps_HeapMem_A_zeroBlock__C
0000b15c   ti_sysbios_heaps_HeapMem_E_memory__C
0000b160   ti_sysbios_heaps_HeapMem_Module__diagsEnabled__C
0000b164   ti_sysbios_heaps_HeapMem_Module__diagsIncluded__C
0000b168   ti_sysbios_heaps_HeapMem_Module__diagsMask__C
0000b16c   ti_sysbios_heaps_HeapMem_Module__gateObj__C
0000b170   ti_sysbios_heaps_HeapMem_Object__count__C
0000b174   ti_sysbios_heaps_HeapMem_reqAlign__C
0000b178   ti_sysbios_io_DEV_Object__count__C
0000b17c   ti_sysbios_io_DEV_tableSize__C
0000b180   ti_sysbios_knl_Clock_LM_begin__C
0000b184   ti_sysbios_knl_Clock_LM_tick__C
0000b188   ti_sysbios_knl_Clock_LW_delayed__C
0000b18c   ti_sysbios_knl_Clock_Module_State_clockQ__O
0000b190   ti_sysbios_knl_Clock_Module__diagsEnabled__C
0000b194   ti_sysbios_knl_Clock_Module__diagsIncluded__C
0000b198   ti_sysbios_knl_Clock_Module__diagsMask__C
0000b19c   ti_sysbios_knl_Clock_Module__loggerFxn1__C
0000b1a0   ti_sysbios_knl_Clock_Module__loggerFxn2__C
0000b1a4   ti_sysbios_knl_Clock_Module__loggerObj__C
0000b1a8   ti_sysbios_knl_Semaphore_A_badContext__C
0000b1ac   ti_sysbios_knl_Semaphore_A_noEvents__C
0000b1b0   ti_sysbios_knl_Semaphore_A_overflow__C
0000b1b4   ti_sysbios_knl_Semaphore_A_pendTaskDisabled__C
0000b1b8   ti_sysbios_knl_Semaphore_Instance_State_pendQ__O
0000b1bc   ti_sysbios_knl_Semaphore_LM_pend__C
0000b1c0   ti_sysbios_knl_Semaphore_LM_post__C
0000b1c4   ti_sysbios_knl_Semaphore_Module__diagsEnabled__C
0000b1c8   ti_sysbios_knl_Semaphore_Module__diagsIncluded__C
0000b1cc   ti_sysbios_knl_Semaphore_Module__diagsMask__C
0000b1d0   ti_sysbios_knl_Semaphore_Module__loggerFxn2__C
0000b1d4   ti_sysbios_knl_Semaphore_Module__loggerFxn4__C
0000b1d8   ti_sysbios_knl_Semaphore_Module__loggerObj__C
0000b1dc   ti_sysbios_knl_Swi_LD_end__C
0000b1e0   ti_sysbios_knl_Swi_LM_begin__C
0000b1e4   ti_sysbios_knl_Swi_LM_post__C
0000b1e8   ti_sysbios_knl_Swi_Module__diagsEnabled__C
0000b1ec   ti_sysbios_knl_Swi_Module__diagsIncluded__C
0000b1f0   ti_sysbios_knl_Swi_Module__diagsMask__C
0000b1f4   ti_sysbios_knl_Swi_Module__loggerFxn1__C
0000b1f8   ti_sysbios_knl_Swi_Module__loggerFxn4__C
0000b1fc   ti_sysbios_knl_Swi_Module__loggerObj__C
0000b200   ti_sysbios_knl_Swi_Object__count__C
0000b204   ti_sysbios_knl_Task_E_spOutOfBounds__C
0000b208   ti_sysbios_knl_Task_E_stackOverflow__C
0000b20c   ti_sysbios_knl_Task_LD_block__C
0000b210   ti_sysbios_knl_Task_LD_exit__C
0000b214   ti_sysbios_knl_Task_LD_ready__C
0000b218   ti_sysbios_knl_Task_LM_switch__C
0000b21c   ti_sysbios_knl_Task_Module_State_inactiveQ__O
0000b220   ti_sysbios_knl_Task_Module__diagsEnabled__C
0000b224   ti_sysbios_knl_Task_Module__diagsIncluded__C
0000b228   ti_sysbios_knl_Task_Module__diagsMask__C
0000b22c   ti_sysbios_knl_Task_Module__loggerFxn2__C
0000b230   ti_sysbios_knl_Task_Module__loggerFxn4__C
0000b234   ti_sysbios_knl_Task_Module__loggerObj__C
0000b238   ti_sysbios_knl_Task_Object__count__C
0000b23c   ti_sysbios_knl_Task_Object__heap__C
0000b240   ti_sysbios_knl_Task_allBlockedFunc__C
0000b244   ti_sysbios_knl_Task_numConstructedTasks__C
0000b248   ti_sysbios_utils_Load_LS_cpuLoad__C
0000b24c   ti_sysbios_utils_Load_LS_hwiLoad__C
0000b250   ti_sysbios_utils_Load_LS_taskLoad__C
0000b254   ti_sysbios_utils_Load_Module_State_taskList__O
0000b258   ti_sysbios_utils_Load_Module__diagsEnabled__C
0000b25c   ti_sysbios_utils_Load_Module__diagsIncluded__C
0000b260   ti_sysbios_utils_Load_Module__diagsMask__C
0000b264   ti_sysbios_utils_Load_Module__loggerFxn1__C
0000b268   ti_sysbios_utils_Load_Module__loggerFxn2__C
0000b26c   ti_sysbios_utils_Load_Module__loggerFxn4__C
0000b270   ti_sysbios_utils_Load_Module__loggerObj__C
0000b274   ti_sysbios_utils_Load_postUpdate__C
0000b278   ti_sysbios_utils_Load_windowInMs__C
0000b27c   ti_uia_runtime_ILoggerSnapshot_Interface__BASE__C
0000b280   ti_uia_runtime_IUIATransfer_Interface__BASE__C
0000b284   ti_uia_runtime_LoggerStopMode_E_badLevel__C
0000b288   ti_uia_runtime_LoggerStopMode_Object__count__C
0000b28c   ti_uia_runtime_LoggerStopMode_overflowLogger__C
0000b290   ti_uia_runtime_LoggerStopMode_statusLogger__C
0000b294   xdc_runtime_Assert_E_assertFailed__C
0000b298   xdc_runtime_Core_A_initializedParams__C
0000b29c   xdc_runtime_Core_Module__diagsEnabled__C
0000b2a0   xdc_runtime_Core_Module__diagsIncluded__C
0000b2a4   xdc_runtime_Core_Module__diagsMask__C
0000b2a8   xdc_runtime_Error_E_generic__C
0000b2ac   xdc_runtime_Error_E_memory__C
0000b2b0   xdc_runtime_Error_Module__diagsEnabled__C
0000b2b4   xdc_runtime_Error_Module__diagsIncluded__C
0000b2b8   xdc_runtime_Error_Module__diagsMask__C
0000b2bc   xdc_runtime_Error_Module__loggerFxn8__C
0000b2c0   xdc_runtime_Error_Module__loggerObj__C
0000b2c4   xdc_runtime_Error_raiseHook__C
0000b2c8   xdc_runtime_IFilterLogger_Interface__BASE__C
0000b2cc   xdc_runtime_IGateProvider_Interface__BASE__C
0000b2d0   xdc_runtime_IHeap_Interface__BASE__C
0000b2d4   xdc_runtime_ILogger_Interface__BASE__C
0000b2d8   xdc_runtime_IModule_Interface__BASE__C
0000b2dc   xdc_runtime_Log_L_error__C
0000b2e0   xdc_runtime_Log_L_warning__C
0000b2e4   xdc_runtime_Main_Module__diagsEnabled__C
0000b2e8   xdc_runtime_Main_Module__diagsIncluded__C
0000b2ec   xdc_runtime_Main_Module__diagsMask__C
0000b2f0   xdc_runtime_Main_Module__loggerFxn2__C
0000b2f4   xdc_runtime_Main_Module__loggerFxn4__C
0000b2f8   xdc_runtime_Main_Module__loggerObj__C
0000b2fc   xdc_runtime_Memory_defaultHeapInstance__C
0000b300   xdc_runtime_Startup_execImpl__C
0000b304   xdc_runtime_Startup_maxPasses__C
0000b308   xdc_runtime_Startup_sfxnRts__C
0000b30c   xdc_runtime_Startup_sfxnTab__C
0000b310   xdc_runtime_SysMin_bufSize__C
0000b314   xdc_runtime_SysMin_outputFunc__C
0000b318   xdc_runtime_System_Module__gateObj__C
0000b31c   xdc_runtime_System_extendFxn__C
0000b320   xdc_runtime_System_maxAtexitHandlers__C
0000b324   xdc_runtime_Text_charTab__C
0000b328   xdc_runtime_Text_nameEmpty__C
0000b32c   xdc_runtime_Text_nameStatic__C
0000b330   xdc_runtime_Text_nameUnknown__C
0000b334   xdc_runtime_Text_nodeTab__C
0000b338   xdc_runtime_Text_visitRopeFxn__C
0000b33c   ti_sysbios_family_arm_m3_Hwi_Module__id__C
0000b33e   ti_sysbios_family_arm_m3_Hwi_Module__loggerDefined__C
0000b340   ti_sysbios_gates_GateMutex_Module__id__C
0000b342   ti_sysbios_hal_Hwi_Module__id__C
0000b344   ti_sysbios_heaps_HeapMem_Module__id__C
0000b346   ti_sysbios_io_DEV_Module__id__C
0000b348   ti_sysbios_knl_Clock_Module__id__C
0000b34a   ti_sysbios_knl_Clock_Module__loggerDefined__C
0000b34c   ti_sysbios_knl_Semaphore_Module__id__C
0000b34e   ti_sysbios_knl_Semaphore_Module__loggerDefined__C
0000b350   ti_sysbios_knl_Swi_Module__id__C
0000b352   ti_sysbios_knl_Swi_Module__loggerDefined__C
0000b354   ti_sysbios_knl_Task_Module__id__C
0000b356   ti_sysbios_knl_Task_Module__loggerDefined__C
0000b358   ti_sysbios_knl_Task_initStackFlag__C
0000b35a   ti_sysbios_utils_Load_Module__id__C
0000b35c   ti_sysbios_utils_Load_Module__loggerDefined__C
0000b35e   ti_sysbios_utils_Load_autoAddTasks__C
0000b360   ti_sysbios_utils_Load_hwiEnabled__C
0000b362   ti_sysbios_utils_Load_updateInIdle__C
0000b364   ti_uia_runtime_LoggerStopMode_Module__id__C
0000b366   ti_uia_runtime_LoggerStopMode_filterByLevel__C
0000b368   ti_uia_runtime_LoggerStopMode_isTimestampEnabled__C
0000b36a   xdc_runtime_Core_Module__id__C
0000b36c   xdc_runtime_Error_Module__loggerDefined__C
0000b36e   xdc_runtime_Error_maxDepth__C
0000b370   xdc_runtime_Main_Module__id__C
0000b372   xdc_runtime_Main_Module__loggerDefined__C
0000b374   xdc_runtime_Memory_Module__id__C
0000b376   xdc_runtime_SysMin_flushAtExit__C
0000b378   xdc_runtime_Text_charCnt__C
0000b37a   xdc_runtime_Text_isLoaded__C
0000b37c   xdc_runtime_Text_registryModsLastId__C
0000b37e   xdc_runtime_Text_unnamedModsLastId__C
0000b8e8   __TI_Handler_Table_Base
0000b8f4   __TI_Handler_Table_Limit
0000b908   __TI_CINIT_Base
0000b920   __TI_CINIT_Limit
20000000   ti_sysbios_family_arm_m3_Hwi_ramVectors
20000360   ti_sysbios_knl_Task_Instance_State_0_stack__A
20000b60   ti_sysbios_knl_Task_Instance_State_1_stack__A
20001360   ti_sysbios_heaps_HeapMem_Instance_State_0_buf__A
20002360   ti_uia_runtime_LoggerStopMode_Instance_State_1_bufferArray__A
200027e0   ti_uia_runtime_LoggerStopMode_Instance_State_2_bufferArray__A
20002c60   uartTivaObjects
200030a0   xdc_runtime_SysMin_Module_State_0_outbuf__A
200034a0   ti_uia_runtime_LoggerStopMode_Instance_State_0_bufferArray__A
20003720   __CIOBUF_
20003848   ti_sysbios_knl_Task_Instance_State_0_hookEnv__A
20003850   ti_sysbios_knl_Task_Instance_State_1_hookEnv__A
20003858   __stack
20003958   __STACK_TOP
20004858   __STACK_END
20004858   ti_sysbios_family_arm_m3_Hwi_Module_State_0_dispatchTable__A
20004bb8   ti_sysbios_BIOS_Module__state__V
20004bd8   ti_sysbios_family_arm_lm4_Timer_Module__root__V
20004be0   ti_sysbios_family_arm_lm4_Timer_Module_State_0_handles__A
20004bf8   ti_sysbios_family_arm_lm4_Timer_Module__state__V
20004c04   ti_sysbios_family_arm_lm4_TimestampProvider_Module__state__V
20004c0c   ti_sysbios_family_arm_m3_Hwi_Module__root__V
20004c14   ti_sysbios_family_arm_m3_Hwi_Module_State_0_excActive__A
20004c18   ti_sysbios_family_arm_m3_Hwi_Module_State_0_excContext__A
20004c1c   ti_sysbios_family_arm_m3_Hwi_Module_State_0_excStack__A
20004c20   ti_sysbios_gates_GateHwi_Module__root__V
20004c28   ti_sysbios_gates_GateHwi_Object__table__V
20004c2c   ti_sysbios_gates_GateMutex_Module__root__V
20004c34   ti_sysbios_hal_Hwi_Module__root__V
20004c3c   ti_sysbios_hal_Timer_Module__root__V
20004c44   ti_sysbios_hal_Timer_Object__table__V
20004c4c   ti_sysbios_heaps_HeapMem_Module__root__V
20004c54   ti_sysbios_heaps_HeapMem_Object__table__V
20004c6c   ti_sysbios_io_DEV_Module__root__V
20004c74   ti_sysbios_io_DEV_Module_State_0_table__A
20004c94   ti_sysbios_io_DEV_Module__state__V
20004c98   ti_sysbios_io_GIO_Module__root__V
20004ca0   ti_sysbios_knl_Clock_Module__root__V
20004ca8   ti_sysbios_knl_Event_Module__root__V
20004cb4   ti_sysbios_knl_Queue_Module__root__V
20004cbc   ti_sysbios_knl_Semaphore_Module__root__V
20004cc8   ti_sysbios_knl_Swi_Module__root__V
20004cd0   ti_sysbios_knl_Swi_Module__state__V
20004cec   ti_sysbios_knl_Task_Module__root__V
20004cf8   ti_sysbios_knl_Task_Module_State_0_idleTask__A
20004cfc   ti_sysbios_utils_Load_Module__root__V
20004d00   ti_sysbios_utils_Load_Module_State_0_taskStartTime__A
20004d04   ti_sysbios_utils_Load_Module_State_0_runningTask__A
20004d08   ti_sysbios_xdcruntime_SemThreadSupport_Module__root__V
20004d10   ti_uia_runtime_LogSync_Module__root__V
20004d18   ti_uia_runtime_LogSync_Module__state__V
20004d24   ti_uia_runtime_LoggerStopMode_Module__root__V
20004d2c   ti_uia_runtime_LoggerStopMode_Module__state__V
20004d34   ti_uia_runtime_QueueDescriptor_Module__state__V
20004d40   xdc_runtime_Error_Module__state__V
20004d42   xdc_runtime_Main_Module__root__V
20004d44   xdc_runtime_Memory_Module__state__V
20004d48   xdc_runtime_Registry_Module__state__V
20004d50   xdc_runtime_Startup_Module__state__V
20004d58   xdc_runtime_SysMin_Module__state__V
20004d64   xdc_runtime_System_Module_State_0_atexitHandlers__A
20004d84   xdc_runtime_System_Module__state__V
20004d90   xdc_runtime_Text_Module__state__V
20004d98   xdc_runtime_knl_SemThread_Module__root__V
20004da0   xdc_runtime_knl_SyncNull_Module__root__V
20004da8   xdc_runtime_knl_SyncSemThread_Module__root__V
20004db0   __xdc__init__addr
20004db4   ti_uia_runtime_LoggerStopMode_Object__table__V
20004ebc   ti_sysbios_knl_Task_Object__table__V
20004f0c   TSK_idle
20004f5c   ti_sysbios_utils_Load_Module__state__V
20004ff4   ti_sysbios_knl_Swi_Module_State_0_readyQ__A
20005074   ti_sysbios_knl_Task_Module_State_0_readyQ__A
200050f4   ti_sysbios_family_arm_lm4_Timer_Object__table__V
20005164   ti_sysbios_family_arm_m3_Hwi_Module__state__V
200051c0   ti_sysbios_knl_Task_Module__state__V
20005204   ti_sysbios_gates_GateMutex_Object__table__V
2000523c   ti_sysbios_utils_Load_Module_State_0_taskEnv__A
20005274   ti_sysbios_family_arm_lm4_Timer_Module_State_0_device__A
200052a4   ti_sysbios_family_arm_m3_Hwi_Object__table__V
200052d4   ti_sysbios_knl_Swi_Object__table__V
20005304   ti_sysbios_knl_Clock_Module__state__V
20005334   _lock
20005338   _unlock
2000533c   __TI_cleanup_ptr
20005340   __TI_dtors_ptr
20005344   ti_uia_runtime_QueueDescriptor_gPtrToFirstDescriptor
20005348   ti_uia_runtime_QueueDescriptor_gUpdateCount
20005350   main_func_sp
e000e000   ti_sysbios_family_arm_m3_Hwi_nvic
ffffffff   __binit__
ffffffff   __c_args__
ffffffff   binit
UNDEFED    SHT$$INIT_ARRAY$$Base
UNDEFED    SHT$$INIT_ARRAY$$Limit

[817 symbols]
