******************************************************************************
                  TI ARM Linker PC v5.1.1                      
******************************************************************************
>> Linked Mon Apr 07 22:38:36 2014

OUTPUT FILE NAME:   <rover.out>
ENTRY POINT SYMBOL: "_c_int00"  address: 00006529


MEMORY CONFIGURATION

         name            origin    length      used     unused   attr    fill
----------------------  --------  ---------  --------  --------  ----  --------
  FLASH                 00000000   00040000  0000b560  00034aa0  R  X
  SRAM                  20000000   00008000  00005bdc  00002424  RW X


SEGMENT ALLOCATION MAP

run origin  load origin   length   init length attrs members
----------  ----------- ---------- ----------- ----- -------
00000000    00000000    0000b568   0000b568    r-x
  00000000    00000000    00000360   00000360    r-- .resetVecs
  00000360    00000360    00007de2   00007de2    r-x .text
  00008144    00008144    00002e46   00002e46    r-- .const
  0000af90    0000af90    000005d8   000005d8    r-- .cinit
20000000    20000000    00005bdc   00000000    rw-
  20000000    20000000    00000360   00000000    rw- .vecs
  20000360    20000360    00003d10   00000000    rw- .bss
  20004070    20004070    00001000   00000000    rw- .stack
  20005070    20005070    00000b6c   00000000    rw- .data


SECTION ALLOCATION MAP

 output                                  attributes/
section   page    origin      length       input sections
--------  ----  ----------  ----------   ----------------
.bootVecs 
*          0    00000000    00000008     DSECT
                  00000000    00000008     boot.aem4f : boot.oem4f (.bootVecs)

.resetVecs 
*          0    00000000    00000360     
                  00000000    00000360     main_pem4f.oem4f (.resetVecs)

xdc.meta   0    00000000    000000f5     COPY SECTION
                  00000000    000000f5     main_pem4f.oem4f (xdc.meta)

.text      0    00000360    00007de2     
                  00000360    00000424     sysbios.aem4f : BIOS.obj (.text:ti_sysbios_family_arm_m3_Hwi_excDumpRegs__I)
                  00000784    00000344     ti.targets.arm.rtsarm.aem4f : System.oem4f (.text:xdc_runtime_System_doPrint__I)
                  00000ac8    000002e0     sysbios.aem4f : BIOS.obj (.text:ti_sysbios_knl_Semaphore_pend__E)
                  00000da8    000002d4     rtsv7M4_T_le_v4SPD16_eabi.lib : trgdrv.obj (.text)
                  0000107c    000002c8     uart_tivaware.aem4f : UARTTiva.oem4f (.text:UARTTiva_open)
                  00001344    00000248     sysbios.aem4f : BIOS.obj (.text:ti_sysbios_heaps_HeapMem_free__E)
                  0000158c    00000234                   : BIOS.obj (.text:ti_sysbios_heaps_HeapMem_alloc__E)
                  000017c0    00000230                   : BIOS.obj (.text:ti_sysbios_family_arm_lm4_Timer_start__E)
                  000019f0    00000210                   : BIOS.obj (.text:ti_sysbios_family_arm_m3_Hwi_excHandlerMax__I)
                  00001c00    00000204     uart_tivaware.aem4f : UARTTiva.oem4f (.text:UARTTiva_write)
                  00001e04    000001f8                         : UARTTiva.oem4f (.text:UARTTiva_read)
                  00001ffc    000001cc                         : UARTTiva.oem4f (.text:UARTTiva_hwiIntFxn)
                  000021c8    000001a0     ti.uia.runtime.aem4f : LoggerStopMode.oem4f (.text:ti_uia_runtime_LoggerStopMode_write8__E)
                  00002368    0000016c     uart_tivaware.aem4f : UARTTiva.oem4f (.text:writeData)
                  000024d4    00000168                         : UARTTiva.oem4f (.text:UARTTiva_readPolling)
                  0000263c    00000168     sysbios.aem4f : BIOS.obj (.text:ti_sysbios_family_arm_m3_Hwi_excBusFault__I)
                  000027a4    00000160     uart_tivaware.aem4f : UARTTiva.oem4f (.text:readData)
                  00002904    0000015c                         : UARTTiva.oem4f (.text:UARTTiva_writePolling)
                  00002a60    0000015c     ti.uia.runtime.aem4f : LoggerStopMode.oem4f (.text:ti_uia_runtime_LoggerStopMode_writeMemoryRange__E)
                  00002bbc    00000154     sysbios.aem4f : BIOS.obj (.text:ti_sysbios_family_arm_m3_Hwi_excUsageFault__I)
                  00002d10    00000144                   : BIOS.obj (.text:ti_sysbios_knl_Semaphore_post__E)
                  00002e54    00000140                   : BIOS.obj (.text:ti_sysbios_family_arm_m3_Hwi_dispatchC__I)
                  00002f94    00000140                   : BIOS.obj (.text:ti_sysbios_family_arm_m3_Hwi_excMemFault__I)
                  000030d4    0000013c     ti.uia.runtime.aem4f : LoggerStopMode.oem4f (.text:ti_uia_runtime_LoggerStopMode_write4__E)
                  00003210    0000013c     ti.targets.arm.rtsarm.aem4f : Error.oem4f (.text:xdc_runtime_Error_raiseX__F)
                  0000334c    00000138     sysbios.aem4f : BIOS.obj (.text:ti_sysbios_heaps_HeapMem_Instance_init__F)
                  00003484    00000138                   : BIOS.obj (.text:ti_sysbios_utils_Load_logLoads__I)
                  000035bc    00000134                   : m3_Hwi_asm.obj (.text:ti_sysbios_family_arm_m3_Hwi_dispatch__I)
                  000036f0    00000130     driverlib.lib : gpio.obj (.text:GPIOPadConfigSet)
                  00003820    00000130     sysbios.aem4f : BIOS.obj (.text:ti_sysbios_utils_Load_updateThreadContexts__E)
                  00003950    0000012c                   : BIOS.obj (.text:ti_sysbios_family_arm_lm4_TimestampProvider_get64__E)
                  00003a7c    0000012c                   : BIOS.obj (.text:ti_sysbios_knl_Clock_workFunc__E)
                  00003ba8    0000012c                   : BIOS.obj (.text:ti_sysbios_knl_Task_exit__E)
                  00003cd4    00000124     EK_LM4F120XL.obj (.text:EK_LM4F120XL_initUART)
                  00003df8    00000120     sysbios.aem4f : BIOS.obj (.text:ti_sysbios_knl_Swi_run__I)
                  00003f18    0000010c     Boot.aem4f : Boot_sysctl.oem4f (.text:ti_catalog_arm_cortexm4_tiva_ce_Boot_sysCtlClockSetI__I)
                  00004024    00000104     ti.targets.arm.rtsarm.aem4f : Core-mem.oem4f (.text:xdc_runtime_Core_createObject__I)
                  00004128    00000104     main_pem4f.oem4f (.text:xdc_runtime_System_printfExtend__I)
                  0000422c    000000fc     sysbios.aem4f : BIOS.obj (.text:ti_sysbios_knl_Task_schedule__I)
                  00004328    000000f8                   : BIOS.obj (.text:ti_sysbios_knl_Task_startCore__E)
                  00004420    000000f8     ti.targets.arm.rtsarm.aem4f : Startup.oem4f (.text:xdc_runtime_Startup_startMods__I)
                  00004518    000000f4     rtsv7M4_T_le_v4SPD16_eabi.lib : dtor_list.obj (.text)
                  0000460c    000000f4     sysbios.aem4f : BIOS.obj (.text:ti_sysbios_knl_Task_postInit__I)
                  00004700    000000e8     gpio_tivaware.aem4f : GPIO.oem4f (.text:GPIO_write)
                  000047e8    000000e8     sysbios.aem4f : BIOS.obj (.text:ti_sysbios_family_arm_m3_Hwi_initNVIC__E)
                  000048d0    000000e8                   : BIOS.obj (.text:ti_sysbios_io_DEV_postInit__I)
                  000049b8    000000c0     uart_tivaware.aem4f : UARTTiva.oem4f (.text:UARTTiva_writeCancel)
                  00004a78    000000bc                         : UARTTiva.oem4f (.text:UARTTiva_readCancel)
                  00004b34    000000bc     sysbios.aem4f : BIOS.obj (.text:ti_sysbios_knl_Task_unblockI__E)
                  00004bf0    000000b8                   : BIOS.obj (.text:ti_sysbios_family_arm_lm4_TimestampProvider_get32__E)
                  00004ca8    000000b4                   : BIOS.obj (.text:ti_sysbios_family_arm_m3_Hwi_excHardFault__I)
                  00004d5c    000000b4                   : BIOS.obj (.text:ti_sysbios_gates_GateMutex_enter__E)
                  00004e10    000000b4                   : BIOS.obj (.text:ti_sysbios_knl_Task_checkStacks__E)
                  00004ec4    000000b0                   : BIOS.obj (.text:ti_sysbios_family_arm_m3_Hwi_excDebugMon__I)
                  00004f74    000000b0                   : BIOS.obj (.text:ti_sysbios_utils_Load_idleFxn__E)
                  00005024    000000b0                   : BIOS.obj (.text:ti_sysbios_utils_Load_updateLoads__E)
                  000050d4    000000ac                   : BIOS.obj (.text:ti_sysbios_family_arm_lm4_Timer_enableTiva__I)
                  00005180    000000a8                   : BIOS.obj (.text:ti_sysbios_knl_Semaphore_Instance_init__F)
                  00005228    000000a8                   : BIOS.obj (.text:ti_sysbios_knl_Swi_post__E)
                  000052d0    000000a8                   : BIOS.obj (.text:ti_sysbios_knl_Task_blockI__E)
                  00005378    000000a4                   : BIOS.obj (.text:ti_sysbios_family_arm_lm4_Timer_enableTimers__I)
                  0000541c    000000a4                   : BIOS.obj (.text:ti_sysbios_family_arm_m3_Hwi_Module_startup__F)
                  000054c0    000000a0     uart_tivaware.aem4f : UARTTiva.oem4f (.text:UARTTiva_close)
                  00005560    000000a0     auto_init.aem4f : auto_init.oem4f (.text)
                  00005600    0000009c     rtsv7M4_T_le_v4SPD16_eabi.lib : memcpy_t2.obj (.text)
                  0000569c    0000009a     ti.targets.arm.rtsarm.aem4f : Text.oem4f (.text:xdc_runtime_Text_putSite__F)
                  00005736    00000002     sysbios.aem4f : BIOS.obj (.text:ti_sysbios_BIOS_nullFunc__I)
                  00005738    00000094     Boot.aem4f : Boot.oem4f (.text:ti_catalog_arm_cortexm4_tiva_ce_Boot_sysCtlClockSet__E)
                  000057cc    00000094     ti.targets.arm.rtsarm.aem4f : Text.oem4f (.text:xdc_runtime_Text_putMod__F)
                  00005860    00000090     sysbios.aem4f : BIOS.obj (.text:ti_sysbios_family_arm_m3_Hwi_Instance_init__F)
                  000058f0    0000008c                   : m3_TaskSupport_asm.obj (.text:ti_sysbios_family_arm_m3_TaskSupport_buildTaskStack)
                  0000597c    00000088     EK_LM4F120XL.obj (.text:EK_LM4F120XL_initGPIO)
                  00005a04    00000088     sysbios.aem4f : BIOS.obj (.text:ti_sysbios_utils_Load_addTask__E)
                  00005a8c    00000084     ti.uia.runtime.aem4f : LoggerStopMode.oem4f (.text:ti_uia_runtime_LoggerStopMode_setFilterLevel__E)
                  00005b10    00000080     sysbios.aem4f : BIOS.obj (.text:ti_sysbios_knl_Task_Module_startup__F)
                  00005b90    0000007e     ti.uia.runtime.aem4f : LoggerStopMode.oem4f (.text:ti_uia_runtime_LoggerStopMode_getContents__E)
                  00005c0e    00000078     rtsv7M4_T_le_v4SPD16_eabi.lib : memset_t2.obj (.text)
                  00005c86    00000002     sysbios.aem4f : BIOS.obj (.text:ti_sysbios_gates_GateHwi_Instance_init__F)
                  00005c88    00000078                   : BIOS.obj (.text:ti_sysbios_utils_Load_updateCurrentThreadTime__E)
                  00005d00    00000074                   : BIOS.obj (.text:ti_sysbios_family_arm_lm4_Timer_isrStub__E)
                  00005d74    00000070     main_pem4f.oem4f (.text:ti_sysbios_family_arm_m3_Hwi_Object__create__S)
                  00005de4    00000070     sysbios.aem4f : BIOS.obj (.text:ti_sysbios_family_arm_m3_Hwi_reconfig__E)
                  00005e54    00000070                   : BIOS.obj (.text:ti_sysbios_utils_Load_taskDeleteHook__E)
                  00005ec4    00000070     ti.uia.runtime.aem4f : LoggerStopMode.oem4f (.text:ti_uia_runtime_LoggerStopMode_getFilterLevel__E)
                  00005f34    00000070                          : LoggerStopMode.oem4f (.text:ti_uia_runtime_LoggerStopMode_writeBlockOfMemory__I)
                  00005fa4    00000070                          : QueueDescriptor.oem4f (.text:ti_uia_runtime_QueueDescriptor_addToList__E)
                  00006014    00000070     ti.targets.arm.rtsarm.aem4f : Memory.oem4f (.text:xdc_runtime_Memory_alloc__F)
                  00006084    0000006c     sysbios.aem4f : BIOS.obj (.text:ti_sysbios_utils_Load_taskCreateHook__E)
                  000060f0    0000006c     ti.targets.arm.rtsarm.aem4f : Error.oem4f (.text:xdc_runtime_Error_print__F)
                  0000615c    00000068     sysbios.aem4f : BIOS.obj (.text:ti_sysbios_BIOS_rtsUnlock__I)
                  000061c4    00000066     ti.targets.arm.rtsarm.aem4f : Core-mem.oem4f (.text:xdc_runtime_Core_deleteObject__I)
                  0000622a    00000002     main_pem4f.oem4f (.text:xdc_runtime_Startup_reset__I)
                  0000622c    00000064     sysbios.aem4f : BIOS.obj (.text:ti_sysbios_knl_Clock_logTick__E)
                  00006290    00000064                   : BIOS.obj (.text:ti_sysbios_utils_Load_logCPULoad__I)
                  000062f4    00000060     rtsv7M4_T_le_v4SPD16_eabi.lib : trgmsg.obj (.text)
                  00006354    00000060     main_pem4f.oem4f (.text:ti_uia_runtime_LoggerStopMode_Object__create__S)
                  000063b4    0000005e     rtsv7M4_T_le_v4SPD16_eabi.lib : copy_decompress_rle.obj (.text)
                  00006412    00000002     --HOLE-- [fill = 0]
                  00006414    0000005c     sysbios.aem4f : BIOS.obj (.text:ti_sysbios_family_arm_lm4_Timer_Module_startup__F)
                  00006470    0000005b     ti.targets.arm.rtsarm.aem4f : Text.oem4f (.text:xdc_runtime_Text_putLab__F)
                  000064cb    00000001     --HOLE-- [fill = 0]
                  000064cc    0000005a     ti.uia.runtime.aem4f : LoggerStopMode.oem4f (.text:ti_uia_runtime_LoggerStopMode_readBlockOfMemory__I)
                  00006526    00000002     --HOLE-- [fill = 0]
                  00006528    00000058     boot.aem4f : boot.oem4f (.text)
                  00006580    00000058     sysbios.aem4f : BIOS.obj (.text:ti_sysbios_knl_Swi_restoreHwi__E)
                  000065d8    00000058                   : BIOS.obj (.text:ti_sysbios_knl_Swi_schedule__I)
                  00006630    00000054     ti.uia.runtime.aem4f : QueueDescriptor.oem4f (.text:ti_uia_runtime_QueueDescriptor_removeFromList__E)
                  00006684    00000053     main.obj (.text:init_uart)
                  000066d7    00000001     --HOLE-- [fill = 0]
                  000066d8    00000050     sysbios.aem4f : BIOS.obj (.text:ti_sysbios_utils_Load_taskSwitchHook__E)
                  00006728    00000050     ti.targets.arm.rtsarm.aem4f : Startup.oem4f (.text:xdc_runtime_Startup_exec__F)
                  00006778    00000050                                 : System.oem4f (.text:xdc_runtime_System_formatNum__I)
                  000067c8    00000050                                 : Text.oem4f (.text:xdc_runtime_Text_visitRope2__I)
                  00006818    0000004c     sysbios.aem4f : BIOS.obj (.text:ti_sysbios_knl_Swi_runLoop__I)
                  00006864    00000048     driverlib.lib : gpio.obj (.text:GPIOPinConfigure)
                  000068ac    00000048     uart_tivaware.aem4f : UART.oem4f (.text:UART_open)
                  000068f4    00000048     sysbios.aem4f : BIOS.obj (.text:ti_sysbios_BIOS_errorRaiseHook__I)
                  0000693c    00000048                   : BIOS.obj (.text:ti_sysbios_family_arm_m3_Hwi_excReserved__I)
                  00006984    00000048                   : BIOS.obj (.text:ti_sysbios_heaps_HeapMem_getStats__E)
                  000069cc    00000048     ti.targets.arm.rtsarm.aem4f : Assert.oem4f (.text:xdc_runtime_Assert_raise__I)
                  00006a14    00000048                                 : Core-params.oem4f (.text:xdc_runtime_Core_assignParams__I)
                  00006a5c    00000046     ti.uia.runtime.aem4f : LoggerStopMode.oem4f (.text:ti_uia_runtime_LoggerStopMode_Instance_init__F)
                  00006aa2    00000002     --HOLE-- [fill = 0]
                  00006aa4    00000044     rtsv7M4_T_le_v4SPD16_eabi.lib : cpy_tbl.obj (.text)
                  00006ae8    00000044                                   : exit.obj (.text)
                  00006b2c    00000044     sysbios.aem4f : BIOS.obj (.text:ti_sysbios_family_arm_lm4_Timer_stop__E)
                  00006b70    00000044                   : BIOS.obj (.text:ti_sysbios_family_arm_m3_Hwi_disableInterrupt__E)
                  00006bb4    00000044                   : BIOS.obj (.text:ti_sysbios_family_arm_m3_Hwi_enableInterrupt__E)
                  00006bf8    00000044                   : BIOS.obj (.text:ti_sysbios_knl_Task_allBlockedFunction__I)
                  00006c3c    00000044     ti.uia.runtime.aem4f : LoggerStopMode.oem4f (.text:ti_uia_runtime_LoggerStopMode_filterOutEvent__I)
                  00006c80    00000044                          : LoggerStopMode.oem4f (.text:ti_uia_runtime_LoggerStopMode_reset__F)
                  00006cc4    00000044     ti.targets.arm.rtsarm.aem4f : SysMin.oem4f (.text:xdc_runtime_SysMin_flush__F)
                  00006d08    00000042     driverlib.lib : uart.obj (.text:UARTConfigSetExpClk)
                  00006d4a    00000042     sysbios.aem4f : BIOS.obj (.text:ti_sysbios_knl_Semaphore_pendTimeout__I)
                  00006d8c    00000040     EK_LM4F120XL.obj (.text:EK_LM4F120XL_initGeneral)
                  00006dcc    00000040     sysbios.aem4f : BIOS.obj (.text:ti_sysbios_family_arm_lm4_Timer_startup__E)
                  00006e0c    00000040     main_pem4f.oem4f (.text:ti_sysbios_knl_Semaphore_Object__create__S)
                  00006e4c    00000040     ti.targets.arm.rtsarm.aem4f : System.oem4f (.text:xdc_runtime_System_atexit__F)
                  00006e8c    0000003c     main.obj (.text:debug_console)
                  00006ec8    0000003c     sysbios.aem4f : BIOS.obj (.text:ti_sysbios_family_arm_m3_Hwi_excSvCall__I)
                  00006f04    0000003c                   : BIOS.obj (.text:ti_sysbios_heaps_HeapMem_init__I)
                  00006f40    0000003c                   : BIOS.obj (.text:ti_sysbios_knl_Swi_startup__E)
                  00006f7c    0000003c     ti.targets.arm.rtsarm.aem4f : Text.oem4f (.text:xdc_runtime_Text_xprintf__I)
                  00006fb8    00000038     uart_tivaware.aem4f : UART.oem4f (.text:UART_init)
                  00006ff0    00000038     sysbios.aem4f : BIOS.obj (.text:ti_sysbios_family_arm_m3_Hwi_excNoIsr__I)
                  00007028    00000038                   : BIOS.obj (.text:ti_sysbios_family_arm_m3_Hwi_getStackInfo__E)
                  00007060    00000038                   : BIOS.obj (.text:ti_sysbios_family_arm_m3_TaskSupport_start__E)
                  00007098    00000038     main_pem4f.oem4f (.text:ti_sysbios_gates_GateHwi_Object__create__S)
                  000070d0    00000038     main_pem4f.oem4f (.text:ti_sysbios_gates_GateMutex_Object__create__S)
                  00007108    00000038     main_pem4f.oem4f (.text:ti_sysbios_heaps_HeapMem_Object__create__S)
                  00007140    00000038     main_pem4f.oem4f (.text:ti_sysbios_knl_Queue_Object__create__S)
                  00007178    00000038     ti.targets.arm.rtsarm.aem4f : SysMin.oem4f (.text:xdc_runtime_SysMin_putch__F)
                  000071b0    00000034     driverlib.lib : sysctl.obj (.text:SysCtlPeripheralEnable)
                  000071e4    00000034     uart_tivaware.aem4f : UART.oem4f (.text:UART_Params_init)
                  00007218    00000034                         : UART.oem4f (.text:UART_writePolling)
                  0000724c    00000034     main.obj (.text:init_mux_pins)
                  00007280    00000034     main.obj (.text:main)
                  000072b4    00000034     sysbios.aem4f : BIOS.obj (.text:ti_sysbios_family_arm_m3_Hwi_excNmi__I)
                  000072e8    00000034                   : BIOS.obj (.text:ti_sysbios_hal_Hwi_checkStack:ti_sysbios_hal_Hwi_checkStack)
                  0000731c    00000030     main_pem4f.oem4f (.text:ti_sysbios_BIOS_exitFunc__I)
                  0000734c    00000030     sysbios.aem4f : BIOS.obj (.text:ti_sysbios_knl_Idle_run__E)
                  0000737c    00000030     ti.targets.arm.rtsarm.aem4f : Core-label.oem4f (.text:xdc_runtime_Core_assignLabel__I)
                  000073ac    00000030                                 : SysMin.oem4f (.text:xdc_runtime_SysMin_abort__F)
                  000073dc    0000002f                                 : Text.oem4f (.text:xdc_runtime_Text_printVisFxn__I)
                  0000740b    00000001     --HOLE-- [fill = 0]
                  0000740c    0000002e     main_pem4f.oem4f (.text:malloc)
                  0000743a    0000002c     sysbios.aem4f : BIOS.obj (.text:ti_sysbios_hal_Hwi_initStack:ti_sysbios_hal_Hwi_initStack)
                  00007466    00000002     --HOLE-- [fill = 0]
                  00007468    0000002c                   : BIOS.obj (.text:ti_sysbios_io_DEV_Module_startup__F)
                  00007494    0000002c     main_pem4f.oem4f (.text:ti_sysbios_knl_Clock_doTick__I)
                  000074c0    0000002c     sysbios.aem4f : BIOS.obj (.text:ti_sysbios_knl_Task_restore__E)
                  000074ec    0000002c     ti.uia.runtime.aem4f : LoggerStopMode.oem4f (.text:ti_uia_runtime_LoggerStopMode_Module_startup__F)
                  00007518    0000002c                          : LoggerStopMode.oem4f (.text:ti_uia_runtime_LoggerStopMode_disable__E)
                  00007544    0000002c                          : LoggerStopMode.oem4f (.text:ti_uia_runtime_LoggerStopMode_enable__E)
                  00007570    0000002c     ti.targets.arm.rtsarm.aem4f : System.oem4f (.text:xdc_runtime_System_rtsExit__I)
                  0000759c    0000002c                                 : Text.oem4f (.text:xdc_runtime_Text_cordText__F)
                  000075c8    0000002a     driverlib.lib : gpio.obj (.text:GPIODirModeSet)
                  000075f2    0000002a     ti.targets.arm.rtsarm.aem4f : System.oem4f (.text:xdc_runtime_System_putchar__I)
                  0000761c    00000028     main.obj (.text:tcp_connection)
                  00007644    00000028     sysbios.aem4f : m3_Hwi_asm_switch.obj (.text:ti_sysbios_family_arm_m3_Hwi_initStacks__E)
                  0000766c    00000028                   : BIOS.obj (.text:ti_sysbios_gates_GateMutex_Instance_init__F)
                  00007694    00000028     ti.uia.runtime.aem4f : LogSync.oem4f (.text:ti_uia_runtime_LogSync_Module_startup__F)
                  000076bc    00000028                          : QueueDescriptor.oem4f (.text:ti_uia_runtime_QueueDescriptor_initHeader__E)
                  000076e4    00000026     ti.targets.arm.rtsarm.aem4f : System.oem4f (.text:xdc_runtime_System_avprintf__F)
                  0000770a    00000002     --HOLE-- [fill = 0]
                  0000770c    00000024     gpio_tivaware.aem4f : GPIO.oem4f (.text:GPIO_init)
                  00007730    00000024     sysbios.aem4f : BIOS.obj (.text:ti_sysbios_BIOS_registerRTSLock__I)
                  00007754    00000024     main_pem4f.oem4f (.text:ti_sysbios_BIOS_startFunc__I)
                  00007778    00000024     sysbios.aem4f : BIOS.obj (.text:ti_sysbios_family_arm_m3_Hwi_Instance_finalize__F)
                  0000779c    00000024                   : BIOS.obj (.text:ti_sysbios_family_arm_m3_Hwi_doTaskRestore__I)
                  000077c0    00000024     main_pem4f.oem4f (.text:ti_sysbios_gates_GateMutex_Object__delete__S)
                  000077e4    00000024     sysbios.aem4f : BIOS.obj (.text:ti_sysbios_knl_Clock_Module_startup__F)
                  00007808    00000024                   : BIOS.obj (.text:ti_sysbios_knl_Swi_Module_startup__F)
                  0000782c    00000024     ti.uia.runtime.aem4f : LoggerStopMode.oem4f (.text:ti_uia_runtime_LoggerStopMode_Instance_finalize__F)
                  00007850    00000024     ti.targets.arm.rtsarm.aem4f : System.oem4f (.text:xdc_runtime_System_vprintf__F)
                  00007874    00000022     main.obj (.text:ti_sysbios_knl_Queue_create)
                  00007896    00000022     main_pem4f.oem4f (.text:xdc_runtime_SysMin_output__I)
                  000078b8    00000020     sysbios.aem4f : m3_Hwi_asm_switch.obj (.text:ti_sysbios_family_xxx_Hwi_switchAndRunFunc)
                  000078d8    00000020     main_pem4f.oem4f (.text:ti_sysbios_gates_GateHwi_Object__delete__S)
                  000078f8    00000020     main_pem4f.oem4f (.text:ti_sysbios_heaps_HeapMem_Object__delete__S)
                  00007918    00000020     main_pem4f.oem4f (.text:ti_sysbios_knl_Semaphore_Object__destruct__S)
                  00007938    00000020     sysbios.aem4f : BIOS.obj (.text:ti_sysbios_knl_Task_enter__I)
                  00007958    00000020     main_pem4f.oem4f (.text:ti_uia_runtime_LoggerStopMode_Object__delete__S)
                  00007978    00000020     ti.targets.arm.rtsarm.aem4f : Registry.oem4f (.text:xdc_runtime_Registry_findById__F)
                  00007998    00000020                                 : SysMin.oem4f (.text:xdc_runtime_SysMin_Module_startup__F)
                  000079b8    0000001c     driverlib.lib : uart.obj (.text:UARTDisable)
                  000079d4    0000001c     sysbios.aem4f : BIOS.obj (.text:ti_sysbios_BIOS_rtsLock__I)
                  000079f0    0000001c     main_pem4f.oem4f (.text:ti_sysbios_family_arm_m3_Hwi_Object__destruct__S)
                  00007a0c    0000001c     main_pem4f.oem4f (.text:ti_sysbios_knl_Queue_Object__destruct__S)
                  00007a28    0000001c     ti.targets.arm.rtsarm.aem4f : Error.oem4f (.text:xdc_runtime_Error_check__F)
                  00007a44    0000001c                                 : Memory.oem4f (.text:xdc_runtime_Memory_valloc__F)
                  00007a60    0000001c                                 : SysMin.oem4f (.text:xdc_runtime_SysMin_exit__F)
                  00007a7c    0000001a     main_pem4f.oem4f (.text:ti_sysbios_family_arm_m3_Hwi_Handle__label__S)
                  00007a96    0000001a     main_pem4f.oem4f (.text:ti_sysbios_gates_GateHwi_Handle__label__S)
                  00007ab0    0000001a     main_pem4f.oem4f (.text:ti_sysbios_gates_GateMutex_Handle__label__S)
                  00007aca    0000001a     main_pem4f.oem4f (.text:ti_sysbios_heaps_HeapMem_Handle__label__S)
                  00007ae4    0000001a     main_pem4f.oem4f (.text:ti_sysbios_knl_Swi_Handle__label__S)
                  00007afe    0000001a     main_pem4f.oem4f (.text:ti_sysbios_knl_Task_Handle__label__S)
                  00007b18    0000001a     main_pem4f.oem4f (.text:ti_uia_runtime_LoggerStopMode_Handle__label__S)
                  00007b32    0000001a     main_pem4f.oem4f (.text:xdc_runtime_System_aprintf__E)
                  00007b4c    0000001a     main_pem4f.oem4f (.text:xdc_runtime_System_printf__E)
                  00007b66    00000018     driverlib.lib : gpio.obj (.text:GPIOPinTypeGPIOOutput)
                  00007b7e    00000018     main_pem4f.oem4f (.text:free)
                  00007b96    00000002     --HOLE-- [fill = 0]
                  00007b98    00000018     rtsv7M4_T_le_v4SPD16_eabi.lib : args_main.obj (.text)
                  00007bb0    00000018     main_pem4f.oem4f (.text:ti_sysbios_family_arm_lm4_Timer_Module__startupDone__F)
                  00007bc8    00000018     main_pem4f.oem4f (.text:ti_sysbios_family_arm_m3_Hwi_Module__startupDone__F)
                  00007be0    00000018     sysbios.aem4f : m3_TaskSupport_asm.obj (.text:ti_sysbios_family_arm_m3_TaskSupport_swap__E)
                  00007bf8    00000018                   : BIOS.obj (.text:ti_sysbios_gates_GateMutex_leave__E)
                  00007c10    00000018     main_pem4f.oem4f (.text:ti_sysbios_hal_Timer_Module__startupDone__F)
                  00007c28    00000018     ti.targets.arm.rtsarm.aem4f : Text.oem4f (.text:xdc_runtime_Text_ropeText__F)
                  00007c40    00000016     ti.uia.runtime.aem4f : LoggerStopMode.oem4f (.text:ti_uia_runtime_LoggerStopMode_getFreeSize__E)
                  00007c56    00000016                          : LoggerStopMode.oem4f (.text:ti_uia_runtime_LoggerStopMode_getUnreadSize__E)
                  00007c6c    00000014     driverlib.lib : uart.obj (.text:UARTEnable)
                  00007c80    00000014     rtsv7M4_T_le_v4SPD16_eabi.lib : _lock.obj (.text)
                  00007c94    00000014                                   : strlen.obj (.text)
                  00007ca8    00000014     sysbios.aem4f : BIOS.obj (.text:ti_sysbios_family_arm_m3_Hwi_switchFromBootStack__E)
                  00007cbc    00000014     main_pem4f.oem4f (.text:ti_sysbios_heaps_HeapMem_Object__get__S)
                  00007cd0    00000014     main_pem4f.oem4f (.text:ti_sysbios_knl_Swi_Object__get__S)
                  00007ce4    00000014     main_pem4f.oem4f (.text:ti_sysbios_knl_Task_Object__get__S)
                  00007cf8    00000014     ti.targets.arm.rtsarm.aem4f : System.oem4f (.text:xdc_runtime_System_abort__F)
                  00007d0c    00000012     driverlib.lib : gpio.obj (.text:GPIOPinTypeGPIOInput)
                  00007d1e    00000012                   : gpio.obj (.text:GPIOPinTypeUART)
                  00007d30    00000012     rtsv7M4_T_le_v4SPD16_eabi.lib : copy_zero_init.obj (.text:decompress:ZI)
                  00007d42    00000012     sysbios.aem4f : BIOS.obj (.text:ti_sysbios_hal_Hwi_Module_startup__F)
                  00007d54    00000012                   : BIOS.obj (.text:ti_sysbios_hal_Timer_Module_startup__F)
                  00007d66    00000012     ti.uia.runtime.aem4f : LoggerStopMode.oem4f (.text:ti_uia_runtime_LoggerStopMode_write1__E)
                  00007d78    00000012                          : LoggerStopMode.oem4f (.text:ti_uia_runtime_LoggerStopMode_write2__E)
                  00007d8a    00000012     main_pem4f.oem4f (.text:xdc_runtime_Startup_exec__I)
                  00007d9c    00000010     rtsv7M4_T_le_v4SPD16_eabi.lib : strcpy.obj (.text)
                  00007dac    00000010     sysbios.aem4f : BIOS.obj (.text:ti_sysbios_BIOS_getCpuFreq__E)
                  00007dbc    00000010                   : BIOS.obj (.text:ti_sysbios_BIOS_setThreadType__E)
                  00007dcc    00000010                   : BIOS.obj (.text:ti_sysbios_BIOS_start__E)
                  00007ddc    00000010                   : BIOS.obj (.text:ti_sysbios_family_arm_lm4_TimestampProvider_rolloverFunc__E)
                  00007dec    00000010                   : BIOS.obj (.text:ti_sysbios_family_arm_m3_Hwi_excHandler__I)
                  00007dfc    00000010                   : m3_TaskSupport_asm.obj (.text:ti_sysbios_family_arm_m3_TaskSupport_glue)
                  00007e0c    00000010                   : m3_Hwi_asm_switch.obj (.text:ti_sysbios_family_xxx_Hwi_switchToIsrStack)
                  00007e1c    00000010                   : BIOS.obj (.text:ti_sysbios_gates_GateMutex_Instance_finalize__F)
                  00007e2c    00000010     main_pem4f.oem4f (.text:ti_sysbios_io_DEV_Object__get__S)
                  00007e3c    00000010     sysbios.aem4f : BIOS.obj (.text:ti_sysbios_knl_Semaphore_Instance_finalize__F)
                  00007e4c    00000010                   : BIOS.obj (.text:ti_sysbios_knl_Swi_disable__E)
                  00007e5c    00000010                   : BIOS.obj (.text:ti_sysbios_knl_Task_disable__E)
                  00007e6c    00000010     main_pem4f.oem4f (.text:ti_uia_runtime_LoggerStopMode_Object__get__S)
                  00007e7c    00000010     ti.uia.runtime.aem4f : LoggerStopMode.oem4f (.text:ti_uia_runtime_LoggerStopMode_write0__E)
                  00007e8c    00000010     ti.targets.arm.rtsarm.aem4f : Gate.oem4f (.text:xdc_runtime_Gate_leaveSystem__F)
                  00007e9c    00000010                                 : Memory.oem4f (.text:xdc_runtime_Memory_free__F)
                  00007eac    00000010                                 : SysMin.oem4f (.text:xdc_runtime_SysMin_ready__F)
                  00007ebc    00000010                                 : System.oem4f (.text:xdc_runtime_System_vsnprintf__F)
                  00007ecc    00000010     main_pem4f.oem4f (.text:xdc_runtime_Text_visitRope__I)
                  00007edc    0000000e     driverlib.lib : uart.obj (.text:UARTCharGetNonBlocking)
                  00007eea    0000000e                   : uart.obj (.text:UARTCharPutNonBlocking)
                  00007ef8    0000000e     rtsv7M4_T_le_v4SPD16_eabi.lib : copy_decompress_none.obj (.text:decompress:none)
                  00007f06    0000000e     sysbios.aem4f : BIOS.obj (.text:ti_sysbios_knl_Queue_empty__E)
                  00007f14    0000000e     ti.uia.runtime.aem4f : LoggerStopMode.oem4f (.text:ti_uia_runtime_LoggerStopMode_isEmpty__E)
                  00007f22    00000002     --HOLE-- [fill = 0]
                  00007f24    0000000c     main_pem4f.oem4f (.text:.bootCodeSection:ti_catalog_arm_cortexm4_tiva_ce_Boot_init__I)
                  00007f30    0000000c     sysbios.aem4f : BIOS.obj (.text:ti_sysbios_family_arm_lm4_Timer_masterDisable__I)
                  00007f3c    0000000c                   : BIOS.obj (.text:ti_sysbios_family_arm_lm4_TimestampProvider_startTimer__E)
                  00007f48    0000000c     main_pem4f.oem4f (.text:ti_sysbios_family_arm_m3_Hwi_Params__init__S)
                  00007f54    0000000c     sysbios.aem4f : BIOS.obj (.text:ti_sysbios_family_arm_m3_Hwi_disableFxn__E)
                  00007f60    0000000c                   : BIOS.obj (.text:ti_sysbios_family_arm_m3_TaskSupport_checkStack__E)
                  00007f6c    0000000c                   : m3_Hwi_asm_switch.obj (.text:ti_sysbios_family_xxx_Hwi_switchToTaskStack)
                  00007f78    0000000c                   : BIOS.obj (.text:ti_sysbios_gates_GateHwi_enter__E)
                  00007f84    0000000c     main_pem4f.oem4f (.text:ti_sysbios_knl_Queue_Object__get__S)
                  00007f90    0000000c     sysbios.aem4f : BIOS.obj (.text:ti_sysbios_knl_Queue_dequeue__E)
                  00007f9c    0000000c                   : BIOS.obj (.text:ti_sysbios_knl_Queue_enqueue__E)
                  00007fa8    0000000c     main_pem4f.oem4f (.text:ti_sysbios_knl_Semaphore_Params__init__S)
                  00007fb4    0000000c     sysbios.aem4f : BIOS.obj (.text:ti_sysbios_utils_Load_taskRegHook__E)
                  00007fc0    0000000c     ti.targets.arm.rtsarm.aem4f : Error.oem4f (.text:xdc_runtime_Error_init__F)
                  00007fcc    0000000c                                 : Gate.oem4f (.text:xdc_runtime_Gate_enterSystem__F)
                  00007fd8    0000000c                                 : Memory.oem4f (.text:xdc_runtime_Memory_calloc__F)
                  00007fe4    0000000c                                 : Memory.oem4f (.text:xdc_runtime_Memory_getMaxDefaultTypeAlign__F)
                  00007ff0    0000000c                                 : System.oem4f (.text:xdc_runtime_System_exit__F)
                  00007ffc    0000000c                                 : System.oem4f (.text:xdc_runtime_System_lastFxn__I)
                  00008008    0000000a     driverlib.lib : uart.obj (.text:UARTCharGet)
                  00008012    0000000a                   : uart.obj (.text:UARTCharPut)
                  0000801c    0000000a                   : uart.obj (.text:UARTIntDisable)
                  00008026    0000000a                   : uart.obj (.text:UARTIntStatus)
                  00008030    0000000a     main_pem4f.oem4f (.text:xdc_runtime_IHeap_alloc)
                  0000803a    0000000a     main_pem4f.oem4f (.text:xdc_runtime_IHeap_free)
                  00008044    00000008     driverlib.lib : uart.obj (.text:UARTIntEnable)
                  0000804c    00000008     uart_tivaware.aem4f : UARTTiva.oem4f (.text:UARTTiva_init)
                  00008054    00000008                         : UARTTiva.oem4f (.text:readSemCallback)
                  0000805c    00000008     sysbios.aem4f : BIOS.obj (.text:ti_sysbios_family_arm_m3_Hwi_doSwiRestore__I)
                  00008064    00000008                   : BIOS.obj (.text:ti_sysbios_family_arm_m3_Hwi_startup__E)
                  0000806c    00000008                   : BIOS.obj (.text:ti_sysbios_knl_Idle_loop__E)
                  00008074    00000008     uart_tivaware.aem4f : UARTTiva.oem4f (.text:writeSemCallback)
                  0000807c    00000006     driverlib.lib : gpio.obj (.text:GPIOPinWrite)
                  00008082    00000006                   : uart.obj (.text:UARTFIFOLevelSet)
                  00008088    00000006     ti.targets.arm.rtsarm.aem4f : xdc_noinit.oem4f (.text:__xdc__init)
                  0000808e    00000006     rtsv7M4_T_le_v4SPD16_eabi.lib : copy_decompress_rle.obj (.text:decompress:rle24)
                  00008094    00000006     Boot.aem4f : Boot_sysctl.oem4f (.text:ti_catalog_arm_cortexm4_tiva_ce_Boot_sysCtlDelayI__I)
                  0000809a    00000006     sysbios.aem4f : BIOS.obj (.text:ti_sysbios_family_arm_lm4_TimestampProvider_Module_startup__F)
                  000080a0    00000006                   : BIOS.obj (.text:ti_sysbios_family_arm_m3_Hwi_restoreFxn__E)
                  000080a6    00000006                   : BIOS.obj (.text:ti_sysbios_gates_GateHwi_leave__E)
                  000080ac    00000006                   : BIOS.obj (.text:ti_sysbios_heaps_HeapMem_isBlocking__E)
                  000080b2    00000006                   : BIOS.obj (.text:ti_sysbios_knl_Queue_Instance_init__F)
                  000080b8    00000006     ti.uia.runtime.aem4f : LoggerStopMode.oem4f (.text:ti_uia_runtime_LoggerStopMode_getPriority__E)
                  000080be    00000006                          : LoggerStopMode.oem4f (.text:ti_uia_runtime_LoggerStopMode_getTransferType__F)
                  000080c4    00000006     ti.targets.arm.rtsarm.aem4f : System.oem4f (.text:xdc_runtime_System_Module_startup__F)
                  000080ca    00000004     driverlib.lib : uart.obj (.text:UARTIntClear)
                  000080ce    00000004     main_pem4f.oem4f (.text:ti_sysbios_BIOS_RtsGateProxy_enter__E)
                  000080d2    00000004     main_pem4f.oem4f (.text:ti_sysbios_BIOS_RtsGateProxy_leave__E)
                  000080d6    00000004     sysbios.aem4f : BIOS.obj (.text:ti_sysbios_family_arm_lm4_Timer_getPeriod__E)
                  000080da    00000004                   : BIOS.obj (.text:ti_sysbios_family_arm_lm4_Timer_masterEnable__I)
                  000080de    00000004     main_pem4f.oem4f (.text:ti_sysbios_family_arm_m3_TaskSupport_Module__startupDone__S)
                  000080e2    00000004     sysbios.aem4f : BIOS.obj (.text:ti_sysbios_gates_GateHwi_query__F)
                  000080e6    00000004                   : BIOS.obj (.text:ti_sysbios_gates_GateMutex_query__F)
                  000080ea    00000004     main_pem4f.oem4f (.text:ti_sysbios_hal_Hwi_HwiProxy_Module__startupDone__S)
                  000080ee    00000004     main_pem4f.oem4f (.text:ti_sysbios_hal_Timer_TimerProxy_Module__startupDone__S)
                  000080f2    00000004     main_pem4f.oem4f (.text:ti_sysbios_hal_Timer_TimerProxy_getPeriod__E)
                  000080f6    00000004     main_pem4f.oem4f (.text:ti_sysbios_heaps_HeapMem_Module_GateProxy_enter__E)
                  000080fa    00000004     main_pem4f.oem4f (.text:ti_sysbios_heaps_HeapMem_Module_GateProxy_leave__E)
                  000080fe    00000004     main_pem4f.oem4f (.text:ti_sysbios_knl_Task_SupportProxy_Module__startupDone__S)
                  00008102    00000004     sysbios.aem4f : BIOS.obj (.text:ti_sysbios_knl_Task_startup__E)
                  00008106    00000004     main_pem4f.oem4f (.text:ti_uia_runtime_LogSync_CpuTimestampProxy_Module__startupDone__S)
                  0000810a    00000004     main_pem4f.oem4f (.text:ti_uia_runtime_LogSync_GlobalTimestampProxy_Module__startupDone__S)
                  0000810e    00000004     ti.uia.runtime.aem4f : LoggerStopMode.oem4f (.text:ti_uia_runtime_LoggerStopMode_getInstanceId__E)
                  00008112    00000004                          : LoggerStopMode.oem4f (.text:ti_uia_runtime_LoggerStopMode_getMaxLength__E)
                  00008116    00000004                          : LoggerStopMode.oem4f (.text:ti_uia_runtime_LoggerStopMode_setPriority__E)
                  0000811a    00000004     ti.targets.arm.rtsarm.aem4f : Error.oem4f (.text:xdc_runtime_Error_getSite__F)
                  0000811e    00000004     main_pem4f.oem4f (.text:xdc_runtime_Memory_HeapProxy_alloc__E)
                  00008122    00000004     main_pem4f.oem4f (.text:xdc_runtime_Memory_HeapProxy_free__E)
                  00008126    00000004     main_pem4f.oem4f (.text:xdc_runtime_System_Module_GateProxy_enter__E)
                  0000812a    00000004     main_pem4f.oem4f (.text:xdc_runtime_System_Module_GateProxy_leave__E)
                  0000812e    00000004     ti.targets.arm.rtsarm.aem4f : System.oem4f (.text:xdc_runtime_System_aprintf_va__F)
                  00008132    00000004                                 : System.oem4f (.text:xdc_runtime_System_printf_va__F)
                  00008136    00000004     main_pem4f.oem4f (.text:xdc_runtime_System_vsnprintf__E)
                  0000813a    00000004     main_pem4f.oem4f (.text:xdc_runtime_TimestampNull_Module__startupDone__S)
                  0000813e    00000004     main_pem4f.oem4f (.text:xdc_runtime_Timestamp_Module__startupDone__S)

.const     0    00008144    00002e46     
                  00008144    000023a7     main_pem4f.oem4f (.const:xdc_runtime_Text_charTab__A)
                  0000a4eb    00000001     main_pem4f.oem4f (.const:xdc_runtime_Error_policy__C)
                  0000a4ec    0000013c     main_pem4f.oem4f (.const:xdc_runtime_Text_nodeTab__A)
                  0000a628    000000d8     main_pem4f.oem4f (.const:ti_sysbios_family_arm_m3_Hwi_priorities__A)
                  0000a700    00000090     driverlib.lib : gpio.obj (.const:g_pui32GPIOBaseAddrs)
                  0000a790    0000006c     EK_LM4F120XL.obj (.const:UART_config)
                  0000a7fc    00000060     main_pem4f.oem4f (.const:ti_uia_runtime_LoggerStopMode_Module__FXNS__C)
                  0000a85c    00000048     main_pem4f.oem4f (.const:.string)
                  0000a8a4    00000040     EK_LM4F120XL.obj (.const:uartTivaHWAttrs)
                  0000a8e4    0000003c     EK_LM4F120XL.obj (.const:gpioHWAttrs)
                  0000a920    00000034     main_pem4f.oem4f (.const:xdc_runtime_Startup_sfxnTab__A)
                  0000a954    00000030     main_pem4f.oem4f (.const:ti_sysbios_family_arm_m3_Hwi_Object__PARAMS__C)
                  0000a984    00000030     main_pem4f.oem4f (.const:ti_sysbios_knl_Task_hooks__A)
                  0000a9b4    00000030     main_pem4f.oem4f (.const:ti_uia_runtime_LoggerStopMode_Object__PARAMS__C)
                  0000a9e4    00000028     main_pem4f.oem4f (.const:ti_sysbios_heaps_HeapMem_Module__FXNS__C)
                  0000aa0c    00000024     uart_tivaware.aem4f : UARTTiva.oem4f (.const:UARTTiva_fxnTable)
                  0000aa30    00000024     main_pem4f.oem4f (.const:ti_sysbios_gates_GateHwi_Module__FXNS__C)
                  0000aa54    00000024     main_pem4f.oem4f (.const:ti_sysbios_gates_GateMutex_Module__FXNS__C)
                  0000aa78    00000024     main_pem4f.oem4f (.const:ti_sysbios_heaps_HeapMem_Object__PARAMS__C)
                  0000aa9c    00000024     main_pem4f.oem4f (.const:ti_sysbios_knl_Semaphore_Object__PARAMS__C)
                  0000aac0    00000020     main_pem4f.oem4f (.const:ti_sysbios_family_arm_m3_Hwi_Object__DESC__C)
                  0000aae0    00000020     main_pem4f.oem4f (.const:ti_sysbios_gates_GateHwi_Object__DESC__C)
                  0000ab00    00000020     main_pem4f.oem4f (.const:ti_sysbios_gates_GateMutex_Object__DESC__C)
                  0000ab20    00000020     main_pem4f.oem4f (.const:ti_sysbios_heaps_HeapMem_Object__DESC__C)
                  0000ab40    00000020     main_pem4f.oem4f (.const:ti_sysbios_knl_Queue_Object__DESC__C)
                  0000ab60    00000020     main_pem4f.oem4f (.const:ti_sysbios_knl_Semaphore_Object__DESC__C)
                  0000ab80    00000020     main_pem4f.oem4f (.const:ti_uia_runtime_LoggerStopMode_Object__DESC__C)
                  0000aba0    00000020     uart_tivaware.aem4f : UART.oem4f (.const)
                  0000abc0    0000001a     main_pem4f.oem4f (.const:xdc_runtime_Startup_sfxnRts__A)
                  0000abda    00000002     main_pem4f.oem4f (.const:ti_catalog_arm_cortexm4_tiva_ce_Boot_Module__id__C)
                  0000abdc    00000018     EK_LM4F120XL.obj (.const)
                  0000abf4    00000018     main_pem4f.oem4f (.const:ti_sysbios_gates_GateHwi_Object__PARAMS__C)
                  0000ac0c    00000018     main_pem4f.oem4f (.const:ti_sysbios_gates_GateMutex_Object__PARAMS__C)
                  0000ac24    00000018     main_pem4f.oem4f (.const:ti_sysbios_knl_Queue_Object__PARAMS__C)
                  0000ac3c    00000014     main_pem4f.oem4f (.const:xdc_runtime_Startup_firstFxns__A)
                  0000ac50    00000011     ti.targets.arm.rtsarm.aem4f : System.oem4f (.const)
                  0000ac61    00000001     --HOLE-- [fill = 0]
                  0000ac62    00000002     main_pem4f.oem4f (.const:ti_sysbios_BIOS_Module__id__C)
                  0000ac64    00000008     main_pem4f.oem4f (.const:ti_sysbios_family_arm_m3_Hwi_excHookFuncs__A)
                  0000ac6c    00000008     main_pem4f.oem4f (.const:ti_sysbios_knl_Idle_coreList__A)
                  0000ac74    00000008     main_pem4f.oem4f (.const:ti_sysbios_knl_Idle_coreList__C)
                  0000ac7c    00000008     main_pem4f.oem4f (.const:ti_sysbios_knl_Idle_funcList__A)
                  0000ac84    00000008     main_pem4f.oem4f (.const:ti_sysbios_knl_Idle_funcList__C)
                  0000ac8c    00000008     main_pem4f.oem4f (.const:ti_sysbios_knl_Task_hooks__C)
                  0000ac94    00000008     main_pem4f.oem4f (.const:xdc_runtime_Startup_firstFxns__C)
                  0000ac9c    00000008     main_pem4f.oem4f (.const:xdc_runtime_Startup_lastFxns__A)
                  0000aca4    00000008     main_pem4f.oem4f (.const:xdc_runtime_Startup_lastFxns__C)
                  0000acac    00000004     main_pem4f.oem4f (.const:ti_catalog_arm_cortexm4_tiva_ce_Boot_A_mustUseEnhancedClockMode__C)
                  0000acb0    00000004     main_pem4f.oem4f (.const:ti_catalog_arm_cortexm4_tiva_ce_Boot_Module__diagsEnabled__C)
                  0000acb4    00000004     main_pem4f.oem4f (.const:ti_catalog_arm_cortexm4_tiva_ce_Boot_Module__diagsIncluded__C)
                  0000acb8    00000004     main_pem4f.oem4f (.const:ti_catalog_arm_cortexm4_tiva_ce_Boot_Module__diagsMask__C)
                  0000acbc    00000004     main_pem4f.oem4f (.const:ti_sysbios_BIOS_Module__diagsEnabled__C)
                  0000acc0    00000004     main_pem4f.oem4f (.const:ti_sysbios_BIOS_Module__diagsIncluded__C)
                  0000acc4    00000004     main_pem4f.oem4f (.const:ti_sysbios_BIOS_Module__diagsMask__C)
                  0000acc8    00000004     main_pem4f.oem4f (.const:ti_sysbios_BIOS_installedErrorHook__C)
                  0000accc    00000004     main_pem4f.oem4f (.const:ti_sysbios_family_arm_lm4_Timer_enableFunc__C)
                  0000acd0    00000004     main_pem4f.oem4f (.const:ti_sysbios_family_arm_lm4_Timer_numTimerDevices__C)
                  0000acd4    00000004     main_pem4f.oem4f (.const:ti_sysbios_family_arm_lm4_Timer_startupNeeded__C)
                  0000acd8    00000004     main_pem4f.oem4f (.const:ti_sysbios_family_arm_m3_Hwi_E_NMI__C)
                  0000acdc    00000004     main_pem4f.oem4f (.const:ti_sysbios_family_arm_m3_Hwi_E_alreadyDefined__C)
                  0000ace0    00000004     main_pem4f.oem4f (.const:ti_sysbios_family_arm_m3_Hwi_E_busFault__C)
                  0000ace4    00000004     main_pem4f.oem4f (.const:ti_sysbios_family_arm_m3_Hwi_E_debugMon__C)
                  0000ace8    00000004     main_pem4f.oem4f (.const:ti_sysbios_family_arm_m3_Hwi_E_hardFault__C)
                  0000acec    00000004     main_pem4f.oem4f (.const:ti_sysbios_family_arm_m3_Hwi_E_memFault__C)
                  0000acf0    00000004     main_pem4f.oem4f (.const:ti_sysbios_family_arm_m3_Hwi_E_noIsr__C)
                  0000acf4    00000004     main_pem4f.oem4f (.const:ti_sysbios_family_arm_m3_Hwi_E_reserved__C)
                  0000acf8    00000004     main_pem4f.oem4f (.const:ti_sysbios_family_arm_m3_Hwi_E_svCall__C)
                  0000acfc    00000004     main_pem4f.oem4f (.const:ti_sysbios_family_arm_m3_Hwi_E_usageFault__C)
                  0000ad00    00000004     main_pem4f.oem4f (.const:ti_sysbios_family_arm_m3_Hwi_LD_end__C)
                  0000ad04    00000004     main_pem4f.oem4f (.const:ti_sysbios_family_arm_m3_Hwi_LM_begin__C)
                  0000ad08    00000004     main_pem4f.oem4f (.const:ti_sysbios_family_arm_m3_Hwi_Module__diagsEnabled__C)
                  0000ad0c    00000004     main_pem4f.oem4f (.const:ti_sysbios_family_arm_m3_Hwi_Module__diagsIncluded__C)
                  0000ad10    00000004     main_pem4f.oem4f (.const:ti_sysbios_family_arm_m3_Hwi_Module__diagsMask__C)
                  0000ad14    00000004     main_pem4f.oem4f (.const:ti_sysbios_family_arm_m3_Hwi_Module__loggerFxn1__C)
                  0000ad18    00000004     main_pem4f.oem4f (.const:ti_sysbios_family_arm_m3_Hwi_Module__loggerFxn8__C)
                  0000ad1c    00000004     main_pem4f.oem4f (.const:ti_sysbios_family_arm_m3_Hwi_Module__loggerObj__C)
                  0000ad20    00000004     main_pem4f.oem4f (.const:ti_sysbios_family_arm_m3_Hwi_NUM_INTERRUPTS__C)
                  0000ad24    00000004     main_pem4f.oem4f (.const:ti_sysbios_family_arm_m3_Hwi_ccr__C)
                  0000ad28    00000004     main_pem4f.oem4f (.const:ti_sysbios_family_arm_m3_Hwi_dispatchTable__C)
                  0000ad2c    00000004     main_pem4f.oem4f (.const:ti_sysbios_family_arm_m3_Hwi_excHandlerFunc__C)
                  0000ad30    00000004     main_pem4f.oem4f (.const:ti_sysbios_family_arm_m3_Hwi_excHookFuncs__C)
                  0000ad34    00000004     main_pem4f.oem4f (.const:ti_sysbios_family_arm_m3_Hwi_priGroup__C)
                  0000ad38    00000004     main_pem4f.oem4f (.const:ti_sysbios_family_arm_m3_Hwi_priorities__C)
                  0000ad3c    00000004     main_pem4f.oem4f (.const:ti_sysbios_gates_GateMutex_A_badContext__C)
                  0000ad40    00000004     main_pem4f.oem4f (.const:ti_sysbios_gates_GateMutex_Instance_State_sem__O)
                  0000ad44    00000004     main_pem4f.oem4f (.const:ti_sysbios_gates_GateMutex_Module__diagsEnabled__C)
                  0000ad48    00000004     main_pem4f.oem4f (.const:ti_sysbios_gates_GateMutex_Module__diagsIncluded__C)
                  0000ad4c    00000004     main_pem4f.oem4f (.const:ti_sysbios_gates_GateMutex_Module__diagsMask__C)
                  0000ad50    00000004     main_pem4f.oem4f (.const:ti_sysbios_hal_Hwi_E_stackOverflow__C)
                  0000ad54    00000004     main_pem4f.oem4f (.const:ti_sysbios_heaps_HeapMem_A_align__C)
                  0000ad58    00000004     main_pem4f.oem4f (.const:ti_sysbios_heaps_HeapMem_A_heapSize__C)
                  0000ad5c    00000004     main_pem4f.oem4f (.const:ti_sysbios_heaps_HeapMem_A_invalidFree__C)
                  0000ad60    00000004     main_pem4f.oem4f (.const:ti_sysbios_heaps_HeapMem_A_zeroBlock__C)
                  0000ad64    00000004     main_pem4f.oem4f (.const:ti_sysbios_heaps_HeapMem_E_memory__C)
                  0000ad68    00000004     main_pem4f.oem4f (.const:ti_sysbios_heaps_HeapMem_Module__diagsEnabled__C)
                  0000ad6c    00000004     main_pem4f.oem4f (.const:ti_sysbios_heaps_HeapMem_Module__diagsIncluded__C)
                  0000ad70    00000004     main_pem4f.oem4f (.const:ti_sysbios_heaps_HeapMem_Module__diagsMask__C)
                  0000ad74    00000004     main_pem4f.oem4f (.const:ti_sysbios_heaps_HeapMem_Module__gateObj__C)
                  0000ad78    00000004     main_pem4f.oem4f (.const:ti_sysbios_heaps_HeapMem_Object__count__C)
                  0000ad7c    00000004     main_pem4f.oem4f (.const:ti_sysbios_heaps_HeapMem_reqAlign__C)
                  0000ad80    00000004     main_pem4f.oem4f (.const:ti_sysbios_io_DEV_Object__count__C)
                  0000ad84    00000004     main_pem4f.oem4f (.const:ti_sysbios_io_DEV_tableSize__C)
                  0000ad88    00000004     main_pem4f.oem4f (.const:ti_sysbios_knl_Clock_LM_begin__C)
                  0000ad8c    00000004     main_pem4f.oem4f (.const:ti_sysbios_knl_Clock_LM_tick__C)
                  0000ad90    00000004     main_pem4f.oem4f (.const:ti_sysbios_knl_Clock_LW_delayed__C)
                  0000ad94    00000004     main_pem4f.oem4f (.const:ti_sysbios_knl_Clock_Module_State_clockQ__O)
                  0000ad98    00000004     main_pem4f.oem4f (.const:ti_sysbios_knl_Clock_Module__diagsEnabled__C)
                  0000ad9c    00000004     main_pem4f.oem4f (.const:ti_sysbios_knl_Clock_Module__diagsIncluded__C)
                  0000ada0    00000004     main_pem4f.oem4f (.const:ti_sysbios_knl_Clock_Module__diagsMask__C)
                  0000ada4    00000004     main_pem4f.oem4f (.const:ti_sysbios_knl_Clock_Module__loggerFxn1__C)
                  0000ada8    00000004     main_pem4f.oem4f (.const:ti_sysbios_knl_Clock_Module__loggerFxn2__C)
                  0000adac    00000004     main_pem4f.oem4f (.const:ti_sysbios_knl_Clock_Module__loggerObj__C)
                  0000adb0    00000004     main_pem4f.oem4f (.const:ti_sysbios_knl_Semaphore_A_badContext__C)
                  0000adb4    00000004     main_pem4f.oem4f (.const:ti_sysbios_knl_Semaphore_A_noEvents__C)
                  0000adb8    00000004     main_pem4f.oem4f (.const:ti_sysbios_knl_Semaphore_A_overflow__C)
                  0000adbc    00000004     main_pem4f.oem4f (.const:ti_sysbios_knl_Semaphore_A_pendTaskDisabled__C)
                  0000adc0    00000004     main_pem4f.oem4f (.const:ti_sysbios_knl_Semaphore_Instance_State_pendQ__O)
                  0000adc4    00000004     main_pem4f.oem4f (.const:ti_sysbios_knl_Semaphore_LM_pend__C)
                  0000adc8    00000004     main_pem4f.oem4f (.const:ti_sysbios_knl_Semaphore_LM_post__C)
                  0000adcc    00000004     main_pem4f.oem4f (.const:ti_sysbios_knl_Semaphore_Module__diagsEnabled__C)
                  0000add0    00000004     main_pem4f.oem4f (.const:ti_sysbios_knl_Semaphore_Module__diagsIncluded__C)
                  0000add4    00000004     main_pem4f.oem4f (.const:ti_sysbios_knl_Semaphore_Module__diagsMask__C)
                  0000add8    00000004     main_pem4f.oem4f (.const:ti_sysbios_knl_Semaphore_Module__loggerFxn2__C)
                  0000addc    00000004     main_pem4f.oem4f (.const:ti_sysbios_knl_Semaphore_Module__loggerFxn4__C)
                  0000ade0    00000004     main_pem4f.oem4f (.const:ti_sysbios_knl_Semaphore_Module__loggerObj__C)
                  0000ade4    00000004     main_pem4f.oem4f (.const:ti_sysbios_knl_Swi_LD_end__C)
                  0000ade8    00000004     main_pem4f.oem4f (.const:ti_sysbios_knl_Swi_LM_begin__C)
                  0000adec    00000004     main_pem4f.oem4f (.const:ti_sysbios_knl_Swi_LM_post__C)
                  0000adf0    00000004     main_pem4f.oem4f (.const:ti_sysbios_knl_Swi_Module__diagsEnabled__C)
                  0000adf4    00000004     main_pem4f.oem4f (.const:ti_sysbios_knl_Swi_Module__diagsIncluded__C)
                  0000adf8    00000004     main_pem4f.oem4f (.const:ti_sysbios_knl_Swi_Module__diagsMask__C)
                  0000adfc    00000004     main_pem4f.oem4f (.const:ti_sysbios_knl_Swi_Module__loggerFxn1__C)
                  0000ae00    00000004     main_pem4f.oem4f (.const:ti_sysbios_knl_Swi_Module__loggerFxn4__C)
                  0000ae04    00000004     main_pem4f.oem4f (.const:ti_sysbios_knl_Swi_Module__loggerObj__C)
                  0000ae08    00000004     main_pem4f.oem4f (.const:ti_sysbios_knl_Swi_Object__count__C)
                  0000ae0c    00000004     main_pem4f.oem4f (.const:ti_sysbios_knl_Task_E_spOutOfBounds__C)
                  0000ae10    00000004     main_pem4f.oem4f (.const:ti_sysbios_knl_Task_E_stackOverflow__C)
                  0000ae14    00000004     main_pem4f.oem4f (.const:ti_sysbios_knl_Task_LD_block__C)
                  0000ae18    00000004     main_pem4f.oem4f (.const:ti_sysbios_knl_Task_LD_exit__C)
                  0000ae1c    00000004     main_pem4f.oem4f (.const:ti_sysbios_knl_Task_LD_ready__C)
                  0000ae20    00000004     main_pem4f.oem4f (.const:ti_sysbios_knl_Task_LM_switch__C)
                  0000ae24    00000004     main_pem4f.oem4f (.const:ti_sysbios_knl_Task_Module_State_inactiveQ__O)
                  0000ae28    00000004     main_pem4f.oem4f (.const:ti_sysbios_knl_Task_Module__diagsEnabled__C)
                  0000ae2c    00000004     main_pem4f.oem4f (.const:ti_sysbios_knl_Task_Module__diagsIncluded__C)
                  0000ae30    00000004     main_pem4f.oem4f (.const:ti_sysbios_knl_Task_Module__diagsMask__C)
                  0000ae34    00000004     main_pem4f.oem4f (.const:ti_sysbios_knl_Task_Module__loggerFxn2__C)
                  0000ae38    00000004     main_pem4f.oem4f (.const:ti_sysbios_knl_Task_Module__loggerFxn4__C)
                  0000ae3c    00000004     main_pem4f.oem4f (.const:ti_sysbios_knl_Task_Module__loggerObj__C)
                  0000ae40    00000004     main_pem4f.oem4f (.const:ti_sysbios_knl_Task_Object__count__C)
                  0000ae44    00000004     main_pem4f.oem4f (.const:ti_sysbios_knl_Task_Object__heap__C)
                  0000ae48    00000004     main_pem4f.oem4f (.const:ti_sysbios_knl_Task_allBlockedFunc__C)
                  0000ae4c    00000004     main_pem4f.oem4f (.const:ti_sysbios_knl_Task_numConstructedTasks__C)
                  0000ae50    00000004     main_pem4f.oem4f (.const:ti_sysbios_utils_Load_LS_cpuLoad__C)
                  0000ae54    00000004     main_pem4f.oem4f (.const:ti_sysbios_utils_Load_LS_hwiLoad__C)
                  0000ae58    00000004     main_pem4f.oem4f (.const:ti_sysbios_utils_Load_LS_taskLoad__C)
                  0000ae5c    00000004     main_pem4f.oem4f (.const:ti_sysbios_utils_Load_Module_State_taskList__O)
                  0000ae60    00000004     main_pem4f.oem4f (.const:ti_sysbios_utils_Load_Module__diagsEnabled__C)
                  0000ae64    00000004     main_pem4f.oem4f (.const:ti_sysbios_utils_Load_Module__diagsIncluded__C)
                  0000ae68    00000004     main_pem4f.oem4f (.const:ti_sysbios_utils_Load_Module__diagsMask__C)
                  0000ae6c    00000004     main_pem4f.oem4f (.const:ti_sysbios_utils_Load_Module__loggerFxn1__C)
                  0000ae70    00000004     main_pem4f.oem4f (.const:ti_sysbios_utils_Load_Module__loggerFxn2__C)
                  0000ae74    00000004     main_pem4f.oem4f (.const:ti_sysbios_utils_Load_Module__loggerFxn4__C)
                  0000ae78    00000004     main_pem4f.oem4f (.const:ti_sysbios_utils_Load_Module__loggerObj__C)
                  0000ae7c    00000004     main_pem4f.oem4f (.const:ti_sysbios_utils_Load_postUpdate__C)
                  0000ae80    00000004     main_pem4f.oem4f (.const:ti_sysbios_utils_Load_windowInMs__C)
                  0000ae84    00000004     main_pem4f.oem4f (.const:ti_uia_runtime_ILoggerSnapshot_Interface__BASE__C)
                  0000ae88    00000004     main_pem4f.oem4f (.const:ti_uia_runtime_IUIATransfer_Interface__BASE__C)
                  0000ae8c    00000004     main_pem4f.oem4f (.const:ti_uia_runtime_LoggerStopMode_E_badLevel__C)
                  0000ae90    00000004     main_pem4f.oem4f (.const:ti_uia_runtime_LoggerStopMode_Object__count__C)
                  0000ae94    00000004     main_pem4f.oem4f (.const:ti_uia_runtime_LoggerStopMode_overflowLogger__C)
                  0000ae98    00000004     main_pem4f.oem4f (.const:ti_uia_runtime_LoggerStopMode_statusLogger__C)
                  0000ae9c    00000004     main_pem4f.oem4f (.const:xdc_runtime_Assert_E_assertFailed__C)
                  0000aea0    00000004     main_pem4f.oem4f (.const:xdc_runtime_Core_A_initializedParams__C)
                  0000aea4    00000004     main_pem4f.oem4f (.const:xdc_runtime_Core_Module__diagsEnabled__C)
                  0000aea8    00000004     main_pem4f.oem4f (.const:xdc_runtime_Core_Module__diagsIncluded__C)
                  0000aeac    00000004     main_pem4f.oem4f (.const:xdc_runtime_Core_Module__diagsMask__C)
                  0000aeb0    00000004     main_pem4f.oem4f (.const:xdc_runtime_Error_E_generic__C)
                  0000aeb4    00000004     main_pem4f.oem4f (.const:xdc_runtime_Error_E_memory__C)
                  0000aeb8    00000004     main_pem4f.oem4f (.const:xdc_runtime_Error_Module__diagsEnabled__C)
                  0000aebc    00000004     main_pem4f.oem4f (.const:xdc_runtime_Error_Module__diagsIncluded__C)
                  0000aec0    00000004     main_pem4f.oem4f (.const:xdc_runtime_Error_Module__diagsMask__C)
                  0000aec4    00000004     main_pem4f.oem4f (.const:xdc_runtime_Error_Module__loggerFxn8__C)
                  0000aec8    00000004     main_pem4f.oem4f (.const:xdc_runtime_Error_Module__loggerObj__C)
                  0000aecc    00000004     main_pem4f.oem4f (.const:xdc_runtime_Error_raiseHook__C)
                  0000aed0    00000004     main_pem4f.oem4f (.const:xdc_runtime_IFilterLogger_Interface__BASE__C)
                  0000aed4    00000004     main_pem4f.oem4f (.const:xdc_runtime_IGateProvider_Interface__BASE__C)
                  0000aed8    00000004     main_pem4f.oem4f (.const:xdc_runtime_IHeap_Interface__BASE__C)
                  0000aedc    00000004     main_pem4f.oem4f (.const:xdc_runtime_ILogger_Interface__BASE__C)
                  0000aee0    00000004     main_pem4f.oem4f (.const:xdc_runtime_IModule_Interface__BASE__C)
                  0000aee4    00000004     main_pem4f.oem4f (.const:xdc_runtime_Log_L_error__C)
                  0000aee8    00000004     main_pem4f.oem4f (.const:xdc_runtime_Log_L_warning__C)
                  0000aeec    00000004     main_pem4f.oem4f (.const:xdc_runtime_Main_Module__diagsEnabled__C)
                  0000aef0    00000004     main_pem4f.oem4f (.const:xdc_runtime_Main_Module__diagsIncluded__C)
                  0000aef4    00000004     main_pem4f.oem4f (.const:xdc_runtime_Main_Module__diagsMask__C)
                  0000aef8    00000004     main_pem4f.oem4f (.const:xdc_runtime_Main_Module__loggerFxn2__C)
                  0000aefc    00000004     main_pem4f.oem4f (.const:xdc_runtime_Main_Module__loggerFxn4__C)
                  0000af00    00000004     main_pem4f.oem4f (.const:xdc_runtime_Main_Module__loggerObj__C)
                  0000af04    00000004     main_pem4f.oem4f (.const:xdc_runtime_Memory_defaultHeapInstance__C)
                  0000af08    00000004     main_pem4f.oem4f (.const:xdc_runtime_Startup_execImpl__C)
                  0000af0c    00000004     main_pem4f.oem4f (.const:xdc_runtime_Startup_maxPasses__C)
                  0000af10    00000004     main_pem4f.oem4f (.const:xdc_runtime_Startup_sfxnRts__C)
                  0000af14    00000004     main_pem4f.oem4f (.const:xdc_runtime_Startup_sfxnTab__C)
                  0000af18    00000004     main_pem4f.oem4f (.const:xdc_runtime_SysMin_bufSize__C)
                  0000af1c    00000004     main_pem4f.oem4f (.const:xdc_runtime_SysMin_outputFunc__C)
                  0000af20    00000004     main_pem4f.oem4f (.const:xdc_runtime_System_Module__gateObj__C)
                  0000af24    00000004     main_pem4f.oem4f (.const:xdc_runtime_System_extendFxn__C)
                  0000af28    00000004     main_pem4f.oem4f (.const:xdc_runtime_System_maxAtexitHandlers__C)
                  0000af2c    00000004     main_pem4f.oem4f (.const:xdc_runtime_Text_charTab__C)
                  0000af30    00000004     main_pem4f.oem4f (.const:xdc_runtime_Text_nameEmpty__C)
                  0000af34    00000004     main_pem4f.oem4f (.const:xdc_runtime_Text_nameStatic__C)
                  0000af38    00000004     main_pem4f.oem4f (.const:xdc_runtime_Text_nameUnknown__C)
                  0000af3c    00000004     main_pem4f.oem4f (.const:xdc_runtime_Text_nodeTab__C)
                  0000af40    00000004     main_pem4f.oem4f (.const:xdc_runtime_Text_visitRopeFxn__C)
                  0000af44    00000002     main_pem4f.oem4f (.const:ti_sysbios_family_arm_lm4_TimestampProvider_useClockTimer__C)
                  0000af46    00000002     main_pem4f.oem4f (.const:ti_sysbios_family_arm_m3_Hwi_Module__id__C)
                  0000af48    00000002     main_pem4f.oem4f (.const:ti_sysbios_family_arm_m3_Hwi_Module__loggerDefined__C)
                  0000af4a    00000002     main_pem4f.oem4f (.const:ti_sysbios_gates_GateMutex_Module__id__C)
                  0000af4c    00000002     main_pem4f.oem4f (.const:ti_sysbios_hal_Hwi_Module__id__C)
                  0000af4e    00000002     main_pem4f.oem4f (.const:ti_sysbios_heaps_HeapMem_Module__id__C)
                  0000af50    00000002     main_pem4f.oem4f (.const:ti_sysbios_io_DEV_Module__id__C)
                  0000af52    00000002     main_pem4f.oem4f (.const:ti_sysbios_knl_Clock_Module__id__C)
                  0000af54    00000002     main_pem4f.oem4f (.const:ti_sysbios_knl_Clock_Module__loggerDefined__C)
                  0000af56    00000002     main_pem4f.oem4f (.const:ti_sysbios_knl_Semaphore_Module__id__C)
                  0000af58    00000002     main_pem4f.oem4f (.const:ti_sysbios_knl_Semaphore_Module__loggerDefined__C)
                  0000af5a    00000002     main_pem4f.oem4f (.const:ti_sysbios_knl_Swi_Module__id__C)
                  0000af5c    00000002     main_pem4f.oem4f (.const:ti_sysbios_knl_Swi_Module__loggerDefined__C)
                  0000af5e    00000002     main_pem4f.oem4f (.const:ti_sysbios_knl_Task_Module__id__C)
                  0000af60    00000002     main_pem4f.oem4f (.const:ti_sysbios_knl_Task_Module__loggerDefined__C)
                  0000af62    00000002     main_pem4f.oem4f (.const:ti_sysbios_knl_Task_initStackFlag__C)
                  0000af64    00000002     main_pem4f.oem4f (.const:ti_sysbios_utils_Load_Module__id__C)
                  0000af66    00000002     main_pem4f.oem4f (.const:ti_sysbios_utils_Load_Module__loggerDefined__C)
                  0000af68    00000002     main_pem4f.oem4f (.const:ti_sysbios_utils_Load_autoAddTasks__C)
                  0000af6a    00000002     main_pem4f.oem4f (.const:ti_sysbios_utils_Load_hwiEnabled__C)
                  0000af6c    00000002     main_pem4f.oem4f (.const:ti_sysbios_utils_Load_updateInIdle__C)
                  0000af6e    00000002     main_pem4f.oem4f (.const:ti_uia_runtime_LoggerStopMode_Module__id__C)
                  0000af70    00000002     main_pem4f.oem4f (.const:ti_uia_runtime_LoggerStopMode_filterByLevel__C)
                  0000af72    00000002     main_pem4f.oem4f (.const:ti_uia_runtime_LoggerStopMode_isTimestampEnabled__C)
                  0000af74    00000002     main_pem4f.oem4f (.const:xdc_runtime_Core_Module__id__C)
                  0000af76    00000002     main_pem4f.oem4f (.const:xdc_runtime_Error_Module__loggerDefined__C)
                  0000af78    00000002     main_pem4f.oem4f (.const:xdc_runtime_Error_maxDepth__C)
                  0000af7a    00000002     main_pem4f.oem4f (.const:xdc_runtime_Main_Module__id__C)
                  0000af7c    00000002     main_pem4f.oem4f (.const:xdc_runtime_Main_Module__loggerDefined__C)
                  0000af7e    00000002     main_pem4f.oem4f (.const:xdc_runtime_Memory_Module__id__C)
                  0000af80    00000002     main_pem4f.oem4f (.const:xdc_runtime_SysMin_flushAtExit__C)
                  0000af82    00000002     main_pem4f.oem4f (.const:xdc_runtime_Text_charCnt__C)
                  0000af84    00000002     main_pem4f.oem4f (.const:xdc_runtime_Text_isLoaded__C)
                  0000af86    00000002     main_pem4f.oem4f (.const:xdc_runtime_Text_registryModsLastId__C)
                  0000af88    00000002     main_pem4f.oem4f (.const:xdc_runtime_Text_unnamedModsLastId__C)

.cinit     0    0000af90    000005d8     
                  0000af90    000005a2     (.cinit..data.load) [load image, compression = rle]
                  0000b532    00000002     --HOLE-- [fill = 0]
                  0000b534    0000000c     (__TI_handler_table)
                  0000b540    00000008     (.cinit..bss.load) [load image, compression = zero_init]
                  0000b548    00000008     (.cinit..vecs.load) [load image, compression = zero_init]
                  0000b550    00000018     (__TI_cinit_table)

.vecs      0    20000000    00000360     UNINITIALIZED
                  20000000    00000360     main_pem4f.oem4f (.vecs)

.bss       0    20000360    00003d10     UNINITIALIZED
                  20000360    00001800     main_pem4f.oem4f (.bss:taskStackSection)
                  20001b60    00001000     main_pem4f.oem4f (.bss:ti_sysbios_heaps_HeapMem_Instance_State_0_buf__A)
                  20002b60    00000480     main_pem4f.oem4f (.bss:ti_uia_runtime_LoggerStopMode_Instance_State_1_bufferArray__A)
                  20002fe0    00000480     main_pem4f.oem4f (.bss:ti_uia_runtime_LoggerStopMode_Instance_State_2_bufferArray__A)
                  20003460    00000440     EK_LM4F120XL.obj (.bss:uartTivaObjects)
                  200038a0    00000400     main_pem4f.oem4f (.bss:xdc_runtime_SysMin_Module_State_0_outbuf__A)
                  20003ca0    00000280     main_pem4f.oem4f (.bss:ti_uia_runtime_LoggerStopMode_Instance_State_0_bufferArray__A)
                  20003f20    00000120     rtsv7M4_T_le_v4SPD16_eabi.lib : trgmsg.obj (.bss:__CIOBUF_)
                  20004040    0000000c     (.common:test)
                  2000404c    00000008     (.common:parmbuf)
                  20004054    00000008     (.common:ti_sysbios_knl_Task_Instance_State_0_hookEnv__A)
                  2000405c    00000008     (.common:ti_sysbios_knl_Task_Instance_State_1_hookEnv__A)
                  20004064    00000008     (.common:ti_sysbios_knl_Task_Instance_State_2_hookEnv__A)
                  2000406c    00000004     (.common:debug_Q)

.stack     0    20004070    00001000     UNINITIALIZED
                  20004070    00001000     --HOLE--

.data      0    20005070    00000b6c     UNINITIALIZED
                  20005070    00000360     main_pem4f.oem4f (.data:ti_sysbios_family_arm_m3_Hwi_Module_State_0_dispatchTable__A)
                  200053d0    000001fc     main_pem4f.oem4f (.data)
                  200055cc    00000108     main_pem4f.oem4f (.data:ti_uia_runtime_LoggerStopMode_Object__table__V)
                  200056d4    000000f0     main_pem4f.oem4f (.data:ti_sysbios_knl_Task_Object__table__V)
                  200057c4    00000098     main_pem4f.oem4f (.data:ti_sysbios_utils_Load_Module__state__V)
                  2000585c    00000080     main_pem4f.oem4f (.data:ti_sysbios_knl_Swi_Module_State_0_readyQ__A)
                  200058dc    00000080     main_pem4f.oem4f (.data:ti_sysbios_knl_Task_Module_State_0_readyQ__A)
                  2000595c    00000070     main_pem4f.oem4f (.data:ti_sysbios_family_arm_lm4_Timer_Object__table__V)
                  200059cc    0000005c     main_pem4f.oem4f (.data:ti_sysbios_family_arm_m3_Hwi_Module__state__V)
                  20005a28    00000054     main_pem4f.oem4f (.data:ti_sysbios_utils_Load_Module_State_0_taskEnv__A)
                  20005a7c    00000044     main_pem4f.oem4f (.data:ti_sysbios_knl_Task_Module__state__V)
                  20005ac0    00000038     main_pem4f.oem4f (.data:ti_sysbios_gates_GateMutex_Object__table__V)
                  20005af8    00000030     main_pem4f.oem4f (.data:ti_sysbios_family_arm_lm4_Timer_Module_State_0_device__A)
                  20005b28    00000030     main_pem4f.oem4f (.data:ti_sysbios_family_arm_m3_Hwi_Object__table__V)
                  20005b58    00000030     main_pem4f.oem4f (.data:ti_sysbios_knl_Swi_Object__table__V)
                  20005b88    00000028     main_pem4f.oem4f (.data:ti_sysbios_knl_Clock_Module__state__V)
                  20005bb0    00000008     gpio_tivaware.aem4f : GPIO.oem4f (.data)
                  20005bb8    00000008     rtsv7M4_T_le_v4SPD16_eabi.lib : _lock.obj (.data)
                  20005bc0    00000008                                   : exit.obj (.data)
                  20005bc8    00000008     ti.uia.runtime.aem4f : QueueDescriptor.oem4f (.data)
                  20005bd0    00000004     rtsv7M4_T_le_v4SPD16_eabi.lib : dtor_list.obj (.data)
                  20005bd4    00000004                                   : stkdepth_vars.obj (.data)
                  20005bd8    00000004     uart_tivaware.aem4f : UART.oem4f (.data)


LINKER GENERATED COPY TABLES

__TI_cinit_table @ 0000b550 records: 3, size/record: 8, table size: 24
	.data: load addr=0000af90, load size=000005a2 bytes, run addr=20005070, run size=00000b6c bytes, compression=rle
	.bss: load addr=0000b540, load size=00000008 bytes, run addr=20000360, run size=00003d10 bytes, compression=zero_init
	.vecs: load addr=0000b548, load size=00000008 bytes, run addr=20000000, run size=00000360 bytes, compression=zero_init


LINKER GENERATED HANDLER TABLE

__TI_handler_table @ 0000b534 records: 3, size/record: 4, table size: 12
	index: 0, handler: __TI_zero_init
	index: 1, handler: __TI_decompress_rle24
	index: 2, handler: __TI_decompress_none


GLOBAL SYMBOLS: SORTED ALPHABETICALLY BY Name 

address    name
--------   ----
00006ae9   C$$EXIT
0000631f   C$$IO$$
0000597d   EK_LM4F120XL_initGPIO
00006d8d   EK_LM4F120XL_initGeneral
00003cd5   EK_LM4F120XL_initUART
000075c9   GPIODirModeSet
000036f1   GPIOPadConfigSet
00006865   GPIOPinConfigure
00007d0d   GPIOPinTypeGPIOInput
00007b67   GPIOPinTypeGPIOOutput
00007d1f   GPIOPinTypeUART
0000807d   GPIOPinWrite
0000abdc   GPIO_config
0000770d   GPIO_init
00004701   GPIO_write
00001035   HOSTclock
00000ffd   HOSTclose
00000fbf   HOSTgetenv
00000f63   HOSTlseek
00000f11   HOSTopen
00000ec5   HOSTread
00000e67   HOSTrename
00000e2d   HOSTtime
00000df5   HOSTunlink
00000da9   HOSTwrite
UNDEFED    SHT$$INIT_ARRAY$$Base
UNDEFED    SHT$$INIT_ARRAY$$Limit
000071b1   SysCtlPeripheralEnable
20005774   TSK_idle
00008009   UARTCharGet
00007edd   UARTCharGetNonBlocking
00008013   UARTCharPut
00007eeb   UARTCharPutNonBlocking
00006d09   UARTConfigSetExpClk
000079b9   UARTDisable
00007c6d   UARTEnable
00008083   UARTFIFOLevelSet
000080cb   UARTIntClear
0000801d   UARTIntDisable
00008045   UARTIntEnable
00008027   UARTIntStatus
000054c1   UARTTiva_close
0000aa0c   UARTTiva_fxnTable
0000804d   UARTTiva_init
0000107d   UARTTiva_open
00001e05   UARTTiva_read
00004a79   UARTTiva_readCancel
000024d5   UARTTiva_readPolling
00001c01   UARTTiva_write
000049b9   UARTTiva_writeCancel
00002905   UARTTiva_writePolling
000071e5   UART_Params_init
0000a790   UART_config
0000aba0   UART_defaultParams
00006fb9   UART_init
000068ad   UART_open
00007219   UART_writePolling
00000000   __ASM__
20003f20   __CIOBUF_
00000073   __ISA__
00000086   __PLAT__
20005070   __STACK_END
00001000   __STACK_SIZE
20004170   __STACK_TOP
000000a7   __TARG__
0000b550   __TI_CINIT_Base
0000b568   __TI_CINIT_Limit
0000b534   __TI_Handler_Table_Base
0000b540   __TI_Handler_Table_Limit
00000001   __TI_args_main
00005561   __TI_auto_init
20005bc0   __TI_cleanup_ptr
00007ef9   __TI_decompress_none
0000808f   __TI_decompress_rle24
20005bc4   __TI_dtors_ptr
00006323   __TI_readmsg
00000000   __TI_static_base__
000062f5   __TI_writemsg
00007d31   __TI_zero_init
000000cd   __TRDR__
00004571   __aeabi_atexit
00005c0f   __aeabi_memclr
00005c0f   __aeabi_memclr4
00005c0f   __aeabi_memclr8
00005601   __aeabi_memcpy
00005601   __aeabi_memcpy4
00005601   __aeabi_memcpy8
00005c11   __aeabi_memset
00005c11   __aeabi_memset4
00005c11   __aeabi_memset8
ffffffff   __binit__
ffffffff   __c_args__
0000455f   __cxa_atexit
00004519   __cxa_finalize
00004559   __cxa_ia64_exit
20004070   __stack
00008089   __xdc__init
200055c8   __xdc__init__addr
00007b99   _args_main
00006529   _c_int00
20005bb8   _lock
00007c8f   _nop
00007c87   _register_lock
00007c81   _register_unlock
20005bbc   _unlock
00006aed   abort
00004563   atexit
ffffffff   binit
00006aa5   copy_in
2000406c   debug_Q
00006e8d   debug_console
00006af5   exit
00007b7f   free
0000a8e4   gpioHWAttrs
0000724d   init_mux_pins
00006685   init_uart
00007281   main
20005bd4   main_func_sp
0000740d   malloc
00005601   memcpy
00005c17   memset
00007d9d   strcpy
00007c95   strlen
0000761d   tcp_connection
20004040   test
0000acac   ti_catalog_arm_cortexm4_tiva_ce_Boot_A_mustUseEnhancedClockMode__C
0000acb0   ti_catalog_arm_cortexm4_tiva_ce_Boot_Module__diagsEnabled__C
0000acb4   ti_catalog_arm_cortexm4_tiva_ce_Boot_Module__diagsIncluded__C
0000acb8   ti_catalog_arm_cortexm4_tiva_ce_Boot_Module__diagsMask__C
0000abda   ti_catalog_arm_cortexm4_tiva_ce_Boot_Module__id__C
00007f25   ti_catalog_arm_cortexm4_tiva_ce_Boot_init__I
00003f19   ti_catalog_arm_cortexm4_tiva_ce_Boot_sysCtlClockSetI__I
00005739   ti_catalog_arm_cortexm4_tiva_ce_Boot_sysCtlClockSet__E
00008095   ti_catalog_arm_cortexm4_tiva_ce_Boot_sysCtlDelayI__I
0000acbc   ti_sysbios_BIOS_Module__diagsEnabled__C
0000acc0   ti_sysbios_BIOS_Module__diagsIncluded__C
0000acc4   ti_sysbios_BIOS_Module__diagsMask__C
0000ac62   ti_sysbios_BIOS_Module__id__C
200053d0   ti_sysbios_BIOS_Module__state__V
000080cf   ti_sysbios_BIOS_RtsGateProxy_enter__E
000080d3   ti_sysbios_BIOS_RtsGateProxy_leave__E
000080e7   ti_sysbios_BIOS_RtsGateProxy_query__E
000068f5   ti_sysbios_BIOS_errorRaiseHook__I
0000731d   ti_sysbios_BIOS_exitFunc__I
00007dad   ti_sysbios_BIOS_getCpuFreq__E
0000acc8   ti_sysbios_BIOS_installedErrorHook__C
00005737   ti_sysbios_BIOS_nullFunc__I
00007731   ti_sysbios_BIOS_registerRTSLock__I
000079d5   ti_sysbios_BIOS_rtsLock__I
0000615d   ti_sysbios_BIOS_rtsUnlock__I
00007dbd   ti_sysbios_BIOS_setThreadType__E
00007755   ti_sysbios_BIOS_startFunc__I
00007dcd   ti_sysbios_BIOS_start__E
20005af8   ti_sysbios_family_arm_lm4_Timer_Module_State_0_device__A
200053f8   ti_sysbios_family_arm_lm4_Timer_Module_State_0_handles__A
200053f0   ti_sysbios_family_arm_lm4_Timer_Module__root__V
00007bb1   ti_sysbios_family_arm_lm4_Timer_Module__startupDone__F
00007bb1   ti_sysbios_family_arm_lm4_Timer_Module__startupDone__S
20005410   ti_sysbios_family_arm_lm4_Timer_Module__state__V
00006415   ti_sysbios_family_arm_lm4_Timer_Module_startup__E
00006415   ti_sysbios_family_arm_lm4_Timer_Module_startup__F
2000595c   ti_sysbios_family_arm_lm4_Timer_Object__table__V
0000accc   ti_sysbios_family_arm_lm4_Timer_enableFunc__C
00005379   ti_sysbios_family_arm_lm4_Timer_enableTimers__I
000050d5   ti_sysbios_family_arm_lm4_Timer_enableTiva__I
000080d7   ti_sysbios_family_arm_lm4_Timer_getPeriod__E
00005d01   ti_sysbios_family_arm_lm4_Timer_isrStub__E
00007f31   ti_sysbios_family_arm_lm4_Timer_masterDisable__I
000080db   ti_sysbios_family_arm_lm4_Timer_masterEnable__I
0000acd0   ti_sysbios_family_arm_lm4_Timer_numTimerDevices__C
000017c1   ti_sysbios_family_arm_lm4_Timer_start__E
0000acd4   ti_sysbios_family_arm_lm4_Timer_startupNeeded__C
00006dcd   ti_sysbios_family_arm_lm4_Timer_startup__E
00006b2d   ti_sysbios_family_arm_lm4_Timer_stop__E
2000541c   ti_sysbios_family_arm_lm4_TimestampProvider_Module__state__V
0000809b   ti_sysbios_family_arm_lm4_TimestampProvider_Module_startup__E
0000809b   ti_sysbios_family_arm_lm4_TimestampProvider_Module_startup__F
00004bf1   ti_sysbios_family_arm_lm4_TimestampProvider_get32__E
00003951   ti_sysbios_family_arm_lm4_TimestampProvider_get64__E
00007dad   ti_sysbios_family_arm_lm4_TimestampProvider_getFreq__E
[...]
0000809b   ti_sysbios_family_arm_lm4_TimestampProvider_Module_startup__F
000080a1   ti_sysbios_family_arm_m3_Hwi_restoreFxn__E
000080a1   ti_sysbios_hal_Hwi_HwiProxy_restore__E
000080a1   ti_sysbios_hal_Hwi_restore__E
000080a7   ti_sysbios_gates_GateHwi_leave__E
000080ad   ti_sysbios_heaps_HeapMem_isBlocking__E
000080b3   ti_sysbios_knl_Queue_Instance_init__F
000080b9   ti_uia_runtime_LoggerStopMode_getPriority__E
000080bf   ti_uia_runtime_LoggerStopMode_getTransferType__E
000080bf   ti_uia_runtime_LoggerStopMode_getTransferType__F
000080c5   xdc_runtime_System_Module_startup__E
000080c5   xdc_runtime_System_Module_startup__F
000080cb   UARTIntClear
000080cf   ti_sysbios_BIOS_RtsGateProxy_enter__E
000080d3   ti_sysbios_BIOS_RtsGateProxy_leave__E
000080d7   ti_sysbios_family_arm_lm4_Timer_getPeriod__E
000080db   ti_sysbios_family_arm_lm4_Timer_masterEnable__I
000080df   ti_sysbios_family_arm_m3_TaskSupport_Module__startupDone__S
000080e3   ti_sysbios_gates_GateHwi_query__E
000080e3   ti_sysbios_gates_GateHwi_query__F
000080e3   xdc_runtime_Main_Module_GateProxy_query__E
000080e3   xdc_runtime_System_Module_GateProxy_query__E
000080e7   ti_sysbios_BIOS_RtsGateProxy_query__E
000080e7   ti_sysbios_gates_GateMutex_query__E
000080e7   ti_sysbios_gates_GateMutex_query__F
000080e7   ti_sysbios_heaps_HeapMem_Module_GateProxy_query__E
000080eb   ti_sysbios_hal_Hwi_HwiProxy_Module__startupDone__S
000080ef   ti_sysbios_hal_Timer_TimerProxy_Module__startupDone__S
000080f3   ti_sysbios_hal_Timer_TimerProxy_getPeriod__E
000080f7   ti_sysbios_heaps_HeapMem_Module_GateProxy_enter__E
000080fb   ti_sysbios_heaps_HeapMem_Module_GateProxy_leave__E
000080ff   ti_sysbios_knl_Task_SupportProxy_Module__startupDone__S
00008103   ti_sysbios_knl_Task_startup__E
00008107   ti_uia_runtime_LogSync_CpuTimestampProxy_Module__startupDone__S
0000810b   ti_uia_runtime_LogSync_GlobalTimestampProxy_Module__startupDone__S
0000810f   ti_uia_runtime_LoggerStopMode_getInstanceId__E
00008113   ti_uia_runtime_LoggerStopMode_getMaxLength__E
00008117   ti_uia_runtime_LoggerStopMode_setPriority__E
0000811b   xdc_runtime_Error_getSite__E
0000811b   xdc_runtime_Error_getSite__F
0000811f   xdc_runtime_Memory_HeapProxy_alloc__E
00008123   xdc_runtime_Memory_HeapProxy_free__E
00008127   xdc_runtime_System_Module_GateProxy_enter__E
0000812b   xdc_runtime_System_Module_GateProxy_leave__E
0000812f   xdc_runtime_System_aprintf_va__F
00008133   xdc_runtime_System_printf_va__F
00008137   xdc_runtime_System_vsnprintf__E
0000813b   xdc_runtime_TimestampNull_Module__startupDone__S
0000813f   xdc_runtime_Timestamp_Module__startupDone__S
00008144   xdc_runtime_Text_charTab__A
0000a4eb   xdc_runtime_Error_policy__C
0000a4ec   xdc_runtime_Text_nodeTab__A
0000a628   ti_sysbios_family_arm_m3_Hwi_priorities__A
0000a790   UART_config
0000a7fc   ti_uia_runtime_LoggerStopMode_Module__FXNS__C
0000a8a4   uartTivaHWAttrs
0000a8e4   gpioHWAttrs
0000a920   xdc_runtime_Startup_sfxnTab__A
0000a954   ti_sysbios_family_arm_m3_Hwi_Object__PARAMS__C
0000a984   ti_sysbios_knl_Task_hooks__A
0000a9b4   ti_uia_runtime_LoggerStopMode_Object__PARAMS__C
0000a9e4   ti_sysbios_heaps_HeapMem_Module__FXNS__C
0000aa0c   UARTTiva_fxnTable
0000aa30   ti_sysbios_gates_GateHwi_Module__FXNS__C
0000aa54   ti_sysbios_gates_GateMutex_Module__FXNS__C
0000aa78   ti_sysbios_heaps_HeapMem_Object__PARAMS__C
0000aa9c   ti_sysbios_knl_Semaphore_Object__PARAMS__C
0000aac0   ti_sysbios_family_arm_m3_Hwi_Object__DESC__C
0000aae0   ti_sysbios_gates_GateHwi_Object__DESC__C
0000ab00   ti_sysbios_gates_GateMutex_Object__DESC__C
0000ab20   ti_sysbios_heaps_HeapMem_Object__DESC__C
0000ab40   ti_sysbios_knl_Queue_Object__DESC__C
0000ab60   ti_sysbios_knl_Semaphore_Object__DESC__C
0000ab80   ti_uia_runtime_LoggerStopMode_Object__DESC__C
0000aba0   UART_defaultParams
0000abc0   xdc_runtime_Startup_sfxnRts__A
0000abda   ti_catalog_arm_cortexm4_tiva_ce_Boot_Module__id__C
0000abdc   GPIO_config
0000abf4   ti_sysbios_gates_GateHwi_Object__PARAMS__C
0000ac0c   ti_sysbios_gates_GateMutex_Object__PARAMS__C
0000ac24   ti_sysbios_knl_Queue_Object__PARAMS__C
0000ac3c   xdc_runtime_Startup_firstFxns__A
0000ac62   ti_sysbios_BIOS_Module__id__C
0000ac64   ti_sysbios_family_arm_m3_Hwi_excHookFuncs__A
0000ac6c   ti_sysbios_knl_Idle_coreList__A
0000ac74   ti_sysbios_knl_Idle_coreList__C
0000ac7c   ti_sysbios_knl_Idle_funcList__A
0000ac84   ti_sysbios_knl_Idle_funcList__C
0000ac8c   ti_sysbios_knl_Task_hooks__C
0000ac94   xdc_runtime_Startup_firstFxns__C
0000ac9c   xdc_runtime_Startup_lastFxns__A
0000aca4   xdc_runtime_Startup_lastFxns__C
0000acac   ti_catalog_arm_cortexm4_tiva_ce_Boot_A_mustUseEnhancedClockMode__C
0000acb0   ti_catalog_arm_cortexm4_tiva_ce_Boot_Module__diagsEnabled__C
0000acb4   ti_catalog_arm_cortexm4_tiva_ce_Boot_Module__diagsIncluded__C
0000acb8   ti_catalog_arm_cortexm4_tiva_ce_Boot_Module__diagsMask__C
0000acbc   ti_sysbios_BIOS_Module__diagsEnabled__C
0000acc0   ti_sysbios_BIOS_Module__diagsIncluded__C
0000acc4   ti_sysbios_BIOS_Module__diagsMask__C
0000acc8   ti_sysbios_BIOS_installedErrorHook__C
0000accc   ti_sysbios_family_arm_lm4_Timer_enableFunc__C
0000acd0   ti_sysbios_family_arm_lm4_Timer_numTimerDevices__C
0000acd4   ti_sysbios_family_arm_lm4_Timer_startupNeeded__C
0000acd8   ti_sysbios_family_arm_m3_Hwi_E_NMI__C
0000acdc   ti_sysbios_family_arm_m3_Hwi_E_alreadyDefined__C
0000ace0   ti_sysbios_family_arm_m3_Hwi_E_busFault__C
0000ace4   ti_sysbios_family_arm_m3_Hwi_E_debugMon__C
0000ace8   ti_sysbios_family_arm_m3_Hwi_E_hardFault__C
0000acec   ti_sysbios_family_arm_m3_Hwi_E_memFault__C
0000acf0   ti_sysbios_family_arm_m3_Hwi_E_noIsr__C
0000acf4   ti_sysbios_family_arm_m3_Hwi_E_reserved__C
0000acf8   ti_sysbios_family_arm_m3_Hwi_E_svCall__C
0000acfc   ti_sysbios_family_arm_m3_Hwi_E_usageFault__C
0000ad00   ti_sysbios_family_arm_m3_Hwi_LD_end__C
0000ad04   ti_sysbios_family_arm_m3_Hwi_LM_begin__C
0000ad08   ti_sysbios_family_arm_m3_Hwi_Module__diagsEnabled__C
0000ad0c   ti_sysbios_family_arm_m3_Hwi_Module__diagsIncluded__C
0000ad10   ti_sysbios_family_arm_m3_Hwi_Module__diagsMask__C
0000ad14   ti_sysbios_family_arm_m3_Hwi_Module__loggerFxn1__C
0000ad18   ti_sysbios_family_arm_m3_Hwi_Module__loggerFxn8__C
0000ad1c   ti_sysbios_family_arm_m3_Hwi_Module__loggerObj__C
0000ad20   ti_sysbios_family_arm_m3_Hwi_NUM_INTERRUPTS__C
0000ad24   ti_sysbios_family_arm_m3_Hwi_ccr__C
0000ad28   ti_sysbios_family_arm_m3_Hwi_dispatchTable__C
0000ad2c   ti_sysbios_family_arm_m3_Hwi_excHandlerFunc__C
0000ad30   ti_sysbios_family_arm_m3_Hwi_excHookFuncs__C
0000ad34   ti_sysbios_family_arm_m3_Hwi_priGroup__C
0000ad38   ti_sysbios_family_arm_m3_Hwi_priorities__C
0000ad3c   ti_sysbios_gates_GateMutex_A_badContext__C
0000ad40   ti_sysbios_gates_GateMutex_Instance_State_sem__O
0000ad44   ti_sysbios_gates_GateMutex_Module__diagsEnabled__C
0000ad48   ti_sysbios_gates_GateMutex_Module__diagsIncluded__C
0000ad4c   ti_sysbios_gates_GateMutex_Module__diagsMask__C
0000ad50   ti_sysbios_hal_Hwi_E_stackOverflow__C
0000ad54   ti_sysbios_heaps_HeapMem_A_align__C
0000ad58   ti_sysbios_heaps_HeapMem_A_heapSize__C
0000ad5c   ti_sysbios_heaps_HeapMem_A_invalidFree__C
0000ad60   ti_sysbios_heaps_HeapMem_A_zeroBlock__C
0000ad64   ti_sysbios_heaps_HeapMem_E_memory__C
0000ad68   ti_sysbios_heaps_HeapMem_Module__diagsEnabled__C
0000ad6c   ti_sysbios_heaps_HeapMem_Module__diagsIncluded__C
0000ad70   ti_sysbios_heaps_HeapMem_Module__diagsMask__C
0000ad74   ti_sysbios_heaps_HeapMem_Module__gateObj__C
0000ad78   ti_sysbios_heaps_HeapMem_Object__count__C
0000ad7c   ti_sysbios_heaps_HeapMem_reqAlign__C
0000ad80   ti_sysbios_io_DEV_Object__count__C
0000ad84   ti_sysbios_io_DEV_tableSize__C
0000ad88   ti_sysbios_knl_Clock_LM_begin__C
0000ad8c   ti_sysbios_knl_Clock_LM_tick__C
0000ad90   ti_sysbios_knl_Clock_LW_delayed__C
0000ad94   ti_sysbios_knl_Clock_Module_State_clockQ__O
0000ad98   ti_sysbios_knl_Clock_Module__diagsEnabled__C
0000ad9c   ti_sysbios_knl_Clock_Module__diagsIncluded__C
0000ada0   ti_sysbios_knl_Clock_Module__diagsMask__C
0000ada4   ti_sysbios_knl_Clock_Module__loggerFxn1__C
0000ada8   ti_sysbios_knl_Clock_Module__loggerFxn2__C
0000adac   ti_sysbios_knl_Clock_Module__loggerObj__C
0000adb0   ti_sysbios_knl_Semaphore_A_badContext__C
0000adb4   ti_sysbios_knl_Semaphore_A_noEvents__C
0000adb8   ti_sysbios_knl_Semaphore_A_overflow__C
0000adbc   ti_sysbios_knl_Semaphore_A_pendTaskDisabled__C
0000adc0   ti_sysbios_knl_Semaphore_Instance_State_pendQ__O
0000adc4   ti_sysbios_knl_Semaphore_LM_pend__C
0000adc8   ti_sysbios_knl_Semaphore_LM_post__C
0000adcc   ti_sysbios_knl_Semaphore_Module__diagsEnabled__C
0000add0   ti_sysbios_knl_Semaphore_Module__diagsIncluded__C
0000add4   ti_sysbios_knl_Semaphore_Module__diagsMask__C
0000add8   ti_sysbios_knl_Semaphore_Module__loggerFxn2__C
0000addc   ti_sysbios_knl_Semaphore_Module__loggerFxn4__C
0000ade0   ti_sysbios_knl_Semaphore_Module__loggerObj__C
0000ade4   ti_sysbios_knl_Swi_LD_end__C
0000ade8   ti_sysbios_knl_Swi_LM_begin__C
0000adec   ti_sysbios_knl_Swi_LM_post__C
0000adf0   ti_sysbios_knl_Swi_Module__diagsEnabled__C
0000adf4   ti_sysbios_knl_Swi_Module__diagsIncluded__C
0000adf8   ti_sysbios_knl_Swi_Module__diagsMask__C
0000adfc   ti_sysbios_knl_Swi_Module__loggerFxn1__C
0000ae00   ti_sysbios_knl_Swi_Module__loggerFxn4__C
0000ae04   ti_sysbios_knl_Swi_Module__loggerObj__C
0000ae08   ti_sysbios_knl_Swi_Object__count__C
0000ae0c   ti_sysbios_knl_Task_E_spOutOfBounds__C
0000ae10   ti_sysbios_knl_Task_E_stackOverflow__C
0000ae14   ti_sysbios_knl_Task_LD_block__C
0000ae18   ti_sysbios_knl_Task_LD_exit__C
0000ae1c   ti_sysbios_knl_Task_LD_ready__C
0000ae20   ti_sysbios_knl_Task_LM_switch__C
0000ae24   ti_sysbios_knl_Task_Module_State_inactiveQ__O
0000ae28   ti_sysbios_knl_Task_Module__diagsEnabled__C
0000ae2c   ti_sysbios_knl_Task_Module__diagsIncluded__C
0000ae30   ti_sysbios_knl_Task_Module__diagsMask__C
0000ae34   ti_sysbios_knl_Task_Module__loggerFxn2__C
0000ae38   ti_sysbios_knl_Task_Module__loggerFxn4__C
0000ae3c   ti_sysbios_knl_Task_Module__loggerObj__C
0000ae40   ti_sysbios_knl_Task_Object__count__C
0000ae44   ti_sysbios_knl_Task_Object__heap__C
0000ae48   ti_sysbios_knl_Task_allBlockedFunc__C
0000ae4c   ti_sysbios_knl_Task_numConstructedTasks__C
0000ae50   ti_sysbios_utils_Load_LS_cpuLoad__C
0000ae54   ti_sysbios_utils_Load_LS_hwiLoad__C
0000ae58   ti_sysbios_utils_Load_LS_taskLoad__C
0000ae5c   ti_sysbios_utils_Load_Module_State_taskList__O
0000ae60   ti_sysbios_utils_Load_Module__diagsEnabled__C
0000ae64   ti_sysbios_utils_Load_Module__diagsIncluded__C
0000ae68   ti_sysbios_utils_Load_Module__diagsMask__C
0000ae6c   ti_sysbios_utils_Load_Module__loggerFxn1__C
0000ae70   ti_sysbios_utils_Load_Module__loggerFxn2__C
0000ae74   ti_sysbios_utils_Load_Module__loggerFxn4__C
0000ae78   ti_sysbios_utils_Load_Module__loggerObj__C
0000ae7c   ti_sysbios_utils_Load_postUpdate__C
0000ae80   ti_sysbios_utils_Load_windowInMs__C
0000ae84   ti_uia_runtime_ILoggerSnapshot_Interface__BASE__C
0000ae88   ti_uia_runtime_IUIATransfer_Interface__BASE__C
0000ae8c   ti_uia_runtime_LoggerStopMode_E_badLevel__C
0000ae90   ti_uia_runtime_LoggerStopMode_Object__count__C
0000ae94   ti_uia_runtime_LoggerStopMode_overflowLogger__C
0000ae98   ti_uia_runtime_LoggerStopMode_statusLogger__C
0000ae9c   xdc_runtime_Assert_E_assertFailed__C
0000aea0   xdc_runtime_Core_A_initializedParams__C
0000aea4   xdc_runtime_Core_Module__diagsEnabled__C
0000aea8   xdc_runtime_Core_Module__diagsIncluded__C
0000aeac   xdc_runtime_Core_Module__diagsMask__C
0000aeb0   xdc_runtime_Error_E_generic__C
0000aeb4   xdc_runtime_Error_E_memory__C
0000aeb8   xdc_runtime_Error_Module__diagsEnabled__C
0000aebc   xdc_runtime_Error_Module__diagsIncluded__C
0000aec0   xdc_runtime_Error_Module__diagsMask__C
0000aec4   xdc_runtime_Error_Module__loggerFxn8__C
0000aec8   xdc_runtime_Error_Module__loggerObj__C
0000aecc   xdc_runtime_Error_raiseHook__C
0000aed0   xdc_runtime_IFilterLogger_Interface__BASE__C
0000aed4   xdc_runtime_IGateProvider_Interface__BASE__C
0000aed8   xdc_runtime_IHeap_Interface__BASE__C
0000aedc   xdc_runtime_ILogger_Interface__BASE__C
0000aee0   xdc_runtime_IModule_Interface__BASE__C
0000aee4   xdc_runtime_Log_L_error__C
0000aee8   xdc_runtime_Log_L_warning__C
0000aeec   xdc_runtime_Main_Module__diagsEnabled__C
0000aef0   xdc_runtime_Main_Module__diagsIncluded__C
0000aef4   xdc_runtime_Main_Module__diagsMask__C
0000aef8   xdc_runtime_Main_Module__loggerFxn2__C
0000aefc   xdc_runtime_Main_Module__loggerFxn4__C
0000af00   xdc_runtime_Main_Module__loggerObj__C
0000af04   xdc_runtime_Memory_defaultHeapInstance__C
0000af08   xdc_runtime_Startup_execImpl__C
0000af0c   xdc_runtime_Startup_maxPasses__C
0000af10   xdc_runtime_Startup_sfxnRts__C
0000af14   xdc_runtime_Startup_sfxnTab__C
0000af18   xdc_runtime_SysMin_bufSize__C
0000af1c   xdc_runtime_SysMin_outputFunc__C
0000af20   xdc_runtime_System_Module__gateObj__C
0000af24   xdc_runtime_System_extendFxn__C
0000af28   xdc_runtime_System_maxAtexitHandlers__C
0000af2c   xdc_runtime_Text_charTab__C
0000af30   xdc_runtime_Text_nameEmpty__C
0000af34   xdc_runtime_Text_nameStatic__C
0000af38   xdc_runtime_Text_nameUnknown__C
0000af3c   xdc_runtime_Text_nodeTab__C
0000af40   xdc_runtime_Text_visitRopeFxn__C
0000af44   ti_sysbios_family_arm_lm4_TimestampProvider_useClockTimer__C
0000af46   ti_sysbios_family_arm_m3_Hwi_Module__id__C
0000af48   ti_sysbios_family_arm_m3_Hwi_Module__loggerDefined__C
0000af4a   ti_sysbios_gates_GateMutex_Module__id__C
0000af4c   ti_sysbios_hal_Hwi_Module__id__C
0000af4e   ti_sysbios_heaps_HeapMem_Module__id__C
0000af50   ti_sysbios_io_DEV_Module__id__C
0000af52   ti_sysbios_knl_Clock_Module__id__C
0000af54   ti_sysbios_knl_Clock_Module__loggerDefined__C
0000af56   ti_sysbios_knl_Semaphore_Module__id__C
0000af58   ti_sysbios_knl_Semaphore_Module__loggerDefined__C
0000af5a   ti_sysbios_knl_Swi_Module__id__C
0000af5c   ti_sysbios_knl_Swi_Module__loggerDefined__C
0000af5e   ti_sysbios_knl_Task_Module__id__C
0000af60   ti_sysbios_knl_Task_Module__loggerDefined__C
0000af62   ti_sysbios_knl_Task_initStackFlag__C
0000af64   ti_sysbios_utils_Load_Module__id__C
0000af66   ti_sysbios_utils_Load_Module__loggerDefined__C
0000af68   ti_sysbios_utils_Load_autoAddTasks__C
0000af6a   ti_sysbios_utils_Load_hwiEnabled__C
0000af6c   ti_sysbios_utils_Load_updateInIdle__C
0000af6e   ti_uia_runtime_LoggerStopMode_Module__id__C
0000af70   ti_uia_runtime_LoggerStopMode_filterByLevel__C
0000af72   ti_uia_runtime_LoggerStopMode_isTimestampEnabled__C
0000af74   xdc_runtime_Core_Module__id__C
0000af76   xdc_runtime_Error_Module__loggerDefined__C
0000af78   xdc_runtime_Error_maxDepth__C
0000af7a   xdc_runtime_Main_Module__id__C
0000af7c   xdc_runtime_Main_Module__loggerDefined__C
0000af7e   xdc_runtime_Memory_Module__id__C
0000af80   xdc_runtime_SysMin_flushAtExit__C
0000af82   xdc_runtime_Text_charCnt__C
0000af84   xdc_runtime_Text_isLoaded__C
0000af86   xdc_runtime_Text_registryModsLastId__C
0000af88   xdc_runtime_Text_unnamedModsLastId__C
0000b534   __TI_Handler_Table_Base
0000b540   __TI_Handler_Table_Limit
0000b550   __TI_CINIT_Base
0000b568   __TI_CINIT_Limit
20000000   ti_sysbios_family_arm_m3_Hwi_ramVectors
20000360   ti_sysbios_knl_Task_Instance_State_0_stack__A
20000b60   ti_sysbios_knl_Task_Instance_State_1_stack__A
20001360   ti_sysbios_knl_Task_Instance_State_2_stack__A
20001b60   ti_sysbios_heaps_HeapMem_Instance_State_0_buf__A
20002b60   ti_uia_runtime_LoggerStopMode_Instance_State_1_bufferArray__A
20002fe0   ti_uia_runtime_LoggerStopMode_Instance_State_2_bufferArray__A
20003460   uartTivaObjects
200038a0   xdc_runtime_SysMin_Module_State_0_outbuf__A
20003ca0   ti_uia_runtime_LoggerStopMode_Instance_State_0_bufferArray__A
20003f20   __CIOBUF_
20004040   test
20004054   ti_sysbios_knl_Task_Instance_State_0_hookEnv__A
2000405c   ti_sysbios_knl_Task_Instance_State_1_hookEnv__A
20004064   ti_sysbios_knl_Task_Instance_State_2_hookEnv__A
2000406c   debug_Q
20004070   __stack
20004170   __STACK_TOP
20005070   __STACK_END
20005070   ti_sysbios_family_arm_m3_Hwi_Module_State_0_dispatchTable__A
200053d0   ti_sysbios_BIOS_Module__state__V
200053f0   ti_sysbios_family_arm_lm4_Timer_Module__root__V
200053f8   ti_sysbios_family_arm_lm4_Timer_Module_State_0_handles__A
20005410   ti_sysbios_family_arm_lm4_Timer_Module__state__V
2000541c   ti_sysbios_family_arm_lm4_TimestampProvider_Module__state__V
20005424   ti_sysbios_family_arm_m3_Hwi_Module__root__V
2000542c   ti_sysbios_family_arm_m3_Hwi_Module_State_0_excActive__A
20005430   ti_sysbios_family_arm_m3_Hwi_Module_State_0_excContext__A
20005434   ti_sysbios_family_arm_m3_Hwi_Module_State_0_excStack__A
20005438   ti_sysbios_gates_GateHwi_Module__root__V
20005440   ti_sysbios_gates_GateHwi_Object__table__V
20005444   ti_sysbios_gates_GateMutex_Module__root__V
2000544c   ti_sysbios_hal_Hwi_Module__root__V
20005454   ti_sysbios_hal_Timer_Module__root__V
2000545c   ti_sysbios_hal_Timer_Object__table__V
20005464   ti_sysbios_heaps_HeapMem_Module__root__V
2000546c   ti_sysbios_heaps_HeapMem_Object__table__V
20005484   ti_sysbios_io_DEV_Module__root__V
2000548c   ti_sysbios_io_DEV_Module_State_0_table__A
200054ac   ti_sysbios_io_DEV_Module__state__V
200054b0   ti_sysbios_io_GIO_Module__root__V
200054b8   ti_sysbios_knl_Clock_Module__root__V
200054c0   ti_sysbios_knl_Event_Module__root__V
200054cc   ti_sysbios_knl_Queue_Module__root__V
200054d4   ti_sysbios_knl_Semaphore_Module__root__V
200054e0   ti_sysbios_knl_Swi_Module__root__V
200054e8   ti_sysbios_knl_Swi_Module__state__V
20005504   ti_sysbios_knl_Task_Module__root__V
20005510   ti_sysbios_knl_Task_Module_State_0_idleTask__A
20005514   ti_sysbios_utils_Load_Module__root__V
20005518   ti_sysbios_utils_Load_Module_State_0_taskStartTime__A
2000551c   ti_sysbios_utils_Load_Module_State_0_runningTask__A
20005520   ti_sysbios_xdcruntime_SemThreadSupport_Module__root__V
20005528   ti_uia_runtime_LogSync_Module__root__V
20005530   ti_uia_runtime_LogSync_Module__state__V
2000553c   ti_uia_runtime_LoggerStopMode_Module__root__V
20005544   ti_uia_runtime_LoggerStopMode_Module__state__V
2000554c   ti_uia_runtime_QueueDescriptor_Module__state__V
20005558   xdc_runtime_Error_Module__state__V
2000555a   xdc_runtime_Main_Module__root__V
2000555c   xdc_runtime_Memory_Module__state__V
20005560   xdc_runtime_Registry_Module__state__V
20005568   xdc_runtime_Startup_Module__state__V
20005570   xdc_runtime_SysMin_Module__state__V
2000557c   xdc_runtime_System_Module_State_0_atexitHandlers__A
2000559c   xdc_runtime_System_Module__state__V
200055a8   xdc_runtime_Text_Module__state__V
200055b0   xdc_runtime_knl_SemThread_Module__root__V
200055b8   xdc_runtime_knl_SyncNull_Module__root__V
200055c0   xdc_runtime_knl_SyncSemThread_Module__root__V
200055c8   __xdc__init__addr
200055cc   ti_uia_runtime_LoggerStopMode_Object__table__V
200056d4   ti_sysbios_knl_Task_Object__table__V
20005774   TSK_idle
200057c4   ti_sysbios_utils_Load_Module__state__V
2000585c   ti_sysbios_knl_Swi_Module_State_0_readyQ__A
200058dc   ti_sysbios_knl_Task_Module_State_0_readyQ__A
2000595c   ti_sysbios_family_arm_lm4_Timer_Object__table__V
200059cc   ti_sysbios_family_arm_m3_Hwi_Module__state__V
20005a28   ti_sysbios_utils_Load_Module_State_0_taskEnv__A
20005a7c   ti_sysbios_knl_Task_Module__state__V
20005ac0   ti_sysbios_gates_GateMutex_Object__table__V
20005af8   ti_sysbios_family_arm_lm4_Timer_Module_State_0_device__A
20005b28   ti_sysbios_family_arm_m3_Hwi_Object__table__V
20005b58   ti_sysbios_knl_Swi_Object__table__V
20005b88   ti_sysbios_knl_Clock_Module__state__V
20005bb8   _lock
20005bbc   _unlock
20005bc0   __TI_cleanup_ptr
20005bc4   __TI_dtors_ptr
20005bc8   ti_uia_runtime_QueueDescriptor_gPtrToFirstDescriptor
20005bcc   ti_uia_runtime_QueueDescriptor_gUpdateCount
20005bd4   main_func_sp
e000e000   ti_sysbios_family_arm_m3_Hwi_nvic
ffffffff   __binit__
ffffffff   __c_args__
ffffffff   binit
UNDEFED    SHT$$INIT_ARRAY$$Base
UNDEFED    SHT$$INIT_ARRAY$$Limit

[812 symbols]
