******************************************************************************
                  TI ARM Linker PC v5.1.1                      
******************************************************************************
>> Linked Tue Apr 22 12:48:42 2014

OUTPUT FILE NAME:   <rover.out>
ENTRY POINT SYMBOL: "_c_int00"  address: 00006821


MEMORY CONFIGURATION

         name            origin    length      used     unused   attr    fill
----------------------  --------  ---------  --------  --------  ----  --------
  FLASH                 00000000   00040000  0000b7e8  00034818  R  X
  SRAM                  20000000   00008000  00005364  00002c9c  RW X


SEGMENT ALLOCATION MAP

run origin  load origin   length   init length attrs members
----------  ----------- ---------- ----------- ----- -------
00000000    00000000    0000b7f0   0000b7f0    r-x
  00000000    00000000    00000360   00000360    r-- .resetVecs
  00000360    00000360    00008086   00008086    r-x .text
  000083e8    000083e8    00002e5a   00002e5a    r-- .const
  0000b248    0000b248    000005a8   000005a8    r-- .cinit
20000000    20000000    00005366   00000000    rw-
  20000000    20000000    00000360   00000000    rw- .vecs
  20000360    20000360    000034fa   00000000    rw- .bss
  2000385c    2000385c    00001000   00000000    rw- .stack
  2000485c    2000485c    00000b0a   00000000    rw- .data


SECTION ALLOCATION MAP

 output                                  attributes/
section   page    origin      length       input sections
--------  ----  ----------  ----------   ----------------
.bootVecs 
*          0    00000000    00000008     DSECT
                  00000000    00000008     boot.aem4f : boot.oem4f (.bootVecs)

.resetVecs 
*          0    00000000    00000360     
                  00000000    00000360     main_pem4f.oem4f (.resetVecs)

xdc.meta   0    00000000    000000f5     COPY SECTION
                  00000000    000000f5     main_pem4f.oem4f (xdc.meta)

.text      0    00000360    00008086     
                  00000360    00000424     sysbios.aem4f : BIOS.obj (.text:ti_sysbios_family_arm_m3_Hwi_excDumpRegs__I)
                  00000784    00000344     ti.targets.arm.rtsarm.aem4f : System.oem4f (.text:xdc_runtime_System_doPrint__I)
                  00000ac8    000002e0     sysbios.aem4f : BIOS.obj (.text:ti_sysbios_knl_Semaphore_pend__E)
                  00000da8    000002d4     rtsv7M4_T_le_v4SPD16_eabi.lib : trgdrv.obj (.text)
                  0000107c    000002c8     uart_tivaware.aem4f : UARTTiva.oem4f (.text:UARTTiva_open)
                  00001344    00000248     sysbios.aem4f : BIOS.obj (.text:ti_sysbios_heaps_HeapMem_free__E)
                  0000158c    00000234                   : BIOS.obj (.text:ti_sysbios_heaps_HeapMem_alloc__E)
                  000017c0    00000230                   : BIOS.obj (.text:ti_sysbios_family_arm_lm4_Timer_start__E)
                  000019f0    00000210                   : BIOS.obj (.text:ti_sysbios_family_arm_m3_Hwi_excHandlerMax__I)
                  00001c00    00000204     uart_tivaware.aem4f : UARTTiva.oem4f (.text:UARTTiva_write)
                  00001e04    000001f8                         : UARTTiva.oem4f (.text:UARTTiva_read)
                  00001ffc    000001cc                         : UARTTiva.oem4f (.text:UARTTiva_hwiIntFxn)
                  000021c8    000001a0     ti.uia.runtime.aem4f : LoggerStopMode.oem4f (.text:ti_uia_runtime_LoggerStopMode_write8__E)
                  00002368    0000016c     uart_tivaware.aem4f : UARTTiva.oem4f (.text:writeData)
                  000024d4    00000168                         : UARTTiva.oem4f (.text:UARTTiva_readPolling)
                  0000263c    00000168     sysbios.aem4f : BIOS.obj (.text:ti_sysbios_family_arm_m3_Hwi_excBusFault__I)
                  000027a4    00000160     uart_tivaware.aem4f : UARTTiva.oem4f (.text:readData)
                  00002904    0000015c                         : UARTTiva.oem4f (.text:UARTTiva_writePolling)
                  00002a60    0000015c     ti.uia.runtime.aem4f : LoggerStopMode.oem4f (.text:ti_uia_runtime_LoggerStopMode_writeMemoryRange__E)
                  00002bbc    00000154     sysbios.aem4f : BIOS.obj (.text:ti_sysbios_family_arm_m3_Hwi_excUsageFault__I)
                  00002d10    00000144                   : BIOS.obj (.text:ti_sysbios_knl_Semaphore_post__E)
                  00002e54    00000140                   : BIOS.obj (.text:ti_sysbios_family_arm_m3_Hwi_dispatchC__I)
                  00002f94    00000140                   : BIOS.obj (.text:ti_sysbios_family_arm_m3_Hwi_excMemFault__I)
                  000030d4    0000013c     ti.uia.runtime.aem4f : LoggerStopMode.oem4f (.text:ti_uia_runtime_LoggerStopMode_write4__E)
                  00003210    0000013c     ti.targets.arm.rtsarm.aem4f : Error.oem4f (.text:xdc_runtime_Error_raiseX__F)
                  0000334c    00000138     sysbios.aem4f : BIOS.obj (.text:ti_sysbios_heaps_HeapMem_Instance_init__F)
                  00003484    00000138                   : BIOS.obj (.text:ti_sysbios_utils_Load_logLoads__I)
                  000035bc    00000134                   : m3_Hwi_asm.obj (.text:ti_sysbios_family_arm_m3_Hwi_dispatch__I)
                  000036f0    00000130     driverlib.lib : gpio.obj (.text:GPIOPadConfigSet)
                  00003820    00000130     sysbios.aem4f : BIOS.obj (.text:ti_sysbios_utils_Load_updateThreadContexts__E)
                  00003950    0000012c                   : BIOS.obj (.text:ti_sysbios_family_arm_lm4_TimestampProvider_get64__E)
                  00003a7c    0000012c                   : BIOS.obj (.text:ti_sysbios_knl_Clock_workFunc__E)
                  00003ba8    0000012c                   : BIOS.obj (.text:ti_sysbios_knl_Task_exit__E)
                  00003cd4    00000124     EK_LM4F120XL.obj (.text:EK_LM4F120XL_initUART)
                  00003df8    00000120     sysbios.aem4f : BIOS.obj (.text:ti_sysbios_knl_Swi_run__I)
                  00003f18    0000010c     Boot.aem4f : Boot_sysctl.oem4f (.text:ti_catalog_arm_cortexm4_tiva_ce_Boot_sysCtlClockSetI__I)
                  00004024    00000104     ti.targets.arm.rtsarm.aem4f : Core-mem.oem4f (.text:xdc_runtime_Core_createObject__I)
                  00004128    00000104     main_pem4f.oem4f (.text:xdc_runtime_System_printfExtend__I)
                  0000422c    000000fc     sysbios.aem4f : BIOS.obj (.text:ti_sysbios_knl_Task_schedule__I)
                  00004328    000000f8                   : BIOS.obj (.text:ti_sysbios_knl_Task_startCore__E)
                  00004420    000000f8     ti.targets.arm.rtsarm.aem4f : Startup.oem4f (.text:xdc_runtime_Startup_startMods__I)
                  00004518    000000f4     rtsv7M4_T_le_v4SPD16_eabi.lib : dtor_list.obj (.text)
                  0000460c    000000f4     sysbios.aem4f : BIOS.obj (.text:ti_sysbios_knl_Task_postInit__I)
                  00004700    000000e8     gpio_tivaware.aem4f : GPIO.oem4f (.text:GPIO_write)
                  000047e8    000000e8     sysbios.aem4f : BIOS.obj (.text:ti_sysbios_family_arm_m3_Hwi_initNVIC__E)
                  000048d0    000000e8                   : BIOS.obj (.text:ti_sysbios_io_DEV_postInit__I)
                  000049b8    000000c0     uart_tivaware.aem4f : UARTTiva.oem4f (.text:UARTTiva_writeCancel)
                  00004a78    000000bc                         : UARTTiva.oem4f (.text:UARTTiva_readCancel)
                  00004b34    000000bc     sysbios.aem4f : BIOS.obj (.text:ti_sysbios_knl_Task_unblockI__E)
                  00004bf0    000000b8     main.obj (.text:send_struct)
                  00004ca8    000000b8     sysbios.aem4f : BIOS.obj (.text:ti_sysbios_family_arm_lm4_TimestampProvider_get32__E)
                  00004d60    000000b4                   : BIOS.obj (.text:ti_sysbios_family_arm_m3_Hwi_excHardFault__I)
                  00004e14    000000b4                   : BIOS.obj (.text:ti_sysbios_gates_GateMutex_enter__E)
                  00004ec8    000000b4                   : BIOS.obj (.text:ti_sysbios_knl_Task_checkStacks__E)
                  00004f7c    000000b0                   : BIOS.obj (.text:ti_sysbios_family_arm_m3_Hwi_excDebugMon__I)
                  0000502c    000000b0                   : BIOS.obj (.text:ti_sysbios_utils_Load_idleFxn__E)
                  000050dc    000000b0                   : BIOS.obj (.text:ti_sysbios_utils_Load_updateLoads__E)
                  0000518c    000000ac                   : BIOS.obj (.text:ti_sysbios_family_arm_lm4_Timer_enableTiva__I)
                  00005238    000000aa     main.obj (.text:tcp_connection)
                  000052e2    00000002     sysbios.aem4f : BIOS.obj (.text:ti_sysbios_BIOS_nullFunc__I)
                  000052e4    000000a8                   : BIOS.obj (.text:ti_sysbios_knl_Semaphore_Instance_init__F)
                  0000538c    000000a8                   : BIOS.obj (.text:ti_sysbios_knl_Swi_post__E)
                  00005434    000000a8                   : BIOS.obj (.text:ti_sysbios_knl_Task_blockI__E)
                  000054dc    000000a4                   : BIOS.obj (.text:ti_sysbios_family_arm_lm4_Timer_enableTimers__I)
                  00005580    000000a4                   : BIOS.obj (.text:ti_sysbios_family_arm_m3_Hwi_Module_startup__F)
                  00005624    000000a0     uart_tivaware.aem4f : UARTTiva.oem4f (.text:UARTTiva_close)
                  000056c4    000000a0     auto_init.aem4f : auto_init.oem4f (.text)
                  00005764    0000009c     rtsv7M4_T_le_v4SPD16_eabi.lib : memcpy_t2.obj (.text)
                  00005800    0000009a     ti.targets.arm.rtsarm.aem4f : Text.oem4f (.text:xdc_runtime_Text_putSite__F)
                  0000589a    00000002     sysbios.aem4f : BIOS.obj (.text:ti_sysbios_gates_GateHwi_Instance_init__F)
                  0000589c    00000094     Boot.aem4f : Boot.oem4f (.text:ti_catalog_arm_cortexm4_tiva_ce_Boot_sysCtlClockSet__E)
                  00005930    00000094     ti.targets.arm.rtsarm.aem4f : Text.oem4f (.text:xdc_runtime_Text_putMod__F)
                  000059c4    00000090     sysbios.aem4f : BIOS.obj (.text:ti_sysbios_family_arm_m3_Hwi_Instance_init__F)
                  00005a54    0000008c                   : m3_TaskSupport_asm.obj (.text:ti_sysbios_family_arm_m3_TaskSupport_buildTaskStack)
                  00005ae0    0000008c                   : BIOS.obj (.text:ti_sysbios_knl_Mailbox_Module_startup__F)
                  00005b6c    00000088     EK_LM4F120XL.obj (.text:EK_LM4F120XL_initGPIO)
                  00005bf4    00000088     sysbios.aem4f : BIOS.obj (.text:ti_sysbios_utils_Load_addTask__E)
                  00005c7c    00000085     main.obj (.text:mux_1)
                  00005d01    00000001     --HOLE-- [fill = 0]
                  00005d02    00000002     main_pem4f.oem4f (.text:xdc_runtime_Startup_reset__I)
                  00005d04    00000084     ti.uia.runtime.aem4f : LoggerStopMode.oem4f (.text:ti_uia_runtime_LoggerStopMode_setFilterLevel__E)
                  00005d88    00000080     main.obj (.text:mux_2)
                  00005e08    00000080     sysbios.aem4f : BIOS.obj (.text:ti_sysbios_knl_Task_Module_startup__F)
                  00005e88    0000007e     ti.uia.runtime.aem4f : LoggerStopMode.oem4f (.text:ti_uia_runtime_LoggerStopMode_getContents__E)
                  00005f06    00000078     rtsv7M4_T_le_v4SPD16_eabi.lib : memset_t2.obj (.text)
                  00005f7e    00000002     --HOLE-- [fill = 0]
                  00005f80    00000078     sysbios.aem4f : BIOS.obj (.text:ti_sysbios_utils_Load_updateCurrentThreadTime__E)
                  00005ff8    00000074                   : BIOS.obj (.text:ti_sysbios_family_arm_lm4_Timer_isrStub__E)
                  0000606c    00000070     main_pem4f.oem4f (.text:ti_sysbios_family_arm_m3_Hwi_Object__create__S)
                  000060dc    00000070     sysbios.aem4f : BIOS.obj (.text:ti_sysbios_family_arm_m3_Hwi_reconfig__E)
                  0000614c    00000070                   : BIOS.obj (.text:ti_sysbios_utils_Load_taskDeleteHook__E)
                  000061bc    00000070     ti.uia.runtime.aem4f : LoggerStopMode.oem4f (.text:ti_uia_runtime_LoggerStopMode_getFilterLevel__E)
                  0000622c    00000070                          : LoggerStopMode.oem4f (.text:ti_uia_runtime_LoggerStopMode_writeBlockOfMemory__I)
                  0000629c    00000070                          : QueueDescriptor.oem4f (.text:ti_uia_runtime_QueueDescriptor_addToList__E)
                  0000630c    00000070     ti.targets.arm.rtsarm.aem4f : Memory.oem4f (.text:xdc_runtime_Memory_alloc__F)
                  0000637c    0000006c     sysbios.aem4f : BIOS.obj (.text:ti_sysbios_utils_Load_taskCreateHook__E)
                  000063e8    0000006c     ti.targets.arm.rtsarm.aem4f : Error.oem4f (.text:xdc_runtime_Error_print__F)
                  00006454    00000068     sysbios.aem4f : BIOS.obj (.text:ti_sysbios_BIOS_rtsUnlock__I)
                  000064bc    00000066     ti.targets.arm.rtsarm.aem4f : Core-mem.oem4f (.text:xdc_runtime_Core_deleteObject__I)
                  00006522    00000002     --HOLE-- [fill = 0]
                  00006524    00000064     sysbios.aem4f : BIOS.obj (.text:ti_sysbios_knl_Clock_logTick__E)
                  00006588    00000064                   : BIOS.obj (.text:ti_sysbios_utils_Load_logCPULoad__I)
                  000065ec    00000060     rtsv7M4_T_le_v4SPD16_eabi.lib : trgmsg.obj (.text)
                  0000664c    00000060     main_pem4f.oem4f (.text:ti_uia_runtime_LoggerStopMode_Object__create__S)
                  000066ac    0000005e     rtsv7M4_T_le_v4SPD16_eabi.lib : copy_decompress_rle.obj (.text)
                  0000670a    00000002     --HOLE-- [fill = 0]
                  0000670c    0000005c     sysbios.aem4f : BIOS.obj (.text:ti_sysbios_family_arm_lm4_Timer_Module_startup__F)
                  00006768    0000005b     ti.targets.arm.rtsarm.aem4f : Text.oem4f (.text:xdc_runtime_Text_putLab__F)
                  000067c3    00000001     --HOLE-- [fill = 0]
                  000067c4    0000005a     ti.uia.runtime.aem4f : LoggerStopMode.oem4f (.text:ti_uia_runtime_LoggerStopMode_readBlockOfMemory__I)
                  0000681e    00000002     --HOLE-- [fill = 0]
                  00006820    00000058     boot.aem4f : boot.oem4f (.text)
                  00006878    00000058     sysbios.aem4f : BIOS.obj (.text:ti_sysbios_knl_Swi_restoreHwi__E)
                  000068d0    00000058                   : BIOS.obj (.text:ti_sysbios_knl_Swi_schedule__I)
                  00006928    00000054     ti.uia.runtime.aem4f : QueueDescriptor.oem4f (.text:ti_uia_runtime_QueueDescriptor_removeFromList__E)
                  0000697c    00000053     main.obj (.text:init_uart)
                  000069cf    00000001     --HOLE-- [fill = 0]
                  000069d0    00000050     sysbios.aem4f : BIOS.obj (.text:ti_sysbios_utils_Load_taskSwitchHook__E)
                  00006a20    00000050     ti.targets.arm.rtsarm.aem4f : Startup.oem4f (.text:xdc_runtime_Startup_exec__F)
                  00006a70    00000050                                 : System.oem4f (.text:xdc_runtime_System_formatNum__I)
                  00006ac0    00000050                                 : Text.oem4f (.text:xdc_runtime_Text_visitRope2__I)
                  00006b10    0000004c     sysbios.aem4f : BIOS.obj (.text:ti_sysbios_knl_Swi_runLoop__I)
                  00006b5c    00000048     driverlib.lib : gpio.obj (.text:GPIOPinConfigure)
                  00006ba4    00000048     uart_tivaware.aem4f : UART.oem4f (.text:UART_open)
                  00006bec    00000048     sysbios.aem4f : BIOS.obj (.text:ti_sysbios_BIOS_errorRaiseHook__I)
                  00006c34    00000048                   : BIOS.obj (.text:ti_sysbios_family_arm_m3_Hwi_excReserved__I)
                  00006c7c    00000048                   : BIOS.obj (.text:ti_sysbios_heaps_HeapMem_getStats__E)
                  00006cc4    00000048     ti.targets.arm.rtsarm.aem4f : Assert.oem4f (.text:xdc_runtime_Assert_raise__I)
                  00006d0c    00000048                                 : Core-params.oem4f (.text:xdc_runtime_Core_assignParams__I)
                  00006d54    00000046     ti.uia.runtime.aem4f : LoggerStopMode.oem4f (.text:ti_uia_runtime_LoggerStopMode_Instance_init__F)
                  00006d9a    00000002     --HOLE-- [fill = 0]
                  00006d9c    00000044     rtsv7M4_T_le_v4SPD16_eabi.lib : cpy_tbl.obj (.text)
                  00006de0    00000044                                   : exit.obj (.text)
                  00006e24    00000044     sysbios.aem4f : BIOS.obj (.text:ti_sysbios_family_arm_lm4_Timer_stop__E)
                  00006e68    00000044                   : BIOS.obj (.text:ti_sysbios_family_arm_m3_Hwi_disableInterrupt__E)
                  00006eac    00000044                   : BIOS.obj (.text:ti_sysbios_family_arm_m3_Hwi_enableInterrupt__E)
                  00006ef0    00000044                   : BIOS.obj (.text:ti_sysbios_knl_Task_allBlockedFunction__I)
                  00006f34    00000044     ti.uia.runtime.aem4f : LoggerStopMode.oem4f (.text:ti_uia_runtime_LoggerStopMode_filterOutEvent__I)
                  00006f78    00000044                          : LoggerStopMode.oem4f (.text:ti_uia_runtime_LoggerStopMode_reset__F)
                  00006fbc    00000044     ti.targets.arm.rtsarm.aem4f : SysMin.oem4f (.text:xdc_runtime_SysMin_flush__F)
                  00007000    00000042     driverlib.lib : uart.obj (.text:UARTConfigSetExpClk)
                  00007042    00000042     sysbios.aem4f : BIOS.obj (.text:ti_sysbios_knl_Semaphore_pendTimeout__I)
                  00007084    00000040     EK_LM4F120XL.obj (.text:EK_LM4F120XL_initGeneral)
                  000070c4    00000040     sysbios.aem4f : BIOS.obj (.text:ti_sysbios_family_arm_lm4_Timer_startup__E)
                  00007104    00000040     main_pem4f.oem4f (.text:ti_sysbios_knl_Semaphore_Object__create__S)
                  00007144    00000040     ti.targets.arm.rtsarm.aem4f : System.oem4f (.text:xdc_runtime_System_atexit__F)
                  00007184    0000003c     sysbios.aem4f : BIOS.obj (.text:ti_sysbios_family_arm_m3_Hwi_excSvCall__I)
                  000071c0    0000003c                   : BIOS.obj (.text:ti_sysbios_heaps_HeapMem_init__I)
                  000071fc    0000003c                   : BIOS.obj (.text:ti_sysbios_knl_Swi_startup__E)
                  00007238    0000003c     ti.targets.arm.rtsarm.aem4f : Text.oem4f (.text:xdc_runtime_Text_xprintf__I)
                  00007274    00000038     uart_tivaware.aem4f : UART.oem4f (.text:UART_init)
                  000072ac    00000038     main.obj (.text:main)
                  000072e4    00000038     sysbios.aem4f : BIOS.obj (.text:ti_sysbios_family_arm_m3_Hwi_excNoIsr__I)
                  0000731c    00000038                   : BIOS.obj (.text:ti_sysbios_family_arm_m3_Hwi_getStackInfo__E)
                  00007354    00000038                   : BIOS.obj (.text:ti_sysbios_family_arm_m3_TaskSupport_start__E)
                  0000738c    00000038     main_pem4f.oem4f (.text:ti_sysbios_gates_GateHwi_Object__create__S)
                  000073c4    00000038     main_pem4f.oem4f (.text:ti_sysbios_gates_GateMutex_Object__create__S)
                  000073fc    00000038     main_pem4f.oem4f (.text:ti_sysbios_heaps_HeapMem_Object__create__S)
                  00007434    00000038     main_pem4f.oem4f (.text:ti_sysbios_knl_Queue_Object__create__S)
                  0000746c    00000038     ti.targets.arm.rtsarm.aem4f : SysMin.oem4f (.text:xdc_runtime_SysMin_putch__F)
                  000074a4    00000034     driverlib.lib : sysctl.obj (.text:SysCtlPeripheralEnable)
                  000074d8    00000034     uart_tivaware.aem4f : UART.oem4f (.text:UART_Params_init)
                  0000750c    00000034                         : UART.oem4f (.text:UART_read)
                  00007540    00000034                         : UART.oem4f (.text:UART_write)
                  00007574    00000034     main.obj (.text:init_mux_pins)
                  000075a8    00000034     sysbios.aem4f : BIOS.obj (.text:ti_sysbios_family_arm_m3_Hwi_excNmi__I)
                  000075dc    00000034                   : BIOS.obj (.text:ti_sysbios_hal_Hwi_checkStack:ti_sysbios_hal_Hwi_checkStack)
                  00007610    00000030     main_pem4f.oem4f (.text:ti_sysbios_BIOS_exitFunc__I)
                  00007640    00000030     sysbios.aem4f : BIOS.obj (.text:ti_sysbios_knl_Idle_run__E)
                  00007670    00000030     ti.targets.arm.rtsarm.aem4f : Core-label.oem4f (.text:xdc_runtime_Core_assignLabel__I)
                  000076a0    00000030                                 : SysMin.oem4f (.text:xdc_runtime_SysMin_abort__F)
                  000076d0    0000002f                                 : Text.oem4f (.text:xdc_runtime_Text_printVisFxn__I)
                  000076ff    00000001     --HOLE-- [fill = 0]
                  00007700    0000002e     main_pem4f.oem4f (.text:malloc)
                  0000772e    0000002c     sysbios.aem4f : BIOS.obj (.text:ti_sysbios_hal_Hwi_initStack:ti_sysbios_hal_Hwi_initStack)
                  0000775a    00000002     --HOLE-- [fill = 0]
                  0000775c    0000002c                   : BIOS.obj (.text:ti_sysbios_io_DEV_Module_startup__F)
                  00007788    0000002c     main_pem4f.oem4f (.text:ti_sysbios_knl_Clock_doTick__I)
                  000077b4    0000002c     sysbios.aem4f : BIOS.obj (.text:ti_sysbios_knl_Task_restore__E)
                  000077e0    0000002c     ti.uia.runtime.aem4f : LoggerStopMode.oem4f (.text:ti_uia_runtime_LoggerStopMode_Module_startup__F)
                  0000780c    0000002c                          : LoggerStopMode.oem4f (.text:ti_uia_runtime_LoggerStopMode_disable__E)
                  00007838    0000002c                          : LoggerStopMode.oem4f (.text:ti_uia_runtime_LoggerStopMode_enable__E)
                  00007864    0000002c     ti.targets.arm.rtsarm.aem4f : System.oem4f (.text:xdc_runtime_System_rtsExit__I)
                  00007890    0000002c                                 : Text.oem4f (.text:xdc_runtime_Text_cordText__F)
                  000078bc    0000002a     driverlib.lib : gpio.obj (.text:GPIODirModeSet)
                  000078e6    0000002a     ti.targets.arm.rtsarm.aem4f : System.oem4f (.text:xdc_runtime_System_putchar__I)
                  00007910    00000028     sysbios.aem4f : m3_Hwi_asm_switch.obj (.text:ti_sysbios_family_arm_m3_Hwi_initStacks__E)
                  00007938    00000028                   : BIOS.obj (.text:ti_sysbios_gates_GateMutex_Instance_init__F)
                  00007960    00000028     ti.uia.runtime.aem4f : LogSync.oem4f (.text:ti_uia_runtime_LogSync_Module_startup__F)
                  00007988    00000028                          : QueueDescriptor.oem4f (.text:ti_uia_runtime_QueueDescriptor_initHeader__E)
                  000079b0    00000026     ti.targets.arm.rtsarm.aem4f : System.oem4f (.text:xdc_runtime_System_avprintf__F)
                  000079d6    00000002     --HOLE-- [fill = 0]
                  000079d8    00000024     gpio_tivaware.aem4f : GPIO.oem4f (.text:GPIO_init)
                  000079fc    00000024     sysbios.aem4f : BIOS.obj (.text:ti_sysbios_BIOS_registerRTSLock__I)
                  00007a20    00000024     main_pem4f.oem4f (.text:ti_sysbios_BIOS_startFunc__I)
                  00007a44    00000024     sysbios.aem4f : BIOS.obj (.text:ti_sysbios_family_arm_m3_Hwi_Instance_finalize__F)
                  00007a68    00000024                   : BIOS.obj (.text:ti_sysbios_family_arm_m3_Hwi_doTaskRestore__I)
                  00007a8c    00000024     main_pem4f.oem4f (.text:ti_sysbios_gates_GateMutex_Object__delete__S)
                  00007ab0    00000024     sysbios.aem4f : BIOS.obj (.text:ti_sysbios_knl_Clock_Module_startup__F)
                  00007ad4    00000024                   : BIOS.obj (.text:ti_sysbios_knl_Swi_Module_startup__F)
                  00007af8    00000024     ti.uia.runtime.aem4f : LoggerStopMode.oem4f (.text:ti_uia_runtime_LoggerStopMode_Instance_finalize__F)
                  00007b1c    00000024     ti.targets.arm.rtsarm.aem4f : System.oem4f (.text:xdc_runtime_System_vprintf__F)
                  00007b40    00000022     main_pem4f.oem4f (.text:xdc_runtime_SysMin_output__I)
                  00007b62    00000020     sysbios.aem4f : m3_Hwi_asm_switch.obj (.text:ti_sysbios_family_xxx_Hwi_switchAndRunFunc)
                  00007b82    00000002     --HOLE-- [fill = 0]
                  00007b84    00000020     main_pem4f.oem4f (.text:ti_sysbios_gates_GateHwi_Object__delete__S)
                  00007ba4    00000020     main_pem4f.oem4f (.text:ti_sysbios_heaps_HeapMem_Object__delete__S)
                  00007bc4    00000020     main_pem4f.oem4f (.text:ti_sysbios_knl_Semaphore_Object__destruct__S)
                  00007be4    00000020     sysbios.aem4f : BIOS.obj (.text:ti_sysbios_knl_Task_enter__I)
                  00007c04    00000020     main_pem4f.oem4f (.text:ti_uia_runtime_LoggerStopMode_Object__delete__S)
                  00007c24    00000020     ti.targets.arm.rtsarm.aem4f : Registry.oem4f (.text:xdc_runtime_Registry_findById__F)
                  00007c44    00000020                                 : SysMin.oem4f (.text:xdc_runtime_SysMin_Module_startup__F)
                  00007c64    0000001c     driverlib.lib : uart.obj (.text:UARTDisable)
                  00007c80    0000001c     sysbios.aem4f : BIOS.obj (.text:ti_sysbios_BIOS_rtsLock__I)
                  00007c9c    0000001c     main_pem4f.oem4f (.text:ti_sysbios_family_arm_m3_Hwi_Object__destruct__S)
                  00007cb8    0000001c     main_pem4f.oem4f (.text:ti_sysbios_knl_Queue_Object__destruct__S)
                  00007cd4    0000001c     ti.targets.arm.rtsarm.aem4f : Error.oem4f (.text:xdc_runtime_Error_check__F)
                  00007cf0    0000001c                                 : Memory.oem4f (.text:xdc_runtime_Memory_valloc__F)
                  00007d0c    0000001c                                 : SysMin.oem4f (.text:xdc_runtime_SysMin_exit__F)
                  00007d28    0000001a     main_pem4f.oem4f (.text:ti_sysbios_family_arm_m3_Hwi_Handle__label__S)
                  00007d42    0000001a     main_pem4f.oem4f (.text:ti_sysbios_gates_GateHwi_Handle__label__S)
                  00007d5c    0000001a     main_pem4f.oem4f (.text:ti_sysbios_gates_GateMutex_Handle__label__S)
                  00007d76    0000001a     main_pem4f.oem4f (.text:ti_sysbios_heaps_HeapMem_Handle__label__S)
                  00007d90    0000001a     main_pem4f.oem4f (.text:ti_sysbios_knl_Swi_Handle__label__S)
                  00007daa    0000001a     main_pem4f.oem4f (.text:ti_sysbios_knl_Task_Handle__label__S)
                  00007dc4    0000001a     main_pem4f.oem4f (.text:ti_uia_runtime_LoggerStopMode_Handle__label__S)
                  00007dde    0000001a     main_pem4f.oem4f (.text:xdc_runtime_System_aprintf__E)
                  00007df8    0000001a     main_pem4f.oem4f (.text:xdc_runtime_System_printf__E)
                  00007e12    00000018     driverlib.lib : gpio.obj (.text:GPIOPinTypeGPIOOutput)
                  00007e2a    00000018     main_pem4f.oem4f (.text:free)
                  00007e42    00000002     --HOLE-- [fill = 0]
                  00007e44    00000018     rtsv7M4_T_le_v4SPD16_eabi.lib : args_main.obj (.text)
                  00007e5c    00000018     main_pem4f.oem4f (.text:ti_sysbios_family_arm_lm4_Timer_Module__startupDone__F)
                  00007e74    00000018     main_pem4f.oem4f (.text:ti_sysbios_family_arm_m3_Hwi_Module__startupDone__F)
                  00007e8c    00000018     sysbios.aem4f : m3_TaskSupport_asm.obj (.text:ti_sysbios_family_arm_m3_TaskSupport_swap__E)
                  00007ea4    00000018                   : BIOS.obj (.text:ti_sysbios_gates_GateMutex_leave__E)
                  00007ebc    00000018     main_pem4f.oem4f (.text:ti_sysbios_hal_Timer_Module__startupDone__F)
                  00007ed4    00000018     ti.targets.arm.rtsarm.aem4f : Text.oem4f (.text:xdc_runtime_Text_ropeText__F)
                  00007eec    00000016     ti.uia.runtime.aem4f : LoggerStopMode.oem4f (.text:ti_uia_runtime_LoggerStopMode_getFreeSize__E)
                  00007f02    00000016                          : LoggerStopMode.oem4f (.text:ti_uia_runtime_LoggerStopMode_getUnreadSize__E)
                  00007f18    00000014     driverlib.lib : uart.obj (.text:UARTEnable)
                  00007f2c    00000014     rtsv7M4_T_le_v4SPD16_eabi.lib : _lock.obj (.text)
                  00007f40    00000014                                   : strlen.obj (.text)
                  00007f54    00000014     sysbios.aem4f : BIOS.obj (.text:ti_sysbios_family_arm_m3_Hwi_switchFromBootStack__E)
                  00007f68    00000014     main_pem4f.oem4f (.text:ti_sysbios_heaps_HeapMem_Object__get__S)
                  00007f7c    00000014     main_pem4f.oem4f (.text:ti_sysbios_knl_Swi_Object__get__S)
                  00007f90    00000014     main_pem4f.oem4f (.text:ti_sysbios_knl_Task_Object__get__S)
                  00007fa4    00000014     ti.targets.arm.rtsarm.aem4f : System.oem4f (.text:xdc_runtime_System_abort__F)
                  00007fb8    00000012     driverlib.lib : gpio.obj (.text:GPIOPinTypeGPIOInput)
                  00007fca    00000012                   : gpio.obj (.text:GPIOPinTypeUART)
                  00007fdc    00000012     rtsv7M4_T_le_v4SPD16_eabi.lib : copy_zero_init.obj (.text:decompress:ZI)
                  00007fee    00000012     sysbios.aem4f : BIOS.obj (.text:ti_sysbios_hal_Hwi_Module_startup__F)
                  00008000    00000012                   : BIOS.obj (.text:ti_sysbios_hal_Timer_Module_startup__F)
                  00008012    00000012     ti.uia.runtime.aem4f : LoggerStopMode.oem4f (.text:ti_uia_runtime_LoggerStopMode_write1__E)
                  00008024    00000012                          : LoggerStopMode.oem4f (.text:ti_uia_runtime_LoggerStopMode_write2__E)
                  00008036    00000012     main_pem4f.oem4f (.text:xdc_runtime_Startup_exec__I)
                  00008048    00000010     rtsv7M4_T_le_v4SPD16_eabi.lib : strcpy.obj (.text)
                  00008058    00000010     sysbios.aem4f : BIOS.obj (.text:ti_sysbios_BIOS_getCpuFreq__E)
                  00008068    00000010                   : BIOS.obj (.text:ti_sysbios_BIOS_setThreadType__E)
                  00008078    00000010                   : BIOS.obj (.text:ti_sysbios_BIOS_start__E)
                  00008088    00000010                   : BIOS.obj (.text:ti_sysbios_family_arm_lm4_TimestampProvider_rolloverFunc__E)
                  00008098    00000010                   : BIOS.obj (.text:ti_sysbios_family_arm_m3_Hwi_excHandler__I)
                  000080a8    00000010                   : m3_TaskSupport_asm.obj (.text:ti_sysbios_family_arm_m3_TaskSupport_glue)
                  000080b8    00000010                   : m3_Hwi_asm_switch.obj (.text:ti_sysbios_family_xxx_Hwi_switchToIsrStack)
                  000080c8    00000010                   : BIOS.obj (.text:ti_sysbios_gates_GateMutex_Instance_finalize__F)
                  000080d8    00000010     main_pem4f.oem4f (.text:ti_sysbios_io_DEV_Object__get__S)
                  000080e8    00000010     main_pem4f.oem4f (.text:ti_sysbios_knl_Mailbox_Object__get__S)
                  000080f8    00000010     sysbios.aem4f : BIOS.obj (.text:ti_sysbios_knl_Semaphore_Instance_finalize__F)
                  00008108    00000010                   : BIOS.obj (.text:ti_sysbios_knl_Swi_disable__E)
                  00008118    00000010                   : BIOS.obj (.text:ti_sysbios_knl_Task_disable__E)
                  00008128    00000010     main_pem4f.oem4f (.text:ti_uia_runtime_LoggerStopMode_Object__get__S)
                  00008138    00000010     ti.uia.runtime.aem4f : LoggerStopMode.oem4f (.text:ti_uia_runtime_LoggerStopMode_write0__E)
                  00008148    00000010     ti.targets.arm.rtsarm.aem4f : Gate.oem4f (.text:xdc_runtime_Gate_leaveSystem__F)
                  00008158    00000010                                 : Memory.oem4f (.text:xdc_runtime_Memory_free__F)
                  00008168    00000010                                 : SysMin.oem4f (.text:xdc_runtime_SysMin_ready__F)
                  00008178    00000010                                 : System.oem4f (.text:xdc_runtime_System_vsnprintf__F)
                  00008188    00000010     main_pem4f.oem4f (.text:xdc_runtime_Text_visitRope__I)
                  00008198    0000000e     driverlib.lib : uart.obj (.text:UARTCharGetNonBlocking)
                  000081a6    0000000e                   : uart.obj (.text:UARTCharPutNonBlocking)
                  000081b4    0000000e     rtsv7M4_T_le_v4SPD16_eabi.lib : copy_decompress_none.obj (.text:decompress:none)
                  000081c2    0000000e     sysbios.aem4f : BIOS.obj (.text:ti_sysbios_knl_Queue_empty__E)
                  000081d0    0000000e     ti.uia.runtime.aem4f : LoggerStopMode.oem4f (.text:ti_uia_runtime_LoggerStopMode_isEmpty__E)
                  000081de    00000002     --HOLE-- [fill = 0]
                  000081e0    0000000c     main_pem4f.oem4f (.text:.bootCodeSection:ti_catalog_arm_cortexm4_tiva_ce_Boot_init__I)
                  000081ec    0000000c     sysbios.aem4f : BIOS.obj (.text:ti_sysbios_family_arm_lm4_Timer_masterDisable__I)
                  000081f8    0000000c                   : BIOS.obj (.text:ti_sysbios_family_arm_lm4_TimestampProvider_startTimer__E)
                  00008204    0000000c     main_pem4f.oem4f (.text:ti_sysbios_family_arm_m3_Hwi_Params__init__S)
                  00008210    0000000c     sysbios.aem4f : BIOS.obj (.text:ti_sysbios_family_arm_m3_Hwi_disableFxn__E)
                  0000821c    0000000c                   : BIOS.obj (.text:ti_sysbios_family_arm_m3_TaskSupport_checkStack__E)
                  00008228    0000000c                   : m3_Hwi_asm_switch.obj (.text:ti_sysbios_family_xxx_Hwi_switchToTaskStack)
                  00008234    0000000c                   : BIOS.obj (.text:ti_sysbios_gates_GateHwi_enter__E)
                  00008240    0000000c     main_pem4f.oem4f (.text:ti_sysbios_knl_Queue_Object__get__S)
                  0000824c    0000000c     main_pem4f.oem4f (.text:ti_sysbios_knl_Semaphore_Params__init__S)
                  00008258    0000000c     sysbios.aem4f : BIOS.obj (.text:ti_sysbios_utils_Load_taskRegHook__E)
                  00008264    0000000c     ti.targets.arm.rtsarm.aem4f : Error.oem4f (.text:xdc_runtime_Error_init__F)
                  00008270    0000000c                                 : Gate.oem4f (.text:xdc_runtime_Gate_enterSystem__F)
                  0000827c    0000000c                                 : Memory.oem4f (.text:xdc_runtime_Memory_calloc__F)
                  00008288    0000000c                                 : Memory.oem4f (.text:xdc_runtime_Memory_getMaxDefaultTypeAlign__F)
                  00008294    0000000c                                 : System.oem4f (.text:xdc_runtime_System_exit__F)
                  000082a0    0000000c                                 : System.oem4f (.text:xdc_runtime_System_lastFxn__I)
                  000082ac    0000000a     driverlib.lib : uart.obj (.text:UARTCharGet)
                  000082b6    0000000a                   : uart.obj (.text:UARTCharPut)
                  000082c0    0000000a                   : uart.obj (.text:UARTIntDisable)
                  000082ca    0000000a                   : uart.obj (.text:UARTIntStatus)
                  000082d4    0000000a     main_pem4f.oem4f (.text:xdc_runtime_IHeap_alloc)
                  000082de    0000000a     main_pem4f.oem4f (.text:xdc_runtime_IHeap_free)
                  000082e8    00000008     driverlib.lib : uart.obj (.text:UARTIntEnable)
                  000082f0    00000008     uart_tivaware.aem4f : UARTTiva.oem4f (.text:UARTTiva_init)
                  000082f8    00000008                         : UARTTiva.oem4f (.text:readSemCallback)
                  00008300    00000008     sysbios.aem4f : BIOS.obj (.text:ti_sysbios_family_arm_m3_Hwi_doSwiRestore__I)
                  00008308    00000008                   : BIOS.obj (.text:ti_sysbios_family_arm_m3_Hwi_startup__E)
                  00008310    00000008                   : BIOS.obj (.text:ti_sysbios_knl_Idle_loop__E)
                  00008318    00000008     uart_tivaware.aem4f : UARTTiva.oem4f (.text:writeSemCallback)
                  00008320    00000006     driverlib.lib : gpio.obj (.text:GPIOPinWrite)
                  00008326    00000006                   : uart.obj (.text:UARTFIFOLevelSet)
                  0000832c    00000006     ti.targets.arm.rtsarm.aem4f : xdc_noinit.oem4f (.text:__xdc__init)
                  00008332    00000006     rtsv7M4_T_le_v4SPD16_eabi.lib : copy_decompress_rle.obj (.text:decompress:rle24)
                  00008338    00000006     Boot.aem4f : Boot_sysctl.oem4f (.text:ti_catalog_arm_cortexm4_tiva_ce_Boot_sysCtlDelayI__I)
                  0000833e    00000006     sysbios.aem4f : BIOS.obj (.text:ti_sysbios_family_arm_lm4_TimestampProvider_Module_startup__F)
                  00008344    00000006                   : BIOS.obj (.text:ti_sysbios_family_arm_m3_Hwi_restoreFxn__E)
                  0000834a    00000006                   : BIOS.obj (.text:ti_sysbios_gates_GateHwi_leave__E)
                  00008350    00000006                   : BIOS.obj (.text:ti_sysbios_heaps_HeapMem_isBlocking__E)
                  00008356    00000006                   : BIOS.obj (.text:ti_sysbios_knl_Queue_Instance_init__F)
                  0000835c    00000006     ti.uia.runtime.aem4f : LoggerStopMode.oem4f (.text:ti_uia_runtime_LoggerStopMode_getPriority__E)
                  00008362    00000006                          : LoggerStopMode.oem4f (.text:ti_uia_runtime_LoggerStopMode_getTransferType__F)
                  00008368    00000006     ti.targets.arm.rtsarm.aem4f : System.oem4f (.text:xdc_runtime_System_Module_startup__F)
                  0000836e    00000004     driverlib.lib : uart.obj (.text:UARTIntClear)
                  00008372    00000004     main_pem4f.oem4f (.text:ti_sysbios_BIOS_RtsGateProxy_enter__E)
                  00008376    00000004     main_pem4f.oem4f (.text:ti_sysbios_BIOS_RtsGateProxy_leave__E)
                  0000837a    00000004     sysbios.aem4f : BIOS.obj (.text:ti_sysbios_family_arm_lm4_Timer_getPeriod__E)
                  0000837e    00000004                   : BIOS.obj (.text:ti_sysbios_family_arm_lm4_Timer_masterEnable__I)
                  00008382    00000004     main_pem4f.oem4f (.text:ti_sysbios_family_arm_m3_TaskSupport_Module__startupDone__S)
                  00008386    00000004     sysbios.aem4f : BIOS.obj (.text:ti_sysbios_gates_GateHwi_query__F)
                  0000838a    00000004                   : BIOS.obj (.text:ti_sysbios_gates_GateMutex_query__F)
                  0000838e    00000004     main_pem4f.oem4f (.text:ti_sysbios_hal_Hwi_HwiProxy_Module__startupDone__S)
                  00008392    00000004     main_pem4f.oem4f (.text:ti_sysbios_hal_Timer_TimerProxy_Module__startupDone__S)
                  00008396    00000004     main_pem4f.oem4f (.text:ti_sysbios_hal_Timer_TimerProxy_getPeriod__E)
                  0000839a    00000004     main_pem4f.oem4f (.text:ti_sysbios_heaps_HeapMem_Module_GateProxy_enter__E)
                  0000839e    00000004     main_pem4f.oem4f (.text:ti_sysbios_heaps_HeapMem_Module_GateProxy_leave__E)
                  000083a2    00000004     main_pem4f.oem4f (.text:ti_sysbios_knl_Task_SupportProxy_Module__startupDone__S)
                  000083a6    00000004     sysbios.aem4f : BIOS.obj (.text:ti_sysbios_knl_Task_startup__E)
                  000083aa    00000004     main_pem4f.oem4f (.text:ti_uia_runtime_LogSync_CpuTimestampProxy_Module__startupDone__S)
                  000083ae    00000004     main_pem4f.oem4f (.text:ti_uia_runtime_LogSync_GlobalTimestampProxy_Module__startupDone__S)
                  000083b2    00000004     ti.uia.runtime.aem4f : LoggerStopMode.oem4f (.text:ti_uia_runtime_LoggerStopMode_getInstanceId__E)
                  000083b6    00000004                          : LoggerStopMode.oem4f (.text:ti_uia_runtime_LoggerStopMode_getMaxLength__E)
                  000083ba    00000004                          : LoggerStopMode.oem4f (.text:ti_uia_runtime_LoggerStopMode_setPriority__E)
                  000083be    00000004     ti.targets.arm.rtsarm.aem4f : Error.oem4f (.text:xdc_runtime_Error_getSite__F)
                  000083c2    00000004     main_pem4f.oem4f (.text:xdc_runtime_Memory_HeapProxy_alloc__E)
                  000083c6    00000004     main_pem4f.oem4f (.text:xdc_runtime_Memory_HeapProxy_free__E)
                  000083ca    00000004     main_pem4f.oem4f (.text:xdc_runtime_System_Module_GateProxy_enter__E)
                  000083ce    00000004     main_pem4f.oem4f (.text:xdc_runtime_System_Module_GateProxy_leave__E)
                  000083d2    00000004     ti.targets.arm.rtsarm.aem4f : System.oem4f (.text:xdc_runtime_System_aprintf_va__F)
                  000083d6    00000004                                 : System.oem4f (.text:xdc_runtime_System_printf_va__F)
                  000083da    00000004     main_pem4f.oem4f (.text:xdc_runtime_System_vsnprintf__E)
                  000083de    00000004     main_pem4f.oem4f (.text:xdc_runtime_TimestampNull_Module__startupDone__S)
                  000083e2    00000004     main_pem4f.oem4f (.text:xdc_runtime_Timestamp_Module__startupDone__S)

.const     0    000083e8    00002e5a     
                  000083e8    000023a9     main_pem4f.oem4f (.const:xdc_runtime_Text_charTab__A)
                  0000a791    00000001     main_pem4f.oem4f (.const:xdc_runtime_Error_policy__C)
                  0000a792    00000140     main_pem4f.oem4f (.const:xdc_runtime_Text_nodeTab__A)
                  0000a8d2    000000d8     main_pem4f.oem4f (.const:ti_sysbios_family_arm_m3_Hwi_priorities__A)
                  0000a9aa    00000002     main_pem4f.oem4f (.const:ti_catalog_arm_cortexm4_tiva_ce_Boot_Module__id__C)
                  0000a9ac    00000090     driverlib.lib : gpio.obj (.const:g_pui32GPIOBaseAddrs)
                  0000aa3c    0000006c     EK_LM4F120XL.obj (.const:UART_config)
                  0000aaa8    00000060     main_pem4f.oem4f (.const:ti_uia_runtime_LoggerStopMode_Module__FXNS__C)
                  0000ab08    00000048     main_pem4f.oem4f (.const:.string)
                  0000ab50    00000040     EK_LM4F120XL.obj (.const:uartTivaHWAttrs)
                  0000ab90    0000003c     EK_LM4F120XL.obj (.const:gpioHWAttrs)
                  0000abcc    00000038     main_pem4f.oem4f (.const:xdc_runtime_Startup_sfxnTab__A)
                  0000ac04    00000030     main_pem4f.oem4f (.const:ti_sysbios_family_arm_m3_Hwi_Object__PARAMS__C)
                  0000ac34    00000030     main_pem4f.oem4f (.const:ti_sysbios_knl_Task_hooks__A)
                  0000ac64    00000030     main_pem4f.oem4f (.const:ti_uia_runtime_LoggerStopMode_Object__PARAMS__C)
                  0000ac94    00000028     main_pem4f.oem4f (.const:ti_sysbios_heaps_HeapMem_Module__FXNS__C)
                  0000acbc    00000024     uart_tivaware.aem4f : UARTTiva.oem4f (.const:UARTTiva_fxnTable)
                  0000ace0    00000024     main_pem4f.oem4f (.const:ti_sysbios_gates_GateHwi_Module__FXNS__C)
                  0000ad04    00000024     main_pem4f.oem4f (.const:ti_sysbios_gates_GateMutex_Module__FXNS__C)
                  0000ad28    00000024     main_pem4f.oem4f (.const:ti_sysbios_heaps_HeapMem_Object__PARAMS__C)
                  0000ad4c    00000024     main_pem4f.oem4f (.const:ti_sysbios_knl_Semaphore_Object__PARAMS__C)
                  0000ad70    00000020     main_pem4f.oem4f (.const:ti_sysbios_family_arm_m3_Hwi_Object__DESC__C)
                  0000ad90    00000020     main_pem4f.oem4f (.const:ti_sysbios_gates_GateHwi_Object__DESC__C)
                  0000adb0    00000020     main_pem4f.oem4f (.const:ti_sysbios_gates_GateMutex_Object__DESC__C)
                  0000add0    00000020     main_pem4f.oem4f (.const:ti_sysbios_heaps_HeapMem_Object__DESC__C)
                  0000adf0    00000020     main_pem4f.oem4f (.const:ti_sysbios_knl_Queue_Object__DESC__C)
                  0000ae10    00000020     main_pem4f.oem4f (.const:ti_sysbios_knl_Semaphore_Object__DESC__C)
                  0000ae30    00000020     main_pem4f.oem4f (.const:ti_uia_runtime_LoggerStopMode_Object__DESC__C)
                  0000ae50    00000020     uart_tivaware.aem4f : UART.oem4f (.const)
                  0000ae70    0000001c     main_pem4f.oem4f (.const:xdc_runtime_Startup_sfxnRts__A)
                  0000ae8c    00000018     EK_LM4F120XL.obj (.const)
                  0000aea4    00000018     main_pem4f.oem4f (.const:ti_sysbios_gates_GateHwi_Object__PARAMS__C)
                  0000aebc    00000018     main_pem4f.oem4f (.const:ti_sysbios_gates_GateMutex_Object__PARAMS__C)
                  0000aed4    00000018     main_pem4f.oem4f (.const:ti_sysbios_knl_Queue_Object__PARAMS__C)
                  0000aeec    00000014     main_pem4f.oem4f (.const:xdc_runtime_Startup_firstFxns__A)
                  0000af00    00000011     ti.targets.arm.rtsarm.aem4f : System.oem4f (.const)
                  0000af11    00000001     --HOLE-- [fill = 0]
                  0000af12    00000002     main_pem4f.oem4f (.const:ti_sysbios_BIOS_Module__id__C)
                  0000af14    00000008     main_pem4f.oem4f (.const:ti_sysbios_family_arm_m3_Hwi_excHookFuncs__A)
                  0000af1c    00000008     main_pem4f.oem4f (.const:ti_sysbios_knl_Idle_coreList__A)
                  0000af24    00000008     main_pem4f.oem4f (.const:ti_sysbios_knl_Idle_coreList__C)
                  0000af2c    00000008     main_pem4f.oem4f (.const:ti_sysbios_knl_Idle_funcList__A)
                  0000af34    00000008     main_pem4f.oem4f (.const:ti_sysbios_knl_Idle_funcList__C)
                  0000af3c    00000008     main_pem4f.oem4f (.const:ti_sysbios_knl_Task_hooks__C)
                  0000af44    00000008     main_pem4f.oem4f (.const:xdc_runtime_Startup_firstFxns__C)
                  0000af4c    00000008     main_pem4f.oem4f (.const:xdc_runtime_Startup_lastFxns__A)
                  0000af54    00000008     main_pem4f.oem4f (.const:xdc_runtime_Startup_lastFxns__C)
                  0000af5c    00000004     main_pem4f.oem4f (.const:ti_catalog_arm_cortexm4_tiva_ce_Boot_A_mustUseEnhancedClockMode__C)
                  0000af60    00000004     main_pem4f.oem4f (.const:ti_catalog_arm_cortexm4_tiva_ce_Boot_Module__diagsEnabled__C)
                  0000af64    00000004     main_pem4f.oem4f (.const:ti_catalog_arm_cortexm4_tiva_ce_Boot_Module__diagsIncluded__C)
                  0000af68    00000004     main_pem4f.oem4f (.const:ti_catalog_arm_cortexm4_tiva_ce_Boot_Module__diagsMask__C)
                  0000af6c    00000004     main_pem4f.oem4f (.const:ti_sysbios_BIOS_Module__diagsEnabled__C)
                  0000af70    00000004     main_pem4f.oem4f (.const:ti_sysbios_BIOS_Module__diagsIncluded__C)
                  0000af74    00000004     main_pem4f.oem4f (.const:ti_sysbios_BIOS_Module__diagsMask__C)
                  0000af78    00000004     main_pem4f.oem4f (.const:ti_sysbios_BIOS_installedErrorHook__C)
                  0000af7c    00000004     main_pem4f.oem4f (.const:ti_sysbios_family_arm_lm4_Timer_enableFunc__C)
                  0000af80    00000004     main_pem4f.oem4f (.const:ti_sysbios_family_arm_lm4_Timer_numTimerDevices__C)
                  0000af84    00000004     main_pem4f.oem4f (.const:ti_sysbios_family_arm_lm4_Timer_startupNeeded__C)
                  0000af88    00000004     main_pem4f.oem4f (.const:ti_sysbios_family_arm_m3_Hwi_E_NMI__C)
                  0000af8c    00000004     main_pem4f.oem4f (.const:ti_sysbios_family_arm_m3_Hwi_E_alreadyDefined__C)
                  0000af90    00000004     main_pem4f.oem4f (.const:ti_sysbios_family_arm_m3_Hwi_E_busFault__C)
                  0000af94    00000004     main_pem4f.oem4f (.const:ti_sysbios_family_arm_m3_Hwi_E_debugMon__C)
                  0000af98    00000004     main_pem4f.oem4f (.const:ti_sysbios_family_arm_m3_Hwi_E_hardFault__C)
                  0000af9c    00000004     main_pem4f.oem4f (.const:ti_sysbios_family_arm_m3_Hwi_E_memFault__C)
                  0000afa0    00000004     main_pem4f.oem4f (.const:ti_sysbios_family_arm_m3_Hwi_E_noIsr__C)
                  0000afa4    00000004     main_pem4f.oem4f (.const:ti_sysbios_family_arm_m3_Hwi_E_reserved__C)
                  0000afa8    00000004     main_pem4f.oem4f (.const:ti_sysbios_family_arm_m3_Hwi_E_svCall__C)
                  0000afac    00000004     main_pem4f.oem4f (.const:ti_sysbios_family_arm_m3_Hwi_E_usageFault__C)
                  0000afb0    00000004     main_pem4f.oem4f (.const:ti_sysbios_family_arm_m3_Hwi_LD_end__C)
                  0000afb4    00000004     main_pem4f.oem4f (.const:ti_sysbios_family_arm_m3_Hwi_LM_begin__C)
                  0000afb8    00000004     main_pem4f.oem4f (.const:ti_sysbios_family_arm_m3_Hwi_Module__diagsEnabled__C)
                  0000afbc    00000004     main_pem4f.oem4f (.const:ti_sysbios_family_arm_m3_Hwi_Module__diagsIncluded__C)
                  0000afc0    00000004     main_pem4f.oem4f (.const:ti_sysbios_family_arm_m3_Hwi_Module__diagsMask__C)
                  0000afc4    00000004     main_pem4f.oem4f (.const:ti_sysbios_family_arm_m3_Hwi_Module__loggerFxn1__C)
                  0000afc8    00000004     main_pem4f.oem4f (.const:ti_sysbios_family_arm_m3_Hwi_Module__loggerFxn8__C)
                  0000afcc    00000004     main_pem4f.oem4f (.const:ti_sysbios_family_arm_m3_Hwi_Module__loggerObj__C)
                  0000afd0    00000004     main_pem4f.oem4f (.const:ti_sysbios_family_arm_m3_Hwi_NUM_INTERRUPTS__C)
                  0000afd4    00000004     main_pem4f.oem4f (.const:ti_sysbios_family_arm_m3_Hwi_ccr__C)
                  0000afd8    00000004     main_pem4f.oem4f (.const:ti_sysbios_family_arm_m3_Hwi_dispatchTable__C)
                  0000afdc    00000004     main_pem4f.oem4f (.const:ti_sysbios_family_arm_m3_Hwi_excHandlerFunc__C)
                  0000afe0    00000004     main_pem4f.oem4f (.const:ti_sysbios_family_arm_m3_Hwi_excHookFuncs__C)
                  0000afe4    00000004     main_pem4f.oem4f (.const:ti_sysbios_family_arm_m3_Hwi_priGroup__C)
                  0000afe8    00000004     main_pem4f.oem4f (.const:ti_sysbios_family_arm_m3_Hwi_priorities__C)
                  0000afec    00000004     main_pem4f.oem4f (.const:ti_sysbios_gates_GateMutex_A_badContext__C)
                  0000aff0    00000004     main_pem4f.oem4f (.const:ti_sysbios_gates_GateMutex_Instance_State_sem__O)
                  0000aff4    00000004     main_pem4f.oem4f (.const:ti_sysbios_gates_GateMutex_Module__diagsEnabled__C)
                  0000aff8    00000004     main_pem4f.oem4f (.const:ti_sysbios_gates_GateMutex_Module__diagsIncluded__C)
                  0000affc    00000004     main_pem4f.oem4f (.const:ti_sysbios_gates_GateMutex_Module__diagsMask__C)
                  0000b000    00000004     main_pem4f.oem4f (.const:ti_sysbios_hal_Hwi_E_stackOverflow__C)
                  0000b004    00000004     main_pem4f.oem4f (.const:ti_sysbios_heaps_HeapMem_A_align__C)
                  0000b008    00000004     main_pem4f.oem4f (.const:ti_sysbios_heaps_HeapMem_A_heapSize__C)
                  0000b00c    00000004     main_pem4f.oem4f (.const:ti_sysbios_heaps_HeapMem_A_invalidFree__C)
                  0000b010    00000004     main_pem4f.oem4f (.const:ti_sysbios_heaps_HeapMem_A_zeroBlock__C)
                  0000b014    00000004     main_pem4f.oem4f (.const:ti_sysbios_heaps_HeapMem_E_memory__C)
                  0000b018    00000004     main_pem4f.oem4f (.const:ti_sysbios_heaps_HeapMem_Module__diagsEnabled__C)
                  0000b01c    00000004     main_pem4f.oem4f (.const:ti_sysbios_heaps_HeapMem_Module__diagsIncluded__C)
                  0000b020    00000004     main_pem4f.oem4f (.const:ti_sysbios_heaps_HeapMem_Module__diagsMask__C)
                  0000b024    00000004     main_pem4f.oem4f (.const:ti_sysbios_heaps_HeapMem_Module__gateObj__C)
                  0000b028    00000004     main_pem4f.oem4f (.const:ti_sysbios_heaps_HeapMem_Object__count__C)
                  0000b02c    00000004     main_pem4f.oem4f (.const:ti_sysbios_heaps_HeapMem_reqAlign__C)
                  0000b030    00000004     main_pem4f.oem4f (.const:ti_sysbios_io_DEV_Object__count__C)
                  0000b034    00000004     main_pem4f.oem4f (.const:ti_sysbios_io_DEV_tableSize__C)
                  0000b038    00000004     main_pem4f.oem4f (.const:ti_sysbios_knl_Clock_LM_begin__C)
                  0000b03c    00000004     main_pem4f.oem4f (.const:ti_sysbios_knl_Clock_LM_tick__C)
                  0000b040    00000004     main_pem4f.oem4f (.const:ti_sysbios_knl_Clock_LW_delayed__C)
                  0000b044    00000004     main_pem4f.oem4f (.const:ti_sysbios_knl_Clock_Module_State_clockQ__O)
                  0000b048    00000004     main_pem4f.oem4f (.const:ti_sysbios_knl_Clock_Module__diagsEnabled__C)
                  0000b04c    00000004     main_pem4f.oem4f (.const:ti_sysbios_knl_Clock_Module__diagsIncluded__C)
                  0000b050    00000004     main_pem4f.oem4f (.const:ti_sysbios_knl_Clock_Module__diagsMask__C)
                  0000b054    00000004     main_pem4f.oem4f (.const:ti_sysbios_knl_Clock_Module__loggerFxn1__C)
                  0000b058    00000004     main_pem4f.oem4f (.const:ti_sysbios_knl_Clock_Module__loggerFxn2__C)
                  0000b05c    00000004     main_pem4f.oem4f (.const:ti_sysbios_knl_Clock_Module__loggerObj__C)
                  0000b060    00000004     main_pem4f.oem4f (.const:ti_sysbios_knl_Mailbox_Instance_State_freeQue__O)
                  0000b064    00000004     main_pem4f.oem4f (.const:ti_sysbios_knl_Mailbox_Object__count__C)
                  0000b068    00000004     main_pem4f.oem4f (.const:ti_sysbios_knl_Semaphore_A_badContext__C)
                  0000b06c    00000004     main_pem4f.oem4f (.const:ti_sysbios_knl_Semaphore_A_noEvents__C)
                  0000b070    00000004     main_pem4f.oem4f (.const:ti_sysbios_knl_Semaphore_A_overflow__C)
                  0000b074    00000004     main_pem4f.oem4f (.const:ti_sysbios_knl_Semaphore_A_pendTaskDisabled__C)
                  0000b078    00000004     main_pem4f.oem4f (.const:ti_sysbios_knl_Semaphore_Instance_State_pendQ__O)
                  0000b07c    00000004     main_pem4f.oem4f (.const:ti_sysbios_knl_Semaphore_LM_pend__C)
                  0000b080    00000004     main_pem4f.oem4f (.const:ti_sysbios_knl_Semaphore_LM_post__C)
                  0000b084    00000004     main_pem4f.oem4f (.const:ti_sysbios_knl_Semaphore_Module__diagsEnabled__C)
                  0000b088    00000004     main_pem4f.oem4f (.const:ti_sysbios_knl_Semaphore_Module__diagsIncluded__C)
                  0000b08c    00000004     main_pem4f.oem4f (.const:ti_sysbios_knl_Semaphore_Module__diagsMask__C)
                  0000b090    00000004     main_pem4f.oem4f (.const:ti_sysbios_knl_Semaphore_Module__loggerFxn2__C)
                  0000b094    00000004     main_pem4f.oem4f (.const:ti_sysbios_knl_Semaphore_Module__loggerFxn4__C)
                  0000b098    00000004     main_pem4f.oem4f (.const:ti_sysbios_knl_Semaphore_Module__loggerObj__C)
                  0000b09c    00000004     main_pem4f.oem4f (.const:ti_sysbios_knl_Swi_LD_end__C)
                  0000b0a0    00000004     main_pem4f.oem4f (.const:ti_sysbios_knl_Swi_LM_begin__C)
                  0000b0a4    00000004     main_pem4f.oem4f (.const:ti_sysbios_knl_Swi_LM_post__C)
                  0000b0a8    00000004     main_pem4f.oem4f (.const:ti_sysbios_knl_Swi_Module__diagsEnabled__C)
                  0000b0ac    00000004     main_pem4f.oem4f (.const:ti_sysbios_knl_Swi_Module__diagsIncluded__C)
                  0000b0b0    00000004     main_pem4f.oem4f (.const:ti_sysbios_knl_Swi_Module__diagsMask__C)
                  0000b0b4    00000004     main_pem4f.oem4f (.const:ti_sysbios_knl_Swi_Module__loggerFxn1__C)
                  0000b0b8    00000004     main_pem4f.oem4f (.const:ti_sysbios_knl_Swi_Module__loggerFxn4__C)
                  0000b0bc    00000004     main_pem4f.oem4f (.const:ti_sysbios_knl_Swi_Module__loggerObj__C)
                  0000b0c0    00000004     main_pem4f.oem4f (.const:ti_sysbios_knl_Swi_Object__count__C)
                  0000b0c4    00000004     main_pem4f.oem4f (.const:ti_sysbios_knl_Task_E_spOutOfBounds__C)
                  0000b0c8    00000004     main_pem4f.oem4f (.const:ti_sysbios_knl_Task_E_stackOverflow__C)
                  0000b0cc    00000004     main_pem4f.oem4f (.const:ti_sysbios_knl_Task_LD_block__C)
                  0000b0d0    00000004     main_pem4f.oem4f (.const:ti_sysbios_knl_Task_LD_exit__C)
                  0000b0d4    00000004     main_pem4f.oem4f (.const:ti_sysbios_knl_Task_LD_ready__C)
                  0000b0d8    00000004     main_pem4f.oem4f (.const:ti_sysbios_knl_Task_LM_switch__C)
                  0000b0dc    00000004     main_pem4f.oem4f (.const:ti_sysbios_knl_Task_Module_State_inactiveQ__O)
                  0000b0e0    00000004     main_pem4f.oem4f (.const:ti_sysbios_knl_Task_Module__diagsEnabled__C)
                  0000b0e4    00000004     main_pem4f.oem4f (.const:ti_sysbios_knl_Task_Module__diagsIncluded__C)
                  0000b0e8    00000004     main_pem4f.oem4f (.const:ti_sysbios_knl_Task_Module__diagsMask__C)
                  0000b0ec    00000004     main_pem4f.oem4f (.const:ti_sysbios_knl_Task_Module__loggerFxn2__C)
                  0000b0f0    00000004     main_pem4f.oem4f (.const:ti_sysbios_knl_Task_Module__loggerFxn4__C)
                  0000b0f4    00000004     main_pem4f.oem4f (.const:ti_sysbios_knl_Task_Module__loggerObj__C)
                  0000b0f8    00000004     main_pem4f.oem4f (.const:ti_sysbios_knl_Task_Object__count__C)
                  0000b0fc    00000004     main_pem4f.oem4f (.const:ti_sysbios_knl_Task_Object__heap__C)
                  0000b100    00000004     main_pem4f.oem4f (.const:ti_sysbios_knl_Task_allBlockedFunc__C)
                  0000b104    00000004     main_pem4f.oem4f (.const:ti_sysbios_knl_Task_numConstructedTasks__C)
                  0000b108    00000004     main_pem4f.oem4f (.const:ti_sysbios_utils_Load_LS_cpuLoad__C)
                  0000b10c    00000004     main_pem4f.oem4f (.const:ti_sysbios_utils_Load_LS_hwiLoad__C)
                  0000b110    00000004     main_pem4f.oem4f (.const:ti_sysbios_utils_Load_LS_taskLoad__C)
                  0000b114    00000004     main_pem4f.oem4f (.const:ti_sysbios_utils_Load_Module_State_taskList__O)
                  0000b118    00000004     main_pem4f.oem4f (.const:ti_sysbios_utils_Load_Module__diagsEnabled__C)
                  0000b11c    00000004     main_pem4f.oem4f (.const:ti_sysbios_utils_Load_Module__diagsIncluded__C)
                  0000b120    00000004     main_pem4f.oem4f (.const:ti_sysbios_utils_Load_Module__diagsMask__C)
                  0000b124    00000004     main_pem4f.oem4f (.const:ti_sysbios_utils_Load_Module__loggerFxn1__C)
                  0000b128    00000004     main_pem4f.oem4f (.const:ti_sysbios_utils_Load_Module__loggerFxn2__C)
                  0000b12c    00000004     main_pem4f.oem4f (.const:ti_sysbios_utils_Load_Module__loggerFxn4__C)
                  0000b130    00000004     main_pem4f.oem4f (.const:ti_sysbios_utils_Load_Module__loggerObj__C)
                  0000b134    00000004     main_pem4f.oem4f (.const:ti_sysbios_utils_Load_postUpdate__C)
                  0000b138    00000004     main_pem4f.oem4f (.const:ti_sysbios_utils_Load_windowInMs__C)
                  0000b13c    00000004     main_pem4f.oem4f (.const:ti_uia_runtime_ILoggerSnapshot_Interface__BASE__C)
                  0000b140    00000004     main_pem4f.oem4f (.const:ti_uia_runtime_IUIATransfer_Interface__BASE__C)
                  0000b144    00000004     main_pem4f.oem4f (.const:ti_uia_runtime_LoggerStopMode_E_badLevel__C)
                  0000b148    00000004     main_pem4f.oem4f (.const:ti_uia_runtime_LoggerStopMode_Object__count__C)
                  0000b14c    00000004     main_pem4f.oem4f (.const:ti_uia_runtime_LoggerStopMode_overflowLogger__C)
                  0000b150    00000004     main_pem4f.oem4f (.const:ti_uia_runtime_LoggerStopMode_statusLogger__C)
                  0000b154    00000004     main_pem4f.oem4f (.const:xdc_runtime_Assert_E_assertFailed__C)
                  0000b158    00000004     main_pem4f.oem4f (.const:xdc_runtime_Core_A_initializedParams__C)
                  0000b15c    00000004     main_pem4f.oem4f (.const:xdc_runtime_Core_Module__diagsEnabled__C)
                  0000b160    00000004     main_pem4f.oem4f (.const:xdc_runtime_Core_Module__diagsIncluded__C)
                  0000b164    00000004     main_pem4f.oem4f (.const:xdc_runtime_Core_Module__diagsMask__C)
                  0000b168    00000004     main_pem4f.oem4f (.const:xdc_runtime_Error_E_generic__C)
                  0000b16c    00000004     main_pem4f.oem4f (.const:xdc_runtime_Error_E_memory__C)
                  0000b170    00000004     main_pem4f.oem4f (.const:xdc_runtime_Error_Module__diagsEnabled__C)
                  0000b174    00000004     main_pem4f.oem4f (.const:xdc_runtime_Error_Module__diagsIncluded__C)
                  0000b178    00000004     main_pem4f.oem4f (.const:xdc_runtime_Error_Module__diagsMask__C)
                  0000b17c    00000004     main_pem4f.oem4f (.const:xdc_runtime_Error_Module__loggerFxn8__C)
                  0000b180    00000004     main_pem4f.oem4f (.const:xdc_runtime_Error_Module__loggerObj__C)
                  0000b184    00000004     main_pem4f.oem4f (.const:xdc_runtime_Error_raiseHook__C)
                  0000b188    00000004     main_pem4f.oem4f (.const:xdc_runtime_IFilterLogger_Interface__BASE__C)
                  0000b18c    00000004     main_pem4f.oem4f (.const:xdc_runtime_IGateProvider_Interface__BASE__C)
                  0000b190    00000004     main_pem4f.oem4f (.const:xdc_runtime_IHeap_Interface__BASE__C)
                  0000b194    00000004     main_pem4f.oem4f (.const:xdc_runtime_ILogger_Interface__BASE__C)
                  0000b198    00000004     main_pem4f.oem4f (.const:xdc_runtime_IModule_Interface__BASE__C)
                  0000b19c    00000004     main_pem4f.oem4f (.const:xdc_runtime_Log_L_error__C)
                  0000b1a0    00000004     main_pem4f.oem4f (.const:xdc_runtime_Log_L_warning__C)
                  0000b1a4    00000004     main_pem4f.oem4f (.const:xdc_runtime_Main_Module__diagsEnabled__C)
                  0000b1a8    00000004     main_pem4f.oem4f (.const:xdc_runtime_Main_Module__diagsIncluded__C)
                  0000b1ac    00000004     main_pem4f.oem4f (.const:xdc_runtime_Main_Module__diagsMask__C)
                  0000b1b0    00000004     main_pem4f.oem4f (.const:xdc_runtime_Main_Module__loggerFxn2__C)
                  0000b1b4    00000004     main_pem4f.oem4f (.const:xdc_runtime_Main_Module__loggerFxn4__C)
                  0000b1b8    00000004     main_pem4f.oem4f (.const:xdc_runtime_Main_Module__loggerObj__C)
                  0000b1bc    00000004     main_pem4f.oem4f (.const:xdc_runtime_Memory_defaultHeapInstance__C)
                  0000b1c0    00000004     main_pem4f.oem4f (.const:xdc_runtime_Startup_execImpl__C)
                  0000b1c4    00000004     main_pem4f.oem4f (.const:xdc_runtime_Startup_maxPasses__C)
                  0000b1c8    00000004     main_pem4f.oem4f (.const:xdc_runtime_Startup_sfxnRts__C)
                  0000b1cc    00000004     main_pem4f.oem4f (.const:xdc_runtime_Startup_sfxnTab__C)
                  0000b1d0    00000004     main_pem4f.oem4f (.const:xdc_runtime_SysMin_bufSize__C)
                  0000b1d4    00000004     main_pem4f.oem4f (.const:xdc_runtime_SysMin_outputFunc__C)
                  0000b1d8    00000004     main_pem4f.oem4f (.const:xdc_runtime_System_Module__gateObj__C)
                  0000b1dc    00000004     main_pem4f.oem4f (.const:xdc_runtime_System_extendFxn__C)
                  0000b1e0    00000004     main_pem4f.oem4f (.const:xdc_runtime_System_maxAtexitHandlers__C)
                  0000b1e4    00000004     main_pem4f.oem4f (.const:xdc_runtime_Text_charTab__C)
                  0000b1e8    00000004     main_pem4f.oem4f (.const:xdc_runtime_Text_nameEmpty__C)
                  0000b1ec    00000004     main_pem4f.oem4f (.const:xdc_runtime_Text_nameStatic__C)
                  0000b1f0    00000004     main_pem4f.oem4f (.const:xdc_runtime_Text_nameUnknown__C)
                  0000b1f4    00000004     main_pem4f.oem4f (.const:xdc_runtime_Text_nodeTab__C)
                  0000b1f8    00000004     main_pem4f.oem4f (.const:xdc_runtime_Text_visitRopeFxn__C)
                  0000b1fc    00000002     main_pem4f.oem4f (.const:ti_sysbios_family_arm_lm4_TimestampProvider_useClockTimer__C)
                  0000b1fe    00000002     main_pem4f.oem4f (.const:ti_sysbios_family_arm_m3_Hwi_Module__id__C)
                  0000b200    00000002     main_pem4f.oem4f (.const:ti_sysbios_family_arm_m3_Hwi_Module__loggerDefined__C)
                  0000b202    00000002     main_pem4f.oem4f (.const:ti_sysbios_gates_GateMutex_Module__id__C)
                  0000b204    00000002     main_pem4f.oem4f (.const:ti_sysbios_hal_Hwi_Module__id__C)
                  0000b206    00000002     main_pem4f.oem4f (.const:ti_sysbios_heaps_HeapMem_Module__id__C)
                  0000b208    00000002     main_pem4f.oem4f (.const:ti_sysbios_io_DEV_Module__id__C)
                  0000b20a    00000002     main_pem4f.oem4f (.const:ti_sysbios_knl_Clock_Module__id__C)
                  0000b20c    00000002     main_pem4f.oem4f (.const:ti_sysbios_knl_Clock_Module__loggerDefined__C)
                  0000b20e    00000002     main_pem4f.oem4f (.const:ti_sysbios_knl_Semaphore_Module__id__C)
                  0000b210    00000002     main_pem4f.oem4f (.const:ti_sysbios_knl_Semaphore_Module__loggerDefined__C)
                  0000b212    00000002     main_pem4f.oem4f (.const:ti_sysbios_knl_Swi_Module__id__C)
                  0000b214    00000002     main_pem4f.oem4f (.const:ti_sysbios_knl_Swi_Module__loggerDefined__C)
                  0000b216    00000002     main_pem4f.oem4f (.const:ti_sysbios_knl_Task_Module__id__C)
                  0000b218    00000002     main_pem4f.oem4f (.const:ti_sysbios_knl_Task_Module__loggerDefined__C)
                  0000b21a    00000002     main_pem4f.oem4f (.const:ti_sysbios_knl_Task_initStackFlag__C)
                  0000b21c    00000002     main_pem4f.oem4f (.const:ti_sysbios_utils_Load_Module__id__C)
                  0000b21e    00000002     main_pem4f.oem4f (.const:ti_sysbios_utils_Load_Module__loggerDefined__C)
                  0000b220    00000002     main_pem4f.oem4f (.const:ti_sysbios_utils_Load_autoAddTasks__C)
                  0000b222    00000002     main_pem4f.oem4f (.const:ti_sysbios_utils_Load_hwiEnabled__C)
                  0000b224    00000002     main_pem4f.oem4f (.const:ti_sysbios_utils_Load_updateInIdle__C)
                  0000b226    00000002     main_pem4f.oem4f (.const:ti_uia_runtime_LoggerStopMode_Module__id__C)
                  0000b228    00000002     main_pem4f.oem4f (.const:ti_uia_runtime_LoggerStopMode_filterByLevel__C)
                  0000b22a    00000002     main_pem4f.oem4f (.const:ti_uia_runtime_LoggerStopMode_isTimestampEnabled__C)
                  0000b22c    00000002     main_pem4f.oem4f (.const:xdc_runtime_Core_Module__id__C)
                  0000b22e    00000002     main_pem4f.oem4f (.const:xdc_runtime_Error_Module__loggerDefined__C)
                  0000b230    00000002     main_pem4f.oem4f (.const:xdc_runtime_Error_maxDepth__C)
                  0000b232    00000002     main_pem4f.oem4f (.const:xdc_runtime_Main_Module__id__C)
                  0000b234    00000002     main_pem4f.oem4f (.const:xdc_runtime_Main_Module__loggerDefined__C)
                  0000b236    00000002     main_pem4f.oem4f (.const:xdc_runtime_Memory_Module__id__C)
                  0000b238    00000002     main_pem4f.oem4f (.const:xdc_runtime_SysMin_flushAtExit__C)
                  0000b23a    00000002     main_pem4f.oem4f (.const:xdc_runtime_Text_charCnt__C)
                  0000b23c    00000002     main_pem4f.oem4f (.const:xdc_runtime_Text_isLoaded__C)
                  0000b23e    00000002     main_pem4f.oem4f (.const:xdc_runtime_Text_registryModsLastId__C)
                  0000b240    00000002     main_pem4f.oem4f (.const:xdc_runtime_Text_unnamedModsLastId__C)

.cinit     0    0000b248    000005a8     
                  0000b248    0000056e     (.cinit..data.load) [load image, compression = rle]
                  0000b7b6    00000002     --HOLE-- [fill = 0]
                  0000b7b8    0000000c     (__TI_handler_table)
                  0000b7c4    00000004     --HOLE-- [fill = 0]
                  0000b7c8    00000008     (.cinit..bss.load) [load image, compression = zero_init]
                  0000b7d0    00000008     (.cinit..vecs.load) [load image, compression = zero_init]
                  0000b7d8    00000018     (__TI_cinit_table)

.vecs      0    20000000    00000360     UNINITIALIZED
                  20000000    00000360     main_pem4f.oem4f (.vecs)

.bss       0    20000360    000034fa     UNINITIALIZED
                  20000360    00001000     main_pem4f.oem4f (.bss:taskStackSection)
                  20001360    00001000     main_pem4f.oem4f (.bss:ti_sysbios_heaps_HeapMem_Instance_State_0_buf__A)
                  20002360    00000480     main_pem4f.oem4f (.bss:ti_uia_runtime_LoggerStopMode_Instance_State_1_bufferArray__A)
                  200027e0    00000480     main_pem4f.oem4f (.bss:ti_uia_runtime_LoggerStopMode_Instance_State_2_bufferArray__A)
                  20002c60    00000440     EK_LM4F120XL.obj (.bss:uartTivaObjects)
                  200030a0    00000400     main_pem4f.oem4f (.bss:xdc_runtime_SysMin_Module_State_0_outbuf__A)
                  200034a0    00000280     main_pem4f.oem4f (.bss:ti_uia_runtime_LoggerStopMode_Instance_State_0_bufferArray__A)
                  20003720    00000120     rtsv7M4_T_le_v4SPD16_eabi.lib : trgmsg.obj (.bss:__CIOBUF_)
                  20003840    00000008     (.common:parmbuf)
                  20003848    00000008     (.common:ti_sysbios_knl_Task_Instance_State_0_hookEnv__A)
                  20003850    00000008     (.common:ti_sysbios_knl_Task_Instance_State_1_hookEnv__A)
                  20003858    00000001     (.common:value_byte_L)
                  20003859    00000001     (.common:value_byte_R)

.stack     0    2000385c    00001000     UNINITIALIZED
                  2000385c    00001000     --HOLE--

.data      0    2000485c    00000b0a     UNINITIALIZED
                  2000485c    00000360     main_pem4f.oem4f (.data:ti_sysbios_family_arm_m3_Hwi_Module_State_0_dispatchTable__A)
                  20004bbc    00000204     main_pem4f.oem4f (.data)
                  20004dc0    00000108     main_pem4f.oem4f (.data:ti_uia_runtime_LoggerStopMode_Object__table__V)
                  20004ec8    000000a0     main_pem4f.oem4f (.data:ti_sysbios_knl_Task_Object__table__V)
                  20004f68    00000098     main_pem4f.oem4f (.data:ti_sysbios_utils_Load_Module__state__V)
                  20005000    00000080     main_pem4f.oem4f (.data:ti_sysbios_knl_Swi_Module_State_0_readyQ__A)
                  20005080    00000080     main_pem4f.oem4f (.data:ti_sysbios_knl_Task_Module_State_0_readyQ__A)
                  20005100    00000070     main_pem4f.oem4f (.data:ti_sysbios_family_arm_lm4_Timer_Object__table__V)
                  20005170    0000005c     main_pem4f.oem4f (.data:ti_sysbios_family_arm_m3_Hwi_Module__state__V)
                  200051cc    00000044     main_pem4f.oem4f (.data:ti_sysbios_knl_Task_Module__state__V)
                  20005210    00000038     main_pem4f.oem4f (.data:ti_sysbios_gates_GateMutex_Object__table__V)
                  20005248    00000038     main_pem4f.oem4f (.data:ti_sysbios_utils_Load_Module_State_0_taskEnv__A)
                  20005280    00000030     main_pem4f.oem4f (.data:ti_sysbios_family_arm_lm4_Timer_Module_State_0_device__A)
                  200052b0    00000030     main_pem4f.oem4f (.data:ti_sysbios_family_arm_m3_Hwi_Object__table__V)
                  200052e0    00000030     main_pem4f.oem4f (.data:ti_sysbios_knl_Swi_Object__table__V)
                  20005310    00000028     main_pem4f.oem4f (.data:ti_sysbios_knl_Clock_Module__state__V)
                  20005338    00000008     gpio_tivaware.aem4f : GPIO.oem4f (.data)
                  20005340    00000008     rtsv7M4_T_le_v4SPD16_eabi.lib : _lock.obj (.data)
                  20005348    00000008                                   : exit.obj (.data)
                  20005350    00000008     ti.uia.runtime.aem4f : QueueDescriptor.oem4f (.data)
                  20005358    00000004     rtsv7M4_T_le_v4SPD16_eabi.lib : dtor_list.obj (.data)
                  2000535c    00000004                                   : stkdepth_vars.obj (.data)
                  20005360    00000004     uart_tivaware.aem4f : UART.oem4f (.data)
                  20005364    00000002     main.obj (.data)


LINKER GENERATED COPY TABLES

__TI_cinit_table @ 0000b7d8 records: 3, size/record: 8, table size: 24
	.data: load addr=0000b248, load size=0000056e bytes, run addr=2000485c, run size=00000b0a bytes, compression=rle
	.bss: load addr=0000b7c8, load size=00000008 bytes, run addr=20000360, run size=000034fa bytes, compression=zero_init
	.vecs: load addr=0000b7d0, load size=00000008 bytes, run addr=20000000, run size=00000360 bytes, compression=zero_init


LINKER GENERATED HANDLER TABLE

__TI_handler_table @ 0000b7b8 records: 3, size/record: 4, table size: 12
	index: 0, handler: __TI_zero_init
	index: 1, handler: __TI_decompress_rle24
	index: 2, handler: __TI_decompress_none


GLOBAL SYMBOLS: SORTED ALPHABETICALLY BY Name 

address    name
--------   ----
00006de1   C$$EXIT
00006617   C$$IO$$
00005b6d   EK_LM4F120XL_initGPIO
00007085   EK_LM4F120XL_initGeneral
00003cd5   EK_LM4F120XL_initUART
000078bd   GPIODirModeSet
000036f1   GPIOPadConfigSet
00006b5d   GPIOPinConfigure
00007fb9   GPIOPinTypeGPIOInput
00007e13   GPIOPinTypeGPIOOutput
00007fcb   GPIOPinTypeUART
00008321   GPIOPinWrite
0000ae8c   GPIO_config
000079d9   GPIO_init
00004701   GPIO_write
00001035   HOSTclock
00000ffd   HOSTclose
00000fbf   HOSTgetenv
00000f63   HOSTlseek
00000f11   HOSTopen
00000ec5   HOSTread
00000e67   HOSTrename
00000e2d   HOSTtime
00000df5   HOSTunlink
00000da9   HOSTwrite
UNDEFED    SHT$$INIT_ARRAY$$Base
UNDEFED    SHT$$INIT_ARRAY$$Limit
000074a5   SysCtlPeripheralEnable
20004f18   TSK_idle
000082ad   UARTCharGet
00008199   UARTCharGetNonBlocking
000082b7   UARTCharPut
000081a7   UARTCharPutNonBlocking
00007001   UARTConfigSetExpClk
00007c65   UARTDisable
00007f19   UARTEnable
00008327   UARTFIFOLevelSet
0000836f   UARTIntClear
000082c1   UARTIntDisable
000082e9   UARTIntEnable
000082cb   UARTIntStatus
00005625   UARTTiva_close
0000acbc   UARTTiva_fxnTable
000082f1   UARTTiva_init
0000107d   UARTTiva_open
00001e05   UARTTiva_read
00004a79   UARTTiva_readCancel
000024d5   UARTTiva_readPolling
00001c01   UARTTiva_write
000049b9   UARTTiva_writeCancel
00002905   UARTTiva_writePolling
000074d9   UART_Params_init
0000aa3c   UART_config
0000ae50   UART_defaultParams
00007275   UART_init
00006ba5   UART_open
0000750d   UART_read
00007541   UART_write
00000000   __ASM__
20003720   __CIOBUF_
00000073   __ISA__
00000086   __PLAT__
2000485c   __STACK_END
00001000   __STACK_SIZE
2000395c   __STACK_TOP
000000a7   __TARG__
0000b7d8   __TI_CINIT_Base
0000b7f0   __TI_CINIT_Limit
0000b7b8   __TI_Handler_Table_Base
0000b7c4   __TI_Handler_Table_Limit
00000001   __TI_args_main
000056c5   __TI_auto_init
20005348   __TI_cleanup_ptr
000081b5   __TI_decompress_none
00008333   __TI_decompress_rle24
2000534c   __TI_dtors_ptr
0000661b   __TI_readmsg
00000000   __TI_static_base__
000065ed   __TI_writemsg
00007fdd   __TI_zero_init
000000cd   __TRDR__
00004571   __aeabi_atexit
00005f07   __aeabi_memclr
00005f07   __aeabi_memclr4
00005f07   __aeabi_memclr8
00005765   __aeabi_memcpy
00005765   __aeabi_memcpy4
00005765   __aeabi_memcpy8
00005f09   __aeabi_memset
00005f09   __aeabi_memset4
00005f09   __aeabi_memset8
ffffffff   __binit__
ffffffff   __c_args__
0000455f   __cxa_atexit
00004519   __cxa_finalize
00004559   __cxa_ia64_exit
2000385c   __stack
0000832d   __xdc__init
20004dbc   __xdc__init__addr
00007e45   _args_main
00006821   _c_int00
20005340   _lock
00007f3b   _nop
00007f33   _register_lock
00007f2d   _register_unlock
20005344   _unlock
00006de5   abort
00004563   atexit
ffffffff   binit
00006d9d   copy_in
00006ded   exit
00007e2b   free
0000ab90   gpioHWAttrs
00007575   init_mux_pins
0000697d   init_uart
000072ad   main
2000535c   main_func_sp
00007701   malloc
00005765   memcpy
00005f0f   memset
00005c7d   mux_1
00005d89   mux_2
00004bf1   send_struct
20005364   start_byte1
20005365   start_byte2
00008049   strcpy
00007f41   strlen
00005239   tcp_connection
0000af5c   ti_catalog_arm_cortexm4_tiva_ce_Boot_A_mustUseEnhancedClockMode__C
0000af60   ti_catalog_arm_cortexm4_tiva_ce_Boot_Module__diagsEnabled__C
0000af64   ti_catalog_arm_cortexm4_tiva_ce_Boot_Module__diagsIncluded__C
0000af68   ti_catalog_arm_cortexm4_tiva_ce_Boot_Module__diagsMask__C
0000a9aa   ti_catalog_arm_cortexm4_tiva_ce_Boot_Module__id__C
000081e1   ti_catalog_arm_cortexm4_tiva_ce_Boot_init__I
00003f19   ti_catalog_arm_cortexm4_tiva_ce_Boot_sysCtlClockSetI__I
0000589d   ti_catalog_arm_cortexm4_tiva_ce_Boot_sysCtlClockSet__E
00008339   ti_catalog_arm_cortexm4_tiva_ce_Boot_sysCtlDelayI__I
0000af6c   ti_sysbios_BIOS_Module__diagsEnabled__C
0000af70   ti_sysbios_BIOS_Module__diagsIncluded__C
0000af74   ti_sysbios_BIOS_Module__diagsMask__C
0000af12   ti_sysbios_BIOS_Module__id__C
20004bbc   ti_sysbios_BIOS_Module__state__V
00008373   ti_sysbios_BIOS_RtsGateProxy_enter__E
00008377   ti_sysbios_BIOS_RtsGateProxy_leave__E
0000838b   ti_sysbios_BIOS_RtsGateProxy_query__E
00006bed   ti_sysbios_BIOS_errorRaiseHook__I
00007611   ti_sysbios_BIOS_exitFunc__I
00008059   ti_sysbios_BIOS_getCpuFreq__E
0000af78   ti_sysbios_BIOS_installedErrorHook__C
000052e3   ti_sysbios_BIOS_nullFunc__I
000079fd   ti_sysbios_BIOS_registerRTSLock__I
00007c81   ti_sysbios_BIOS_rtsLock__I
00006455   ti_sysbios_BIOS_rtsUnlock__I
00008069   ti_sysbios_BIOS_setThreadType__E
00007a21   ti_sysbios_BIOS_startFunc__I
00008079   ti_sysbios_BIOS_start__E
20005280   ti_sysbios_family_arm_lm4_Timer_Module_State_0_device__A
20004be4   ti_sysbios_family_arm_lm4_Timer_Module_State_0_handles__A
20004bdc   ti_sysbios_family_arm_lm4_Timer_Module__root__V
00007e5d   ti_sysbios_family_arm_lm4_Timer_Module__startupDone__F
00007e5d   ti_sysbios_family_arm_lm4_Timer_Module__startupDone__S
20004bfc   ti_sysbios_family_arm_lm4_Timer_Module__state__V
0000670d   ti_sysbios_family_arm_lm4_Timer_Module_startup__E
0000670d   ti_sysbios_family_arm_lm4_Timer_Module_startup__F
20005100   ti_sysbios_family_arm_lm4_Timer_Object__table__V
0000af7c   ti_sysbios_family_arm_lm4_Timer_enableFunc__C
000054dd   ti_sysbios_family_arm_lm4_Timer_enableTimers__I
0000518d   ti_sysbios_family_arm_lm4_Timer_enableTiva__I
0000837b   ti_sysbios_family_arm_lm4_Timer_getPeriod__E
00005ff9   ti_sysbios_family_arm_lm4_Timer_isrStub__E
000081ed   ti_sysbios_family_arm_lm4_Timer_masterDisable__I
0000837f   ti_sysbios_family_arm_lm4_Timer_masterEnable__I
[...]
00008345   ti_sysbios_hal_Hwi_HwiProxy_restore__E
00008345   ti_sysbios_hal_Hwi_restore__E
0000834b   ti_sysbios_gates_GateHwi_leave__E
00008351   ti_sysbios_heaps_HeapMem_isBlocking__E
00008357   ti_sysbios_knl_Queue_Instance_init__F
0000835d   ti_uia_runtime_LoggerStopMode_getPriority__E
00008363   ti_uia_runtime_LoggerStopMode_getTransferType__E
00008363   ti_uia_runtime_LoggerStopMode_getTransferType__F
00008369   xdc_runtime_System_Module_startup__E
00008369   xdc_runtime_System_Module_startup__F
0000836f   UARTIntClear
00008373   ti_sysbios_BIOS_RtsGateProxy_enter__E
00008377   ti_sysbios_BIOS_RtsGateProxy_leave__E
0000837b   ti_sysbios_family_arm_lm4_Timer_getPeriod__E
0000837f   ti_sysbios_family_arm_lm4_Timer_masterEnable__I
00008383   ti_sysbios_family_arm_m3_TaskSupport_Module__startupDone__S
00008387   ti_sysbios_gates_GateHwi_query__E
00008387   ti_sysbios_gates_GateHwi_query__F
00008387   xdc_runtime_Main_Module_GateProxy_query__E
00008387   xdc_runtime_System_Module_GateProxy_query__E
0000838b   ti_sysbios_BIOS_RtsGateProxy_query__E
0000838b   ti_sysbios_gates_GateMutex_query__E
0000838b   ti_sysbios_gates_GateMutex_query__F
0000838b   ti_sysbios_heaps_HeapMem_Module_GateProxy_query__E
0000838f   ti_sysbios_hal_Hwi_HwiProxy_Module__startupDone__S
00008393   ti_sysbios_hal_Timer_TimerProxy_Module__startupDone__S
00008397   ti_sysbios_hal_Timer_TimerProxy_getPeriod__E
0000839b   ti_sysbios_heaps_HeapMem_Module_GateProxy_enter__E
0000839f   ti_sysbios_heaps_HeapMem_Module_GateProxy_leave__E
000083a3   ti_sysbios_knl_Task_SupportProxy_Module__startupDone__S
000083a7   ti_sysbios_knl_Task_startup__E
000083ab   ti_uia_runtime_LogSync_CpuTimestampProxy_Module__startupDone__S
000083af   ti_uia_runtime_LogSync_GlobalTimestampProxy_Module__startupDone__S
000083b3   ti_uia_runtime_LoggerStopMode_getInstanceId__E
000083b7   ti_uia_runtime_LoggerStopMode_getMaxLength__E
000083bb   ti_uia_runtime_LoggerStopMode_setPriority__E
000083bf   xdc_runtime_Error_getSite__E
000083bf   xdc_runtime_Error_getSite__F
000083c3   xdc_runtime_Memory_HeapProxy_alloc__E
000083c7   xdc_runtime_Memory_HeapProxy_free__E
000083cb   xdc_runtime_System_Module_GateProxy_enter__E
000083cf   xdc_runtime_System_Module_GateProxy_leave__E
000083d3   xdc_runtime_System_aprintf_va__F
000083d7   xdc_runtime_System_printf_va__F
000083db   xdc_runtime_System_vsnprintf__E
000083df   xdc_runtime_TimestampNull_Module__startupDone__S
000083e3   xdc_runtime_Timestamp_Module__startupDone__S
000083e8   xdc_runtime_Text_charTab__A
0000a791   xdc_runtime_Error_policy__C
0000a792   xdc_runtime_Text_nodeTab__A
0000a8d2   ti_sysbios_family_arm_m3_Hwi_priorities__A
0000a9aa   ti_catalog_arm_cortexm4_tiva_ce_Boot_Module__id__C
0000aa3c   UART_config
0000aaa8   ti_uia_runtime_LoggerStopMode_Module__FXNS__C
0000ab50   uartTivaHWAttrs
0000ab90   gpioHWAttrs
0000abcc   xdc_runtime_Startup_sfxnTab__A
0000ac04   ti_sysbios_family_arm_m3_Hwi_Object__PARAMS__C
0000ac34   ti_sysbios_knl_Task_hooks__A
0000ac64   ti_uia_runtime_LoggerStopMode_Object__PARAMS__C
0000ac94   ti_sysbios_heaps_HeapMem_Module__FXNS__C
0000acbc   UARTTiva_fxnTable
0000ace0   ti_sysbios_gates_GateHwi_Module__FXNS__C
0000ad04   ti_sysbios_gates_GateMutex_Module__FXNS__C
0000ad28   ti_sysbios_heaps_HeapMem_Object__PARAMS__C
0000ad4c   ti_sysbios_knl_Semaphore_Object__PARAMS__C
0000ad70   ti_sysbios_family_arm_m3_Hwi_Object__DESC__C
0000ad90   ti_sysbios_gates_GateHwi_Object__DESC__C
0000adb0   ti_sysbios_gates_GateMutex_Object__DESC__C
0000add0   ti_sysbios_heaps_HeapMem_Object__DESC__C
0000adf0   ti_sysbios_knl_Queue_Object__DESC__C
0000ae10   ti_sysbios_knl_Semaphore_Object__DESC__C
0000ae30   ti_uia_runtime_LoggerStopMode_Object__DESC__C
0000ae50   UART_defaultParams
0000ae70   xdc_runtime_Startup_sfxnRts__A
0000ae8c   GPIO_config
0000aea4   ti_sysbios_gates_GateHwi_Object__PARAMS__C
0000aebc   ti_sysbios_gates_GateMutex_Object__PARAMS__C
0000aed4   ti_sysbios_knl_Queue_Object__PARAMS__C
0000aeec   xdc_runtime_Startup_firstFxns__A
0000af12   ti_sysbios_BIOS_Module__id__C
0000af14   ti_sysbios_family_arm_m3_Hwi_excHookFuncs__A
0000af1c   ti_sysbios_knl_Idle_coreList__A
0000af24   ti_sysbios_knl_Idle_coreList__C
0000af2c   ti_sysbios_knl_Idle_funcList__A
0000af34   ti_sysbios_knl_Idle_funcList__C
0000af3c   ti_sysbios_knl_Task_hooks__C
0000af44   xdc_runtime_Startup_firstFxns__C
0000af4c   xdc_runtime_Startup_lastFxns__A
0000af54   xdc_runtime_Startup_lastFxns__C
0000af5c   ti_catalog_arm_cortexm4_tiva_ce_Boot_A_mustUseEnhancedClockMode__C
0000af60   ti_catalog_arm_cortexm4_tiva_ce_Boot_Module__diagsEnabled__C
0000af64   ti_catalog_arm_cortexm4_tiva_ce_Boot_Module__diagsIncluded__C
0000af68   ti_catalog_arm_cortexm4_tiva_ce_Boot_Module__diagsMask__C
0000af6c   ti_sysbios_BIOS_Module__diagsEnabled__C
0000af70   ti_sysbios_BIOS_Module__diagsIncluded__C
0000af74   ti_sysbios_BIOS_Module__diagsMask__C
0000af78   ti_sysbios_BIOS_installedErrorHook__C
0000af7c   ti_sysbios_family_arm_lm4_Timer_enableFunc__C
0000af80   ti_sysbios_family_arm_lm4_Timer_numTimerDevices__C
0000af84   ti_sysbios_family_arm_lm4_Timer_startupNeeded__C
0000af88   ti_sysbios_family_arm_m3_Hwi_E_NMI__C
0000af8c   ti_sysbios_family_arm_m3_Hwi_E_alreadyDefined__C
0000af90   ti_sysbios_family_arm_m3_Hwi_E_busFault__C
0000af94   ti_sysbios_family_arm_m3_Hwi_E_debugMon__C
0000af98   ti_sysbios_family_arm_m3_Hwi_E_hardFault__C
0000af9c   ti_sysbios_family_arm_m3_Hwi_E_memFault__C
0000afa0   ti_sysbios_family_arm_m3_Hwi_E_noIsr__C
0000afa4   ti_sysbios_family_arm_m3_Hwi_E_reserved__C
0000afa8   ti_sysbios_family_arm_m3_Hwi_E_svCall__C
0000afac   ti_sysbios_family_arm_m3_Hwi_E_usageFault__C
0000afb0   ti_sysbios_family_arm_m3_Hwi_LD_end__C
0000afb4   ti_sysbios_family_arm_m3_Hwi_LM_begin__C
0000afb8   ti_sysbios_family_arm_m3_Hwi_Module__diagsEnabled__C
0000afbc   ti_sysbios_family_arm_m3_Hwi_Module__diagsIncluded__C
0000afc0   ti_sysbios_family_arm_m3_Hwi_Module__diagsMask__C
0000afc4   ti_sysbios_family_arm_m3_Hwi_Module__loggerFxn1__C
0000afc8   ti_sysbios_family_arm_m3_Hwi_Module__loggerFxn8__C
0000afcc   ti_sysbios_family_arm_m3_Hwi_Module__loggerObj__C
0000afd0   ti_sysbios_family_arm_m3_Hwi_NUM_INTERRUPTS__C
0000afd4   ti_sysbios_family_arm_m3_Hwi_ccr__C
0000afd8   ti_sysbios_family_arm_m3_Hwi_dispatchTable__C
0000afdc   ti_sysbios_family_arm_m3_Hwi_excHandlerFunc__C
0000afe0   ti_sysbios_family_arm_m3_Hwi_excHookFuncs__C
0000afe4   ti_sysbios_family_arm_m3_Hwi_priGroup__C
0000afe8   ti_sysbios_family_arm_m3_Hwi_priorities__C
0000afec   ti_sysbios_gates_GateMutex_A_badContext__C
0000aff0   ti_sysbios_gates_GateMutex_Instance_State_sem__O
0000aff4   ti_sysbios_gates_GateMutex_Module__diagsEnabled__C
0000aff8   ti_sysbios_gates_GateMutex_Module__diagsIncluded__C
0000affc   ti_sysbios_gates_GateMutex_Module__diagsMask__C
0000b000   ti_sysbios_hal_Hwi_E_stackOverflow__C
0000b004   ti_sysbios_heaps_HeapMem_A_align__C
0000b008   ti_sysbios_heaps_HeapMem_A_heapSize__C
0000b00c   ti_sysbios_heaps_HeapMem_A_invalidFree__C
0000b010   ti_sysbios_heaps_HeapMem_A_zeroBlock__C
0000b014   ti_sysbios_heaps_HeapMem_E_memory__C
0000b018   ti_sysbios_heaps_HeapMem_Module__diagsEnabled__C
0000b01c   ti_sysbios_heaps_HeapMem_Module__diagsIncluded__C
0000b020   ti_sysbios_heaps_HeapMem_Module__diagsMask__C
0000b024   ti_sysbios_heaps_HeapMem_Module__gateObj__C
0000b028   ti_sysbios_heaps_HeapMem_Object__count__C
0000b02c   ti_sysbios_heaps_HeapMem_reqAlign__C
0000b030   ti_sysbios_io_DEV_Object__count__C
0000b034   ti_sysbios_io_DEV_tableSize__C
0000b038   ti_sysbios_knl_Clock_LM_begin__C
0000b03c   ti_sysbios_knl_Clock_LM_tick__C
0000b040   ti_sysbios_knl_Clock_LW_delayed__C
0000b044   ti_sysbios_knl_Clock_Module_State_clockQ__O
0000b048   ti_sysbios_knl_Clock_Module__diagsEnabled__C
0000b04c   ti_sysbios_knl_Clock_Module__diagsIncluded__C
0000b050   ti_sysbios_knl_Clock_Module__diagsMask__C
0000b054   ti_sysbios_knl_Clock_Module__loggerFxn1__C
0000b058   ti_sysbios_knl_Clock_Module__loggerFxn2__C
0000b05c   ti_sysbios_knl_Clock_Module__loggerObj__C
0000b060   ti_sysbios_knl_Mailbox_Instance_State_freeQue__O
0000b064   ti_sysbios_knl_Mailbox_Object__count__C
0000b068   ti_sysbios_knl_Semaphore_A_badContext__C
0000b06c   ti_sysbios_knl_Semaphore_A_noEvents__C
0000b070   ti_sysbios_knl_Semaphore_A_overflow__C
0000b074   ti_sysbios_knl_Semaphore_A_pendTaskDisabled__C
0000b078   ti_sysbios_knl_Semaphore_Instance_State_pendQ__O
0000b07c   ti_sysbios_knl_Semaphore_LM_pend__C
0000b080   ti_sysbios_knl_Semaphore_LM_post__C
0000b084   ti_sysbios_knl_Semaphore_Module__diagsEnabled__C
0000b088   ti_sysbios_knl_Semaphore_Module__diagsIncluded__C
0000b08c   ti_sysbios_knl_Semaphore_Module__diagsMask__C
0000b090   ti_sysbios_knl_Semaphore_Module__loggerFxn2__C
0000b094   ti_sysbios_knl_Semaphore_Module__loggerFxn4__C
0000b098   ti_sysbios_knl_Semaphore_Module__loggerObj__C
0000b09c   ti_sysbios_knl_Swi_LD_end__C
0000b0a0   ti_sysbios_knl_Swi_LM_begin__C
0000b0a4   ti_sysbios_knl_Swi_LM_post__C
0000b0a8   ti_sysbios_knl_Swi_Module__diagsEnabled__C
0000b0ac   ti_sysbios_knl_Swi_Module__diagsIncluded__C
0000b0b0   ti_sysbios_knl_Swi_Module__diagsMask__C
0000b0b4   ti_sysbios_knl_Swi_Module__loggerFxn1__C
0000b0b8   ti_sysbios_knl_Swi_Module__loggerFxn4__C
0000b0bc   ti_sysbios_knl_Swi_Module__loggerObj__C
0000b0c0   ti_sysbios_knl_Swi_Object__count__C
0000b0c4   ti_sysbios_knl_Task_E_spOutOfBounds__C
0000b0c8   ti_sysbios_knl_Task_E_stackOverflow__C
0000b0cc   ti_sysbios_knl_Task_LD_block__C
0000b0d0   ti_sysbios_knl_Task_LD_exit__C
0000b0d4   ti_sysbios_knl_Task_LD_ready__C
0000b0d8   ti_sysbios_knl_Task_LM_switch__C
0000b0dc   ti_sysbios_knl_Task_Module_State_inactiveQ__O
0000b0e0   ti_sysbios_knl_Task_Module__diagsEnabled__C
0000b0e4   ti_sysbios_knl_Task_Module__diagsIncluded__C
0000b0e8   ti_sysbios_knl_Task_Module__diagsMask__C
0000b0ec   ti_sysbios_knl_Task_Module__loggerFxn2__C
0000b0f0   ti_sysbios_knl_Task_Module__loggerFxn4__C
0000b0f4   ti_sysbios_knl_Task_Module__loggerObj__C
0000b0f8   ti_sysbios_knl_Task_Object__count__C
0000b0fc   ti_sysbios_knl_Task_Object__heap__C
0000b100   ti_sysbios_knl_Task_allBlockedFunc__C
0000b104   ti_sysbios_knl_Task_numConstructedTasks__C
0000b108   ti_sysbios_utils_Load_LS_cpuLoad__C
0000b10c   ti_sysbios_utils_Load_LS_hwiLoad__C
0000b110   ti_sysbios_utils_Load_LS_taskLoad__C
0000b114   ti_sysbios_utils_Load_Module_State_taskList__O
0000b118   ti_sysbios_utils_Load_Module__diagsEnabled__C
0000b11c   ti_sysbios_utils_Load_Module__diagsIncluded__C
0000b120   ti_sysbios_utils_Load_Module__diagsMask__C
0000b124   ti_sysbios_utils_Load_Module__loggerFxn1__C
0000b128   ti_sysbios_utils_Load_Module__loggerFxn2__C
0000b12c   ti_sysbios_utils_Load_Module__loggerFxn4__C
0000b130   ti_sysbios_utils_Load_Module__loggerObj__C
0000b134   ti_sysbios_utils_Load_postUpdate__C
0000b138   ti_sysbios_utils_Load_windowInMs__C
0000b13c   ti_uia_runtime_ILoggerSnapshot_Interface__BASE__C
0000b140   ti_uia_runtime_IUIATransfer_Interface__BASE__C
0000b144   ti_uia_runtime_LoggerStopMode_E_badLevel__C
0000b148   ti_uia_runtime_LoggerStopMode_Object__count__C
0000b14c   ti_uia_runtime_LoggerStopMode_overflowLogger__C
0000b150   ti_uia_runtime_LoggerStopMode_statusLogger__C
0000b154   xdc_runtime_Assert_E_assertFailed__C
0000b158   xdc_runtime_Core_A_initializedParams__C
0000b15c   xdc_runtime_Core_Module__diagsEnabled__C
0000b160   xdc_runtime_Core_Module__diagsIncluded__C
0000b164   xdc_runtime_Core_Module__diagsMask__C
0000b168   xdc_runtime_Error_E_generic__C
0000b16c   xdc_runtime_Error_E_memory__C
0000b170   xdc_runtime_Error_Module__diagsEnabled__C
0000b174   xdc_runtime_Error_Module__diagsIncluded__C
0000b178   xdc_runtime_Error_Module__diagsMask__C
0000b17c   xdc_runtime_Error_Module__loggerFxn8__C
0000b180   xdc_runtime_Error_Module__loggerObj__C
0000b184   xdc_runtime_Error_raiseHook__C
0000b188   xdc_runtime_IFilterLogger_Interface__BASE__C
0000b18c   xdc_runtime_IGateProvider_Interface__BASE__C
0000b190   xdc_runtime_IHeap_Interface__BASE__C
0000b194   xdc_runtime_ILogger_Interface__BASE__C
0000b198   xdc_runtime_IModule_Interface__BASE__C
0000b19c   xdc_runtime_Log_L_error__C
0000b1a0   xdc_runtime_Log_L_warning__C
0000b1a4   xdc_runtime_Main_Module__diagsEnabled__C
0000b1a8   xdc_runtime_Main_Module__diagsIncluded__C
0000b1ac   xdc_runtime_Main_Module__diagsMask__C
0000b1b0   xdc_runtime_Main_Module__loggerFxn2__C
0000b1b4   xdc_runtime_Main_Module__loggerFxn4__C
0000b1b8   xdc_runtime_Main_Module__loggerObj__C
0000b1bc   xdc_runtime_Memory_defaultHeapInstance__C
0000b1c0   xdc_runtime_Startup_execImpl__C
0000b1c4   xdc_runtime_Startup_maxPasses__C
0000b1c8   xdc_runtime_Startup_sfxnRts__C
0000b1cc   xdc_runtime_Startup_sfxnTab__C
0000b1d0   xdc_runtime_SysMin_bufSize__C
0000b1d4   xdc_runtime_SysMin_outputFunc__C
0000b1d8   xdc_runtime_System_Module__gateObj__C
0000b1dc   xdc_runtime_System_extendFxn__C
0000b1e0   xdc_runtime_System_maxAtexitHandlers__C
0000b1e4   xdc_runtime_Text_charTab__C
0000b1e8   xdc_runtime_Text_nameEmpty__C
0000b1ec   xdc_runtime_Text_nameStatic__C
0000b1f0   xdc_runtime_Text_nameUnknown__C
0000b1f4   xdc_runtime_Text_nodeTab__C
0000b1f8   xdc_runtime_Text_visitRopeFxn__C
0000b1fc   ti_sysbios_family_arm_lm4_TimestampProvider_useClockTimer__C
0000b1fe   ti_sysbios_family_arm_m3_Hwi_Module__id__C
0000b200   ti_sysbios_family_arm_m3_Hwi_Module__loggerDefined__C
0000b202   ti_sysbios_gates_GateMutex_Module__id__C
0000b204   ti_sysbios_hal_Hwi_Module__id__C
0000b206   ti_sysbios_heaps_HeapMem_Module__id__C
0000b208   ti_sysbios_io_DEV_Module__id__C
0000b20a   ti_sysbios_knl_Clock_Module__id__C
0000b20c   ti_sysbios_knl_Clock_Module__loggerDefined__C
0000b20e   ti_sysbios_knl_Semaphore_Module__id__C
0000b210   ti_sysbios_knl_Semaphore_Module__loggerDefined__C
0000b212   ti_sysbios_knl_Swi_Module__id__C
0000b214   ti_sysbios_knl_Swi_Module__loggerDefined__C
0000b216   ti_sysbios_knl_Task_Module__id__C
0000b218   ti_sysbios_knl_Task_Module__loggerDefined__C
0000b21a   ti_sysbios_knl_Task_initStackFlag__C
0000b21c   ti_sysbios_utils_Load_Module__id__C
0000b21e   ti_sysbios_utils_Load_Module__loggerDefined__C
0000b220   ti_sysbios_utils_Load_autoAddTasks__C
0000b222   ti_sysbios_utils_Load_hwiEnabled__C
0000b224   ti_sysbios_utils_Load_updateInIdle__C
0000b226   ti_uia_runtime_LoggerStopMode_Module__id__C
0000b228   ti_uia_runtime_LoggerStopMode_filterByLevel__C
0000b22a   ti_uia_runtime_LoggerStopMode_isTimestampEnabled__C
0000b22c   xdc_runtime_Core_Module__id__C
0000b22e   xdc_runtime_Error_Module__loggerDefined__C
0000b230   xdc_runtime_Error_maxDepth__C
0000b232   xdc_runtime_Main_Module__id__C
0000b234   xdc_runtime_Main_Module__loggerDefined__C
0000b236   xdc_runtime_Memory_Module__id__C
0000b238   xdc_runtime_SysMin_flushAtExit__C
0000b23a   xdc_runtime_Text_charCnt__C
0000b23c   xdc_runtime_Text_isLoaded__C
0000b23e   xdc_runtime_Text_registryModsLastId__C
0000b240   xdc_runtime_Text_unnamedModsLastId__C
0000b7b8   __TI_Handler_Table_Base
0000b7c4   __TI_Handler_Table_Limit
0000b7d8   __TI_CINIT_Base
0000b7f0   __TI_CINIT_Limit
20000000   ti_sysbios_family_arm_m3_Hwi_ramVectors
20000360   ti_sysbios_knl_Task_Instance_State_0_stack__A
20000b60   ti_sysbios_knl_Task_Instance_State_1_stack__A
20001360   ti_sysbios_heaps_HeapMem_Instance_State_0_buf__A
20002360   ti_uia_runtime_LoggerStopMode_Instance_State_1_bufferArray__A
200027e0   ti_uia_runtime_LoggerStopMode_Instance_State_2_bufferArray__A
20002c60   uartTivaObjects
200030a0   xdc_runtime_SysMin_Module_State_0_outbuf__A
200034a0   ti_uia_runtime_LoggerStopMode_Instance_State_0_bufferArray__A
20003720   __CIOBUF_
20003848   ti_sysbios_knl_Task_Instance_State_0_hookEnv__A
20003850   ti_sysbios_knl_Task_Instance_State_1_hookEnv__A
20003858   value_byte_L
20003859   value_byte_R
2000385c   __stack
2000395c   __STACK_TOP
2000485c   __STACK_END
2000485c   ti_sysbios_family_arm_m3_Hwi_Module_State_0_dispatchTable__A
20004bbc   ti_sysbios_BIOS_Module__state__V
20004bdc   ti_sysbios_family_arm_lm4_Timer_Module__root__V
20004be4   ti_sysbios_family_arm_lm4_Timer_Module_State_0_handles__A
20004bfc   ti_sysbios_family_arm_lm4_Timer_Module__state__V
20004c08   ti_sysbios_family_arm_lm4_TimestampProvider_Module__state__V
20004c10   ti_sysbios_family_arm_m3_Hwi_Module__root__V
20004c18   ti_sysbios_family_arm_m3_Hwi_Module_State_0_excActive__A
20004c1c   ti_sysbios_family_arm_m3_Hwi_Module_State_0_excContext__A
20004c20   ti_sysbios_family_arm_m3_Hwi_Module_State_0_excStack__A
20004c24   ti_sysbios_gates_GateHwi_Module__root__V
20004c2c   ti_sysbios_gates_GateHwi_Object__table__V
20004c30   ti_sysbios_gates_GateMutex_Module__root__V
20004c38   ti_sysbios_hal_Hwi_Module__root__V
20004c40   ti_sysbios_hal_Timer_Module__root__V
20004c48   ti_sysbios_hal_Timer_Object__table__V
20004c50   ti_sysbios_heaps_HeapMem_Module__root__V
20004c58   ti_sysbios_heaps_HeapMem_Object__table__V
20004c70   ti_sysbios_io_DEV_Module__root__V
20004c78   ti_sysbios_io_DEV_Module_State_0_table__A
20004c98   ti_sysbios_io_DEV_Module__state__V
20004c9c   ti_sysbios_io_GIO_Module__root__V
20004ca4   ti_sysbios_knl_Clock_Module__root__V
20004cac   ti_sysbios_knl_Event_Module__root__V
20004cb8   ti_sysbios_knl_Mailbox_Module__root__V
20004cc0   ti_sysbios_knl_Queue_Module__root__V
20004cc8   ti_sysbios_knl_Semaphore_Module__root__V
20004cd4   ti_sysbios_knl_Swi_Module__root__V
20004cdc   ti_sysbios_knl_Swi_Module__state__V
20004cf8   ti_sysbios_knl_Task_Module__root__V
20004d04   ti_sysbios_knl_Task_Module_State_0_idleTask__A
20004d08   ti_sysbios_utils_Load_Module__root__V
20004d0c   ti_sysbios_utils_Load_Module_State_0_taskStartTime__A
20004d10   ti_sysbios_utils_Load_Module_State_0_runningTask__A
20004d14   ti_sysbios_xdcruntime_SemThreadSupport_Module__root__V
20004d1c   ti_uia_runtime_LogSync_Module__root__V
20004d24   ti_uia_runtime_LogSync_Module__state__V
20004d30   ti_uia_runtime_LoggerStopMode_Module__root__V
20004d38   ti_uia_runtime_LoggerStopMode_Module__state__V
20004d40   ti_uia_runtime_QueueDescriptor_Module__state__V
20004d4c   xdc_runtime_Error_Module__state__V
20004d4e   xdc_runtime_Main_Module__root__V
20004d50   xdc_runtime_Memory_Module__state__V
20004d54   xdc_runtime_Registry_Module__state__V
20004d5c   xdc_runtime_Startup_Module__state__V
20004d64   xdc_runtime_SysMin_Module__state__V
20004d70   xdc_runtime_System_Module_State_0_atexitHandlers__A
20004d90   xdc_runtime_System_Module__state__V
20004d9c   xdc_runtime_Text_Module__state__V
20004da4   xdc_runtime_knl_SemThread_Module__root__V
20004dac   xdc_runtime_knl_SyncNull_Module__root__V
20004db4   xdc_runtime_knl_SyncSemThread_Module__root__V
20004dbc   __xdc__init__addr
20004dc0   ti_uia_runtime_LoggerStopMode_Object__table__V
20004ec8   ti_sysbios_knl_Task_Object__table__V
20004f18   TSK_idle
20004f68   ti_sysbios_utils_Load_Module__state__V
20005000   ti_sysbios_knl_Swi_Module_State_0_readyQ__A
20005080   ti_sysbios_knl_Task_Module_State_0_readyQ__A
20005100   ti_sysbios_family_arm_lm4_Timer_Object__table__V
20005170   ti_sysbios_family_arm_m3_Hwi_Module__state__V
200051cc   ti_sysbios_knl_Task_Module__state__V
20005210   ti_sysbios_gates_GateMutex_Object__table__V
20005248   ti_sysbios_utils_Load_Module_State_0_taskEnv__A
20005280   ti_sysbios_family_arm_lm4_Timer_Module_State_0_device__A
200052b0   ti_sysbios_family_arm_m3_Hwi_Object__table__V
200052e0   ti_sysbios_knl_Swi_Object__table__V
20005310   ti_sysbios_knl_Clock_Module__state__V
20005340   _lock
20005344   _unlock
20005348   __TI_cleanup_ptr
2000534c   __TI_dtors_ptr
20005350   ti_uia_runtime_QueueDescriptor_gPtrToFirstDescriptor
20005354   ti_uia_runtime_QueueDescriptor_gUpdateCount
2000535c   main_func_sp
20005364   start_byte1
20005365   start_byte2
e000e000   ti_sysbios_family_arm_m3_Hwi_nvic
ffffffff   __binit__
ffffffff   __c_args__
ffffffff   binit
UNDEFED    SHT$$INIT_ARRAY$$Base
UNDEFED    SHT$$INIT_ARRAY$$Limit

[819 symbols]
