******************************************************************************
                  TI ARM Linker PC v5.1.1                      
******************************************************************************
>> Linked Thu Feb 27 21:30:13 2014

OUTPUT FILE NAME:   <rover.out>
ENTRY POINT SYMBOL: "_c_int00"  address: 000070ad


MEMORY CONFIGURATION

         name            origin    length      used     unused   attr    fill
----------------------  --------  ---------  --------  --------  ----  --------
  FLASH                 00000000   00040000  0000c3dc  00033c24  R  X
  SRAM                  20000000   00008000  00005eca  00002136  RW X


SEGMENT ALLOCATION MAP

run origin  load origin   length   init length attrs members
----------  ----------- ---------- ----------- ----- -------
00000000    00000000    0000c3e0   0000c3e0    r-x
  00000000    00000000    00000360   00000360    r-- .resetVecs
  00000360    00000360    00008b9a   00008b9a    r-x .text
  00008efc    00008efc    00002f0a   00002f0a    r-- .const
  0000be08    0000be08    000005d8   000005d8    r-- .cinit
20000000    20000000    00000360   00000000    rw-
  20000000    20000000    00000360   00000000    rw- .vecs
20000400    20000400    00005b6a   00000000    rw-
  20000400    20000400    00003ff8   00000000    rw- .bss
  200043f8    200043f8    00001000   00000000    rw- .stack
  200053f8    200053f8    00000b72   00000000    rw- .data


SECTION ALLOCATION MAP

 output                                  attributes/
section   page    origin      length       input sections
--------  ----  ----------  ----------   ----------------
.bootVecs 
*          0    00000000    00000008     DSECT
                  00000000    00000008     boot.aem4f : boot.oem4f (.bootVecs)

.resetVecs 
*          0    00000000    00000360     
                  00000000    00000360     main_pem4f.oem4f (.resetVecs)

xdc.meta   0    00000000    000000f5     COPY SECTION
                  00000000    000000f5     main_pem4f.oem4f (xdc.meta)

.text      0    00000360    00008b9a     
                  00000360    00000424     sysbios.aem4f : BIOS.obj (.text:ti_sysbios_family_arm_m3_Hwi_excDumpRegs__I)
                  00000784    00000378     spi_tivaware.aem4f : SPITivaDMA.oem4f (.text:SPITivaDMA_open)
                  00000afc    00000344     ti.targets.arm.rtsarm.aem4f : System.oem4f (.text:xdc_runtime_System_doPrint__I)
                  00000e40    000002e0     sysbios.aem4f : BIOS.obj (.text:ti_sysbios_knl_Semaphore_pend__E)
                  00001120    000002d4     rtsv7M4_T_le_v4SPD16_eabi.lib : trgdrv.obj (.text)
                  000013f4    000002c8     uart_tivaware.aem4f : UARTTiva.oem4f (.text:UARTTiva_open)
                  000016bc    00000248     sysbios.aem4f : BIOS.obj (.text:ti_sysbios_heaps_HeapMem_free__E)
                  00001904    00000234                   : BIOS.obj (.text:ti_sysbios_heaps_HeapMem_alloc__E)
                  00001b38    00000230                   : BIOS.obj (.text:ti_sysbios_family_arm_lm4_Timer_start__E)
                  00001d68    00000210                   : BIOS.obj (.text:ti_sysbios_family_arm_m3_Hwi_excHandlerMax__I)
                  00001f78    00000204     uart_tivaware.aem4f : UARTTiva.oem4f (.text:UARTTiva_write)
                  0000217c    000001f8                         : UARTTiva.oem4f (.text:UARTTiva_read)
                  00002374    000001cc                         : UARTTiva.oem4f (.text:UARTTiva_hwiIntFxn)
                  00002540    000001c8     spi_tivaware.aem4f : SPITivaDMA.oem4f (.text:SPITivaDMA_configDMA)
                  00002708    000001c0                        : SPITivaDMA.oem4f (.text:SPITivaDMA_transfer)
                  000028c8    000001a4                        : SPITivaDMA.oem4f (.text:SPITivaDMA_hwiFxn)
                  00002a6c    000001a0     ti.uia.runtime.aem4f : LoggerStopMode.oem4f (.text:ti_uia_runtime_LoggerStopMode_write8__E)
                  00002c0c    0000016c     uart_tivaware.aem4f : UARTTiva.oem4f (.text:writeData)
                  00002d78    00000168                         : UARTTiva.oem4f (.text:UARTTiva_readPolling)
                  00002ee0    00000168     sysbios.aem4f : BIOS.obj (.text:ti_sysbios_family_arm_m3_Hwi_excBusFault__I)
                  00003048    00000160     uart_tivaware.aem4f : UARTTiva.oem4f (.text:readData)
                  000031a8    0000015c                         : UARTTiva.oem4f (.text:UARTTiva_writePolling)
                  00003304    0000015c     ti.uia.runtime.aem4f : LoggerStopMode.oem4f (.text:ti_uia_runtime_LoggerStopMode_writeMemoryRange__E)
                  00003460    00000154     sysbios.aem4f : BIOS.obj (.text:ti_sysbios_family_arm_m3_Hwi_excUsageFault__I)
                  000035b4    00000144                   : BIOS.obj (.text:ti_sysbios_knl_Semaphore_post__E)
                  000036f8    00000140                   : BIOS.obj (.text:ti_sysbios_family_arm_m3_Hwi_dispatchC__I)
                  00003838    00000140                   : BIOS.obj (.text:ti_sysbios_family_arm_m3_Hwi_excMemFault__I)
                  00003978    0000013c     ti.uia.runtime.aem4f : LoggerStopMode.oem4f (.text:ti_uia_runtime_LoggerStopMode_write4__E)
                  00003ab4    0000013c     ti.targets.arm.rtsarm.aem4f : Error.oem4f (.text:xdc_runtime_Error_raiseX__F)
                  00003bf0    00000138     sysbios.aem4f : BIOS.obj (.text:ti_sysbios_heaps_HeapMem_Instance_init__F)
                  00003d28    00000138                   : BIOS.obj (.text:ti_sysbios_utils_Load_logLoads__I)
                  00003e60    00000134                   : m3_Hwi_asm.obj (.text:ti_sysbios_family_arm_m3_Hwi_dispatch__I)
                  00003f94    00000130     driverlib.lib : gpio.obj (.text:GPIOPadConfigSet)
                  000040c4    00000130     sysbios.aem4f : BIOS.obj (.text:ti_sysbios_utils_Load_updateThreadContexts__E)
                  000041f4    0000012c                   : BIOS.obj (.text:ti_sysbios_family_arm_lm4_TimestampProvider_get64__E)
                  00004320    0000012c                   : BIOS.obj (.text:ti_sysbios_knl_Clock_workFunc__E)
                  0000444c    0000012c                   : BIOS.obj (.text:ti_sysbios_knl_Task_exit__E)
                  00004578    00000124     EK_LM4F120XL.obj (.text:EK_LM4F120XL_initUART)
                  0000469c    00000120     sysbios.aem4f : BIOS.obj (.text:ti_sysbios_knl_Swi_run__I)
                  000047bc    0000010c     Boot.aem4f : Boot_sysctl.oem4f (.text:ti_catalog_arm_cortexm4_tiva_ce_Boot_sysCtlClockSetI__I)
                  000048c8    00000104     ti.targets.arm.rtsarm.aem4f : Core-mem.oem4f (.text:xdc_runtime_Core_createObject__I)
                  000049cc    00000104     main_pem4f.oem4f (.text:xdc_runtime_System_printfExtend__I)
                  00004ad0    000000fc     sysbios.aem4f : BIOS.obj (.text:ti_sysbios_knl_Task_schedule__I)
                  00004bcc    000000f8                   : BIOS.obj (.text:ti_sysbios_knl_Task_startCore__E)
                  00004cc4    000000f8     ti.targets.arm.rtsarm.aem4f : Startup.oem4f (.text:xdc_runtime_Startup_startMods__I)
                  00004dbc    000000f4     rtsv7M4_T_le_v4SPD16_eabi.lib : dtor_list.obj (.text)
                  00004eb0    000000f4     sysbios.aem4f : BIOS.obj (.text:ti_sysbios_knl_Task_postInit__I)
                  00004fa4    000000e8     gpio_tivaware.aem4f : GPIO.oem4f (.text:GPIO_write)
                  0000508c    000000e8     sysbios.aem4f : BIOS.obj (.text:ti_sysbios_family_arm_m3_Hwi_initNVIC__E)
                  00005174    000000e8                   : BIOS.obj (.text:ti_sysbios_io_DEV_postInit__I)
                  0000525c    000000c0     uart_tivaware.aem4f : UARTTiva.oem4f (.text:UARTTiva_writeCancel)
                  0000531c    000000bc     EK_LM4F120XL.obj (.text:EK_LM4F120XL_initSPI)
                  000053d8    000000bc     uart_tivaware.aem4f : UARTTiva.oem4f (.text:UARTTiva_readCancel)
                  00005494    000000bc     sysbios.aem4f : BIOS.obj (.text:ti_sysbios_knl_Task_unblockI__E)
                  00005550    000000b8                   : BIOS.obj (.text:ti_sysbios_family_arm_lm4_TimestampProvider_get32__E)
                  00005608    000000b4                   : BIOS.obj (.text:ti_sysbios_family_arm_m3_Hwi_excHardFault__I)
                  000056bc    000000b4                   : BIOS.obj (.text:ti_sysbios_gates_GateMutex_enter__E)
                  00005770    000000b4                   : BIOS.obj (.text:ti_sysbios_knl_Task_checkStacks__E)
                  00005824    000000b0                   : BIOS.obj (.text:ti_sysbios_family_arm_m3_Hwi_excDebugMon__I)
                  000058d4    000000b0                   : BIOS.obj (.text:ti_sysbios_utils_Load_idleFxn__E)
                  00005984    000000b0                   : BIOS.obj (.text:ti_sysbios_utils_Load_updateLoads__E)
                  00005a34    000000ac                   : BIOS.obj (.text:ti_sysbios_family_arm_lm4_Timer_enableTiva__I)
                  00005ae0    000000a8                   : BIOS.obj (.text:ti_sysbios_knl_Semaphore_Instance_init__F)
                  00005b88    000000a8                   : BIOS.obj (.text:ti_sysbios_knl_Swi_post__E)
                  00005c30    000000a8                   : BIOS.obj (.text:ti_sysbios_knl_Task_blockI__E)
                  00005cd8    000000a4                   : BIOS.obj (.text:ti_sysbios_family_arm_lm4_Timer_enableTimers__I)
                  00005d7c    000000a4                   : BIOS.obj (.text:ti_sysbios_family_arm_m3_Hwi_Module_startup__F)
                  00005e20    000000a0     uart_tivaware.aem4f : UARTTiva.oem4f (.text:UARTTiva_close)
                  00005ec0    000000a0     auto_init.aem4f : auto_init.oem4f (.text)
                  00005f60    0000009c     rtsv7M4_T_le_v4SPD16_eabi.lib : memcpy_t2.obj (.text)
                  00005ffc    0000009a     ti.targets.arm.rtsarm.aem4f : Text.oem4f (.text:xdc_runtime_Text_putSite__F)
                  00006096    00000002     sysbios.aem4f : BIOS.obj (.text:ti_sysbios_BIOS_nullFunc__I)
                  00006098    00000094     Boot.aem4f : Boot.oem4f (.text:ti_catalog_arm_cortexm4_tiva_ce_Boot_sysCtlClockSet__E)
                  0000612c    00000094     ti.targets.arm.rtsarm.aem4f : Text.oem4f (.text:xdc_runtime_Text_putMod__F)
                  000061c0    00000090     spi_tivaware.aem4f : SPITivaDMA.oem4f (.text:SPITivaDMA_close)
                  00006250    00000090                        : SPITivaDMA.oem4f (.text:SPITivaDMA_transferCallback)
                  000062e0    00000090     sysbios.aem4f : BIOS.obj (.text:ti_sysbios_family_arm_m3_Hwi_Instance_init__F)
                  00006370    0000008c                   : m3_TaskSupport_asm.obj (.text:ti_sysbios_family_arm_m3_TaskSupport_buildTaskStack)
                  000063fc    00000088     EK_LM4F120XL.obj (.text:EK_LM4F120XL_initGPIO)
                  00006484    00000088     sysbios.aem4f : BIOS.obj (.text:ti_sysbios_utils_Load_addTask__E)
                  0000650c    00000084     EK_LM4F120XL.obj (.text:EK_LM4F120XL_initDMA)
                  00006590    00000084     ti.uia.runtime.aem4f : LoggerStopMode.oem4f (.text:ti_uia_runtime_LoggerStopMode_setFilterLevel__E)
                  00006614    00000080     sysbios.aem4f : BIOS.obj (.text:ti_sysbios_knl_Task_Module_startup__F)
                  00006694    00000080     driverlib.lib : udma.obj (.text:uDMAChannelTransferSet)
                  00006714    0000007e     ti.uia.runtime.aem4f : LoggerStopMode.oem4f (.text:ti_uia_runtime_LoggerStopMode_getContents__E)
                  00006792    00000078     rtsv7M4_T_le_v4SPD16_eabi.lib : memset_t2.obj (.text)
                  0000680a    00000002     sysbios.aem4f : BIOS.obj (.text:ti_sysbios_gates_GateHwi_Instance_init__F)
                  0000680c    00000078                   : BIOS.obj (.text:ti_sysbios_utils_Load_updateCurrentThreadTime__E)
                  00006884    00000074                   : BIOS.obj (.text:ti_sysbios_family_arm_lm4_Timer_isrStub__E)
                  000068f8    00000070     main_pem4f.oem4f (.text:ti_sysbios_family_arm_m3_Hwi_Object__create__S)
                  00006968    00000070     sysbios.aem4f : BIOS.obj (.text:ti_sysbios_family_arm_m3_Hwi_reconfig__E)
                  000069d8    00000070                   : BIOS.obj (.text:ti_sysbios_utils_Load_taskDeleteHook__E)
                  00006a48    00000070     ti.uia.runtime.aem4f : LoggerStopMode.oem4f (.text:ti_uia_runtime_LoggerStopMode_getFilterLevel__E)
                  00006ab8    00000070                          : LoggerStopMode.oem4f (.text:ti_uia_runtime_LoggerStopMode_writeBlockOfMemory__I)
                  00006b28    00000070                          : QueueDescriptor.oem4f (.text:ti_uia_runtime_QueueDescriptor_addToList__E)
                  00006b98    00000070     ti.targets.arm.rtsarm.aem4f : Memory.oem4f (.text:xdc_runtime_Memory_alloc__F)
                  00006c08    0000006c     sysbios.aem4f : BIOS.obj (.text:ti_sysbios_utils_Load_taskCreateHook__E)
                  00006c74    0000006c     ti.targets.arm.rtsarm.aem4f : Error.oem4f (.text:xdc_runtime_Error_print__F)
                  00006ce0    00000068     sysbios.aem4f : BIOS.obj (.text:ti_sysbios_BIOS_rtsUnlock__I)
                  00006d48    00000066     ti.targets.arm.rtsarm.aem4f : Core-mem.oem4f (.text:xdc_runtime_Core_deleteObject__I)
                  00006dae    00000002     main_pem4f.oem4f (.text:xdc_runtime_Startup_reset__I)
                  00006db0    00000064     sysbios.aem4f : BIOS.obj (.text:ti_sysbios_knl_Clock_logTick__E)
                  00006e14    00000064                   : BIOS.obj (.text:ti_sysbios_utils_Load_logCPULoad__I)
                  00006e78    00000060     rtsv7M4_T_le_v4SPD16_eabi.lib : trgmsg.obj (.text)
                  00006ed8    00000060     main_pem4f.oem4f (.text:ti_uia_runtime_LoggerStopMode_Object__create__S)
                  00006f38    0000005e     rtsv7M4_T_le_v4SPD16_eabi.lib : copy_decompress_rle.obj (.text)
                  00006f96    00000002     --HOLE-- [fill = 0]
                  00006f98    0000005c     sysbios.aem4f : BIOS.obj (.text:ti_sysbios_family_arm_lm4_Timer_Module_startup__F)
                  00006ff4    0000005b     ti.targets.arm.rtsarm.aem4f : Text.oem4f (.text:xdc_runtime_Text_putLab__F)
                  0000704f    00000001     --HOLE-- [fill = 0]
                  00007050    0000005a     ti.uia.runtime.aem4f : LoggerStopMode.oem4f (.text:ti_uia_runtime_LoggerStopMode_readBlockOfMemory__I)
                  000070aa    00000002     --HOLE-- [fill = 0]
                  000070ac    00000058     boot.aem4f : boot.oem4f (.text)
                  00007104    00000058     sysbios.aem4f : BIOS.obj (.text:ti_sysbios_knl_Swi_restoreHwi__E)
                  0000715c    00000058                   : BIOS.obj (.text:ti_sysbios_knl_Swi_schedule__I)
                  000071b4    00000054     main.obj (.text:init_uart)
                  00007208    00000054     ti.uia.runtime.aem4f : QueueDescriptor.oem4f (.text:ti_uia_runtime_QueueDescriptor_removeFromList__E)
                  0000725c    00000050     sysbios.aem4f : BIOS.obj (.text:ti_sysbios_utils_Load_taskSwitchHook__E)
                  000072ac    00000050     ti.targets.arm.rtsarm.aem4f : Startup.oem4f (.text:xdc_runtime_Startup_exec__F)
                  000072fc    00000050                                 : System.oem4f (.text:xdc_runtime_System_formatNum__I)
                  0000734c    00000050                                 : Text.oem4f (.text:xdc_runtime_Text_visitRope2__I)
                  0000739c    0000004c     sysbios.aem4f : BIOS.obj (.text:ti_sysbios_knl_Swi_runLoop__I)
                  000073e8    00000048     driverlib.lib : gpio.obj (.text:GPIOPinConfigure)
                  00007430    00000048     uart_tivaware.aem4f : UART.oem4f (.text:UART_open)
                  00007478    00000048     sysbios.aem4f : BIOS.obj (.text:ti_sysbios_BIOS_errorRaiseHook__I)
                  000074c0    00000048                   : BIOS.obj (.text:ti_sysbios_family_arm_m3_Hwi_excReserved__I)
                  00007508    00000048                   : BIOS.obj (.text:ti_sysbios_heaps_HeapMem_getStats__E)
                  00007550    00000048     ti.targets.arm.rtsarm.aem4f : Assert.oem4f (.text:xdc_runtime_Assert_raise__I)
                  00007598    00000048                                 : Core-params.oem4f (.text:xdc_runtime_Core_assignParams__I)
                  000075e0    00000046     ti.uia.runtime.aem4f : LoggerStopMode.oem4f (.text:ti_uia_runtime_LoggerStopMode_Instance_init__F)
                  00007626    00000002     --HOLE-- [fill = 0]
                  00007628    00000044     rtsv7M4_T_le_v4SPD16_eabi.lib : cpy_tbl.obj (.text)
                  0000766c    00000044                                   : exit.obj (.text)
                  000076b0    00000044     sysbios.aem4f : BIOS.obj (.text:ti_sysbios_family_arm_lm4_Timer_stop__E)
                  000076f4    00000044                   : BIOS.obj (.text:ti_sysbios_family_arm_m3_Hwi_disableInterrupt__E)
                  00007738    00000044                   : BIOS.obj (.text:ti_sysbios_family_arm_m3_Hwi_enableInterrupt__E)
                  0000777c    00000044                   : BIOS.obj (.text:ti_sysbios_knl_Task_allBlockedFunction__I)
                  000077c0    00000044     ti.uia.runtime.aem4f : LoggerStopMode.oem4f (.text:ti_uia_runtime_LoggerStopMode_filterOutEvent__I)
                  00007804    00000044                          : LoggerStopMode.oem4f (.text:ti_uia_runtime_LoggerStopMode_reset__F)
                  00007848    00000044     ti.targets.arm.rtsarm.aem4f : SysMin.oem4f (.text:xdc_runtime_SysMin_flush__F)
                  0000788c    00000042     driverlib.lib : ssi.obj (.text:SSIConfigSetExpClk)
                  000078ce    00000042                   : uart.obj (.text:UARTConfigSetExpClk)
                  00007910    00000042     sysbios.aem4f : BIOS.obj (.text:ti_sysbios_knl_Semaphore_pendTimeout__I)
                  00007952    00000002     --HOLE-- [fill = 0]
                  00007954    00000040     EK_LM4F120XL.obj (.text:EK_LM4F120XL_initGeneral)
                  00007994    00000040     sysbios.aem4f : BIOS.obj (.text:ti_sysbios_family_arm_lm4_Timer_startup__E)
                  000079d4    00000040     main_pem4f.oem4f (.text:ti_sysbios_knl_Semaphore_Object__create__S)
                  00007a14    00000040     ti.targets.arm.rtsarm.aem4f : System.oem4f (.text:xdc_runtime_System_atexit__F)
                  00007a54    0000003c     EK_LM4F120XL.obj (.text:EK_LM4F120XL_errorDMAHwi)
                  00007a90    0000003c     sysbios.aem4f : BIOS.obj (.text:ti_sysbios_family_arm_m3_Hwi_excSvCall__I)
                  00007acc    0000003c                   : BIOS.obj (.text:ti_sysbios_heaps_HeapMem_init__I)
                  00007b08    0000003c                   : BIOS.obj (.text:ti_sysbios_knl_Swi_startup__E)
                  00007b44    0000003c     ti.targets.arm.rtsarm.aem4f : Text.oem4f (.text:xdc_runtime_Text_xprintf__I)
                  00007b80    00000038     spi_tivaware.aem4f : SPI.oem4f (.text:SPI_init)
                  00007bb8    00000038     uart_tivaware.aem4f : UART.oem4f (.text:UART_init)
                  00007bf0    00000038     sysbios.aem4f : BIOS.obj (.text:ti_sysbios_family_arm_m3_Hwi_excNoIsr__I)
                  00007c28    00000038                   : BIOS.obj (.text:ti_sysbios_family_arm_m3_Hwi_getStackInfo__E)
                  00007c60    00000038                   : BIOS.obj (.text:ti_sysbios_family_arm_m3_TaskSupport_start__E)
                  00007c98    00000038     main_pem4f.oem4f (.text:ti_sysbios_gates_GateHwi_Object__create__S)
                  00007cd0    00000038     main_pem4f.oem4f (.text:ti_sysbios_gates_GateMutex_Object__create__S)
                  00007d08    00000038     main_pem4f.oem4f (.text:ti_sysbios_heaps_HeapMem_Object__create__S)
                  00007d40    00000038     main_pem4f.oem4f (.text:ti_sysbios_knl_Queue_Object__create__S)
                  00007d78    00000038     ti.targets.arm.rtsarm.aem4f : SysMin.oem4f (.text:xdc_runtime_SysMin_putch__F)
                  00007db0    00000034     driverlib.lib : sysctl.obj (.text:SysCtlPeripheralEnable)
                  00007de4    00000034     uart_tivaware.aem4f : UART.oem4f (.text:UART_Params_init)
                  00007e18    00000034                         : UART.oem4f (.text:UART_read)
                  00007e4c    00000034                         : UART.oem4f (.text:UART_write)
                  00007e80    00000034     main.obj (.text:init_mux_pins)
                  00007eb4    00000034     sysbios.aem4f : BIOS.obj (.text:ti_sysbios_family_arm_m3_Hwi_excNmi__I)
                  00007ee8    00000034                   : BIOS.obj (.text:ti_sysbios_hal_Hwi_checkStack:ti_sysbios_hal_Hwi_checkStack)
                  00007f1c    00000030     main_pem4f.oem4f (.text:ti_sysbios_BIOS_exitFunc__I)
                  00007f4c    00000030     sysbios.aem4f : BIOS.obj (.text:ti_sysbios_knl_Idle_run__E)
                  00007f7c    00000030     ti.targets.arm.rtsarm.aem4f : Core-label.oem4f (.text:xdc_runtime_Core_assignLabel__I)
                  00007fac    00000030                                 : SysMin.oem4f (.text:xdc_runtime_SysMin_abort__F)
                  00007fdc    0000002f     main.obj (.text:tcp)
                  0000800b    00000001     --HOLE-- [fill = 0]
                  0000800c    0000002f     ti.targets.arm.rtsarm.aem4f : Text.oem4f (.text:xdc_runtime_Text_printVisFxn__I)
                  0000803b    00000001     --HOLE-- [fill = 0]
                  0000803c    0000002e     main_pem4f.oem4f (.text:malloc)
                  0000806a    0000002e     EK_LM4F120XL.obj (.text:ti_sysbios_family_arm_m3_Hwi_construct)
                  00008098    0000002c     sysbios.aem4f : BIOS.obj (.text:ti_sysbios_hal_Hwi_initStack:ti_sysbios_hal_Hwi_initStack)
                  000080c4    0000002c                   : BIOS.obj (.text:ti_sysbios_io_DEV_Module_startup__F)
                  000080f0    0000002c     main_pem4f.oem4f (.text:ti_sysbios_knl_Clock_doTick__I)
                  0000811c    0000002c     sysbios.aem4f : BIOS.obj (.text:ti_sysbios_knl_Task_restore__E)
                  00008148    0000002c     ti.uia.runtime.aem4f : LoggerStopMode.oem4f (.text:ti_uia_runtime_LoggerStopMode_Module_startup__F)
                  00008174    0000002c                          : LoggerStopMode.oem4f (.text:ti_uia_runtime_LoggerStopMode_disable__E)
                  000081a0    0000002c                          : LoggerStopMode.oem4f (.text:ti_uia_runtime_LoggerStopMode_enable__E)
                  000081cc    0000002c     driverlib.lib : udma.obj (.text:uDMAChannelAssign)
                  000081f8    0000002c     ti.targets.arm.rtsarm.aem4f : System.oem4f (.text:xdc_runtime_System_rtsExit__I)
                  00008224    0000002c                                 : Text.oem4f (.text:xdc_runtime_Text_cordText__F)
                  00008250    0000002a     driverlib.lib : gpio.obj (.text:GPIODirModeSet)
                  0000827a    0000002a     ti.targets.arm.rtsarm.aem4f : System.oem4f (.text:xdc_runtime_System_putchar__I)
                  000082a4    00000028     spi_tivaware.aem4f : SPITivaDMA.oem4f (.text:SPITivaDMA_serviceISR)
                  000082cc    00000028     main.obj (.text:main)
                  000082f4    00000028     sysbios.aem4f : m3_Hwi_asm_switch.obj (.text:ti_sysbios_family_arm_m3_Hwi_initStacks__E)
                  0000831c    00000028                   : BIOS.obj (.text:ti_sysbios_gates_GateMutex_Instance_init__F)
                  00008344    00000028     ti.uia.runtime.aem4f : LogSync.oem4f (.text:ti_uia_runtime_LogSync_Module_startup__F)
                  0000836c    00000028                          : QueueDescriptor.oem4f (.text:ti_uia_runtime_QueueDescriptor_initHeader__E)
                  00008394    00000026     ti.targets.arm.rtsarm.aem4f : System.oem4f (.text:xdc_runtime_System_avprintf__F)
                  000083ba    00000002     --HOLE-- [fill = 0]
                  000083bc    00000024     gpio_tivaware.aem4f : GPIO.oem4f (.text:GPIO_init)
                  000083e0    00000024     sysbios.aem4f : BIOS.obj (.text:ti_sysbios_BIOS_registerRTSLock__I)
                  00008404    00000024     main_pem4f.oem4f (.text:ti_sysbios_BIOS_startFunc__I)
                  00008428    00000024     sysbios.aem4f : BIOS.obj (.text:ti_sysbios_family_arm_m3_Hwi_Instance_finalize__F)
                  0000844c    00000024                   : BIOS.obj (.text:ti_sysbios_family_arm_m3_Hwi_doTaskRestore__I)
                  00008470    00000024     main_pem4f.oem4f (.text:ti_sysbios_gates_GateMutex_Object__delete__S)
                  00008494    00000024     sysbios.aem4f : BIOS.obj (.text:ti_sysbios_knl_Clock_Module_startup__F)
                  000084b8    00000024                   : BIOS.obj (.text:ti_sysbios_knl_Swi_Module_startup__F)
                  000084dc    00000024     ti.uia.runtime.aem4f : LoggerStopMode.oem4f (.text:ti_uia_runtime_LoggerStopMode_Instance_finalize__F)
                  00008500    00000024     driverlib.lib : udma.obj (.text:uDMAChannelControlSet)
                  00008524    00000024     ti.targets.arm.rtsarm.aem4f : System.oem4f (.text:xdc_runtime_System_vprintf__F)
                  00008548    00000022     main_pem4f.oem4f (.text:xdc_runtime_SysMin_output__I)
                  0000856a    00000002     --HOLE-- [fill = 0]
                  0000856c    00000020     sysbios.aem4f : BIOS.obj (.text:ti_sysbios_family_arm_m3_Hwi_clearInterrupt__E)
                  0000858c    00000020                   : m3_Hwi_asm_switch.obj (.text:ti_sysbios_family_xxx_Hwi_switchAndRunFunc)
                  000085ac    00000020     main_pem4f.oem4f (.text:ti_sysbios_gates_GateHwi_Object__delete__S)
                  000085cc    00000020     main_pem4f.oem4f (.text:ti_sysbios_heaps_HeapMem_Object__delete__S)
                  000085ec    00000020     main_pem4f.oem4f (.text:ti_sysbios_knl_Semaphore_Object__destruct__S)
                  0000860c    00000020     sysbios.aem4f : BIOS.obj (.text:ti_sysbios_knl_Task_enter__I)
                  0000862c    00000020     main_pem4f.oem4f (.text:ti_uia_runtime_LoggerStopMode_Object__delete__S)
                  0000864c    00000020     main.obj (.text:uart_0_task)
                  0000866c    00000020     ti.targets.arm.rtsarm.aem4f : Registry.oem4f (.text:xdc_runtime_Registry_findById__F)
                  0000868c    00000020                                 : SysMin.oem4f (.text:xdc_runtime_SysMin_Module_startup__F)
                  000086ac    0000001c     driverlib.lib : uart.obj (.text:UARTDisable)
                  000086c8    0000001c     sysbios.aem4f : BIOS.obj (.text:ti_sysbios_BIOS_rtsLock__I)
                  000086e4    0000001c     main_pem4f.oem4f (.text:ti_sysbios_family_arm_m3_Hwi_Object__destruct__S)
                  00008700    0000001c     main_pem4f.oem4f (.text:ti_sysbios_knl_Queue_Object__destruct__S)
                  0000871c    0000001c     ti.targets.arm.rtsarm.aem4f : Error.oem4f (.text:xdc_runtime_Error_check__F)
                  00008738    0000001c                                 : Memory.oem4f (.text:xdc_runtime_Memory_valloc__F)
                  00008754    0000001c                                 : SysMin.oem4f (.text:xdc_runtime_SysMin_exit__F)
                  00008770    0000001a     main_pem4f.oem4f (.text:ti_sysbios_family_arm_m3_Hwi_Handle__label__S)
                  0000878a    0000001a     main_pem4f.oem4f (.text:ti_sysbios_gates_GateHwi_Handle__label__S)
                  000087a4    0000001a     main_pem4f.oem4f (.text:ti_sysbios_gates_GateMutex_Handle__label__S)
                  000087be    0000001a     main_pem4f.oem4f (.text:ti_sysbios_heaps_HeapMem_Handle__label__S)
                  000087d8    0000001a     main_pem4f.oem4f (.text:ti_sysbios_knl_Swi_Handle__label__S)
                  000087f2    0000001a     main_pem4f.oem4f (.text:ti_sysbios_knl_Task_Handle__label__S)
                  0000880c    0000001a     main_pem4f.oem4f (.text:ti_uia_runtime_LoggerStopMode_Handle__label__S)
                  00008826    0000001a     main_pem4f.oem4f (.text:xdc_runtime_System_aprintf__E)
                  00008840    0000001a     main_pem4f.oem4f (.text:xdc_runtime_System_printf__E)
                  0000885a    00000018     driverlib.lib : gpio.obj (.text:GPIOPinTypeGPIOOutput)
                  00008872    00000018     main_pem4f.oem4f (.text:free)
                  0000888a    00000002     --HOLE-- [fill = 0]
                  0000888c    00000018     rtsv7M4_T_le_v4SPD16_eabi.lib : args_main.obj (.text)
                  000088a4    00000018     main_pem4f.oem4f (.text:ti_sysbios_family_arm_lm4_Timer_Module__startupDone__F)
                  000088bc    00000018     main_pem4f.oem4f (.text:ti_sysbios_family_arm_m3_Hwi_Module__startupDone__F)
                  000088d4    00000018     sysbios.aem4f : m3_TaskSupport_asm.obj (.text:ti_sysbios_family_arm_m3_TaskSupport_swap__E)
                  000088ec    00000018                   : BIOS.obj (.text:ti_sysbios_gates_GateMutex_leave__E)
                  00008904    00000018     main_pem4f.oem4f (.text:ti_sysbios_hal_Timer_Module__startupDone__F)
                  0000891c    00000018     driverlib.lib : udma.obj (.text:uDMAChannelEnable)
                  00008934    00000018                   : udma.obj (.text:uDMAChannelIsEnabled)
                  0000894c    00000018     ti.targets.arm.rtsarm.aem4f : Text.oem4f (.text:xdc_runtime_Text_ropeText__F)
                  00008964    00000016     EK_LM4F120XL.obj (.text:ti_sysbios_family_arm_m3_Hwi_Params_init)
                  0000897a    00000016     ti.uia.runtime.aem4f : LoggerStopMode.oem4f (.text:ti_uia_runtime_LoggerStopMode_getFreeSize__E)
                  00008990    00000016                          : LoggerStopMode.oem4f (.text:ti_uia_runtime_LoggerStopMode_getUnreadSize__E)
                  000089a6    00000014     driverlib.lib : uart.obj (.text:UARTEnable)
                  000089ba    00000002     --HOLE-- [fill = 0]
                  000089bc    00000014     rtsv7M4_T_le_v4SPD16_eabi.lib : _lock.obj (.text)
                  000089d0    00000014                                   : strlen.obj (.text)
                  000089e4    00000014     sysbios.aem4f : BIOS.obj (.text:ti_sysbios_family_arm_m3_Hwi_switchFromBootStack__E)
                  000089f8    00000014     main_pem4f.oem4f (.text:ti_sysbios_heaps_HeapMem_Object__get__S)
                  00008a0c    00000014     main_pem4f.oem4f (.text:ti_sysbios_knl_Swi_Object__get__S)
                  00008a20    00000014     main_pem4f.oem4f (.text:ti_sysbios_knl_Task_Object__get__S)
                  00008a34    00000014     ti.targets.arm.rtsarm.aem4f : System.oem4f (.text:xdc_runtime_System_abort__F)
                  00008a48    00000012     driverlib.lib : gpio.obj (.text:GPIOPinTypeGPIOInput)
                  00008a5a    00000012                   : gpio.obj (.text:GPIOPinTypeSSI)
                  00008a6c    00000012                   : gpio.obj (.text:GPIOPinTypeUART)
                  00008a7e    00000012                   : ssi.obj (.text:SSIDataGetNonBlocking)
                  00008a90    00000012     rtsv7M4_T_le_v4SPD16_eabi.lib : copy_zero_init.obj (.text:decompress:ZI)
                  00008aa2    00000012     sysbios.aem4f : BIOS.obj (.text:ti_sysbios_hal_Hwi_Module_startup__F)
                  00008ab4    00000012                   : BIOS.obj (.text:ti_sysbios_hal_Timer_Module_startup__F)
                  00008ac6    00000012     ti.uia.runtime.aem4f : LoggerStopMode.oem4f (.text:ti_uia_runtime_LoggerStopMode_write1__E)
                  00008ad8    00000012                          : LoggerStopMode.oem4f (.text:ti_uia_runtime_LoggerStopMode_write2__E)
                  00008aea    00000012     main_pem4f.oem4f (.text:xdc_runtime_Startup_exec__I)
                  00008afc    00000010     rtsv7M4_T_le_v4SPD16_eabi.lib : strcpy.obj (.text)
                  00008b0c    00000010     sysbios.aem4f : BIOS.obj (.text:ti_sysbios_BIOS_getCpuFreq__E)
                  00008b1c    00000010                   : BIOS.obj (.text:ti_sysbios_BIOS_setThreadType__E)
                  00008b2c    00000010                   : BIOS.obj (.text:ti_sysbios_BIOS_start__E)
                  00008b3c    00000010                   : BIOS.obj (.text:ti_sysbios_family_arm_lm4_TimestampProvider_rolloverFunc__E)
                  00008b4c    00000010                   : BIOS.obj (.text:ti_sysbios_family_arm_m3_Hwi_excHandler__I)
                  00008b5c    00000010                   : m3_TaskSupport_asm.obj (.text:ti_sysbios_family_arm_m3_TaskSupport_glue)
                  00008b6c    00000010                   : m3_Hwi_asm_switch.obj (.text:ti_sysbios_family_xxx_Hwi_switchToIsrStack)
                  00008b7c    00000010                   : BIOS.obj (.text:ti_sysbios_gates_GateMutex_Instance_finalize__F)
                  00008b8c    00000010     main_pem4f.oem4f (.text:ti_sysbios_io_DEV_Object__get__S)
                  00008b9c    00000010     sysbios.aem4f : BIOS.obj (.text:ti_sysbios_knl_Semaphore_Instance_finalize__F)
                  00008bac    00000010                   : BIOS.obj (.text:ti_sysbios_knl_Swi_disable__E)
                  00008bbc    00000010                   : BIOS.obj (.text:ti_sysbios_knl_Task_disable__E)
                  00008bcc    00000010     main_pem4f.oem4f (.text:ti_uia_runtime_LoggerStopMode_Object__get__S)
                  00008bdc    00000010     ti.uia.runtime.aem4f : LoggerStopMode.oem4f (.text:ti_uia_runtime_LoggerStopMode_write0__E)
                  00008bec    00000010     driverlib.lib : udma.obj (.text:uDMAEnable)
                  00008bfc    00000010     ti.targets.arm.rtsarm.aem4f : Gate.oem4f (.text:xdc_runtime_Gate_leaveSystem__F)
                  00008c0c    00000010                                 : Memory.oem4f (.text:xdc_runtime_Memory_free__F)
                  00008c1c    00000010                                 : SysMin.oem4f (.text:xdc_runtime_SysMin_ready__F)
                  00008c2c    00000010                                 : System.oem4f (.text:xdc_runtime_System_vsnprintf__F)
                  00008c3c    00000010     main_pem4f.oem4f (.text:xdc_runtime_Text_visitRope__I)
                  00008c4c    0000000e     driverlib.lib : uart.obj (.text:UARTCharGetNonBlocking)
                  00008c5a    0000000e                   : uart.obj (.text:UARTCharPutNonBlocking)
                  00008c68    0000000e     rtsv7M4_T_le_v4SPD16_eabi.lib : copy_decompress_none.obj (.text:decompress:none)
                  00008c76    0000000e     sysbios.aem4f : BIOS.obj (.text:ti_sysbios_knl_Queue_empty__E)
                  00008c84    0000000e     ti.uia.runtime.aem4f : LoggerStopMode.oem4f (.text:ti_uia_runtime_LoggerStopMode_isEmpty__E)
                  00008c92    00000002     --HOLE-- [fill = 0]
                  00008c94    0000000c     main_pem4f.oem4f (.text:.bootCodeSection:ti_catalog_arm_cortexm4_tiva_ce_Boot_init__I)
                  00008ca0    0000000c     sysbios.aem4f : BIOS.obj (.text:ti_sysbios_family_arm_lm4_Timer_masterDisable__I)
                  00008cac    0000000c                   : BIOS.obj (.text:ti_sysbios_family_arm_lm4_TimestampProvider_startTimer__E)
                  00008cb8    0000000c     main_pem4f.oem4f (.text:ti_sysbios_family_arm_m3_Hwi_Params__init__S)
                  00008cc4    0000000c     sysbios.aem4f : BIOS.obj (.text:ti_sysbios_family_arm_m3_Hwi_disableFxn__E)
                  00008cd0    0000000c                   : BIOS.obj (.text:ti_sysbios_family_arm_m3_TaskSupport_checkStack__E)
                  00008cdc    0000000c                   : m3_Hwi_asm_switch.obj (.text:ti_sysbios_family_xxx_Hwi_switchToTaskStack)
                  00008ce8    0000000c                   : BIOS.obj (.text:ti_sysbios_gates_GateHwi_enter__E)
                  00008cf4    0000000c     main_pem4f.oem4f (.text:ti_sysbios_knl_Queue_Object__get__S)
                  00008d00    0000000c     main_pem4f.oem4f (.text:ti_sysbios_knl_Semaphore_Params__init__S)
                  00008d0c    0000000c     sysbios.aem4f : BIOS.obj (.text:ti_sysbios_utils_Load_taskRegHook__E)
                  00008d18    0000000c     driverlib.lib : udma.obj (.text:uDMAControlBaseSet)
                  00008d24    0000000c                   : udma.obj (.text:uDMAErrorStatusClear)
                  00008d30    0000000c                   : udma.obj (.text:uDMAErrorStatusGet)
                  00008d3c    0000000c     ti.targets.arm.rtsarm.aem4f : Error.oem4f (.text:xdc_runtime_Error_init__F)
                  00008d48    0000000c                                 : Gate.oem4f (.text:xdc_runtime_Gate_enterSystem__F)
                  00008d54    0000000c                                 : Memory.oem4f (.text:xdc_runtime_Memory_calloc__F)
                  00008d60    0000000c                                 : Memory.oem4f (.text:xdc_runtime_Memory_getMaxDefaultTypeAlign__F)
                  00008d6c    0000000c                                 : System.oem4f (.text:xdc_runtime_System_exit__F)
                  00008d78    0000000c                                 : System.oem4f (.text:xdc_runtime_System_lastFxn__I)
                  00008d84    0000000a     spi_tivaware.aem4f : SPITivaDMA.oem4f (.text:SPITivaDMA_init)
                  00008d8e    0000000a     driverlib.lib : ssi.obj (.text:SSIDisable)
                  00008d98    0000000a                   : ssi.obj (.text:SSIEnable)
                  00008da2    0000000a                   : ssi.obj (.text:SSIIntDisable)
                  00008dac    0000000a                   : uart.obj (.text:UARTCharGet)
                  00008db6    0000000a                   : uart.obj (.text:UARTCharPut)
                  00008dc0    0000000a                   : uart.obj (.text:UARTIntDisable)
                  00008dca    0000000a                   : uart.obj (.text:UARTIntStatus)
                  00008dd4    0000000a     main_pem4f.oem4f (.text:xdc_runtime_IHeap_alloc)
                  00008dde    0000000a     main_pem4f.oem4f (.text:xdc_runtime_IHeap_free)
                  00008de8    00000008     driverlib.lib : ssi.obj (.text:SSIDMAEnable)
                  00008df0    00000008                   : ssi.obj (.text:SSIIntEnable)
                  00008df8    00000008                   : uart.obj (.text:UARTIntEnable)
                  00008e00    00000008     uart_tivaware.aem4f : UARTTiva.oem4f (.text:UARTTiva_init)
                  00008e08    00000008                         : UARTTiva.oem4f (.text:readSemCallback)
                  00008e10    00000008     sysbios.aem4f : BIOS.obj (.text:ti_sysbios_family_arm_m3_Hwi_doSwiRestore__I)
                  00008e18    00000008                   : BIOS.obj (.text:ti_sysbios_family_arm_m3_Hwi_startup__E)
                  00008e20    00000008                   : BIOS.obj (.text:ti_sysbios_knl_Idle_loop__E)
                  00008e28    00000008     uart_tivaware.aem4f : UARTTiva.oem4f (.text:writeSemCallback)
                  00008e30    00000006     driverlib.lib : gpio.obj (.text:GPIOPinWrite)
                  00008e36    00000006                   : uart.obj (.text:UARTFIFOLevelSet)
                  00008e3c    00000006     ti.targets.arm.rtsarm.aem4f : xdc_noinit.oem4f (.text:__xdc__init)
                  00008e42    00000006     rtsv7M4_T_le_v4SPD16_eabi.lib : copy_decompress_rle.obj (.text:decompress:rle24)
                  00008e48    00000006     Boot.aem4f : Boot_sysctl.oem4f (.text:ti_catalog_arm_cortexm4_tiva_ce_Boot_sysCtlDelayI__I)
                  00008e4e    00000006     sysbios.aem4f : BIOS.obj (.text:ti_sysbios_family_arm_lm4_TimestampProvider_Module_startup__F)
                  00008e54    00000006                   : BIOS.obj (.text:ti_sysbios_family_arm_m3_Hwi_restoreFxn__E)
                  00008e5a    00000006                   : BIOS.obj (.text:ti_sysbios_gates_GateHwi_leave__E)
                  00008e60    00000006                   : BIOS.obj (.text:ti_sysbios_heaps_HeapMem_isBlocking__E)
                  00008e66    00000006                   : BIOS.obj (.text:ti_sysbios_knl_Queue_Instance_init__F)
                  00008e6c    00000006     ti.uia.runtime.aem4f : LoggerStopMode.oem4f (.text:ti_uia_runtime_LoggerStopMode_getPriority__E)
                  00008e72    00000006                          : LoggerStopMode.oem4f (.text:ti_uia_runtime_LoggerStopMode_getTransferType__F)
                  00008e78    00000006     ti.targets.arm.rtsarm.aem4f : System.oem4f (.text:xdc_runtime_System_Module_startup__F)
                  00008e7e    00000004     driverlib.lib : ssi.obj (.text:SSIIntClear)
                  00008e82    00000004                   : uart.obj (.text:UARTIntClear)
                  00008e86    00000004     main_pem4f.oem4f (.text:ti_sysbios_BIOS_RtsGateProxy_enter__E)
                  00008e8a    00000004     main_pem4f.oem4f (.text:ti_sysbios_BIOS_RtsGateProxy_leave__E)
                  00008e8e    00000004     sysbios.aem4f : BIOS.obj (.text:ti_sysbios_family_arm_lm4_Timer_getPeriod__E)
                  00008e92    00000004                   : BIOS.obj (.text:ti_sysbios_family_arm_lm4_Timer_masterEnable__I)
                  00008e96    00000004     main_pem4f.oem4f (.text:ti_sysbios_family_arm_m3_TaskSupport_Module__startupDone__S)
                  00008e9a    00000004     sysbios.aem4f : BIOS.obj (.text:ti_sysbios_gates_GateHwi_query__F)
                  00008e9e    00000004                   : BIOS.obj (.text:ti_sysbios_gates_GateMutex_query__F)
                  00008ea2    00000004     main_pem4f.oem4f (.text:ti_sysbios_hal_Hwi_HwiProxy_Module__startupDone__S)
                  00008ea6    00000004     main_pem4f.oem4f (.text:ti_sysbios_hal_Timer_TimerProxy_Module__startupDone__S)
                  00008eaa    00000004     main_pem4f.oem4f (.text:ti_sysbios_hal_Timer_TimerProxy_getPeriod__E)
                  00008eae    00000004     main_pem4f.oem4f (.text:ti_sysbios_heaps_HeapMem_Module_GateProxy_enter__E)
                  00008eb2    00000004     main_pem4f.oem4f (.text:ti_sysbios_heaps_HeapMem_Module_GateProxy_leave__E)
                  00008eb6    00000004     main_pem4f.oem4f (.text:ti_sysbios_knl_Task_SupportProxy_Module__startupDone__S)
                  00008eba    00000004     sysbios.aem4f : BIOS.obj (.text:ti_sysbios_knl_Task_startup__E)
                  00008ebe    00000004     main_pem4f.oem4f (.text:ti_uia_runtime_LogSync_CpuTimestampProxy_Module__startupDone__S)
                  00008ec2    00000004     main_pem4f.oem4f (.text:ti_uia_runtime_LogSync_GlobalTimestampProxy_Module__startupDone__S)
                  00008ec6    00000004     ti.uia.runtime.aem4f : LoggerStopMode.oem4f (.text:ti_uia_runtime_LoggerStopMode_getInstanceId__E)
                  00008eca    00000004                          : LoggerStopMode.oem4f (.text:ti_uia_runtime_LoggerStopMode_getMaxLength__E)
                  00008ece    00000004                          : LoggerStopMode.oem4f (.text:ti_uia_runtime_LoggerStopMode_setPriority__E)
                  00008ed2    00000004     ti.targets.arm.rtsarm.aem4f : Error.oem4f (.text:xdc_runtime_Error_getSite__F)
                  00008ed6    00000004     main_pem4f.oem4f (.text:xdc_runtime_Memory_HeapProxy_alloc__E)
                  00008eda    00000004     main_pem4f.oem4f (.text:xdc_runtime_Memory_HeapProxy_free__E)
                  00008ede    00000004     main_pem4f.oem4f (.text:xdc_runtime_System_Module_GateProxy_enter__E)
                  00008ee2    00000004     main_pem4f.oem4f (.text:xdc_runtime_System_Module_GateProxy_leave__E)
                  00008ee6    00000004     ti.targets.arm.rtsarm.aem4f : System.oem4f (.text:xdc_runtime_System_aprintf_va__F)
                  00008eea    00000004                                 : System.oem4f (.text:xdc_runtime_System_printf_va__F)
                  00008eee    00000004     main_pem4f.oem4f (.text:xdc_runtime_System_vsnprintf__E)
                  00008ef2    00000004     main_pem4f.oem4f (.text:xdc_runtime_TimestampNull_Module__startupDone__S)
                  00008ef6    00000004     main_pem4f.oem4f (.text:xdc_runtime_Timestamp_Module__startupDone__S)

.const     0    00008efc    00002f0a     
                  00008efc    000023a7     main_pem4f.oem4f (.const:xdc_runtime_Text_charTab__A)
                  0000b2a3    00000001     main_pem4f.oem4f (.const:xdc_runtime_Error_policy__C)
                  0000b2a4    0000013c     main_pem4f.oem4f (.const:xdc_runtime_Text_nodeTab__A)
                  0000b3e0    000000d8     main_pem4f.oem4f (.const:ti_sysbios_family_arm_m3_Hwi_priorities__A)
                  0000b4b8    00000090     driverlib.lib : gpio.obj (.const:g_pui32GPIOBaseAddrs)
                  0000b548    0000006c     EK_LM4F120XL.obj (.const:UART_config)
                  0000b5b4    00000060     main_pem4f.oem4f (.const:ti_uia_runtime_LoggerStopMode_Module__FXNS__C)
                  0000b614    00000054     EK_LM4F120XL.obj (.const:spiTivaDMAHWAttrs)
                  0000b668    00000048     main_pem4f.oem4f (.const:.string)
                  0000b6b0    00000040     EK_LM4F120XL.obj (.const:uartTivaHWAttrs)
                  0000b6f0    0000003c     EK_LM4F120XL.obj (.const:gpioHWAttrs)
                  0000b72c    00000034     main_pem4f.oem4f (.const:xdc_runtime_Startup_sfxnTab__A)
                  0000b760    00000030     EK_LM4F120XL.obj (.const:SPI_config)
                  0000b790    00000030     main_pem4f.oem4f (.const:ti_sysbios_family_arm_m3_Hwi_Object__PARAMS__C)
                  0000b7c0    00000030     main_pem4f.oem4f (.const:ti_sysbios_knl_Task_hooks__A)
                  0000b7f0    00000030     main_pem4f.oem4f (.const:ti_uia_runtime_LoggerStopMode_Object__PARAMS__C)
                  0000b820    00000028     main_pem4f.oem4f (.const:ti_sysbios_heaps_HeapMem_Module__FXNS__C)
                  0000b848    00000024     uart_tivaware.aem4f : UARTTiva.oem4f (.const:UARTTiva_fxnTable)
                  0000b86c    00000024     spi_tivaware.aem4f : SPITivaDMA.oem4f (.const)
                  0000b890    00000024     main_pem4f.oem4f (.const:ti_sysbios_gates_GateHwi_Module__FXNS__C)
                  0000b8b4    00000024     main_pem4f.oem4f (.const:ti_sysbios_gates_GateMutex_Module__FXNS__C)
                  0000b8d8    00000024     main_pem4f.oem4f (.const:ti_sysbios_heaps_HeapMem_Object__PARAMS__C)
                  0000b8fc    00000024     main_pem4f.oem4f (.const:ti_sysbios_knl_Semaphore_Object__PARAMS__C)
                  0000b920    00000020     main_pem4f.oem4f (.const:ti_sysbios_family_arm_m3_Hwi_Object__DESC__C)
                  0000b940    00000020     main_pem4f.oem4f (.const:ti_sysbios_gates_GateHwi_Object__DESC__C)
                  0000b960    00000020     main_pem4f.oem4f (.const:ti_sysbios_gates_GateMutex_Object__DESC__C)
                  0000b980    00000020     main_pem4f.oem4f (.const:ti_sysbios_heaps_HeapMem_Object__DESC__C)
                  0000b9a0    00000020     main_pem4f.oem4f (.const:ti_sysbios_knl_Queue_Object__DESC__C)
                  0000b9c0    00000020     main_pem4f.oem4f (.const:ti_sysbios_knl_Semaphore_Object__DESC__C)
                  0000b9e0    00000020     main_pem4f.oem4f (.const:ti_uia_runtime_LoggerStopMode_Object__DESC__C)
                  0000ba00    00000020     uart_tivaware.aem4f : UART.oem4f (.const)
                  0000ba20    0000001a     main_pem4f.oem4f (.const:xdc_runtime_Startup_sfxnRts__A)
                  0000ba3a    00000002     main_pem4f.oem4f (.const:ti_catalog_arm_cortexm4_tiva_ce_Boot_Module__id__C)
                  0000ba3c    00000018     EK_LM4F120XL.obj (.const)
                  0000ba54    00000018     spi_tivaware.aem4f : SPI.oem4f (.const)
                  0000ba6c    00000018     main_pem4f.oem4f (.const:ti_sysbios_gates_GateHwi_Object__PARAMS__C)
                  0000ba84    00000018     main_pem4f.oem4f (.const:ti_sysbios_gates_GateMutex_Object__PARAMS__C)
                  0000ba9c    00000018     main_pem4f.oem4f (.const:ti_sysbios_knl_Queue_Object__PARAMS__C)
                  0000bab4    00000014     main_pem4f.oem4f (.const:xdc_runtime_Startup_firstFxns__A)
                  0000bac8    00000011     ti.targets.arm.rtsarm.aem4f : System.oem4f (.const)
                  0000bad9    00000001     --HOLE-- [fill = 0]
                  0000bada    00000002     main_pem4f.oem4f (.const:ti_sysbios_BIOS_Module__id__C)
                  0000badc    00000008     main_pem4f.oem4f (.const:ti_sysbios_family_arm_m3_Hwi_excHookFuncs__A)
                  0000bae4    00000008     main_pem4f.oem4f (.const:ti_sysbios_knl_Idle_coreList__A)
                  0000baec    00000008     main_pem4f.oem4f (.const:ti_sysbios_knl_Idle_coreList__C)
                  0000baf4    00000008     main_pem4f.oem4f (.const:ti_sysbios_knl_Idle_funcList__A)
                  0000bafc    00000008     main_pem4f.oem4f (.const:ti_sysbios_knl_Idle_funcList__C)
                  0000bb04    00000008     main_pem4f.oem4f (.const:ti_sysbios_knl_Task_hooks__C)
                  0000bb0c    00000008     main_pem4f.oem4f (.const:xdc_runtime_Startup_firstFxns__C)
                  0000bb14    00000008     main_pem4f.oem4f (.const:xdc_runtime_Startup_lastFxns__A)
                  0000bb1c    00000008     main_pem4f.oem4f (.const:xdc_runtime_Startup_lastFxns__C)
                  0000bb24    00000004     main_pem4f.oem4f (.const:ti_catalog_arm_cortexm4_tiva_ce_Boot_A_mustUseEnhancedClockMode__C)
                  0000bb28    00000004     main_pem4f.oem4f (.const:ti_catalog_arm_cortexm4_tiva_ce_Boot_Module__diagsEnabled__C)
                  0000bb2c    00000004     main_pem4f.oem4f (.const:ti_catalog_arm_cortexm4_tiva_ce_Boot_Module__diagsIncluded__C)
                  0000bb30    00000004     main_pem4f.oem4f (.const:ti_catalog_arm_cortexm4_tiva_ce_Boot_Module__diagsMask__C)
                  0000bb34    00000004     main_pem4f.oem4f (.const:ti_sysbios_BIOS_Module__diagsEnabled__C)
                  0000bb38    00000004     main_pem4f.oem4f (.const:ti_sysbios_BIOS_Module__diagsIncluded__C)
                  0000bb3c    00000004     main_pem4f.oem4f (.const:ti_sysbios_BIOS_Module__diagsMask__C)
                  0000bb40    00000004     main_pem4f.oem4f (.const:ti_sysbios_BIOS_installedErrorHook__C)
                  0000bb44    00000004     main_pem4f.oem4f (.const:ti_sysbios_family_arm_lm4_Timer_enableFunc__C)
                  0000bb48    00000004     main_pem4f.oem4f (.const:ti_sysbios_family_arm_lm4_Timer_numTimerDevices__C)
                  0000bb4c    00000004     main_pem4f.oem4f (.const:ti_sysbios_family_arm_lm4_Timer_startupNeeded__C)
                  0000bb50    00000004     main_pem4f.oem4f (.const:ti_sysbios_family_arm_m3_Hwi_E_NMI__C)
                  0000bb54    00000004     main_pem4f.oem4f (.const:ti_sysbios_family_arm_m3_Hwi_E_alreadyDefined__C)
                  0000bb58    00000004     main_pem4f.oem4f (.const:ti_sysbios_family_arm_m3_Hwi_E_busFault__C)
                  0000bb5c    00000004     main_pem4f.oem4f (.const:ti_sysbios_family_arm_m3_Hwi_E_debugMon__C)
                  0000bb60    00000004     main_pem4f.oem4f (.const:ti_sysbios_family_arm_m3_Hwi_E_hardFault__C)
                  0000bb64    00000004     main_pem4f.oem4f (.const:ti_sysbios_family_arm_m3_Hwi_E_memFault__C)
                  0000bb68    00000004     main_pem4f.oem4f (.const:ti_sysbios_family_arm_m3_Hwi_E_noIsr__C)
                  0000bb6c    00000004     main_pem4f.oem4f (.const:ti_sysbios_family_arm_m3_Hwi_E_reserved__C)
                  0000bb70    00000004     main_pem4f.oem4f (.const:ti_sysbios_family_arm_m3_Hwi_E_svCall__C)
                  0000bb74    00000004     main_pem4f.oem4f (.const:ti_sysbios_family_arm_m3_Hwi_E_usageFault__C)
                  0000bb78    00000004     main_pem4f.oem4f (.const:ti_sysbios_family_arm_m3_Hwi_LD_end__C)
                  0000bb7c    00000004     main_pem4f.oem4f (.const:ti_sysbios_family_arm_m3_Hwi_LM_begin__C)
                  0000bb80    00000004     main_pem4f.oem4f (.const:ti_sysbios_family_arm_m3_Hwi_Module__diagsEnabled__C)
                  0000bb84    00000004     main_pem4f.oem4f (.const:ti_sysbios_family_arm_m3_Hwi_Module__diagsIncluded__C)
                  0000bb88    00000004     main_pem4f.oem4f (.const:ti_sysbios_family_arm_m3_Hwi_Module__diagsMask__C)
                  0000bb8c    00000004     main_pem4f.oem4f (.const:ti_sysbios_family_arm_m3_Hwi_Module__loggerFxn1__C)
                  0000bb90    00000004     main_pem4f.oem4f (.const:ti_sysbios_family_arm_m3_Hwi_Module__loggerFxn8__C)
                  0000bb94    00000004     main_pem4f.oem4f (.const:ti_sysbios_family_arm_m3_Hwi_Module__loggerObj__C)
                  0000bb98    00000004     main_pem4f.oem4f (.const:ti_sysbios_family_arm_m3_Hwi_NUM_INTERRUPTS__C)
                  0000bb9c    00000004     main_pem4f.oem4f (.const:ti_sysbios_family_arm_m3_Hwi_ccr__C)
                  0000bba0    00000004     main_pem4f.oem4f (.const:ti_sysbios_family_arm_m3_Hwi_dispatchTable__C)
                  0000bba4    00000004     main_pem4f.oem4f (.const:ti_sysbios_family_arm_m3_Hwi_excHandlerFunc__C)
                  0000bba8    00000004     main_pem4f.oem4f (.const:ti_sysbios_family_arm_m3_Hwi_excHookFuncs__C)
                  0000bbac    00000004     main_pem4f.oem4f (.const:ti_sysbios_family_arm_m3_Hwi_priGroup__C)
                  0000bbb0    00000004     main_pem4f.oem4f (.const:ti_sysbios_family_arm_m3_Hwi_priorities__C)
                  0000bbb4    00000004     main_pem4f.oem4f (.const:ti_sysbios_gates_GateMutex_A_badContext__C)
                  0000bbb8    00000004     main_pem4f.oem4f (.const:ti_sysbios_gates_GateMutex_Instance_State_sem__O)
                  0000bbbc    00000004     main_pem4f.oem4f (.const:ti_sysbios_gates_GateMutex_Module__diagsEnabled__C)
                  0000bbc0    00000004     main_pem4f.oem4f (.const:ti_sysbios_gates_GateMutex_Module__diagsIncluded__C)
                  0000bbc4    00000004     main_pem4f.oem4f (.const:ti_sysbios_gates_GateMutex_Module__diagsMask__C)
                  0000bbc8    00000004     main_pem4f.oem4f (.const:ti_sysbios_hal_Hwi_E_stackOverflow__C)
                  0000bbcc    00000004     main_pem4f.oem4f (.const:ti_sysbios_heaps_HeapMem_A_align__C)
                  0000bbd0    00000004     main_pem4f.oem4f (.const:ti_sysbios_heaps_HeapMem_A_heapSize__C)
                  0000bbd4    00000004     main_pem4f.oem4f (.const:ti_sysbios_heaps_HeapMem_A_invalidFree__C)
                  0000bbd8    00000004     main_pem4f.oem4f (.const:ti_sysbios_heaps_HeapMem_A_zeroBlock__C)
                  0000bbdc    00000004     main_pem4f.oem4f (.const:ti_sysbios_heaps_HeapMem_E_memory__C)
                  0000bbe0    00000004     main_pem4f.oem4f (.const:ti_sysbios_heaps_HeapMem_Module__diagsEnabled__C)
                  0000bbe4    00000004     main_pem4f.oem4f (.const:ti_sysbios_heaps_HeapMem_Module__diagsIncluded__C)
                  0000bbe8    00000004     main_pem4f.oem4f (.const:ti_sysbios_heaps_HeapMem_Module__diagsMask__C)
                  0000bbec    00000004     main_pem4f.oem4f (.const:ti_sysbios_heaps_HeapMem_Module__gateObj__C)
                  0000bbf0    00000004     main_pem4f.oem4f (.const:ti_sysbios_heaps_HeapMem_Object__count__C)
                  0000bbf4    00000004     main_pem4f.oem4f (.const:ti_sysbios_heaps_HeapMem_reqAlign__C)
                  0000bbf8    00000004     main_pem4f.oem4f (.const:ti_sysbios_io_DEV_Object__count__C)
                  0000bbfc    00000004     main_pem4f.oem4f (.const:ti_sysbios_io_DEV_tableSize__C)
                  0000bc00    00000004     main_pem4f.oem4f (.const:ti_sysbios_knl_Clock_LM_begin__C)
                  0000bc04    00000004     main_pem4f.oem4f (.const:ti_sysbios_knl_Clock_LM_tick__C)
                  0000bc08    00000004     main_pem4f.oem4f (.const:ti_sysbios_knl_Clock_LW_delayed__C)
                  0000bc0c    00000004     main_pem4f.oem4f (.const:ti_sysbios_knl_Clock_Module_State_clockQ__O)
                  0000bc10    00000004     main_pem4f.oem4f (.const:ti_sysbios_knl_Clock_Module__diagsEnabled__C)
                  0000bc14    00000004     main_pem4f.oem4f (.const:ti_sysbios_knl_Clock_Module__diagsIncluded__C)
                  0000bc18    00000004     main_pem4f.oem4f (.const:ti_sysbios_knl_Clock_Module__diagsMask__C)
                  0000bc1c    00000004     main_pem4f.oem4f (.const:ti_sysbios_knl_Clock_Module__loggerFxn1__C)
                  0000bc20    00000004     main_pem4f.oem4f (.const:ti_sysbios_knl_Clock_Module__loggerFxn2__C)
                  0000bc24    00000004     main_pem4f.oem4f (.const:ti_sysbios_knl_Clock_Module__loggerObj__C)
                  0000bc28    00000004     main_pem4f.oem4f (.const:ti_sysbios_knl_Semaphore_A_badContext__C)
                  0000bc2c    00000004     main_pem4f.oem4f (.const:ti_sysbios_knl_Semaphore_A_noEvents__C)
                  0000bc30    00000004     main_pem4f.oem4f (.const:ti_sysbios_knl_Semaphore_A_overflow__C)
                  0000bc34    00000004     main_pem4f.oem4f (.const:ti_sysbios_knl_Semaphore_A_pendTaskDisabled__C)
                  0000bc38    00000004     main_pem4f.oem4f (.const:ti_sysbios_knl_Semaphore_Instance_State_pendQ__O)
                  0000bc3c    00000004     main_pem4f.oem4f (.const:ti_sysbios_knl_Semaphore_LM_pend__C)
                  0000bc40    00000004     main_pem4f.oem4f (.const:ti_sysbios_knl_Semaphore_LM_post__C)
                  0000bc44    00000004     main_pem4f.oem4f (.const:ti_sysbios_knl_Semaphore_Module__diagsEnabled__C)
                  0000bc48    00000004     main_pem4f.oem4f (.const:ti_sysbios_knl_Semaphore_Module__diagsIncluded__C)
                  0000bc4c    00000004     main_pem4f.oem4f (.const:ti_sysbios_knl_Semaphore_Module__diagsMask__C)
                  0000bc50    00000004     main_pem4f.oem4f (.const:ti_sysbios_knl_Semaphore_Module__loggerFxn2__C)
                  0000bc54    00000004     main_pem4f.oem4f (.const:ti_sysbios_knl_Semaphore_Module__loggerFxn4__C)
                  0000bc58    00000004     main_pem4f.oem4f (.const:ti_sysbios_knl_Semaphore_Module__loggerObj__C)
                  0000bc5c    00000004     main_pem4f.oem4f (.const:ti_sysbios_knl_Swi_LD_end__C)
                  0000bc60    00000004     main_pem4f.oem4f (.const:ti_sysbios_knl_Swi_LM_begin__C)
                  0000bc64    00000004     main_pem4f.oem4f (.const:ti_sysbios_knl_Swi_LM_post__C)
                  0000bc68    00000004     main_pem4f.oem4f (.const:ti_sysbios_knl_Swi_Module__diagsEnabled__C)
                  0000bc6c    00000004     main_pem4f.oem4f (.const:ti_sysbios_knl_Swi_Module__diagsIncluded__C)
                  0000bc70    00000004     main_pem4f.oem4f (.const:ti_sysbios_knl_Swi_Module__diagsMask__C)
                  0000bc74    00000004     main_pem4f.oem4f (.const:ti_sysbios_knl_Swi_Module__loggerFxn1__C)
                  0000bc78    00000004     main_pem4f.oem4f (.const:ti_sysbios_knl_Swi_Module__loggerFxn4__C)
                  0000bc7c    00000004     main_pem4f.oem4f (.const:ti_sysbios_knl_Swi_Module__loggerObj__C)
                  0000bc80    00000004     main_pem4f.oem4f (.const:ti_sysbios_knl_Swi_Object__count__C)
                  0000bc84    00000004     main_pem4f.oem4f (.const:ti_sysbios_knl_Task_E_spOutOfBounds__C)
                  0000bc88    00000004     main_pem4f.oem4f (.const:ti_sysbios_knl_Task_E_stackOverflow__C)
                  0000bc8c    00000004     main_pem4f.oem4f (.const:ti_sysbios_knl_Task_LD_block__C)
                  0000bc90    00000004     main_pem4f.oem4f (.const:ti_sysbios_knl_Task_LD_exit__C)
                  0000bc94    00000004     main_pem4f.oem4f (.const:ti_sysbios_knl_Task_LD_ready__C)
                  0000bc98    00000004     main_pem4f.oem4f (.const:ti_sysbios_knl_Task_LM_switch__C)
                  0000bc9c    00000004     main_pem4f.oem4f (.const:ti_sysbios_knl_Task_Module_State_inactiveQ__O)
                  0000bca0    00000004     main_pem4f.oem4f (.const:ti_sysbios_knl_Task_Module__diagsEnabled__C)
                  0000bca4    00000004     main_pem4f.oem4f (.const:ti_sysbios_knl_Task_Module__diagsIncluded__C)
                  0000bca8    00000004     main_pem4f.oem4f (.const:ti_sysbios_knl_Task_Module__diagsMask__C)
                  0000bcac    00000004     main_pem4f.oem4f (.const:ti_sysbios_knl_Task_Module__loggerFxn2__C)
                  0000bcb0    00000004     main_pem4f.oem4f (.const:ti_sysbios_knl_Task_Module__loggerFxn4__C)
                  0000bcb4    00000004     main_pem4f.oem4f (.const:ti_sysbios_knl_Task_Module__loggerObj__C)
                  0000bcb8    00000004     main_pem4f.oem4f (.const:ti_sysbios_knl_Task_Object__count__C)
                  0000bcbc    00000004     main_pem4f.oem4f (.const:ti_sysbios_knl_Task_Object__heap__C)
                  0000bcc0    00000004     main_pem4f.oem4f (.const:ti_sysbios_knl_Task_allBlockedFunc__C)
                  0000bcc4    00000004     main_pem4f.oem4f (.const:ti_sysbios_knl_Task_numConstructedTasks__C)
                  0000bcc8    00000004     main_pem4f.oem4f (.const:ti_sysbios_utils_Load_LS_cpuLoad__C)
                  0000bccc    00000004     main_pem4f.oem4f (.const:ti_sysbios_utils_Load_LS_hwiLoad__C)
                  0000bcd0    00000004     main_pem4f.oem4f (.const:ti_sysbios_utils_Load_LS_taskLoad__C)
                  0000bcd4    00000004     main_pem4f.oem4f (.const:ti_sysbios_utils_Load_Module_State_taskList__O)
                  0000bcd8    00000004     main_pem4f.oem4f (.const:ti_sysbios_utils_Load_Module__diagsEnabled__C)
                  0000bcdc    00000004     main_pem4f.oem4f (.const:ti_sysbios_utils_Load_Module__diagsIncluded__C)
                  0000bce0    00000004     main_pem4f.oem4f (.const:ti_sysbios_utils_Load_Module__diagsMask__C)
                  0000bce4    00000004     main_pem4f.oem4f (.const:ti_sysbios_utils_Load_Module__loggerFxn1__C)
                  0000bce8    00000004     main_pem4f.oem4f (.const:ti_sysbios_utils_Load_Module__loggerFxn2__C)
                  0000bcec    00000004     main_pem4f.oem4f (.const:ti_sysbios_utils_Load_Module__loggerFxn4__C)
                  0000bcf0    00000004     main_pem4f.oem4f (.const:ti_sysbios_utils_Load_Module__loggerObj__C)
                  0000bcf4    00000004     main_pem4f.oem4f (.const:ti_sysbios_utils_Load_postUpdate__C)
                  0000bcf8    00000004     main_pem4f.oem4f (.const:ti_sysbios_utils_Load_windowInMs__C)
                  0000bcfc    00000004     main_pem4f.oem4f (.const:ti_uia_runtime_ILoggerSnapshot_Interface__BASE__C)
                  0000bd00    00000004     main_pem4f.oem4f (.const:ti_uia_runtime_IUIATransfer_Interface__BASE__C)
                  0000bd04    00000004     main_pem4f.oem4f (.const:ti_uia_runtime_LoggerStopMode_E_badLevel__C)
                  0000bd08    00000004     main_pem4f.oem4f (.const:ti_uia_runtime_LoggerStopMode_Object__count__C)
                  0000bd0c    00000004     main_pem4f.oem4f (.const:ti_uia_runtime_LoggerStopMode_overflowLogger__C)
                  0000bd10    00000004     main_pem4f.oem4f (.const:ti_uia_runtime_LoggerStopMode_statusLogger__C)
                  0000bd14    00000004     main_pem4f.oem4f (.const:xdc_runtime_Assert_E_assertFailed__C)
                  0000bd18    00000004     main_pem4f.oem4f (.const:xdc_runtime_Core_A_initializedParams__C)
                  0000bd1c    00000004     main_pem4f.oem4f (.const:xdc_runtime_Core_Module__diagsEnabled__C)
                  0000bd20    00000004     main_pem4f.oem4f (.const:xdc_runtime_Core_Module__diagsIncluded__C)
                  0000bd24    00000004     main_pem4f.oem4f (.const:xdc_runtime_Core_Module__diagsMask__C)
                  0000bd28    00000004     main_pem4f.oem4f (.const:xdc_runtime_Error_E_generic__C)
                  0000bd2c    00000004     main_pem4f.oem4f (.const:xdc_runtime_Error_E_memory__C)
                  0000bd30    00000004     main_pem4f.oem4f (.const:xdc_runtime_Error_Module__diagsEnabled__C)
                  0000bd34    00000004     main_pem4f.oem4f (.const:xdc_runtime_Error_Module__diagsIncluded__C)
                  0000bd38    00000004     main_pem4f.oem4f (.const:xdc_runtime_Error_Module__diagsMask__C)
                  0000bd3c    00000004     main_pem4f.oem4f (.const:xdc_runtime_Error_Module__loggerFxn8__C)
                  0000bd40    00000004     main_pem4f.oem4f (.const:xdc_runtime_Error_Module__loggerObj__C)
                  0000bd44    00000004     main_pem4f.oem4f (.const:xdc_runtime_Error_raiseHook__C)
                  0000bd48    00000004     main_pem4f.oem4f (.const:xdc_runtime_IFilterLogger_Interface__BASE__C)
                  0000bd4c    00000004     main_pem4f.oem4f (.const:xdc_runtime_IGateProvider_Interface__BASE__C)
                  0000bd50    00000004     main_pem4f.oem4f (.const:xdc_runtime_IHeap_Interface__BASE__C)
                  0000bd54    00000004     main_pem4f.oem4f (.const:xdc_runtime_ILogger_Interface__BASE__C)
                  0000bd58    00000004     main_pem4f.oem4f (.const:xdc_runtime_IModule_Interface__BASE__C)
                  0000bd5c    00000004     main_pem4f.oem4f (.const:xdc_runtime_Log_L_error__C)
                  0000bd60    00000004     main_pem4f.oem4f (.const:xdc_runtime_Log_L_warning__C)
                  0000bd64    00000004     main_pem4f.oem4f (.const:xdc_runtime_Main_Module__diagsEnabled__C)
                  0000bd68    00000004     main_pem4f.oem4f (.const:xdc_runtime_Main_Module__diagsIncluded__C)
                  0000bd6c    00000004     main_pem4f.oem4f (.const:xdc_runtime_Main_Module__diagsMask__C)
                  0000bd70    00000004     main_pem4f.oem4f (.const:xdc_runtime_Main_Module__loggerFxn2__C)
                  0000bd74    00000004     main_pem4f.oem4f (.const:xdc_runtime_Main_Module__loggerFxn4__C)
                  0000bd78    00000004     main_pem4f.oem4f (.const:xdc_runtime_Main_Module__loggerFxn8__C)
                  0000bd7c    00000004     main_pem4f.oem4f (.const:xdc_runtime_Main_Module__loggerObj__C)
                  0000bd80    00000004     main_pem4f.oem4f (.const:xdc_runtime_Memory_defaultHeapInstance__C)
                  0000bd84    00000004     main_pem4f.oem4f (.const:xdc_runtime_Startup_execImpl__C)
                  0000bd88    00000004     main_pem4f.oem4f (.const:xdc_runtime_Startup_maxPasses__C)
                  0000bd8c    00000004     main_pem4f.oem4f (.const:xdc_runtime_Startup_sfxnRts__C)
                  0000bd90    00000004     main_pem4f.oem4f (.const:xdc_runtime_Startup_sfxnTab__C)
                  0000bd94    00000004     main_pem4f.oem4f (.const:xdc_runtime_SysMin_bufSize__C)
                  0000bd98    00000004     main_pem4f.oem4f (.const:xdc_runtime_SysMin_outputFunc__C)
                  0000bd9c    00000004     main_pem4f.oem4f (.const:xdc_runtime_System_Module__gateObj__C)
                  0000bda0    00000004     main_pem4f.oem4f (.const:xdc_runtime_System_extendFxn__C)
                  0000bda4    00000004     main_pem4f.oem4f (.const:xdc_runtime_System_maxAtexitHandlers__C)
                  0000bda8    00000004     main_pem4f.oem4f (.const:xdc_runtime_Text_charTab__C)
                  0000bdac    00000004     main_pem4f.oem4f (.const:xdc_runtime_Text_nameEmpty__C)
                  0000bdb0    00000004     main_pem4f.oem4f (.const:xdc_runtime_Text_nameStatic__C)
                  0000bdb4    00000004     main_pem4f.oem4f (.const:xdc_runtime_Text_nameUnknown__C)
                  0000bdb8    00000004     main_pem4f.oem4f (.const:xdc_runtime_Text_nodeTab__C)
                  0000bdbc    00000004     main_pem4f.oem4f (.const:xdc_runtime_Text_visitRopeFxn__C)
                  0000bdc0    00000002     main_pem4f.oem4f (.const:ti_sysbios_family_arm_lm4_TimestampProvider_useClockTimer__C)
                  0000bdc2    00000002     main_pem4f.oem4f (.const:ti_sysbios_family_arm_m3_Hwi_Module__id__C)
                  0000bdc4    00000002     main_pem4f.oem4f (.const:ti_sysbios_family_arm_m3_Hwi_Module__loggerDefined__C)
                  0000bdc6    00000002     main_pem4f.oem4f (.const:ti_sysbios_gates_GateMutex_Module__id__C)
                  0000bdc8    00000002     main_pem4f.oem4f (.const:ti_sysbios_hal_Hwi_Module__id__C)
                  0000bdca    00000002     main_pem4f.oem4f (.const:ti_sysbios_heaps_HeapMem_Module__id__C)
                  0000bdcc    00000002     main_pem4f.oem4f (.const:ti_sysbios_io_DEV_Module__id__C)
                  0000bdce    00000002     main_pem4f.oem4f (.const:ti_sysbios_knl_Clock_Module__id__C)
                  0000bdd0    00000002     main_pem4f.oem4f (.const:ti_sysbios_knl_Clock_Module__loggerDefined__C)
                  0000bdd2    00000002     main_pem4f.oem4f (.const:ti_sysbios_knl_Semaphore_Module__id__C)
                  0000bdd4    00000002     main_pem4f.oem4f (.const:ti_sysbios_knl_Semaphore_Module__loggerDefined__C)
                  0000bdd6    00000002     main_pem4f.oem4f (.const:ti_sysbios_knl_Swi_Module__id__C)
                  0000bdd8    00000002     main_pem4f.oem4f (.const:ti_sysbios_knl_Swi_Module__loggerDefined__C)
                  0000bdda    00000002     main_pem4f.oem4f (.const:ti_sysbios_knl_Task_Module__id__C)
                  0000bddc    00000002     main_pem4f.oem4f (.const:ti_sysbios_knl_Task_Module__loggerDefined__C)
                  0000bdde    00000002     main_pem4f.oem4f (.const:ti_sysbios_knl_Task_initStackFlag__C)
                  0000bde0    00000002     main_pem4f.oem4f (.const:ti_sysbios_utils_Load_Module__id__C)
                  0000bde2    00000002     main_pem4f.oem4f (.const:ti_sysbios_utils_Load_Module__loggerDefined__C)
                  0000bde4    00000002     main_pem4f.oem4f (.const:ti_sysbios_utils_Load_autoAddTasks__C)
                  0000bde6    00000002     main_pem4f.oem4f (.const:ti_sysbios_utils_Load_hwiEnabled__C)
                  0000bde8    00000002     main_pem4f.oem4f (.const:ti_sysbios_utils_Load_updateInIdle__C)
                  0000bdea    00000002     main_pem4f.oem4f (.const:ti_uia_runtime_LoggerStopMode_Module__id__C)
                  0000bdec    00000002     main_pem4f.oem4f (.const:ti_uia_runtime_LoggerStopMode_filterByLevel__C)
                  0000bdee    00000002     main_pem4f.oem4f (.const:ti_uia_runtime_LoggerStopMode_isTimestampEnabled__C)
                  0000bdf0    00000002     main_pem4f.oem4f (.const:xdc_runtime_Core_Module__id__C)
                  0000bdf2    00000002     main_pem4f.oem4f (.const:xdc_runtime_Error_Module__loggerDefined__C)
                  0000bdf4    00000002     main_pem4f.oem4f (.const:xdc_runtime_Error_maxDepth__C)
                  0000bdf6    00000002     main_pem4f.oem4f (.const:xdc_runtime_Main_Module__id__C)
                  0000bdf8    00000002     main_pem4f.oem4f (.const:xdc_runtime_Main_Module__loggerDefined__C)
                  0000bdfa    00000002     main_pem4f.oem4f (.const:xdc_runtime_Memory_Module__id__C)
                  0000bdfc    00000002     main_pem4f.oem4f (.const:xdc_runtime_SysMin_flushAtExit__C)
                  0000bdfe    00000002     main_pem4f.oem4f (.const:xdc_runtime_Text_charCnt__C)
                  0000be00    00000002     main_pem4f.oem4f (.const:xdc_runtime_Text_isLoaded__C)
                  0000be02    00000002     main_pem4f.oem4f (.const:xdc_runtime_Text_registryModsLastId__C)
                  0000be04    00000002     main_pem4f.oem4f (.const:xdc_runtime_Text_unnamedModsLastId__C)

.cinit     0    0000be08    000005d8     
                  0000be08    000005a1     (.cinit..data.load) [load image, compression = rle]
                  0000c3a9    00000003     --HOLE-- [fill = 0]
                  0000c3ac    0000000c     (__TI_handler_table)
                  0000c3b8    00000008     (.cinit..bss.load) [load image, compression = zero_init]
                  0000c3c0    00000008     (.cinit..vecs.load) [load image, compression = zero_init]
                  0000c3c8    00000018     (__TI_cinit_table)

.vecs      0    20000000    00000360     UNINITIALIZED
                  20000000    00000360     main_pem4f.oem4f (.vecs)

.bss       0    20000400    00003ff8     UNINITIALIZED
                  20000400    00001800     main_pem4f.oem4f (.bss:taskStackSection)
                  20001c00    00001000     main_pem4f.oem4f (.bss:ti_sysbios_heaps_HeapMem_Instance_State_0_buf__A)
                  20002c00    00000480     main_pem4f.oem4f (.bss:ti_uia_runtime_LoggerStopMode_Instance_State_1_bufferArray__A)
                  20003080    00000480     main_pem4f.oem4f (.bss:ti_uia_runtime_LoggerStopMode_Instance_State_2_bufferArray__A)
                  20003500    00000440     EK_LM4F120XL.obj (.bss:uartTivaObjects)
                  20003940    00000400     main_pem4f.oem4f (.bss:xdc_runtime_SysMin_Module_State_0_outbuf__A)
                  20003d40    00000280     main_pem4f.oem4f (.bss:ti_uia_runtime_LoggerStopMode_Instance_State_0_bufferArray__A)
                  20003fc0    0000001c     (.common:hwiStruct)
                  20003fdc    00000008     (.common:parmbuf)
                  20003fe4    00000008     (.common:ti_sysbios_knl_Task_Instance_State_0_hookEnv__A)
                  20003fec    00000008     (.common:ti_sysbios_knl_Task_Instance_State_1_hookEnv__A)
                  20003ff4    00000008     (.common:ti_sysbios_knl_Task_Instance_State_2_hookEnv__A)
                  20003ffc    00000004     --HOLE--
                  20004000    00000200     EK_LM4F120XL.obj (.bss:EK_LM4F120XL_DMAControlTable)
                  20004200    00000120     rtsv7M4_T_le_v4SPD16_eabi.lib : trgmsg.obj (.bss:__CIOBUF_)
                  20004320    000000d8     EK_LM4F120XL.obj (.bss:spiTivaDMAobjects)

.stack     0    200043f8    00001000     UNINITIALIZED
                  200043f8    00001000     --HOLE--

.data      0    200053f8    00000b72     UNINITIALIZED
                  200053f8    00000360     main_pem4f.oem4f (.data:ti_sysbios_family_arm_m3_Hwi_Module_State_0_dispatchTable__A)
                  20005758    000001fc     main_pem4f.oem4f (.data)
                  20005954    00000108     main_pem4f.oem4f (.data:ti_uia_runtime_LoggerStopMode_Object__table__V)
                  20005a5c    000000f0     main_pem4f.oem4f (.data:ti_sysbios_knl_Task_Object__table__V)
                  20005b4c    00000098     main_pem4f.oem4f (.data:ti_sysbios_utils_Load_Module__state__V)
                  20005be4    00000080     main_pem4f.oem4f (.data:ti_sysbios_knl_Swi_Module_State_0_readyQ__A)
                  20005c64    00000080     main_pem4f.oem4f (.data:ti_sysbios_knl_Task_Module_State_0_readyQ__A)
                  20005ce4    00000070     main_pem4f.oem4f (.data:ti_sysbios_family_arm_lm4_Timer_Object__table__V)
                  20005d54    0000005c     main_pem4f.oem4f (.data:ti_sysbios_family_arm_m3_Hwi_Module__state__V)
                  20005db0    00000054     main_pem4f.oem4f (.data:ti_sysbios_utils_Load_Module_State_0_taskEnv__A)
                  20005e04    00000044     main_pem4f.oem4f (.data:ti_sysbios_knl_Task_Module__state__V)
                  20005e48    00000038     main_pem4f.oem4f (.data:ti_sysbios_gates_GateMutex_Object__table__V)
                  20005e80    00000030     main_pem4f.oem4f (.data:ti_sysbios_family_arm_lm4_Timer_Module_State_0_device__A)
                  20005eb0    00000030     main_pem4f.oem4f (.data:ti_sysbios_family_arm_m3_Hwi_Object__table__V)
                  20005ee0    00000030     main_pem4f.oem4f (.data:ti_sysbios_knl_Swi_Object__table__V)
                  20005f10    00000028     main_pem4f.oem4f (.data:ti_sysbios_knl_Clock_Module__state__V)
                  20005f38    00000008     gpio_tivaware.aem4f : GPIO.oem4f (.data)
                  20005f40    00000008     rtsv7M4_T_le_v4SPD16_eabi.lib : _lock.obj (.data)
                  20005f48    00000008                                   : exit.obj (.data)
                  20005f50    00000008     ti.uia.runtime.aem4f : QueueDescriptor.oem4f (.data)
                  20005f58    00000004     rtsv7M4_T_le_v4SPD16_eabi.lib : dtor_list.obj (.data)
                  20005f5c    00000004                                   : stkdepth_vars.obj (.data)
                  20005f60    00000004     spi_tivaware.aem4f : SPI.oem4f (.data)
                  20005f64    00000004     uart_tivaware.aem4f : UART.oem4f (.data)
                  20005f68    00000002     EK_LM4F120XL.obj (.data)


LINKER GENERATED COPY TABLES

__TI_cinit_table @ 0000c3c8 records: 3, size/record: 8, table size: 24
	.data: load addr=0000be08, load size=000005a1 bytes, run addr=200053f8, run size=00000b72 bytes, compression=rle
	.bss: load addr=0000c3b8, load size=00000008 bytes, run addr=20000400, run size=00003ff8 bytes, compression=zero_init
	.vecs: load addr=0000c3c0, load size=00000008 bytes, run addr=20000000, run size=00000360 bytes, compression=zero_init


LINKER GENERATED HANDLER TABLE

__TI_handler_table @ 0000c3ac records: 3, size/record: 4, table size: 12
	index: 0, handler: __TI_zero_init
	index: 1, handler: __TI_decompress_rle24
	index: 2, handler: __TI_decompress_none


GLOBAL SYMBOLS: SORTED ALPHABETICALLY BY Name 

address    name
--------   ----
0000766d   C$$EXIT
00006ea3   C$$IO$$
0000650d   EK_LM4F120XL_initDMA
000063fd   EK_LM4F120XL_initGPIO
00007955   EK_LM4F120XL_initGeneral
0000531d   EK_LM4F120XL_initSPI
00004579   EK_LM4F120XL_initUART
00008251   GPIODirModeSet
00003f95   GPIOPadConfigSet
000073e9   GPIOPinConfigure
00008a49   GPIOPinTypeGPIOInput
0000885b   GPIOPinTypeGPIOOutput
00008a5b   GPIOPinTypeSSI
00008a6d   GPIOPinTypeUART
00008e31   GPIOPinWrite
0000ba3c   GPIO_config
000083bd   GPIO_init
00004fa5   GPIO_write
000013ad   HOSTclock
00001375   HOSTclose
00001337   HOSTgetenv
000012db   HOSTlseek
00001289   HOSTopen
0000123d   HOSTread
000011df   HOSTrename
000011a5   HOSTtime
0000116d   HOSTunlink
00001121   HOSTwrite
UNDEFED    SHT$$INIT_ARRAY$$Base
UNDEFED    SHT$$INIT_ARRAY$$Limit
000061c1   SPITivaDMA_close
0000b86c   SPITivaDMA_fxnTable
00008d85   SPITivaDMA_init
00000785   SPITivaDMA_open
000082a5   SPITivaDMA_serviceISR
00002709   SPITivaDMA_transfer
0000b760   SPI_config
0000ba54   SPI_defaultParams
00007b81   SPI_init
0000788d   SSIConfigSetExpClk
00008de9   SSIDMAEnable
00008a7f   SSIDataGetNonBlocking
00008d8f   SSIDisable
00008d99   SSIEnable
00008e7f   SSIIntClear
00008da3   SSIIntDisable
00008df1   SSIIntEnable
00007db1   SysCtlPeripheralEnable
20005afc   TSK_idle
00008dad   UARTCharGet
00008c4d   UARTCharGetNonBlocking
00008db7   UARTCharPut
00008c5b   UARTCharPutNonBlocking
000078cf   UARTConfigSetExpClk
000086ad   UARTDisable
000089a7   UARTEnable
00008e37   UARTFIFOLevelSet
00008e83   UARTIntClear
00008dc1   UARTIntDisable
00008df9   UARTIntEnable
00008dcb   UARTIntStatus
00005e21   UARTTiva_close
0000b848   UARTTiva_fxnTable
00008e01   UARTTiva_init
000013f5   UARTTiva_open
0000217d   UARTTiva_read
000053d9   UARTTiva_readCancel
00002d79   UARTTiva_readPolling
00001f79   UARTTiva_write
0000525d   UARTTiva_writeCancel
000031a9   UARTTiva_writePolling
00007de5   UART_Params_init
0000b548   UART_config
0000ba00   UART_defaultParams
00007bb9   UART_init
00007431   UART_open
00007e19   UART_read
00007e4d   UART_write
00000000   __ASM__
20004200   __CIOBUF_
00000073   __ISA__
00000086   __PLAT__
200053f8   __STACK_END
00001000   __STACK_SIZE
200044f8   __STACK_TOP
000000a7   __TARG__
0000c3c8   __TI_CINIT_Base
[...]
00008e61   ti_sysbios_heaps_HeapMem_isBlocking__E
00008e67   ti_sysbios_knl_Queue_Instance_init__F
00008e6d   ti_uia_runtime_LoggerStopMode_getPriority__E
00008e73   ti_uia_runtime_LoggerStopMode_getTransferType__E
00008e73   ti_uia_runtime_LoggerStopMode_getTransferType__F
00008e79   xdc_runtime_System_Module_startup__E
00008e79   xdc_runtime_System_Module_startup__F
00008e7f   SSIIntClear
00008e83   UARTIntClear
00008e87   ti_sysbios_BIOS_RtsGateProxy_enter__E
00008e8b   ti_sysbios_BIOS_RtsGateProxy_leave__E
00008e8f   ti_sysbios_family_arm_lm4_Timer_getPeriod__E
00008e93   ti_sysbios_family_arm_lm4_Timer_masterEnable__I
00008e97   ti_sysbios_family_arm_m3_TaskSupport_Module__startupDone__S
00008e9b   ti_sysbios_gates_GateHwi_query__E
00008e9b   ti_sysbios_gates_GateHwi_query__F
00008e9b   xdc_runtime_Main_Module_GateProxy_query__E
00008e9b   xdc_runtime_System_Module_GateProxy_query__E
00008e9f   ti_sysbios_BIOS_RtsGateProxy_query__E
00008e9f   ti_sysbios_gates_GateMutex_query__E
00008e9f   ti_sysbios_gates_GateMutex_query__F
00008e9f   ti_sysbios_heaps_HeapMem_Module_GateProxy_query__E
00008ea3   ti_sysbios_hal_Hwi_HwiProxy_Module__startupDone__S
00008ea7   ti_sysbios_hal_Timer_TimerProxy_Module__startupDone__S
00008eab   ti_sysbios_hal_Timer_TimerProxy_getPeriod__E
00008eaf   ti_sysbios_heaps_HeapMem_Module_GateProxy_enter__E
00008eb3   ti_sysbios_heaps_HeapMem_Module_GateProxy_leave__E
00008eb7   ti_sysbios_knl_Task_SupportProxy_Module__startupDone__S
00008ebb   ti_sysbios_knl_Task_startup__E
00008ebf   ti_uia_runtime_LogSync_CpuTimestampProxy_Module__startupDone__S
00008ec3   ti_uia_runtime_LogSync_GlobalTimestampProxy_Module__startupDone__S
00008ec7   ti_uia_runtime_LoggerStopMode_getInstanceId__E
00008ecb   ti_uia_runtime_LoggerStopMode_getMaxLength__E
00008ecf   ti_uia_runtime_LoggerStopMode_setPriority__E
00008ed3   xdc_runtime_Error_getSite__E
00008ed3   xdc_runtime_Error_getSite__F
00008ed7   xdc_runtime_Memory_HeapProxy_alloc__E
00008edb   xdc_runtime_Memory_HeapProxy_free__E
00008edf   xdc_runtime_System_Module_GateProxy_enter__E
00008ee3   xdc_runtime_System_Module_GateProxy_leave__E
00008ee7   xdc_runtime_System_aprintf_va__F
00008eeb   xdc_runtime_System_printf_va__F
00008eef   xdc_runtime_System_vsnprintf__E
00008ef3   xdc_runtime_TimestampNull_Module__startupDone__S
00008ef7   xdc_runtime_Timestamp_Module__startupDone__S
00008efc   xdc_runtime_Text_charTab__A
0000b2a3   xdc_runtime_Error_policy__C
0000b2a4   xdc_runtime_Text_nodeTab__A
0000b3e0   ti_sysbios_family_arm_m3_Hwi_priorities__A
0000b548   UART_config
0000b5b4   ti_uia_runtime_LoggerStopMode_Module__FXNS__C
0000b614   spiTivaDMAHWAttrs
0000b6b0   uartTivaHWAttrs
0000b6f0   gpioHWAttrs
0000b72c   xdc_runtime_Startup_sfxnTab__A
0000b760   SPI_config
0000b790   ti_sysbios_family_arm_m3_Hwi_Object__PARAMS__C
0000b7c0   ti_sysbios_knl_Task_hooks__A
0000b7f0   ti_uia_runtime_LoggerStopMode_Object__PARAMS__C
0000b820   ti_sysbios_heaps_HeapMem_Module__FXNS__C
0000b848   UARTTiva_fxnTable
0000b86c   SPITivaDMA_fxnTable
0000b880   dmaTxConfig
0000b888   dmaRxConfig
0000b890   ti_sysbios_gates_GateHwi_Module__FXNS__C
0000b8b4   ti_sysbios_gates_GateMutex_Module__FXNS__C
0000b8d8   ti_sysbios_heaps_HeapMem_Object__PARAMS__C
0000b8fc   ti_sysbios_knl_Semaphore_Object__PARAMS__C
0000b920   ti_sysbios_family_arm_m3_Hwi_Object__DESC__C
0000b940   ti_sysbios_gates_GateHwi_Object__DESC__C
0000b960   ti_sysbios_gates_GateMutex_Object__DESC__C
0000b980   ti_sysbios_heaps_HeapMem_Object__DESC__C
0000b9a0   ti_sysbios_knl_Queue_Object__DESC__C
0000b9c0   ti_sysbios_knl_Semaphore_Object__DESC__C
0000b9e0   ti_uia_runtime_LoggerStopMode_Object__DESC__C
0000ba00   UART_defaultParams
0000ba20   xdc_runtime_Startup_sfxnRts__A
0000ba3a   ti_catalog_arm_cortexm4_tiva_ce_Boot_Module__id__C
0000ba3c   GPIO_config
0000ba54   SPI_defaultParams
0000ba6c   ti_sysbios_gates_GateHwi_Object__PARAMS__C
0000ba84   ti_sysbios_gates_GateMutex_Object__PARAMS__C
0000ba9c   ti_sysbios_knl_Queue_Object__PARAMS__C
0000bab4   xdc_runtime_Startup_firstFxns__A
0000bada   ti_sysbios_BIOS_Module__id__C
0000badc   ti_sysbios_family_arm_m3_Hwi_excHookFuncs__A
0000bae4   ti_sysbios_knl_Idle_coreList__A
0000baec   ti_sysbios_knl_Idle_coreList__C
0000baf4   ti_sysbios_knl_Idle_funcList__A
0000bafc   ti_sysbios_knl_Idle_funcList__C
0000bb04   ti_sysbios_knl_Task_hooks__C
0000bb0c   xdc_runtime_Startup_firstFxns__C
0000bb14   xdc_runtime_Startup_lastFxns__A
0000bb1c   xdc_runtime_Startup_lastFxns__C
0000bb24   ti_catalog_arm_cortexm4_tiva_ce_Boot_A_mustUseEnhancedClockMode__C
0000bb28   ti_catalog_arm_cortexm4_tiva_ce_Boot_Module__diagsEnabled__C
0000bb2c   ti_catalog_arm_cortexm4_tiva_ce_Boot_Module__diagsIncluded__C
0000bb30   ti_catalog_arm_cortexm4_tiva_ce_Boot_Module__diagsMask__C
0000bb34   ti_sysbios_BIOS_Module__diagsEnabled__C
0000bb38   ti_sysbios_BIOS_Module__diagsIncluded__C
0000bb3c   ti_sysbios_BIOS_Module__diagsMask__C
0000bb40   ti_sysbios_BIOS_installedErrorHook__C
0000bb44   ti_sysbios_family_arm_lm4_Timer_enableFunc__C
0000bb48   ti_sysbios_family_arm_lm4_Timer_numTimerDevices__C
0000bb4c   ti_sysbios_family_arm_lm4_Timer_startupNeeded__C
0000bb50   ti_sysbios_family_arm_m3_Hwi_E_NMI__C
0000bb54   ti_sysbios_family_arm_m3_Hwi_E_alreadyDefined__C
0000bb58   ti_sysbios_family_arm_m3_Hwi_E_busFault__C
0000bb5c   ti_sysbios_family_arm_m3_Hwi_E_debugMon__C
0000bb60   ti_sysbios_family_arm_m3_Hwi_E_hardFault__C
0000bb64   ti_sysbios_family_arm_m3_Hwi_E_memFault__C
0000bb68   ti_sysbios_family_arm_m3_Hwi_E_noIsr__C
0000bb6c   ti_sysbios_family_arm_m3_Hwi_E_reserved__C
0000bb70   ti_sysbios_family_arm_m3_Hwi_E_svCall__C
0000bb74   ti_sysbios_family_arm_m3_Hwi_E_usageFault__C
0000bb78   ti_sysbios_family_arm_m3_Hwi_LD_end__C
0000bb7c   ti_sysbios_family_arm_m3_Hwi_LM_begin__C
0000bb80   ti_sysbios_family_arm_m3_Hwi_Module__diagsEnabled__C
0000bb84   ti_sysbios_family_arm_m3_Hwi_Module__diagsIncluded__C
0000bb88   ti_sysbios_family_arm_m3_Hwi_Module__diagsMask__C
0000bb8c   ti_sysbios_family_arm_m3_Hwi_Module__loggerFxn1__C
0000bb90   ti_sysbios_family_arm_m3_Hwi_Module__loggerFxn8__C
0000bb94   ti_sysbios_family_arm_m3_Hwi_Module__loggerObj__C
0000bb98   ti_sysbios_family_arm_m3_Hwi_NUM_INTERRUPTS__C
0000bb9c   ti_sysbios_family_arm_m3_Hwi_ccr__C
0000bba0   ti_sysbios_family_arm_m3_Hwi_dispatchTable__C
0000bba4   ti_sysbios_family_arm_m3_Hwi_excHandlerFunc__C
0000bba8   ti_sysbios_family_arm_m3_Hwi_excHookFuncs__C
0000bbac   ti_sysbios_family_arm_m3_Hwi_priGroup__C
0000bbb0   ti_sysbios_family_arm_m3_Hwi_priorities__C
0000bbb4   ti_sysbios_gates_GateMutex_A_badContext__C
0000bbb8   ti_sysbios_gates_GateMutex_Instance_State_sem__O
0000bbbc   ti_sysbios_gates_GateMutex_Module__diagsEnabled__C
0000bbc0   ti_sysbios_gates_GateMutex_Module__diagsIncluded__C
0000bbc4   ti_sysbios_gates_GateMutex_Module__diagsMask__C
0000bbc8   ti_sysbios_hal_Hwi_E_stackOverflow__C
0000bbcc   ti_sysbios_heaps_HeapMem_A_align__C
0000bbd0   ti_sysbios_heaps_HeapMem_A_heapSize__C
0000bbd4   ti_sysbios_heaps_HeapMem_A_invalidFree__C
0000bbd8   ti_sysbios_heaps_HeapMem_A_zeroBlock__C
0000bbdc   ti_sysbios_heaps_HeapMem_E_memory__C
0000bbe0   ti_sysbios_heaps_HeapMem_Module__diagsEnabled__C
0000bbe4   ti_sysbios_heaps_HeapMem_Module__diagsIncluded__C
0000bbe8   ti_sysbios_heaps_HeapMem_Module__diagsMask__C
0000bbec   ti_sysbios_heaps_HeapMem_Module__gateObj__C
0000bbf0   ti_sysbios_heaps_HeapMem_Object__count__C
0000bbf4   ti_sysbios_heaps_HeapMem_reqAlign__C
0000bbf8   ti_sysbios_io_DEV_Object__count__C
0000bbfc   ti_sysbios_io_DEV_tableSize__C
0000bc00   ti_sysbios_knl_Clock_LM_begin__C
0000bc04   ti_sysbios_knl_Clock_LM_tick__C
0000bc08   ti_sysbios_knl_Clock_LW_delayed__C
0000bc0c   ti_sysbios_knl_Clock_Module_State_clockQ__O
0000bc10   ti_sysbios_knl_Clock_Module__diagsEnabled__C
0000bc14   ti_sysbios_knl_Clock_Module__diagsIncluded__C
0000bc18   ti_sysbios_knl_Clock_Module__diagsMask__C
0000bc1c   ti_sysbios_knl_Clock_Module__loggerFxn1__C
0000bc20   ti_sysbios_knl_Clock_Module__loggerFxn2__C
0000bc24   ti_sysbios_knl_Clock_Module__loggerObj__C
0000bc28   ti_sysbios_knl_Semaphore_A_badContext__C
0000bc2c   ti_sysbios_knl_Semaphore_A_noEvents__C
0000bc30   ti_sysbios_knl_Semaphore_A_overflow__C
0000bc34   ti_sysbios_knl_Semaphore_A_pendTaskDisabled__C
0000bc38   ti_sysbios_knl_Semaphore_Instance_State_pendQ__O
0000bc3c   ti_sysbios_knl_Semaphore_LM_pend__C
0000bc40   ti_sysbios_knl_Semaphore_LM_post__C
0000bc44   ti_sysbios_knl_Semaphore_Module__diagsEnabled__C
0000bc48   ti_sysbios_knl_Semaphore_Module__diagsIncluded__C
0000bc4c   ti_sysbios_knl_Semaphore_Module__diagsMask__C
0000bc50   ti_sysbios_knl_Semaphore_Module__loggerFxn2__C
0000bc54   ti_sysbios_knl_Semaphore_Module__loggerFxn4__C
0000bc58   ti_sysbios_knl_Semaphore_Module__loggerObj__C
0000bc5c   ti_sysbios_knl_Swi_LD_end__C
0000bc60   ti_sysbios_knl_Swi_LM_begin__C
0000bc64   ti_sysbios_knl_Swi_LM_post__C
0000bc68   ti_sysbios_knl_Swi_Module__diagsEnabled__C
0000bc6c   ti_sysbios_knl_Swi_Module__diagsIncluded__C
0000bc70   ti_sysbios_knl_Swi_Module__diagsMask__C
0000bc74   ti_sysbios_knl_Swi_Module__loggerFxn1__C
0000bc78   ti_sysbios_knl_Swi_Module__loggerFxn4__C
0000bc7c   ti_sysbios_knl_Swi_Module__loggerObj__C
0000bc80   ti_sysbios_knl_Swi_Object__count__C
0000bc84   ti_sysbios_knl_Task_E_spOutOfBounds__C
0000bc88   ti_sysbios_knl_Task_E_stackOverflow__C
0000bc8c   ti_sysbios_knl_Task_LD_block__C
0000bc90   ti_sysbios_knl_Task_LD_exit__C
0000bc94   ti_sysbios_knl_Task_LD_ready__C
0000bc98   ti_sysbios_knl_Task_LM_switch__C
0000bc9c   ti_sysbios_knl_Task_Module_State_inactiveQ__O
0000bca0   ti_sysbios_knl_Task_Module__diagsEnabled__C
0000bca4   ti_sysbios_knl_Task_Module__diagsIncluded__C
0000bca8   ti_sysbios_knl_Task_Module__diagsMask__C
0000bcac   ti_sysbios_knl_Task_Module__loggerFxn2__C
0000bcb0   ti_sysbios_knl_Task_Module__loggerFxn4__C
0000bcb4   ti_sysbios_knl_Task_Module__loggerObj__C
0000bcb8   ti_sysbios_knl_Task_Object__count__C
0000bcbc   ti_sysbios_knl_Task_Object__heap__C
0000bcc0   ti_sysbios_knl_Task_allBlockedFunc__C
0000bcc4   ti_sysbios_knl_Task_numConstructedTasks__C
0000bcc8   ti_sysbios_utils_Load_LS_cpuLoad__C
0000bccc   ti_sysbios_utils_Load_LS_hwiLoad__C
0000bcd0   ti_sysbios_utils_Load_LS_taskLoad__C
0000bcd4   ti_sysbios_utils_Load_Module_State_taskList__O
0000bcd8   ti_sysbios_utils_Load_Module__diagsEnabled__C
0000bcdc   ti_sysbios_utils_Load_Module__diagsIncluded__C
0000bce0   ti_sysbios_utils_Load_Module__diagsMask__C
0000bce4   ti_sysbios_utils_Load_Module__loggerFxn1__C
0000bce8   ti_sysbios_utils_Load_Module__loggerFxn2__C
0000bcec   ti_sysbios_utils_Load_Module__loggerFxn4__C
0000bcf0   ti_sysbios_utils_Load_Module__loggerObj__C
0000bcf4   ti_sysbios_utils_Load_postUpdate__C
0000bcf8   ti_sysbios_utils_Load_windowInMs__C
0000bcfc   ti_uia_runtime_ILoggerSnapshot_Interface__BASE__C
0000bd00   ti_uia_runtime_IUIATransfer_Interface__BASE__C
0000bd04   ti_uia_runtime_LoggerStopMode_E_badLevel__C
0000bd08   ti_uia_runtime_LoggerStopMode_Object__count__C
0000bd0c   ti_uia_runtime_LoggerStopMode_overflowLogger__C
0000bd10   ti_uia_runtime_LoggerStopMode_statusLogger__C
0000bd14   xdc_runtime_Assert_E_assertFailed__C
0000bd18   xdc_runtime_Core_A_initializedParams__C
0000bd1c   xdc_runtime_Core_Module__diagsEnabled__C
0000bd20   xdc_runtime_Core_Module__diagsIncluded__C
0000bd24   xdc_runtime_Core_Module__diagsMask__C
0000bd28   xdc_runtime_Error_E_generic__C
0000bd2c   xdc_runtime_Error_E_memory__C
0000bd30   xdc_runtime_Error_Module__diagsEnabled__C
0000bd34   xdc_runtime_Error_Module__diagsIncluded__C
0000bd38   xdc_runtime_Error_Module__diagsMask__C
0000bd3c   xdc_runtime_Error_Module__loggerFxn8__C
0000bd40   xdc_runtime_Error_Module__loggerObj__C
0000bd44   xdc_runtime_Error_raiseHook__C
0000bd48   xdc_runtime_IFilterLogger_Interface__BASE__C
0000bd4c   xdc_runtime_IGateProvider_Interface__BASE__C
0000bd50   xdc_runtime_IHeap_Interface__BASE__C
0000bd54   xdc_runtime_ILogger_Interface__BASE__C
0000bd58   xdc_runtime_IModule_Interface__BASE__C
0000bd5c   xdc_runtime_Log_L_error__C
0000bd60   xdc_runtime_Log_L_warning__C
0000bd64   xdc_runtime_Main_Module__diagsEnabled__C
0000bd68   xdc_runtime_Main_Module__diagsIncluded__C
0000bd6c   xdc_runtime_Main_Module__diagsMask__C
0000bd70   xdc_runtime_Main_Module__loggerFxn2__C
0000bd74   xdc_runtime_Main_Module__loggerFxn4__C
0000bd78   xdc_runtime_Main_Module__loggerFxn8__C
0000bd7c   xdc_runtime_Main_Module__loggerObj__C
0000bd80   xdc_runtime_Memory_defaultHeapInstance__C
0000bd84   xdc_runtime_Startup_execImpl__C
0000bd88   xdc_runtime_Startup_maxPasses__C
0000bd8c   xdc_runtime_Startup_sfxnRts__C
0000bd90   xdc_runtime_Startup_sfxnTab__C
0000bd94   xdc_runtime_SysMin_bufSize__C
0000bd98   xdc_runtime_SysMin_outputFunc__C
0000bd9c   xdc_runtime_System_Module__gateObj__C
0000bda0   xdc_runtime_System_extendFxn__C
0000bda4   xdc_runtime_System_maxAtexitHandlers__C
0000bda8   xdc_runtime_Text_charTab__C
0000bdac   xdc_runtime_Text_nameEmpty__C
0000bdb0   xdc_runtime_Text_nameStatic__C
0000bdb4   xdc_runtime_Text_nameUnknown__C
0000bdb8   xdc_runtime_Text_nodeTab__C
0000bdbc   xdc_runtime_Text_visitRopeFxn__C
0000bdc0   ti_sysbios_family_arm_lm4_TimestampProvider_useClockTimer__C
0000bdc2   ti_sysbios_family_arm_m3_Hwi_Module__id__C
0000bdc4   ti_sysbios_family_arm_m3_Hwi_Module__loggerDefined__C
0000bdc6   ti_sysbios_gates_GateMutex_Module__id__C
0000bdc8   ti_sysbios_hal_Hwi_Module__id__C
0000bdca   ti_sysbios_heaps_HeapMem_Module__id__C
0000bdcc   ti_sysbios_io_DEV_Module__id__C
0000bdce   ti_sysbios_knl_Clock_Module__id__C
0000bdd0   ti_sysbios_knl_Clock_Module__loggerDefined__C
0000bdd2   ti_sysbios_knl_Semaphore_Module__id__C
0000bdd4   ti_sysbios_knl_Semaphore_Module__loggerDefined__C
0000bdd6   ti_sysbios_knl_Swi_Module__id__C
0000bdd8   ti_sysbios_knl_Swi_Module__loggerDefined__C
0000bdda   ti_sysbios_knl_Task_Module__id__C
0000bddc   ti_sysbios_knl_Task_Module__loggerDefined__C
0000bdde   ti_sysbios_knl_Task_initStackFlag__C
0000bde0   ti_sysbios_utils_Load_Module__id__C
0000bde2   ti_sysbios_utils_Load_Module__loggerDefined__C
0000bde4   ti_sysbios_utils_Load_autoAddTasks__C
0000bde6   ti_sysbios_utils_Load_hwiEnabled__C
0000bde8   ti_sysbios_utils_Load_updateInIdle__C
0000bdea   ti_uia_runtime_LoggerStopMode_Module__id__C
0000bdec   ti_uia_runtime_LoggerStopMode_filterByLevel__C
0000bdee   ti_uia_runtime_LoggerStopMode_isTimestampEnabled__C
0000bdf0   xdc_runtime_Core_Module__id__C
0000bdf2   xdc_runtime_Error_Module__loggerDefined__C
0000bdf4   xdc_runtime_Error_maxDepth__C
0000bdf6   xdc_runtime_Main_Module__id__C
0000bdf8   xdc_runtime_Main_Module__loggerDefined__C
0000bdfa   xdc_runtime_Memory_Module__id__C
0000bdfc   xdc_runtime_SysMin_flushAtExit__C
0000bdfe   xdc_runtime_Text_charCnt__C
0000be00   xdc_runtime_Text_isLoaded__C
0000be02   xdc_runtime_Text_registryModsLastId__C
0000be04   xdc_runtime_Text_unnamedModsLastId__C
0000c3ac   __TI_Handler_Table_Base
0000c3b8   __TI_Handler_Table_Limit
0000c3c8   __TI_CINIT_Base
0000c3e0   __TI_CINIT_Limit
20000000   ti_sysbios_family_arm_m3_Hwi_ramVectors
20000400   ti_sysbios_knl_Task_Instance_State_0_stack__A
20000c00   ti_sysbios_knl_Task_Instance_State_1_stack__A
20001400   ti_sysbios_knl_Task_Instance_State_2_stack__A
20001c00   ti_sysbios_heaps_HeapMem_Instance_State_0_buf__A
20002c00   ti_uia_runtime_LoggerStopMode_Instance_State_1_bufferArray__A
20003080   ti_uia_runtime_LoggerStopMode_Instance_State_2_bufferArray__A
20003500   uartTivaObjects
20003940   xdc_runtime_SysMin_Module_State_0_outbuf__A
20003d40   ti_uia_runtime_LoggerStopMode_Instance_State_0_bufferArray__A
20003fe4   ti_sysbios_knl_Task_Instance_State_0_hookEnv__A
20003fec   ti_sysbios_knl_Task_Instance_State_1_hookEnv__A
20003ff4   ti_sysbios_knl_Task_Instance_State_2_hookEnv__A
20004200   __CIOBUF_
20004320   spiTivaDMAobjects
200043f8   __stack
200044f8   __STACK_TOP
200053f8   __STACK_END
200053f8   ti_sysbios_family_arm_m3_Hwi_Module_State_0_dispatchTable__A
20005758   ti_sysbios_BIOS_Module__state__V
20005778   ti_sysbios_family_arm_lm4_Timer_Module__root__V
20005780   ti_sysbios_family_arm_lm4_Timer_Module_State_0_handles__A
20005798   ti_sysbios_family_arm_lm4_Timer_Module__state__V
200057a4   ti_sysbios_family_arm_lm4_TimestampProvider_Module__state__V
200057ac   ti_sysbios_family_arm_m3_Hwi_Module__root__V
200057b4   ti_sysbios_family_arm_m3_Hwi_Module_State_0_excActive__A
200057b8   ti_sysbios_family_arm_m3_Hwi_Module_State_0_excContext__A
200057bc   ti_sysbios_family_arm_m3_Hwi_Module_State_0_excStack__A
200057c0   ti_sysbios_gates_GateHwi_Module__root__V
200057c8   ti_sysbios_gates_GateHwi_Object__table__V
200057cc   ti_sysbios_gates_GateMutex_Module__root__V
200057d4   ti_sysbios_hal_Hwi_Module__root__V
200057dc   ti_sysbios_hal_Timer_Module__root__V
200057e4   ti_sysbios_hal_Timer_Object__table__V
200057ec   ti_sysbios_heaps_HeapMem_Module__root__V
200057f4   ti_sysbios_heaps_HeapMem_Object__table__V
2000580c   ti_sysbios_io_DEV_Module__root__V
20005814   ti_sysbios_io_DEV_Module_State_0_table__A
20005834   ti_sysbios_io_DEV_Module__state__V
20005838   ti_sysbios_io_GIO_Module__root__V
20005840   ti_sysbios_knl_Clock_Module__root__V
20005848   ti_sysbios_knl_Event_Module__root__V
20005854   ti_sysbios_knl_Queue_Module__root__V
2000585c   ti_sysbios_knl_Semaphore_Module__root__V
20005868   ti_sysbios_knl_Swi_Module__root__V
20005870   ti_sysbios_knl_Swi_Module__state__V
2000588c   ti_sysbios_knl_Task_Module__root__V
20005898   ti_sysbios_knl_Task_Module_State_0_idleTask__A
2000589c   ti_sysbios_utils_Load_Module__root__V
200058a0   ti_sysbios_utils_Load_Module_State_0_taskStartTime__A
200058a4   ti_sysbios_utils_Load_Module_State_0_runningTask__A
200058a8   ti_sysbios_xdcruntime_SemThreadSupport_Module__root__V
200058b0   ti_uia_runtime_LogSync_Module__root__V
200058b8   ti_uia_runtime_LogSync_Module__state__V
200058c4   ti_uia_runtime_LoggerStopMode_Module__root__V
200058cc   ti_uia_runtime_LoggerStopMode_Module__state__V
200058d4   ti_uia_runtime_QueueDescriptor_Module__state__V
200058e0   xdc_runtime_Error_Module__state__V
200058e2   xdc_runtime_Main_Module__root__V
200058e4   xdc_runtime_Memory_Module__state__V
200058e8   xdc_runtime_Registry_Module__state__V
200058f0   xdc_runtime_Startup_Module__state__V
200058f8   xdc_runtime_SysMin_Module__state__V
20005904   xdc_runtime_System_Module_State_0_atexitHandlers__A
20005924   xdc_runtime_System_Module__state__V
20005930   xdc_runtime_Text_Module__state__V
20005938   xdc_runtime_knl_SemThread_Module__root__V
20005940   xdc_runtime_knl_SyncNull_Module__root__V
20005948   xdc_runtime_knl_SyncSemThread_Module__root__V
20005950   __xdc__init__addr
20005954   ti_uia_runtime_LoggerStopMode_Object__table__V
20005a5c   ti_sysbios_knl_Task_Object__table__V
20005afc   TSK_idle
20005b4c   ti_sysbios_utils_Load_Module__state__V
20005be4   ti_sysbios_knl_Swi_Module_State_0_readyQ__A
20005c64   ti_sysbios_knl_Task_Module_State_0_readyQ__A
20005ce4   ti_sysbios_family_arm_lm4_Timer_Object__table__V
20005d54   ti_sysbios_family_arm_m3_Hwi_Module__state__V
20005db0   ti_sysbios_utils_Load_Module_State_0_taskEnv__A
20005e04   ti_sysbios_knl_Task_Module__state__V
20005e48   ti_sysbios_gates_GateMutex_Object__table__V
20005e80   ti_sysbios_family_arm_lm4_Timer_Module_State_0_device__A
20005eb0   ti_sysbios_family_arm_m3_Hwi_Object__table__V
20005ee0   ti_sysbios_knl_Swi_Object__table__V
20005f10   ti_sysbios_knl_Clock_Module__state__V
20005f40   _lock
20005f44   _unlock
20005f48   __TI_cleanup_ptr
20005f4c   __TI_dtors_ptr
20005f50   ti_uia_runtime_QueueDescriptor_gPtrToFirstDescriptor
20005f54   ti_uia_runtime_QueueDescriptor_gUpdateCount
20005f5c   main_func_sp
e000e000   ti_sysbios_family_arm_m3_Hwi_nvic
ffffffff   __binit__
ffffffff   __c_args__
ffffffff   binit
UNDEFED    SHT$$INIT_ARRAY$$Base
UNDEFED    SHT$$INIT_ARRAY$$Limit

[846 symbols]
