******************************************************************************
                  TI ARM Linker PC v5.1.1                      
******************************************************************************
>> Linked Mon Feb 10 20:41:30 2014

OUTPUT FILE NAME:   <rover.out>
ENTRY POINT SYMBOL: "_c_int00"  address: 0000597d


MEMORY CONFIGURATION

         name            origin    length      used     unused   attr    fill
----------------------  --------  ---------  --------  --------  ----  --------
  FLASH                 00000000   00040000  0000a85c  000357a4  R  X
  SRAM                  20000000   00008000  000052d0  00002d30  RW X


SEGMENT ALLOCATION MAP

run origin  load origin   length   init length attrs members
----------  ----------- ---------- ----------- ----- -------
00000000    00000000    0000a860   0000a860    r-x
  00000000    00000000    00000360   00000360    r-- .resetVecs
  00000360    00000360    0000713c   0000713c    r-x .text
  0000749c    0000749c    00002e20   00002e20    r-- .const
  0000a2c0    0000a2c0    000005a0   000005a0    r-- .cinit
20000000    20000000    000052d0   00000000    rw-
  20000000    20000000    00000360   00000000    rw- .vecs
  20000360    20000360    00003470   00000000    rw- .bss
  200037d0    200037d0    00001000   00000000    rw- .stack
  200047d0    200047d0    00000b00   00000000    rw- .data


SECTION ALLOCATION MAP

 output                                  attributes/
section   page    origin      length       input sections
--------  ----  ----------  ----------   ----------------
.bootVecs 
*          0    00000000    00000008     DSECT
                  00000000    00000008     boot.aem4f : boot.oem4f (.bootVecs)

.resetVecs 
*          0    00000000    00000360     
                  00000000    00000360     main_pem4f.oem4f (.resetVecs)

xdc.meta   0    00000000    000000f5     COPY SECTION
                  00000000    000000f5     main_pem4f.oem4f (xdc.meta)

.text      0    00000360    0000713c     
                  00000360    00000424     sysbios.aem4f : BIOS.obj (.text:ti_sysbios_family_arm_m3_Hwi_excDumpRegs__I)
                  00000784    00000344     ti.targets.arm.rtsarm.aem4f : System.oem4f (.text:xdc_runtime_System_doPrint__I)
                  00000ac8    000002e0     sysbios.aem4f : BIOS.obj (.text:ti_sysbios_knl_Semaphore_pend__E)
                  00000da8    000002d4     rtsv7M4_T_le_v4SPD16_eabi.lib : trgdrv.obj (.text)
                  0000107c    00000248     sysbios.aem4f : BIOS.obj (.text:ti_sysbios_heaps_HeapMem_free__E)
                  000012c4    00000234                   : BIOS.obj (.text:ti_sysbios_heaps_HeapMem_alloc__E)
                  000014f8    00000230                   : BIOS.obj (.text:ti_sysbios_family_arm_lm4_Timer_start__E)
                  00001728    00000210                   : BIOS.obj (.text:ti_sysbios_family_arm_m3_Hwi_excHandlerMax__I)
                  00001938    000001a0     ti.uia.runtime.aem4f : LoggerStopMode.oem4f (.text:ti_uia_runtime_LoggerStopMode_write8__E)
                  00001ad8    00000168     sysbios.aem4f : BIOS.obj (.text:ti_sysbios_family_arm_m3_Hwi_excBusFault__I)
                  00001c40    0000015c     ti.uia.runtime.aem4f : LoggerStopMode.oem4f (.text:ti_uia_runtime_LoggerStopMode_writeMemoryRange__E)
                  00001d9c    00000154     sysbios.aem4f : BIOS.obj (.text:ti_sysbios_family_arm_m3_Hwi_excUsageFault__I)
                  00001ef0    00000148     uart_tivaware.aem4f : UARTTiva.oem4f (.text:UARTTiva_open)
                  00002038    00000144     sysbios.aem4f : BIOS.obj (.text:ti_sysbios_knl_Semaphore_post__E)
                  0000217c    00000140                   : BIOS.obj (.text:ti_sysbios_family_arm_m3_Hwi_dispatchC__I)
                  000022bc    00000140                   : BIOS.obj (.text:ti_sysbios_family_arm_m3_Hwi_excMemFault__I)
                  000023fc    0000013c     ti.uia.runtime.aem4f : LoggerStopMode.oem4f (.text:ti_uia_runtime_LoggerStopMode_write4__E)
                  00002538    0000013c     ti.targets.arm.rtsarm.aem4f : Error.oem4f (.text:xdc_runtime_Error_raiseX__F)
                  00002674    00000138     sysbios.aem4f : BIOS.obj (.text:ti_sysbios_heaps_HeapMem_Instance_init__F)
                  000027ac    00000138                   : BIOS.obj (.text:ti_sysbios_utils_Load_logLoads__I)
                  000028e4    00000134                   : m3_Hwi_asm.obj (.text:ti_sysbios_family_arm_m3_Hwi_dispatch__I)
                  00002a18    00000130     driverlib.lib : gpio.obj (.text:GPIOPadConfigSet)
                  00002b48    00000130     sysbios.aem4f : BIOS.obj (.text:ti_sysbios_utils_Load_updateThreadContexts__E)
                  00002c78    0000012c                   : BIOS.obj (.text:ti_sysbios_family_arm_lm4_TimestampProvider_get64__E)
                  00002da4    0000012c                   : BIOS.obj (.text:ti_sysbios_knl_Clock_workFunc__E)
                  00002ed0    0000012c                   : BIOS.obj (.text:ti_sysbios_knl_Task_exit__E)
                  00002ffc    00000120                   : BIOS.obj (.text:ti_sysbios_knl_Swi_run__I)
                  0000311c    0000010c     EK_LM4F120XL.obj (.text:EK_LM4F120XL_initUART)
                  00003228    0000010c     Boot.aem4f : Boot_sysctl.oem4f (.text:ti_catalog_arm_cortexm4_tiva_ce_Boot_sysCtlClockSetI__I)
                  00003334    00000104     ti.targets.arm.rtsarm.aem4f : Core-mem.oem4f (.text:xdc_runtime_Core_createObject__I)
                  00003438    00000104     main_pem4f.oem4f (.text:xdc_runtime_System_printfExtend__I)
                  0000353c    000000fc     sysbios.aem4f : BIOS.obj (.text:ti_sysbios_knl_Task_schedule__I)
                  00003638    000000f8                   : BIOS.obj (.text:ti_sysbios_knl_Task_startCore__E)
                  00003730    000000f8     ti.targets.arm.rtsarm.aem4f : Startup.oem4f (.text:xdc_runtime_Startup_startMods__I)
                  00003828    000000f4     rtsv7M4_T_le_v4SPD16_eabi.lib : dtor_list.obj (.text)
                  0000391c    000000f4     sysbios.aem4f : BIOS.obj (.text:ti_sysbios_knl_Task_postInit__I)
                  00003a10    000000e8     gpio_tivaware.aem4f : GPIO.oem4f (.text:GPIO_write)
                  00003af8    000000e8     sysbios.aem4f : BIOS.obj (.text:ti_sysbios_family_arm_m3_Hwi_initNVIC__E)
                  00003be0    000000e8                   : BIOS.obj (.text:ti_sysbios_io_DEV_postInit__I)
                  00003cc8    000000bc                   : BIOS.obj (.text:ti_sysbios_knl_Task_unblockI__E)
                  00003d84    000000b8                   : BIOS.obj (.text:ti_sysbios_family_arm_lm4_TimestampProvider_get32__E)
                  00003e3c    000000b4                   : BIOS.obj (.text:ti_sysbios_family_arm_m3_Hwi_excHardFault__I)
                  00003ef0    000000b4                   : BIOS.obj (.text:ti_sysbios_gates_GateMutex_enter__E)
                  00003fa4    000000b4                   : BIOS.obj (.text:ti_sysbios_knl_Task_checkStacks__E)
                  00004058    000000b0                   : BIOS.obj (.text:ti_sysbios_family_arm_m3_Hwi_excDebugMon__I)
                  00004108    000000b0                   : BIOS.obj (.text:ti_sysbios_utils_Load_idleFxn__E)
                  000041b8    000000b0                   : BIOS.obj (.text:ti_sysbios_utils_Load_updateLoads__E)
                  00004268    000000ac                   : BIOS.obj (.text:ti_sysbios_family_arm_lm4_Timer_enableTiva__I)
                  00004314    000000a8                   : BIOS.obj (.text:ti_sysbios_knl_Semaphore_Instance_init__F)
                  000043bc    000000a8                   : BIOS.obj (.text:ti_sysbios_knl_Swi_post__E)
                  00004464    000000a8                   : BIOS.obj (.text:ti_sysbios_knl_Task_blockI__E)
                  0000450c    000000a4                   : BIOS.obj (.text:ti_sysbios_family_arm_lm4_Timer_enableTimers__I)
                  000045b0    000000a4                   : BIOS.obj (.text:ti_sysbios_family_arm_m3_Hwi_Module_startup__F)
                  00004654    000000a0     auto_init.aem4f : auto_init.oem4f (.text)
                  000046f4    0000009c     rtsv7M4_T_le_v4SPD16_eabi.lib : memcpy_t2.obj (.text)
                  00004790    0000009a     ti.targets.arm.rtsarm.aem4f : Text.oem4f (.text:xdc_runtime_Text_putSite__F)
                  0000482a    00000002     sysbios.aem4f : BIOS.obj (.text:ti_sysbios_BIOS_nullFunc__I)
                  0000482c    00000094     Boot.aem4f : Boot.oem4f (.text:ti_catalog_arm_cortexm4_tiva_ce_Boot_sysCtlClockSet__E)
                  000048c0    00000094     ti.targets.arm.rtsarm.aem4f : Text.oem4f (.text:xdc_runtime_Text_putMod__F)
                  00004954    00000090     main.obj (.text:main)
                  000049e4    00000090     sysbios.aem4f : BIOS.obj (.text:ti_sysbios_family_arm_m3_Hwi_Instance_init__F)
                  00004a74    0000008c                   : m3_TaskSupport_asm.obj (.text:ti_sysbios_family_arm_m3_TaskSupport_buildTaskStack)
                  00004b00    00000088     EK_LM4F120XL.obj (.text:EK_LM4F120XL_initGPIO)
                  00004b88    00000088     sysbios.aem4f : BIOS.obj (.text:ti_sysbios_utils_Load_addTask__E)
                  00004c10    00000084     ti.uia.runtime.aem4f : LoggerStopMode.oem4f (.text:ti_uia_runtime_LoggerStopMode_setFilterLevel__E)
                  00004c94    00000080     sysbios.aem4f : BIOS.obj (.text:ti_sysbios_knl_Task_Module_startup__F)
                  00004d14    0000007e     ti.uia.runtime.aem4f : LoggerStopMode.oem4f (.text:ti_uia_runtime_LoggerStopMode_getContents__E)
                  00004d92    00000078     rtsv7M4_T_le_v4SPD16_eabi.lib : memset_t2.obj (.text)
                  00004e0a    00000002     sysbios.aem4f : BIOS.obj (.text:ti_sysbios_gates_GateHwi_Instance_init__F)
                  00004e0c    00000078                   : BIOS.obj (.text:ti_sysbios_utils_Load_updateCurrentThreadTime__E)
                  00004e84    00000074                   : BIOS.obj (.text:ti_sysbios_family_arm_lm4_Timer_isrStub__E)
                  00004ef8    00000070     main_pem4f.oem4f (.text:ti_sysbios_family_arm_m3_Hwi_Object__create__S)
                  00004f68    00000070     sysbios.aem4f : BIOS.obj (.text:ti_sysbios_family_arm_m3_Hwi_reconfig__E)
                  00004fd8    00000070                   : BIOS.obj (.text:ti_sysbios_utils_Load_taskDeleteHook__E)
                  00005048    00000070     ti.uia.runtime.aem4f : LoggerStopMode.oem4f (.text:ti_uia_runtime_LoggerStopMode_getFilterLevel__E)
                  000050b8    00000070                          : LoggerStopMode.oem4f (.text:ti_uia_runtime_LoggerStopMode_writeBlockOfMemory__I)
                  00005128    00000070                          : QueueDescriptor.oem4f (.text:ti_uia_runtime_QueueDescriptor_addToList__E)
                  00005198    00000070     uart_tivaware.aem4f : UARTTiva.oem4f (.text:writeData)
                  00005208    00000070     ti.targets.arm.rtsarm.aem4f : Memory.oem4f (.text:xdc_runtime_Memory_alloc__F)
                  00005278    0000006c     uart_tivaware.aem4f : UARTTiva.oem4f (.text:UARTTiva_read)
                  000052e4    0000006c                         : UARTTiva.oem4f (.text:UARTTiva_write)
                  00005350    0000006c     sysbios.aem4f : BIOS.obj (.text:ti_sysbios_utils_Load_taskCreateHook__E)
                  000053bc    0000006c     ti.targets.arm.rtsarm.aem4f : Error.oem4f (.text:xdc_runtime_Error_print__F)
                  00005428    00000068     sysbios.aem4f : BIOS.obj (.text:ti_sysbios_BIOS_rtsUnlock__I)
                  00005490    00000066     uart_tivaware.aem4f : UARTTiva.oem4f (.text:UARTTiva_readPolling)
                  000054f6    00000066     ti.targets.arm.rtsarm.aem4f : Core-mem.oem4f (.text:xdc_runtime_Core_deleteObject__I)
                  0000555c    00000064     sysbios.aem4f : BIOS.obj (.text:ti_sysbios_knl_Clock_logTick__E)
                  000055c0    00000064                   : BIOS.obj (.text:ti_sysbios_utils_Load_logCPULoad__I)
                  00005624    00000063     main.obj (.text:echoFxn)
                  00005687    00000001     --HOLE-- [fill = 0]
                  00005688    00000062     uart_tivaware.aem4f : UARTTiva.oem4f (.text:UARTTiva_hwiIntFxn)
                  000056ea    00000002     main_pem4f.oem4f (.text:xdc_runtime_Startup_reset__I)
                  000056ec    00000060     rtsv7M4_T_le_v4SPD16_eabi.lib : trgmsg.obj (.text)
                  0000574c    00000060     main_pem4f.oem4f (.text:ti_uia_runtime_LoggerStopMode_Object__create__S)
                  000057ac    0000005e     uart_tivaware.aem4f : UARTTiva.oem4f (.text:readData)
                  0000580a    0000005e     rtsv7M4_T_le_v4SPD16_eabi.lib : copy_decompress_rle.obj (.text)
                  00005868    0000005c     sysbios.aem4f : BIOS.obj (.text:ti_sysbios_family_arm_lm4_Timer_Module_startup__F)
                  000058c4    0000005b     ti.targets.arm.rtsarm.aem4f : Text.oem4f (.text:xdc_runtime_Text_putLab__F)
                  0000591f    00000001     --HOLE-- [fill = 0]
                  00005920    0000005a     ti.uia.runtime.aem4f : LoggerStopMode.oem4f (.text:ti_uia_runtime_LoggerStopMode_readBlockOfMemory__I)
                  0000597a    00000002     --HOLE-- [fill = 0]
                  0000597c    00000058     boot.aem4f : boot.oem4f (.text)
                  000059d4    00000058     sysbios.aem4f : BIOS.obj (.text:ti_sysbios_knl_Swi_restoreHwi__E)
                  00005a2c    00000058                   : BIOS.obj (.text:ti_sysbios_knl_Swi_schedule__I)
                  00005a84    00000054     ti.uia.runtime.aem4f : QueueDescriptor.oem4f (.text:ti_uia_runtime_QueueDescriptor_removeFromList__E)
                  00005ad8    00000050     sysbios.aem4f : BIOS.obj (.text:ti_sysbios_utils_Load_taskSwitchHook__E)
                  00005b28    00000050     ti.targets.arm.rtsarm.aem4f : Startup.oem4f (.text:xdc_runtime_Startup_exec__F)
                  00005b78    00000050                                 : System.oem4f (.text:xdc_runtime_System_formatNum__I)
                  00005bc8    00000050                                 : Text.oem4f (.text:xdc_runtime_Text_visitRope2__I)
                  00005c18    0000004c     sysbios.aem4f : BIOS.obj (.text:ti_sysbios_knl_Swi_runLoop__I)
                  00005c64    00000048     driverlib.lib : gpio.obj (.text:GPIOPinConfigure)
                  00005cac    00000048     sysbios.aem4f : BIOS.obj (.text:ti_sysbios_BIOS_errorRaiseHook__I)
                  00005cf4    00000048                   : BIOS.obj (.text:ti_sysbios_family_arm_m3_Hwi_excReserved__I)
                  00005d3c    00000048                   : BIOS.obj (.text:ti_sysbios_heaps_HeapMem_getStats__E)
                  00005d84    00000048     ti.targets.arm.rtsarm.aem4f : Assert.oem4f (.text:xdc_runtime_Assert_raise__I)
                  00005dcc    00000048                                 : Core-params.oem4f (.text:xdc_runtime_Core_assignParams__I)
                  00005e14    00000046     ti.uia.runtime.aem4f : LoggerStopMode.oem4f (.text:ti_uia_runtime_LoggerStopMode_Instance_init__F)
                  00005e5a    00000002     --HOLE-- [fill = 0]
                  00005e5c    00000044     rtsv7M4_T_le_v4SPD16_eabi.lib : cpy_tbl.obj (.text)
                  00005ea0    00000044                                   : exit.obj (.text)
                  00005ee4    00000044     sysbios.aem4f : BIOS.obj (.text:ti_sysbios_family_arm_lm4_Timer_stop__E)
                  00005f28    00000044                   : BIOS.obj (.text:ti_sysbios_family_arm_m3_Hwi_disableInterrupt__E)
                  00005f6c    00000044                   : BIOS.obj (.text:ti_sysbios_family_arm_m3_Hwi_enableInterrupt__E)
                  00005fb0    00000044                   : BIOS.obj (.text:ti_sysbios_knl_Task_allBlockedFunction__I)
                  00005ff4    00000044     ti.uia.runtime.aem4f : LoggerStopMode.oem4f (.text:ti_uia_runtime_LoggerStopMode_filterOutEvent__I)
                  00006038    00000044                          : LoggerStopMode.oem4f (.text:ti_uia_runtime_LoggerStopMode_reset__F)
                  0000607c    00000044     ti.targets.arm.rtsarm.aem4f : SysMin.oem4f (.text:xdc_runtime_SysMin_flush__F)
                  000060c0    00000042     driverlib.lib : uart.obj (.text:UARTConfigSetExpClk)
                  00006102    00000042     sysbios.aem4f : BIOS.obj (.text:ti_sysbios_knl_Semaphore_pendTimeout__I)
                  00006144    00000040     EK_LM4F120XL.obj (.text:EK_LM4F120XL_initGeneral)
                  00006184    00000040     uart_tivaware.aem4f : UARTTiva.oem4f (.text:UARTTiva_writePolling)
                  000061c4    00000040     sysbios.aem4f : BIOS.obj (.text:ti_sysbios_family_arm_lm4_Timer_startup__E)
                  00006204    00000040     main_pem4f.oem4f (.text:ti_sysbios_knl_Semaphore_Object__create__S)
                  00006244    00000040     ti.targets.arm.rtsarm.aem4f : System.oem4f (.text:xdc_runtime_System_atexit__F)
                  00006284    0000003c     sysbios.aem4f : BIOS.obj (.text:ti_sysbios_family_arm_m3_Hwi_excSvCall__I)
                  000062c0    0000003c                   : BIOS.obj (.text:ti_sysbios_heaps_HeapMem_init__I)
                  000062fc    0000003c                   : BIOS.obj (.text:ti_sysbios_knl_Swi_startup__E)
                  00006338    0000003c     ti.targets.arm.rtsarm.aem4f : Text.oem4f (.text:xdc_runtime_Text_xprintf__I)
                  00006374    00000038     uart_tivaware.aem4f : UART.oem4f (.text:UART_init)
                  000063ac    00000038     sysbios.aem4f : BIOS.obj (.text:ti_sysbios_family_arm_m3_Hwi_excNoIsr__I)
                  000063e4    00000038                   : BIOS.obj (.text:ti_sysbios_family_arm_m3_Hwi_getStackInfo__E)
                  0000641c    00000038                   : BIOS.obj (.text:ti_sysbios_family_arm_m3_TaskSupport_start__E)
                  00006454    00000038     main_pem4f.oem4f (.text:ti_sysbios_gates_GateHwi_Object__create__S)
                  0000648c    00000038     main_pem4f.oem4f (.text:ti_sysbios_gates_GateMutex_Object__create__S)
                  000064c4    00000038     main_pem4f.oem4f (.text:ti_sysbios_heaps_HeapMem_Object__create__S)
                  000064fc    00000038     main_pem4f.oem4f (.text:ti_sysbios_knl_Queue_Object__create__S)
                  00006534    00000038     ti.targets.arm.rtsarm.aem4f : SysMin.oem4f (.text:xdc_runtime_SysMin_putch__F)
                  0000656c    00000034     driverlib.lib : sysctl.obj (.text:SysCtlPeripheralEnable)
                  000065a0    00000034     uart_tivaware.aem4f : UARTTiva.oem4f (.text:UARTTiva_close)
                  000065d4    00000034     sysbios.aem4f : BIOS.obj (.text:ti_sysbios_family_arm_m3_Hwi_excNmi__I)
                  00006608    00000034                   : BIOS.obj (.text:ti_sysbios_hal_Hwi_checkStack:ti_sysbios_hal_Hwi_checkStack)
                  0000663c    00000032     uart_tivaware.aem4f : UARTTiva.oem4f (.text:UARTTiva_readCancel)
                  0000666e    00000032                         : UARTTiva.oem4f (.text:UARTTiva_writeCancel)
                  000066a0    00000030     main_pem4f.oem4f (.text:ti_sysbios_BIOS_exitFunc__I)
                  000066d0    00000030     sysbios.aem4f : BIOS.obj (.text:ti_sysbios_knl_Idle_run__E)
                  00006700    00000030     ti.targets.arm.rtsarm.aem4f : Core-label.oem4f (.text:xdc_runtime_Core_assignLabel__I)
                  00006730    00000030                                 : SysMin.oem4f (.text:xdc_runtime_SysMin_abort__F)
                  00006760    0000002f                                 : Text.oem4f (.text:xdc_runtime_Text_printVisFxn__I)
                  0000678f    00000001     --HOLE-- [fill = 0]
                  00006790    0000002e     main_pem4f.oem4f (.text:malloc)
                  000067be    0000002c     sysbios.aem4f : BIOS.obj (.text:ti_sysbios_hal_Hwi_initStack:ti_sysbios_hal_Hwi_initStack)
                  000067ea    00000002     --HOLE-- [fill = 0]
                  000067ec    0000002c                   : BIOS.obj (.text:ti_sysbios_io_DEV_Module_startup__F)
                  00006818    0000002c     main_pem4f.oem4f (.text:ti_sysbios_knl_Clock_doTick__I)
                  00006844    0000002c     sysbios.aem4f : BIOS.obj (.text:ti_sysbios_knl_Task_restore__E)
                  00006870    0000002c     ti.uia.runtime.aem4f : LoggerStopMode.oem4f (.text:ti_uia_runtime_LoggerStopMode_Module_startup__F)
                  0000689c    0000002c                          : LoggerStopMode.oem4f (.text:ti_uia_runtime_LoggerStopMode_disable__E)
                  000068c8    0000002c                          : LoggerStopMode.oem4f (.text:ti_uia_runtime_LoggerStopMode_enable__E)
                  000068f4    0000002c     ti.targets.arm.rtsarm.aem4f : System.oem4f (.text:xdc_runtime_System_rtsExit__I)
                  00006920    0000002c                                 : Text.oem4f (.text:xdc_runtime_Text_cordText__F)
                  0000694c    0000002a     driverlib.lib : gpio.obj (.text:GPIODirModeSet)
                  00006976    0000002a     ti.targets.arm.rtsarm.aem4f : System.oem4f (.text:xdc_runtime_System_putchar__I)
                  000069a0    00000028     sysbios.aem4f : m3_Hwi_asm_switch.obj (.text:ti_sysbios_family_arm_m3_Hwi_initStacks__E)
                  000069c8    00000028                   : BIOS.obj (.text:ti_sysbios_gates_GateMutex_Instance_init__F)
                  000069f0    00000028     ti.uia.runtime.aem4f : LogSync.oem4f (.text:ti_uia_runtime_LogSync_Module_startup__F)
                  00006a18    00000028                          : QueueDescriptor.oem4f (.text:ti_uia_runtime_QueueDescriptor_initHeader__E)
                  00006a40    00000026     ti.targets.arm.rtsarm.aem4f : System.oem4f (.text:xdc_runtime_System_avprintf__F)
                  00006a66    00000002     --HOLE-- [fill = 0]
                  00006a68    00000024     gpio_tivaware.aem4f : GPIO.oem4f (.text:GPIO_init)
                  00006a8c    00000024     sysbios.aem4f : BIOS.obj (.text:ti_sysbios_BIOS_registerRTSLock__I)
                  00006ab0    00000024     main_pem4f.oem4f (.text:ti_sysbios_BIOS_startFunc__I)
                  00006ad4    00000024     sysbios.aem4f : BIOS.obj (.text:ti_sysbios_family_arm_m3_Hwi_Instance_finalize__F)
                  00006af8    00000024                   : BIOS.obj (.text:ti_sysbios_family_arm_m3_Hwi_doTaskRestore__I)
                  00006b1c    00000024     main_pem4f.oem4f (.text:ti_sysbios_gates_GateMutex_Object__delete__S)
                  00006b40    00000024     sysbios.aem4f : BIOS.obj (.text:ti_sysbios_knl_Clock_Module_startup__F)
                  00006b64    00000024                   : BIOS.obj (.text:ti_sysbios_knl_Swi_Module_startup__F)
                  00006b88    00000024     ti.uia.runtime.aem4f : LoggerStopMode.oem4f (.text:ti_uia_runtime_LoggerStopMode_Instance_finalize__F)
                  00006bac    00000024     ti.targets.arm.rtsarm.aem4f : System.oem4f (.text:xdc_runtime_System_vprintf__F)
                  00006bd0    00000022     main_pem4f.oem4f (.text:xdc_runtime_SysMin_output__I)
                  00006bf2    00000020     sysbios.aem4f : m3_Hwi_asm_switch.obj (.text:ti_sysbios_family_xxx_Hwi_switchAndRunFunc)
                  00006c12    00000002     --HOLE-- [fill = 0]
                  00006c14    00000020     main_pem4f.oem4f (.text:ti_sysbios_gates_GateHwi_Object__delete__S)
                  00006c34    00000020     main_pem4f.oem4f (.text:ti_sysbios_heaps_HeapMem_Object__delete__S)
                  00006c54    00000020     main_pem4f.oem4f (.text:ti_sysbios_knl_Semaphore_Object__destruct__S)
                  00006c74    00000020     sysbios.aem4f : BIOS.obj (.text:ti_sysbios_knl_Task_enter__I)
                  00006c94    00000020     main_pem4f.oem4f (.text:ti_uia_runtime_LoggerStopMode_Object__delete__S)
                  00006cb4    00000020     ti.targets.arm.rtsarm.aem4f : Registry.oem4f (.text:xdc_runtime_Registry_findById__F)
                  00006cd4    00000020                                 : SysMin.oem4f (.text:xdc_runtime_SysMin_Module_startup__F)
                  00006cf4    0000001c     driverlib.lib : uart.obj (.text:UARTDisable)
                  00006d10    0000001c     sysbios.aem4f : BIOS.obj (.text:ti_sysbios_BIOS_rtsLock__I)
                  00006d2c    0000001c     main_pem4f.oem4f (.text:ti_sysbios_family_arm_m3_Hwi_Object__destruct__S)
                  00006d48    0000001c     main_pem4f.oem4f (.text:ti_sysbios_knl_Queue_Object__destruct__S)
                  00006d64    0000001c     ti.targets.arm.rtsarm.aem4f : Error.oem4f (.text:xdc_runtime_Error_check__F)
                  00006d80    0000001c                                 : Memory.oem4f (.text:xdc_runtime_Memory_valloc__F)
                  00006d9c    0000001c                                 : SysMin.oem4f (.text:xdc_runtime_SysMin_exit__F)
                  00006db8    0000001a     main_pem4f.oem4f (.text:ti_sysbios_family_arm_m3_Hwi_Handle__label__S)
                  00006dd2    0000001a     main_pem4f.oem4f (.text:ti_sysbios_gates_GateHwi_Handle__label__S)
                  00006dec    0000001a     main_pem4f.oem4f (.text:ti_sysbios_gates_GateMutex_Handle__label__S)
                  00006e06    0000001a     main_pem4f.oem4f (.text:ti_sysbios_heaps_HeapMem_Handle__label__S)
                  00006e20    0000001a     main_pem4f.oem4f (.text:ti_sysbios_knl_Swi_Handle__label__S)
                  00006e3a    0000001a     main_pem4f.oem4f (.text:ti_sysbios_knl_Task_Handle__label__S)
                  00006e54    0000001a     main_pem4f.oem4f (.text:ti_uia_runtime_LoggerStopMode_Handle__label__S)
                  00006e6e    0000001a     main_pem4f.oem4f (.text:xdc_runtime_System_aprintf__E)
                  00006e88    0000001a     main_pem4f.oem4f (.text:xdc_runtime_System_printf__E)
                  00006ea2    00000018     driverlib.lib : gpio.obj (.text:GPIOPinTypeGPIOOutput)
                  00006eba    00000002     --HOLE-- [fill = 0]
                  00006ebc    00000018     uart_tivaware.aem4f : UART.oem4f (.text:UART_open)
                  00006ed4    00000018     main_pem4f.oem4f (.text:free)
                  00006eec    00000018     rtsv7M4_T_le_v4SPD16_eabi.lib : args_main.obj (.text)
                  00006f04    00000018     main_pem4f.oem4f (.text:ti_sysbios_family_arm_lm4_Timer_Module__startupDone__F)
                  00006f1c    00000018     main_pem4f.oem4f (.text:ti_sysbios_family_arm_m3_Hwi_Module__startupDone__F)
                  00006f34    00000018     sysbios.aem4f : m3_TaskSupport_asm.obj (.text:ti_sysbios_family_arm_m3_TaskSupport_swap__E)
                  00006f4c    00000018                   : BIOS.obj (.text:ti_sysbios_gates_GateMutex_leave__E)
                  00006f64    00000018     main_pem4f.oem4f (.text:ti_sysbios_hal_Timer_Module__startupDone__F)
                  00006f7c    00000018     ti.targets.arm.rtsarm.aem4f : Text.oem4f (.text:xdc_runtime_Text_ropeText__F)
                  00006f94    00000016     ti.uia.runtime.aem4f : LoggerStopMode.oem4f (.text:ti_uia_runtime_LoggerStopMode_getFreeSize__E)
                  00006faa    00000016                          : LoggerStopMode.oem4f (.text:ti_uia_runtime_LoggerStopMode_getUnreadSize__E)
                  00006fc0    00000014     driverlib.lib : uart.obj (.text:UARTEnable)
                  00006fd4    00000014     uart_tivaware.aem4f : UART.oem4f (.text:UART_Params_init)
                  00006fe8    00000014     rtsv7M4_T_le_v4SPD16_eabi.lib : _lock.obj (.text)
                  00006ffc    00000014                                   : strlen.obj (.text)
                  00007010    00000014     sysbios.aem4f : BIOS.obj (.text:ti_sysbios_family_arm_m3_Hwi_switchFromBootStack__E)
                  00007024    00000014     main_pem4f.oem4f (.text:ti_sysbios_heaps_HeapMem_Object__get__S)
                  00007038    00000014     main_pem4f.oem4f (.text:ti_sysbios_knl_Swi_Object__get__S)
                  0000704c    00000014     main_pem4f.oem4f (.text:ti_sysbios_knl_Task_Object__get__S)
                  00007060    00000014     ti.targets.arm.rtsarm.aem4f : System.oem4f (.text:xdc_runtime_System_abort__F)
                  00007074    00000012     driverlib.lib : gpio.obj (.text:GPIOPinTypeGPIOInput)
                  00007086    00000012                   : gpio.obj (.text:GPIOPinTypeUART)
                  00007098    00000012     rtsv7M4_T_le_v4SPD16_eabi.lib : copy_zero_init.obj (.text:decompress:ZI)
                  000070aa    00000012     sysbios.aem4f : BIOS.obj (.text:ti_sysbios_hal_Hwi_Module_startup__F)
                  000070bc    00000012                   : BIOS.obj (.text:ti_sysbios_hal_Timer_Module_startup__F)
                  000070ce    00000012     ti.uia.runtime.aem4f : LoggerStopMode.oem4f (.text:ti_uia_runtime_LoggerStopMode_write1__E)
                  000070e0    00000012                          : LoggerStopMode.oem4f (.text:ti_uia_runtime_LoggerStopMode_write2__E)
                  000070f2    00000012     main_pem4f.oem4f (.text:xdc_runtime_Startup_exec__I)
                  00007104    00000010     rtsv7M4_T_le_v4SPD16_eabi.lib : strcpy.obj (.text)
                  00007114    00000010     sysbios.aem4f : BIOS.obj (.text:ti_sysbios_BIOS_getCpuFreq__E)
                  00007124    00000010                   : BIOS.obj (.text:ti_sysbios_BIOS_setThreadType__E)
                  00007134    00000010                   : BIOS.obj (.text:ti_sysbios_BIOS_start__E)
                  00007144    00000010                   : BIOS.obj (.text:ti_sysbios_family_arm_lm4_TimestampProvider_rolloverFunc__E)
                  00007154    00000010                   : BIOS.obj (.text:ti_sysbios_family_arm_m3_Hwi_excHandler__I)
                  00007164    00000010                   : m3_TaskSupport_asm.obj (.text:ti_sysbios_family_arm_m3_TaskSupport_glue)
                  00007174    00000010                   : m3_Hwi_asm_switch.obj (.text:ti_sysbios_family_xxx_Hwi_switchToIsrStack)
                  00007184    00000010                   : BIOS.obj (.text:ti_sysbios_gates_GateMutex_Instance_finalize__F)
                  00007194    00000010     main_pem4f.oem4f (.text:ti_sysbios_io_DEV_Object__get__S)
                  000071a4    00000010     sysbios.aem4f : BIOS.obj (.text:ti_sysbios_knl_Semaphore_Instance_finalize__F)
                  000071b4    00000010                   : BIOS.obj (.text:ti_sysbios_knl_Swi_disable__E)
                  000071c4    00000010                   : BIOS.obj (.text:ti_sysbios_knl_Task_disable__E)
                  000071d4    00000010     main_pem4f.oem4f (.text:ti_uia_runtime_LoggerStopMode_Object__get__S)
                  000071e4    00000010     ti.uia.runtime.aem4f : LoggerStopMode.oem4f (.text:ti_uia_runtime_LoggerStopMode_write0__E)
                  000071f4    00000010     ti.targets.arm.rtsarm.aem4f : Gate.oem4f (.text:xdc_runtime_Gate_leaveSystem__F)
                  00007204    00000010                                 : Memory.oem4f (.text:xdc_runtime_Memory_free__F)
                  00007214    00000010                                 : SysMin.oem4f (.text:xdc_runtime_SysMin_ready__F)
                  00007224    00000010                                 : System.oem4f (.text:xdc_runtime_System_vsnprintf__F)
                  00007234    00000010     main_pem4f.oem4f (.text:xdc_runtime_Text_visitRope__I)
                  00007244    0000000e     driverlib.lib : uart.obj (.text:UARTCharGetNonBlocking)
                  00007252    0000000e                   : uart.obj (.text:UARTCharPutNonBlocking)
                  00007260    0000000e     rtsv7M4_T_le_v4SPD16_eabi.lib : copy_decompress_none.obj (.text:decompress:none)
                  0000726e    0000000e     sysbios.aem4f : BIOS.obj (.text:ti_sysbios_knl_Queue_empty__E)
                  0000727c    0000000e     ti.uia.runtime.aem4f : LoggerStopMode.oem4f (.text:ti_uia_runtime_LoggerStopMode_isEmpty__E)
                  0000728a    00000002     --HOLE-- [fill = 0]
                  0000728c    0000000c     main_pem4f.oem4f (.text:.bootCodeSection:ti_catalog_arm_cortexm4_tiva_ce_Boot_init__I)
                  00007298    0000000c     sysbios.aem4f : BIOS.obj (.text:ti_sysbios_family_arm_lm4_Timer_masterDisable__I)
                  000072a4    0000000c                   : BIOS.obj (.text:ti_sysbios_family_arm_lm4_TimestampProvider_startTimer__E)
                  000072b0    0000000c     main_pem4f.oem4f (.text:ti_sysbios_family_arm_m3_Hwi_Params__init__S)
                  000072bc    0000000c     sysbios.aem4f : BIOS.obj (.text:ti_sysbios_family_arm_m3_Hwi_disableFxn__E)
                  000072c8    0000000c                   : BIOS.obj (.text:ti_sysbios_family_arm_m3_TaskSupport_checkStack__E)
                  000072d4    0000000c                   : m3_Hwi_asm_switch.obj (.text:ti_sysbios_family_xxx_Hwi_switchToTaskStack)
                  000072e0    0000000c                   : BIOS.obj (.text:ti_sysbios_gates_GateHwi_enter__E)
                  000072ec    0000000c     main_pem4f.oem4f (.text:ti_sysbios_knl_Queue_Object__get__S)
                  000072f8    0000000c     main_pem4f.oem4f (.text:ti_sysbios_knl_Semaphore_Params__init__S)
                  00007304    0000000c     sysbios.aem4f : BIOS.obj (.text:ti_sysbios_utils_Load_taskRegHook__E)
                  00007310    0000000c     ti.targets.arm.rtsarm.aem4f : Error.oem4f (.text:xdc_runtime_Error_init__F)
                  0000731c    0000000c                                 : Gate.oem4f (.text:xdc_runtime_Gate_enterSystem__F)
                  00007328    0000000c                                 : Memory.oem4f (.text:xdc_runtime_Memory_calloc__F)
                  00007334    0000000c                                 : Memory.oem4f (.text:xdc_runtime_Memory_getMaxDefaultTypeAlign__F)
                  00007340    0000000c                                 : System.oem4f (.text:xdc_runtime_System_exit__F)
                  0000734c    0000000c                                 : System.oem4f (.text:xdc_runtime_System_lastFxn__I)
                  00007358    0000000a     driverlib.lib : uart.obj (.text:UARTCharGet)
                  00007362    0000000a                   : uart.obj (.text:UARTCharPut)
                  0000736c    0000000a                   : uart.obj (.text:UARTIntDisable)
                  00007376    0000000a                   : uart.obj (.text:UARTIntStatus)
                  00007380    0000000a     uart_tivaware.aem4f : UART.oem4f (.text:UART_write)
                  0000738a    0000000a     main_pem4f.oem4f (.text:xdc_runtime_IHeap_alloc)
                  00007394    0000000a     main_pem4f.oem4f (.text:xdc_runtime_IHeap_free)
                  0000739e    00000008     driverlib.lib : uart.obj (.text:UARTIntEnable)
                  000073a6    00000008     uart_tivaware.aem4f : UARTTiva.oem4f (.text:UARTTiva_init)
                  000073ae    00000008                         : UARTTiva.oem4f (.text:readSemCallback)
                  000073b6    00000008     sysbios.aem4f : BIOS.obj (.text:ti_sysbios_family_arm_m3_Hwi_doSwiRestore__I)
                  000073be    00000008                   : BIOS.obj (.text:ti_sysbios_family_arm_m3_Hwi_startup__E)
                  000073c6    00000008                   : BIOS.obj (.text:ti_sysbios_knl_Idle_loop__E)
                  000073ce    00000008     uart_tivaware.aem4f : UARTTiva.oem4f (.text:writeSemCallback)
                  000073d6    00000006     driverlib.lib : gpio.obj (.text:GPIOPinWrite)
                  000073dc    00000006                   : uart.obj (.text:UARTFIFOLevelSet)
                  000073e2    00000006     ti.targets.arm.rtsarm.aem4f : xdc_noinit.oem4f (.text:__xdc__init)
                  000073e8    00000006     rtsv7M4_T_le_v4SPD16_eabi.lib : copy_decompress_rle.obj (.text:decompress:rle24)
                  000073ee    00000006     Boot.aem4f : Boot_sysctl.oem4f (.text:ti_catalog_arm_cortexm4_tiva_ce_Boot_sysCtlDelayI__I)
                  000073f4    00000006     sysbios.aem4f : BIOS.obj (.text:ti_sysbios_family_arm_lm4_TimestampProvider_Module_startup__F)
                  000073fa    00000006                   : BIOS.obj (.text:ti_sysbios_family_arm_m3_Hwi_restoreFxn__E)
                  00007400    00000006                   : BIOS.obj (.text:ti_sysbios_gates_GateHwi_leave__E)
                  00007406    00000006                   : BIOS.obj (.text:ti_sysbios_heaps_HeapMem_isBlocking__E)
                  0000740c    00000006                   : BIOS.obj (.text:ti_sysbios_knl_Queue_Instance_init__F)
                  00007412    00000006     ti.uia.runtime.aem4f : LoggerStopMode.oem4f (.text:ti_uia_runtime_LoggerStopMode_getPriority__E)
                  00007418    00000006                          : LoggerStopMode.oem4f (.text:ti_uia_runtime_LoggerStopMode_getTransferType__F)
                  0000741e    00000006     ti.targets.arm.rtsarm.aem4f : System.oem4f (.text:xdc_runtime_System_Module_startup__F)
                  00007424    00000004     driverlib.lib : uart.obj (.text:UARTIntClear)
                  00007428    00000004     main_pem4f.oem4f (.text:ti_sysbios_BIOS_RtsGateProxy_enter__E)
                  0000742c    00000004     main_pem4f.oem4f (.text:ti_sysbios_BIOS_RtsGateProxy_leave__E)
                  00007430    00000004     sysbios.aem4f : BIOS.obj (.text:ti_sysbios_family_arm_lm4_Timer_getPeriod__E)
                  00007434    00000004                   : BIOS.obj (.text:ti_sysbios_family_arm_lm4_Timer_masterEnable__I)
                  00007438    00000004     main_pem4f.oem4f (.text:ti_sysbios_family_arm_m3_TaskSupport_Module__startupDone__S)
                  0000743c    00000004     sysbios.aem4f : BIOS.obj (.text:ti_sysbios_gates_GateHwi_query__F)
                  00007440    00000004                   : BIOS.obj (.text:ti_sysbios_gates_GateMutex_query__F)
                  00007444    00000004     main_pem4f.oem4f (.text:ti_sysbios_hal_Hwi_HwiProxy_Module__startupDone__S)
                  00007448    00000004     main_pem4f.oem4f (.text:ti_sysbios_hal_Timer_TimerProxy_Module__startupDone__S)
                  0000744c    00000004     main_pem4f.oem4f (.text:ti_sysbios_hal_Timer_TimerProxy_getPeriod__E)
                  00007450    00000004     main_pem4f.oem4f (.text:ti_sysbios_heaps_HeapMem_Module_GateProxy_enter__E)
                  00007454    00000004     main_pem4f.oem4f (.text:ti_sysbios_heaps_HeapMem_Module_GateProxy_leave__E)
                  00007458    00000004     main_pem4f.oem4f (.text:ti_sysbios_knl_Task_SupportProxy_Module__startupDone__S)
                  0000745c    00000004     sysbios.aem4f : BIOS.obj (.text:ti_sysbios_knl_Task_startup__E)
                  00007460    00000004     main_pem4f.oem4f (.text:ti_uia_runtime_LogSync_CpuTimestampProxy_Module__startupDone__S)
                  00007464    00000004     main_pem4f.oem4f (.text:ti_uia_runtime_LogSync_GlobalTimestampProxy_Module__startupDone__S)
                  00007468    00000004     ti.uia.runtime.aem4f : LoggerStopMode.oem4f (.text:ti_uia_runtime_LoggerStopMode_getInstanceId__E)
                  0000746c    00000004                          : LoggerStopMode.oem4f (.text:ti_uia_runtime_LoggerStopMode_getMaxLength__E)
                  00007470    00000004                          : LoggerStopMode.oem4f (.text:ti_uia_runtime_LoggerStopMode_setPriority__E)
                  00007474    00000004     ti.targets.arm.rtsarm.aem4f : Error.oem4f (.text:xdc_runtime_Error_getSite__F)
                  00007478    00000004     main_pem4f.oem4f (.text:xdc_runtime_Memory_HeapProxy_alloc__E)
                  0000747c    00000004     main_pem4f.oem4f (.text:xdc_runtime_Memory_HeapProxy_free__E)
                  00007480    00000004     main_pem4f.oem4f (.text:xdc_runtime_System_Module_GateProxy_enter__E)
                  00007484    00000004     main_pem4f.oem4f (.text:xdc_runtime_System_Module_GateProxy_leave__E)
                  00007488    00000004     ti.targets.arm.rtsarm.aem4f : System.oem4f (.text:xdc_runtime_System_aprintf_va__F)
                  0000748c    00000004                                 : System.oem4f (.text:xdc_runtime_System_printf_va__F)
                  00007490    00000004     main_pem4f.oem4f (.text:xdc_runtime_System_vsnprintf__E)
                  00007494    00000004     main_pem4f.oem4f (.text:xdc_runtime_TimestampNull_Module__startupDone__S)
                  00007498    00000004     main_pem4f.oem4f (.text:xdc_runtime_Timestamp_Module__startupDone__S)

.const     0    0000749c    00002e20     
                  0000749c    0000239e     main_pem4f.oem4f (.const:xdc_runtime_Text_charTab__A)
                  0000983a    0000013c     main_pem4f.oem4f (.const:xdc_runtime_Text_nodeTab__A)
                  00009976    000000d8     main_pem4f.oem4f (.const:ti_sysbios_family_arm_m3_Hwi_priorities__A)
                  00009a4e    00000002     main_pem4f.oem4f (.const:ti_catalog_arm_cortexm4_tiva_ce_Boot_Module__id__C)
                  00009a50    00000090     driverlib.lib : gpio.obj (.const:g_pui32GPIOBaseAddrs)
                  00009ae0    00000060     EK_LM4F120XL.obj (.const:UART_config)
                  00009b40    00000060     main_pem4f.oem4f (.const:ti_uia_runtime_LoggerStopMode_Module__FXNS__C)
                  00009ba0    00000048     main_pem4f.oem4f (.const:.string)
                  00009be8    0000003c     EK_LM4F120XL.obj (.const:gpioHWAttrs)
                  00009c24    00000038     EK_LM4F120XL.obj (.const:uartTivaHWAttrs)
                  00009c5c    00000034     main_pem4f.oem4f (.const:xdc_runtime_Startup_sfxnTab__A)
                  00009c90    00000030     main_pem4f.oem4f (.const:ti_sysbios_family_arm_m3_Hwi_Object__PARAMS__C)
                  00009cc0    00000030     main_pem4f.oem4f (.const:ti_sysbios_knl_Task_hooks__A)
                  00009cf0    00000030     main_pem4f.oem4f (.const:ti_uia_runtime_LoggerStopMode_Object__PARAMS__C)
                  00009d20    00000028     main_pem4f.oem4f (.const:ti_sysbios_heaps_HeapMem_Module__FXNS__C)
                  00009d48    00000024     uart_tivaware.aem4f : UARTTiva.oem4f (.const:UARTTiva_fxnTable)
                  00009d6c    00000024     main_pem4f.oem4f (.const:ti_sysbios_gates_GateHwi_Module__FXNS__C)
                  00009d90    00000024     main_pem4f.oem4f (.const:ti_sysbios_gates_GateMutex_Module__FXNS__C)
                  00009db4    00000024     main_pem4f.oem4f (.const:ti_sysbios_heaps_HeapMem_Object__PARAMS__C)
                  00009dd8    00000024     main_pem4f.oem4f (.const:ti_sysbios_knl_Semaphore_Object__PARAMS__C)
                  00009dfc    00000020     main_pem4f.oem4f (.const:ti_sysbios_family_arm_m3_Hwi_Object__DESC__C)
                  00009e1c    00000020     main_pem4f.oem4f (.const:ti_sysbios_gates_GateHwi_Object__DESC__C)
                  00009e3c    00000020     main_pem4f.oem4f (.const:ti_sysbios_gates_GateMutex_Object__DESC__C)
                  00009e5c    00000020     main_pem4f.oem4f (.const:ti_sysbios_heaps_HeapMem_Object__DESC__C)
                  00009e7c    00000020     main_pem4f.oem4f (.const:ti_sysbios_knl_Queue_Object__DESC__C)
                  00009e9c    00000020     main_pem4f.oem4f (.const:ti_sysbios_knl_Semaphore_Object__DESC__C)
                  00009ebc    00000020     main_pem4f.oem4f (.const:ti_uia_runtime_LoggerStopMode_Object__DESC__C)
                  00009edc    00000020     uart_tivaware.aem4f : UART.oem4f (.const)
                  00009efc    0000001a     main_pem4f.oem4f (.const:xdc_runtime_Startup_sfxnRts__A)
                  00009f16    00000002     main_pem4f.oem4f (.const:ti_sysbios_BIOS_Module__id__C)
                  00009f18    00000018     EK_LM4F120XL.obj (.const)
                  00009f30    00000018     main_pem4f.oem4f (.const:ti_sysbios_gates_GateHwi_Object__PARAMS__C)
                  00009f48    00000018     main_pem4f.oem4f (.const:ti_sysbios_gates_GateMutex_Object__PARAMS__C)
                  00009f60    00000018     main_pem4f.oem4f (.const:ti_sysbios_knl_Queue_Object__PARAMS__C)
                  00009f78    00000014     main_pem4f.oem4f (.const:xdc_runtime_Startup_firstFxns__A)
                  00009f8c    00000011     ti.targets.arm.rtsarm.aem4f : System.oem4f (.const)
                  00009f9d    00000001     main_pem4f.oem4f (.const:xdc_runtime_Error_policy__C)
                  00009f9e    00000002     main_pem4f.oem4f (.const:ti_sysbios_family_arm_lm4_TimestampProvider_useClockTimer__C)
                  00009fa0    00000008     main_pem4f.oem4f (.const:ti_sysbios_family_arm_m3_Hwi_excHookFuncs__A)
                  00009fa8    00000008     main_pem4f.oem4f (.const:ti_sysbios_knl_Idle_coreList__A)
                  00009fb0    00000008     main_pem4f.oem4f (.const:ti_sysbios_knl_Idle_coreList__C)
                  00009fb8    00000008     main_pem4f.oem4f (.const:ti_sysbios_knl_Idle_funcList__A)
                  00009fc0    00000008     main_pem4f.oem4f (.const:ti_sysbios_knl_Idle_funcList__C)
                  00009fc8    00000008     main_pem4f.oem4f (.const:ti_sysbios_knl_Task_hooks__C)
                  00009fd0    00000008     main_pem4f.oem4f (.const:xdc_runtime_Startup_firstFxns__C)
                  00009fd8    00000008     main_pem4f.oem4f (.const:xdc_runtime_Startup_lastFxns__A)
                  00009fe0    00000008     main_pem4f.oem4f (.const:xdc_runtime_Startup_lastFxns__C)
                  00009fe8    00000004     main_pem4f.oem4f (.const:ti_catalog_arm_cortexm4_tiva_ce_Boot_A_mustUseEnhancedClockMode__C)
                  00009fec    00000004     main_pem4f.oem4f (.const:ti_catalog_arm_cortexm4_tiva_ce_Boot_Module__diagsEnabled__C)
                  00009ff0    00000004     main_pem4f.oem4f (.const:ti_catalog_arm_cortexm4_tiva_ce_Boot_Module__diagsIncluded__C)
                  00009ff4    00000004     main_pem4f.oem4f (.const:ti_catalog_arm_cortexm4_tiva_ce_Boot_Module__diagsMask__C)
                  00009ff8    00000004     main_pem4f.oem4f (.const:ti_sysbios_BIOS_Module__diagsEnabled__C)
                  00009ffc    00000004     main_pem4f.oem4f (.const:ti_sysbios_BIOS_Module__diagsIncluded__C)
                  0000a000    00000004     main_pem4f.oem4f (.const:ti_sysbios_BIOS_Module__diagsMask__C)
                  0000a004    00000004     main_pem4f.oem4f (.const:ti_sysbios_BIOS_installedErrorHook__C)
                  0000a008    00000004     main_pem4f.oem4f (.const:ti_sysbios_family_arm_lm4_Timer_enableFunc__C)
                  0000a00c    00000004     main_pem4f.oem4f (.const:ti_sysbios_family_arm_lm4_Timer_numTimerDevices__C)
                  0000a010    00000004     main_pem4f.oem4f (.const:ti_sysbios_family_arm_lm4_Timer_startupNeeded__C)
                  0000a014    00000004     main_pem4f.oem4f (.const:ti_sysbios_family_arm_m3_Hwi_E_NMI__C)
                  0000a018    00000004     main_pem4f.oem4f (.const:ti_sysbios_family_arm_m3_Hwi_E_alreadyDefined__C)
                  0000a01c    00000004     main_pem4f.oem4f (.const:ti_sysbios_family_arm_m3_Hwi_E_busFault__C)
                  0000a020    00000004     main_pem4f.oem4f (.const:ti_sysbios_family_arm_m3_Hwi_E_debugMon__C)
                  0000a024    00000004     main_pem4f.oem4f (.const:ti_sysbios_family_arm_m3_Hwi_E_hardFault__C)
                  0000a028    00000004     main_pem4f.oem4f (.const:ti_sysbios_family_arm_m3_Hwi_E_memFault__C)
                  0000a02c    00000004     main_pem4f.oem4f (.const:ti_sysbios_family_arm_m3_Hwi_E_noIsr__C)
                  0000a030    00000004     main_pem4f.oem4f (.const:ti_sysbios_family_arm_m3_Hwi_E_reserved__C)
                  0000a034    00000004     main_pem4f.oem4f (.const:ti_sysbios_family_arm_m3_Hwi_E_svCall__C)
                  0000a038    00000004     main_pem4f.oem4f (.const:ti_sysbios_family_arm_m3_Hwi_E_usageFault__C)
                  0000a03c    00000004     main_pem4f.oem4f (.const:ti_sysbios_family_arm_m3_Hwi_LD_end__C)
                  0000a040    00000004     main_pem4f.oem4f (.const:ti_sysbios_family_arm_m3_Hwi_LM_begin__C)
                  0000a044    00000004     main_pem4f.oem4f (.const:ti_sysbios_family_arm_m3_Hwi_Module__diagsEnabled__C)
                  0000a048    00000004     main_pem4f.oem4f (.const:ti_sysbios_family_arm_m3_Hwi_Module__diagsIncluded__C)
                  0000a04c    00000004     main_pem4f.oem4f (.const:ti_sysbios_family_arm_m3_Hwi_Module__diagsMask__C)
                  0000a050    00000004     main_pem4f.oem4f (.const:ti_sysbios_family_arm_m3_Hwi_Module__loggerFxn1__C)
                  0000a054    00000004     main_pem4f.oem4f (.const:ti_sysbios_family_arm_m3_Hwi_Module__loggerFxn8__C)
                  0000a058    00000004     main_pem4f.oem4f (.const:ti_sysbios_family_arm_m3_Hwi_Module__loggerObj__C)
                  0000a05c    00000004     main_pem4f.oem4f (.const:ti_sysbios_family_arm_m3_Hwi_NUM_INTERRUPTS__C)
                  0000a060    00000004     main_pem4f.oem4f (.const:ti_sysbios_family_arm_m3_Hwi_ccr__C)
                  0000a064    00000004     main_pem4f.oem4f (.const:ti_sysbios_family_arm_m3_Hwi_dispatchTable__C)
                  0000a068    00000004     main_pem4f.oem4f (.const:ti_sysbios_family_arm_m3_Hwi_excHandlerFunc__C)
                  0000a06c    00000004     main_pem4f.oem4f (.const:ti_sysbios_family_arm_m3_Hwi_excHookFuncs__C)
                  0000a070    00000004     main_pem4f.oem4f (.const:ti_sysbios_family_arm_m3_Hwi_priGroup__C)
                  0000a074    00000004     main_pem4f.oem4f (.const:ti_sysbios_family_arm_m3_Hwi_priorities__C)
                  0000a078    00000004     main_pem4f.oem4f (.const:ti_sysbios_gates_GateMutex_A_badContext__C)
                  0000a07c    00000004     main_pem4f.oem4f (.const:ti_sysbios_gates_GateMutex_Instance_State_sem__O)
                  0000a080    00000004     main_pem4f.oem4f (.const:ti_sysbios_gates_GateMutex_Module__diagsEnabled__C)
                  0000a084    00000004     main_pem4f.oem4f (.const:ti_sysbios_gates_GateMutex_Module__diagsIncluded__C)
                  0000a088    00000004     main_pem4f.oem4f (.const:ti_sysbios_gates_GateMutex_Module__diagsMask__C)
                  0000a08c    00000004     main_pem4f.oem4f (.const:ti_sysbios_hal_Hwi_E_stackOverflow__C)
                  0000a090    00000004     main_pem4f.oem4f (.const:ti_sysbios_heaps_HeapMem_A_align__C)
                  0000a094    00000004     main_pem4f.oem4f (.const:ti_sysbios_heaps_HeapMem_A_heapSize__C)
                  0000a098    00000004     main_pem4f.oem4f (.const:ti_sysbios_heaps_HeapMem_A_invalidFree__C)
                  0000a09c    00000004     main_pem4f.oem4f (.const:ti_sysbios_heaps_HeapMem_A_zeroBlock__C)
                  0000a0a0    00000004     main_pem4f.oem4f (.const:ti_sysbios_heaps_HeapMem_E_memory__C)
                  0000a0a4    00000004     main_pem4f.oem4f (.const:ti_sysbios_heaps_HeapMem_Module__diagsEnabled__C)
                  0000a0a8    00000004     main_pem4f.oem4f (.const:ti_sysbios_heaps_HeapMem_Module__diagsIncluded__C)
                  0000a0ac    00000004     main_pem4f.oem4f (.const:ti_sysbios_heaps_HeapMem_Module__diagsMask__C)
                  0000a0b0    00000004     main_pem4f.oem4f (.const:ti_sysbios_heaps_HeapMem_Module__gateObj__C)
                  0000a0b4    00000004     main_pem4f.oem4f (.const:ti_sysbios_heaps_HeapMem_Object__count__C)
                  0000a0b8    00000004     main_pem4f.oem4f (.const:ti_sysbios_heaps_HeapMem_reqAlign__C)
                  0000a0bc    00000004     main_pem4f.oem4f (.const:ti_sysbios_io_DEV_Object__count__C)
                  0000a0c0    00000004     main_pem4f.oem4f (.const:ti_sysbios_io_DEV_tableSize__C)
                  0000a0c4    00000004     main_pem4f.oem4f (.const:ti_sysbios_knl_Clock_LM_begin__C)
                  0000a0c8    00000004     main_pem4f.oem4f (.const:ti_sysbios_knl_Clock_LM_tick__C)
                  0000a0cc    00000004     main_pem4f.oem4f (.const:ti_sysbios_knl_Clock_LW_delayed__C)
                  0000a0d0    00000004     main_pem4f.oem4f (.const:ti_sysbios_knl_Clock_Module_State_clockQ__O)
                  0000a0d4    00000004     main_pem4f.oem4f (.const:ti_sysbios_knl_Clock_Module__diagsEnabled__C)
                  0000a0d8    00000004     main_pem4f.oem4f (.const:ti_sysbios_knl_Clock_Module__diagsIncluded__C)
                  0000a0dc    00000004     main_pem4f.oem4f (.const:ti_sysbios_knl_Clock_Module__diagsMask__C)
                  0000a0e0    00000004     main_pem4f.oem4f (.const:ti_sysbios_knl_Clock_Module__loggerFxn1__C)
                  0000a0e4    00000004     main_pem4f.oem4f (.const:ti_sysbios_knl_Clock_Module__loggerFxn2__C)
                  0000a0e8    00000004     main_pem4f.oem4f (.const:ti_sysbios_knl_Clock_Module__loggerObj__C)
                  0000a0ec    00000004     main_pem4f.oem4f (.const:ti_sysbios_knl_Semaphore_A_badContext__C)
                  0000a0f0    00000004     main_pem4f.oem4f (.const:ti_sysbios_knl_Semaphore_A_noEvents__C)
                  0000a0f4    00000004     main_pem4f.oem4f (.const:ti_sysbios_knl_Semaphore_A_overflow__C)
                  0000a0f8    00000004     main_pem4f.oem4f (.const:ti_sysbios_knl_Semaphore_A_pendTaskDisabled__C)
                  0000a0fc    00000004     main_pem4f.oem4f (.const:ti_sysbios_knl_Semaphore_Instance_State_pendQ__O)
                  0000a100    00000004     main_pem4f.oem4f (.const:ti_sysbios_knl_Semaphore_LM_pend__C)
                  0000a104    00000004     main_pem4f.oem4f (.const:ti_sysbios_knl_Semaphore_LM_post__C)
                  0000a108    00000004     main_pem4f.oem4f (.const:ti_sysbios_knl_Semaphore_Module__diagsEnabled__C)
                  0000a10c    00000004     main_pem4f.oem4f (.const:ti_sysbios_knl_Semaphore_Module__diagsIncluded__C)
                  0000a110    00000004     main_pem4f.oem4f (.const:ti_sysbios_knl_Semaphore_Module__diagsMask__C)
                  0000a114    00000004     main_pem4f.oem4f (.const:ti_sysbios_knl_Semaphore_Module__loggerFxn2__C)
                  0000a118    00000004     main_pem4f.oem4f (.const:ti_sysbios_knl_Semaphore_Module__loggerFxn4__C)
                  0000a11c    00000004     main_pem4f.oem4f (.const:ti_sysbios_knl_Semaphore_Module__loggerObj__C)
                  0000a120    00000004     main_pem4f.oem4f (.const:ti_sysbios_knl_Swi_LD_end__C)
                  0000a124    00000004     main_pem4f.oem4f (.const:ti_sysbios_knl_Swi_LM_begin__C)
                  0000a128    00000004     main_pem4f.oem4f (.const:ti_sysbios_knl_Swi_LM_post__C)
                  0000a12c    00000004     main_pem4f.oem4f (.const:ti_sysbios_knl_Swi_Module__diagsEnabled__C)
                  0000a130    00000004     main_pem4f.oem4f (.const:ti_sysbios_knl_Swi_Module__diagsIncluded__C)
                  0000a134    00000004     main_pem4f.oem4f (.const:ti_sysbios_knl_Swi_Module__diagsMask__C)
                  0000a138    00000004     main_pem4f.oem4f (.const:ti_sysbios_knl_Swi_Module__loggerFxn1__C)
                  0000a13c    00000004     main_pem4f.oem4f (.const:ti_sysbios_knl_Swi_Module__loggerFxn4__C)
                  0000a140    00000004     main_pem4f.oem4f (.const:ti_sysbios_knl_Swi_Module__loggerObj__C)
                  0000a144    00000004     main_pem4f.oem4f (.const:ti_sysbios_knl_Swi_Object__count__C)
                  0000a148    00000004     main_pem4f.oem4f (.const:ti_sysbios_knl_Task_E_spOutOfBounds__C)
                  0000a14c    00000004     main_pem4f.oem4f (.const:ti_sysbios_knl_Task_E_stackOverflow__C)
                  0000a150    00000004     main_pem4f.oem4f (.const:ti_sysbios_knl_Task_LD_block__C)
                  0000a154    00000004     main_pem4f.oem4f (.const:ti_sysbios_knl_Task_LD_exit__C)
                  0000a158    00000004     main_pem4f.oem4f (.const:ti_sysbios_knl_Task_LD_ready__C)
                  0000a15c    00000004     main_pem4f.oem4f (.const:ti_sysbios_knl_Task_LM_switch__C)
                  0000a160    00000004     main_pem4f.oem4f (.const:ti_sysbios_knl_Task_Module_State_inactiveQ__O)
                  0000a164    00000004     main_pem4f.oem4f (.const:ti_sysbios_knl_Task_Module__diagsEnabled__C)
                  0000a168    00000004     main_pem4f.oem4f (.const:ti_sysbios_knl_Task_Module__diagsIncluded__C)
                  0000a16c    00000004     main_pem4f.oem4f (.const:ti_sysbios_knl_Task_Module__diagsMask__C)
                  0000a170    00000004     main_pem4f.oem4f (.const:ti_sysbios_knl_Task_Module__loggerFxn2__C)
                  0000a174    00000004     main_pem4f.oem4f (.const:ti_sysbios_knl_Task_Module__loggerFxn4__C)
                  0000a178    00000004     main_pem4f.oem4f (.const:ti_sysbios_knl_Task_Module__loggerObj__C)
                  0000a17c    00000004     main_pem4f.oem4f (.const:ti_sysbios_knl_Task_Object__count__C)
                  0000a180    00000004     main_pem4f.oem4f (.const:ti_sysbios_knl_Task_Object__heap__C)
                  0000a184    00000004     main_pem4f.oem4f (.const:ti_sysbios_knl_Task_allBlockedFunc__C)
                  0000a188    00000004     main_pem4f.oem4f (.const:ti_sysbios_knl_Task_numConstructedTasks__C)
                  0000a18c    00000004     main_pem4f.oem4f (.const:ti_sysbios_utils_Load_LS_cpuLoad__C)
                  0000a190    00000004     main_pem4f.oem4f (.const:ti_sysbios_utils_Load_LS_hwiLoad__C)
                  0000a194    00000004     main_pem4f.oem4f (.const:ti_sysbios_utils_Load_LS_taskLoad__C)
                  0000a198    00000004     main_pem4f.oem4f (.const:ti_sysbios_utils_Load_Module_State_taskList__O)
                  0000a19c    00000004     main_pem4f.oem4f (.const:ti_sysbios_utils_Load_Module__diagsEnabled__C)
                  0000a1a0    00000004     main_pem4f.oem4f (.const:ti_sysbios_utils_Load_Module__diagsIncluded__C)
                  0000a1a4    00000004     main_pem4f.oem4f (.const:ti_sysbios_utils_Load_Module__diagsMask__C)
                  0000a1a8    00000004     main_pem4f.oem4f (.const:ti_sysbios_utils_Load_Module__loggerFxn1__C)
                  0000a1ac    00000004     main_pem4f.oem4f (.const:ti_sysbios_utils_Load_Module__loggerFxn2__C)
                  0000a1b0    00000004     main_pem4f.oem4f (.const:ti_sysbios_utils_Load_Module__loggerFxn4__C)
                  0000a1b4    00000004     main_pem4f.oem4f (.const:ti_sysbios_utils_Load_Module__loggerObj__C)
                  0000a1b8    00000004     main_pem4f.oem4f (.const:ti_sysbios_utils_Load_postUpdate__C)
                  0000a1bc    00000004     main_pem4f.oem4f (.const:ti_sysbios_utils_Load_windowInMs__C)
                  0000a1c0    00000004     main_pem4f.oem4f (.const:ti_uia_runtime_ILoggerSnapshot_Interface__BASE__C)
                  0000a1c4    00000004     main_pem4f.oem4f (.const:ti_uia_runtime_IUIATransfer_Interface__BASE__C)
                  0000a1c8    00000004     main_pem4f.oem4f (.const:ti_uia_runtime_LoggerStopMode_E_badLevel__C)
                  0000a1cc    00000004     main_pem4f.oem4f (.const:ti_uia_runtime_LoggerStopMode_Object__count__C)
                  0000a1d0    00000004     main_pem4f.oem4f (.const:ti_uia_runtime_LoggerStopMode_overflowLogger__C)
                  0000a1d4    00000004     main_pem4f.oem4f (.const:ti_uia_runtime_LoggerStopMode_statusLogger__C)
                  0000a1d8    00000004     main_pem4f.oem4f (.const:xdc_runtime_Assert_E_assertFailed__C)
                  0000a1dc    00000004     main_pem4f.oem4f (.const:xdc_runtime_Core_A_initializedParams__C)
                  0000a1e0    00000004     main_pem4f.oem4f (.const:xdc_runtime_Core_Module__diagsEnabled__C)
                  0000a1e4    00000004     main_pem4f.oem4f (.const:xdc_runtime_Core_Module__diagsIncluded__C)
                  0000a1e8    00000004     main_pem4f.oem4f (.const:xdc_runtime_Core_Module__diagsMask__C)
                  0000a1ec    00000004     main_pem4f.oem4f (.const:xdc_runtime_Error_E_generic__C)
                  0000a1f0    00000004     main_pem4f.oem4f (.const:xdc_runtime_Error_E_memory__C)
                  0000a1f4    00000004     main_pem4f.oem4f (.const:xdc_runtime_Error_Module__diagsEnabled__C)
                  0000a1f8    00000004     main_pem4f.oem4f (.const:xdc_runtime_Error_Module__diagsIncluded__C)
                  0000a1fc    00000004     main_pem4f.oem4f (.const:xdc_runtime_Error_Module__diagsMask__C)
                  0000a200    00000004     main_pem4f.oem4f (.const:xdc_runtime_Error_Module__loggerFxn8__C)
                  0000a204    00000004     main_pem4f.oem4f (.const:xdc_runtime_Error_Module__loggerObj__C)
                  0000a208    00000004     main_pem4f.oem4f (.const:xdc_runtime_Error_raiseHook__C)
                  0000a20c    00000004     main_pem4f.oem4f (.const:xdc_runtime_IFilterLogger_Interface__BASE__C)
                  0000a210    00000004     main_pem4f.oem4f (.const:xdc_runtime_IGateProvider_Interface__BASE__C)
                  0000a214    00000004     main_pem4f.oem4f (.const:xdc_runtime_IHeap_Interface__BASE__C)
                  0000a218    00000004     main_pem4f.oem4f (.const:xdc_runtime_ILogger_Interface__BASE__C)
                  0000a21c    00000004     main_pem4f.oem4f (.const:xdc_runtime_IModule_Interface__BASE__C)
                  0000a220    00000004     main_pem4f.oem4f (.const:xdc_runtime_Log_L_error__C)
                  0000a224    00000004     main_pem4f.oem4f (.const:xdc_runtime_Main_Module__diagsEnabled__C)
                  0000a228    00000004     main_pem4f.oem4f (.const:xdc_runtime_Main_Module__diagsIncluded__C)
                  0000a22c    00000004     main_pem4f.oem4f (.const:xdc_runtime_Main_Module__diagsMask__C)
                  0000a230    00000004     main_pem4f.oem4f (.const:xdc_runtime_Main_Module__loggerFxn4__C)
                  0000a234    00000004     main_pem4f.oem4f (.const:xdc_runtime_Main_Module__loggerObj__C)
                  0000a238    00000004     main_pem4f.oem4f (.const:xdc_runtime_Memory_defaultHeapInstance__C)
                  0000a23c    00000004     main_pem4f.oem4f (.const:xdc_runtime_Startup_execImpl__C)
                  0000a240    00000004     main_pem4f.oem4f (.const:xdc_runtime_Startup_maxPasses__C)
                  0000a244    00000004     main_pem4f.oem4f (.const:xdc_runtime_Startup_sfxnRts__C)
                  0000a248    00000004     main_pem4f.oem4f (.const:xdc_runtime_Startup_sfxnTab__C)
                  0000a24c    00000004     main_pem4f.oem4f (.const:xdc_runtime_SysMin_bufSize__C)
                  0000a250    00000004     main_pem4f.oem4f (.const:xdc_runtime_SysMin_outputFunc__C)
                  0000a254    00000004     main_pem4f.oem4f (.const:xdc_runtime_System_Module__gateObj__C)
                  0000a258    00000004     main_pem4f.oem4f (.const:xdc_runtime_System_extendFxn__C)
                  0000a25c    00000004     main_pem4f.oem4f (.const:xdc_runtime_System_maxAtexitHandlers__C)
                  0000a260    00000004     main_pem4f.oem4f (.const:xdc_runtime_Text_charTab__C)
                  0000a264    00000004     main_pem4f.oem4f (.const:xdc_runtime_Text_nameEmpty__C)
                  0000a268    00000004     main_pem4f.oem4f (.const:xdc_runtime_Text_nameStatic__C)
                  0000a26c    00000004     main_pem4f.oem4f (.const:xdc_runtime_Text_nameUnknown__C)
                  0000a270    00000004     main_pem4f.oem4f (.const:xdc_runtime_Text_nodeTab__C)
                  0000a274    00000004     main_pem4f.oem4f (.const:xdc_runtime_Text_visitRopeFxn__C)
                  0000a278    00000002     main_pem4f.oem4f (.const:ti_sysbios_family_arm_m3_Hwi_Module__id__C)
                  0000a27a    00000002     main_pem4f.oem4f (.const:ti_sysbios_family_arm_m3_Hwi_Module__loggerDefined__C)
                  0000a27c    00000002     main_pem4f.oem4f (.const:ti_sysbios_gates_GateMutex_Module__id__C)
                  0000a27e    00000002     main_pem4f.oem4f (.const:ti_sysbios_hal_Hwi_Module__id__C)
                  0000a280    00000002     main_pem4f.oem4f (.const:ti_sysbios_heaps_HeapMem_Module__id__C)
                  0000a282    00000002     main_pem4f.oem4f (.const:ti_sysbios_io_DEV_Module__id__C)
                  0000a284    00000002     main_pem4f.oem4f (.const:ti_sysbios_knl_Clock_Module__id__C)
                  0000a286    00000002     main_pem4f.oem4f (.const:ti_sysbios_knl_Clock_Module__loggerDefined__C)
                  0000a288    00000002     main_pem4f.oem4f (.const:ti_sysbios_knl_Semaphore_Module__id__C)
                  0000a28a    00000002     main_pem4f.oem4f (.const:ti_sysbios_knl_Semaphore_Module__loggerDefined__C)
                  0000a28c    00000002     main_pem4f.oem4f (.const:ti_sysbios_knl_Swi_Module__id__C)
                  0000a28e    00000002     main_pem4f.oem4f (.const:ti_sysbios_knl_Swi_Module__loggerDefined__C)
                  0000a290    00000002     main_pem4f.oem4f (.const:ti_sysbios_knl_Task_Module__id__C)
                  0000a292    00000002     main_pem4f.oem4f (.const:ti_sysbios_knl_Task_Module__loggerDefined__C)
                  0000a294    00000002     main_pem4f.oem4f (.const:ti_sysbios_knl_Task_initStackFlag__C)
                  0000a296    00000002     main_pem4f.oem4f (.const:ti_sysbios_utils_Load_Module__id__C)
                  0000a298    00000002     main_pem4f.oem4f (.const:ti_sysbios_utils_Load_Module__loggerDefined__C)
                  0000a29a    00000002     main_pem4f.oem4f (.const:ti_sysbios_utils_Load_autoAddTasks__C)
                  0000a29c    00000002     main_pem4f.oem4f (.const:ti_sysbios_utils_Load_hwiEnabled__C)
                  0000a29e    00000002     main_pem4f.oem4f (.const:ti_sysbios_utils_Load_updateInIdle__C)
                  0000a2a0    00000002     main_pem4f.oem4f (.const:ti_uia_runtime_LoggerStopMode_Module__id__C)
                  0000a2a2    00000002     main_pem4f.oem4f (.const:ti_uia_runtime_LoggerStopMode_filterByLevel__C)
                  0000a2a4    00000002     main_pem4f.oem4f (.const:ti_uia_runtime_LoggerStopMode_isTimestampEnabled__C)
                  0000a2a6    00000002     main_pem4f.oem4f (.const:xdc_runtime_Core_Module__id__C)
                  0000a2a8    00000002     main_pem4f.oem4f (.const:xdc_runtime_Error_Module__loggerDefined__C)
                  0000a2aa    00000002     main_pem4f.oem4f (.const:xdc_runtime_Error_maxDepth__C)
                  0000a2ac    00000002     main_pem4f.oem4f (.const:xdc_runtime_Main_Module__id__C)
                  0000a2ae    00000002     main_pem4f.oem4f (.const:xdc_runtime_Main_Module__loggerDefined__C)
                  0000a2b0    00000002     main_pem4f.oem4f (.const:xdc_runtime_Memory_Module__id__C)
                  0000a2b2    00000002     main_pem4f.oem4f (.const:xdc_runtime_SysMin_flushAtExit__C)
                  0000a2b4    00000002     main_pem4f.oem4f (.const:xdc_runtime_Text_charCnt__C)
                  0000a2b6    00000002     main_pem4f.oem4f (.const:xdc_runtime_Text_isLoaded__C)
                  0000a2b8    00000002     main_pem4f.oem4f (.const:xdc_runtime_Text_registryModsLastId__C)
                  0000a2ba    00000002     main_pem4f.oem4f (.const:xdc_runtime_Text_unnamedModsLastId__C)

.cinit     0    0000a2c0    000005a0     
                  0000a2c0    00000568     (.cinit..data.load) [load image, compression = rle]
                  0000a828    0000000c     (__TI_handler_table)
                  0000a834    00000004     --HOLE-- [fill = 0]
                  0000a838    00000008     (.cinit..bss.load) [load image, compression = zero_init]
                  0000a840    00000008     (.cinit..vecs.load) [load image, compression = zero_init]
                  0000a848    00000018     (__TI_cinit_table)

.vecs      0    20000000    00000360     UNINITIALIZED
                  20000000    00000360     main_pem4f.oem4f (.vecs)

.bss       0    20000360    00003470     UNINITIALIZED
                  20000360    00001000     main_pem4f.oem4f (.bss:taskStackSection)
                  20001360    00001000     main_pem4f.oem4f (.bss:ti_sysbios_heaps_HeapMem_Instance_State_0_buf__A)
                  20002360    00000480     main_pem4f.oem4f (.bss:ti_uia_runtime_LoggerStopMode_Instance_State_1_bufferArray__A)
                  200027e0    00000480     main_pem4f.oem4f (.bss:ti_uia_runtime_LoggerStopMode_Instance_State_2_bufferArray__A)
                  20002c60    00000400     main_pem4f.oem4f (.bss:xdc_runtime_SysMin_Module_State_0_outbuf__A)
                  20003060    000003b8     EK_LM4F120XL.obj (.bss:uartTivaObjects)
                  20003418    00000280     main_pem4f.oem4f (.bss:ti_uia_runtime_LoggerStopMode_Instance_State_0_bufferArray__A)
                  20003698    00000120     rtsv7M4_T_le_v4SPD16_eabi.lib : trgmsg.obj (.bss:__CIOBUF_)
                  200037b8    00000008     (.common:parmbuf)
                  200037c0    00000008     (.common:ti_sysbios_knl_Task_Instance_State_0_hookEnv__A)
                  200037c8    00000008     (.common:ti_sysbios_knl_Task_Instance_State_1_hookEnv__A)

.stack     0    200037d0    00001000     UNINITIALIZED
                  200037d0    00001000     --HOLE--

.data      0    200047d0    00000b00     UNINITIALIZED
                  200047d0    00000360     main_pem4f.oem4f (.data:ti_sysbios_family_arm_m3_Hwi_Module_State_0_dispatchTable__A)
                  20004b30    000001fc     main_pem4f.oem4f (.data)
                  20004d2c    00000108     main_pem4f.oem4f (.data:ti_uia_runtime_LoggerStopMode_Object__table__V)
                  20004e34    000000a0     main_pem4f.oem4f (.data:ti_sysbios_knl_Task_Object__table__V)
                  20004ed4    00000098     main_pem4f.oem4f (.data:ti_sysbios_utils_Load_Module__state__V)
                  20004f6c    00000080     main_pem4f.oem4f (.data:ti_sysbios_knl_Swi_Module_State_0_readyQ__A)
                  20004fec    00000080     main_pem4f.oem4f (.data:ti_sysbios_knl_Task_Module_State_0_readyQ__A)
                  2000506c    00000070     main_pem4f.oem4f (.data:ti_sysbios_family_arm_lm4_Timer_Object__table__V)
                  200050dc    0000005c     main_pem4f.oem4f (.data:ti_sysbios_family_arm_m3_Hwi_Module__state__V)
                  20005138    00000044     main_pem4f.oem4f (.data:ti_sysbios_knl_Task_Module__state__V)
                  2000517c    00000038     main_pem4f.oem4f (.data:ti_sysbios_gates_GateMutex_Object__table__V)
                  200051b4    00000038     main_pem4f.oem4f (.data:ti_sysbios_utils_Load_Module_State_0_taskEnv__A)
                  200051ec    00000030     main_pem4f.oem4f (.data:ti_sysbios_family_arm_lm4_Timer_Module_State_0_device__A)
                  2000521c    00000030     main_pem4f.oem4f (.data:ti_sysbios_family_arm_m3_Hwi_Object__table__V)
                  2000524c    00000030     main_pem4f.oem4f (.data:ti_sysbios_knl_Swi_Object__table__V)
                  2000527c    00000028     main_pem4f.oem4f (.data:ti_sysbios_knl_Clock_Module__state__V)
                  200052a4    00000008     gpio_tivaware.aem4f : GPIO.oem4f (.data)
                  200052ac    00000008     rtsv7M4_T_le_v4SPD16_eabi.lib : _lock.obj (.data)
                  200052b4    00000008                                   : exit.obj (.data)
                  200052bc    00000008     ti.uia.runtime.aem4f : QueueDescriptor.oem4f (.data)
                  200052c4    00000004     rtsv7M4_T_le_v4SPD16_eabi.lib : dtor_list.obj (.data)
                  200052c8    00000004                                   : stkdepth_vars.obj (.data)
                  200052cc    00000004     uart_tivaware.aem4f : UART.oem4f (.data)


LINKER GENERATED COPY TABLES

__TI_cinit_table @ 0000a848 records: 3, size/record: 8, table size: 24
	.data: load addr=0000a2c0, load size=00000568 bytes, run addr=200047d0, run size=00000b00 bytes, compression=rle
	.bss: load addr=0000a838, load size=00000008 bytes, run addr=20000360, run size=00003470 bytes, compression=zero_init
	.vecs: load addr=0000a840, load size=00000008 bytes, run addr=20000000, run size=00000360 bytes, compression=zero_init


LINKER GENERATED HANDLER TABLE

__TI_handler_table @ 0000a828 records: 3, size/record: 4, table size: 12
	index: 0, handler: __TI_zero_init
	index: 1, handler: __TI_decompress_rle24
	index: 2, handler: __TI_decompress_none


GLOBAL SYMBOLS: SORTED ALPHABETICALLY BY Name 

address    name
--------   ----
00005ea1   C$$EXIT
00005717   C$$IO$$
00004b01   EK_LM4F120XL_initGPIO
00006145   EK_LM4F120XL_initGeneral
0000311d   EK_LM4F120XL_initUART
0000694d   GPIODirModeSet
00002a19   GPIOPadConfigSet
00005c65   GPIOPinConfigure
00007075   GPIOPinTypeGPIOInput
00006ea3   GPIOPinTypeGPIOOutput
00007087   GPIOPinTypeUART
000073d7   GPIOPinWrite
00009f18   GPIO_config
00006a69   GPIO_init
00003a11   GPIO_write
00001035   HOSTclock
00000ffd   HOSTclose
00000fbf   HOSTgetenv
00000f63   HOSTlseek
00000f11   HOSTopen
00000ec5   HOSTread
00000e67   HOSTrename
00000e2d   HOSTtime
00000df5   HOSTunlink
00000da9   HOSTwrite
UNDEFED    SHT$$INIT_ARRAY$$Base
UNDEFED    SHT$$INIT_ARRAY$$Limit
0000656d   SysCtlPeripheralEnable
20004e84   TSK_idle
00007359   UARTCharGet
00007245   UARTCharGetNonBlocking
00007363   UARTCharPut
00007253   UARTCharPutNonBlocking
000060c1   UARTConfigSetExpClk
00006cf5   UARTDisable
00006fc1   UARTEnable
000073dd   UARTFIFOLevelSet
00007425   UARTIntClear
0000736d   UARTIntDisable
0000739f   UARTIntEnable
00007377   UARTIntStatus
000065a1   UARTTiva_close
00009d48   UARTTiva_fxnTable
000073a7   UARTTiva_init
00001ef1   UARTTiva_open
00005279   UARTTiva_read
0000663d   UARTTiva_readCancel
00005491   UARTTiva_readPolling
000052e5   UARTTiva_write
0000666f   UARTTiva_writeCancel
00006185   UARTTiva_writePolling
00006fd5   UART_Params_init
00009ae0   UART_config
00009edc   UART_defaultParams
00006375   UART_init
00006ebd   UART_open
00007381   UART_write
00000000   __ASM__
20003698   __CIOBUF_
00000073   __ISA__
00000086   __PLAT__
200047d0   __STACK_END
00001000   __STACK_SIZE
200038d0   __STACK_TOP
000000a7   __TARG__
0000a848   __TI_CINIT_Base
0000a860   __TI_CINIT_Limit
0000a828   __TI_Handler_Table_Base
0000a834   __TI_Handler_Table_Limit
00000001   __TI_args_main
00004655   __TI_auto_init
200052b4   __TI_cleanup_ptr
00007261   __TI_decompress_none
000073e9   __TI_decompress_rle24
200052b8   __TI_dtors_ptr
0000571b   __TI_readmsg
00000000   __TI_static_base__
000056ed   __TI_writemsg
00007099   __TI_zero_init
000000cd   __TRDR__
00003881   __aeabi_atexit
00004d93   __aeabi_memclr
00004d93   __aeabi_memclr4
00004d93   __aeabi_memclr8
000046f5   __aeabi_memcpy
000046f5   __aeabi_memcpy4
000046f5   __aeabi_memcpy8
00004d95   __aeabi_memset
00004d95   __aeabi_memset4
00004d95   __aeabi_memset8
ffffffff   __binit__
ffffffff   __c_args__
0000386f   __cxa_atexit
00003829   __cxa_finalize
00003869   __cxa_ia64_exit
200037d0   __stack
000073e3   __xdc__init
20004d28   __xdc__init__addr
00006eed   _args_main
0000597d   _c_int00
200052ac   _lock
00006ff7   _nop
00006fef   _register_lock
00006fe9   _register_unlock
200052b0   _unlock
00005ea5   abort
00003873   atexit
ffffffff   binit
00005e5d   copy_in
00005625   echoFxn
00005ead   exit
00006ed5   free
00009be8   gpioHWAttrs
00004955   main
200052c8   main_func_sp
00006791   malloc
000046f5   memcpy
00004d9b   memset
00007105   strcpy
00006ffd   strlen
00009fe8   ti_catalog_arm_cortexm4_tiva_ce_Boot_A_mustUseEnhancedClockMode__C
00009fec   ti_catalog_arm_cortexm4_tiva_ce_Boot_Module__diagsEnabled__C
00009ff0   ti_catalog_arm_cortexm4_tiva_ce_Boot_Module__diagsIncluded__C
00009ff4   ti_catalog_arm_cortexm4_tiva_ce_Boot_Module__diagsMask__C
00009a4e   ti_catalog_arm_cortexm4_tiva_ce_Boot_Module__id__C
0000728d   ti_catalog_arm_cortexm4_tiva_ce_Boot_init__I
00003229   ti_catalog_arm_cortexm4_tiva_ce_Boot_sysCtlClockSetI__I
0000482d   ti_catalog_arm_cortexm4_tiva_ce_Boot_sysCtlClockSet__E
000073ef   ti_catalog_arm_cortexm4_tiva_ce_Boot_sysCtlDelayI__I
00009ff8   ti_sysbios_BIOS_Module__diagsEnabled__C
00009ffc   ti_sysbios_BIOS_Module__diagsIncluded__C
0000a000   ti_sysbios_BIOS_Module__diagsMask__C
00009f16   ti_sysbios_BIOS_Module__id__C
20004b30   ti_sysbios_BIOS_Module__state__V
00007429   ti_sysbios_BIOS_RtsGateProxy_enter__E
0000742d   ti_sysbios_BIOS_RtsGateProxy_leave__E
00007441   ti_sysbios_BIOS_RtsGateProxy_query__E
00005cad   ti_sysbios_BIOS_errorRaiseHook__I
000066a1   ti_sysbios_BIOS_exitFunc__I
00007115   ti_sysbios_BIOS_getCpuFreq__E
0000a004   ti_sysbios_BIOS_installedErrorHook__C
0000482b   ti_sysbios_BIOS_nullFunc__I
00006a8d   ti_sysbios_BIOS_registerRTSLock__I
00006d11   ti_sysbios_BIOS_rtsLock__I
00005429   ti_sysbios_BIOS_rtsUnlock__I
00007125   ti_sysbios_BIOS_setThreadType__E
00006ab1   ti_sysbios_BIOS_startFunc__I
00007135   ti_sysbios_BIOS_start__E
200051ec   ti_sysbios_family_arm_lm4_Timer_Module_State_0_device__A
20004b58   ti_sysbios_family_arm_lm4_Timer_Module_State_0_handles__A
20004b50   ti_sysbios_family_arm_lm4_Timer_Module__root__V
00006f05   ti_sysbios_family_arm_lm4_Timer_Module__startupDone__F
00006f05   ti_sysbios_family_arm_lm4_Timer_Module__startupDone__S
20004b70   ti_sysbios_family_arm_lm4_Timer_Module__state__V
00005869   ti_sysbios_family_arm_lm4_Timer_Module_startup__E
00005869   ti_sysbios_family_arm_lm4_Timer_Module_startup__F
2000506c   ti_sysbios_family_arm_lm4_Timer_Object__table__V
0000a008   ti_sysbios_family_arm_lm4_Timer_enableFunc__C
0000450d   ti_sysbios_family_arm_lm4_Timer_enableTimers__I
00004269   ti_sysbios_family_arm_lm4_Timer_enableTiva__I
00007431   ti_sysbios_family_arm_lm4_Timer_getPeriod__E
00004e85   ti_sysbios_family_arm_lm4_Timer_isrStub__E
00007299   ti_sysbios_family_arm_lm4_Timer_masterDisable__I
00007435   ti_sysbios_family_arm_lm4_Timer_masterEnable__I
0000a00c   ti_sysbios_family_arm_lm4_Timer_numTimerDevices__C
000014f9   ti_sysbios_family_arm_lm4_Timer_start__E
0000a010   ti_sysbios_family_arm_lm4_Timer_startupNeeded__C
000061c5   ti_sysbios_family_arm_lm4_Timer_startup__E
00005ee5   ti_sysbios_family_arm_lm4_Timer_stop__E
20004b7c   ti_sysbios_family_arm_lm4_TimestampProvider_Module__state__V
000073f5   ti_sysbios_family_arm_lm4_TimestampProvider_Module_startup__E
000073f5   ti_sysbios_family_arm_lm4_TimestampProvider_Module_startup__F
00003d85   ti_sysbios_family_arm_lm4_TimestampProvider_get32__E
00002c79   ti_sysbios_family_arm_lm4_TimestampProvider_get64__E
00007115   ti_sysbios_family_arm_lm4_TimestampProvider_getFreq__E
00007145   ti_sysbios_family_arm_lm4_TimestampProvider_rolloverFunc__E
000072a5   ti_sysbios_family_arm_lm4_TimestampProvider_startTimer__E
00009f9e   ti_sysbios_family_arm_lm4_TimestampProvider_useClockTimer__C
0000a014   ti_sysbios_family_arm_m3_Hwi_E_NMI__C
0000a018   ti_sysbios_family_arm_m3_Hwi_E_alreadyDefined__C
0000a01c   ti_sysbios_family_arm_m3_Hwi_E_busFault__C
0000a020   ti_sysbios_family_arm_m3_Hwi_E_debugMon__C
0000a024   ti_sysbios_family_arm_m3_Hwi_E_hardFault__C
0000a028   ti_sysbios_family_arm_m3_Hwi_E_memFault__C
0000a02c   ti_sysbios_family_arm_m3_Hwi_E_noIsr__C
0000a030   ti_sysbios_family_arm_m3_Hwi_E_reserved__C
0000a034   ti_sysbios_family_arm_m3_Hwi_E_svCall__C
0000a038   ti_sysbios_family_arm_m3_Hwi_E_usageFault__C
00006db9   ti_sysbios_family_arm_m3_Hwi_Handle__label__S
00006ad5   ti_sysbios_family_arm_m3_Hwi_Instance_finalize__F
000049e5   ti_sysbios_family_arm_m3_Hwi_Instance_init__F
0000a03c   ti_sysbios_family_arm_m3_Hwi_LD_end__C
0000a040   ti_sysbios_family_arm_m3_Hwi_LM_begin__C
200047d0   ti_sysbios_family_arm_m3_Hwi_Module_State_0_dispatchTable__A
[...]
000073dd   UARTFIFOLevelSet
000073e3   __xdc__init
000073e9   __TI_decompress_rle24
000073ef   ti_catalog_arm_cortexm4_tiva_ce_Boot_sysCtlDelayI__I
000073f5   ti_sysbios_family_arm_lm4_TimestampProvider_Module_startup__E
000073f5   ti_sysbios_family_arm_lm4_TimestampProvider_Module_startup__F
000073fb   ti_sysbios_family_arm_m3_Hwi_restoreFxn__E
000073fb   ti_sysbios_hal_Hwi_HwiProxy_restore__E
000073fb   ti_sysbios_hal_Hwi_restore__E
00007401   ti_sysbios_gates_GateHwi_leave__E
00007407   ti_sysbios_heaps_HeapMem_isBlocking__E
0000740d   ti_sysbios_knl_Queue_Instance_init__F
00007413   ti_uia_runtime_LoggerStopMode_getPriority__E
00007419   ti_uia_runtime_LoggerStopMode_getTransferType__E
00007419   ti_uia_runtime_LoggerStopMode_getTransferType__F
0000741f   xdc_runtime_System_Module_startup__E
0000741f   xdc_runtime_System_Module_startup__F
00007425   UARTIntClear
00007429   ti_sysbios_BIOS_RtsGateProxy_enter__E
0000742d   ti_sysbios_BIOS_RtsGateProxy_leave__E
00007431   ti_sysbios_family_arm_lm4_Timer_getPeriod__E
00007435   ti_sysbios_family_arm_lm4_Timer_masterEnable__I
00007439   ti_sysbios_family_arm_m3_TaskSupport_Module__startupDone__S
0000743d   ti_sysbios_gates_GateHwi_query__E
0000743d   ti_sysbios_gates_GateHwi_query__F
0000743d   xdc_runtime_Main_Module_GateProxy_query__E
0000743d   xdc_runtime_System_Module_GateProxy_query__E
00007441   ti_sysbios_BIOS_RtsGateProxy_query__E
00007441   ti_sysbios_gates_GateMutex_query__E
00007441   ti_sysbios_gates_GateMutex_query__F
00007441   ti_sysbios_heaps_HeapMem_Module_GateProxy_query__E
00007445   ti_sysbios_hal_Hwi_HwiProxy_Module__startupDone__S
00007449   ti_sysbios_hal_Timer_TimerProxy_Module__startupDone__S
0000744d   ti_sysbios_hal_Timer_TimerProxy_getPeriod__E
00007451   ti_sysbios_heaps_HeapMem_Module_GateProxy_enter__E
00007455   ti_sysbios_heaps_HeapMem_Module_GateProxy_leave__E
00007459   ti_sysbios_knl_Task_SupportProxy_Module__startupDone__S
0000745d   ti_sysbios_knl_Task_startup__E
00007461   ti_uia_runtime_LogSync_CpuTimestampProxy_Module__startupDone__S
00007465   ti_uia_runtime_LogSync_GlobalTimestampProxy_Module__startupDone__S
00007469   ti_uia_runtime_LoggerStopMode_getInstanceId__E
0000746d   ti_uia_runtime_LoggerStopMode_getMaxLength__E
00007471   ti_uia_runtime_LoggerStopMode_setPriority__E
00007475   xdc_runtime_Error_getSite__E
00007475   xdc_runtime_Error_getSite__F
00007479   xdc_runtime_Memory_HeapProxy_alloc__E
0000747d   xdc_runtime_Memory_HeapProxy_free__E
00007481   xdc_runtime_System_Module_GateProxy_enter__E
00007485   xdc_runtime_System_Module_GateProxy_leave__E
00007489   xdc_runtime_System_aprintf_va__F
0000748d   xdc_runtime_System_printf_va__F
00007491   xdc_runtime_System_vsnprintf__E
00007495   xdc_runtime_TimestampNull_Module__startupDone__S
00007499   xdc_runtime_Timestamp_Module__startupDone__S
0000749c   xdc_runtime_Text_charTab__A
0000983a   xdc_runtime_Text_nodeTab__A
00009976   ti_sysbios_family_arm_m3_Hwi_priorities__A
00009a4e   ti_catalog_arm_cortexm4_tiva_ce_Boot_Module__id__C
00009ae0   UART_config
00009b40   ti_uia_runtime_LoggerStopMode_Module__FXNS__C
00009be8   gpioHWAttrs
00009c24   uartTivaHWAttrs
00009c5c   xdc_runtime_Startup_sfxnTab__A
00009c90   ti_sysbios_family_arm_m3_Hwi_Object__PARAMS__C
00009cc0   ti_sysbios_knl_Task_hooks__A
00009cf0   ti_uia_runtime_LoggerStopMode_Object__PARAMS__C
00009d20   ti_sysbios_heaps_HeapMem_Module__FXNS__C
00009d48   UARTTiva_fxnTable
00009d6c   ti_sysbios_gates_GateHwi_Module__FXNS__C
00009d90   ti_sysbios_gates_GateMutex_Module__FXNS__C
00009db4   ti_sysbios_heaps_HeapMem_Object__PARAMS__C
00009dd8   ti_sysbios_knl_Semaphore_Object__PARAMS__C
00009dfc   ti_sysbios_family_arm_m3_Hwi_Object__DESC__C
00009e1c   ti_sysbios_gates_GateHwi_Object__DESC__C
00009e3c   ti_sysbios_gates_GateMutex_Object__DESC__C
00009e5c   ti_sysbios_heaps_HeapMem_Object__DESC__C
00009e7c   ti_sysbios_knl_Queue_Object__DESC__C
00009e9c   ti_sysbios_knl_Semaphore_Object__DESC__C
00009ebc   ti_uia_runtime_LoggerStopMode_Object__DESC__C
00009edc   UART_defaultParams
00009efc   xdc_runtime_Startup_sfxnRts__A
00009f16   ti_sysbios_BIOS_Module__id__C
00009f18   GPIO_config
00009f30   ti_sysbios_gates_GateHwi_Object__PARAMS__C
00009f48   ti_sysbios_gates_GateMutex_Object__PARAMS__C
00009f60   ti_sysbios_knl_Queue_Object__PARAMS__C
00009f78   xdc_runtime_Startup_firstFxns__A
00009f9d   xdc_runtime_Error_policy__C
00009f9e   ti_sysbios_family_arm_lm4_TimestampProvider_useClockTimer__C
00009fa0   ti_sysbios_family_arm_m3_Hwi_excHookFuncs__A
00009fa8   ti_sysbios_knl_Idle_coreList__A
00009fb0   ti_sysbios_knl_Idle_coreList__C
00009fb8   ti_sysbios_knl_Idle_funcList__A
00009fc0   ti_sysbios_knl_Idle_funcList__C
00009fc8   ti_sysbios_knl_Task_hooks__C
00009fd0   xdc_runtime_Startup_firstFxns__C
00009fd8   xdc_runtime_Startup_lastFxns__A
00009fe0   xdc_runtime_Startup_lastFxns__C
00009fe8   ti_catalog_arm_cortexm4_tiva_ce_Boot_A_mustUseEnhancedClockMode__C
00009fec   ti_catalog_arm_cortexm4_tiva_ce_Boot_Module__diagsEnabled__C
00009ff0   ti_catalog_arm_cortexm4_tiva_ce_Boot_Module__diagsIncluded__C
00009ff4   ti_catalog_arm_cortexm4_tiva_ce_Boot_Module__diagsMask__C
00009ff8   ti_sysbios_BIOS_Module__diagsEnabled__C
00009ffc   ti_sysbios_BIOS_Module__diagsIncluded__C
0000a000   ti_sysbios_BIOS_Module__diagsMask__C
0000a004   ti_sysbios_BIOS_installedErrorHook__C
0000a008   ti_sysbios_family_arm_lm4_Timer_enableFunc__C
0000a00c   ti_sysbios_family_arm_lm4_Timer_numTimerDevices__C
0000a010   ti_sysbios_family_arm_lm4_Timer_startupNeeded__C
0000a014   ti_sysbios_family_arm_m3_Hwi_E_NMI__C
0000a018   ti_sysbios_family_arm_m3_Hwi_E_alreadyDefined__C
0000a01c   ti_sysbios_family_arm_m3_Hwi_E_busFault__C
0000a020   ti_sysbios_family_arm_m3_Hwi_E_debugMon__C
0000a024   ti_sysbios_family_arm_m3_Hwi_E_hardFault__C
0000a028   ti_sysbios_family_arm_m3_Hwi_E_memFault__C
0000a02c   ti_sysbios_family_arm_m3_Hwi_E_noIsr__C
0000a030   ti_sysbios_family_arm_m3_Hwi_E_reserved__C
0000a034   ti_sysbios_family_arm_m3_Hwi_E_svCall__C
0000a038   ti_sysbios_family_arm_m3_Hwi_E_usageFault__C
0000a03c   ti_sysbios_family_arm_m3_Hwi_LD_end__C
0000a040   ti_sysbios_family_arm_m3_Hwi_LM_begin__C
0000a044   ti_sysbios_family_arm_m3_Hwi_Module__diagsEnabled__C
0000a048   ti_sysbios_family_arm_m3_Hwi_Module__diagsIncluded__C
0000a04c   ti_sysbios_family_arm_m3_Hwi_Module__diagsMask__C
0000a050   ti_sysbios_family_arm_m3_Hwi_Module__loggerFxn1__C
0000a054   ti_sysbios_family_arm_m3_Hwi_Module__loggerFxn8__C
0000a058   ti_sysbios_family_arm_m3_Hwi_Module__loggerObj__C
0000a05c   ti_sysbios_family_arm_m3_Hwi_NUM_INTERRUPTS__C
0000a060   ti_sysbios_family_arm_m3_Hwi_ccr__C
0000a064   ti_sysbios_family_arm_m3_Hwi_dispatchTable__C
0000a068   ti_sysbios_family_arm_m3_Hwi_excHandlerFunc__C
0000a06c   ti_sysbios_family_arm_m3_Hwi_excHookFuncs__C
0000a070   ti_sysbios_family_arm_m3_Hwi_priGroup__C
0000a074   ti_sysbios_family_arm_m3_Hwi_priorities__C
0000a078   ti_sysbios_gates_GateMutex_A_badContext__C
0000a07c   ti_sysbios_gates_GateMutex_Instance_State_sem__O
0000a080   ti_sysbios_gates_GateMutex_Module__diagsEnabled__C
0000a084   ti_sysbios_gates_GateMutex_Module__diagsIncluded__C
0000a088   ti_sysbios_gates_GateMutex_Module__diagsMask__C
0000a08c   ti_sysbios_hal_Hwi_E_stackOverflow__C
0000a090   ti_sysbios_heaps_HeapMem_A_align__C
0000a094   ti_sysbios_heaps_HeapMem_A_heapSize__C
0000a098   ti_sysbios_heaps_HeapMem_A_invalidFree__C
0000a09c   ti_sysbios_heaps_HeapMem_A_zeroBlock__C
0000a0a0   ti_sysbios_heaps_HeapMem_E_memory__C
0000a0a4   ti_sysbios_heaps_HeapMem_Module__diagsEnabled__C
0000a0a8   ti_sysbios_heaps_HeapMem_Module__diagsIncluded__C
0000a0ac   ti_sysbios_heaps_HeapMem_Module__diagsMask__C
0000a0b0   ti_sysbios_heaps_HeapMem_Module__gateObj__C
0000a0b4   ti_sysbios_heaps_HeapMem_Object__count__C
0000a0b8   ti_sysbios_heaps_HeapMem_reqAlign__C
0000a0bc   ti_sysbios_io_DEV_Object__count__C
0000a0c0   ti_sysbios_io_DEV_tableSize__C
0000a0c4   ti_sysbios_knl_Clock_LM_begin__C
0000a0c8   ti_sysbios_knl_Clock_LM_tick__C
0000a0cc   ti_sysbios_knl_Clock_LW_delayed__C
0000a0d0   ti_sysbios_knl_Clock_Module_State_clockQ__O
0000a0d4   ti_sysbios_knl_Clock_Module__diagsEnabled__C
0000a0d8   ti_sysbios_knl_Clock_Module__diagsIncluded__C
0000a0dc   ti_sysbios_knl_Clock_Module__diagsMask__C
0000a0e0   ti_sysbios_knl_Clock_Module__loggerFxn1__C
0000a0e4   ti_sysbios_knl_Clock_Module__loggerFxn2__C
0000a0e8   ti_sysbios_knl_Clock_Module__loggerObj__C
0000a0ec   ti_sysbios_knl_Semaphore_A_badContext__C
0000a0f0   ti_sysbios_knl_Semaphore_A_noEvents__C
0000a0f4   ti_sysbios_knl_Semaphore_A_overflow__C
0000a0f8   ti_sysbios_knl_Semaphore_A_pendTaskDisabled__C
0000a0fc   ti_sysbios_knl_Semaphore_Instance_State_pendQ__O
0000a100   ti_sysbios_knl_Semaphore_LM_pend__C
0000a104   ti_sysbios_knl_Semaphore_LM_post__C
0000a108   ti_sysbios_knl_Semaphore_Module__diagsEnabled__C
0000a10c   ti_sysbios_knl_Semaphore_Module__diagsIncluded__C
0000a110   ti_sysbios_knl_Semaphore_Module__diagsMask__C
0000a114   ti_sysbios_knl_Semaphore_Module__loggerFxn2__C
0000a118   ti_sysbios_knl_Semaphore_Module__loggerFxn4__C
0000a11c   ti_sysbios_knl_Semaphore_Module__loggerObj__C
0000a120   ti_sysbios_knl_Swi_LD_end__C
0000a124   ti_sysbios_knl_Swi_LM_begin__C
0000a128   ti_sysbios_knl_Swi_LM_post__C
0000a12c   ti_sysbios_knl_Swi_Module__diagsEnabled__C
0000a130   ti_sysbios_knl_Swi_Module__diagsIncluded__C
0000a134   ti_sysbios_knl_Swi_Module__diagsMask__C
0000a138   ti_sysbios_knl_Swi_Module__loggerFxn1__C
0000a13c   ti_sysbios_knl_Swi_Module__loggerFxn4__C
0000a140   ti_sysbios_knl_Swi_Module__loggerObj__C
0000a144   ti_sysbios_knl_Swi_Object__count__C
0000a148   ti_sysbios_knl_Task_E_spOutOfBounds__C
0000a14c   ti_sysbios_knl_Task_E_stackOverflow__C
0000a150   ti_sysbios_knl_Task_LD_block__C
0000a154   ti_sysbios_knl_Task_LD_exit__C
0000a158   ti_sysbios_knl_Task_LD_ready__C
0000a15c   ti_sysbios_knl_Task_LM_switch__C
0000a160   ti_sysbios_knl_Task_Module_State_inactiveQ__O
0000a164   ti_sysbios_knl_Task_Module__diagsEnabled__C
0000a168   ti_sysbios_knl_Task_Module__diagsIncluded__C
0000a16c   ti_sysbios_knl_Task_Module__diagsMask__C
0000a170   ti_sysbios_knl_Task_Module__loggerFxn2__C
0000a174   ti_sysbios_knl_Task_Module__loggerFxn4__C
0000a178   ti_sysbios_knl_Task_Module__loggerObj__C
0000a17c   ti_sysbios_knl_Task_Object__count__C
0000a180   ti_sysbios_knl_Task_Object__heap__C
0000a184   ti_sysbios_knl_Task_allBlockedFunc__C
0000a188   ti_sysbios_knl_Task_numConstructedTasks__C
0000a18c   ti_sysbios_utils_Load_LS_cpuLoad__C
0000a190   ti_sysbios_utils_Load_LS_hwiLoad__C
0000a194   ti_sysbios_utils_Load_LS_taskLoad__C
0000a198   ti_sysbios_utils_Load_Module_State_taskList__O
0000a19c   ti_sysbios_utils_Load_Module__diagsEnabled__C
0000a1a0   ti_sysbios_utils_Load_Module__diagsIncluded__C
0000a1a4   ti_sysbios_utils_Load_Module__diagsMask__C
0000a1a8   ti_sysbios_utils_Load_Module__loggerFxn1__C
0000a1ac   ti_sysbios_utils_Load_Module__loggerFxn2__C
0000a1b0   ti_sysbios_utils_Load_Module__loggerFxn4__C
0000a1b4   ti_sysbios_utils_Load_Module__loggerObj__C
0000a1b8   ti_sysbios_utils_Load_postUpdate__C
0000a1bc   ti_sysbios_utils_Load_windowInMs__C
0000a1c0   ti_uia_runtime_ILoggerSnapshot_Interface__BASE__C
0000a1c4   ti_uia_runtime_IUIATransfer_Interface__BASE__C
0000a1c8   ti_uia_runtime_LoggerStopMode_E_badLevel__C
0000a1cc   ti_uia_runtime_LoggerStopMode_Object__count__C
0000a1d0   ti_uia_runtime_LoggerStopMode_overflowLogger__C
0000a1d4   ti_uia_runtime_LoggerStopMode_statusLogger__C
0000a1d8   xdc_runtime_Assert_E_assertFailed__C
0000a1dc   xdc_runtime_Core_A_initializedParams__C
0000a1e0   xdc_runtime_Core_Module__diagsEnabled__C
0000a1e4   xdc_runtime_Core_Module__diagsIncluded__C
0000a1e8   xdc_runtime_Core_Module__diagsMask__C
0000a1ec   xdc_runtime_Error_E_generic__C
0000a1f0   xdc_runtime_Error_E_memory__C
0000a1f4   xdc_runtime_Error_Module__diagsEnabled__C
0000a1f8   xdc_runtime_Error_Module__diagsIncluded__C
0000a1fc   xdc_runtime_Error_Module__diagsMask__C
0000a200   xdc_runtime_Error_Module__loggerFxn8__C
0000a204   xdc_runtime_Error_Module__loggerObj__C
0000a208   xdc_runtime_Error_raiseHook__C
0000a20c   xdc_runtime_IFilterLogger_Interface__BASE__C
0000a210   xdc_runtime_IGateProvider_Interface__BASE__C
0000a214   xdc_runtime_IHeap_Interface__BASE__C
0000a218   xdc_runtime_ILogger_Interface__BASE__C
0000a21c   xdc_runtime_IModule_Interface__BASE__C
0000a220   xdc_runtime_Log_L_error__C
0000a224   xdc_runtime_Main_Module__diagsEnabled__C
0000a228   xdc_runtime_Main_Module__diagsIncluded__C
0000a22c   xdc_runtime_Main_Module__diagsMask__C
0000a230   xdc_runtime_Main_Module__loggerFxn4__C
0000a234   xdc_runtime_Main_Module__loggerObj__C
0000a238   xdc_runtime_Memory_defaultHeapInstance__C
0000a23c   xdc_runtime_Startup_execImpl__C
0000a240   xdc_runtime_Startup_maxPasses__C
0000a244   xdc_runtime_Startup_sfxnRts__C
0000a248   xdc_runtime_Startup_sfxnTab__C
0000a24c   xdc_runtime_SysMin_bufSize__C
0000a250   xdc_runtime_SysMin_outputFunc__C
0000a254   xdc_runtime_System_Module__gateObj__C
0000a258   xdc_runtime_System_extendFxn__C
0000a25c   xdc_runtime_System_maxAtexitHandlers__C
0000a260   xdc_runtime_Text_charTab__C
0000a264   xdc_runtime_Text_nameEmpty__C
0000a268   xdc_runtime_Text_nameStatic__C
0000a26c   xdc_runtime_Text_nameUnknown__C
0000a270   xdc_runtime_Text_nodeTab__C
0000a274   xdc_runtime_Text_visitRopeFxn__C
0000a278   ti_sysbios_family_arm_m3_Hwi_Module__id__C
0000a27a   ti_sysbios_family_arm_m3_Hwi_Module__loggerDefined__C
0000a27c   ti_sysbios_gates_GateMutex_Module__id__C
0000a27e   ti_sysbios_hal_Hwi_Module__id__C
0000a280   ti_sysbios_heaps_HeapMem_Module__id__C
0000a282   ti_sysbios_io_DEV_Module__id__C
0000a284   ti_sysbios_knl_Clock_Module__id__C
0000a286   ti_sysbios_knl_Clock_Module__loggerDefined__C
0000a288   ti_sysbios_knl_Semaphore_Module__id__C
0000a28a   ti_sysbios_knl_Semaphore_Module__loggerDefined__C
0000a28c   ti_sysbios_knl_Swi_Module__id__C
0000a28e   ti_sysbios_knl_Swi_Module__loggerDefined__C
0000a290   ti_sysbios_knl_Task_Module__id__C
0000a292   ti_sysbios_knl_Task_Module__loggerDefined__C
0000a294   ti_sysbios_knl_Task_initStackFlag__C
0000a296   ti_sysbios_utils_Load_Module__id__C
0000a298   ti_sysbios_utils_Load_Module__loggerDefined__C
0000a29a   ti_sysbios_utils_Load_autoAddTasks__C
0000a29c   ti_sysbios_utils_Load_hwiEnabled__C
0000a29e   ti_sysbios_utils_Load_updateInIdle__C
0000a2a0   ti_uia_runtime_LoggerStopMode_Module__id__C
0000a2a2   ti_uia_runtime_LoggerStopMode_filterByLevel__C
0000a2a4   ti_uia_runtime_LoggerStopMode_isTimestampEnabled__C
0000a2a6   xdc_runtime_Core_Module__id__C
0000a2a8   xdc_runtime_Error_Module__loggerDefined__C
0000a2aa   xdc_runtime_Error_maxDepth__C
0000a2ac   xdc_runtime_Main_Module__id__C
0000a2ae   xdc_runtime_Main_Module__loggerDefined__C
0000a2b0   xdc_runtime_Memory_Module__id__C
0000a2b2   xdc_runtime_SysMin_flushAtExit__C
0000a2b4   xdc_runtime_Text_charCnt__C
0000a2b6   xdc_runtime_Text_isLoaded__C
0000a2b8   xdc_runtime_Text_registryModsLastId__C
0000a2ba   xdc_runtime_Text_unnamedModsLastId__C
0000a828   __TI_Handler_Table_Base
0000a834   __TI_Handler_Table_Limit
0000a848   __TI_CINIT_Base
0000a860   __TI_CINIT_Limit
20000000   ti_sysbios_family_arm_m3_Hwi_ramVectors
20000360   ti_sysbios_knl_Task_Instance_State_0_stack__A
20000b60   ti_sysbios_knl_Task_Instance_State_1_stack__A
20001360   ti_sysbios_heaps_HeapMem_Instance_State_0_buf__A
20002360   ti_uia_runtime_LoggerStopMode_Instance_State_1_bufferArray__A
200027e0   ti_uia_runtime_LoggerStopMode_Instance_State_2_bufferArray__A
20002c60   xdc_runtime_SysMin_Module_State_0_outbuf__A
20003060   uartTivaObjects
20003418   ti_uia_runtime_LoggerStopMode_Instance_State_0_bufferArray__A
20003698   __CIOBUF_
200037c0   ti_sysbios_knl_Task_Instance_State_0_hookEnv__A
200037c8   ti_sysbios_knl_Task_Instance_State_1_hookEnv__A
200037d0   __stack
200038d0   __STACK_TOP
200047d0   __STACK_END
200047d0   ti_sysbios_family_arm_m3_Hwi_Module_State_0_dispatchTable__A
20004b30   ti_sysbios_BIOS_Module__state__V
20004b50   ti_sysbios_family_arm_lm4_Timer_Module__root__V
20004b58   ti_sysbios_family_arm_lm4_Timer_Module_State_0_handles__A
20004b70   ti_sysbios_family_arm_lm4_Timer_Module__state__V
20004b7c   ti_sysbios_family_arm_lm4_TimestampProvider_Module__state__V
20004b84   ti_sysbios_family_arm_m3_Hwi_Module__root__V
20004b8c   ti_sysbios_family_arm_m3_Hwi_Module_State_0_excActive__A
20004b90   ti_sysbios_family_arm_m3_Hwi_Module_State_0_excContext__A
20004b94   ti_sysbios_family_arm_m3_Hwi_Module_State_0_excStack__A
20004b98   ti_sysbios_gates_GateHwi_Module__root__V
20004ba0   ti_sysbios_gates_GateHwi_Object__table__V
20004ba4   ti_sysbios_gates_GateMutex_Module__root__V
20004bac   ti_sysbios_hal_Hwi_Module__root__V
20004bb4   ti_sysbios_hal_Timer_Module__root__V
20004bbc   ti_sysbios_hal_Timer_Object__table__V
20004bc4   ti_sysbios_heaps_HeapMem_Module__root__V
20004bcc   ti_sysbios_heaps_HeapMem_Object__table__V
20004be4   ti_sysbios_io_DEV_Module__root__V
20004bec   ti_sysbios_io_DEV_Module_State_0_table__A
20004c0c   ti_sysbios_io_DEV_Module__state__V
20004c10   ti_sysbios_io_GIO_Module__root__V
20004c18   ti_sysbios_knl_Clock_Module__root__V
20004c20   ti_sysbios_knl_Event_Module__root__V
20004c2c   ti_sysbios_knl_Queue_Module__root__V
20004c34   ti_sysbios_knl_Semaphore_Module__root__V
20004c40   ti_sysbios_knl_Swi_Module__root__V
20004c48   ti_sysbios_knl_Swi_Module__state__V
20004c64   ti_sysbios_knl_Task_Module__root__V
20004c70   ti_sysbios_knl_Task_Module_State_0_idleTask__A
20004c74   ti_sysbios_utils_Load_Module__root__V
20004c78   ti_sysbios_utils_Load_Module_State_0_taskStartTime__A
20004c7c   ti_sysbios_utils_Load_Module_State_0_runningTask__A
20004c80   ti_sysbios_xdcruntime_SemThreadSupport_Module__root__V
20004c88   ti_uia_runtime_LogSync_Module__root__V
20004c90   ti_uia_runtime_LogSync_Module__state__V
20004c9c   ti_uia_runtime_LoggerStopMode_Module__root__V
20004ca4   ti_uia_runtime_LoggerStopMode_Module__state__V
20004cac   ti_uia_runtime_QueueDescriptor_Module__state__V
20004cb8   xdc_runtime_Error_Module__state__V
20004cba   xdc_runtime_Main_Module__root__V
20004cbc   xdc_runtime_Memory_Module__state__V
20004cc0   xdc_runtime_Registry_Module__state__V
20004cc8   xdc_runtime_Startup_Module__state__V
20004cd0   xdc_runtime_SysMin_Module__state__V
20004cdc   xdc_runtime_System_Module_State_0_atexitHandlers__A
20004cfc   xdc_runtime_System_Module__state__V
20004d08   xdc_runtime_Text_Module__state__V
20004d10   xdc_runtime_knl_SemThread_Module__root__V
20004d18   xdc_runtime_knl_SyncNull_Module__root__V
20004d20   xdc_runtime_knl_SyncSemThread_Module__root__V
20004d28   __xdc__init__addr
20004d2c   ti_uia_runtime_LoggerStopMode_Object__table__V
20004e34   ti_sysbios_knl_Task_Object__table__V
20004e84   TSK_idle
20004ed4   ti_sysbios_utils_Load_Module__state__V
20004f6c   ti_sysbios_knl_Swi_Module_State_0_readyQ__A
20004fec   ti_sysbios_knl_Task_Module_State_0_readyQ__A
2000506c   ti_sysbios_family_arm_lm4_Timer_Object__table__V
200050dc   ti_sysbios_family_arm_m3_Hwi_Module__state__V
20005138   ti_sysbios_knl_Task_Module__state__V
2000517c   ti_sysbios_gates_GateMutex_Object__table__V
200051b4   ti_sysbios_utils_Load_Module_State_0_taskEnv__A
200051ec   ti_sysbios_family_arm_lm4_Timer_Module_State_0_device__A
2000521c   ti_sysbios_family_arm_m3_Hwi_Object__table__V
2000524c   ti_sysbios_knl_Swi_Object__table__V
2000527c   ti_sysbios_knl_Clock_Module__state__V
200052ac   _lock
200052b0   _unlock
200052b4   __TI_cleanup_ptr
200052b8   __TI_dtors_ptr
200052bc   ti_uia_runtime_QueueDescriptor_gPtrToFirstDescriptor
200052c0   ti_uia_runtime_QueueDescriptor_gUpdateCount
200052c8   main_func_sp
e000e000   ti_sysbios_family_arm_m3_Hwi_nvic
ffffffff   __binit__
ffffffff   __c_args__
ffffffff   binit
UNDEFED    SHT$$INIT_ARRAY$$Base
UNDEFED    SHT$$INIT_ARRAY$$Limit

[801 symbols]
