******************************************************************************
                  TI ARM Linker PC v5.1.1                      
******************************************************************************
>> Linked Sun Feb 09 22:14:12 2014

OUTPUT FILE NAME:   <rover.out>
ENTRY POINT SYMBOL: "_c_int00"  address: 00005181


MEMORY CONFIGURATION

         name            origin    length      used     unused   attr    fill
----------------------  --------  ---------  --------  --------  ----  --------
  FLASH                 00000000   00040000  00009a06  000365fa  R  X
  SRAM                  20000000   00008000  0000464c  000039b4  RW X


SEGMENT ALLOCATION MAP

run origin  load origin   length   init length attrs members
----------  ----------- ---------- ----------- ----- -------
00000000    00000000    00009a08   00009a08    r-x
  00000000    00000000    00000360   00000360    r-- .resetVecs
  00000360    00000360    00006630   00006630    r-x .text
  00006990    00006990    00002b4e   00002b4e    r-- .const
  000094e0    000094e0    00000528   00000528    r-- .cinit
20000000    20000000    0000464c   00000000    rw-
  20000000    20000000    00000360   00000000    rw- .vecs
  20000360    20000360    000028b0   00000000    rw- .bss
  20002c10    20002c10    00001000   00000000    rw- .stack
  20003c10    20003c10    00000a3c   00000000    rw- .data


SECTION ALLOCATION MAP

 output                                  attributes/
section   page    origin      length       input sections
--------  ----  ----------  ----------   ----------------
.bootVecs 
*          0    00000000    00000008     DSECT
                  00000000    00000008     boot.aem4f : boot.oem4f (.bootVecs)

.resetVecs 
*          0    00000000    00000360     
                  00000000    00000360     empty_pem4f.oem4f (.resetVecs)

xdc.meta   0    00000000    000000f6     COPY SECTION
                  00000000    000000f6     empty_pem4f.oem4f (xdc.meta)

.text      0    00000360    00006630     
                  00000360    00000424     sysbios.aem4f : BIOS.obj (.text:ti_sysbios_family_arm_m3_Hwi_excDumpRegs__I)
                  00000784    00000344     ti.targets.arm.rtsarm.aem4f : System.oem4f (.text:xdc_runtime_System_doPrint__I)
                  00000ac8    000002e0     sysbios.aem4f : BIOS.obj (.text:ti_sysbios_knl_Semaphore_pend__E)
                  00000da8    000002d4     rtsv7M4_T_le_v4SPD16_eabi.lib : trgdrv.obj (.text)
                  0000107c    00000248     sysbios.aem4f : BIOS.obj (.text:ti_sysbios_heaps_HeapMem_free__E)
                  000012c4    00000234                   : BIOS.obj (.text:ti_sysbios_heaps_HeapMem_alloc__E)
                  000014f8    00000230                   : BIOS.obj (.text:ti_sysbios_family_arm_lm4_Timer_start__E)
                  00001728    00000210                   : BIOS.obj (.text:ti_sysbios_family_arm_m3_Hwi_excHandlerMax__I)
                  00001938    000001a0     ti.uia.runtime.aem4f : LoggerStopMode.oem4f (.text:ti_uia_runtime_LoggerStopMode_write8__E)
                  00001ad8    00000168     sysbios.aem4f : BIOS.obj (.text:ti_sysbios_family_arm_m3_Hwi_excBusFault__I)
                  00001c40    0000015c     ti.uia.runtime.aem4f : LoggerStopMode.oem4f (.text:ti_uia_runtime_LoggerStopMode_writeMemoryRange__E)
                  00001d9c    00000154     sysbios.aem4f : BIOS.obj (.text:ti_sysbios_family_arm_m3_Hwi_excUsageFault__I)
                  00001ef0    00000144                   : BIOS.obj (.text:ti_sysbios_knl_Semaphore_post__E)
                  00002034    00000140                   : BIOS.obj (.text:ti_sysbios_family_arm_m3_Hwi_dispatchC__I)
                  00002174    00000140                   : BIOS.obj (.text:ti_sysbios_family_arm_m3_Hwi_excMemFault__I)
                  000022b4    0000013c     ti.uia.runtime.aem4f : LoggerStopMode.oem4f (.text:ti_uia_runtime_LoggerStopMode_write4__E)
                  000023f0    0000013c     ti.targets.arm.rtsarm.aem4f : Error.oem4f (.text:xdc_runtime_Error_raiseX__F)
                  0000252c    00000138     sysbios.aem4f : BIOS.obj (.text:ti_sysbios_heaps_HeapMem_Instance_init__F)
                  00002664    00000134                   : m3_Hwi_asm.obj (.text:ti_sysbios_family_arm_m3_Hwi_dispatch__I)
                  00002798    00000130     driverlib.lib : gpio.obj (.text:GPIOPadConfigSet)
                  000028c8    0000012c     sysbios.aem4f : BIOS.obj (.text:ti_sysbios_family_arm_lm4_TimestampProvider_get64__E)
                  000029f4    0000012c                   : BIOS.obj (.text:ti_sysbios_knl_Clock_workFunc__E)
                  00002b20    00000120                   : BIOS.obj (.text:ti_sysbios_knl_Swi_run__I)
                  00002c40    00000120                   : BIOS.obj (.text:ti_sysbios_utils_Load_logLoads__I)
                  00002d60    00000110                   : BIOS.obj (.text:ti_sysbios_utils_Load_updateThreadContexts__E)
                  00002e70    0000010c     Boot.aem4f : Boot_sysctl.oem4f (.text:ti_catalog_arm_cortexm4_tiva_ce_Boot_sysCtlClockSetI__I)
                  00002f7c    0000010c     sysbios.aem4f : BIOS.obj (.text:ti_sysbios_knl_Task_exit__E)
                  00003088    00000104     ti.targets.arm.rtsarm.aem4f : Core-mem.oem4f (.text:xdc_runtime_Core_createObject__I)
                  0000318c    00000104     empty_pem4f.oem4f (.text:xdc_runtime_System_printfExtend__I)
                  00003290    000000fc     sysbios.aem4f : BIOS.obj (.text:ti_sysbios_knl_Task_schedule__I)
                  0000338c    000000f8                   : BIOS.obj (.text:ti_sysbios_knl_Task_startCore__E)
                  00003484    000000f8     ti.targets.arm.rtsarm.aem4f : Startup.oem4f (.text:xdc_runtime_Startup_startMods__I)
                  0000357c    000000f4     rtsv7M4_T_le_v4SPD16_eabi.lib : dtor_list.obj (.text)
                  00003670    000000f4     sysbios.aem4f : BIOS.obj (.text:ti_sysbios_knl_Task_postInit__I)
                  00003764    000000e8     gpio_tivaware.aem4f : GPIO.oem4f (.text:GPIO_write)
                  0000384c    000000e8     sysbios.aem4f : BIOS.obj (.text:ti_sysbios_family_arm_m3_Hwi_initNVIC__E)
                  00003934    000000bc                   : BIOS.obj (.text:ti_sysbios_knl_Task_unblockI__E)
                  000039f0    000000b8                   : BIOS.obj (.text:ti_sysbios_family_arm_lm4_TimestampProvider_get32__E)
                  00003aa8    000000b4                   : BIOS.obj (.text:ti_sysbios_family_arm_m3_Hwi_excHardFault__I)
                  00003b5c    000000b4                   : BIOS.obj (.text:ti_sysbios_gates_GateMutex_enter__E)
                  00003c10    000000b4                   : BIOS.obj (.text:ti_sysbios_knl_Task_checkStacks__E)
                  00003cc4    000000b0                   : BIOS.obj (.text:ti_sysbios_family_arm_m3_Hwi_excDebugMon__I)
                  00003d74    000000b0                   : BIOS.obj (.text:ti_sysbios_utils_Load_idleFxn__E)
                  00003e24    000000b0                   : BIOS.obj (.text:ti_sysbios_utils_Load_updateLoads__E)
                  00003ed4    000000ac                   : BIOS.obj (.text:ti_sysbios_family_arm_lm4_Timer_enableTiva__I)
                  00003f80    000000a8                   : BIOS.obj (.text:ti_sysbios_knl_Semaphore_Instance_init__F)
                  00004028    000000a8                   : BIOS.obj (.text:ti_sysbios_knl_Swi_post__E)
                  000040d0    000000a8                   : BIOS.obj (.text:ti_sysbios_knl_Task_blockI__E)
                  00004178    000000a4                   : BIOS.obj (.text:ti_sysbios_family_arm_lm4_Timer_enableTimers__I)
                  0000421c    000000a4                   : BIOS.obj (.text:ti_sysbios_family_arm_m3_Hwi_Module_startup__F)
                  000042c0    000000a0     auto_init.aem4f : auto_init.oem4f (.text)
                  00004360    0000009c     rtsv7M4_T_le_v4SPD16_eabi.lib : memcpy_t2.obj (.text)
                  000043fc    0000009a     ti.targets.arm.rtsarm.aem4f : Text.oem4f (.text:xdc_runtime_Text_putSite__F)
                  00004496    00000002     sysbios.aem4f : BIOS.obj (.text:ti_sysbios_BIOS_nullFunc__I)
                  00004498    00000094     Boot.aem4f : Boot.oem4f (.text:ti_catalog_arm_cortexm4_tiva_ce_Boot_sysCtlClockSet__E)
                  0000452c    00000094     ti.targets.arm.rtsarm.aem4f : Text.oem4f (.text:xdc_runtime_Text_putMod__F)
                  000045c0    0000008c     empty.obj (.text:main)
                  0000464c    0000008c     sysbios.aem4f : m3_TaskSupport_asm.obj (.text:ti_sysbios_family_arm_m3_TaskSupport_buildTaskStack)
                  000046d8    00000088     EK_LM4F120XL.obj (.text:EK_LM4F120XL_initGPIO)
                  00004760    00000084     sysbios.aem4f : BIOS.obj (.text:ti_sysbios_knl_Task_Module_startup__F)
                  000047e4    00000084     ti.uia.runtime.aem4f : LoggerStopMode.oem4f (.text:ti_uia_runtime_LoggerStopMode_setFilterLevel__E)
                  00004868    0000007e                          : LoggerStopMode.oem4f (.text:ti_uia_runtime_LoggerStopMode_getContents__E)
                  000048e6    00000078     rtsv7M4_T_le_v4SPD16_eabi.lib : memset_t2.obj (.text)
                  0000495e    00000002     sysbios.aem4f : BIOS.obj (.text:ti_sysbios_gates_GateHwi_Instance_init__F)
                  00004960    00000078                   : BIOS.obj (.text:ti_sysbios_utils_Load_updateCurrentThreadTime__E)
                  000049d8    00000074                   : BIOS.obj (.text:ti_sysbios_family_arm_lm4_Timer_isrStub__E)
                  00004a4c    00000070                   : BIOS.obj (.text:ti_sysbios_utils_Load_taskDeleteHook__E)
                  00004abc    00000070     ti.uia.runtime.aem4f : LoggerStopMode.oem4f (.text:ti_uia_runtime_LoggerStopMode_getFilterLevel__E)
                  00004b2c    00000070                          : LoggerStopMode.oem4f (.text:ti_uia_runtime_LoggerStopMode_writeBlockOfMemory__I)
                  00004b9c    00000070                          : QueueDescriptor.oem4f (.text:ti_uia_runtime_QueueDescriptor_addToList__E)
                  00004c0c    00000070     ti.targets.arm.rtsarm.aem4f : Memory.oem4f (.text:xdc_runtime_Memory_alloc__F)
                  00004c7c    0000006c     sysbios.aem4f : BIOS.obj (.text:ti_sysbios_utils_Load_taskCreateHook__E)
                  00004ce8    0000006c     ti.targets.arm.rtsarm.aem4f : Error.oem4f (.text:xdc_runtime_Error_print__F)
                  00004d54    00000068     sysbios.aem4f : BIOS.obj (.text:ti_sysbios_BIOS_rtsUnlock__I)
                  00004dbc    00000066     ti.targets.arm.rtsarm.aem4f : Core-mem.oem4f (.text:xdc_runtime_Core_deleteObject__I)
                  00004e22    00000002     empty_pem4f.oem4f (.text:xdc_runtime_Startup_reset__I)
                  00004e24    00000064     sysbios.aem4f : BIOS.obj (.text:ti_sysbios_knl_Clock_logTick__E)
                  00004e88    00000064                   : BIOS.obj (.text:ti_sysbios_utils_Load_logCPULoad__I)
                  00004eec    00000060     rtsv7M4_T_le_v4SPD16_eabi.lib : trgmsg.obj (.text)
                  00004f4c    00000060     sysbios.aem4f : BIOS.obj (.text:ti_sysbios_utils_Load_addTask__E)
                  00004fac    00000060     empty_pem4f.oem4f (.text:ti_uia_runtime_LoggerStopMode_Object__create__S)
                  0000500c    0000005e     rtsv7M4_T_le_v4SPD16_eabi.lib : copy_decompress_rle.obj (.text)
                  0000506a    00000002     --HOLE-- [fill = 0]
                  0000506c    0000005c     sysbios.aem4f : BIOS.obj (.text:ti_sysbios_family_arm_lm4_Timer_Module_startup__F)
                  000050c8    0000005b     ti.targets.arm.rtsarm.aem4f : Text.oem4f (.text:xdc_runtime_Text_putLab__F)
                  00005123    00000001     --HOLE-- [fill = 0]
                  00005124    0000005a     ti.uia.runtime.aem4f : LoggerStopMode.oem4f (.text:ti_uia_runtime_LoggerStopMode_readBlockOfMemory__I)
                  0000517e    00000002     --HOLE-- [fill = 0]
                  00005180    00000058     boot.aem4f : boot.oem4f (.text)
                  000051d8    00000058     sysbios.aem4f : BIOS.obj (.text:ti_sysbios_knl_Swi_restoreHwi__E)
                  00005230    00000058                   : BIOS.obj (.text:ti_sysbios_knl_Swi_schedule__I)
                  00005288    00000054     ti.uia.runtime.aem4f : QueueDescriptor.oem4f (.text:ti_uia_runtime_QueueDescriptor_removeFromList__E)
                  000052dc    00000050     sysbios.aem4f : BIOS.obj (.text:ti_sysbios_utils_Load_taskSwitchHook__E)
                  0000532c    00000050     ti.targets.arm.rtsarm.aem4f : Startup.oem4f (.text:xdc_runtime_Startup_exec__F)
                  0000537c    00000050                                 : System.oem4f (.text:xdc_runtime_System_formatNum__I)
                  000053cc    00000050                                 : Text.oem4f (.text:xdc_runtime_Text_visitRope2__I)
                  0000541c    0000004c     sysbios.aem4f : BIOS.obj (.text:ti_sysbios_knl_Swi_runLoop__I)
                  00005468    00000048                   : BIOS.obj (.text:ti_sysbios_BIOS_errorRaiseHook__I)
                  000054b0    00000048                   : BIOS.obj (.text:ti_sysbios_family_arm_m3_Hwi_excReserved__I)
                  000054f8    00000048                   : BIOS.obj (.text:ti_sysbios_heaps_HeapMem_getStats__E)
                  00005540    00000048     ti.targets.arm.rtsarm.aem4f : Assert.oem4f (.text:xdc_runtime_Assert_raise__I)
                  00005588    00000048                                 : Core-params.oem4f (.text:xdc_runtime_Core_assignParams__I)
                  000055d0    00000046     ti.uia.runtime.aem4f : LoggerStopMode.oem4f (.text:ti_uia_runtime_LoggerStopMode_Instance_init__F)
                  00005616    00000002     --HOLE-- [fill = 0]
                  00005618    00000044     rtsv7M4_T_le_v4SPD16_eabi.lib : cpy_tbl.obj (.text)
                  0000565c    00000044                                   : exit.obj (.text)
                  000056a0    00000044     sysbios.aem4f : BIOS.obj (.text:ti_sysbios_family_arm_lm4_Timer_stop__E)
                  000056e4    00000044                   : BIOS.obj (.text:ti_sysbios_family_arm_m3_Hwi_disableInterrupt__E)
                  00005728    00000044                   : BIOS.obj (.text:ti_sysbios_family_arm_m3_Hwi_enableInterrupt__E)
                  0000576c    00000044                   : BIOS.obj (.text:ti_sysbios_knl_Task_allBlockedFunction__I)
                  000057b0    00000044     ti.uia.runtime.aem4f : LoggerStopMode.oem4f (.text:ti_uia_runtime_LoggerStopMode_filterOutEvent__I)
                  000057f4    00000044                          : LoggerStopMode.oem4f (.text:ti_uia_runtime_LoggerStopMode_reset__F)
                  00005838    00000044     ti.targets.arm.rtsarm.aem4f : SysMin.oem4f (.text:xdc_runtime_SysMin_flush__F)
                  0000587c    00000042     sysbios.aem4f : BIOS.obj (.text:ti_sysbios_knl_Semaphore_pendTimeout__I)
                  000058be    00000002     --HOLE-- [fill = 0]
                  000058c0    00000040     EK_LM4F120XL.obj (.text:EK_LM4F120XL_initGeneral)
                  00005900    00000040     sysbios.aem4f : BIOS.obj (.text:ti_sysbios_family_arm_lm4_Timer_startup__E)
                  00005940    00000040     empty_pem4f.oem4f (.text:ti_sysbios_knl_Semaphore_Object__create__S)
                  00005980    00000040     ti.targets.arm.rtsarm.aem4f : System.oem4f (.text:xdc_runtime_System_atexit__F)
                  000059c0    0000003c     sysbios.aem4f : BIOS.obj (.text:ti_sysbios_family_arm_m3_Hwi_excSvCall__I)
                  000059fc    0000003c                   : BIOS.obj (.text:ti_sysbios_heaps_HeapMem_init__I)
                  00005a38    0000003c                   : BIOS.obj (.text:ti_sysbios_knl_Swi_startup__E)
                  00005a74    0000003c     ti.targets.arm.rtsarm.aem4f : Text.oem4f (.text:xdc_runtime_Text_xprintf__I)
                  00005ab0    00000038     sysbios.aem4f : BIOS.obj (.text:ti_sysbios_family_arm_m3_Hwi_excNoIsr__I)
                  00005ae8    00000038                   : BIOS.obj (.text:ti_sysbios_family_arm_m3_Hwi_getStackInfo__E)
                  00005b20    00000038                   : BIOS.obj (.text:ti_sysbios_family_arm_m3_TaskSupport_start__E)
                  00005b58    00000038     empty_pem4f.oem4f (.text:ti_sysbios_gates_GateHwi_Object__create__S)
                  00005b90    00000038     empty_pem4f.oem4f (.text:ti_sysbios_gates_GateMutex_Object__create__S)
                  00005bc8    00000038     empty_pem4f.oem4f (.text:ti_sysbios_heaps_HeapMem_Object__create__S)
                  00005c00    00000038     empty_pem4f.oem4f (.text:ti_sysbios_knl_Queue_Object__create__S)
                  00005c38    00000038     ti.targets.arm.rtsarm.aem4f : SysMin.oem4f (.text:xdc_runtime_SysMin_putch__F)
                  00005c70    00000034     driverlib.lib : sysctl.obj (.text:SysCtlPeripheralEnable)
                  00005ca4    00000034     sysbios.aem4f : BIOS.obj (.text:ti_sysbios_family_arm_m3_Hwi_excNmi__I)
                  00005cd8    00000034                   : BIOS.obj (.text:ti_sysbios_hal_Hwi_checkStack:ti_sysbios_hal_Hwi_checkStack)
                  00005d0c    00000030     empty_pem4f.oem4f (.text:ti_sysbios_BIOS_exitFunc__I)
                  00005d3c    00000030     sysbios.aem4f : BIOS.obj (.text:ti_sysbios_knl_Idle_run__E)
                  00005d6c    00000030     ti.targets.arm.rtsarm.aem4f : Core-label.oem4f (.text:xdc_runtime_Core_assignLabel__I)
                  00005d9c    00000030                                 : SysMin.oem4f (.text:xdc_runtime_SysMin_abort__F)
                  00005dcc    0000002f                                 : Text.oem4f (.text:xdc_runtime_Text_printVisFxn__I)
                  00005dfb    00000001     --HOLE-- [fill = 0]
                  00005dfc    0000002e     empty_pem4f.oem4f (.text:malloc)
                  00005e2a    0000002c     sysbios.aem4f : BIOS.obj (.text:ti_sysbios_hal_Hwi_initStack:ti_sysbios_hal_Hwi_initStack)
                  00005e56    00000002     --HOLE-- [fill = 0]
                  00005e58    0000002c     empty_pem4f.oem4f (.text:ti_sysbios_knl_Clock_doTick__I)
                  00005e84    0000002c     sysbios.aem4f : BIOS.obj (.text:ti_sysbios_knl_Task_restore__E)
                  00005eb0    0000002c     ti.uia.runtime.aem4f : LoggerStopMode.oem4f (.text:ti_uia_runtime_LoggerStopMode_Module_startup__F)
                  00005edc    0000002c                          : LoggerStopMode.oem4f (.text:ti_uia_runtime_LoggerStopMode_disable__E)
                  00005f08    0000002c                          : LoggerStopMode.oem4f (.text:ti_uia_runtime_LoggerStopMode_enable__E)
                  00005f34    0000002c     ti.targets.arm.rtsarm.aem4f : System.oem4f (.text:xdc_runtime_System_rtsExit__I)
                  00005f60    0000002c                                 : Text.oem4f (.text:xdc_runtime_Text_cordText__F)
                  00005f8c    0000002a     driverlib.lib : gpio.obj (.text:GPIODirModeSet)
                  00005fb6    0000002a     ti.targets.arm.rtsarm.aem4f : System.oem4f (.text:xdc_runtime_System_putchar__I)
                  00005fe0    00000028     sysbios.aem4f : m3_Hwi_asm_switch.obj (.text:ti_sysbios_family_arm_m3_Hwi_initStacks__E)
                  00006008    00000028                   : BIOS.obj (.text:ti_sysbios_gates_GateMutex_Instance_init__F)
                  00006030    00000028     ti.uia.runtime.aem4f : LogSync.oem4f (.text:ti_uia_runtime_LogSync_Module_startup__F)
                  00006058    00000028                          : QueueDescriptor.oem4f (.text:ti_uia_runtime_QueueDescriptor_initHeader__E)
                  00006080    00000026     ti.targets.arm.rtsarm.aem4f : System.oem4f (.text:xdc_runtime_System_avprintf__F)
                  000060a6    00000002     --HOLE-- [fill = 0]
                  000060a8    00000024     gpio_tivaware.aem4f : GPIO.oem4f (.text:GPIO_init)
                  000060cc    00000024     sysbios.aem4f : BIOS.obj (.text:ti_sysbios_BIOS_registerRTSLock__I)
                  000060f0    00000024     empty_pem4f.oem4f (.text:ti_sysbios_BIOS_startFunc__I)
                  00006114    00000024     sysbios.aem4f : BIOS.obj (.text:ti_sysbios_family_arm_m3_Hwi_doTaskRestore__I)
                  00006138    00000024     empty_pem4f.oem4f (.text:ti_sysbios_gates_GateMutex_Object__delete__S)
                  0000615c    00000024     sysbios.aem4f : BIOS.obj (.text:ti_sysbios_knl_Clock_Module_startup__F)
                  00006180    00000024                   : BIOS.obj (.text:ti_sysbios_knl_Swi_Module_startup__F)
                  000061a4    00000024     ti.uia.runtime.aem4f : LoggerStopMode.oem4f (.text:ti_uia_runtime_LoggerStopMode_Instance_finalize__F)
                  000061c8    00000024     ti.targets.arm.rtsarm.aem4f : System.oem4f (.text:xdc_runtime_System_vprintf__F)
                  000061ec    00000022     empty_pem4f.oem4f (.text:xdc_runtime_SysMin_output__I)
                  0000620e    00000020     sysbios.aem4f : m3_Hwi_asm_switch.obj (.text:ti_sysbios_family_xxx_Hwi_switchAndRunFunc)
                  0000622e    00000002     --HOLE-- [fill = 0]
                  00006230    00000020     empty_pem4f.oem4f (.text:ti_sysbios_gates_GateHwi_Object__delete__S)
                  00006250    00000020     empty_pem4f.oem4f (.text:ti_sysbios_heaps_HeapMem_Object__delete__S)
                  00006270    00000020     empty_pem4f.oem4f (.text:ti_sysbios_knl_Semaphore_Object__destruct__S)
                  00006290    00000020     sysbios.aem4f : BIOS.obj (.text:ti_sysbios_knl_Task_enter__I)
                  000062b0    00000020     empty_pem4f.oem4f (.text:ti_uia_runtime_LoggerStopMode_Object__delete__S)
                  000062d0    00000020     ti.targets.arm.rtsarm.aem4f : Registry.oem4f (.text:xdc_runtime_Registry_findById__F)
                  000062f0    00000020                                 : SysMin.oem4f (.text:xdc_runtime_SysMin_Module_startup__F)
                  00006310    0000001c     sysbios.aem4f : BIOS.obj (.text:ti_sysbios_BIOS_rtsLock__I)
                  0000632c    0000001c     empty_pem4f.oem4f (.text:ti_sysbios_knl_Queue_Object__destruct__S)
                  00006348    0000001c     ti.targets.arm.rtsarm.aem4f : Error.oem4f (.text:xdc_runtime_Error_check__F)
                  00006364    0000001c                                 : Memory.oem4f (.text:xdc_runtime_Memory_valloc__F)
                  00006380    0000001c                                 : SysMin.oem4f (.text:xdc_runtime_SysMin_exit__F)
                  0000639c    0000001a     empty_pem4f.oem4f (.text:ti_sysbios_family_arm_m3_Hwi_Handle__label__S)
                  000063b6    0000001a     empty_pem4f.oem4f (.text:ti_sysbios_gates_GateHwi_Handle__label__S)
                  000063d0    0000001a     empty_pem4f.oem4f (.text:ti_sysbios_gates_GateMutex_Handle__label__S)
                  000063ea    0000001a     empty_pem4f.oem4f (.text:ti_sysbios_heaps_HeapMem_Handle__label__S)
                  00006404    0000001a     empty_pem4f.oem4f (.text:ti_sysbios_knl_Swi_Handle__label__S)
                  0000641e    0000001a     empty_pem4f.oem4f (.text:ti_sysbios_knl_Task_Handle__label__S)
                  00006438    0000001a     empty_pem4f.oem4f (.text:ti_uia_runtime_LoggerStopMode_Handle__label__S)
                  00006452    0000001a     empty_pem4f.oem4f (.text:xdc_runtime_System_aprintf__E)
                  0000646c    0000001a     empty_pem4f.oem4f (.text:xdc_runtime_System_printf__E)
                  00006486    00000018     driverlib.lib : gpio.obj (.text:GPIOPinTypeGPIOOutput)
                  0000649e    00000018     empty_pem4f.oem4f (.text:free)
                  000064b6    00000002     --HOLE-- [fill = 0]
                  000064b8    00000018     rtsv7M4_T_le_v4SPD16_eabi.lib : args_main.obj (.text)
                  000064d0    00000018     empty_pem4f.oem4f (.text:ti_sysbios_family_arm_lm4_Timer_Module__startupDone__F)
                  000064e8    00000018     empty_pem4f.oem4f (.text:ti_sysbios_family_arm_m3_Hwi_Module__startupDone__F)
                  00006500    00000018     sysbios.aem4f : m3_TaskSupport_asm.obj (.text:ti_sysbios_family_arm_m3_TaskSupport_swap__E)
                  00006518    00000018                   : BIOS.obj (.text:ti_sysbios_gates_GateMutex_leave__E)
                  00006530    00000018     empty_pem4f.oem4f (.text:ti_sysbios_hal_Timer_Module__startupDone__F)
                  00006548    00000018     ti.targets.arm.rtsarm.aem4f : Text.oem4f (.text:xdc_runtime_Text_ropeText__F)
                  00006560    00000016     ti.uia.runtime.aem4f : LoggerStopMode.oem4f (.text:ti_uia_runtime_LoggerStopMode_getFreeSize__E)
                  00006576    00000016                          : LoggerStopMode.oem4f (.text:ti_uia_runtime_LoggerStopMode_getUnreadSize__E)
                  0000658c    00000014     rtsv7M4_T_le_v4SPD16_eabi.lib : _lock.obj (.text)
                  000065a0    00000014                                   : strlen.obj (.text)
                  000065b4    00000014     sysbios.aem4f : BIOS.obj (.text:ti_sysbios_family_arm_m3_Hwi_switchFromBootStack__E)
                  000065c8    00000014     empty_pem4f.oem4f (.text:ti_sysbios_heaps_HeapMem_Object__get__S)
                  000065dc    00000014     empty_pem4f.oem4f (.text:ti_sysbios_knl_Swi_Object__get__S)
                  000065f0    00000014     empty_pem4f.oem4f (.text:ti_sysbios_knl_Task_Object__get__S)
                  00006604    00000014     ti.targets.arm.rtsarm.aem4f : System.oem4f (.text:xdc_runtime_System_abort__F)
                  00006618    00000012     driverlib.lib : gpio.obj (.text:GPIOPinTypeGPIOInput)
                  0000662a    00000012     rtsv7M4_T_le_v4SPD16_eabi.lib : copy_zero_init.obj (.text:decompress:ZI)
                  0000663c    00000012     sysbios.aem4f : BIOS.obj (.text:ti_sysbios_hal_Hwi_Module_startup__F)
                  0000664e    00000012                   : BIOS.obj (.text:ti_sysbios_hal_Timer_Module_startup__F)
                  00006660    00000012     ti.uia.runtime.aem4f : LoggerStopMode.oem4f (.text:ti_uia_runtime_LoggerStopMode_write1__E)
                  00006672    00000012                          : LoggerStopMode.oem4f (.text:ti_uia_runtime_LoggerStopMode_write2__E)
                  00006684    00000012     empty_pem4f.oem4f (.text:xdc_runtime_Startup_exec__I)
                  00006696    00000010     rtsv7M4_T_le_v4SPD16_eabi.lib : strcpy.obj (.text)
                  000066a6    00000002     --HOLE-- [fill = 0]
                  000066a8    00000010     sysbios.aem4f : BIOS.obj (.text:ti_sysbios_BIOS_getCpuFreq__E)
                  000066b8    00000010                   : BIOS.obj (.text:ti_sysbios_BIOS_setThreadType__E)
                  000066c8    00000010                   : BIOS.obj (.text:ti_sysbios_BIOS_start__E)
                  000066d8    00000010                   : BIOS.obj (.text:ti_sysbios_family_arm_lm4_TimestampProvider_rolloverFunc__E)
                  000066e8    00000010                   : BIOS.obj (.text:ti_sysbios_family_arm_m3_Hwi_excHandler__I)
                  000066f8    00000010                   : m3_TaskSupport_asm.obj (.text:ti_sysbios_family_arm_m3_TaskSupport_glue)
                  00006708    00000010                   : m3_Hwi_asm_switch.obj (.text:ti_sysbios_family_xxx_Hwi_switchToIsrStack)
                  00006718    00000010                   : BIOS.obj (.text:ti_sysbios_gates_GateMutex_Instance_finalize__F)
                  00006728    00000010                   : BIOS.obj (.text:ti_sysbios_knl_Semaphore_Instance_finalize__F)
                  00006738    00000010                   : BIOS.obj (.text:ti_sysbios_knl_Swi_disable__E)
                  00006748    00000010                   : BIOS.obj (.text:ti_sysbios_knl_Task_disable__E)
                  00006758    00000010     empty_pem4f.oem4f (.text:ti_uia_runtime_LoggerStopMode_Object__get__S)
                  00006768    00000010     ti.uia.runtime.aem4f : LoggerStopMode.oem4f (.text:ti_uia_runtime_LoggerStopMode_write0__E)
                  00006778    00000010     ti.targets.arm.rtsarm.aem4f : Gate.oem4f (.text:xdc_runtime_Gate_leaveSystem__F)
                  00006788    00000010                                 : Memory.oem4f (.text:xdc_runtime_Memory_free__F)
                  00006798    00000010                                 : SysMin.oem4f (.text:xdc_runtime_SysMin_ready__F)
                  000067a8    00000010                                 : System.oem4f (.text:xdc_runtime_System_vsnprintf__F)
                  000067b8    00000010     empty_pem4f.oem4f (.text:xdc_runtime_Text_visitRope__I)
                  000067c8    0000000e     rtsv7M4_T_le_v4SPD16_eabi.lib : copy_decompress_none.obj (.text:decompress:none)
                  000067d6    0000000e     sysbios.aem4f : BIOS.obj (.text:ti_sysbios_knl_Queue_empty__E)
                  000067e4    0000000e     ti.uia.runtime.aem4f : LoggerStopMode.oem4f (.text:ti_uia_runtime_LoggerStopMode_isEmpty__E)
                  000067f2    00000002     --HOLE-- [fill = 0]
                  000067f4    0000000c     empty_pem4f.oem4f (.text:.bootCodeSection:ti_catalog_arm_cortexm4_tiva_ce_Boot_init__I)
                  00006800    0000000c     sysbios.aem4f : BIOS.obj (.text:ti_sysbios_family_arm_lm4_Timer_masterDisable__I)
                  0000680c    0000000c                   : BIOS.obj (.text:ti_sysbios_family_arm_lm4_TimestampProvider_startTimer__E)
                  00006818    0000000c                   : BIOS.obj (.text:ti_sysbios_family_arm_m3_Hwi_disableFxn__E)
                  00006824    0000000c                   : BIOS.obj (.text:ti_sysbios_family_arm_m3_TaskSupport_checkStack__E)
                  00006830    0000000c                   : m3_Hwi_asm_switch.obj (.text:ti_sysbios_family_xxx_Hwi_switchToTaskStack)
                  0000683c    0000000c                   : BIOS.obj (.text:ti_sysbios_gates_GateHwi_enter__E)
                  00006848    0000000c     empty_pem4f.oem4f (.text:ti_sysbios_knl_Queue_Object__get__S)
                  00006854    0000000c     sysbios.aem4f : BIOS.obj (.text:ti_sysbios_utils_Load_taskRegHook__E)
                  00006860    0000000c     ti.targets.arm.rtsarm.aem4f : Error.oem4f (.text:xdc_runtime_Error_init__F)
                  0000686c    0000000c                                 : Gate.oem4f (.text:xdc_runtime_Gate_enterSystem__F)
                  00006878    0000000c                                 : Memory.oem4f (.text:xdc_runtime_Memory_calloc__F)
                  00006884    0000000c                                 : Memory.oem4f (.text:xdc_runtime_Memory_getMaxDefaultTypeAlign__F)
                  00006890    0000000c                                 : System.oem4f (.text:xdc_runtime_System_exit__F)
                  0000689c    0000000c                                 : System.oem4f (.text:xdc_runtime_System_lastFxn__I)
                  000068a8    0000000a     empty_pem4f.oem4f (.text:xdc_runtime_IHeap_alloc)
                  000068b2    0000000a     empty_pem4f.oem4f (.text:xdc_runtime_IHeap_free)
                  000068bc    00000008     sysbios.aem4f : BIOS.obj (.text:ti_sysbios_family_arm_m3_Hwi_doSwiRestore__I)
                  000068c4    00000008                   : BIOS.obj (.text:ti_sysbios_family_arm_m3_Hwi_startup__E)
                  000068cc    00000008                   : BIOS.obj (.text:ti_sysbios_knl_Idle_loop__E)
                  000068d4    00000006     driverlib.lib : gpio.obj (.text:GPIOPinWrite)
                  000068da    00000006     ti.targets.arm.rtsarm.aem4f : xdc_noinit.oem4f (.text:__xdc__init)
                  000068e0    00000006     rtsv7M4_T_le_v4SPD16_eabi.lib : copy_decompress_rle.obj (.text:decompress:rle24)
                  000068e6    00000006     Boot.aem4f : Boot_sysctl.oem4f (.text:ti_catalog_arm_cortexm4_tiva_ce_Boot_sysCtlDelayI__I)
                  000068ec    00000006     sysbios.aem4f : BIOS.obj (.text:ti_sysbios_family_arm_lm4_TimestampProvider_Module_startup__F)
                  000068f2    00000006                   : BIOS.obj (.text:ti_sysbios_family_arm_m3_Hwi_restoreFxn__E)
                  000068f8    00000006                   : BIOS.obj (.text:ti_sysbios_gates_GateHwi_leave__E)
                  000068fe    00000006                   : BIOS.obj (.text:ti_sysbios_heaps_HeapMem_isBlocking__E)
                  00006904    00000006                   : BIOS.obj (.text:ti_sysbios_knl_Queue_Instance_init__F)
                  0000690a    00000006     ti.uia.runtime.aem4f : LoggerStopMode.oem4f (.text:ti_uia_runtime_LoggerStopMode_getPriority__E)
                  00006910    00000006                          : LoggerStopMode.oem4f (.text:ti_uia_runtime_LoggerStopMode_getTransferType__F)
                  00006916    00000006     ti.targets.arm.rtsarm.aem4f : System.oem4f (.text:xdc_runtime_System_Module_startup__F)
                  0000691c    00000004     empty_pem4f.oem4f (.text:ti_sysbios_BIOS_RtsGateProxy_enter__E)
                  00006920    00000004     empty_pem4f.oem4f (.text:ti_sysbios_BIOS_RtsGateProxy_leave__E)
                  00006924    00000004     sysbios.aem4f : BIOS.obj (.text:ti_sysbios_family_arm_lm4_Timer_getPeriod__E)
                  00006928    00000004                   : BIOS.obj (.text:ti_sysbios_family_arm_lm4_Timer_masterEnable__I)
                  0000692c    00000004     empty_pem4f.oem4f (.text:ti_sysbios_family_arm_m3_TaskSupport_Module__startupDone__S)
                  00006930    00000004     sysbios.aem4f : BIOS.obj (.text:ti_sysbios_gates_GateHwi_query__F)
                  00006934    00000004                   : BIOS.obj (.text:ti_sysbios_gates_GateMutex_query__F)
                  00006938    00000004     empty_pem4f.oem4f (.text:ti_sysbios_hal_Hwi_HwiProxy_Module__startupDone__S)
                  0000693c    00000004     empty_pem4f.oem4f (.text:ti_sysbios_hal_Timer_TimerProxy_Module__startupDone__S)
                  00006940    00000004     empty_pem4f.oem4f (.text:ti_sysbios_hal_Timer_TimerProxy_getPeriod__E)
                  00006944    00000004     empty_pem4f.oem4f (.text:ti_sysbios_heaps_HeapMem_Module_GateProxy_enter__E)
                  00006948    00000004     empty_pem4f.oem4f (.text:ti_sysbios_heaps_HeapMem_Module_GateProxy_leave__E)
                  0000694c    00000004     empty_pem4f.oem4f (.text:ti_sysbios_knl_Task_SupportProxy_Module__startupDone__S)
                  00006950    00000004     sysbios.aem4f : BIOS.obj (.text:ti_sysbios_knl_Task_startup__E)
                  00006954    00000004     empty_pem4f.oem4f (.text:ti_uia_runtime_LogSync_CpuTimestampProxy_Module__startupDone__S)
                  00006958    00000004     empty_pem4f.oem4f (.text:ti_uia_runtime_LogSync_GlobalTimestampProxy_Module__startupDone__S)
                  0000695c    00000004     ti.uia.runtime.aem4f : LoggerStopMode.oem4f (.text:ti_uia_runtime_LoggerStopMode_getInstanceId__E)
                  00006960    00000004                          : LoggerStopMode.oem4f (.text:ti_uia_runtime_LoggerStopMode_getMaxLength__E)
                  00006964    00000004                          : LoggerStopMode.oem4f (.text:ti_uia_runtime_LoggerStopMode_setPriority__E)
                  00006968    00000004     ti.targets.arm.rtsarm.aem4f : Error.oem4f (.text:xdc_runtime_Error_getSite__F)
                  0000696c    00000004     empty_pem4f.oem4f (.text:xdc_runtime_Memory_HeapProxy_alloc__E)
                  00006970    00000004     empty_pem4f.oem4f (.text:xdc_runtime_Memory_HeapProxy_free__E)
                  00006974    00000004     empty_pem4f.oem4f (.text:xdc_runtime_System_Module_GateProxy_enter__E)
                  00006978    00000004     empty_pem4f.oem4f (.text:xdc_runtime_System_Module_GateProxy_leave__E)
                  0000697c    00000004     ti.targets.arm.rtsarm.aem4f : System.oem4f (.text:xdc_runtime_System_aprintf_va__F)
                  00006980    00000004                                 : System.oem4f (.text:xdc_runtime_System_printf_va__F)
                  00006984    00000004     empty_pem4f.oem4f (.text:xdc_runtime_System_vsnprintf__E)
                  00006988    00000004     empty_pem4f.oem4f (.text:xdc_runtime_TimestampNull_Module__startupDone__S)
                  0000698c    00000004     empty_pem4f.oem4f (.text:xdc_runtime_Timestamp_Module__startupDone__S)

.const     0    00006990    00002b4e     
                  00006990    000022c8     empty_pem4f.oem4f (.const:xdc_runtime_Text_charTab__A)
                  00008c58    00000114     empty_pem4f.oem4f (.const:xdc_runtime_Text_nodeTab__A)
                  00008d6c    000000d8     empty_pem4f.oem4f (.const:ti_sysbios_family_arm_m3_Hwi_priorities__A)
                  00008e44    00000060     empty_pem4f.oem4f (.const:ti_uia_runtime_LoggerStopMode_Module__FXNS__C)
                  00008ea4    00000048     empty_pem4f.oem4f (.const:.string)
                  00008eec    0000003c     EK_LM4F120XL.obj (.const:gpioHWAttrs)
                  00008f28    00000030     empty_pem4f.oem4f (.const:ti_sysbios_knl_Task_hooks__A)
                  00008f58    00000030     empty_pem4f.oem4f (.const:ti_uia_runtime_LoggerStopMode_Object__PARAMS__C)
                  00008f88    00000030     empty_pem4f.oem4f (.const:xdc_runtime_Startup_sfxnTab__A)
                  00008fb8    00000028     empty_pem4f.oem4f (.const:ti_sysbios_heaps_HeapMem_Module__FXNS__C)
                  00008fe0    00000024     empty_pem4f.oem4f (.const:ti_sysbios_gates_GateHwi_Module__FXNS__C)
                  00009004    00000024     empty_pem4f.oem4f (.const:ti_sysbios_gates_GateMutex_Module__FXNS__C)
                  00009028    00000024     empty_pem4f.oem4f (.const:ti_sysbios_heaps_HeapMem_Object__PARAMS__C)
                  0000904c    00000024     empty_pem4f.oem4f (.const:ti_sysbios_knl_Semaphore_Object__PARAMS__C)
                  00009070    00000020     empty_pem4f.oem4f (.const:ti_sysbios_gates_GateHwi_Object__DESC__C)
                  00009090    00000020     empty_pem4f.oem4f (.const:ti_sysbios_gates_GateMutex_Object__DESC__C)
                  000090b0    00000020     empty_pem4f.oem4f (.const:ti_sysbios_heaps_HeapMem_Object__DESC__C)
                  000090d0    00000020     empty_pem4f.oem4f (.const:ti_sysbios_knl_Queue_Object__DESC__C)
                  000090f0    00000020     empty_pem4f.oem4f (.const:ti_sysbios_knl_Semaphore_Object__DESC__C)
                  00009110    00000020     empty_pem4f.oem4f (.const:ti_uia_runtime_LoggerStopMode_Object__DESC__C)
                  00009130    00000018     EK_LM4F120XL.obj (.const)
                  00009148    00000018     empty_pem4f.oem4f (.const:ti_sysbios_gates_GateHwi_Object__PARAMS__C)
                  00009160    00000018     empty_pem4f.oem4f (.const:ti_sysbios_gates_GateMutex_Object__PARAMS__C)
                  00009178    00000018     empty_pem4f.oem4f (.const:ti_sysbios_knl_Queue_Object__PARAMS__C)
                  00009190    00000018     empty_pem4f.oem4f (.const:xdc_runtime_Startup_sfxnRts__A)
                  000091a8    00000014     empty_pem4f.oem4f (.const:xdc_runtime_Startup_firstFxns__A)
                  000091bc    00000011     ti.targets.arm.rtsarm.aem4f : System.oem4f (.const)
                  000091cd    00000001     empty_pem4f.oem4f (.const:xdc_runtime_Error_policy__C)
                  000091ce    00000002     empty_pem4f.oem4f (.const:ti_catalog_arm_cortexm4_tiva_ce_Boot_Module__id__C)
                  000091d0    00000008     empty_pem4f.oem4f (.const:ti_sysbios_family_arm_m3_Hwi_excHookFuncs__A)
                  000091d8    00000008     empty_pem4f.oem4f (.const:ti_sysbios_knl_Idle_coreList__A)
                  000091e0    00000008     empty_pem4f.oem4f (.const:ti_sysbios_knl_Idle_coreList__C)
                  000091e8    00000008     empty_pem4f.oem4f (.const:ti_sysbios_knl_Idle_funcList__A)
                  000091f0    00000008     empty_pem4f.oem4f (.const:ti_sysbios_knl_Idle_funcList__C)
                  000091f8    00000008     empty_pem4f.oem4f (.const:ti_sysbios_knl_Task_hooks__C)
                  00009200    00000008     empty_pem4f.oem4f (.const:xdc_runtime_Startup_firstFxns__C)
                  00009208    00000008     empty_pem4f.oem4f (.const:xdc_runtime_Startup_lastFxns__A)
                  00009210    00000008     empty_pem4f.oem4f (.const:xdc_runtime_Startup_lastFxns__C)
                  00009218    00000004     empty_pem4f.oem4f (.const:ti_catalog_arm_cortexm4_tiva_ce_Boot_A_mustUseEnhancedClockMode__C)
                  0000921c    00000004     empty_pem4f.oem4f (.const:ti_catalog_arm_cortexm4_tiva_ce_Boot_Module__diagsEnabled__C)
                  00009220    00000004     empty_pem4f.oem4f (.const:ti_catalog_arm_cortexm4_tiva_ce_Boot_Module__diagsIncluded__C)
                  00009224    00000004     empty_pem4f.oem4f (.const:ti_catalog_arm_cortexm4_tiva_ce_Boot_Module__diagsMask__C)
                  00009228    00000004     empty_pem4f.oem4f (.const:ti_sysbios_BIOS_Module__diagsEnabled__C)
                  0000922c    00000004     empty_pem4f.oem4f (.const:ti_sysbios_BIOS_Module__diagsIncluded__C)
                  00009230    00000004     empty_pem4f.oem4f (.const:ti_sysbios_BIOS_Module__diagsMask__C)
                  00009234    00000004     empty_pem4f.oem4f (.const:ti_sysbios_BIOS_installedErrorHook__C)
                  00009238    00000004     empty_pem4f.oem4f (.const:ti_sysbios_family_arm_lm4_Timer_enableFunc__C)
                  0000923c    00000004     empty_pem4f.oem4f (.const:ti_sysbios_family_arm_lm4_Timer_numTimerDevices__C)
                  00009240    00000004     empty_pem4f.oem4f (.const:ti_sysbios_family_arm_lm4_Timer_startupNeeded__C)
                  00009244    00000004     empty_pem4f.oem4f (.const:ti_sysbios_family_arm_m3_Hwi_E_NMI__C)
                  00009248    00000004     empty_pem4f.oem4f (.const:ti_sysbios_family_arm_m3_Hwi_E_busFault__C)
                  0000924c    00000004     empty_pem4f.oem4f (.const:ti_sysbios_family_arm_m3_Hwi_E_debugMon__C)
                  00009250    00000004     empty_pem4f.oem4f (.const:ti_sysbios_family_arm_m3_Hwi_E_hardFault__C)
                  00009254    00000004     empty_pem4f.oem4f (.const:ti_sysbios_family_arm_m3_Hwi_E_memFault__C)
                  00009258    00000004     empty_pem4f.oem4f (.const:ti_sysbios_family_arm_m3_Hwi_E_noIsr__C)
                  0000925c    00000004     empty_pem4f.oem4f (.const:ti_sysbios_family_arm_m3_Hwi_E_reserved__C)
                  00009260    00000004     empty_pem4f.oem4f (.const:ti_sysbios_family_arm_m3_Hwi_E_svCall__C)
                  00009264    00000004     empty_pem4f.oem4f (.const:ti_sysbios_family_arm_m3_Hwi_E_usageFault__C)
                  00009268    00000004     empty_pem4f.oem4f (.const:ti_sysbios_family_arm_m3_Hwi_LD_end__C)
                  0000926c    00000004     empty_pem4f.oem4f (.const:ti_sysbios_family_arm_m3_Hwi_LM_begin__C)
                  00009270    00000004     empty_pem4f.oem4f (.const:ti_sysbios_family_arm_m3_Hwi_Module__diagsEnabled__C)
                  00009274    00000004     empty_pem4f.oem4f (.const:ti_sysbios_family_arm_m3_Hwi_Module__diagsIncluded__C)
                  00009278    00000004     empty_pem4f.oem4f (.const:ti_sysbios_family_arm_m3_Hwi_Module__diagsMask__C)
                  0000927c    00000004     empty_pem4f.oem4f (.const:ti_sysbios_family_arm_m3_Hwi_Module__loggerFxn1__C)
                  00009280    00000004     empty_pem4f.oem4f (.const:ti_sysbios_family_arm_m3_Hwi_Module__loggerFxn8__C)
                  00009284    00000004     empty_pem4f.oem4f (.const:ti_sysbios_family_arm_m3_Hwi_Module__loggerObj__C)
                  00009288    00000004     empty_pem4f.oem4f (.const:ti_sysbios_family_arm_m3_Hwi_NUM_INTERRUPTS__C)
                  0000928c    00000004     empty_pem4f.oem4f (.const:ti_sysbios_family_arm_m3_Hwi_ccr__C)
                  00009290    00000004     empty_pem4f.oem4f (.const:ti_sysbios_family_arm_m3_Hwi_dispatchTable__C)
                  00009294    00000004     empty_pem4f.oem4f (.const:ti_sysbios_family_arm_m3_Hwi_excHandlerFunc__C)
                  00009298    00000004     empty_pem4f.oem4f (.const:ti_sysbios_family_arm_m3_Hwi_excHookFuncs__C)
                  0000929c    00000004     empty_pem4f.oem4f (.const:ti_sysbios_family_arm_m3_Hwi_priGroup__C)
                  000092a0    00000004     empty_pem4f.oem4f (.const:ti_sysbios_family_arm_m3_Hwi_priorities__C)
                  000092a4    00000004     empty_pem4f.oem4f (.const:ti_sysbios_gates_GateMutex_A_badContext__C)
                  000092a8    00000004     empty_pem4f.oem4f (.const:ti_sysbios_gates_GateMutex_Instance_State_sem__O)
                  000092ac    00000004     empty_pem4f.oem4f (.const:ti_sysbios_gates_GateMutex_Module__diagsEnabled__C)
                  000092b0    00000004     empty_pem4f.oem4f (.const:ti_sysbios_gates_GateMutex_Module__diagsIncluded__C)
                  000092b4    00000004     empty_pem4f.oem4f (.const:ti_sysbios_gates_GateMutex_Module__diagsMask__C)
                  000092b8    00000004     empty_pem4f.oem4f (.const:ti_sysbios_hal_Hwi_E_stackOverflow__C)
                  000092bc    00000004     empty_pem4f.oem4f (.const:ti_sysbios_heaps_HeapMem_A_align__C)
                  000092c0    00000004     empty_pem4f.oem4f (.const:ti_sysbios_heaps_HeapMem_A_heapSize__C)
                  000092c4    00000004     empty_pem4f.oem4f (.const:ti_sysbios_heaps_HeapMem_A_invalidFree__C)
                  000092c8    00000004     empty_pem4f.oem4f (.const:ti_sysbios_heaps_HeapMem_A_zeroBlock__C)
                  000092cc    00000004     empty_pem4f.oem4f (.const:ti_sysbios_heaps_HeapMem_E_memory__C)
                  000092d0    00000004     empty_pem4f.oem4f (.const:ti_sysbios_heaps_HeapMem_Module__diagsEnabled__C)
                  000092d4    00000004     empty_pem4f.oem4f (.const:ti_sysbios_heaps_HeapMem_Module__diagsIncluded__C)
                  000092d8    00000004     empty_pem4f.oem4f (.const:ti_sysbios_heaps_HeapMem_Module__diagsMask__C)
                  000092dc    00000004     empty_pem4f.oem4f (.const:ti_sysbios_heaps_HeapMem_Module__gateObj__C)
                  000092e0    00000004     empty_pem4f.oem4f (.const:ti_sysbios_heaps_HeapMem_Object__count__C)
                  000092e4    00000004     empty_pem4f.oem4f (.const:ti_sysbios_heaps_HeapMem_reqAlign__C)
                  000092e8    00000004     empty_pem4f.oem4f (.const:ti_sysbios_knl_Clock_LM_begin__C)
                  000092ec    00000004     empty_pem4f.oem4f (.const:ti_sysbios_knl_Clock_LM_tick__C)
                  000092f0    00000004     empty_pem4f.oem4f (.const:ti_sysbios_knl_Clock_LW_delayed__C)
                  000092f4    00000004     empty_pem4f.oem4f (.const:ti_sysbios_knl_Clock_Module_State_clockQ__O)
                  000092f8    00000004     empty_pem4f.oem4f (.const:ti_sysbios_knl_Clock_Module__diagsEnabled__C)
                  000092fc    00000004     empty_pem4f.oem4f (.const:ti_sysbios_knl_Clock_Module__diagsIncluded__C)
                  00009300    00000004     empty_pem4f.oem4f (.const:ti_sysbios_knl_Clock_Module__diagsMask__C)
                  00009304    00000004     empty_pem4f.oem4f (.const:ti_sysbios_knl_Clock_Module__loggerFxn1__C)
                  00009308    00000004     empty_pem4f.oem4f (.const:ti_sysbios_knl_Clock_Module__loggerFxn2__C)
                  0000930c    00000004     empty_pem4f.oem4f (.const:ti_sysbios_knl_Clock_Module__loggerObj__C)
                  00009310    00000004     empty_pem4f.oem4f (.const:ti_sysbios_knl_Semaphore_A_badContext__C)
                  00009314    00000004     empty_pem4f.oem4f (.const:ti_sysbios_knl_Semaphore_A_noEvents__C)
                  00009318    00000004     empty_pem4f.oem4f (.const:ti_sysbios_knl_Semaphore_A_overflow__C)
                  0000931c    00000004     empty_pem4f.oem4f (.const:ti_sysbios_knl_Semaphore_A_pendTaskDisabled__C)
                  00009320    00000004     empty_pem4f.oem4f (.const:ti_sysbios_knl_Semaphore_Instance_State_pendQ__O)
                  00009324    00000004     empty_pem4f.oem4f (.const:ti_sysbios_knl_Semaphore_LM_pend__C)
                  00009328    00000004     empty_pem4f.oem4f (.const:ti_sysbios_knl_Semaphore_LM_post__C)
                  0000932c    00000004     empty_pem4f.oem4f (.const:ti_sysbios_knl_Semaphore_Module__diagsEnabled__C)
                  00009330    00000004     empty_pem4f.oem4f (.const:ti_sysbios_knl_Semaphore_Module__diagsIncluded__C)
                  00009334    00000004     empty_pem4f.oem4f (.const:ti_sysbios_knl_Semaphore_Module__diagsMask__C)
                  00009338    00000004     empty_pem4f.oem4f (.const:ti_sysbios_knl_Semaphore_Module__loggerFxn2__C)
                  0000933c    00000004     empty_pem4f.oem4f (.const:ti_sysbios_knl_Semaphore_Module__loggerFxn4__C)
                  00009340    00000004     empty_pem4f.oem4f (.const:ti_sysbios_knl_Semaphore_Module__loggerObj__C)
                  00009344    00000004     empty_pem4f.oem4f (.const:ti_sysbios_knl_Swi_LD_end__C)
                  00009348    00000004     empty_pem4f.oem4f (.const:ti_sysbios_knl_Swi_LM_begin__C)
                  0000934c    00000004     empty_pem4f.oem4f (.const:ti_sysbios_knl_Swi_LM_post__C)
                  00009350    00000004     empty_pem4f.oem4f (.const:ti_sysbios_knl_Swi_Module__diagsEnabled__C)
                  00009354    00000004     empty_pem4f.oem4f (.const:ti_sysbios_knl_Swi_Module__diagsIncluded__C)
                  00009358    00000004     empty_pem4f.oem4f (.const:ti_sysbios_knl_Swi_Module__diagsMask__C)
                  0000935c    00000004     empty_pem4f.oem4f (.const:ti_sysbios_knl_Swi_Module__loggerFxn1__C)
                  00009360    00000004     empty_pem4f.oem4f (.const:ti_sysbios_knl_Swi_Module__loggerFxn4__C)
                  00009364    00000004     empty_pem4f.oem4f (.const:ti_sysbios_knl_Swi_Module__loggerObj__C)
                  00009368    00000004     empty_pem4f.oem4f (.const:ti_sysbios_knl_Swi_Object__count__C)
                  0000936c    00000004     empty_pem4f.oem4f (.const:ti_sysbios_knl_Task_E_spOutOfBounds__C)
                  00009370    00000004     empty_pem4f.oem4f (.const:ti_sysbios_knl_Task_E_stackOverflow__C)
                  00009374    00000004     empty_pem4f.oem4f (.const:ti_sysbios_knl_Task_LD_block__C)
                  00009378    00000004     empty_pem4f.oem4f (.const:ti_sysbios_knl_Task_LD_exit__C)
                  0000937c    00000004     empty_pem4f.oem4f (.const:ti_sysbios_knl_Task_LD_ready__C)
                  00009380    00000004     empty_pem4f.oem4f (.const:ti_sysbios_knl_Task_LM_switch__C)
                  00009384    00000004     empty_pem4f.oem4f (.const:ti_sysbios_knl_Task_Module_State_inactiveQ__O)
                  00009388    00000004     empty_pem4f.oem4f (.const:ti_sysbios_knl_Task_Module__diagsEnabled__C)
                  0000938c    00000004     empty_pem4f.oem4f (.const:ti_sysbios_knl_Task_Module__diagsIncluded__C)
                  00009390    00000004     empty_pem4f.oem4f (.const:ti_sysbios_knl_Task_Module__diagsMask__C)
                  00009394    00000004     empty_pem4f.oem4f (.const:ti_sysbios_knl_Task_Module__loggerFxn2__C)
                  00009398    00000004     empty_pem4f.oem4f (.const:ti_sysbios_knl_Task_Module__loggerFxn4__C)
                  0000939c    00000004     empty_pem4f.oem4f (.const:ti_sysbios_knl_Task_Module__loggerObj__C)
                  000093a0    00000004     empty_pem4f.oem4f (.const:ti_sysbios_knl_Task_Object__count__C)
                  000093a4    00000004     empty_pem4f.oem4f (.const:ti_sysbios_knl_Task_Object__heap__C)
                  000093a8    00000004     empty_pem4f.oem4f (.const:ti_sysbios_knl_Task_allBlockedFunc__C)
                  000093ac    00000004     empty_pem4f.oem4f (.const:ti_sysbios_knl_Task_numConstructedTasks__C)
                  000093b0    00000004     empty_pem4f.oem4f (.const:ti_sysbios_utils_Load_LS_cpuLoad__C)
                  000093b4    00000004     empty_pem4f.oem4f (.const:ti_sysbios_utils_Load_LS_hwiLoad__C)
                  000093b8    00000004     empty_pem4f.oem4f (.const:ti_sysbios_utils_Load_LS_taskLoad__C)
                  000093bc    00000004     empty_pem4f.oem4f (.const:ti_sysbios_utils_Load_Module_State_taskList__O)
                  000093c0    00000004     empty_pem4f.oem4f (.const:ti_sysbios_utils_Load_Module__diagsEnabled__C)
                  000093c4    00000004     empty_pem4f.oem4f (.const:ti_sysbios_utils_Load_Module__diagsIncluded__C)
                  000093c8    00000004     empty_pem4f.oem4f (.const:ti_sysbios_utils_Load_Module__diagsMask__C)
                  000093cc    00000004     empty_pem4f.oem4f (.const:ti_sysbios_utils_Load_Module__loggerFxn1__C)
                  000093d0    00000004     empty_pem4f.oem4f (.const:ti_sysbios_utils_Load_Module__loggerFxn2__C)
                  000093d4    00000004     empty_pem4f.oem4f (.const:ti_sysbios_utils_Load_Module__loggerFxn4__C)
                  000093d8    00000004     empty_pem4f.oem4f (.const:ti_sysbios_utils_Load_Module__loggerObj__C)
                  000093dc    00000004     empty_pem4f.oem4f (.const:ti_sysbios_utils_Load_postUpdate__C)
                  000093e0    00000004     empty_pem4f.oem4f (.const:ti_sysbios_utils_Load_windowInMs__C)
                  000093e4    00000004     empty_pem4f.oem4f (.const:ti_uia_runtime_ILoggerSnapshot_Interface__BASE__C)
                  000093e8    00000004     empty_pem4f.oem4f (.const:ti_uia_runtime_IUIATransfer_Interface__BASE__C)
                  000093ec    00000004     empty_pem4f.oem4f (.const:ti_uia_runtime_LoggerStopMode_E_badLevel__C)
                  000093f0    00000004     empty_pem4f.oem4f (.const:ti_uia_runtime_LoggerStopMode_Object__count__C)
                  000093f4    00000004     empty_pem4f.oem4f (.const:ti_uia_runtime_LoggerStopMode_overflowLogger__C)
                  000093f8    00000004     empty_pem4f.oem4f (.const:ti_uia_runtime_LoggerStopMode_statusLogger__C)
                  000093fc    00000004     empty_pem4f.oem4f (.const:xdc_runtime_Assert_E_assertFailed__C)
                  00009400    00000004     empty_pem4f.oem4f (.const:xdc_runtime_Core_A_initializedParams__C)
                  00009404    00000004     empty_pem4f.oem4f (.const:xdc_runtime_Core_Module__diagsEnabled__C)
                  00009408    00000004     empty_pem4f.oem4f (.const:xdc_runtime_Core_Module__diagsIncluded__C)
                  0000940c    00000004     empty_pem4f.oem4f (.const:xdc_runtime_Core_Module__diagsMask__C)
                  00009410    00000004     empty_pem4f.oem4f (.const:xdc_runtime_Error_E_memory__C)
                  00009414    00000004     empty_pem4f.oem4f (.const:xdc_runtime_Error_Module__diagsEnabled__C)
                  00009418    00000004     empty_pem4f.oem4f (.const:xdc_runtime_Error_Module__diagsIncluded__C)
                  0000941c    00000004     empty_pem4f.oem4f (.const:xdc_runtime_Error_Module__diagsMask__C)
                  00009420    00000004     empty_pem4f.oem4f (.const:xdc_runtime_Error_Module__loggerFxn8__C)
                  00009424    00000004     empty_pem4f.oem4f (.const:xdc_runtime_Error_Module__loggerObj__C)
                  00009428    00000004     empty_pem4f.oem4f (.const:xdc_runtime_Error_raiseHook__C)
                  0000942c    00000004     empty_pem4f.oem4f (.const:xdc_runtime_IFilterLogger_Interface__BASE__C)
                  00009430    00000004     empty_pem4f.oem4f (.const:xdc_runtime_IGateProvider_Interface__BASE__C)
                  00009434    00000004     empty_pem4f.oem4f (.const:xdc_runtime_IHeap_Interface__BASE__C)
                  00009438    00000004     empty_pem4f.oem4f (.const:xdc_runtime_ILogger_Interface__BASE__C)
                  0000943c    00000004     empty_pem4f.oem4f (.const:xdc_runtime_IModule_Interface__BASE__C)
                  00009440    00000004     empty_pem4f.oem4f (.const:xdc_runtime_Log_L_error__C)
                  00009444    00000004     empty_pem4f.oem4f (.const:xdc_runtime_Main_Module__diagsEnabled__C)
                  00009448    00000004     empty_pem4f.oem4f (.const:xdc_runtime_Main_Module__diagsIncluded__C)
                  0000944c    00000004     empty_pem4f.oem4f (.const:xdc_runtime_Main_Module__diagsMask__C)
                  00009450    00000004     empty_pem4f.oem4f (.const:xdc_runtime_Main_Module__loggerFxn4__C)
                  00009454    00000004     empty_pem4f.oem4f (.const:xdc_runtime_Main_Module__loggerObj__C)
                  00009458    00000004     empty_pem4f.oem4f (.const:xdc_runtime_Memory_defaultHeapInstance__C)
                  0000945c    00000004     empty_pem4f.oem4f (.const:xdc_runtime_Startup_execImpl__C)
                  00009460    00000004     empty_pem4f.oem4f (.const:xdc_runtime_Startup_maxPasses__C)
                  00009464    00000004     empty_pem4f.oem4f (.const:xdc_runtime_Startup_sfxnRts__C)
                  00009468    00000004     empty_pem4f.oem4f (.const:xdc_runtime_Startup_sfxnTab__C)
                  0000946c    00000004     empty_pem4f.oem4f (.const:xdc_runtime_SysMin_bufSize__C)
                  00009470    00000004     empty_pem4f.oem4f (.const:xdc_runtime_SysMin_outputFunc__C)
                  00009474    00000004     empty_pem4f.oem4f (.const:xdc_runtime_System_Module__gateObj__C)
                  00009478    00000004     empty_pem4f.oem4f (.const:xdc_runtime_System_extendFxn__C)
                  0000947c    00000004     empty_pem4f.oem4f (.const:xdc_runtime_System_maxAtexitHandlers__C)
                  00009480    00000004     empty_pem4f.oem4f (.const:xdc_runtime_Text_charTab__C)
                  00009484    00000004     empty_pem4f.oem4f (.const:xdc_runtime_Text_nameEmpty__C)
                  00009488    00000004     empty_pem4f.oem4f (.const:xdc_runtime_Text_nameStatic__C)
                  0000948c    00000004     empty_pem4f.oem4f (.const:xdc_runtime_Text_nameUnknown__C)
                  00009490    00000004     empty_pem4f.oem4f (.const:xdc_runtime_Text_nodeTab__C)
                  00009494    00000004     empty_pem4f.oem4f (.const:xdc_runtime_Text_visitRopeFxn__C)
                  00009498    00000002     empty_pem4f.oem4f (.const:ti_sysbios_BIOS_Module__id__C)
                  0000949a    00000002     empty_pem4f.oem4f (.const:ti_sysbios_family_arm_lm4_TimestampProvider_useClockTimer__C)
                  0000949c    00000002     empty_pem4f.oem4f (.const:ti_sysbios_family_arm_m3_Hwi_Module__id__C)
                  0000949e    00000002     empty_pem4f.oem4f (.const:ti_sysbios_family_arm_m3_Hwi_Module__loggerDefined__C)
                  000094a0    00000002     empty_pem4f.oem4f (.const:ti_sysbios_gates_GateMutex_Module__id__C)
                  000094a2    00000002     empty_pem4f.oem4f (.const:ti_sysbios_hal_Hwi_Module__id__C)
                  000094a4    00000002     empty_pem4f.oem4f (.const:ti_sysbios_heaps_HeapMem_Module__id__C)
                  000094a6    00000002     empty_pem4f.oem4f (.const:ti_sysbios_knl_Clock_Module__id__C)
                  000094a8    00000002     empty_pem4f.oem4f (.const:ti_sysbios_knl_Clock_Module__loggerDefined__C)
                  000094aa    00000002     empty_pem4f.oem4f (.const:ti_sysbios_knl_Semaphore_Module__id__C)
                  000094ac    00000002     empty_pem4f.oem4f (.const:ti_sysbios_knl_Semaphore_Module__loggerDefined__C)
                  000094ae    00000002     empty_pem4f.oem4f (.const:ti_sysbios_knl_Swi_Module__id__C)
                  000094b0    00000002     empty_pem4f.oem4f (.const:ti_sysbios_knl_Swi_Module__loggerDefined__C)
                  000094b2    00000002     empty_pem4f.oem4f (.const:ti_sysbios_knl_Task_Module__id__C)
                  000094b4    00000002     empty_pem4f.oem4f (.const:ti_sysbios_knl_Task_Module__loggerDefined__C)
                  000094b6    00000002     empty_pem4f.oem4f (.const:ti_sysbios_knl_Task_initStackFlag__C)
                  000094b8    00000002     empty_pem4f.oem4f (.const:ti_sysbios_utils_Load_Module__id__C)
                  000094ba    00000002     empty_pem4f.oem4f (.const:ti_sysbios_utils_Load_Module__loggerDefined__C)
                  000094bc    00000002     empty_pem4f.oem4f (.const:ti_sysbios_utils_Load_autoAddTasks__C)
                  000094be    00000002     empty_pem4f.oem4f (.const:ti_sysbios_utils_Load_hwiEnabled__C)
                  000094c0    00000002     empty_pem4f.oem4f (.const:ti_sysbios_utils_Load_updateInIdle__C)
                  000094c2    00000002     empty_pem4f.oem4f (.const:ti_uia_runtime_LoggerStopMode_Module__id__C)
                  000094c4    00000002     empty_pem4f.oem4f (.const:ti_uia_runtime_LoggerStopMode_filterByLevel__C)
                  000094c6    00000002     empty_pem4f.oem4f (.const:ti_uia_runtime_LoggerStopMode_isTimestampEnabled__C)
                  000094c8    00000002     empty_pem4f.oem4f (.const:xdc_runtime_Core_Module__id__C)
                  000094ca    00000002     empty_pem4f.oem4f (.const:xdc_runtime_Error_Module__loggerDefined__C)
                  000094cc    00000002     empty_pem4f.oem4f (.const:xdc_runtime_Error_maxDepth__C)
                  000094ce    00000002     empty_pem4f.oem4f (.const:xdc_runtime_Main_Module__id__C)
                  000094d0    00000002     empty_pem4f.oem4f (.const:xdc_runtime_Main_Module__loggerDefined__C)
                  000094d2    00000002     empty_pem4f.oem4f (.const:xdc_runtime_Memory_Module__id__C)
                  000094d4    00000002     empty_pem4f.oem4f (.const:xdc_runtime_SysMin_flushAtExit__C)
                  000094d6    00000002     empty_pem4f.oem4f (.const:xdc_runtime_Text_charCnt__C)
                  000094d8    00000002     empty_pem4f.oem4f (.const:xdc_runtime_Text_isLoaded__C)
                  000094da    00000002     empty_pem4f.oem4f (.const:xdc_runtime_Text_registryModsLastId__C)
                  000094dc    00000002     empty_pem4f.oem4f (.const:xdc_runtime_Text_unnamedModsLastId__C)

.cinit     0    000094e0    00000528     
                  000094e0    000004f3     (.cinit..data.load) [load image, compression = rle]
                  000099d3    00000001     --HOLE-- [fill = 0]
                  000099d4    0000000c     (__TI_handler_table)
                  000099e0    00000008     (.cinit..bss.load) [load image, compression = zero_init]
                  000099e8    00000008     (.cinit..vecs.load) [load image, compression = zero_init]
                  000099f0    00000018     (__TI_cinit_table)

.vecs      0    20000000    00000360     UNINITIALIZED
                  20000000    00000360     empty_pem4f.oem4f (.vecs)

.bss       0    20000360    000028b0     UNINITIALIZED
                  20000360    00001000     empty_pem4f.oem4f (.bss:ti_sysbios_heaps_HeapMem_Instance_State_0_buf__A)
                  20001360    00000800     empty_pem4f.oem4f (.bss:taskStackSection)
                  20001b60    00000480     empty_pem4f.oem4f (.bss:ti_uia_runtime_LoggerStopMode_Instance_State_1_bufferArray__A)
                  20001fe0    00000480     empty_pem4f.oem4f (.bss:ti_uia_runtime_LoggerStopMode_Instance_State_2_bufferArray__A)
                  20002460    00000400     empty_pem4f.oem4f (.bss:xdc_runtime_SysMin_Module_State_0_outbuf__A)
                  20002860    00000280     empty_pem4f.oem4f (.bss:ti_uia_runtime_LoggerStopMode_Instance_State_0_bufferArray__A)
                  20002ae0    00000120     rtsv7M4_T_le_v4SPD16_eabi.lib : trgmsg.obj (.bss:__CIOBUF_)
                  20002c00    00000008     (.common:parmbuf)
                  20002c08    00000008     (.common:ti_sysbios_knl_Task_Instance_State_0_hookEnv__A)

.stack     0    20002c10    00001000     UNINITIALIZED
                  20002c10    00001000     --HOLE--

.data      0    20003c10    00000a3c     UNINITIALIZED
                  20003c10    00000360     empty_pem4f.oem4f (.data:ti_sysbios_family_arm_m3_Hwi_Module_State_0_dispatchTable__A)
                  20003f70    000001c4     empty_pem4f.oem4f (.data)
                  20004134    00000108     empty_pem4f.oem4f (.data:ti_uia_runtime_LoggerStopMode_Object__table__V)
                  2000423c    00000098     empty_pem4f.oem4f (.data:ti_sysbios_utils_Load_Module__state__V)
                  200042d4    00000080     empty_pem4f.oem4f (.data:ti_sysbios_knl_Swi_Module_State_0_readyQ__A)
                  20004354    00000080     empty_pem4f.oem4f (.data:ti_sysbios_knl_Task_Module_State_0_readyQ__A)
                  200043d4    00000070     empty_pem4f.oem4f (.data:ti_sysbios_family_arm_lm4_Timer_Object__table__V)
                  20004444    0000005c     empty_pem4f.oem4f (.data:ti_sysbios_family_arm_m3_Hwi_Module__state__V)
                  200044a0    00000050     empty_pem4f.oem4f (.data:ti_sysbios_knl_Task_Object__table__V)
                  200044f0    00000044     empty_pem4f.oem4f (.data:ti_sysbios_knl_Task_Module__state__V)
                  20004534    00000038     empty_pem4f.oem4f (.data:ti_sysbios_gates_GateMutex_Object__table__V)
                  2000456c    00000030     empty_pem4f.oem4f (.data:ti_sysbios_family_arm_lm4_Timer_Module_State_0_device__A)
                  2000459c    00000030     empty_pem4f.oem4f (.data:ti_sysbios_family_arm_m3_Hwi_Object__table__V)
                  200045cc    00000030     empty_pem4f.oem4f (.data:ti_sysbios_knl_Swi_Object__table__V)
                  200045fc    00000028     empty_pem4f.oem4f (.data:ti_sysbios_knl_Clock_Module__state__V)
                  20004624    00000008     gpio_tivaware.aem4f : GPIO.oem4f (.data)
                  2000462c    00000008     rtsv7M4_T_le_v4SPD16_eabi.lib : _lock.obj (.data)
                  20004634    00000008                                   : exit.obj (.data)
                  2000463c    00000008     ti.uia.runtime.aem4f : QueueDescriptor.oem4f (.data)
                  20004644    00000004     rtsv7M4_T_le_v4SPD16_eabi.lib : dtor_list.obj (.data)
                  20004648    00000004                                   : stkdepth_vars.obj (.data)


LINKER GENERATED COPY TABLES

__TI_cinit_table @ 000099f0 records: 3, size/record: 8, table size: 24
	.data: load addr=000094e0, load size=000004f3 bytes, run addr=20003c10, run size=00000a3c bytes, compression=rle
	.bss: load addr=000099e0, load size=00000008 bytes, run addr=20000360, run size=000028b0 bytes, compression=zero_init
	.vecs: load addr=000099e8, load size=00000008 bytes, run addr=20000000, run size=00000360 bytes, compression=zero_init


LINKER GENERATED HANDLER TABLE

__TI_handler_table @ 000099d4 records: 3, size/record: 4, table size: 12
	index: 0, handler: __TI_zero_init
	index: 1, handler: __TI_decompress_rle24
	index: 2, handler: __TI_decompress_none


GLOBAL SYMBOLS: SORTED ALPHABETICALLY BY Name 

address    name
--------   ----
0000565d   C$$EXIT
00004f17   C$$IO$$
000046d9   EK_LM4F120XL_initGPIO
000058c1   EK_LM4F120XL_initGeneral
00005f8d   GPIODirModeSet
00002799   GPIOPadConfigSet
00006619   GPIOPinTypeGPIOInput
00006487   GPIOPinTypeGPIOOutput
000068d5   GPIOPinWrite
00009130   GPIO_config
000060a9   GPIO_init
00003765   GPIO_write
00001035   HOSTclock
00000ffd   HOSTclose
00000fbf   HOSTgetenv
00000f63   HOSTlseek
00000f11   HOSTopen
00000ec5   HOSTread
00000e67   HOSTrename
00000e2d   HOSTtime
00000df5   HOSTunlink
00000da9   HOSTwrite
UNDEFED    SHT$$INIT_ARRAY$$Base
UNDEFED    SHT$$INIT_ARRAY$$Limit
00005c71   SysCtlPeripheralEnable
200044a0   TSK_idle
00000000   __ASM__
20002ae0   __CIOBUF_
00000074   __ISA__
00000087   __PLAT__
20003c10   __STACK_END
00001000   __STACK_SIZE
20002d10   __STACK_TOP
000000a8   __TARG__
000099f0   __TI_CINIT_Base
00009a08   __TI_CINIT_Limit
000099d4   __TI_Handler_Table_Base
000099e0   __TI_Handler_Table_Limit
00000001   __TI_args_main
000042c1   __TI_auto_init
20004634   __TI_cleanup_ptr
000067c9   __TI_decompress_none
000068e1   __TI_decompress_rle24
20004638   __TI_dtors_ptr
00004f1b   __TI_readmsg
00000000   __TI_static_base__
00004eed   __TI_writemsg
0000662b   __TI_zero_init
000000ce   __TRDR__
000035d5   __aeabi_atexit
000048e7   __aeabi_memclr
000048e7   __aeabi_memclr4
000048e7   __aeabi_memclr8
00004361   __aeabi_memcpy
00004361   __aeabi_memcpy4
00004361   __aeabi_memcpy8
000048e9   __aeabi_memset
000048e9   __aeabi_memset4
000048e9   __aeabi_memset8
ffffffff   __binit__
ffffffff   __c_args__
000035c3   __cxa_atexit
0000357d   __cxa_finalize
000035bd   __cxa_ia64_exit
20002c10   __stack
000068db   __xdc__init
20004130   __xdc__init__addr
000064b9   _args_main
00005181   _c_int00
2000462c   _lock
0000659b   _nop
00006593   _register_lock
0000658d   _register_unlock
20004630   _unlock
00005661   abort
000035c7   atexit
ffffffff   binit
00005619   copy_in
00005669   exit
0000649f   free
00008eec   gpioHWAttrs
000045c1   main
20004648   main_func_sp
00005dfd   malloc
00004361   memcpy
000048ef   memset
00006697   strcpy
000065a1   strlen
00009218   ti_catalog_arm_cortexm4_tiva_ce_Boot_A_mustUseEnhancedClockMode__C
0000921c   ti_catalog_arm_cortexm4_tiva_ce_Boot_Module__diagsEnabled__C
00009220   ti_catalog_arm_cortexm4_tiva_ce_Boot_Module__diagsIncluded__C
00009224   ti_catalog_arm_cortexm4_tiva_ce_Boot_Module__diagsMask__C
000091ce   ti_catalog_arm_cortexm4_tiva_ce_Boot_Module__id__C
000067f5   ti_catalog_arm_cortexm4_tiva_ce_Boot_init__I
00002e71   ti_catalog_arm_cortexm4_tiva_ce_Boot_sysCtlClockSetI__I
00004499   ti_catalog_arm_cortexm4_tiva_ce_Boot_sysCtlClockSet__E
000068e7   ti_catalog_arm_cortexm4_tiva_ce_Boot_sysCtlDelayI__I
00009228   ti_sysbios_BIOS_Module__diagsEnabled__C
0000922c   ti_sysbios_BIOS_Module__diagsIncluded__C
00009230   ti_sysbios_BIOS_Module__diagsMask__C
00009498   ti_sysbios_BIOS_Module__id__C
20003f70   ti_sysbios_BIOS_Module__state__V
0000691d   ti_sysbios_BIOS_RtsGateProxy_enter__E
00006921   ti_sysbios_BIOS_RtsGateProxy_leave__E
00006935   ti_sysbios_BIOS_RtsGateProxy_query__E
00005469   ti_sysbios_BIOS_errorRaiseHook__I
00005d0d   ti_sysbios_BIOS_exitFunc__I
000066a9   ti_sysbios_BIOS_getCpuFreq__E
00009234   ti_sysbios_BIOS_installedErrorHook__C
00004497   ti_sysbios_BIOS_nullFunc__I
000060cd   ti_sysbios_BIOS_registerRTSLock__I
00006311   ti_sysbios_BIOS_rtsLock__I
00004d55   ti_sysbios_BIOS_rtsUnlock__I
000066b9   ti_sysbios_BIOS_setThreadType__E
000060f1   ti_sysbios_BIOS_startFunc__I
000066c9   ti_sysbios_BIOS_start__E
2000456c   ti_sysbios_family_arm_lm4_Timer_Module_State_0_device__A
20003f98   ti_sysbios_family_arm_lm4_Timer_Module_State_0_handles__A
20003f90   ti_sysbios_family_arm_lm4_Timer_Module__root__V
000064d1   ti_sysbios_family_arm_lm4_Timer_Module__startupDone__F
000064d1   ti_sysbios_family_arm_lm4_Timer_Module__startupDone__S
20003fb0   ti_sysbios_family_arm_lm4_Timer_Module__state__V
0000506d   ti_sysbios_family_arm_lm4_Timer_Module_startup__E
0000506d   ti_sysbios_family_arm_lm4_Timer_Module_startup__F
200043d4   ti_sysbios_family_arm_lm4_Timer_Object__table__V
00009238   ti_sysbios_family_arm_lm4_Timer_enableFunc__C
00004179   ti_sysbios_family_arm_lm4_Timer_enableTimers__I
00003ed5   ti_sysbios_family_arm_lm4_Timer_enableTiva__I
00006925   ti_sysbios_family_arm_lm4_Timer_getPeriod__E
000049d9   ti_sysbios_family_arm_lm4_Timer_isrStub__E
00006801   ti_sysbios_family_arm_lm4_Timer_masterDisable__I
00006929   ti_sysbios_family_arm_lm4_Timer_masterEnable__I
0000923c   ti_sysbios_family_arm_lm4_Timer_numTimerDevices__C
000014f9   ti_sysbios_family_arm_lm4_Timer_start__E
00009240   ti_sysbios_family_arm_lm4_Timer_startupNeeded__C
00005901   ti_sysbios_family_arm_lm4_Timer_startup__E
000056a1   ti_sysbios_family_arm_lm4_Timer_stop__E
20003fbc   ti_sysbios_family_arm_lm4_TimestampProvider_Module__state__V
000068ed   ti_sysbios_family_arm_lm4_TimestampProvider_Module_startup__E
000068ed   ti_sysbios_family_arm_lm4_TimestampProvider_Module_startup__F
000039f1   ti_sysbios_family_arm_lm4_TimestampProvider_get32__E
000028c9   ti_sysbios_family_arm_lm4_TimestampProvider_get64__E
000066a9   ti_sysbios_family_arm_lm4_TimestampProvider_getFreq__E
000066d9   ti_sysbios_family_arm_lm4_TimestampProvider_rolloverFunc__E
0000680d   ti_sysbios_family_arm_lm4_TimestampProvider_startTimer__E
0000949a   ti_sysbios_family_arm_lm4_TimestampProvider_useClockTimer__C
00009244   ti_sysbios_family_arm_m3_Hwi_E_NMI__C
00009248   ti_sysbios_family_arm_m3_Hwi_E_busFault__C
0000924c   ti_sysbios_family_arm_m3_Hwi_E_debugMon__C
00009250   ti_sysbios_family_arm_m3_Hwi_E_hardFault__C
00009254   ti_sysbios_family_arm_m3_Hwi_E_memFault__C
00009258   ti_sysbios_family_arm_m3_Hwi_E_noIsr__C
0000925c   ti_sysbios_family_arm_m3_Hwi_E_reserved__C
00009260   ti_sysbios_family_arm_m3_Hwi_E_svCall__C
00009264   ti_sysbios_family_arm_m3_Hwi_E_usageFault__C
0000639d   ti_sysbios_family_arm_m3_Hwi_Handle__label__S
00009268   ti_sysbios_family_arm_m3_Hwi_LD_end__C
0000926c   ti_sysbios_family_arm_m3_Hwi_LM_begin__C
20003c10   ti_sysbios_family_arm_m3_Hwi_Module_State_0_dispatchTable__A
20003fcc   ti_sysbios_family_arm_m3_Hwi_Module_State_0_excActive__A
20003fd0   ti_sysbios_family_arm_m3_Hwi_Module_State_0_excContext__A
20003fd4   ti_sysbios_family_arm_m3_Hwi_Module_State_0_excStack__A
00009270   ti_sysbios_family_arm_m3_Hwi_Module__diagsEnabled__C
00009274   ti_sysbios_family_arm_m3_Hwi_Module__diagsIncluded__C
00009278   ti_sysbios_family_arm_m3_Hwi_Module__diagsMask__C
0000949c   ti_sysbios_family_arm_m3_Hwi_Module__id__C
0000949e   ti_sysbios_family_arm_m3_Hwi_Module__loggerDefined__C
0000927c   ti_sysbios_family_arm_m3_Hwi_Module__loggerFxn1__C
00009280   ti_sysbios_family_arm_m3_Hwi_Module__loggerFxn8__C
00009284   ti_sysbios_family_arm_m3_Hwi_Module__loggerObj__C
20003fc4   ti_sysbios_family_arm_m3_Hwi_Module__root__V
000064e9   ti_sysbios_family_arm_m3_Hwi_Module__startupDone__F
000064e9   ti_sysbios_family_arm_m3_Hwi_Module__startupDone__S
20004444   ti_sysbios_family_arm_m3_Hwi_Module__state__V
0000421d   ti_sysbios_family_arm_m3_Hwi_Module_startup__E
0000421d   ti_sysbios_family_arm_m3_Hwi_Module_startup__F
00009288   ti_sysbios_family_arm_m3_Hwi_NUM_INTERRUPTS__C
2000459c   ti_sysbios_family_arm_m3_Hwi_Object__table__V
0000928c   ti_sysbios_family_arm_m3_Hwi_ccr__C
00006819   ti_sysbios_family_arm_m3_Hwi_disableFxn__E
000056e5   ti_sysbios_family_arm_m3_Hwi_disableInterrupt__E
00002035   ti_sysbios_family_arm_m3_Hwi_dispatchC__I
00009290   ti_sysbios_family_arm_m3_Hwi_dispatchTable__C
00002665   ti_sysbios_family_arm_m3_Hwi_dispatch__I
000068bd   ti_sysbios_family_arm_m3_Hwi_doSwiRestore__I
00006115   ti_sysbios_family_arm_m3_Hwi_doTaskRestore__I
00005729   ti_sysbios_family_arm_m3_Hwi_enableInterrupt__E
00001ad9   ti_sysbios_family_arm_m3_Hwi_excBusFault__I
00003cc5   ti_sysbios_family_arm_m3_Hwi_excDebugMon__I
00000361   ti_sysbios_family_arm_m3_Hwi_excDumpRegs__I
00002779   ti_sysbios_family_arm_m3_Hwi_excHandlerAsm__I
00009294   ti_sysbios_family_arm_m3_Hwi_excHandlerFunc__C
00001729   ti_sysbios_family_arm_m3_Hwi_excHandlerMax__I
000066e9   ti_sysbios_family_arm_m3_Hwi_excHandler__I
00003aa9   ti_sysbios_family_arm_m3_Hwi_excHardFault__I
000091d0   ti_sysbios_family_arm_m3_Hwi_excHookFuncs__A
00009298   ti_sysbios_family_arm_m3_Hwi_excHookFuncs__C
00002175   ti_sysbios_family_arm_m3_Hwi_excMemFault__I
00005ca5   ti_sysbios_family_arm_m3_Hwi_excNmi__I
00005ab1   ti_sysbios_family_arm_m3_Hwi_excNoIsr__I
000054b1   ti_sysbios_family_arm_m3_Hwi_excReserved__I
000059c1   ti_sysbios_family_arm_m3_Hwi_excSvCall__I
00001d9d   ti_sysbios_family_arm_m3_Hwi_excUsageFault__I
00005ae9   ti_sysbios_family_arm_m3_Hwi_getStackInfo__E
0000384d   ti_sysbios_family_arm_m3_Hwi_initNVIC__E
00005fe1   ti_sysbios_family_arm_m3_Hwi_initStacks__E
e000e000   ti_sysbios_family_arm_m3_Hwi_nvic
0000273b   ti_sysbios_family_arm_m3_Hwi_pendSV__I
0000929c   ti_sysbios_family_arm_m3_Hwi_priGroup__C
00008d6c   ti_sysbios_family_arm_m3_Hwi_priorities__A
000092a0   ti_sysbios_family_arm_m3_Hwi_priorities__C
20000000   ti_sysbios_family_arm_m3_Hwi_ramVectors
00000000   ti_sysbios_family_arm_m3_Hwi_resetVectors
000068f3   ti_sysbios_family_arm_m3_Hwi_restoreFxn__E
0000275f   ti_sysbios_family_arm_m3_Hwi_return
000068c5   ti_sysbios_family_arm_m3_Hwi_startup__E
000065b5   ti_sysbios_family_arm_m3_Hwi_switchFromBootStack__E
0000692d   ti_sysbios_family_arm_m3_TaskSupport_Module__startupDone__S
0000464d   ti_sysbios_family_arm_m3_TaskSupport_buildTaskStack
00006825   ti_sysbios_family_arm_m3_TaskSupport_checkStack__E
000066f9   ti_sysbios_family_arm_m3_TaskSupport_glue
00005b21   ti_sysbios_family_arm_m3_TaskSupport_start__E
00006501   ti_sysbios_family_arm_m3_TaskSupport_swap__E
0000620f   ti_sysbios_family_xxx_Hwi_switchAndRunFunc
00006709   ti_sysbios_family_xxx_Hwi_switchToIsrStack
00006831   ti_sysbios_family_xxx_Hwi_switchToTaskStack
000063b7   ti_sysbios_gates_GateHwi_Handle__label__S
0000495f   ti_sysbios_gates_GateHwi_Instance_init__F
00008fe0   ti_sysbios_gates_GateHwi_Module__FXNS__C
20003fd8   ti_sysbios_gates_GateHwi_Module__root__V
00009070   ti_sysbios_gates_GateHwi_Object__DESC__C
00009148   ti_sysbios_gates_GateHwi_Object__PARAMS__C
00005b59   ti_sysbios_gates_GateHwi_Object__create__S
00006231   ti_sysbios_gates_GateHwi_Object__delete__S
20003fe0   ti_sysbios_gates_GateHwi_Object__table__V
0000683d   ti_sysbios_gates_GateHwi_enter__E
000068f9   ti_sysbios_gates_GateHwi_leave__E
00006931   ti_sysbios_gates_GateHwi_query__E
00006931   ti_sysbios_gates_GateHwi_query__F
000092a4   ti_sysbios_gates_GateMutex_A_badContext__C
000063d1   ti_sysbios_gates_GateMutex_Handle__label__S
000092a8   ti_sysbios_gates_GateMutex_Instance_State_sem__O
00006719   ti_sysbios_gates_GateMutex_Instance_finalize__F
00006009   ti_sysbios_gates_GateMutex_Instance_init__F
00009004   ti_sysbios_gates_GateMutex_Module__FXNS__C
000092ac   ti_sysbios_gates_GateMutex_Module__diagsEnabled__C
000092b0   ti_sysbios_gates_GateMutex_Module__diagsIncluded__C
000092b4   ti_sysbios_gates_GateMutex_Module__diagsMask__C
000094a0   ti_sysbios_gates_GateMutex_Module__id__C
20003fe4   ti_sysbios_gates_GateMutex_Module__root__V
00009090   ti_sysbios_gates_GateMutex_Object__DESC__C
00009160   ti_sysbios_gates_GateMutex_Object__PARAMS__C
00005b91   ti_sysbios_gates_GateMutex_Object__create__S
00006139   ti_sysbios_gates_GateMutex_Object__delete__S
20004534   ti_sysbios_gates_GateMutex_Object__table__V
00003b5d   ti_sysbios_gates_GateMutex_enter__E
00006519   ti_sysbios_gates_GateMutex_leave__E
00006935   ti_sysbios_gates_GateMutex_query__E
00006935   ti_sysbios_gates_GateMutex_query__F
000092b8   ti_sysbios_hal_Hwi_E_stackOverflow__C
00006939   ti_sysbios_hal_Hwi_HwiProxy_Module__startupDone__S
000056e5   ti_sysbios_hal_Hwi_HwiProxy_disableInterrupt__E
00006819   ti_sysbios_hal_Hwi_HwiProxy_disable__E
00005729   ti_sysbios_hal_Hwi_HwiProxy_enableInterrupt__E
00005ae9   ti_sysbios_hal_Hwi_HwiProxy_getStackInfo__E
000068f3   ti_sysbios_hal_Hwi_HwiProxy_restore__E
000068c5   ti_sysbios_hal_Hwi_HwiProxy_startup__E
000065b5   ti_sysbios_hal_Hwi_HwiProxy_switchFromBootStack__E
000094a2   ti_sysbios_hal_Hwi_Module__id__C
20003fec   ti_sysbios_hal_Hwi_Module__root__V
0000663d   ti_sysbios_hal_Hwi_Module_startup__E
0000663d   ti_sysbios_hal_Hwi_Module_startup__F
00005cd9   ti_sysbios_hal_Hwi_checkStack
000056e5   ti_sysbios_hal_Hwi_disableInterrupt__E
00006819   ti_sysbios_hal_Hwi_disable__E
00005729   ti_sysbios_hal_Hwi_enableInterrupt__E
00005ae9   ti_sysbios_hal_Hwi_getStackInfo__E
00005e2b   ti_sysbios_hal_Hwi_initStack
000068f3   ti_sysbios_hal_Hwi_restore__E
000068c5   ti_sysbios_hal_Hwi_startup__E
000065b5   ti_sysbios_hal_Hwi_switchFromBootStack__E
[...]
00006819   ti_sysbios_hal_Hwi_disable__E
00006825   ti_sysbios_family_arm_m3_TaskSupport_checkStack__E
00006825   ti_sysbios_knl_Task_SupportProxy_checkStack__E
00006831   ti_sysbios_family_xxx_Hwi_switchToTaskStack
0000683d   ti_sysbios_gates_GateHwi_enter__E
00006849   ti_sysbios_knl_Queue_Object__get__S
00006855   ti_sysbios_utils_Load_taskRegHook__E
00006861   xdc_runtime_Error_init__E
00006861   xdc_runtime_Error_init__F
0000686d   xdc_runtime_Gate_enterSystem__E
0000686d   xdc_runtime_Gate_enterSystem__F
00006879   xdc_runtime_Memory_calloc__E
00006879   xdc_runtime_Memory_calloc__F
00006885   xdc_runtime_Memory_getMaxDefaultTypeAlign__E
00006885   xdc_runtime_Memory_getMaxDefaultTypeAlign__F
00006891   xdc_runtime_System_exit__E
00006891   xdc_runtime_System_exit__F
0000689d   xdc_runtime_System_lastFxn__I
000068bd   ti_sysbios_family_arm_m3_Hwi_doSwiRestore__I
000068c5   ti_sysbios_family_arm_m3_Hwi_startup__E
000068c5   ti_sysbios_hal_Hwi_HwiProxy_startup__E
000068c5   ti_sysbios_hal_Hwi_startup__E
000068cd   ti_sysbios_knl_Idle_loop__E
000068d5   GPIOPinWrite
000068db   __xdc__init
000068e1   __TI_decompress_rle24
000068e7   ti_catalog_arm_cortexm4_tiva_ce_Boot_sysCtlDelayI__I
000068ed   ti_sysbios_family_arm_lm4_TimestampProvider_Module_startup__E
000068ed   ti_sysbios_family_arm_lm4_TimestampProvider_Module_startup__F
000068f3   ti_sysbios_family_arm_m3_Hwi_restoreFxn__E
000068f3   ti_sysbios_hal_Hwi_HwiProxy_restore__E
000068f3   ti_sysbios_hal_Hwi_restore__E
000068f9   ti_sysbios_gates_GateHwi_leave__E
000068ff   ti_sysbios_heaps_HeapMem_isBlocking__E
00006905   ti_sysbios_knl_Queue_Instance_init__F
0000690b   ti_uia_runtime_LoggerStopMode_getPriority__E
00006911   ti_uia_runtime_LoggerStopMode_getTransferType__E
00006911   ti_uia_runtime_LoggerStopMode_getTransferType__F
00006917   xdc_runtime_System_Module_startup__E
00006917   xdc_runtime_System_Module_startup__F
0000691d   ti_sysbios_BIOS_RtsGateProxy_enter__E
00006921   ti_sysbios_BIOS_RtsGateProxy_leave__E
00006925   ti_sysbios_family_arm_lm4_Timer_getPeriod__E
00006929   ti_sysbios_family_arm_lm4_Timer_masterEnable__I
0000692d   ti_sysbios_family_arm_m3_TaskSupport_Module__startupDone__S
00006931   ti_sysbios_gates_GateHwi_query__E
00006931   ti_sysbios_gates_GateHwi_query__F
00006931   xdc_runtime_Main_Module_GateProxy_query__E
00006931   xdc_runtime_System_Module_GateProxy_query__E
00006935   ti_sysbios_BIOS_RtsGateProxy_query__E
00006935   ti_sysbios_gates_GateMutex_query__E
00006935   ti_sysbios_gates_GateMutex_query__F
00006935   ti_sysbios_heaps_HeapMem_Module_GateProxy_query__E
00006939   ti_sysbios_hal_Hwi_HwiProxy_Module__startupDone__S
0000693d   ti_sysbios_hal_Timer_TimerProxy_Module__startupDone__S
00006941   ti_sysbios_hal_Timer_TimerProxy_getPeriod__E
00006945   ti_sysbios_heaps_HeapMem_Module_GateProxy_enter__E
00006949   ti_sysbios_heaps_HeapMem_Module_GateProxy_leave__E
0000694d   ti_sysbios_knl_Task_SupportProxy_Module__startupDone__S
00006951   ti_sysbios_knl_Task_startup__E
00006955   ti_uia_runtime_LogSync_CpuTimestampProxy_Module__startupDone__S
00006959   ti_uia_runtime_LogSync_GlobalTimestampProxy_Module__startupDone__S
0000695d   ti_uia_runtime_LoggerStopMode_getInstanceId__E
00006961   ti_uia_runtime_LoggerStopMode_getMaxLength__E
00006965   ti_uia_runtime_LoggerStopMode_setPriority__E
00006969   xdc_runtime_Error_getSite__E
00006969   xdc_runtime_Error_getSite__F
0000696d   xdc_runtime_Memory_HeapProxy_alloc__E
00006971   xdc_runtime_Memory_HeapProxy_free__E
00006975   xdc_runtime_System_Module_GateProxy_enter__E
00006979   xdc_runtime_System_Module_GateProxy_leave__E
0000697d   xdc_runtime_System_aprintf_va__F
00006981   xdc_runtime_System_printf_va__F
00006985   xdc_runtime_System_vsnprintf__E
00006989   xdc_runtime_TimestampNull_Module__startupDone__S
0000698d   xdc_runtime_Timestamp_Module__startupDone__S
00006990   xdc_runtime_Text_charTab__A
00008c58   xdc_runtime_Text_nodeTab__A
00008d6c   ti_sysbios_family_arm_m3_Hwi_priorities__A
00008e44   ti_uia_runtime_LoggerStopMode_Module__FXNS__C
00008eec   gpioHWAttrs
00008f28   ti_sysbios_knl_Task_hooks__A
00008f58   ti_uia_runtime_LoggerStopMode_Object__PARAMS__C
00008f88   xdc_runtime_Startup_sfxnTab__A
00008fb8   ti_sysbios_heaps_HeapMem_Module__FXNS__C
00008fe0   ti_sysbios_gates_GateHwi_Module__FXNS__C
00009004   ti_sysbios_gates_GateMutex_Module__FXNS__C
00009028   ti_sysbios_heaps_HeapMem_Object__PARAMS__C
0000904c   ti_sysbios_knl_Semaphore_Object__PARAMS__C
00009070   ti_sysbios_gates_GateHwi_Object__DESC__C
00009090   ti_sysbios_gates_GateMutex_Object__DESC__C
000090b0   ti_sysbios_heaps_HeapMem_Object__DESC__C
000090d0   ti_sysbios_knl_Queue_Object__DESC__C
000090f0   ti_sysbios_knl_Semaphore_Object__DESC__C
00009110   ti_uia_runtime_LoggerStopMode_Object__DESC__C
00009130   GPIO_config
00009148   ti_sysbios_gates_GateHwi_Object__PARAMS__C
00009160   ti_sysbios_gates_GateMutex_Object__PARAMS__C
00009178   ti_sysbios_knl_Queue_Object__PARAMS__C
00009190   xdc_runtime_Startup_sfxnRts__A
000091a8   xdc_runtime_Startup_firstFxns__A
000091cd   xdc_runtime_Error_policy__C
000091ce   ti_catalog_arm_cortexm4_tiva_ce_Boot_Module__id__C
000091d0   ti_sysbios_family_arm_m3_Hwi_excHookFuncs__A
000091d8   ti_sysbios_knl_Idle_coreList__A
000091e0   ti_sysbios_knl_Idle_coreList__C
000091e8   ti_sysbios_knl_Idle_funcList__A
000091f0   ti_sysbios_knl_Idle_funcList__C
000091f8   ti_sysbios_knl_Task_hooks__C
00009200   xdc_runtime_Startup_firstFxns__C
00009208   xdc_runtime_Startup_lastFxns__A
00009210   xdc_runtime_Startup_lastFxns__C
00009218   ti_catalog_arm_cortexm4_tiva_ce_Boot_A_mustUseEnhancedClockMode__C
0000921c   ti_catalog_arm_cortexm4_tiva_ce_Boot_Module__diagsEnabled__C
00009220   ti_catalog_arm_cortexm4_tiva_ce_Boot_Module__diagsIncluded__C
00009224   ti_catalog_arm_cortexm4_tiva_ce_Boot_Module__diagsMask__C
00009228   ti_sysbios_BIOS_Module__diagsEnabled__C
0000922c   ti_sysbios_BIOS_Module__diagsIncluded__C
00009230   ti_sysbios_BIOS_Module__diagsMask__C
00009234   ti_sysbios_BIOS_installedErrorHook__C
00009238   ti_sysbios_family_arm_lm4_Timer_enableFunc__C
0000923c   ti_sysbios_family_arm_lm4_Timer_numTimerDevices__C
00009240   ti_sysbios_family_arm_lm4_Timer_startupNeeded__C
00009244   ti_sysbios_family_arm_m3_Hwi_E_NMI__C
00009248   ti_sysbios_family_arm_m3_Hwi_E_busFault__C
0000924c   ti_sysbios_family_arm_m3_Hwi_E_debugMon__C
00009250   ti_sysbios_family_arm_m3_Hwi_E_hardFault__C
00009254   ti_sysbios_family_arm_m3_Hwi_E_memFault__C
00009258   ti_sysbios_family_arm_m3_Hwi_E_noIsr__C
0000925c   ti_sysbios_family_arm_m3_Hwi_E_reserved__C
00009260   ti_sysbios_family_arm_m3_Hwi_E_svCall__C
00009264   ti_sysbios_family_arm_m3_Hwi_E_usageFault__C
00009268   ti_sysbios_family_arm_m3_Hwi_LD_end__C
0000926c   ti_sysbios_family_arm_m3_Hwi_LM_begin__C
00009270   ti_sysbios_family_arm_m3_Hwi_Module__diagsEnabled__C
00009274   ti_sysbios_family_arm_m3_Hwi_Module__diagsIncluded__C
00009278   ti_sysbios_family_arm_m3_Hwi_Module__diagsMask__C
0000927c   ti_sysbios_family_arm_m3_Hwi_Module__loggerFxn1__C
00009280   ti_sysbios_family_arm_m3_Hwi_Module__loggerFxn8__C
00009284   ti_sysbios_family_arm_m3_Hwi_Module__loggerObj__C
00009288   ti_sysbios_family_arm_m3_Hwi_NUM_INTERRUPTS__C
0000928c   ti_sysbios_family_arm_m3_Hwi_ccr__C
00009290   ti_sysbios_family_arm_m3_Hwi_dispatchTable__C
00009294   ti_sysbios_family_arm_m3_Hwi_excHandlerFunc__C
00009298   ti_sysbios_family_arm_m3_Hwi_excHookFuncs__C
0000929c   ti_sysbios_family_arm_m3_Hwi_priGroup__C
000092a0   ti_sysbios_family_arm_m3_Hwi_priorities__C
000092a4   ti_sysbios_gates_GateMutex_A_badContext__C
000092a8   ti_sysbios_gates_GateMutex_Instance_State_sem__O
000092ac   ti_sysbios_gates_GateMutex_Module__diagsEnabled__C
000092b0   ti_sysbios_gates_GateMutex_Module__diagsIncluded__C
000092b4   ti_sysbios_gates_GateMutex_Module__diagsMask__C
000092b8   ti_sysbios_hal_Hwi_E_stackOverflow__C
000092bc   ti_sysbios_heaps_HeapMem_A_align__C
000092c0   ti_sysbios_heaps_HeapMem_A_heapSize__C
000092c4   ti_sysbios_heaps_HeapMem_A_invalidFree__C
000092c8   ti_sysbios_heaps_HeapMem_A_zeroBlock__C
000092cc   ti_sysbios_heaps_HeapMem_E_memory__C
000092d0   ti_sysbios_heaps_HeapMem_Module__diagsEnabled__C
000092d4   ti_sysbios_heaps_HeapMem_Module__diagsIncluded__C
000092d8   ti_sysbios_heaps_HeapMem_Module__diagsMask__C
000092dc   ti_sysbios_heaps_HeapMem_Module__gateObj__C
000092e0   ti_sysbios_heaps_HeapMem_Object__count__C
000092e4   ti_sysbios_heaps_HeapMem_reqAlign__C
000092e8   ti_sysbios_knl_Clock_LM_begin__C
000092ec   ti_sysbios_knl_Clock_LM_tick__C
000092f0   ti_sysbios_knl_Clock_LW_delayed__C
000092f4   ti_sysbios_knl_Clock_Module_State_clockQ__O
000092f8   ti_sysbios_knl_Clock_Module__diagsEnabled__C
000092fc   ti_sysbios_knl_Clock_Module__diagsIncluded__C
00009300   ti_sysbios_knl_Clock_Module__diagsMask__C
00009304   ti_sysbios_knl_Clock_Module__loggerFxn1__C
00009308   ti_sysbios_knl_Clock_Module__loggerFxn2__C
0000930c   ti_sysbios_knl_Clock_Module__loggerObj__C
00009310   ti_sysbios_knl_Semaphore_A_badContext__C
00009314   ti_sysbios_knl_Semaphore_A_noEvents__C
00009318   ti_sysbios_knl_Semaphore_A_overflow__C
0000931c   ti_sysbios_knl_Semaphore_A_pendTaskDisabled__C
00009320   ti_sysbios_knl_Semaphore_Instance_State_pendQ__O
00009324   ti_sysbios_knl_Semaphore_LM_pend__C
00009328   ti_sysbios_knl_Semaphore_LM_post__C
0000932c   ti_sysbios_knl_Semaphore_Module__diagsEnabled__C
00009330   ti_sysbios_knl_Semaphore_Module__diagsIncluded__C
00009334   ti_sysbios_knl_Semaphore_Module__diagsMask__C
00009338   ti_sysbios_knl_Semaphore_Module__loggerFxn2__C
0000933c   ti_sysbios_knl_Semaphore_Module__loggerFxn4__C
00009340   ti_sysbios_knl_Semaphore_Module__loggerObj__C
00009344   ti_sysbios_knl_Swi_LD_end__C
00009348   ti_sysbios_knl_Swi_LM_begin__C
0000934c   ti_sysbios_knl_Swi_LM_post__C
00009350   ti_sysbios_knl_Swi_Module__diagsEnabled__C
00009354   ti_sysbios_knl_Swi_Module__diagsIncluded__C
00009358   ti_sysbios_knl_Swi_Module__diagsMask__C
0000935c   ti_sysbios_knl_Swi_Module__loggerFxn1__C
00009360   ti_sysbios_knl_Swi_Module__loggerFxn4__C
00009364   ti_sysbios_knl_Swi_Module__loggerObj__C
00009368   ti_sysbios_knl_Swi_Object__count__C
0000936c   ti_sysbios_knl_Task_E_spOutOfBounds__C
00009370   ti_sysbios_knl_Task_E_stackOverflow__C
00009374   ti_sysbios_knl_Task_LD_block__C
00009378   ti_sysbios_knl_Task_LD_exit__C
0000937c   ti_sysbios_knl_Task_LD_ready__C
00009380   ti_sysbios_knl_Task_LM_switch__C
00009384   ti_sysbios_knl_Task_Module_State_inactiveQ__O
00009388   ti_sysbios_knl_Task_Module__diagsEnabled__C
0000938c   ti_sysbios_knl_Task_Module__diagsIncluded__C
00009390   ti_sysbios_knl_Task_Module__diagsMask__C
00009394   ti_sysbios_knl_Task_Module__loggerFxn2__C
00009398   ti_sysbios_knl_Task_Module__loggerFxn4__C
0000939c   ti_sysbios_knl_Task_Module__loggerObj__C
000093a0   ti_sysbios_knl_Task_Object__count__C
000093a4   ti_sysbios_knl_Task_Object__heap__C
000093a8   ti_sysbios_knl_Task_allBlockedFunc__C
000093ac   ti_sysbios_knl_Task_numConstructedTasks__C
000093b0   ti_sysbios_utils_Load_LS_cpuLoad__C
000093b4   ti_sysbios_utils_Load_LS_hwiLoad__C
000093b8   ti_sysbios_utils_Load_LS_taskLoad__C
000093bc   ti_sysbios_utils_Load_Module_State_taskList__O
000093c0   ti_sysbios_utils_Load_Module__diagsEnabled__C
000093c4   ti_sysbios_utils_Load_Module__diagsIncluded__C
000093c8   ti_sysbios_utils_Load_Module__diagsMask__C
000093cc   ti_sysbios_utils_Load_Module__loggerFxn1__C
000093d0   ti_sysbios_utils_Load_Module__loggerFxn2__C
000093d4   ti_sysbios_utils_Load_Module__loggerFxn4__C
000093d8   ti_sysbios_utils_Load_Module__loggerObj__C
000093dc   ti_sysbios_utils_Load_postUpdate__C
000093e0   ti_sysbios_utils_Load_windowInMs__C
000093e4   ti_uia_runtime_ILoggerSnapshot_Interface__BASE__C
000093e8   ti_uia_runtime_IUIATransfer_Interface__BASE__C
000093ec   ti_uia_runtime_LoggerStopMode_E_badLevel__C
000093f0   ti_uia_runtime_LoggerStopMode_Object__count__C
000093f4   ti_uia_runtime_LoggerStopMode_overflowLogger__C
000093f8   ti_uia_runtime_LoggerStopMode_statusLogger__C
000093fc   xdc_runtime_Assert_E_assertFailed__C
00009400   xdc_runtime_Core_A_initializedParams__C
00009404   xdc_runtime_Core_Module__diagsEnabled__C
00009408   xdc_runtime_Core_Module__diagsIncluded__C
0000940c   xdc_runtime_Core_Module__diagsMask__C
00009410   xdc_runtime_Error_E_memory__C
00009414   xdc_runtime_Error_Module__diagsEnabled__C
00009418   xdc_runtime_Error_Module__diagsIncluded__C
0000941c   xdc_runtime_Error_Module__diagsMask__C
00009420   xdc_runtime_Error_Module__loggerFxn8__C
00009424   xdc_runtime_Error_Module__loggerObj__C
00009428   xdc_runtime_Error_raiseHook__C
0000942c   xdc_runtime_IFilterLogger_Interface__BASE__C
00009430   xdc_runtime_IGateProvider_Interface__BASE__C
00009434   xdc_runtime_IHeap_Interface__BASE__C
00009438   xdc_runtime_ILogger_Interface__BASE__C
0000943c   xdc_runtime_IModule_Interface__BASE__C
00009440   xdc_runtime_Log_L_error__C
00009444   xdc_runtime_Main_Module__diagsEnabled__C
00009448   xdc_runtime_Main_Module__diagsIncluded__C
0000944c   xdc_runtime_Main_Module__diagsMask__C
00009450   xdc_runtime_Main_Module__loggerFxn4__C
00009454   xdc_runtime_Main_Module__loggerObj__C
00009458   xdc_runtime_Memory_defaultHeapInstance__C
0000945c   xdc_runtime_Startup_execImpl__C
00009460   xdc_runtime_Startup_maxPasses__C
00009464   xdc_runtime_Startup_sfxnRts__C
00009468   xdc_runtime_Startup_sfxnTab__C
0000946c   xdc_runtime_SysMin_bufSize__C
00009470   xdc_runtime_SysMin_outputFunc__C
00009474   xdc_runtime_System_Module__gateObj__C
00009478   xdc_runtime_System_extendFxn__C
0000947c   xdc_runtime_System_maxAtexitHandlers__C
00009480   xdc_runtime_Text_charTab__C
00009484   xdc_runtime_Text_nameEmpty__C
00009488   xdc_runtime_Text_nameStatic__C
0000948c   xdc_runtime_Text_nameUnknown__C
00009490   xdc_runtime_Text_nodeTab__C
00009494   xdc_runtime_Text_visitRopeFxn__C
00009498   ti_sysbios_BIOS_Module__id__C
0000949a   ti_sysbios_family_arm_lm4_TimestampProvider_useClockTimer__C
0000949c   ti_sysbios_family_arm_m3_Hwi_Module__id__C
0000949e   ti_sysbios_family_arm_m3_Hwi_Module__loggerDefined__C
000094a0   ti_sysbios_gates_GateMutex_Module__id__C
000094a2   ti_sysbios_hal_Hwi_Module__id__C
000094a4   ti_sysbios_heaps_HeapMem_Module__id__C
000094a6   ti_sysbios_knl_Clock_Module__id__C
000094a8   ti_sysbios_knl_Clock_Module__loggerDefined__C
000094aa   ti_sysbios_knl_Semaphore_Module__id__C
000094ac   ti_sysbios_knl_Semaphore_Module__loggerDefined__C
000094ae   ti_sysbios_knl_Swi_Module__id__C
000094b0   ti_sysbios_knl_Swi_Module__loggerDefined__C
000094b2   ti_sysbios_knl_Task_Module__id__C
000094b4   ti_sysbios_knl_Task_Module__loggerDefined__C
000094b6   ti_sysbios_knl_Task_initStackFlag__C
000094b8   ti_sysbios_utils_Load_Module__id__C
000094ba   ti_sysbios_utils_Load_Module__loggerDefined__C
000094bc   ti_sysbios_utils_Load_autoAddTasks__C
000094be   ti_sysbios_utils_Load_hwiEnabled__C
000094c0   ti_sysbios_utils_Load_updateInIdle__C
000094c2   ti_uia_runtime_LoggerStopMode_Module__id__C
000094c4   ti_uia_runtime_LoggerStopMode_filterByLevel__C
000094c6   ti_uia_runtime_LoggerStopMode_isTimestampEnabled__C
000094c8   xdc_runtime_Core_Module__id__C
000094ca   xdc_runtime_Error_Module__loggerDefined__C
000094cc   xdc_runtime_Error_maxDepth__C
000094ce   xdc_runtime_Main_Module__id__C
000094d0   xdc_runtime_Main_Module__loggerDefined__C
000094d2   xdc_runtime_Memory_Module__id__C
000094d4   xdc_runtime_SysMin_flushAtExit__C
000094d6   xdc_runtime_Text_charCnt__C
000094d8   xdc_runtime_Text_isLoaded__C
000094da   xdc_runtime_Text_registryModsLastId__C
000094dc   xdc_runtime_Text_unnamedModsLastId__C
000099d4   __TI_Handler_Table_Base
000099e0   __TI_Handler_Table_Limit
000099f0   __TI_CINIT_Base
00009a08   __TI_CINIT_Limit
20000000   ti_sysbios_family_arm_m3_Hwi_ramVectors
20000360   ti_sysbios_heaps_HeapMem_Instance_State_0_buf__A
20001360   ti_sysbios_knl_Task_Instance_State_0_stack__A
20001b60   ti_uia_runtime_LoggerStopMode_Instance_State_1_bufferArray__A
20001fe0   ti_uia_runtime_LoggerStopMode_Instance_State_2_bufferArray__A
20002460   xdc_runtime_SysMin_Module_State_0_outbuf__A
20002860   ti_uia_runtime_LoggerStopMode_Instance_State_0_bufferArray__A
20002ae0   __CIOBUF_
20002c08   ti_sysbios_knl_Task_Instance_State_0_hookEnv__A
20002c10   __stack
20002d10   __STACK_TOP
20003c10   __STACK_END
20003c10   ti_sysbios_family_arm_m3_Hwi_Module_State_0_dispatchTable__A
20003f70   ti_sysbios_BIOS_Module__state__V
20003f90   ti_sysbios_family_arm_lm4_Timer_Module__root__V
20003f98   ti_sysbios_family_arm_lm4_Timer_Module_State_0_handles__A
20003fb0   ti_sysbios_family_arm_lm4_Timer_Module__state__V
20003fbc   ti_sysbios_family_arm_lm4_TimestampProvider_Module__state__V
20003fc4   ti_sysbios_family_arm_m3_Hwi_Module__root__V
20003fcc   ti_sysbios_family_arm_m3_Hwi_Module_State_0_excActive__A
20003fd0   ti_sysbios_family_arm_m3_Hwi_Module_State_0_excContext__A
20003fd4   ti_sysbios_family_arm_m3_Hwi_Module_State_0_excStack__A
20003fd8   ti_sysbios_gates_GateHwi_Module__root__V
20003fe0   ti_sysbios_gates_GateHwi_Object__table__V
20003fe4   ti_sysbios_gates_GateMutex_Module__root__V
20003fec   ti_sysbios_hal_Hwi_Module__root__V
20003ff4   ti_sysbios_hal_Timer_Module__root__V
20003ffc   ti_sysbios_hal_Timer_Object__table__V
20004004   ti_sysbios_heaps_HeapMem_Module__root__V
2000400c   ti_sysbios_heaps_HeapMem_Object__table__V
20004024   ti_sysbios_knl_Clock_Module__root__V
2000402c   ti_sysbios_knl_Event_Module__root__V
20004038   ti_sysbios_knl_Queue_Module__root__V
20004040   ti_sysbios_knl_Semaphore_Module__root__V
2000404c   ti_sysbios_knl_Swi_Module__root__V
20004054   ti_sysbios_knl_Swi_Module__state__V
20004070   ti_sysbios_knl_Task_Module__root__V
2000407c   ti_sysbios_knl_Task_Module_State_0_idleTask__A
20004080   ti_sysbios_utils_Load_Module__root__V
20004084   ti_sysbios_utils_Load_Module_State_0_taskStartTime__A
20004088   ti_sysbios_utils_Load_Module_State_0_runningTask__A
2000408c   ti_sysbios_utils_Load_Module_State_0_taskEnv__A
200040a8   ti_uia_runtime_LogSync_Module__root__V
200040b0   ti_uia_runtime_LogSync_Module__state__V
200040bc   ti_uia_runtime_LoggerStopMode_Module__root__V
200040c4   ti_uia_runtime_LoggerStopMode_Module__state__V
200040cc   ti_uia_runtime_QueueDescriptor_Module__state__V
200040d8   xdc_runtime_Error_Module__state__V
200040da   xdc_runtime_Main_Module__root__V
200040dc   xdc_runtime_Memory_Module__state__V
200040e0   xdc_runtime_Registry_Module__state__V
200040e8   xdc_runtime_Startup_Module__state__V
200040f0   xdc_runtime_SysMin_Module__state__V
200040fc   xdc_runtime_System_Module_State_0_atexitHandlers__A
2000411c   xdc_runtime_System_Module__state__V
20004128   xdc_runtime_Text_Module__state__V
20004130   __xdc__init__addr
20004134   ti_uia_runtime_LoggerStopMode_Object__table__V
2000423c   ti_sysbios_utils_Load_Module__state__V
200042d4   ti_sysbios_knl_Swi_Module_State_0_readyQ__A
20004354   ti_sysbios_knl_Task_Module_State_0_readyQ__A
200043d4   ti_sysbios_family_arm_lm4_Timer_Object__table__V
20004444   ti_sysbios_family_arm_m3_Hwi_Module__state__V
200044a0   TSK_idle
200044a0   ti_sysbios_knl_Task_Object__table__V
200044f0   ti_sysbios_knl_Task_Module__state__V
20004534   ti_sysbios_gates_GateMutex_Object__table__V
2000456c   ti_sysbios_family_arm_lm4_Timer_Module_State_0_device__A
2000459c   ti_sysbios_family_arm_m3_Hwi_Object__table__V
200045cc   ti_sysbios_knl_Swi_Object__table__V
200045fc   ti_sysbios_knl_Clock_Module__state__V
2000462c   _lock
20004630   _unlock
20004634   __TI_cleanup_ptr
20004638   __TI_dtors_ptr
2000463c   ti_uia_runtime_QueueDescriptor_gPtrToFirstDescriptor
20004640   ti_uia_runtime_QueueDescriptor_gUpdateCount
20004648   main_func_sp
e000e000   ti_sysbios_family_arm_m3_Hwi_nvic
ffffffff   __binit__
ffffffff   __c_args__
ffffffff   binit
UNDEFED    SHT$$INIT_ARRAY$$Base
UNDEFED    SHT$$INIT_ARRAY$$Limit

[739 symbols]
