******************************************************************************
                  TI ARM Linker PC v5.1.1                      
******************************************************************************
>> Linked Sat Feb 15 11:32:47 2014

OUTPUT FILE NAME:   <rover.out>
ENTRY POINT SYMBOL: "_c_int00"  address: 0000594d


MEMORY CONFIGURATION

         name            origin    length      used     unused   attr    fill
----------------------  --------  ---------  --------  --------  ----  --------
  FLASH                 00000000   00040000  0000a886  0003577a  R  X
  SRAM                  20000000   00008000  00005358  00002ca8  RW X


SEGMENT ALLOCATION MAP

run origin  load origin   length   init length attrs members
----------  ----------- ---------- ----------- ----- -------
00000000    00000000    0000a888   0000a888    r-x
  00000000    00000000    00000360   00000360    r-- .resetVecs
  00000360    00000360    00007152   00007152    r-x .text
  000074b4    000074b4    00002e34   00002e34    r-- .const
  0000a2e8    0000a2e8    000005a0   000005a0    r-- .cinit
20000000    20000000    00005358   00000000    rw-
  20000000    20000000    00000360   00000000    rw- .vecs
  20000360    20000360    000034f8   00000000    rw- .bss
  20003858    20003858    00001000   00000000    rw- .stack
  20004858    20004858    00000b00   00000000    rw- .data


SECTION ALLOCATION MAP

 output                                  attributes/
section   page    origin      length       input sections
--------  ----  ----------  ----------   ----------------
.bootVecs 
*          0    00000000    00000008     DSECT
                  00000000    00000008     boot.aem4f : boot.oem4f (.bootVecs)

.resetVecs 
*          0    00000000    00000360     
                  00000000    00000360     main_pem4f.oem4f (.resetVecs)

xdc.meta   0    00000000    000000f5     COPY SECTION
                  00000000    000000f5     main_pem4f.oem4f (xdc.meta)

.text      0    00000360    00007152     
                  00000360    00000424     sysbios.aem4f : BIOS.obj (.text:ti_sysbios_family_arm_m3_Hwi_excDumpRegs__I)
                  00000784    00000344     ti.targets.arm.rtsarm.aem4f : System.oem4f (.text:xdc_runtime_System_doPrint__I)
                  00000ac8    000002e0     sysbios.aem4f : BIOS.obj (.text:ti_sysbios_knl_Semaphore_pend__E)
                  00000da8    000002d4     rtsv7M4_T_le_v4SPD16_eabi.lib : trgdrv.obj (.text)
                  0000107c    00000248     sysbios.aem4f : BIOS.obj (.text:ti_sysbios_heaps_HeapMem_free__E)
                  000012c4    00000234                   : BIOS.obj (.text:ti_sysbios_heaps_HeapMem_alloc__E)
                  000014f8    00000230                   : BIOS.obj (.text:ti_sysbios_family_arm_lm4_Timer_start__E)
                  00001728    00000210                   : BIOS.obj (.text:ti_sysbios_family_arm_m3_Hwi_excHandlerMax__I)
                  00001938    000001a0     ti.uia.runtime.aem4f : LoggerStopMode.oem4f (.text:ti_uia_runtime_LoggerStopMode_write8__E)
                  00001ad8    00000168     sysbios.aem4f : BIOS.obj (.text:ti_sysbios_family_arm_m3_Hwi_excBusFault__I)
                  00001c40    0000015c     ti.uia.runtime.aem4f : LoggerStopMode.oem4f (.text:ti_uia_runtime_LoggerStopMode_writeMemoryRange__E)
                  00001d9c    00000154     sysbios.aem4f : BIOS.obj (.text:ti_sysbios_family_arm_m3_Hwi_excUsageFault__I)
                  00001ef0    00000148     uart_tivaware.aem4f : UARTTiva.oem4f (.text:UARTTiva_open)
                  00002038    00000144     sysbios.aem4f : BIOS.obj (.text:ti_sysbios_knl_Semaphore_post__E)
                  0000217c    00000140                   : BIOS.obj (.text:ti_sysbios_family_arm_m3_Hwi_dispatchC__I)
                  000022bc    00000140                   : BIOS.obj (.text:ti_sysbios_family_arm_m3_Hwi_excMemFault__I)
                  000023fc    0000013c     ti.uia.runtime.aem4f : LoggerStopMode.oem4f (.text:ti_uia_runtime_LoggerStopMode_write4__E)
                  00002538    0000013c     ti.targets.arm.rtsarm.aem4f : Error.oem4f (.text:xdc_runtime_Error_raiseX__F)
                  00002674    00000138     sysbios.aem4f : BIOS.obj (.text:ti_sysbios_heaps_HeapMem_Instance_init__F)
                  000027ac    00000138                   : BIOS.obj (.text:ti_sysbios_utils_Load_logLoads__I)
                  000028e4    00000134                   : m3_Hwi_asm.obj (.text:ti_sysbios_family_arm_m3_Hwi_dispatch__I)
                  00002a18    00000130     driverlib.lib : gpio.obj (.text:GPIOPadConfigSet)
                  00002b48    00000130     sysbios.aem4f : BIOS.obj (.text:ti_sysbios_utils_Load_updateThreadContexts__E)
                  00002c78    0000012c                   : BIOS.obj (.text:ti_sysbios_family_arm_lm4_TimestampProvider_get64__E)
                  00002da4    0000012c                   : BIOS.obj (.text:ti_sysbios_knl_Clock_workFunc__E)
                  00002ed0    0000012c                   : BIOS.obj (.text:ti_sysbios_knl_Task_exit__E)
                  00002ffc    00000120                   : BIOS.obj (.text:ti_sysbios_knl_Swi_run__I)
                  0000311c    0000010c     EK_LM4F120XL.obj (.text:EK_LM4F120XL_initUART)
                  00003228    0000010c     Boot.aem4f : Boot_sysctl.oem4f (.text:ti_catalog_arm_cortexm4_tiva_ce_Boot_sysCtlClockSetI__I)
                  00003334    00000104     ti.targets.arm.rtsarm.aem4f : Core-mem.oem4f (.text:xdc_runtime_Core_createObject__I)
                  00003438    00000104     main_pem4f.oem4f (.text:xdc_runtime_System_printfExtend__I)
                  0000353c    000000fc     sysbios.aem4f : BIOS.obj (.text:ti_sysbios_knl_Task_schedule__I)
                  00003638    000000f8                   : BIOS.obj (.text:ti_sysbios_knl_Task_startCore__E)
                  00003730    000000f8     ti.targets.arm.rtsarm.aem4f : Startup.oem4f (.text:xdc_runtime_Startup_startMods__I)
                  00003828    000000f4     rtsv7M4_T_le_v4SPD16_eabi.lib : dtor_list.obj (.text)
                  0000391c    000000f4     sysbios.aem4f : BIOS.obj (.text:ti_sysbios_knl_Task_postInit__I)
                  00003a10    000000e8     gpio_tivaware.aem4f : GPIO.oem4f (.text:GPIO_write)
                  00003af8    000000e8     sysbios.aem4f : BIOS.obj (.text:ti_sysbios_family_arm_m3_Hwi_initNVIC__E)
                  00003be0    000000e8                   : BIOS.obj (.text:ti_sysbios_io_DEV_postInit__I)
                  00003cc8    000000c1     main.obj (.text:echoFxn)
                  00003d89    00000001     --HOLE-- [fill = 0]
                  00003d8a    00000002     sysbios.aem4f : BIOS.obj (.text:ti_sysbios_BIOS_nullFunc__I)
                  00003d8c    000000bc                   : BIOS.obj (.text:ti_sysbios_knl_Task_unblockI__E)
                  00003e48    000000b8                   : BIOS.obj (.text:ti_sysbios_family_arm_lm4_TimestampProvider_get32__E)
                  00003f00    000000b4                   : BIOS.obj (.text:ti_sysbios_family_arm_m3_Hwi_excHardFault__I)
                  00003fb4    000000b4                   : BIOS.obj (.text:ti_sysbios_gates_GateMutex_enter__E)
                  00004068    000000b4                   : BIOS.obj (.text:ti_sysbios_knl_Task_checkStacks__E)
                  0000411c    000000b0                   : BIOS.obj (.text:ti_sysbios_family_arm_m3_Hwi_excDebugMon__I)
                  000041cc    000000b0                   : BIOS.obj (.text:ti_sysbios_utils_Load_idleFxn__E)
                  0000427c    000000b0                   : BIOS.obj (.text:ti_sysbios_utils_Load_updateLoads__E)
                  0000432c    000000ac                   : BIOS.obj (.text:ti_sysbios_family_arm_lm4_Timer_enableTiva__I)
                  000043d8    000000a8                   : BIOS.obj (.text:ti_sysbios_knl_Semaphore_Instance_init__F)
                  00004480    000000a8                   : BIOS.obj (.text:ti_sysbios_knl_Swi_post__E)
                  00004528    000000a8                   : BIOS.obj (.text:ti_sysbios_knl_Task_blockI__E)
                  000045d0    000000a4                   : BIOS.obj (.text:ti_sysbios_family_arm_lm4_Timer_enableTimers__I)
                  00004674    000000a4                   : BIOS.obj (.text:ti_sysbios_family_arm_m3_Hwi_Module_startup__F)
                  00004718    000000a0     auto_init.aem4f : auto_init.oem4f (.text)
                  000047b8    0000009c     rtsv7M4_T_le_v4SPD16_eabi.lib : memcpy_t2.obj (.text)
                  00004854    0000009a     ti.targets.arm.rtsarm.aem4f : Text.oem4f (.text:xdc_runtime_Text_putSite__F)
                  000048ee    00000002     sysbios.aem4f : BIOS.obj (.text:ti_sysbios_gates_GateHwi_Instance_init__F)
                  000048f0    00000094     Boot.aem4f : Boot.oem4f (.text:ti_catalog_arm_cortexm4_tiva_ce_Boot_sysCtlClockSet__E)
                  00004984    00000094     ti.targets.arm.rtsarm.aem4f : Text.oem4f (.text:xdc_runtime_Text_putMod__F)
                  00004a18    00000090     sysbios.aem4f : BIOS.obj (.text:ti_sysbios_family_arm_m3_Hwi_Instance_init__F)
                  00004aa8    0000008c                   : m3_TaskSupport_asm.obj (.text:ti_sysbios_family_arm_m3_TaskSupport_buildTaskStack)
                  00004b34    00000088     EK_LM4F120XL.obj (.text:EK_LM4F120XL_initGPIO)
                  00004bbc    00000088     sysbios.aem4f : BIOS.obj (.text:ti_sysbios_utils_Load_addTask__E)
                  00004c44    00000084     ti.uia.runtime.aem4f : LoggerStopMode.oem4f (.text:ti_uia_runtime_LoggerStopMode_setFilterLevel__E)
                  00004cc8    00000080     sysbios.aem4f : BIOS.obj (.text:ti_sysbios_knl_Task_Module_startup__F)
                  00004d48    0000007e     ti.uia.runtime.aem4f : LoggerStopMode.oem4f (.text:ti_uia_runtime_LoggerStopMode_getContents__E)
                  00004dc6    00000078     rtsv7M4_T_le_v4SPD16_eabi.lib : memset_t2.obj (.text)
                  00004e3e    00000002     main_pem4f.oem4f (.text:xdc_runtime_Startup_reset__I)
                  00004e40    00000078     sysbios.aem4f : BIOS.obj (.text:ti_sysbios_utils_Load_updateCurrentThreadTime__E)
                  00004eb8    00000074                   : BIOS.obj (.text:ti_sysbios_family_arm_lm4_Timer_isrStub__E)
                  00004f2c    00000070     main_pem4f.oem4f (.text:ti_sysbios_family_arm_m3_Hwi_Object__create__S)
                  00004f9c    00000070     sysbios.aem4f : BIOS.obj (.text:ti_sysbios_family_arm_m3_Hwi_reconfig__E)
                  0000500c    00000070                   : BIOS.obj (.text:ti_sysbios_utils_Load_taskDeleteHook__E)
                  0000507c    00000070     ti.uia.runtime.aem4f : LoggerStopMode.oem4f (.text:ti_uia_runtime_LoggerStopMode_getFilterLevel__E)
                  000050ec    00000070                          : LoggerStopMode.oem4f (.text:ti_uia_runtime_LoggerStopMode_writeBlockOfMemory__I)
                  0000515c    00000070                          : QueueDescriptor.oem4f (.text:ti_uia_runtime_QueueDescriptor_addToList__E)
                  000051cc    00000070     uart_tivaware.aem4f : UARTTiva.oem4f (.text:writeData)
                  0000523c    00000070     ti.targets.arm.rtsarm.aem4f : Memory.oem4f (.text:xdc_runtime_Memory_alloc__F)
                  000052ac    0000006c     uart_tivaware.aem4f : UARTTiva.oem4f (.text:UARTTiva_read)
                  00005318    0000006c                         : UARTTiva.oem4f (.text:UARTTiva_write)
                  00005384    0000006c     sysbios.aem4f : BIOS.obj (.text:ti_sysbios_utils_Load_taskCreateHook__E)
                  000053f0    0000006c     ti.targets.arm.rtsarm.aem4f : Error.oem4f (.text:xdc_runtime_Error_print__F)
                  0000545c    00000068     sysbios.aem4f : BIOS.obj (.text:ti_sysbios_BIOS_rtsUnlock__I)
                  000054c4    00000066     uart_tivaware.aem4f : UARTTiva.oem4f (.text:UARTTiva_readPolling)
                  0000552a    00000066     ti.targets.arm.rtsarm.aem4f : Core-mem.oem4f (.text:xdc_runtime_Core_deleteObject__I)
                  00005590    00000064     sysbios.aem4f : BIOS.obj (.text:ti_sysbios_knl_Clock_logTick__E)
                  000055f4    00000064                   : BIOS.obj (.text:ti_sysbios_utils_Load_logCPULoad__I)
                  00005658    00000062     uart_tivaware.aem4f : UARTTiva.oem4f (.text:UARTTiva_hwiIntFxn)
                  000056ba    00000002     --HOLE-- [fill = 0]
                  000056bc    00000060     rtsv7M4_T_le_v4SPD16_eabi.lib : trgmsg.obj (.text)
                  0000571c    00000060     main_pem4f.oem4f (.text:ti_uia_runtime_LoggerStopMode_Object__create__S)
                  0000577c    0000005e     uart_tivaware.aem4f : UARTTiva.oem4f (.text:readData)
                  000057da    0000005e     rtsv7M4_T_le_v4SPD16_eabi.lib : copy_decompress_rle.obj (.text)
                  00005838    0000005c     sysbios.aem4f : BIOS.obj (.text:ti_sysbios_family_arm_lm4_Timer_Module_startup__F)
                  00005894    0000005b     ti.targets.arm.rtsarm.aem4f : Text.oem4f (.text:xdc_runtime_Text_putLab__F)
                  000058ef    00000001     --HOLE-- [fill = 0]
                  000058f0    0000005a     ti.uia.runtime.aem4f : LoggerStopMode.oem4f (.text:ti_uia_runtime_LoggerStopMode_readBlockOfMemory__I)
                  0000594a    00000002     --HOLE-- [fill = 0]
                  0000594c    00000058     boot.aem4f : boot.oem4f (.text)
                  000059a4    00000058     sysbios.aem4f : BIOS.obj (.text:ti_sysbios_knl_Swi_restoreHwi__E)
                  000059fc    00000058                   : BIOS.obj (.text:ti_sysbios_knl_Swi_schedule__I)
                  00005a54    00000054     ti.uia.runtime.aem4f : QueueDescriptor.oem4f (.text:ti_uia_runtime_QueueDescriptor_removeFromList__E)
                  00005aa8    00000050     sysbios.aem4f : BIOS.obj (.text:ti_sysbios_utils_Load_taskSwitchHook__E)
                  00005af8    00000050     ti.targets.arm.rtsarm.aem4f : Startup.oem4f (.text:xdc_runtime_Startup_exec__F)
                  00005b48    00000050                                 : System.oem4f (.text:xdc_runtime_System_formatNum__I)
                  00005b98    00000050                                 : Text.oem4f (.text:xdc_runtime_Text_visitRope2__I)
                  00005be8    0000004c     sysbios.aem4f : BIOS.obj (.text:ti_sysbios_knl_Swi_runLoop__I)
                  00005c34    00000048     driverlib.lib : gpio.obj (.text:GPIOPinConfigure)
                  00005c7c    00000048     sysbios.aem4f : BIOS.obj (.text:ti_sysbios_BIOS_errorRaiseHook__I)
                  00005cc4    00000048                   : BIOS.obj (.text:ti_sysbios_family_arm_m3_Hwi_excReserved__I)
                  00005d0c    00000048                   : BIOS.obj (.text:ti_sysbios_heaps_HeapMem_getStats__E)
                  00005d54    00000048     ti.targets.arm.rtsarm.aem4f : Assert.oem4f (.text:xdc_runtime_Assert_raise__I)
                  00005d9c    00000048                                 : Core-params.oem4f (.text:xdc_runtime_Core_assignParams__I)
                  00005de4    00000046     ti.uia.runtime.aem4f : LoggerStopMode.oem4f (.text:ti_uia_runtime_LoggerStopMode_Instance_init__F)
                  00005e2a    00000002     --HOLE-- [fill = 0]
                  00005e2c    00000044     rtsv7M4_T_le_v4SPD16_eabi.lib : cpy_tbl.obj (.text)
                  00005e70    00000044                                   : exit.obj (.text)
                  00005eb4    00000044     sysbios.aem4f : BIOS.obj (.text:ti_sysbios_family_arm_lm4_Timer_stop__E)
                  00005ef8    00000044                   : BIOS.obj (.text:ti_sysbios_family_arm_m3_Hwi_disableInterrupt__E)
                  00005f3c    00000044                   : BIOS.obj (.text:ti_sysbios_family_arm_m3_Hwi_enableInterrupt__E)
                  00005f80    00000044                   : BIOS.obj (.text:ti_sysbios_knl_Task_allBlockedFunction__I)
                  00005fc4    00000044     ti.uia.runtime.aem4f : LoggerStopMode.oem4f (.text:ti_uia_runtime_LoggerStopMode_filterOutEvent__I)
                  00006008    00000044                          : LoggerStopMode.oem4f (.text:ti_uia_runtime_LoggerStopMode_reset__F)
                  0000604c    00000044     ti.targets.arm.rtsarm.aem4f : SysMin.oem4f (.text:xdc_runtime_SysMin_flush__F)
                  00006090    00000042     driverlib.lib : uart.obj (.text:UARTConfigSetExpClk)
                  000060d2    00000042     sysbios.aem4f : BIOS.obj (.text:ti_sysbios_knl_Semaphore_pendTimeout__I)
                  00006114    00000040     EK_LM4F120XL.obj (.text:EK_LM4F120XL_initGeneral)
                  00006154    00000040     uart_tivaware.aem4f : UARTTiva.oem4f (.text:UARTTiva_writePolling)
                  00006194    00000040     sysbios.aem4f : BIOS.obj (.text:ti_sysbios_family_arm_lm4_Timer_startup__E)
                  000061d4    00000040     main_pem4f.oem4f (.text:ti_sysbios_knl_Semaphore_Object__create__S)
                  00006214    00000040     ti.targets.arm.rtsarm.aem4f : System.oem4f (.text:xdc_runtime_System_atexit__F)
                  00006254    0000003c     sysbios.aem4f : BIOS.obj (.text:ti_sysbios_family_arm_m3_Hwi_excSvCall__I)
                  00006290    0000003c                   : BIOS.obj (.text:ti_sysbios_heaps_HeapMem_init__I)
                  000062cc    0000003c                   : BIOS.obj (.text:ti_sysbios_knl_Swi_startup__E)
                  00006308    0000003c     ti.targets.arm.rtsarm.aem4f : Text.oem4f (.text:xdc_runtime_Text_xprintf__I)
                  00006344    0000003a     main.obj (.text:main)
                  0000637e    00000002     --HOLE-- [fill = 0]
                  00006380    00000038     uart_tivaware.aem4f : UART.oem4f (.text:UART_init)
                  000063b8    00000038     sysbios.aem4f : BIOS.obj (.text:ti_sysbios_family_arm_m3_Hwi_excNoIsr__I)
                  000063f0    00000038                   : BIOS.obj (.text:ti_sysbios_family_arm_m3_Hwi_getStackInfo__E)
                  00006428    00000038                   : BIOS.obj (.text:ti_sysbios_family_arm_m3_TaskSupport_start__E)
                  00006460    00000038     main_pem4f.oem4f (.text:ti_sysbios_gates_GateHwi_Object__create__S)
                  00006498    00000038     main_pem4f.oem4f (.text:ti_sysbios_gates_GateMutex_Object__create__S)
                  000064d0    00000038     main_pem4f.oem4f (.text:ti_sysbios_heaps_HeapMem_Object__create__S)
                  00006508    00000038     main_pem4f.oem4f (.text:ti_sysbios_knl_Queue_Object__create__S)
                  00006540    00000038     ti.targets.arm.rtsarm.aem4f : SysMin.oem4f (.text:xdc_runtime_SysMin_putch__F)
                  00006578    00000034     driverlib.lib : sysctl.obj (.text:SysCtlPeripheralEnable)
                  000065ac    00000034     uart_tivaware.aem4f : UARTTiva.oem4f (.text:UARTTiva_close)
                  000065e0    00000034     sysbios.aem4f : BIOS.obj (.text:ti_sysbios_family_arm_m3_Hwi_excNmi__I)
                  00006614    00000034                   : BIOS.obj (.text:ti_sysbios_hal_Hwi_checkStack:ti_sysbios_hal_Hwi_checkStack)
                  00006648    00000032     uart_tivaware.aem4f : UARTTiva.oem4f (.text:UARTTiva_readCancel)
                  0000667a    00000032                         : UARTTiva.oem4f (.text:UARTTiva_writeCancel)
                  000066ac    00000030     main_pem4f.oem4f (.text:ti_sysbios_BIOS_exitFunc__I)
                  000066dc    00000030     sysbios.aem4f : BIOS.obj (.text:ti_sysbios_knl_Idle_run__E)
                  0000670c    00000030     ti.targets.arm.rtsarm.aem4f : Core-label.oem4f (.text:xdc_runtime_Core_assignLabel__I)
                  0000673c    00000030                                 : SysMin.oem4f (.text:xdc_runtime_SysMin_abort__F)
                  0000676c    0000002f                                 : Text.oem4f (.text:xdc_runtime_Text_printVisFxn__I)
                  0000679b    00000001     --HOLE-- [fill = 0]
                  0000679c    0000002e     main_pem4f.oem4f (.text:malloc)
                  000067ca    0000002c     sysbios.aem4f : BIOS.obj (.text:ti_sysbios_hal_Hwi_initStack:ti_sysbios_hal_Hwi_initStack)
                  000067f6    00000002     --HOLE-- [fill = 0]
                  000067f8    0000002c                   : BIOS.obj (.text:ti_sysbios_io_DEV_Module_startup__F)
                  00006824    0000002c     main_pem4f.oem4f (.text:ti_sysbios_knl_Clock_doTick__I)
                  00006850    0000002c     sysbios.aem4f : BIOS.obj (.text:ti_sysbios_knl_Task_restore__E)
                  0000687c    0000002c     ti.uia.runtime.aem4f : LoggerStopMode.oem4f (.text:ti_uia_runtime_LoggerStopMode_Module_startup__F)
                  000068a8    0000002c                          : LoggerStopMode.oem4f (.text:ti_uia_runtime_LoggerStopMode_disable__E)
                  000068d4    0000002c                          : LoggerStopMode.oem4f (.text:ti_uia_runtime_LoggerStopMode_enable__E)
                  00006900    0000002c     ti.targets.arm.rtsarm.aem4f : System.oem4f (.text:xdc_runtime_System_rtsExit__I)
                  0000692c    0000002c                                 : Text.oem4f (.text:xdc_runtime_Text_cordText__F)
                  00006958    0000002a     driverlib.lib : gpio.obj (.text:GPIODirModeSet)
                  00006982    0000002a     ti.targets.arm.rtsarm.aem4f : System.oem4f (.text:xdc_runtime_System_putchar__I)
                  000069ac    00000028     sysbios.aem4f : m3_Hwi_asm_switch.obj (.text:ti_sysbios_family_arm_m3_Hwi_initStacks__E)
                  000069d4    00000028                   : BIOS.obj (.text:ti_sysbios_gates_GateMutex_Instance_init__F)
                  000069fc    00000028     ti.uia.runtime.aem4f : LogSync.oem4f (.text:ti_uia_runtime_LogSync_Module_startup__F)
                  00006a24    00000028                          : QueueDescriptor.oem4f (.text:ti_uia_runtime_QueueDescriptor_initHeader__E)
                  00006a4c    00000026     ti.targets.arm.rtsarm.aem4f : System.oem4f (.text:xdc_runtime_System_avprintf__F)
                  00006a72    00000002     --HOLE-- [fill = 0]
                  00006a74    00000024     gpio_tivaware.aem4f : GPIO.oem4f (.text:GPIO_init)
                  00006a98    00000024     sysbios.aem4f : BIOS.obj (.text:ti_sysbios_BIOS_registerRTSLock__I)
                  00006abc    00000024     main_pem4f.oem4f (.text:ti_sysbios_BIOS_startFunc__I)
                  00006ae0    00000024     sysbios.aem4f : BIOS.obj (.text:ti_sysbios_family_arm_m3_Hwi_Instance_finalize__F)
                  00006b04    00000024                   : BIOS.obj (.text:ti_sysbios_family_arm_m3_Hwi_doTaskRestore__I)
                  00006b28    00000024     main_pem4f.oem4f (.text:ti_sysbios_gates_GateMutex_Object__delete__S)
                  00006b4c    00000024     sysbios.aem4f : BIOS.obj (.text:ti_sysbios_knl_Clock_Module_startup__F)
                  00006b70    00000024                   : BIOS.obj (.text:ti_sysbios_knl_Swi_Module_startup__F)
                  00006b94    00000024     ti.uia.runtime.aem4f : LoggerStopMode.oem4f (.text:ti_uia_runtime_LoggerStopMode_Instance_finalize__F)
                  00006bb8    00000024     ti.targets.arm.rtsarm.aem4f : System.oem4f (.text:xdc_runtime_System_vprintf__F)
                  00006bdc    00000022     main_pem4f.oem4f (.text:xdc_runtime_SysMin_output__I)
                  00006bfe    00000020     sysbios.aem4f : m3_Hwi_asm_switch.obj (.text:ti_sysbios_family_xxx_Hwi_switchAndRunFunc)
                  00006c1e    00000002     --HOLE-- [fill = 0]
                  00006c20    00000020     main_pem4f.oem4f (.text:ti_sysbios_gates_GateHwi_Object__delete__S)
                  00006c40    00000020     main_pem4f.oem4f (.text:ti_sysbios_heaps_HeapMem_Object__delete__S)
                  00006c60    00000020     main_pem4f.oem4f (.text:ti_sysbios_knl_Semaphore_Object__destruct__S)
                  00006c80    00000020     sysbios.aem4f : BIOS.obj (.text:ti_sysbios_knl_Task_enter__I)
                  00006ca0    00000020     main_pem4f.oem4f (.text:ti_uia_runtime_LoggerStopMode_Object__delete__S)
                  00006cc0    00000020     ti.targets.arm.rtsarm.aem4f : Registry.oem4f (.text:xdc_runtime_Registry_findById__F)
                  00006ce0    00000020                                 : SysMin.oem4f (.text:xdc_runtime_SysMin_Module_startup__F)
                  00006d00    0000001c     driverlib.lib : uart.obj (.text:UARTDisable)
                  00006d1c    0000001c     sysbios.aem4f : BIOS.obj (.text:ti_sysbios_BIOS_rtsLock__I)
                  00006d38    0000001c     main_pem4f.oem4f (.text:ti_sysbios_family_arm_m3_Hwi_Object__destruct__S)
                  00006d54    0000001c     main_pem4f.oem4f (.text:ti_sysbios_knl_Queue_Object__destruct__S)
                  00006d70    0000001c     ti.targets.arm.rtsarm.aem4f : Error.oem4f (.text:xdc_runtime_Error_check__F)
                  00006d8c    0000001c                                 : Memory.oem4f (.text:xdc_runtime_Memory_valloc__F)
                  00006da8    0000001c                                 : SysMin.oem4f (.text:xdc_runtime_SysMin_exit__F)
                  00006dc4    0000001a     main_pem4f.oem4f (.text:ti_sysbios_family_arm_m3_Hwi_Handle__label__S)
                  00006dde    0000001a     main_pem4f.oem4f (.text:ti_sysbios_gates_GateHwi_Handle__label__S)
                  00006df8    0000001a     main_pem4f.oem4f (.text:ti_sysbios_gates_GateMutex_Handle__label__S)
                  00006e12    0000001a     main_pem4f.oem4f (.text:ti_sysbios_heaps_HeapMem_Handle__label__S)
                  00006e2c    0000001a     main_pem4f.oem4f (.text:ti_sysbios_knl_Swi_Handle__label__S)
                  00006e46    0000001a     main_pem4f.oem4f (.text:ti_sysbios_knl_Task_Handle__label__S)
                  00006e60    0000001a     main_pem4f.oem4f (.text:ti_uia_runtime_LoggerStopMode_Handle__label__S)
                  00006e7a    0000001a     main_pem4f.oem4f (.text:xdc_runtime_System_aprintf__E)
                  00006e94    0000001a     main_pem4f.oem4f (.text:xdc_runtime_System_printf__E)
                  00006eae    00000018     driverlib.lib : gpio.obj (.text:GPIOPinTypeGPIOOutput)
                  00006ec6    00000002     --HOLE-- [fill = 0]
                  00006ec8    00000018     uart_tivaware.aem4f : UART.oem4f (.text:UART_open)
                  00006ee0    00000018     main_pem4f.oem4f (.text:free)
                  00006ef8    00000018     rtsv7M4_T_le_v4SPD16_eabi.lib : args_main.obj (.text)
                  00006f10    00000018     main_pem4f.oem4f (.text:ti_sysbios_family_arm_lm4_Timer_Module__startupDone__F)
                  00006f28    00000018     main_pem4f.oem4f (.text:ti_sysbios_family_arm_m3_Hwi_Module__startupDone__F)
                  00006f40    00000018     sysbios.aem4f : m3_TaskSupport_asm.obj (.text:ti_sysbios_family_arm_m3_TaskSupport_swap__E)
                  00006f58    00000018                   : BIOS.obj (.text:ti_sysbios_gates_GateMutex_leave__E)
                  00006f70    00000018     main_pem4f.oem4f (.text:ti_sysbios_hal_Timer_Module__startupDone__F)
                  00006f88    00000018     ti.targets.arm.rtsarm.aem4f : Text.oem4f (.text:xdc_runtime_Text_ropeText__F)
                  00006fa0    00000016     ti.uia.runtime.aem4f : LoggerStopMode.oem4f (.text:ti_uia_runtime_LoggerStopMode_getFreeSize__E)
                  00006fb6    00000016                          : LoggerStopMode.oem4f (.text:ti_uia_runtime_LoggerStopMode_getUnreadSize__E)
                  00006fcc    00000014     driverlib.lib : uart.obj (.text:UARTEnable)
                  00006fe0    00000014     uart_tivaware.aem4f : UART.oem4f (.text:UART_Params_init)
                  00006ff4    00000014     rtsv7M4_T_le_v4SPD16_eabi.lib : _lock.obj (.text)
                  00007008    00000014                                   : strlen.obj (.text)
                  0000701c    00000014     sysbios.aem4f : BIOS.obj (.text:ti_sysbios_family_arm_m3_Hwi_switchFromBootStack__E)
                  00007030    00000014     main_pem4f.oem4f (.text:ti_sysbios_heaps_HeapMem_Object__get__S)
                  00007044    00000014     main_pem4f.oem4f (.text:ti_sysbios_knl_Swi_Object__get__S)
                  00007058    00000014     main_pem4f.oem4f (.text:ti_sysbios_knl_Task_Object__get__S)
                  0000706c    00000014     ti.targets.arm.rtsarm.aem4f : System.oem4f (.text:xdc_runtime_System_abort__F)
                  00007080    00000012     driverlib.lib : gpio.obj (.text:GPIOPinTypeGPIOInput)
                  00007092    00000012                   : gpio.obj (.text:GPIOPinTypeUART)
                  000070a4    00000012     rtsv7M4_T_le_v4SPD16_eabi.lib : copy_zero_init.obj (.text:decompress:ZI)
                  000070b6    00000012     sysbios.aem4f : BIOS.obj (.text:ti_sysbios_hal_Hwi_Module_startup__F)
                  000070c8    00000012                   : BIOS.obj (.text:ti_sysbios_hal_Timer_Module_startup__F)
                  000070da    00000012     ti.uia.runtime.aem4f : LoggerStopMode.oem4f (.text:ti_uia_runtime_LoggerStopMode_write1__E)
                  000070ec    00000012                          : LoggerStopMode.oem4f (.text:ti_uia_runtime_LoggerStopMode_write2__E)
                  000070fe    00000012     main_pem4f.oem4f (.text:xdc_runtime_Startup_exec__I)
                  00007110    00000010     rtsv7M4_T_le_v4SPD16_eabi.lib : strcpy.obj (.text)
                  00007120    00000010     sysbios.aem4f : BIOS.obj (.text:ti_sysbios_BIOS_getCpuFreq__E)
                  00007130    00000010                   : BIOS.obj (.text:ti_sysbios_BIOS_setThreadType__E)
                  00007140    00000010                   : BIOS.obj (.text:ti_sysbios_BIOS_start__E)
                  00007150    00000010                   : BIOS.obj (.text:ti_sysbios_family_arm_lm4_TimestampProvider_rolloverFunc__E)
                  00007160    00000010                   : BIOS.obj (.text:ti_sysbios_family_arm_m3_Hwi_excHandler__I)
                  00007170    00000010                   : m3_TaskSupport_asm.obj (.text:ti_sysbios_family_arm_m3_TaskSupport_glue)
                  00007180    00000010                   : m3_Hwi_asm_switch.obj (.text:ti_sysbios_family_xxx_Hwi_switchToIsrStack)
                  00007190    00000010                   : BIOS.obj (.text:ti_sysbios_gates_GateMutex_Instance_finalize__F)
                  000071a0    00000010     main_pem4f.oem4f (.text:ti_sysbios_io_DEV_Object__get__S)
                  000071b0    00000010     sysbios.aem4f : BIOS.obj (.text:ti_sysbios_knl_Semaphore_Instance_finalize__F)
                  000071c0    00000010                   : BIOS.obj (.text:ti_sysbios_knl_Swi_disable__E)
                  000071d0    00000010                   : BIOS.obj (.text:ti_sysbios_knl_Task_disable__E)
                  000071e0    00000010     main_pem4f.oem4f (.text:ti_uia_runtime_LoggerStopMode_Object__get__S)
                  000071f0    00000010     ti.uia.runtime.aem4f : LoggerStopMode.oem4f (.text:ti_uia_runtime_LoggerStopMode_write0__E)
                  00007200    00000010     ti.targets.arm.rtsarm.aem4f : Gate.oem4f (.text:xdc_runtime_Gate_leaveSystem__F)
                  00007210    00000010                                 : Memory.oem4f (.text:xdc_runtime_Memory_free__F)
                  00007220    00000010                                 : SysMin.oem4f (.text:xdc_runtime_SysMin_ready__F)
                  00007230    00000010                                 : System.oem4f (.text:xdc_runtime_System_vsnprintf__F)
                  00007240    00000010     main_pem4f.oem4f (.text:xdc_runtime_Text_visitRope__I)
                  00007250    0000000e     driverlib.lib : uart.obj (.text:UARTCharGetNonBlocking)
                  0000725e    0000000e                   : uart.obj (.text:UARTCharPutNonBlocking)
                  0000726c    0000000e     rtsv7M4_T_le_v4SPD16_eabi.lib : copy_decompress_none.obj (.text:decompress:none)
                  0000727a    0000000e     sysbios.aem4f : BIOS.obj (.text:ti_sysbios_knl_Queue_empty__E)
                  00007288    0000000e     ti.uia.runtime.aem4f : LoggerStopMode.oem4f (.text:ti_uia_runtime_LoggerStopMode_isEmpty__E)
                  00007296    00000002     --HOLE-- [fill = 0]
                  00007298    0000000c     main_pem4f.oem4f (.text:.bootCodeSection:ti_catalog_arm_cortexm4_tiva_ce_Boot_init__I)
                  000072a4    0000000c     sysbios.aem4f : BIOS.obj (.text:ti_sysbios_family_arm_lm4_Timer_masterDisable__I)
                  000072b0    0000000c                   : BIOS.obj (.text:ti_sysbios_family_arm_lm4_TimestampProvider_startTimer__E)
                  000072bc    0000000c     main_pem4f.oem4f (.text:ti_sysbios_family_arm_m3_Hwi_Params__init__S)
                  000072c8    0000000c     sysbios.aem4f : BIOS.obj (.text:ti_sysbios_family_arm_m3_Hwi_disableFxn__E)
                  000072d4    0000000c                   : BIOS.obj (.text:ti_sysbios_family_arm_m3_TaskSupport_checkStack__E)
                  000072e0    0000000c                   : m3_Hwi_asm_switch.obj (.text:ti_sysbios_family_xxx_Hwi_switchToTaskStack)
                  000072ec    0000000c                   : BIOS.obj (.text:ti_sysbios_gates_GateHwi_enter__E)
                  000072f8    0000000c     main_pem4f.oem4f (.text:ti_sysbios_knl_Queue_Object__get__S)
                  00007304    0000000c     main_pem4f.oem4f (.text:ti_sysbios_knl_Semaphore_Params__init__S)
                  00007310    0000000c     sysbios.aem4f : BIOS.obj (.text:ti_sysbios_utils_Load_taskRegHook__E)
                  0000731c    0000000c     ti.targets.arm.rtsarm.aem4f : Error.oem4f (.text:xdc_runtime_Error_init__F)
                  00007328    0000000c                                 : Gate.oem4f (.text:xdc_runtime_Gate_enterSystem__F)
                  00007334    0000000c                                 : Memory.oem4f (.text:xdc_runtime_Memory_calloc__F)
                  00007340    0000000c                                 : Memory.oem4f (.text:xdc_runtime_Memory_getMaxDefaultTypeAlign__F)
                  0000734c    0000000c                                 : System.oem4f (.text:xdc_runtime_System_exit__F)
                  00007358    0000000c                                 : System.oem4f (.text:xdc_runtime_System_lastFxn__I)
                  00007364    0000000a     driverlib.lib : uart.obj (.text:UARTCharGet)
                  0000736e    0000000a                   : uart.obj (.text:UARTCharPut)
                  00007378    0000000a                   : uart.obj (.text:UARTIntDisable)
                  00007382    0000000a                   : uart.obj (.text:UARTIntStatus)
                  0000738c    0000000a     uart_tivaware.aem4f : UART.oem4f (.text:UART_read)
                  00007396    0000000a                         : UART.oem4f (.text:UART_write)
                  000073a0    0000000a     main_pem4f.oem4f (.text:xdc_runtime_IHeap_alloc)
                  000073aa    0000000a     main_pem4f.oem4f (.text:xdc_runtime_IHeap_free)
                  000073b4    00000008     driverlib.lib : uart.obj (.text:UARTIntEnable)
                  000073bc    00000008     uart_tivaware.aem4f : UARTTiva.oem4f (.text:UARTTiva_init)
                  000073c4    00000008                         : UARTTiva.oem4f (.text:readSemCallback)
                  000073cc    00000008     sysbios.aem4f : BIOS.obj (.text:ti_sysbios_family_arm_m3_Hwi_doSwiRestore__I)
                  000073d4    00000008                   : BIOS.obj (.text:ti_sysbios_family_arm_m3_Hwi_startup__E)
                  000073dc    00000008                   : BIOS.obj (.text:ti_sysbios_knl_Idle_loop__E)
                  000073e4    00000008     uart_tivaware.aem4f : UARTTiva.oem4f (.text:writeSemCallback)
                  000073ec    00000006     driverlib.lib : gpio.obj (.text:GPIOPinWrite)
                  000073f2    00000006                   : uart.obj (.text:UARTFIFOLevelSet)
                  000073f8    00000006     ti.targets.arm.rtsarm.aem4f : xdc_noinit.oem4f (.text:__xdc__init)
                  000073fe    00000006     rtsv7M4_T_le_v4SPD16_eabi.lib : copy_decompress_rle.obj (.text:decompress:rle24)
                  00007404    00000006     Boot.aem4f : Boot_sysctl.oem4f (.text:ti_catalog_arm_cortexm4_tiva_ce_Boot_sysCtlDelayI__I)
                  0000740a    00000006     sysbios.aem4f : BIOS.obj (.text:ti_sysbios_family_arm_lm4_TimestampProvider_Module_startup__F)
                  00007410    00000006                   : BIOS.obj (.text:ti_sysbios_family_arm_m3_Hwi_restoreFxn__E)
                  00007416    00000006                   : BIOS.obj (.text:ti_sysbios_gates_GateHwi_leave__E)
                  0000741c    00000006                   : BIOS.obj (.text:ti_sysbios_heaps_HeapMem_isBlocking__E)
                  00007422    00000006                   : BIOS.obj (.text:ti_sysbios_knl_Queue_Instance_init__F)
                  00007428    00000006     ti.uia.runtime.aem4f : LoggerStopMode.oem4f (.text:ti_uia_runtime_LoggerStopMode_getPriority__E)
                  0000742e    00000006                          : LoggerStopMode.oem4f (.text:ti_uia_runtime_LoggerStopMode_getTransferType__F)
                  00007434    00000006     ti.targets.arm.rtsarm.aem4f : System.oem4f (.text:xdc_runtime_System_Module_startup__F)
                  0000743a    00000004     driverlib.lib : uart.obj (.text:UARTIntClear)
                  0000743e    00000004     main_pem4f.oem4f (.text:ti_sysbios_BIOS_RtsGateProxy_enter__E)
                  00007442    00000004     main_pem4f.oem4f (.text:ti_sysbios_BIOS_RtsGateProxy_leave__E)
                  00007446    00000004     sysbios.aem4f : BIOS.obj (.text:ti_sysbios_family_arm_lm4_Timer_getPeriod__E)
                  0000744a    00000004                   : BIOS.obj (.text:ti_sysbios_family_arm_lm4_Timer_masterEnable__I)
                  0000744e    00000004     main_pem4f.oem4f (.text:ti_sysbios_family_arm_m3_TaskSupport_Module__startupDone__S)
                  00007452    00000004     sysbios.aem4f : BIOS.obj (.text:ti_sysbios_gates_GateHwi_query__F)
                  00007456    00000004                   : BIOS.obj (.text:ti_sysbios_gates_GateMutex_query__F)
                  0000745a    00000004     main_pem4f.oem4f (.text:ti_sysbios_hal_Hwi_HwiProxy_Module__startupDone__S)
                  0000745e    00000004     main_pem4f.oem4f (.text:ti_sysbios_hal_Timer_TimerProxy_Module__startupDone__S)
                  00007462    00000004     main_pem4f.oem4f (.text:ti_sysbios_hal_Timer_TimerProxy_getPeriod__E)
                  00007466    00000004     main_pem4f.oem4f (.text:ti_sysbios_heaps_HeapMem_Module_GateProxy_enter__E)
                  0000746a    00000004     main_pem4f.oem4f (.text:ti_sysbios_heaps_HeapMem_Module_GateProxy_leave__E)
                  0000746e    00000004     main_pem4f.oem4f (.text:ti_sysbios_knl_Task_SupportProxy_Module__startupDone__S)
                  00007472    00000004     sysbios.aem4f : BIOS.obj (.text:ti_sysbios_knl_Task_startup__E)
                  00007476    00000004     main_pem4f.oem4f (.text:ti_uia_runtime_LogSync_CpuTimestampProxy_Module__startupDone__S)
                  0000747a    00000004     main_pem4f.oem4f (.text:ti_uia_runtime_LogSync_GlobalTimestampProxy_Module__startupDone__S)
                  0000747e    00000004     ti.uia.runtime.aem4f : LoggerStopMode.oem4f (.text:ti_uia_runtime_LoggerStopMode_getInstanceId__E)
                  00007482    00000004                          : LoggerStopMode.oem4f (.text:ti_uia_runtime_LoggerStopMode_getMaxLength__E)
                  00007486    00000004                          : LoggerStopMode.oem4f (.text:ti_uia_runtime_LoggerStopMode_setPriority__E)
                  0000748a    00000004     ti.targets.arm.rtsarm.aem4f : Error.oem4f (.text:xdc_runtime_Error_getSite__F)
                  0000748e    00000004     main_pem4f.oem4f (.text:xdc_runtime_Memory_HeapProxy_alloc__E)
                  00007492    00000004     main_pem4f.oem4f (.text:xdc_runtime_Memory_HeapProxy_free__E)
                  00007496    00000004     main_pem4f.oem4f (.text:xdc_runtime_System_Module_GateProxy_enter__E)
                  0000749a    00000004     main_pem4f.oem4f (.text:xdc_runtime_System_Module_GateProxy_leave__E)
                  0000749e    00000004     ti.targets.arm.rtsarm.aem4f : System.oem4f (.text:xdc_runtime_System_aprintf_va__F)
                  000074a2    00000004                                 : System.oem4f (.text:xdc_runtime_System_printf_va__F)
                  000074a6    00000004     main_pem4f.oem4f (.text:xdc_runtime_System_vsnprintf__E)
                  000074aa    00000004     main_pem4f.oem4f (.text:xdc_runtime_TimestampNull_Module__startupDone__S)
                  000074ae    00000004     main_pem4f.oem4f (.text:xdc_runtime_Timestamp_Module__startupDone__S)

.const     0    000074b4    00002e34     
                  000074b4    0000239e     main_pem4f.oem4f (.const:xdc_runtime_Text_charTab__A)
                  00009852    0000013c     main_pem4f.oem4f (.const:xdc_runtime_Text_nodeTab__A)
                  0000998e    000000d8     main_pem4f.oem4f (.const:ti_sysbios_family_arm_m3_Hwi_priorities__A)
                  00009a66    00000002     main_pem4f.oem4f (.const:ti_catalog_arm_cortexm4_tiva_ce_Boot_Module__id__C)
                  00009a68    00000090     driverlib.lib : gpio.obj (.const:g_pui32GPIOBaseAddrs)
                  00009af8    0000006c     EK_LM4F120XL.obj (.const:UART_config)
                  00009b64    00000060     main_pem4f.oem4f (.const:ti_uia_runtime_LoggerStopMode_Module__FXNS__C)
                  00009bc4    00000048     main_pem4f.oem4f (.const:.string)
                  00009c0c    00000040     EK_LM4F120XL.obj (.const:uartTivaHWAttrs)
                  00009c4c    0000003c     EK_LM4F120XL.obj (.const:gpioHWAttrs)
                  00009c88    00000034     main_pem4f.oem4f (.const:xdc_runtime_Startup_sfxnTab__A)
                  00009cbc    00000030     main_pem4f.oem4f (.const:ti_sysbios_family_arm_m3_Hwi_Object__PARAMS__C)
                  00009cec    00000030     main_pem4f.oem4f (.const:ti_sysbios_knl_Task_hooks__A)
                  00009d1c    00000030     main_pem4f.oem4f (.const:ti_uia_runtime_LoggerStopMode_Object__PARAMS__C)
                  00009d4c    00000028     main_pem4f.oem4f (.const:ti_sysbios_heaps_HeapMem_Module__FXNS__C)
                  00009d74    00000024     uart_tivaware.aem4f : UARTTiva.oem4f (.const:UARTTiva_fxnTable)
                  00009d98    00000024     main_pem4f.oem4f (.const:ti_sysbios_gates_GateHwi_Module__FXNS__C)
                  00009dbc    00000024     main_pem4f.oem4f (.const:ti_sysbios_gates_GateMutex_Module__FXNS__C)
                  00009de0    00000024     main_pem4f.oem4f (.const:ti_sysbios_heaps_HeapMem_Object__PARAMS__C)
                  00009e04    00000024     main_pem4f.oem4f (.const:ti_sysbios_knl_Semaphore_Object__PARAMS__C)
                  00009e28    00000020     main_pem4f.oem4f (.const:ti_sysbios_family_arm_m3_Hwi_Object__DESC__C)
                  00009e48    00000020     main_pem4f.oem4f (.const:ti_sysbios_gates_GateHwi_Object__DESC__C)
                  00009e68    00000020     main_pem4f.oem4f (.const:ti_sysbios_gates_GateMutex_Object__DESC__C)
                  00009e88    00000020     main_pem4f.oem4f (.const:ti_sysbios_heaps_HeapMem_Object__DESC__C)
                  00009ea8    00000020     main_pem4f.oem4f (.const:ti_sysbios_knl_Queue_Object__DESC__C)
                  00009ec8    00000020     main_pem4f.oem4f (.const:ti_sysbios_knl_Semaphore_Object__DESC__C)
                  00009ee8    00000020     main_pem4f.oem4f (.const:ti_uia_runtime_LoggerStopMode_Object__DESC__C)
                  00009f08    00000020     uart_tivaware.aem4f : UART.oem4f (.const)
                  00009f28    0000001a     main_pem4f.oem4f (.const:xdc_runtime_Startup_sfxnRts__A)
                  00009f42    00000002     main_pem4f.oem4f (.const:ti_sysbios_BIOS_Module__id__C)
                  00009f44    00000018     EK_LM4F120XL.obj (.const)
                  00009f5c    00000018     main_pem4f.oem4f (.const:ti_sysbios_gates_GateHwi_Object__PARAMS__C)
                  00009f74    00000018     main_pem4f.oem4f (.const:ti_sysbios_gates_GateMutex_Object__PARAMS__C)
                  00009f8c    00000018     main_pem4f.oem4f (.const:ti_sysbios_knl_Queue_Object__PARAMS__C)
                  00009fa4    00000014     main_pem4f.oem4f (.const:xdc_runtime_Startup_firstFxns__A)
                  00009fb8    00000011     ti.targets.arm.rtsarm.aem4f : System.oem4f (.const)
                  00009fc9    00000001     main_pem4f.oem4f (.const:xdc_runtime_Error_policy__C)
                  00009fca    00000002     main_pem4f.oem4f (.const:ti_sysbios_family_arm_lm4_TimestampProvider_useClockTimer__C)
                  00009fcc    00000008     main_pem4f.oem4f (.const:ti_sysbios_family_arm_m3_Hwi_excHookFuncs__A)
                  00009fd4    00000008     main_pem4f.oem4f (.const:ti_sysbios_knl_Idle_coreList__A)
                  00009fdc    00000008     main_pem4f.oem4f (.const:ti_sysbios_knl_Idle_coreList__C)
                  00009fe4    00000008     main_pem4f.oem4f (.const:ti_sysbios_knl_Idle_funcList__A)
                  00009fec    00000008     main_pem4f.oem4f (.const:ti_sysbios_knl_Idle_funcList__C)
                  00009ff4    00000008     main_pem4f.oem4f (.const:ti_sysbios_knl_Task_hooks__C)
                  00009ffc    00000008     main_pem4f.oem4f (.const:xdc_runtime_Startup_firstFxns__C)
                  0000a004    00000008     main_pem4f.oem4f (.const:xdc_runtime_Startup_lastFxns__A)
                  0000a00c    00000008     main_pem4f.oem4f (.const:xdc_runtime_Startup_lastFxns__C)
                  0000a014    00000004     main_pem4f.oem4f (.const:ti_catalog_arm_cortexm4_tiva_ce_Boot_A_mustUseEnhancedClockMode__C)
                  0000a018    00000004     main_pem4f.oem4f (.const:ti_catalog_arm_cortexm4_tiva_ce_Boot_Module__diagsEnabled__C)
                  0000a01c    00000004     main_pem4f.oem4f (.const:ti_catalog_arm_cortexm4_tiva_ce_Boot_Module__diagsIncluded__C)
                  0000a020    00000004     main_pem4f.oem4f (.const:ti_catalog_arm_cortexm4_tiva_ce_Boot_Module__diagsMask__C)
                  0000a024    00000004     main_pem4f.oem4f (.const:ti_sysbios_BIOS_Module__diagsEnabled__C)
                  0000a028    00000004     main_pem4f.oem4f (.const:ti_sysbios_BIOS_Module__diagsIncluded__C)
                  0000a02c    00000004     main_pem4f.oem4f (.const:ti_sysbios_BIOS_Module__diagsMask__C)
                  0000a030    00000004     main_pem4f.oem4f (.const:ti_sysbios_BIOS_installedErrorHook__C)
                  0000a034    00000004     main_pem4f.oem4f (.const:ti_sysbios_family_arm_lm4_Timer_enableFunc__C)
                  0000a038    00000004     main_pem4f.oem4f (.const:ti_sysbios_family_arm_lm4_Timer_numTimerDevices__C)
                  0000a03c    00000004     main_pem4f.oem4f (.const:ti_sysbios_family_arm_lm4_Timer_startupNeeded__C)
                  0000a040    00000004     main_pem4f.oem4f (.const:ti_sysbios_family_arm_m3_Hwi_E_NMI__C)
                  0000a044    00000004     main_pem4f.oem4f (.const:ti_sysbios_family_arm_m3_Hwi_E_alreadyDefined__C)
                  0000a048    00000004     main_pem4f.oem4f (.const:ti_sysbios_family_arm_m3_Hwi_E_busFault__C)
                  0000a04c    00000004     main_pem4f.oem4f (.const:ti_sysbios_family_arm_m3_Hwi_E_debugMon__C)
                  0000a050    00000004     main_pem4f.oem4f (.const:ti_sysbios_family_arm_m3_Hwi_E_hardFault__C)
                  0000a054    00000004     main_pem4f.oem4f (.const:ti_sysbios_family_arm_m3_Hwi_E_memFault__C)
                  0000a058    00000004     main_pem4f.oem4f (.const:ti_sysbios_family_arm_m3_Hwi_E_noIsr__C)
                  0000a05c    00000004     main_pem4f.oem4f (.const:ti_sysbios_family_arm_m3_Hwi_E_reserved__C)
                  0000a060    00000004     main_pem4f.oem4f (.const:ti_sysbios_family_arm_m3_Hwi_E_svCall__C)
                  0000a064    00000004     main_pem4f.oem4f (.const:ti_sysbios_family_arm_m3_Hwi_E_usageFault__C)
                  0000a068    00000004     main_pem4f.oem4f (.const:ti_sysbios_family_arm_m3_Hwi_LD_end__C)
                  0000a06c    00000004     main_pem4f.oem4f (.const:ti_sysbios_family_arm_m3_Hwi_LM_begin__C)
                  0000a070    00000004     main_pem4f.oem4f (.const:ti_sysbios_family_arm_m3_Hwi_Module__diagsEnabled__C)
                  0000a074    00000004     main_pem4f.oem4f (.const:ti_sysbios_family_arm_m3_Hwi_Module__diagsIncluded__C)
                  0000a078    00000004     main_pem4f.oem4f (.const:ti_sysbios_family_arm_m3_Hwi_Module__diagsMask__C)
                  0000a07c    00000004     main_pem4f.oem4f (.const:ti_sysbios_family_arm_m3_Hwi_Module__loggerFxn1__C)
                  0000a080    00000004     main_pem4f.oem4f (.const:ti_sysbios_family_arm_m3_Hwi_Module__loggerFxn8__C)
                  0000a084    00000004     main_pem4f.oem4f (.const:ti_sysbios_family_arm_m3_Hwi_Module__loggerObj__C)
                  0000a088    00000004     main_pem4f.oem4f (.const:ti_sysbios_family_arm_m3_Hwi_NUM_INTERRUPTS__C)
                  0000a08c    00000004     main_pem4f.oem4f (.const:ti_sysbios_family_arm_m3_Hwi_ccr__C)
                  0000a090    00000004     main_pem4f.oem4f (.const:ti_sysbios_family_arm_m3_Hwi_dispatchTable__C)
                  0000a094    00000004     main_pem4f.oem4f (.const:ti_sysbios_family_arm_m3_Hwi_excHandlerFunc__C)
                  0000a098    00000004     main_pem4f.oem4f (.const:ti_sysbios_family_arm_m3_Hwi_excHookFuncs__C)
                  0000a09c    00000004     main_pem4f.oem4f (.const:ti_sysbios_family_arm_m3_Hwi_priGroup__C)
                  0000a0a0    00000004     main_pem4f.oem4f (.const:ti_sysbios_family_arm_m3_Hwi_priorities__C)
                  0000a0a4    00000004     main_pem4f.oem4f (.const:ti_sysbios_gates_GateMutex_A_badContext__C)
                  0000a0a8    00000004     main_pem4f.oem4f (.const:ti_sysbios_gates_GateMutex_Instance_State_sem__O)
                  0000a0ac    00000004     main_pem4f.oem4f (.const:ti_sysbios_gates_GateMutex_Module__diagsEnabled__C)
                  0000a0b0    00000004     main_pem4f.oem4f (.const:ti_sysbios_gates_GateMutex_Module__diagsIncluded__C)
                  0000a0b4    00000004     main_pem4f.oem4f (.const:ti_sysbios_gates_GateMutex_Module__diagsMask__C)
                  0000a0b8    00000004     main_pem4f.oem4f (.const:ti_sysbios_hal_Hwi_E_stackOverflow__C)
                  0000a0bc    00000004     main_pem4f.oem4f (.const:ti_sysbios_heaps_HeapMem_A_align__C)
                  0000a0c0    00000004     main_pem4f.oem4f (.const:ti_sysbios_heaps_HeapMem_A_heapSize__C)
                  0000a0c4    00000004     main_pem4f.oem4f (.const:ti_sysbios_heaps_HeapMem_A_invalidFree__C)
                  0000a0c8    00000004     main_pem4f.oem4f (.const:ti_sysbios_heaps_HeapMem_A_zeroBlock__C)
                  0000a0cc    00000004     main_pem4f.oem4f (.const:ti_sysbios_heaps_HeapMem_E_memory__C)
                  0000a0d0    00000004     main_pem4f.oem4f (.const:ti_sysbios_heaps_HeapMem_Module__diagsEnabled__C)
                  0000a0d4    00000004     main_pem4f.oem4f (.const:ti_sysbios_heaps_HeapMem_Module__diagsIncluded__C)
                  0000a0d8    00000004     main_pem4f.oem4f (.const:ti_sysbios_heaps_HeapMem_Module__diagsMask__C)
                  0000a0dc    00000004     main_pem4f.oem4f (.const:ti_sysbios_heaps_HeapMem_Module__gateObj__C)
                  0000a0e0    00000004     main_pem4f.oem4f (.const:ti_sysbios_heaps_HeapMem_Object__count__C)
                  0000a0e4    00000004     main_pem4f.oem4f (.const:ti_sysbios_heaps_HeapMem_reqAlign__C)
                  0000a0e8    00000004     main_pem4f.oem4f (.const:ti_sysbios_io_DEV_Object__count__C)
                  0000a0ec    00000004     main_pem4f.oem4f (.const:ti_sysbios_io_DEV_tableSize__C)
                  0000a0f0    00000004     main_pem4f.oem4f (.const:ti_sysbios_knl_Clock_LM_begin__C)
                  0000a0f4    00000004     main_pem4f.oem4f (.const:ti_sysbios_knl_Clock_LM_tick__C)
                  0000a0f8    00000004     main_pem4f.oem4f (.const:ti_sysbios_knl_Clock_LW_delayed__C)
                  0000a0fc    00000004     main_pem4f.oem4f (.const:ti_sysbios_knl_Clock_Module_State_clockQ__O)
                  0000a100    00000004     main_pem4f.oem4f (.const:ti_sysbios_knl_Clock_Module__diagsEnabled__C)
                  0000a104    00000004     main_pem4f.oem4f (.const:ti_sysbios_knl_Clock_Module__diagsIncluded__C)
                  0000a108    00000004     main_pem4f.oem4f (.const:ti_sysbios_knl_Clock_Module__diagsMask__C)
                  0000a10c    00000004     main_pem4f.oem4f (.const:ti_sysbios_knl_Clock_Module__loggerFxn1__C)
                  0000a110    00000004     main_pem4f.oem4f (.const:ti_sysbios_knl_Clock_Module__loggerFxn2__C)
                  0000a114    00000004     main_pem4f.oem4f (.const:ti_sysbios_knl_Clock_Module__loggerObj__C)
                  0000a118    00000004     main_pem4f.oem4f (.const:ti_sysbios_knl_Semaphore_A_badContext__C)
                  0000a11c    00000004     main_pem4f.oem4f (.const:ti_sysbios_knl_Semaphore_A_noEvents__C)
                  0000a120    00000004     main_pem4f.oem4f (.const:ti_sysbios_knl_Semaphore_A_overflow__C)
                  0000a124    00000004     main_pem4f.oem4f (.const:ti_sysbios_knl_Semaphore_A_pendTaskDisabled__C)
                  0000a128    00000004     main_pem4f.oem4f (.const:ti_sysbios_knl_Semaphore_Instance_State_pendQ__O)
                  0000a12c    00000004     main_pem4f.oem4f (.const:ti_sysbios_knl_Semaphore_LM_pend__C)
                  0000a130    00000004     main_pem4f.oem4f (.const:ti_sysbios_knl_Semaphore_LM_post__C)
                  0000a134    00000004     main_pem4f.oem4f (.const:ti_sysbios_knl_Semaphore_Module__diagsEnabled__C)
                  0000a138    00000004     main_pem4f.oem4f (.const:ti_sysbios_knl_Semaphore_Module__diagsIncluded__C)
                  0000a13c    00000004     main_pem4f.oem4f (.const:ti_sysbios_knl_Semaphore_Module__diagsMask__C)
                  0000a140    00000004     main_pem4f.oem4f (.const:ti_sysbios_knl_Semaphore_Module__loggerFxn2__C)
                  0000a144    00000004     main_pem4f.oem4f (.const:ti_sysbios_knl_Semaphore_Module__loggerFxn4__C)
                  0000a148    00000004     main_pem4f.oem4f (.const:ti_sysbios_knl_Semaphore_Module__loggerObj__C)
                  0000a14c    00000004     main_pem4f.oem4f (.const:ti_sysbios_knl_Swi_LD_end__C)
                  0000a150    00000004     main_pem4f.oem4f (.const:ti_sysbios_knl_Swi_LM_begin__C)
                  0000a154    00000004     main_pem4f.oem4f (.const:ti_sysbios_knl_Swi_LM_post__C)
                  0000a158    00000004     main_pem4f.oem4f (.const:ti_sysbios_knl_Swi_Module__diagsEnabled__C)
                  0000a15c    00000004     main_pem4f.oem4f (.const:ti_sysbios_knl_Swi_Module__diagsIncluded__C)
                  0000a160    00000004     main_pem4f.oem4f (.const:ti_sysbios_knl_Swi_Module__diagsMask__C)
                  0000a164    00000004     main_pem4f.oem4f (.const:ti_sysbios_knl_Swi_Module__loggerFxn1__C)
                  0000a168    00000004     main_pem4f.oem4f (.const:ti_sysbios_knl_Swi_Module__loggerFxn4__C)
                  0000a16c    00000004     main_pem4f.oem4f (.const:ti_sysbios_knl_Swi_Module__loggerObj__C)
                  0000a170    00000004     main_pem4f.oem4f (.const:ti_sysbios_knl_Swi_Object__count__C)
                  0000a174    00000004     main_pem4f.oem4f (.const:ti_sysbios_knl_Task_E_spOutOfBounds__C)
                  0000a178    00000004     main_pem4f.oem4f (.const:ti_sysbios_knl_Task_E_stackOverflow__C)
                  0000a17c    00000004     main_pem4f.oem4f (.const:ti_sysbios_knl_Task_LD_block__C)
                  0000a180    00000004     main_pem4f.oem4f (.const:ti_sysbios_knl_Task_LD_exit__C)
                  0000a184    00000004     main_pem4f.oem4f (.const:ti_sysbios_knl_Task_LD_ready__C)
                  0000a188    00000004     main_pem4f.oem4f (.const:ti_sysbios_knl_Task_LM_switch__C)
                  0000a18c    00000004     main_pem4f.oem4f (.const:ti_sysbios_knl_Task_Module_State_inactiveQ__O)
                  0000a190    00000004     main_pem4f.oem4f (.const:ti_sysbios_knl_Task_Module__diagsEnabled__C)
                  0000a194    00000004     main_pem4f.oem4f (.const:ti_sysbios_knl_Task_Module__diagsIncluded__C)
                  0000a198    00000004     main_pem4f.oem4f (.const:ti_sysbios_knl_Task_Module__diagsMask__C)
                  0000a19c    00000004     main_pem4f.oem4f (.const:ti_sysbios_knl_Task_Module__loggerFxn2__C)
                  0000a1a0    00000004     main_pem4f.oem4f (.const:ti_sysbios_knl_Task_Module__loggerFxn4__C)
                  0000a1a4    00000004     main_pem4f.oem4f (.const:ti_sysbios_knl_Task_Module__loggerObj__C)
                  0000a1a8    00000004     main_pem4f.oem4f (.const:ti_sysbios_knl_Task_Object__count__C)
                  0000a1ac    00000004     main_pem4f.oem4f (.const:ti_sysbios_knl_Task_Object__heap__C)
                  0000a1b0    00000004     main_pem4f.oem4f (.const:ti_sysbios_knl_Task_allBlockedFunc__C)
                  0000a1b4    00000004     main_pem4f.oem4f (.const:ti_sysbios_knl_Task_numConstructedTasks__C)
                  0000a1b8    00000004     main_pem4f.oem4f (.const:ti_sysbios_utils_Load_LS_cpuLoad__C)
                  0000a1bc    00000004     main_pem4f.oem4f (.const:ti_sysbios_utils_Load_LS_hwiLoad__C)
                  0000a1c0    00000004     main_pem4f.oem4f (.const:ti_sysbios_utils_Load_LS_taskLoad__C)
                  0000a1c4    00000004     main_pem4f.oem4f (.const:ti_sysbios_utils_Load_Module_State_taskList__O)
                  0000a1c8    00000004     main_pem4f.oem4f (.const:ti_sysbios_utils_Load_Module__diagsEnabled__C)
                  0000a1cc    00000004     main_pem4f.oem4f (.const:ti_sysbios_utils_Load_Module__diagsIncluded__C)
                  0000a1d0    00000004     main_pem4f.oem4f (.const:ti_sysbios_utils_Load_Module__diagsMask__C)
                  0000a1d4    00000004     main_pem4f.oem4f (.const:ti_sysbios_utils_Load_Module__loggerFxn1__C)
                  0000a1d8    00000004     main_pem4f.oem4f (.const:ti_sysbios_utils_Load_Module__loggerFxn2__C)
                  0000a1dc    00000004     main_pem4f.oem4f (.const:ti_sysbios_utils_Load_Module__loggerFxn4__C)
                  0000a1e0    00000004     main_pem4f.oem4f (.const:ti_sysbios_utils_Load_Module__loggerObj__C)
                  0000a1e4    00000004     main_pem4f.oem4f (.const:ti_sysbios_utils_Load_postUpdate__C)
                  0000a1e8    00000004     main_pem4f.oem4f (.const:ti_sysbios_utils_Load_windowInMs__C)
                  0000a1ec    00000004     main_pem4f.oem4f (.const:ti_uia_runtime_ILoggerSnapshot_Interface__BASE__C)
                  0000a1f0    00000004     main_pem4f.oem4f (.const:ti_uia_runtime_IUIATransfer_Interface__BASE__C)
                  0000a1f4    00000004     main_pem4f.oem4f (.const:ti_uia_runtime_LoggerStopMode_E_badLevel__C)
                  0000a1f8    00000004     main_pem4f.oem4f (.const:ti_uia_runtime_LoggerStopMode_Object__count__C)
                  0000a1fc    00000004     main_pem4f.oem4f (.const:ti_uia_runtime_LoggerStopMode_overflowLogger__C)
                  0000a200    00000004     main_pem4f.oem4f (.const:ti_uia_runtime_LoggerStopMode_statusLogger__C)
                  0000a204    00000004     main_pem4f.oem4f (.const:xdc_runtime_Assert_E_assertFailed__C)
                  0000a208    00000004     main_pem4f.oem4f (.const:xdc_runtime_Core_A_initializedParams__C)
                  0000a20c    00000004     main_pem4f.oem4f (.const:xdc_runtime_Core_Module__diagsEnabled__C)
                  0000a210    00000004     main_pem4f.oem4f (.const:xdc_runtime_Core_Module__diagsIncluded__C)
                  0000a214    00000004     main_pem4f.oem4f (.const:xdc_runtime_Core_Module__diagsMask__C)
                  0000a218    00000004     main_pem4f.oem4f (.const:xdc_runtime_Error_E_generic__C)
                  0000a21c    00000004     main_pem4f.oem4f (.const:xdc_runtime_Error_E_memory__C)
                  0000a220    00000004     main_pem4f.oem4f (.const:xdc_runtime_Error_Module__diagsEnabled__C)
                  0000a224    00000004     main_pem4f.oem4f (.const:xdc_runtime_Error_Module__diagsIncluded__C)
                  0000a228    00000004     main_pem4f.oem4f (.const:xdc_runtime_Error_Module__diagsMask__C)
                  0000a22c    00000004     main_pem4f.oem4f (.const:xdc_runtime_Error_Module__loggerFxn8__C)
                  0000a230    00000004     main_pem4f.oem4f (.const:xdc_runtime_Error_Module__loggerObj__C)
                  0000a234    00000004     main_pem4f.oem4f (.const:xdc_runtime_Error_raiseHook__C)
                  0000a238    00000004     main_pem4f.oem4f (.const:xdc_runtime_IFilterLogger_Interface__BASE__C)
                  0000a23c    00000004     main_pem4f.oem4f (.const:xdc_runtime_IGateProvider_Interface__BASE__C)
                  0000a240    00000004     main_pem4f.oem4f (.const:xdc_runtime_IHeap_Interface__BASE__C)
                  0000a244    00000004     main_pem4f.oem4f (.const:xdc_runtime_ILogger_Interface__BASE__C)
                  0000a248    00000004     main_pem4f.oem4f (.const:xdc_runtime_IModule_Interface__BASE__C)
                  0000a24c    00000004     main_pem4f.oem4f (.const:xdc_runtime_Log_L_error__C)
                  0000a250    00000004     main_pem4f.oem4f (.const:xdc_runtime_Main_Module__diagsEnabled__C)
                  0000a254    00000004     main_pem4f.oem4f (.const:xdc_runtime_Main_Module__diagsIncluded__C)
                  0000a258    00000004     main_pem4f.oem4f (.const:xdc_runtime_Main_Module__diagsMask__C)
                  0000a25c    00000004     main_pem4f.oem4f (.const:xdc_runtime_Main_Module__loggerFxn4__C)
                  0000a260    00000004     main_pem4f.oem4f (.const:xdc_runtime_Main_Module__loggerObj__C)
                  0000a264    00000004     main_pem4f.oem4f (.const:xdc_runtime_Memory_defaultHeapInstance__C)
                  0000a268    00000004     main_pem4f.oem4f (.const:xdc_runtime_Startup_execImpl__C)
                  0000a26c    00000004     main_pem4f.oem4f (.const:xdc_runtime_Startup_maxPasses__C)
                  0000a270    00000004     main_pem4f.oem4f (.const:xdc_runtime_Startup_sfxnRts__C)
                  0000a274    00000004     main_pem4f.oem4f (.const:xdc_runtime_Startup_sfxnTab__C)
                  0000a278    00000004     main_pem4f.oem4f (.const:xdc_runtime_SysMin_bufSize__C)
                  0000a27c    00000004     main_pem4f.oem4f (.const:xdc_runtime_SysMin_outputFunc__C)
                  0000a280    00000004     main_pem4f.oem4f (.const:xdc_runtime_System_Module__gateObj__C)
                  0000a284    00000004     main_pem4f.oem4f (.const:xdc_runtime_System_extendFxn__C)
                  0000a288    00000004     main_pem4f.oem4f (.const:xdc_runtime_System_maxAtexitHandlers__C)
                  0000a28c    00000004     main_pem4f.oem4f (.const:xdc_runtime_Text_charTab__C)
                  0000a290    00000004     main_pem4f.oem4f (.const:xdc_runtime_Text_nameEmpty__C)
                  0000a294    00000004     main_pem4f.oem4f (.const:xdc_runtime_Text_nameStatic__C)
                  0000a298    00000004     main_pem4f.oem4f (.const:xdc_runtime_Text_nameUnknown__C)
                  0000a29c    00000004     main_pem4f.oem4f (.const:xdc_runtime_Text_nodeTab__C)
                  0000a2a0    00000004     main_pem4f.oem4f (.const:xdc_runtime_Text_visitRopeFxn__C)
                  0000a2a4    00000002     main_pem4f.oem4f (.const:ti_sysbios_family_arm_m3_Hwi_Module__id__C)
                  0000a2a6    00000002     main_pem4f.oem4f (.const:ti_sysbios_family_arm_m3_Hwi_Module__loggerDefined__C)
                  0000a2a8    00000002     main_pem4f.oem4f (.const:ti_sysbios_gates_GateMutex_Module__id__C)
                  0000a2aa    00000002     main_pem4f.oem4f (.const:ti_sysbios_hal_Hwi_Module__id__C)
                  0000a2ac    00000002     main_pem4f.oem4f (.const:ti_sysbios_heaps_HeapMem_Module__id__C)
                  0000a2ae    00000002     main_pem4f.oem4f (.const:ti_sysbios_io_DEV_Module__id__C)
                  0000a2b0    00000002     main_pem4f.oem4f (.const:ti_sysbios_knl_Clock_Module__id__C)
                  0000a2b2    00000002     main_pem4f.oem4f (.const:ti_sysbios_knl_Clock_Module__loggerDefined__C)
                  0000a2b4    00000002     main_pem4f.oem4f (.const:ti_sysbios_knl_Semaphore_Module__id__C)
                  0000a2b6    00000002     main_pem4f.oem4f (.const:ti_sysbios_knl_Semaphore_Module__loggerDefined__C)
                  0000a2b8    00000002     main_pem4f.oem4f (.const:ti_sysbios_knl_Swi_Module__id__C)
                  0000a2ba    00000002     main_pem4f.oem4f (.const:ti_sysbios_knl_Swi_Module__loggerDefined__C)
                  0000a2bc    00000002     main_pem4f.oem4f (.const:ti_sysbios_knl_Task_Module__id__C)
                  0000a2be    00000002     main_pem4f.oem4f (.const:ti_sysbios_knl_Task_Module__loggerDefined__C)
                  0000a2c0    00000002     main_pem4f.oem4f (.const:ti_sysbios_knl_Task_initStackFlag__C)
                  0000a2c2    00000002     main_pem4f.oem4f (.const:ti_sysbios_utils_Load_Module__id__C)
                  0000a2c4    00000002     main_pem4f.oem4f (.const:ti_sysbios_utils_Load_Module__loggerDefined__C)
                  0000a2c6    00000002     main_pem4f.oem4f (.const:ti_sysbios_utils_Load_autoAddTasks__C)
                  0000a2c8    00000002     main_pem4f.oem4f (.const:ti_sysbios_utils_Load_hwiEnabled__C)
                  0000a2ca    00000002     main_pem4f.oem4f (.const:ti_sysbios_utils_Load_updateInIdle__C)
                  0000a2cc    00000002     main_pem4f.oem4f (.const:ti_uia_runtime_LoggerStopMode_Module__id__C)
                  0000a2ce    00000002     main_pem4f.oem4f (.const:ti_uia_runtime_LoggerStopMode_filterByLevel__C)
                  0000a2d0    00000002     main_pem4f.oem4f (.const:ti_uia_runtime_LoggerStopMode_isTimestampEnabled__C)
                  0000a2d2    00000002     main_pem4f.oem4f (.const:xdc_runtime_Core_Module__id__C)
                  0000a2d4    00000002     main_pem4f.oem4f (.const:xdc_runtime_Error_Module__loggerDefined__C)
                  0000a2d6    00000002     main_pem4f.oem4f (.const:xdc_runtime_Error_maxDepth__C)
                  0000a2d8    00000002     main_pem4f.oem4f (.const:xdc_runtime_Main_Module__id__C)
                  0000a2da    00000002     main_pem4f.oem4f (.const:xdc_runtime_Main_Module__loggerDefined__C)
                  0000a2dc    00000002     main_pem4f.oem4f (.const:xdc_runtime_Memory_Module__id__C)
                  0000a2de    00000002     main_pem4f.oem4f (.const:xdc_runtime_SysMin_flushAtExit__C)
                  0000a2e0    00000002     main_pem4f.oem4f (.const:xdc_runtime_Text_charCnt__C)
                  0000a2e2    00000002     main_pem4f.oem4f (.const:xdc_runtime_Text_isLoaded__C)
                  0000a2e4    00000002     main_pem4f.oem4f (.const:xdc_runtime_Text_registryModsLastId__C)
                  0000a2e6    00000002     main_pem4f.oem4f (.const:xdc_runtime_Text_unnamedModsLastId__C)

.cinit     0    0000a2e8    000005a0     
                  0000a2e8    00000567     (.cinit..data.load) [load image, compression = rle]
                  0000a84f    00000001     --HOLE-- [fill = 0]
                  0000a850    0000000c     (__TI_handler_table)
                  0000a85c    00000004     --HOLE-- [fill = 0]
                  0000a860    00000008     (.cinit..bss.load) [load image, compression = zero_init]
                  0000a868    00000008     (.cinit..vecs.load) [load image, compression = zero_init]
                  0000a870    00000018     (__TI_cinit_table)

.vecs      0    20000000    00000360     UNINITIALIZED
                  20000000    00000360     main_pem4f.oem4f (.vecs)

.bss       0    20000360    000034f8     UNINITIALIZED
                  20000360    00001000     main_pem4f.oem4f (.bss:taskStackSection)
                  20001360    00001000     main_pem4f.oem4f (.bss:ti_sysbios_heaps_HeapMem_Instance_State_0_buf__A)
                  20002360    00000480     main_pem4f.oem4f (.bss:ti_uia_runtime_LoggerStopMode_Instance_State_1_bufferArray__A)
                  200027e0    00000480     main_pem4f.oem4f (.bss:ti_uia_runtime_LoggerStopMode_Instance_State_2_bufferArray__A)
                  20002c60    00000440     EK_LM4F120XL.obj (.bss:uartTivaObjects)
                  200030a0    00000400     main_pem4f.oem4f (.bss:xdc_runtime_SysMin_Module_State_0_outbuf__A)
                  200034a0    00000280     main_pem4f.oem4f (.bss:ti_uia_runtime_LoggerStopMode_Instance_State_0_bufferArray__A)
                  20003720    00000120     rtsv7M4_T_le_v4SPD16_eabi.lib : trgmsg.obj (.bss:__CIOBUF_)
                  20003840    00000008     (.common:parmbuf)
                  20003848    00000008     (.common:ti_sysbios_knl_Task_Instance_State_0_hookEnv__A)
                  20003850    00000008     (.common:ti_sysbios_knl_Task_Instance_State_1_hookEnv__A)

.stack     0    20003858    00001000     UNINITIALIZED
                  20003858    00001000     --HOLE--

.data      0    20004858    00000b00     UNINITIALIZED
                  20004858    00000360     main_pem4f.oem4f (.data:ti_sysbios_family_arm_m3_Hwi_Module_State_0_dispatchTable__A)
                  20004bb8    000001fc     main_pem4f.oem4f (.data)
                  20004db4    00000108     main_pem4f.oem4f (.data:ti_uia_runtime_LoggerStopMode_Object__table__V)
                  20004ebc    000000a0     main_pem4f.oem4f (.data:ti_sysbios_knl_Task_Object__table__V)
                  20004f5c    00000098     main_pem4f.oem4f (.data:ti_sysbios_utils_Load_Module__state__V)
                  20004ff4    00000080     main_pem4f.oem4f (.data:ti_sysbios_knl_Swi_Module_State_0_readyQ__A)
                  20005074    00000080     main_pem4f.oem4f (.data:ti_sysbios_knl_Task_Module_State_0_readyQ__A)
                  200050f4    00000070     main_pem4f.oem4f (.data:ti_sysbios_family_arm_lm4_Timer_Object__table__V)
                  20005164    0000005c     main_pem4f.oem4f (.data:ti_sysbios_family_arm_m3_Hwi_Module__state__V)
                  200051c0    00000044     main_pem4f.oem4f (.data:ti_sysbios_knl_Task_Module__state__V)
                  20005204    00000038     main_pem4f.oem4f (.data:ti_sysbios_gates_GateMutex_Object__table__V)
                  2000523c    00000038     main_pem4f.oem4f (.data:ti_sysbios_utils_Load_Module_State_0_taskEnv__A)
                  20005274    00000030     main_pem4f.oem4f (.data:ti_sysbios_family_arm_lm4_Timer_Module_State_0_device__A)
                  200052a4    00000030     main_pem4f.oem4f (.data:ti_sysbios_family_arm_m3_Hwi_Object__table__V)
                  200052d4    00000030     main_pem4f.oem4f (.data:ti_sysbios_knl_Swi_Object__table__V)
                  20005304    00000028     main_pem4f.oem4f (.data:ti_sysbios_knl_Clock_Module__state__V)
                  2000532c    00000008     gpio_tivaware.aem4f : GPIO.oem4f (.data)
                  20005334    00000008     rtsv7M4_T_le_v4SPD16_eabi.lib : _lock.obj (.data)
                  2000533c    00000008                                   : exit.obj (.data)
                  20005344    00000008     ti.uia.runtime.aem4f : QueueDescriptor.oem4f (.data)
                  2000534c    00000004     rtsv7M4_T_le_v4SPD16_eabi.lib : dtor_list.obj (.data)
                  20005350    00000004                                   : stkdepth_vars.obj (.data)
                  20005354    00000004     uart_tivaware.aem4f : UART.oem4f (.data)


LINKER GENERATED COPY TABLES

__TI_cinit_table @ 0000a870 records: 3, size/record: 8, table size: 24
	.data: load addr=0000a2e8, load size=00000567 bytes, run addr=20004858, run size=00000b00 bytes, compression=rle
	.bss: load addr=0000a860, load size=00000008 bytes, run addr=20000360, run size=000034f8 bytes, compression=zero_init
	.vecs: load addr=0000a868, load size=00000008 bytes, run addr=20000000, run size=00000360 bytes, compression=zero_init


LINKER GENERATED HANDLER TABLE

__TI_handler_table @ 0000a850 records: 3, size/record: 4, table size: 12
	index: 0, handler: __TI_zero_init
	index: 1, handler: __TI_decompress_rle24
	index: 2, handler: __TI_decompress_none


GLOBAL SYMBOLS: SORTED ALPHABETICALLY BY Name 

address    name
--------   ----
00005e71   C$$EXIT
000056e7   C$$IO$$
00004b35   EK_LM4F120XL_initGPIO
00006115   EK_LM4F120XL_initGeneral
0000311d   EK_LM4F120XL_initUART
00006959   GPIODirModeSet
00002a19   GPIOPadConfigSet
00005c35   GPIOPinConfigure
00007081   GPIOPinTypeGPIOInput
00006eaf   GPIOPinTypeGPIOOutput
00007093   GPIOPinTypeUART
000073ed   GPIOPinWrite
00009f44   GPIO_config
00006a75   GPIO_init
00003a11   GPIO_write
00001035   HOSTclock
00000ffd   HOSTclose
00000fbf   HOSTgetenv
00000f63   HOSTlseek
00000f11   HOSTopen
00000ec5   HOSTread
00000e67   HOSTrename
00000e2d   HOSTtime
00000df5   HOSTunlink
00000da9   HOSTwrite
UNDEFED    SHT$$INIT_ARRAY$$Base
UNDEFED    SHT$$INIT_ARRAY$$Limit
00006579   SysCtlPeripheralEnable
20004f0c   TSK_idle
00007365   UARTCharGet
00007251   UARTCharGetNonBlocking
0000736f   UARTCharPut
0000725f   UARTCharPutNonBlocking
00006091   UARTConfigSetExpClk
00006d01   UARTDisable
00006fcd   UARTEnable
000073f3   UARTFIFOLevelSet
0000743b   UARTIntClear
00007379   UARTIntDisable
000073b5   UARTIntEnable
00007383   UARTIntStatus
000065ad   UARTTiva_close
00009d74   UARTTiva_fxnTable
000073bd   UARTTiva_init
00001ef1   UARTTiva_open
000052ad   UARTTiva_read
00006649   UARTTiva_readCancel
000054c5   UARTTiva_readPolling
00005319   UARTTiva_write
0000667b   UARTTiva_writeCancel
00006155   UARTTiva_writePolling
00006fe1   UART_Params_init
00009af8   UART_config
00009f08   UART_defaultParams
00006381   UART_init
00006ec9   UART_open
0000738d   UART_read
00007397   UART_write
00000000   __ASM__
20003720   __CIOBUF_
00000073   __ISA__
00000086   __PLAT__
20004858   __STACK_END
00001000   __STACK_SIZE
20003958   __STACK_TOP
000000a7   __TARG__
0000a870   __TI_CINIT_Base
0000a888   __TI_CINIT_Limit
0000a850   __TI_Handler_Table_Base
0000a85c   __TI_Handler_Table_Limit
00000001   __TI_args_main
00004719   __TI_auto_init
2000533c   __TI_cleanup_ptr
0000726d   __TI_decompress_none
000073ff   __TI_decompress_rle24
20005340   __TI_dtors_ptr
000056eb   __TI_readmsg
00000000   __TI_static_base__
000056bd   __TI_writemsg
000070a5   __TI_zero_init
000000cd   __TRDR__
00003881   __aeabi_atexit
00004dc7   __aeabi_memclr
00004dc7   __aeabi_memclr4
00004dc7   __aeabi_memclr8
000047b9   __aeabi_memcpy
000047b9   __aeabi_memcpy4
000047b9   __aeabi_memcpy8
00004dc9   __aeabi_memset
00004dc9   __aeabi_memset4
00004dc9   __aeabi_memset8
ffffffff   __binit__
ffffffff   __c_args__
0000386f   __cxa_atexit
00003829   __cxa_finalize
00003869   __cxa_ia64_exit
20003858   __stack
000073f9   __xdc__init
20004db0   __xdc__init__addr
00006ef9   _args_main
0000594d   _c_int00
20005334   _lock
00007003   _nop
00006ffb   _register_lock
00006ff5   _register_unlock
20005338   _unlock
00005e75   abort
00003873   atexit
ffffffff   binit
00005e2d   copy_in
00003cc9   echoFxn
00005e7d   exit
00006ee1   free
00009c4c   gpioHWAttrs
00006345   main
20005350   main_func_sp
0000679d   malloc
000047b9   memcpy
00004dcf   memset
00007111   strcpy
00007009   strlen
0000a014   ti_catalog_arm_cortexm4_tiva_ce_Boot_A_mustUseEnhancedClockMode__C
0000a018   ti_catalog_arm_cortexm4_tiva_ce_Boot_Module__diagsEnabled__C
0000a01c   ti_catalog_arm_cortexm4_tiva_ce_Boot_Module__diagsIncluded__C
0000a020   ti_catalog_arm_cortexm4_tiva_ce_Boot_Module__diagsMask__C
00009a66   ti_catalog_arm_cortexm4_tiva_ce_Boot_Module__id__C
00007299   ti_catalog_arm_cortexm4_tiva_ce_Boot_init__I
00003229   ti_catalog_arm_cortexm4_tiva_ce_Boot_sysCtlClockSetI__I
000048f1   ti_catalog_arm_cortexm4_tiva_ce_Boot_sysCtlClockSet__E
00007405   ti_catalog_arm_cortexm4_tiva_ce_Boot_sysCtlDelayI__I
0000a024   ti_sysbios_BIOS_Module__diagsEnabled__C
0000a028   ti_sysbios_BIOS_Module__diagsIncluded__C
0000a02c   ti_sysbios_BIOS_Module__diagsMask__C
00009f42   ti_sysbios_BIOS_Module__id__C
20004bb8   ti_sysbios_BIOS_Module__state__V
0000743f   ti_sysbios_BIOS_RtsGateProxy_enter__E
00007443   ti_sysbios_BIOS_RtsGateProxy_leave__E
00007457   ti_sysbios_BIOS_RtsGateProxy_query__E
00005c7d   ti_sysbios_BIOS_errorRaiseHook__I
000066ad   ti_sysbios_BIOS_exitFunc__I
00007121   ti_sysbios_BIOS_getCpuFreq__E
0000a030   ti_sysbios_BIOS_installedErrorHook__C
00003d8b   ti_sysbios_BIOS_nullFunc__I
00006a99   ti_sysbios_BIOS_registerRTSLock__I
00006d1d   ti_sysbios_BIOS_rtsLock__I
0000545d   ti_sysbios_BIOS_rtsUnlock__I
00007131   ti_sysbios_BIOS_setThreadType__E
00006abd   ti_sysbios_BIOS_startFunc__I
00007141   ti_sysbios_BIOS_start__E
20005274   ti_sysbios_family_arm_lm4_Timer_Module_State_0_device__A
20004be0   ti_sysbios_family_arm_lm4_Timer_Module_State_0_handles__A
20004bd8   ti_sysbios_family_arm_lm4_Timer_Module__root__V
00006f11   ti_sysbios_family_arm_lm4_Timer_Module__startupDone__F
00006f11   ti_sysbios_family_arm_lm4_Timer_Module__startupDone__S
20004bf8   ti_sysbios_family_arm_lm4_Timer_Module__state__V
00005839   ti_sysbios_family_arm_lm4_Timer_Module_startup__E
00005839   ti_sysbios_family_arm_lm4_Timer_Module_startup__F
200050f4   ti_sysbios_family_arm_lm4_Timer_Object__table__V
0000a034   ti_sysbios_family_arm_lm4_Timer_enableFunc__C
000045d1   ti_sysbios_family_arm_lm4_Timer_enableTimers__I
0000432d   ti_sysbios_family_arm_lm4_Timer_enableTiva__I
00007447   ti_sysbios_family_arm_lm4_Timer_getPeriod__E
00004eb9   ti_sysbios_family_arm_lm4_Timer_isrStub__E
000072a5   ti_sysbios_family_arm_lm4_Timer_masterDisable__I
0000744b   ti_sysbios_family_arm_lm4_Timer_masterEnable__I
0000a038   ti_sysbios_family_arm_lm4_Timer_numTimerDevices__C
000014f9   ti_sysbios_family_arm_lm4_Timer_start__E
0000a03c   ti_sysbios_family_arm_lm4_Timer_startupNeeded__C
00006195   ti_sysbios_family_arm_lm4_Timer_startup__E
00005eb5   ti_sysbios_family_arm_lm4_Timer_stop__E
20004c04   ti_sysbios_family_arm_lm4_TimestampProvider_Module__state__V
0000740b   ti_sysbios_family_arm_lm4_TimestampProvider_Module_startup__E
0000740b   ti_sysbios_family_arm_lm4_TimestampProvider_Module_startup__F
00003e49   ti_sysbios_family_arm_lm4_TimestampProvider_get32__E
00002c79   ti_sysbios_family_arm_lm4_TimestampProvider_get64__E
00007121   ti_sysbios_family_arm_lm4_TimestampProvider_getFreq__E
00007151   ti_sysbios_family_arm_lm4_TimestampProvider_rolloverFunc__E
000072b1   ti_sysbios_family_arm_lm4_TimestampProvider_startTimer__E
00009fca   ti_sysbios_family_arm_lm4_TimestampProvider_useClockTimer__C
0000a040   ti_sysbios_family_arm_m3_Hwi_E_NMI__C
0000a044   ti_sysbios_family_arm_m3_Hwi_E_alreadyDefined__C
0000a048   ti_sysbios_family_arm_m3_Hwi_E_busFault__C
0000a04c   ti_sysbios_family_arm_m3_Hwi_E_debugMon__C
0000a050   ti_sysbios_family_arm_m3_Hwi_E_hardFault__C
0000a054   ti_sysbios_family_arm_m3_Hwi_E_memFault__C
0000a058   ti_sysbios_family_arm_m3_Hwi_E_noIsr__C
0000a05c   ti_sysbios_family_arm_m3_Hwi_E_reserved__C
0000a060   ti_sysbios_family_arm_m3_Hwi_E_svCall__C
0000a064   ti_sysbios_family_arm_m3_Hwi_E_usageFault__C
00006dc5   ti_sysbios_family_arm_m3_Hwi_Handle__label__S
[...]
000073f3   UARTFIFOLevelSet
000073f9   __xdc__init
000073ff   __TI_decompress_rle24
00007405   ti_catalog_arm_cortexm4_tiva_ce_Boot_sysCtlDelayI__I
0000740b   ti_sysbios_family_arm_lm4_TimestampProvider_Module_startup__E
0000740b   ti_sysbios_family_arm_lm4_TimestampProvider_Module_startup__F
00007411   ti_sysbios_family_arm_m3_Hwi_restoreFxn__E
00007411   ti_sysbios_hal_Hwi_HwiProxy_restore__E
00007411   ti_sysbios_hal_Hwi_restore__E
00007417   ti_sysbios_gates_GateHwi_leave__E
0000741d   ti_sysbios_heaps_HeapMem_isBlocking__E
00007423   ti_sysbios_knl_Queue_Instance_init__F
00007429   ti_uia_runtime_LoggerStopMode_getPriority__E
0000742f   ti_uia_runtime_LoggerStopMode_getTransferType__E
0000742f   ti_uia_runtime_LoggerStopMode_getTransferType__F
00007435   xdc_runtime_System_Module_startup__E
00007435   xdc_runtime_System_Module_startup__F
0000743b   UARTIntClear
0000743f   ti_sysbios_BIOS_RtsGateProxy_enter__E
00007443   ti_sysbios_BIOS_RtsGateProxy_leave__E
00007447   ti_sysbios_family_arm_lm4_Timer_getPeriod__E
0000744b   ti_sysbios_family_arm_lm4_Timer_masterEnable__I
0000744f   ti_sysbios_family_arm_m3_TaskSupport_Module__startupDone__S
00007453   ti_sysbios_gates_GateHwi_query__E
00007453   ti_sysbios_gates_GateHwi_query__F
00007453   xdc_runtime_Main_Module_GateProxy_query__E
00007453   xdc_runtime_System_Module_GateProxy_query__E
00007457   ti_sysbios_BIOS_RtsGateProxy_query__E
00007457   ti_sysbios_gates_GateMutex_query__E
00007457   ti_sysbios_gates_GateMutex_query__F
00007457   ti_sysbios_heaps_HeapMem_Module_GateProxy_query__E
0000745b   ti_sysbios_hal_Hwi_HwiProxy_Module__startupDone__S
0000745f   ti_sysbios_hal_Timer_TimerProxy_Module__startupDone__S
00007463   ti_sysbios_hal_Timer_TimerProxy_getPeriod__E
00007467   ti_sysbios_heaps_HeapMem_Module_GateProxy_enter__E
0000746b   ti_sysbios_heaps_HeapMem_Module_GateProxy_leave__E
0000746f   ti_sysbios_knl_Task_SupportProxy_Module__startupDone__S
00007473   ti_sysbios_knl_Task_startup__E
00007477   ti_uia_runtime_LogSync_CpuTimestampProxy_Module__startupDone__S
0000747b   ti_uia_runtime_LogSync_GlobalTimestampProxy_Module__startupDone__S
0000747f   ti_uia_runtime_LoggerStopMode_getInstanceId__E
00007483   ti_uia_runtime_LoggerStopMode_getMaxLength__E
00007487   ti_uia_runtime_LoggerStopMode_setPriority__E
0000748b   xdc_runtime_Error_getSite__E
0000748b   xdc_runtime_Error_getSite__F
0000748f   xdc_runtime_Memory_HeapProxy_alloc__E
00007493   xdc_runtime_Memory_HeapProxy_free__E
00007497   xdc_runtime_System_Module_GateProxy_enter__E
0000749b   xdc_runtime_System_Module_GateProxy_leave__E
0000749f   xdc_runtime_System_aprintf_va__F
000074a3   xdc_runtime_System_printf_va__F
000074a7   xdc_runtime_System_vsnprintf__E
000074ab   xdc_runtime_TimestampNull_Module__startupDone__S
000074af   xdc_runtime_Timestamp_Module__startupDone__S
000074b4   xdc_runtime_Text_charTab__A
00009852   xdc_runtime_Text_nodeTab__A
0000998e   ti_sysbios_family_arm_m3_Hwi_priorities__A
00009a66   ti_catalog_arm_cortexm4_tiva_ce_Boot_Module__id__C
00009af8   UART_config
00009b64   ti_uia_runtime_LoggerStopMode_Module__FXNS__C
00009c0c   uartTivaHWAttrs
00009c4c   gpioHWAttrs
00009c88   xdc_runtime_Startup_sfxnTab__A
00009cbc   ti_sysbios_family_arm_m3_Hwi_Object__PARAMS__C
00009cec   ti_sysbios_knl_Task_hooks__A
00009d1c   ti_uia_runtime_LoggerStopMode_Object__PARAMS__C
00009d4c   ti_sysbios_heaps_HeapMem_Module__FXNS__C
00009d74   UARTTiva_fxnTable
00009d98   ti_sysbios_gates_GateHwi_Module__FXNS__C
00009dbc   ti_sysbios_gates_GateMutex_Module__FXNS__C
00009de0   ti_sysbios_heaps_HeapMem_Object__PARAMS__C
00009e04   ti_sysbios_knl_Semaphore_Object__PARAMS__C
00009e28   ti_sysbios_family_arm_m3_Hwi_Object__DESC__C
00009e48   ti_sysbios_gates_GateHwi_Object__DESC__C
00009e68   ti_sysbios_gates_GateMutex_Object__DESC__C
00009e88   ti_sysbios_heaps_HeapMem_Object__DESC__C
00009ea8   ti_sysbios_knl_Queue_Object__DESC__C
00009ec8   ti_sysbios_knl_Semaphore_Object__DESC__C
00009ee8   ti_uia_runtime_LoggerStopMode_Object__DESC__C
00009f08   UART_defaultParams
00009f28   xdc_runtime_Startup_sfxnRts__A
00009f42   ti_sysbios_BIOS_Module__id__C
00009f44   GPIO_config
00009f5c   ti_sysbios_gates_GateHwi_Object__PARAMS__C
00009f74   ti_sysbios_gates_GateMutex_Object__PARAMS__C
00009f8c   ti_sysbios_knl_Queue_Object__PARAMS__C
00009fa4   xdc_runtime_Startup_firstFxns__A
00009fc9   xdc_runtime_Error_policy__C
00009fca   ti_sysbios_family_arm_lm4_TimestampProvider_useClockTimer__C
00009fcc   ti_sysbios_family_arm_m3_Hwi_excHookFuncs__A
00009fd4   ti_sysbios_knl_Idle_coreList__A
00009fdc   ti_sysbios_knl_Idle_coreList__C
00009fe4   ti_sysbios_knl_Idle_funcList__A
00009fec   ti_sysbios_knl_Idle_funcList__C
00009ff4   ti_sysbios_knl_Task_hooks__C
00009ffc   xdc_runtime_Startup_firstFxns__C
0000a004   xdc_runtime_Startup_lastFxns__A
0000a00c   xdc_runtime_Startup_lastFxns__C
0000a014   ti_catalog_arm_cortexm4_tiva_ce_Boot_A_mustUseEnhancedClockMode__C
0000a018   ti_catalog_arm_cortexm4_tiva_ce_Boot_Module__diagsEnabled__C
0000a01c   ti_catalog_arm_cortexm4_tiva_ce_Boot_Module__diagsIncluded__C
0000a020   ti_catalog_arm_cortexm4_tiva_ce_Boot_Module__diagsMask__C
0000a024   ti_sysbios_BIOS_Module__diagsEnabled__C
0000a028   ti_sysbios_BIOS_Module__diagsIncluded__C
0000a02c   ti_sysbios_BIOS_Module__diagsMask__C
0000a030   ti_sysbios_BIOS_installedErrorHook__C
0000a034   ti_sysbios_family_arm_lm4_Timer_enableFunc__C
0000a038   ti_sysbios_family_arm_lm4_Timer_numTimerDevices__C
0000a03c   ti_sysbios_family_arm_lm4_Timer_startupNeeded__C
0000a040   ti_sysbios_family_arm_m3_Hwi_E_NMI__C
0000a044   ti_sysbios_family_arm_m3_Hwi_E_alreadyDefined__C
0000a048   ti_sysbios_family_arm_m3_Hwi_E_busFault__C
0000a04c   ti_sysbios_family_arm_m3_Hwi_E_debugMon__C
0000a050   ti_sysbios_family_arm_m3_Hwi_E_hardFault__C
0000a054   ti_sysbios_family_arm_m3_Hwi_E_memFault__C
0000a058   ti_sysbios_family_arm_m3_Hwi_E_noIsr__C
0000a05c   ti_sysbios_family_arm_m3_Hwi_E_reserved__C
0000a060   ti_sysbios_family_arm_m3_Hwi_E_svCall__C
0000a064   ti_sysbios_family_arm_m3_Hwi_E_usageFault__C
0000a068   ti_sysbios_family_arm_m3_Hwi_LD_end__C
0000a06c   ti_sysbios_family_arm_m3_Hwi_LM_begin__C
0000a070   ti_sysbios_family_arm_m3_Hwi_Module__diagsEnabled__C
0000a074   ti_sysbios_family_arm_m3_Hwi_Module__diagsIncluded__C
0000a078   ti_sysbios_family_arm_m3_Hwi_Module__diagsMask__C
0000a07c   ti_sysbios_family_arm_m3_Hwi_Module__loggerFxn1__C
0000a080   ti_sysbios_family_arm_m3_Hwi_Module__loggerFxn8__C
0000a084   ti_sysbios_family_arm_m3_Hwi_Module__loggerObj__C
0000a088   ti_sysbios_family_arm_m3_Hwi_NUM_INTERRUPTS__C
0000a08c   ti_sysbios_family_arm_m3_Hwi_ccr__C
0000a090   ti_sysbios_family_arm_m3_Hwi_dispatchTable__C
0000a094   ti_sysbios_family_arm_m3_Hwi_excHandlerFunc__C
0000a098   ti_sysbios_family_arm_m3_Hwi_excHookFuncs__C
0000a09c   ti_sysbios_family_arm_m3_Hwi_priGroup__C
0000a0a0   ti_sysbios_family_arm_m3_Hwi_priorities__C
0000a0a4   ti_sysbios_gates_GateMutex_A_badContext__C
0000a0a8   ti_sysbios_gates_GateMutex_Instance_State_sem__O
0000a0ac   ti_sysbios_gates_GateMutex_Module__diagsEnabled__C
0000a0b0   ti_sysbios_gates_GateMutex_Module__diagsIncluded__C
0000a0b4   ti_sysbios_gates_GateMutex_Module__diagsMask__C
0000a0b8   ti_sysbios_hal_Hwi_E_stackOverflow__C
0000a0bc   ti_sysbios_heaps_HeapMem_A_align__C
0000a0c0   ti_sysbios_heaps_HeapMem_A_heapSize__C
0000a0c4   ti_sysbios_heaps_HeapMem_A_invalidFree__C
0000a0c8   ti_sysbios_heaps_HeapMem_A_zeroBlock__C
0000a0cc   ti_sysbios_heaps_HeapMem_E_memory__C
0000a0d0   ti_sysbios_heaps_HeapMem_Module__diagsEnabled__C
0000a0d4   ti_sysbios_heaps_HeapMem_Module__diagsIncluded__C
0000a0d8   ti_sysbios_heaps_HeapMem_Module__diagsMask__C
0000a0dc   ti_sysbios_heaps_HeapMem_Module__gateObj__C
0000a0e0   ti_sysbios_heaps_HeapMem_Object__count__C
0000a0e4   ti_sysbios_heaps_HeapMem_reqAlign__C
0000a0e8   ti_sysbios_io_DEV_Object__count__C
0000a0ec   ti_sysbios_io_DEV_tableSize__C
0000a0f0   ti_sysbios_knl_Clock_LM_begin__C
0000a0f4   ti_sysbios_knl_Clock_LM_tick__C
0000a0f8   ti_sysbios_knl_Clock_LW_delayed__C
0000a0fc   ti_sysbios_knl_Clock_Module_State_clockQ__O
0000a100   ti_sysbios_knl_Clock_Module__diagsEnabled__C
0000a104   ti_sysbios_knl_Clock_Module__diagsIncluded__C
0000a108   ti_sysbios_knl_Clock_Module__diagsMask__C
0000a10c   ti_sysbios_knl_Clock_Module__loggerFxn1__C
0000a110   ti_sysbios_knl_Clock_Module__loggerFxn2__C
0000a114   ti_sysbios_knl_Clock_Module__loggerObj__C
0000a118   ti_sysbios_knl_Semaphore_A_badContext__C
0000a11c   ti_sysbios_knl_Semaphore_A_noEvents__C
0000a120   ti_sysbios_knl_Semaphore_A_overflow__C
0000a124   ti_sysbios_knl_Semaphore_A_pendTaskDisabled__C
0000a128   ti_sysbios_knl_Semaphore_Instance_State_pendQ__O
0000a12c   ti_sysbios_knl_Semaphore_LM_pend__C
0000a130   ti_sysbios_knl_Semaphore_LM_post__C
0000a134   ti_sysbios_knl_Semaphore_Module__diagsEnabled__C
0000a138   ti_sysbios_knl_Semaphore_Module__diagsIncluded__C
0000a13c   ti_sysbios_knl_Semaphore_Module__diagsMask__C
0000a140   ti_sysbios_knl_Semaphore_Module__loggerFxn2__C
0000a144   ti_sysbios_knl_Semaphore_Module__loggerFxn4__C
0000a148   ti_sysbios_knl_Semaphore_Module__loggerObj__C
0000a14c   ti_sysbios_knl_Swi_LD_end__C
0000a150   ti_sysbios_knl_Swi_LM_begin__C
0000a154   ti_sysbios_knl_Swi_LM_post__C
0000a158   ti_sysbios_knl_Swi_Module__diagsEnabled__C
0000a15c   ti_sysbios_knl_Swi_Module__diagsIncluded__C
0000a160   ti_sysbios_knl_Swi_Module__diagsMask__C
0000a164   ti_sysbios_knl_Swi_Module__loggerFxn1__C
0000a168   ti_sysbios_knl_Swi_Module__loggerFxn4__C
0000a16c   ti_sysbios_knl_Swi_Module__loggerObj__C
0000a170   ti_sysbios_knl_Swi_Object__count__C
0000a174   ti_sysbios_knl_Task_E_spOutOfBounds__C
0000a178   ti_sysbios_knl_Task_E_stackOverflow__C
0000a17c   ti_sysbios_knl_Task_LD_block__C
0000a180   ti_sysbios_knl_Task_LD_exit__C
0000a184   ti_sysbios_knl_Task_LD_ready__C
0000a188   ti_sysbios_knl_Task_LM_switch__C
0000a18c   ti_sysbios_knl_Task_Module_State_inactiveQ__O
0000a190   ti_sysbios_knl_Task_Module__diagsEnabled__C
0000a194   ti_sysbios_knl_Task_Module__diagsIncluded__C
0000a198   ti_sysbios_knl_Task_Module__diagsMask__C
0000a19c   ti_sysbios_knl_Task_Module__loggerFxn2__C
0000a1a0   ti_sysbios_knl_Task_Module__loggerFxn4__C
0000a1a4   ti_sysbios_knl_Task_Module__loggerObj__C
0000a1a8   ti_sysbios_knl_Task_Object__count__C
0000a1ac   ti_sysbios_knl_Task_Object__heap__C
0000a1b0   ti_sysbios_knl_Task_allBlockedFunc__C
0000a1b4   ti_sysbios_knl_Task_numConstructedTasks__C
0000a1b8   ti_sysbios_utils_Load_LS_cpuLoad__C
0000a1bc   ti_sysbios_utils_Load_LS_hwiLoad__C
0000a1c0   ti_sysbios_utils_Load_LS_taskLoad__C
0000a1c4   ti_sysbios_utils_Load_Module_State_taskList__O
0000a1c8   ti_sysbios_utils_Load_Module__diagsEnabled__C
0000a1cc   ti_sysbios_utils_Load_Module__diagsIncluded__C
0000a1d0   ti_sysbios_utils_Load_Module__diagsMask__C
0000a1d4   ti_sysbios_utils_Load_Module__loggerFxn1__C
0000a1d8   ti_sysbios_utils_Load_Module__loggerFxn2__C
0000a1dc   ti_sysbios_utils_Load_Module__loggerFxn4__C
0000a1e0   ti_sysbios_utils_Load_Module__loggerObj__C
0000a1e4   ti_sysbios_utils_Load_postUpdate__C
0000a1e8   ti_sysbios_utils_Load_windowInMs__C
0000a1ec   ti_uia_runtime_ILoggerSnapshot_Interface__BASE__C
0000a1f0   ti_uia_runtime_IUIATransfer_Interface__BASE__C
0000a1f4   ti_uia_runtime_LoggerStopMode_E_badLevel__C
0000a1f8   ti_uia_runtime_LoggerStopMode_Object__count__C
0000a1fc   ti_uia_runtime_LoggerStopMode_overflowLogger__C
0000a200   ti_uia_runtime_LoggerStopMode_statusLogger__C
0000a204   xdc_runtime_Assert_E_assertFailed__C
0000a208   xdc_runtime_Core_A_initializedParams__C
0000a20c   xdc_runtime_Core_Module__diagsEnabled__C
0000a210   xdc_runtime_Core_Module__diagsIncluded__C
0000a214   xdc_runtime_Core_Module__diagsMask__C
0000a218   xdc_runtime_Error_E_generic__C
0000a21c   xdc_runtime_Error_E_memory__C
0000a220   xdc_runtime_Error_Module__diagsEnabled__C
0000a224   xdc_runtime_Error_Module__diagsIncluded__C
0000a228   xdc_runtime_Error_Module__diagsMask__C
0000a22c   xdc_runtime_Error_Module__loggerFxn8__C
0000a230   xdc_runtime_Error_Module__loggerObj__C
0000a234   xdc_runtime_Error_raiseHook__C
0000a238   xdc_runtime_IFilterLogger_Interface__BASE__C
0000a23c   xdc_runtime_IGateProvider_Interface__BASE__C
0000a240   xdc_runtime_IHeap_Interface__BASE__C
0000a244   xdc_runtime_ILogger_Interface__BASE__C
0000a248   xdc_runtime_IModule_Interface__BASE__C
0000a24c   xdc_runtime_Log_L_error__C
0000a250   xdc_runtime_Main_Module__diagsEnabled__C
0000a254   xdc_runtime_Main_Module__diagsIncluded__C
0000a258   xdc_runtime_Main_Module__diagsMask__C
0000a25c   xdc_runtime_Main_Module__loggerFxn4__C
0000a260   xdc_runtime_Main_Module__loggerObj__C
0000a264   xdc_runtime_Memory_defaultHeapInstance__C
0000a268   xdc_runtime_Startup_execImpl__C
0000a26c   xdc_runtime_Startup_maxPasses__C
0000a270   xdc_runtime_Startup_sfxnRts__C
0000a274   xdc_runtime_Startup_sfxnTab__C
0000a278   xdc_runtime_SysMin_bufSize__C
0000a27c   xdc_runtime_SysMin_outputFunc__C
0000a280   xdc_runtime_System_Module__gateObj__C
0000a284   xdc_runtime_System_extendFxn__C
0000a288   xdc_runtime_System_maxAtexitHandlers__C
0000a28c   xdc_runtime_Text_charTab__C
0000a290   xdc_runtime_Text_nameEmpty__C
0000a294   xdc_runtime_Text_nameStatic__C
0000a298   xdc_runtime_Text_nameUnknown__C
0000a29c   xdc_runtime_Text_nodeTab__C
0000a2a0   xdc_runtime_Text_visitRopeFxn__C
0000a2a4   ti_sysbios_family_arm_m3_Hwi_Module__id__C
0000a2a6   ti_sysbios_family_arm_m3_Hwi_Module__loggerDefined__C
0000a2a8   ti_sysbios_gates_GateMutex_Module__id__C
0000a2aa   ti_sysbios_hal_Hwi_Module__id__C
0000a2ac   ti_sysbios_heaps_HeapMem_Module__id__C
0000a2ae   ti_sysbios_io_DEV_Module__id__C
0000a2b0   ti_sysbios_knl_Clock_Module__id__C
0000a2b2   ti_sysbios_knl_Clock_Module__loggerDefined__C
0000a2b4   ti_sysbios_knl_Semaphore_Module__id__C
0000a2b6   ti_sysbios_knl_Semaphore_Module__loggerDefined__C
0000a2b8   ti_sysbios_knl_Swi_Module__id__C
0000a2ba   ti_sysbios_knl_Swi_Module__loggerDefined__C
0000a2bc   ti_sysbios_knl_Task_Module__id__C
0000a2be   ti_sysbios_knl_Task_Module__loggerDefined__C
0000a2c0   ti_sysbios_knl_Task_initStackFlag__C
0000a2c2   ti_sysbios_utils_Load_Module__id__C
0000a2c4   ti_sysbios_utils_Load_Module__loggerDefined__C
0000a2c6   ti_sysbios_utils_Load_autoAddTasks__C
0000a2c8   ti_sysbios_utils_Load_hwiEnabled__C
0000a2ca   ti_sysbios_utils_Load_updateInIdle__C
0000a2cc   ti_uia_runtime_LoggerStopMode_Module__id__C
0000a2ce   ti_uia_runtime_LoggerStopMode_filterByLevel__C
0000a2d0   ti_uia_runtime_LoggerStopMode_isTimestampEnabled__C
0000a2d2   xdc_runtime_Core_Module__id__C
0000a2d4   xdc_runtime_Error_Module__loggerDefined__C
0000a2d6   xdc_runtime_Error_maxDepth__C
0000a2d8   xdc_runtime_Main_Module__id__C
0000a2da   xdc_runtime_Main_Module__loggerDefined__C
0000a2dc   xdc_runtime_Memory_Module__id__C
0000a2de   xdc_runtime_SysMin_flushAtExit__C
0000a2e0   xdc_runtime_Text_charCnt__C
0000a2e2   xdc_runtime_Text_isLoaded__C
0000a2e4   xdc_runtime_Text_registryModsLastId__C
0000a2e6   xdc_runtime_Text_unnamedModsLastId__C
0000a850   __TI_Handler_Table_Base
0000a85c   __TI_Handler_Table_Limit
0000a870   __TI_CINIT_Base
0000a888   __TI_CINIT_Limit
20000000   ti_sysbios_family_arm_m3_Hwi_ramVectors
20000360   ti_sysbios_knl_Task_Instance_State_0_stack__A
20000b60   ti_sysbios_knl_Task_Instance_State_1_stack__A
20001360   ti_sysbios_heaps_HeapMem_Instance_State_0_buf__A
20002360   ti_uia_runtime_LoggerStopMode_Instance_State_1_bufferArray__A
200027e0   ti_uia_runtime_LoggerStopMode_Instance_State_2_bufferArray__A
20002c60   uartTivaObjects
200030a0   xdc_runtime_SysMin_Module_State_0_outbuf__A
200034a0   ti_uia_runtime_LoggerStopMode_Instance_State_0_bufferArray__A
20003720   __CIOBUF_
20003848   ti_sysbios_knl_Task_Instance_State_0_hookEnv__A
20003850   ti_sysbios_knl_Task_Instance_State_1_hookEnv__A
20003858   __stack
20003958   __STACK_TOP
20004858   __STACK_END
20004858   ti_sysbios_family_arm_m3_Hwi_Module_State_0_dispatchTable__A
20004bb8   ti_sysbios_BIOS_Module__state__V
20004bd8   ti_sysbios_family_arm_lm4_Timer_Module__root__V
20004be0   ti_sysbios_family_arm_lm4_Timer_Module_State_0_handles__A
20004bf8   ti_sysbios_family_arm_lm4_Timer_Module__state__V
20004c04   ti_sysbios_family_arm_lm4_TimestampProvider_Module__state__V
20004c0c   ti_sysbios_family_arm_m3_Hwi_Module__root__V
20004c14   ti_sysbios_family_arm_m3_Hwi_Module_State_0_excActive__A
20004c18   ti_sysbios_family_arm_m3_Hwi_Module_State_0_excContext__A
20004c1c   ti_sysbios_family_arm_m3_Hwi_Module_State_0_excStack__A
20004c20   ti_sysbios_gates_GateHwi_Module__root__V
20004c28   ti_sysbios_gates_GateHwi_Object__table__V
20004c2c   ti_sysbios_gates_GateMutex_Module__root__V
20004c34   ti_sysbios_hal_Hwi_Module__root__V
20004c3c   ti_sysbios_hal_Timer_Module__root__V
20004c44   ti_sysbios_hal_Timer_Object__table__V
20004c4c   ti_sysbios_heaps_HeapMem_Module__root__V
20004c54   ti_sysbios_heaps_HeapMem_Object__table__V
20004c6c   ti_sysbios_io_DEV_Module__root__V
20004c74   ti_sysbios_io_DEV_Module_State_0_table__A
20004c94   ti_sysbios_io_DEV_Module__state__V
20004c98   ti_sysbios_io_GIO_Module__root__V
20004ca0   ti_sysbios_knl_Clock_Module__root__V
20004ca8   ti_sysbios_knl_Event_Module__root__V
20004cb4   ti_sysbios_knl_Queue_Module__root__V
20004cbc   ti_sysbios_knl_Semaphore_Module__root__V
20004cc8   ti_sysbios_knl_Swi_Module__root__V
20004cd0   ti_sysbios_knl_Swi_Module__state__V
20004cec   ti_sysbios_knl_Task_Module__root__V
20004cf8   ti_sysbios_knl_Task_Module_State_0_idleTask__A
20004cfc   ti_sysbios_utils_Load_Module__root__V
20004d00   ti_sysbios_utils_Load_Module_State_0_taskStartTime__A
20004d04   ti_sysbios_utils_Load_Module_State_0_runningTask__A
20004d08   ti_sysbios_xdcruntime_SemThreadSupport_Module__root__V
20004d10   ti_uia_runtime_LogSync_Module__root__V
20004d18   ti_uia_runtime_LogSync_Module__state__V
20004d24   ti_uia_runtime_LoggerStopMode_Module__root__V
20004d2c   ti_uia_runtime_LoggerStopMode_Module__state__V
20004d34   ti_uia_runtime_QueueDescriptor_Module__state__V
20004d40   xdc_runtime_Error_Module__state__V
20004d42   xdc_runtime_Main_Module__root__V
20004d44   xdc_runtime_Memory_Module__state__V
20004d48   xdc_runtime_Registry_Module__state__V
20004d50   xdc_runtime_Startup_Module__state__V
20004d58   xdc_runtime_SysMin_Module__state__V
20004d64   xdc_runtime_System_Module_State_0_atexitHandlers__A
20004d84   xdc_runtime_System_Module__state__V
20004d90   xdc_runtime_Text_Module__state__V
20004d98   xdc_runtime_knl_SemThread_Module__root__V
20004da0   xdc_runtime_knl_SyncNull_Module__root__V
20004da8   xdc_runtime_knl_SyncSemThread_Module__root__V
20004db0   __xdc__init__addr
20004db4   ti_uia_runtime_LoggerStopMode_Object__table__V
20004ebc   ti_sysbios_knl_Task_Object__table__V
20004f0c   TSK_idle
20004f5c   ti_sysbios_utils_Load_Module__state__V
20004ff4   ti_sysbios_knl_Swi_Module_State_0_readyQ__A
20005074   ti_sysbios_knl_Task_Module_State_0_readyQ__A
200050f4   ti_sysbios_family_arm_lm4_Timer_Object__table__V
20005164   ti_sysbios_family_arm_m3_Hwi_Module__state__V
200051c0   ti_sysbios_knl_Task_Module__state__V
20005204   ti_sysbios_gates_GateMutex_Object__table__V
2000523c   ti_sysbios_utils_Load_Module_State_0_taskEnv__A
20005274   ti_sysbios_family_arm_lm4_Timer_Module_State_0_device__A
200052a4   ti_sysbios_family_arm_m3_Hwi_Object__table__V
200052d4   ti_sysbios_knl_Swi_Object__table__V
20005304   ti_sysbios_knl_Clock_Module__state__V
20005334   _lock
20005338   _unlock
2000533c   __TI_cleanup_ptr
20005340   __TI_dtors_ptr
20005344   ti_uia_runtime_QueueDescriptor_gPtrToFirstDescriptor
20005348   ti_uia_runtime_QueueDescriptor_gUpdateCount
20005350   main_func_sp
e000e000   ti_sysbios_family_arm_m3_Hwi_nvic
ffffffff   __binit__
ffffffff   __c_args__
ffffffff   binit
UNDEFED    SHT$$INIT_ARRAY$$Base
UNDEFED    SHT$$INIT_ARRAY$$Limit

[802 symbols]
