******************************************************************************
                  TI ARM Linker PC v5.1.1                      
******************************************************************************
>> Linked Tue Apr 08 18:48:35 2014

OUTPUT FILE NAME:   <rover.out>
ENTRY POINT SYMBOL: "_c_int00"  address: 00006761


MEMORY CONFIGURATION

         name            origin    length      used     unused   attr    fill
----------------------  --------  ---------  --------  --------  ----  --------
  FLASH                 00000000   00040000  0000b830  000347d0  R  X
  SRAM                  20000000   00008000  00005358  00002ca8  RW X


SEGMENT ALLOCATION MAP

run origin  load origin   length   init length attrs members
----------  ----------- ---------- ----------- ----- -------
00000000    00000000    0000b838   0000b838    r-x
  00000000    00000000    00000360   00000360    r-- .resetVecs
  00000360    00000360    00007fee   00007fee    r-x .text
  00008350    00008350    00002f42   00002f42    r-- .const
  0000b298    0000b298    000005a0   000005a0    r-- .cinit
20000000    20000000    00005358   00000000    rw-
  20000000    20000000    00000360   00000000    rw- .vecs
  20000360    20000360    000034f8   00000000    rw- .bss
  20003858    20003858    00001000   00000000    rw- .stack
  20004858    20004858    00000b00   00000000    rw- .data


SECTION ALLOCATION MAP

 output                                  attributes/
section   page    origin      length       input sections
--------  ----  ----------  ----------   ----------------
.bootVecs 
*          0    00000000    00000008     DSECT
                  00000000    00000008     boot.aem4f : boot.oem4f (.bootVecs)

.resetVecs 
*          0    00000000    00000360     
                  00000000    00000360     main_pem4f.oem4f (.resetVecs)

xdc.meta   0    00000000    000000f5     COPY SECTION
                  00000000    000000f5     main_pem4f.oem4f (xdc.meta)

.text      0    00000360    00007fee     
                  00000360    00000424     sysbios.aem4f : BIOS.obj (.text:ti_sysbios_family_arm_m3_Hwi_excDumpRegs__I)
                  00000784    00000344     ti.targets.arm.rtsarm.aem4f : System.oem4f (.text:xdc_runtime_System_doPrint__I)
                  00000ac8    000002e0     sysbios.aem4f : BIOS.obj (.text:ti_sysbios_knl_Semaphore_pend__E)
                  00000da8    000002d4     rtsv7M4_T_le_v4SPD16_eabi.lib : trgdrv.obj (.text)
                  0000107c    000002c8     uart_tivaware.aem4f : UARTTiva.oem4f (.text:UARTTiva_open)
                  00001344    00000248     sysbios.aem4f : BIOS.obj (.text:ti_sysbios_heaps_HeapMem_free__E)
                  0000158c    00000234                   : BIOS.obj (.text:ti_sysbios_heaps_HeapMem_alloc__E)
                  000017c0    00000230                   : BIOS.obj (.text:ti_sysbios_family_arm_lm4_Timer_start__E)
                  000019f0    00000210                   : BIOS.obj (.text:ti_sysbios_family_arm_m3_Hwi_excHandlerMax__I)
                  00001c00    00000204     uart_tivaware.aem4f : UARTTiva.oem4f (.text:UARTTiva_write)
                  00001e04    000001f8                         : UARTTiva.oem4f (.text:UARTTiva_read)
                  00001ffc    000001cc                         : UARTTiva.oem4f (.text:UARTTiva_hwiIntFxn)
                  000021c8    000001ae     main.obj (.text:tcp_connection)
                  00002376    00000002     sysbios.aem4f : BIOS.obj (.text:ti_sysbios_BIOS_nullFunc__I)
                  00002378    000001a0     ti.uia.runtime.aem4f : LoggerStopMode.oem4f (.text:ti_uia_runtime_LoggerStopMode_write8__E)
                  00002518    0000016c     uart_tivaware.aem4f : UARTTiva.oem4f (.text:writeData)
                  00002684    00000168                         : UARTTiva.oem4f (.text:UARTTiva_readPolling)
                  000027ec    00000168     sysbios.aem4f : BIOS.obj (.text:ti_sysbios_family_arm_m3_Hwi_excBusFault__I)
                  00002954    00000160     uart_tivaware.aem4f : UARTTiva.oem4f (.text:readData)
                  00002ab4    0000015c                         : UARTTiva.oem4f (.text:UARTTiva_writePolling)
                  00002c10    0000015c     ti.uia.runtime.aem4f : LoggerStopMode.oem4f (.text:ti_uia_runtime_LoggerStopMode_writeMemoryRange__E)
                  00002d6c    00000154     sysbios.aem4f : BIOS.obj (.text:ti_sysbios_family_arm_m3_Hwi_excUsageFault__I)
                  00002ec0    00000144                   : BIOS.obj (.text:ti_sysbios_knl_Semaphore_post__E)
                  00003004    00000140                   : BIOS.obj (.text:ti_sysbios_family_arm_m3_Hwi_dispatchC__I)
                  00003144    00000140                   : BIOS.obj (.text:ti_sysbios_family_arm_m3_Hwi_excMemFault__I)
                  00003284    0000013c     ti.uia.runtime.aem4f : LoggerStopMode.oem4f (.text:ti_uia_runtime_LoggerStopMode_write4__E)
                  000033c0    0000013c     ti.targets.arm.rtsarm.aem4f : Error.oem4f (.text:xdc_runtime_Error_raiseX__F)
                  000034fc    00000138     sysbios.aem4f : BIOS.obj (.text:ti_sysbios_heaps_HeapMem_Instance_init__F)
                  00003634    00000138                   : BIOS.obj (.text:ti_sysbios_utils_Load_logLoads__I)
                  0000376c    00000134                   : m3_Hwi_asm.obj (.text:ti_sysbios_family_arm_m3_Hwi_dispatch__I)
                  000038a0    00000130     driverlib.lib : gpio.obj (.text:GPIOPadConfigSet)
                  000039d0    00000130     sysbios.aem4f : BIOS.obj (.text:ti_sysbios_utils_Load_updateThreadContexts__E)
                  00003b00    0000012c                   : BIOS.obj (.text:ti_sysbios_family_arm_lm4_TimestampProvider_get64__E)
                  00003c2c    0000012c                   : BIOS.obj (.text:ti_sysbios_knl_Clock_workFunc__E)
                  00003d58    0000012c                   : BIOS.obj (.text:ti_sysbios_knl_Task_exit__E)
                  00003e84    00000124     EK_LM4F120XL.obj (.text:EK_LM4F120XL_initUART)
                  00003fa8    00000120     sysbios.aem4f : BIOS.obj (.text:ti_sysbios_knl_Swi_run__I)
                  000040c8    0000010c     Boot.aem4f : Boot_sysctl.oem4f (.text:ti_catalog_arm_cortexm4_tiva_ce_Boot_sysCtlClockSetI__I)
                  000041d4    00000104     ti.targets.arm.rtsarm.aem4f : Core-mem.oem4f (.text:xdc_runtime_Core_createObject__I)
                  000042d8    00000104     main_pem4f.oem4f (.text:xdc_runtime_System_printfExtend__I)
                  000043dc    000000fc     sysbios.aem4f : BIOS.obj (.text:ti_sysbios_knl_Task_schedule__I)
                  000044d8    000000f8                   : BIOS.obj (.text:ti_sysbios_knl_Task_startCore__E)
                  000045d0    000000f8     ti.targets.arm.rtsarm.aem4f : Startup.oem4f (.text:xdc_runtime_Startup_startMods__I)
                  000046c8    000000f4     rtsv7M4_T_le_v4SPD16_eabi.lib : dtor_list.obj (.text)
                  000047bc    000000f4     sysbios.aem4f : BIOS.obj (.text:ti_sysbios_knl_Task_postInit__I)
                  000048b0    000000e8     gpio_tivaware.aem4f : GPIO.oem4f (.text:GPIO_write)
                  00004998    000000e8     sysbios.aem4f : BIOS.obj (.text:ti_sysbios_family_arm_m3_Hwi_initNVIC__E)
                  00004a80    000000e8                   : BIOS.obj (.text:ti_sysbios_io_DEV_postInit__I)
                  00004b68    000000c0     uart_tivaware.aem4f : UARTTiva.oem4f (.text:UARTTiva_writeCancel)
                  00004c28    000000bc                         : UARTTiva.oem4f (.text:UARTTiva_readCancel)
                  00004ce4    000000bc     sysbios.aem4f : BIOS.obj (.text:ti_sysbios_knl_Task_unblockI__E)
                  00004da0    000000b8                   : BIOS.obj (.text:ti_sysbios_family_arm_lm4_TimestampProvider_get32__E)
                  00004e58    000000b4                   : BIOS.obj (.text:ti_sysbios_family_arm_m3_Hwi_excHardFault__I)
                  00004f0c    000000b4                   : BIOS.obj (.text:ti_sysbios_gates_GateMutex_enter__E)
                  00004fc0    000000b4                   : BIOS.obj (.text:ti_sysbios_knl_Task_checkStacks__E)
                  00005074    000000b0                   : BIOS.obj (.text:ti_sysbios_family_arm_m3_Hwi_excDebugMon__I)
                  00005124    000000b0                   : BIOS.obj (.text:ti_sysbios_utils_Load_idleFxn__E)
                  000051d4    000000b0                   : BIOS.obj (.text:ti_sysbios_utils_Load_updateLoads__E)
                  00005284    000000ac                   : BIOS.obj (.text:ti_sysbios_family_arm_lm4_Timer_enableTiva__I)
                  00005330    000000a8                   : BIOS.obj (.text:ti_sysbios_knl_Semaphore_Instance_init__F)
                  000053d8    000000a8                   : BIOS.obj (.text:ti_sysbios_knl_Swi_post__E)
                  00005480    000000a8                   : BIOS.obj (.text:ti_sysbios_knl_Task_blockI__E)
                  00005528    000000a4                   : BIOS.obj (.text:ti_sysbios_family_arm_lm4_Timer_enableTimers__I)
                  000055cc    000000a4                   : BIOS.obj (.text:ti_sysbios_family_arm_m3_Hwi_Module_startup__F)
                  00005670    000000a0     uart_tivaware.aem4f : UARTTiva.oem4f (.text:UARTTiva_close)
                  00005710    000000a0     auto_init.aem4f : auto_init.oem4f (.text)
                  000057b0    0000009c     rtsv7M4_T_le_v4SPD16_eabi.lib : memcpy_t2.obj (.text)
                  0000584c    0000009a     ti.targets.arm.rtsarm.aem4f : Text.oem4f (.text:xdc_runtime_Text_putSite__F)
                  000058e6    00000002     sysbios.aem4f : BIOS.obj (.text:ti_sysbios_gates_GateHwi_Instance_init__F)
                  000058e8    00000094     Boot.aem4f : Boot.oem4f (.text:ti_catalog_arm_cortexm4_tiva_ce_Boot_sysCtlClockSet__E)
                  0000597c    00000094     ti.targets.arm.rtsarm.aem4f : Text.oem4f (.text:xdc_runtime_Text_putMod__F)
                  00005a10    00000090     sysbios.aem4f : BIOS.obj (.text:ti_sysbios_family_arm_m3_Hwi_Instance_init__F)
                  00005aa0    0000008c                   : m3_TaskSupport_asm.obj (.text:ti_sysbios_family_arm_m3_TaskSupport_buildTaskStack)
                  00005b2c    00000088     EK_LM4F120XL.obj (.text:EK_LM4F120XL_initGPIO)
                  00005bb4    00000088     sysbios.aem4f : BIOS.obj (.text:ti_sysbios_utils_Load_addTask__E)
                  00005c3c    00000085     main.obj (.text:mux_1)
                  00005cc1    00000001     --HOLE-- [fill = 0]
                  00005cc2    00000002     main_pem4f.oem4f (.text:xdc_runtime_Startup_reset__I)
                  00005cc4    00000084     ti.uia.runtime.aem4f : LoggerStopMode.oem4f (.text:ti_uia_runtime_LoggerStopMode_setFilterLevel__E)
                  00005d48    00000080     sysbios.aem4f : BIOS.obj (.text:ti_sysbios_knl_Task_Module_startup__F)
                  00005dc8    0000007e     ti.uia.runtime.aem4f : LoggerStopMode.oem4f (.text:ti_uia_runtime_LoggerStopMode_getContents__E)
                  00005e46    00000078     rtsv7M4_T_le_v4SPD16_eabi.lib : memset_t2.obj (.text)
                  00005ebe    00000002     --HOLE-- [fill = 0]
                  00005ec0    00000078     sysbios.aem4f : BIOS.obj (.text:ti_sysbios_utils_Load_updateCurrentThreadTime__E)
                  00005f38    00000074                   : BIOS.obj (.text:ti_sysbios_family_arm_lm4_Timer_isrStub__E)
                  00005fac    00000070     main_pem4f.oem4f (.text:ti_sysbios_family_arm_m3_Hwi_Object__create__S)
                  0000601c    00000070     sysbios.aem4f : BIOS.obj (.text:ti_sysbios_family_arm_m3_Hwi_reconfig__E)
                  0000608c    00000070                   : BIOS.obj (.text:ti_sysbios_utils_Load_taskDeleteHook__E)
                  000060fc    00000070     ti.uia.runtime.aem4f : LoggerStopMode.oem4f (.text:ti_uia_runtime_LoggerStopMode_getFilterLevel__E)
                  0000616c    00000070                          : LoggerStopMode.oem4f (.text:ti_uia_runtime_LoggerStopMode_writeBlockOfMemory__I)
                  000061dc    00000070                          : QueueDescriptor.oem4f (.text:ti_uia_runtime_QueueDescriptor_addToList__E)
                  0000624c    00000070     ti.targets.arm.rtsarm.aem4f : Memory.oem4f (.text:xdc_runtime_Memory_alloc__F)
                  000062bc    0000006c     sysbios.aem4f : BIOS.obj (.text:ti_sysbios_utils_Load_taskCreateHook__E)
                  00006328    0000006c     ti.targets.arm.rtsarm.aem4f : Error.oem4f (.text:xdc_runtime_Error_print__F)
                  00006394    00000068     sysbios.aem4f : BIOS.obj (.text:ti_sysbios_BIOS_rtsUnlock__I)
                  000063fc    00000066     ti.targets.arm.rtsarm.aem4f : Core-mem.oem4f (.text:xdc_runtime_Core_deleteObject__I)
                  00006462    00000002     --HOLE-- [fill = 0]
                  00006464    00000064     sysbios.aem4f : BIOS.obj (.text:ti_sysbios_knl_Clock_logTick__E)
                  000064c8    00000064                   : BIOS.obj (.text:ti_sysbios_utils_Load_logCPULoad__I)
                  0000652c    00000060     rtsv7M4_T_le_v4SPD16_eabi.lib : trgmsg.obj (.text)
                  0000658c    00000060     main_pem4f.oem4f (.text:ti_uia_runtime_LoggerStopMode_Object__create__S)
                  000065ec    0000005e     rtsv7M4_T_le_v4SPD16_eabi.lib : copy_decompress_rle.obj (.text)
                  0000664a    00000002     --HOLE-- [fill = 0]
                  0000664c    0000005c     sysbios.aem4f : BIOS.obj (.text:ti_sysbios_family_arm_lm4_Timer_Module_startup__F)
                  000066a8    0000005b     ti.targets.arm.rtsarm.aem4f : Text.oem4f (.text:xdc_runtime_Text_putLab__F)
                  00006703    00000001     --HOLE-- [fill = 0]
                  00006704    0000005a     ti.uia.runtime.aem4f : LoggerStopMode.oem4f (.text:ti_uia_runtime_LoggerStopMode_readBlockOfMemory__I)
                  0000675e    00000002     --HOLE-- [fill = 0]
                  00006760    00000058     boot.aem4f : boot.oem4f (.text)
                  000067b8    00000058     sysbios.aem4f : BIOS.obj (.text:ti_sysbios_knl_Swi_restoreHwi__E)
                  00006810    00000058                   : BIOS.obj (.text:ti_sysbios_knl_Swi_schedule__I)
                  00006868    00000054     ti.uia.runtime.aem4f : QueueDescriptor.oem4f (.text:ti_uia_runtime_QueueDescriptor_removeFromList__E)
                  000068bc    00000053     main.obj (.text:init_uart)
                  0000690f    00000001     --HOLE-- [fill = 0]
                  00006910    00000050     sysbios.aem4f : BIOS.obj (.text:ti_sysbios_utils_Load_taskSwitchHook__E)
                  00006960    00000050     ti.targets.arm.rtsarm.aem4f : Startup.oem4f (.text:xdc_runtime_Startup_exec__F)
                  000069b0    00000050                                 : System.oem4f (.text:xdc_runtime_System_formatNum__I)
                  00006a00    00000050                                 : Text.oem4f (.text:xdc_runtime_Text_visitRope2__I)
                  00006a50    0000004c     rtsv7M4_T_le_v4SPD16_eabi.lib : atoi.obj (.text)
                  00006a9c    0000004c     sysbios.aem4f : BIOS.obj (.text:ti_sysbios_knl_Swi_runLoop__I)
                  00006ae8    00000048     driverlib.lib : gpio.obj (.text:GPIOPinConfigure)
                  00006b30    00000048     uart_tivaware.aem4f : UART.oem4f (.text:UART_open)
                  00006b78    00000048     sysbios.aem4f : BIOS.obj (.text:ti_sysbios_BIOS_errorRaiseHook__I)
                  00006bc0    00000048                   : BIOS.obj (.text:ti_sysbios_family_arm_m3_Hwi_excReserved__I)
                  00006c08    00000048                   : BIOS.obj (.text:ti_sysbios_heaps_HeapMem_getStats__E)
                  00006c50    00000048     ti.targets.arm.rtsarm.aem4f : Assert.oem4f (.text:xdc_runtime_Assert_raise__I)
                  00006c98    00000048                                 : Core-params.oem4f (.text:xdc_runtime_Core_assignParams__I)
                  00006ce0    00000046     ti.uia.runtime.aem4f : LoggerStopMode.oem4f (.text:ti_uia_runtime_LoggerStopMode_Instance_init__F)
                  00006d26    00000002     --HOLE-- [fill = 0]
                  00006d28    00000044     rtsv7M4_T_le_v4SPD16_eabi.lib : cpy_tbl.obj (.text)
                  00006d6c    00000044                                   : exit.obj (.text)
                  00006db0    00000044     sysbios.aem4f : BIOS.obj (.text:ti_sysbios_family_arm_lm4_Timer_stop__E)
                  00006df4    00000044                   : BIOS.obj (.text:ti_sysbios_family_arm_m3_Hwi_disableInterrupt__E)
                  00006e38    00000044                   : BIOS.obj (.text:ti_sysbios_family_arm_m3_Hwi_enableInterrupt__E)
                  00006e7c    00000044                   : BIOS.obj (.text:ti_sysbios_knl_Task_allBlockedFunction__I)
                  00006ec0    00000044     ti.uia.runtime.aem4f : LoggerStopMode.oem4f (.text:ti_uia_runtime_LoggerStopMode_filterOutEvent__I)
                  00006f04    00000044                          : LoggerStopMode.oem4f (.text:ti_uia_runtime_LoggerStopMode_reset__F)
                  00006f48    00000044     ti.targets.arm.rtsarm.aem4f : SysMin.oem4f (.text:xdc_runtime_SysMin_flush__F)
                  00006f8c    00000042     driverlib.lib : uart.obj (.text:UARTConfigSetExpClk)
                  00006fce    00000042     sysbios.aem4f : BIOS.obj (.text:ti_sysbios_knl_Semaphore_pendTimeout__I)
                  00007010    00000040     EK_LM4F120XL.obj (.text:EK_LM4F120XL_initGeneral)
                  00007050    00000040     sysbios.aem4f : BIOS.obj (.text:ti_sysbios_family_arm_lm4_Timer_startup__E)
                  00007090    00000040     main_pem4f.oem4f (.text:ti_sysbios_knl_Semaphore_Object__create__S)
                  000070d0    00000040     ti.targets.arm.rtsarm.aem4f : System.oem4f (.text:xdc_runtime_System_atexit__F)
                  00007110    0000003c     sysbios.aem4f : BIOS.obj (.text:ti_sysbios_family_arm_m3_Hwi_excSvCall__I)
                  0000714c    0000003c                   : BIOS.obj (.text:ti_sysbios_heaps_HeapMem_init__I)
                  00007188    0000003c                   : BIOS.obj (.text:ti_sysbios_knl_Swi_startup__E)
                  000071c4    0000003c     ti.targets.arm.rtsarm.aem4f : Text.oem4f (.text:xdc_runtime_Text_xprintf__I)
                  00007200    00000038     uart_tivaware.aem4f : UART.oem4f (.text:UART_init)
                  00007238    00000038     sysbios.aem4f : BIOS.obj (.text:ti_sysbios_family_arm_m3_Hwi_excNoIsr__I)
                  00007270    00000038                   : BIOS.obj (.text:ti_sysbios_family_arm_m3_Hwi_getStackInfo__E)
                  000072a8    00000038                   : BIOS.obj (.text:ti_sysbios_family_arm_m3_TaskSupport_start__E)
                  000072e0    00000038     main_pem4f.oem4f (.text:ti_sysbios_gates_GateHwi_Object__create__S)
                  00007318    00000038     main_pem4f.oem4f (.text:ti_sysbios_gates_GateMutex_Object__create__S)
                  00007350    00000038     main_pem4f.oem4f (.text:ti_sysbios_heaps_HeapMem_Object__create__S)
                  00007388    00000038     main_pem4f.oem4f (.text:ti_sysbios_knl_Queue_Object__create__S)
                  000073c0    00000038     ti.targets.arm.rtsarm.aem4f : SysMin.oem4f (.text:xdc_runtime_SysMin_putch__F)
                  000073f8    00000034     driverlib.lib : sysctl.obj (.text:SysCtlPeripheralEnable)
                  0000742c    00000034     uart_tivaware.aem4f : UART.oem4f (.text:UART_Params_init)
                  00007460    00000034                         : UART.oem4f (.text:UART_read)
                  00007494    00000034                         : UART.oem4f (.text:UART_write)
                  000074c8    00000034     main.obj (.text:init_mux_pins)
                  000074fc    00000034     sysbios.aem4f : BIOS.obj (.text:ti_sysbios_family_arm_m3_Hwi_excNmi__I)
                  00007530    00000034                   : BIOS.obj (.text:ti_sysbios_hal_Hwi_checkStack:ti_sysbios_hal_Hwi_checkStack)
                  00007564    00000030     main_pem4f.oem4f (.text:ti_sysbios_BIOS_exitFunc__I)
                  00007594    00000030     sysbios.aem4f : BIOS.obj (.text:ti_sysbios_knl_Idle_run__E)
                  000075c4    00000030     ti.targets.arm.rtsarm.aem4f : Core-label.oem4f (.text:xdc_runtime_Core_assignLabel__I)
                  000075f4    00000030                                 : SysMin.oem4f (.text:xdc_runtime_SysMin_abort__F)
                  00007624    0000002f                                 : Text.oem4f (.text:xdc_runtime_Text_printVisFxn__I)
                  00007653    00000001     --HOLE-- [fill = 0]
                  00007654    0000002e     main_pem4f.oem4f (.text:malloc)
                  00007682    0000002c     sysbios.aem4f : BIOS.obj (.text:ti_sysbios_hal_Hwi_initStack:ti_sysbios_hal_Hwi_initStack)
                  000076ae    00000002     --HOLE-- [fill = 0]
                  000076b0    0000002c                   : BIOS.obj (.text:ti_sysbios_io_DEV_Module_startup__F)
                  000076dc    0000002c     main_pem4f.oem4f (.text:ti_sysbios_knl_Clock_doTick__I)
                  00007708    0000002c     sysbios.aem4f : BIOS.obj (.text:ti_sysbios_knl_Task_restore__E)
                  00007734    0000002c     ti.uia.runtime.aem4f : LoggerStopMode.oem4f (.text:ti_uia_runtime_LoggerStopMode_Module_startup__F)
                  00007760    0000002c                          : LoggerStopMode.oem4f (.text:ti_uia_runtime_LoggerStopMode_disable__E)
                  0000778c    0000002c                          : LoggerStopMode.oem4f (.text:ti_uia_runtime_LoggerStopMode_enable__E)
                  000077b8    0000002c     ti.targets.arm.rtsarm.aem4f : System.oem4f (.text:xdc_runtime_System_rtsExit__I)
                  000077e4    0000002c                                 : Text.oem4f (.text:xdc_runtime_Text_cordText__F)
                  00007810    0000002a     driverlib.lib : gpio.obj (.text:GPIODirModeSet)
                  0000783a    0000002a     ti.targets.arm.rtsarm.aem4f : System.oem4f (.text:xdc_runtime_System_putchar__I)
                  00007864    00000028     sysbios.aem4f : m3_Hwi_asm_switch.obj (.text:ti_sysbios_family_arm_m3_Hwi_initStacks__E)
                  0000788c    00000028                   : BIOS.obj (.text:ti_sysbios_gates_GateMutex_Instance_init__F)
                  000078b4    00000028     ti.uia.runtime.aem4f : LogSync.oem4f (.text:ti_uia_runtime_LogSync_Module_startup__F)
                  000078dc    00000028                          : QueueDescriptor.oem4f (.text:ti_uia_runtime_QueueDescriptor_initHeader__E)
                  00007904    00000026     ti.targets.arm.rtsarm.aem4f : System.oem4f (.text:xdc_runtime_System_avprintf__F)
                  0000792a    00000002     --HOLE-- [fill = 0]
                  0000792c    00000024     gpio_tivaware.aem4f : GPIO.oem4f (.text:GPIO_init)
                  00007950    00000024     main.obj (.text:main)
                  00007974    00000024     sysbios.aem4f : BIOS.obj (.text:ti_sysbios_BIOS_registerRTSLock__I)
                  00007998    00000024     main_pem4f.oem4f (.text:ti_sysbios_BIOS_startFunc__I)
                  000079bc    00000024     sysbios.aem4f : BIOS.obj (.text:ti_sysbios_family_arm_m3_Hwi_Instance_finalize__F)
                  000079e0    00000024                   : BIOS.obj (.text:ti_sysbios_family_arm_m3_Hwi_doTaskRestore__I)
                  00007a04    00000024     main_pem4f.oem4f (.text:ti_sysbios_gates_GateMutex_Object__delete__S)
                  00007a28    00000024     sysbios.aem4f : BIOS.obj (.text:ti_sysbios_knl_Clock_Module_startup__F)
                  00007a4c    00000024                   : BIOS.obj (.text:ti_sysbios_knl_Swi_Module_startup__F)
                  00007a70    00000024     ti.uia.runtime.aem4f : LoggerStopMode.oem4f (.text:ti_uia_runtime_LoggerStopMode_Instance_finalize__F)
                  00007a94    00000024     ti.targets.arm.rtsarm.aem4f : System.oem4f (.text:xdc_runtime_System_vprintf__F)
                  00007ab8    00000022     main_pem4f.oem4f (.text:xdc_runtime_SysMin_output__I)
                  00007ada    00000020     sysbios.aem4f : m3_Hwi_asm_switch.obj (.text:ti_sysbios_family_xxx_Hwi_switchAndRunFunc)
                  00007afa    00000002     --HOLE-- [fill = 0]
                  00007afc    00000020     main_pem4f.oem4f (.text:ti_sysbios_gates_GateHwi_Object__delete__S)
                  00007b1c    00000020     main_pem4f.oem4f (.text:ti_sysbios_heaps_HeapMem_Object__delete__S)
                  00007b3c    00000020     main_pem4f.oem4f (.text:ti_sysbios_knl_Semaphore_Object__destruct__S)
                  00007b5c    00000020     sysbios.aem4f : BIOS.obj (.text:ti_sysbios_knl_Task_enter__I)
                  00007b7c    00000020     main_pem4f.oem4f (.text:ti_uia_runtime_LoggerStopMode_Object__delete__S)
                  00007b9c    00000020     ti.targets.arm.rtsarm.aem4f : Registry.oem4f (.text:xdc_runtime_Registry_findById__F)
                  00007bbc    00000020                                 : SysMin.oem4f (.text:xdc_runtime_SysMin_Module_startup__F)
                  00007bdc    0000001c     driverlib.lib : uart.obj (.text:UARTDisable)
                  00007bf8    0000001c     sysbios.aem4f : BIOS.obj (.text:ti_sysbios_BIOS_rtsLock__I)
                  00007c14    0000001c     main_pem4f.oem4f (.text:ti_sysbios_family_arm_m3_Hwi_Object__destruct__S)
                  00007c30    0000001c     main_pem4f.oem4f (.text:ti_sysbios_knl_Queue_Object__destruct__S)
                  00007c4c    0000001c     ti.targets.arm.rtsarm.aem4f : Error.oem4f (.text:xdc_runtime_Error_check__F)
                  00007c68    0000001c                                 : Memory.oem4f (.text:xdc_runtime_Memory_valloc__F)
                  00007c84    0000001c                                 : SysMin.oem4f (.text:xdc_runtime_SysMin_exit__F)
                  00007ca0    0000001a     main_pem4f.oem4f (.text:ti_sysbios_family_arm_m3_Hwi_Handle__label__S)
                  00007cba    0000001a     main_pem4f.oem4f (.text:ti_sysbios_gates_GateHwi_Handle__label__S)
                  00007cd4    0000001a     main_pem4f.oem4f (.text:ti_sysbios_gates_GateMutex_Handle__label__S)
                  00007cee    0000001a     main_pem4f.oem4f (.text:ti_sysbios_heaps_HeapMem_Handle__label__S)
                  00007d08    0000001a     main_pem4f.oem4f (.text:ti_sysbios_knl_Swi_Handle__label__S)
                  00007d22    0000001a     main_pem4f.oem4f (.text:ti_sysbios_knl_Task_Handle__label__S)
                  00007d3c    0000001a     main_pem4f.oem4f (.text:ti_uia_runtime_LoggerStopMode_Handle__label__S)
                  00007d56    0000001a     main_pem4f.oem4f (.text:xdc_runtime_System_aprintf__E)
                  00007d70    0000001a     main_pem4f.oem4f (.text:xdc_runtime_System_printf__E)
                  00007d8a    00000018     driverlib.lib : gpio.obj (.text:GPIOPinTypeGPIOOutput)
                  00007da2    00000018     main_pem4f.oem4f (.text:free)
                  00007dba    00000002     --HOLE-- [fill = 0]
                  00007dbc    00000018     rtsv7M4_T_le_v4SPD16_eabi.lib : args_main.obj (.text)
                  00007dd4    00000018     main_pem4f.oem4f (.text:ti_sysbios_family_arm_lm4_Timer_Module__startupDone__F)
                  00007dec    00000018     main_pem4f.oem4f (.text:ti_sysbios_family_arm_m3_Hwi_Module__startupDone__F)
                  00007e04    00000018     sysbios.aem4f : m3_TaskSupport_asm.obj (.text:ti_sysbios_family_arm_m3_TaskSupport_swap__E)
                  00007e1c    00000018                   : BIOS.obj (.text:ti_sysbios_gates_GateMutex_leave__E)
                  00007e34    00000018     main_pem4f.oem4f (.text:ti_sysbios_hal_Timer_Module__startupDone__F)
                  00007e4c    00000018     ti.targets.arm.rtsarm.aem4f : Text.oem4f (.text:xdc_runtime_Text_ropeText__F)
                  00007e64    00000016     ti.uia.runtime.aem4f : LoggerStopMode.oem4f (.text:ti_uia_runtime_LoggerStopMode_getFreeSize__E)
                  00007e7a    00000016                          : LoggerStopMode.oem4f (.text:ti_uia_runtime_LoggerStopMode_getUnreadSize__E)
                  00007e90    00000014     driverlib.lib : uart.obj (.text:UARTEnable)
                  00007ea4    00000014     rtsv7M4_T_le_v4SPD16_eabi.lib : _lock.obj (.text)
                  00007eb8    00000014                                   : strlen.obj (.text)
                  00007ecc    00000014     sysbios.aem4f : BIOS.obj (.text:ti_sysbios_family_arm_m3_Hwi_switchFromBootStack__E)
                  00007ee0    00000014     main_pem4f.oem4f (.text:ti_sysbios_heaps_HeapMem_Object__get__S)
                  00007ef4    00000014     main_pem4f.oem4f (.text:ti_sysbios_knl_Swi_Object__get__S)
                  00007f08    00000014     main_pem4f.oem4f (.text:ti_sysbios_knl_Task_Object__get__S)
                  00007f1c    00000014     ti.targets.arm.rtsarm.aem4f : System.oem4f (.text:xdc_runtime_System_abort__F)
                  00007f30    00000012     driverlib.lib : gpio.obj (.text:GPIOPinTypeGPIOInput)
                  00007f42    00000012                   : gpio.obj (.text:GPIOPinTypeUART)
                  00007f54    00000012     rtsv7M4_T_le_v4SPD16_eabi.lib : copy_zero_init.obj (.text:decompress:ZI)
                  00007f66    00000012     sysbios.aem4f : BIOS.obj (.text:ti_sysbios_hal_Hwi_Module_startup__F)
                  00007f78    00000012                   : BIOS.obj (.text:ti_sysbios_hal_Timer_Module_startup__F)
                  00007f8a    00000012     ti.uia.runtime.aem4f : LoggerStopMode.oem4f (.text:ti_uia_runtime_LoggerStopMode_write1__E)
                  00007f9c    00000012                          : LoggerStopMode.oem4f (.text:ti_uia_runtime_LoggerStopMode_write2__E)
                  00007fae    00000012     main_pem4f.oem4f (.text:xdc_runtime_Startup_exec__I)
                  00007fc0    00000010     rtsv7M4_T_le_v4SPD16_eabi.lib : strcpy.obj (.text)
                  00007fd0    00000010     sysbios.aem4f : BIOS.obj (.text:ti_sysbios_BIOS_getCpuFreq__E)
                  00007fe0    00000010                   : BIOS.obj (.text:ti_sysbios_BIOS_setThreadType__E)
                  00007ff0    00000010                   : BIOS.obj (.text:ti_sysbios_BIOS_start__E)
                  00008000    00000010                   : BIOS.obj (.text:ti_sysbios_family_arm_lm4_TimestampProvider_rolloverFunc__E)
                  00008010    00000010                   : BIOS.obj (.text:ti_sysbios_family_arm_m3_Hwi_excHandler__I)
                  00008020    00000010                   : m3_TaskSupport_asm.obj (.text:ti_sysbios_family_arm_m3_TaskSupport_glue)
                  00008030    00000010                   : m3_Hwi_asm_switch.obj (.text:ti_sysbios_family_xxx_Hwi_switchToIsrStack)
                  00008040    00000010                   : BIOS.obj (.text:ti_sysbios_gates_GateMutex_Instance_finalize__F)
                  00008050    00000010     main_pem4f.oem4f (.text:ti_sysbios_io_DEV_Object__get__S)
                  00008060    00000010     sysbios.aem4f : BIOS.obj (.text:ti_sysbios_knl_Semaphore_Instance_finalize__F)
                  00008070    00000010                   : BIOS.obj (.text:ti_sysbios_knl_Swi_disable__E)
                  00008080    00000010                   : BIOS.obj (.text:ti_sysbios_knl_Task_disable__E)
                  00008090    00000010     main_pem4f.oem4f (.text:ti_uia_runtime_LoggerStopMode_Object__get__S)
                  000080a0    00000010     ti.uia.runtime.aem4f : LoggerStopMode.oem4f (.text:ti_uia_runtime_LoggerStopMode_write0__E)
                  000080b0    00000010     ti.targets.arm.rtsarm.aem4f : Gate.oem4f (.text:xdc_runtime_Gate_leaveSystem__F)
                  000080c0    00000010                                 : Memory.oem4f (.text:xdc_runtime_Memory_free__F)
                  000080d0    00000010                                 : SysMin.oem4f (.text:xdc_runtime_SysMin_ready__F)
                  000080e0    00000010                                 : System.oem4f (.text:xdc_runtime_System_vsnprintf__F)
                  000080f0    00000010     main_pem4f.oem4f (.text:xdc_runtime_Text_visitRope__I)
                  00008100    0000000e     driverlib.lib : uart.obj (.text:UARTCharGetNonBlocking)
                  0000810e    0000000e                   : uart.obj (.text:UARTCharPutNonBlocking)
                  0000811c    0000000e     rtsv7M4_T_le_v4SPD16_eabi.lib : copy_decompress_none.obj (.text:decompress:none)
                  0000812a    0000000e     sysbios.aem4f : BIOS.obj (.text:ti_sysbios_knl_Queue_empty__E)
                  00008138    0000000e     ti.uia.runtime.aem4f : LoggerStopMode.oem4f (.text:ti_uia_runtime_LoggerStopMode_isEmpty__E)
                  00008146    00000002     --HOLE-- [fill = 0]
                  00008148    0000000c     main_pem4f.oem4f (.text:.bootCodeSection:ti_catalog_arm_cortexm4_tiva_ce_Boot_init__I)
                  00008154    0000000c     sysbios.aem4f : BIOS.obj (.text:ti_sysbios_family_arm_lm4_Timer_masterDisable__I)
                  00008160    0000000c                   : BIOS.obj (.text:ti_sysbios_family_arm_lm4_TimestampProvider_startTimer__E)
                  0000816c    0000000c     main_pem4f.oem4f (.text:ti_sysbios_family_arm_m3_Hwi_Params__init__S)
                  00008178    0000000c     sysbios.aem4f : BIOS.obj (.text:ti_sysbios_family_arm_m3_Hwi_disableFxn__E)
                  00008184    0000000c                   : BIOS.obj (.text:ti_sysbios_family_arm_m3_TaskSupport_checkStack__E)
                  00008190    0000000c                   : m3_Hwi_asm_switch.obj (.text:ti_sysbios_family_xxx_Hwi_switchToTaskStack)
                  0000819c    0000000c                   : BIOS.obj (.text:ti_sysbios_gates_GateHwi_enter__E)
                  000081a8    0000000c     main_pem4f.oem4f (.text:ti_sysbios_knl_Queue_Object__get__S)
                  000081b4    0000000c     main_pem4f.oem4f (.text:ti_sysbios_knl_Semaphore_Params__init__S)
                  000081c0    0000000c     sysbios.aem4f : BIOS.obj (.text:ti_sysbios_utils_Load_taskRegHook__E)
                  000081cc    0000000c     ti.targets.arm.rtsarm.aem4f : Error.oem4f (.text:xdc_runtime_Error_init__F)
                  000081d8    0000000c                                 : Gate.oem4f (.text:xdc_runtime_Gate_enterSystem__F)
                  000081e4    0000000c                                 : Memory.oem4f (.text:xdc_runtime_Memory_calloc__F)
                  000081f0    0000000c                                 : Memory.oem4f (.text:xdc_runtime_Memory_getMaxDefaultTypeAlign__F)
                  000081fc    0000000c                                 : System.oem4f (.text:xdc_runtime_System_exit__F)
                  00008208    0000000c                                 : System.oem4f (.text:xdc_runtime_System_lastFxn__I)
                  00008214    0000000a     driverlib.lib : uart.obj (.text:UARTCharGet)
                  0000821e    0000000a                   : uart.obj (.text:UARTCharPut)
                  00008228    0000000a                   : uart.obj (.text:UARTIntDisable)
                  00008232    0000000a                   : uart.obj (.text:UARTIntStatus)
                  0000823c    0000000a     main_pem4f.oem4f (.text:xdc_runtime_IHeap_alloc)
                  00008246    0000000a     main_pem4f.oem4f (.text:xdc_runtime_IHeap_free)
                  00008250    00000008     driverlib.lib : uart.obj (.text:UARTIntEnable)
                  00008258    00000008     uart_tivaware.aem4f : UARTTiva.oem4f (.text:UARTTiva_init)
                  00008260    00000008                         : UARTTiva.oem4f (.text:readSemCallback)
                  00008268    00000008     sysbios.aem4f : BIOS.obj (.text:ti_sysbios_family_arm_m3_Hwi_doSwiRestore__I)
                  00008270    00000008                   : BIOS.obj (.text:ti_sysbios_family_arm_m3_Hwi_startup__E)
                  00008278    00000008                   : BIOS.obj (.text:ti_sysbios_knl_Idle_loop__E)
                  00008280    00000008     uart_tivaware.aem4f : UARTTiva.oem4f (.text:writeSemCallback)
                  00008288    00000006     driverlib.lib : gpio.obj (.text:GPIOPinWrite)
                  0000828e    00000006                   : uart.obj (.text:UARTFIFOLevelSet)
                  00008294    00000006     ti.targets.arm.rtsarm.aem4f : xdc_noinit.oem4f (.text:__xdc__init)
                  0000829a    00000006     rtsv7M4_T_le_v4SPD16_eabi.lib : copy_decompress_rle.obj (.text:decompress:rle24)
                  000082a0    00000006     Boot.aem4f : Boot_sysctl.oem4f (.text:ti_catalog_arm_cortexm4_tiva_ce_Boot_sysCtlDelayI__I)
                  000082a6    00000006     sysbios.aem4f : BIOS.obj (.text:ti_sysbios_family_arm_lm4_TimestampProvider_Module_startup__F)
                  000082ac    00000006                   : BIOS.obj (.text:ti_sysbios_family_arm_m3_Hwi_restoreFxn__E)
                  000082b2    00000006                   : BIOS.obj (.text:ti_sysbios_gates_GateHwi_leave__E)
                  000082b8    00000006                   : BIOS.obj (.text:ti_sysbios_heaps_HeapMem_isBlocking__E)
                  000082be    00000006                   : BIOS.obj (.text:ti_sysbios_knl_Queue_Instance_init__F)
                  000082c4    00000006     ti.uia.runtime.aem4f : LoggerStopMode.oem4f (.text:ti_uia_runtime_LoggerStopMode_getPriority__E)
                  000082ca    00000006                          : LoggerStopMode.oem4f (.text:ti_uia_runtime_LoggerStopMode_getTransferType__F)
                  000082d0    00000006     ti.targets.arm.rtsarm.aem4f : System.oem4f (.text:xdc_runtime_System_Module_startup__F)
                  000082d6    00000004     driverlib.lib : uart.obj (.text:UARTIntClear)
                  000082da    00000004     main_pem4f.oem4f (.text:ti_sysbios_BIOS_RtsGateProxy_enter__E)
                  000082de    00000004     main_pem4f.oem4f (.text:ti_sysbios_BIOS_RtsGateProxy_leave__E)
                  000082e2    00000004     sysbios.aem4f : BIOS.obj (.text:ti_sysbios_family_arm_lm4_Timer_getPeriod__E)
                  000082e6    00000004                   : BIOS.obj (.text:ti_sysbios_family_arm_lm4_Timer_masterEnable__I)
                  000082ea    00000004     main_pem4f.oem4f (.text:ti_sysbios_family_arm_m3_TaskSupport_Module__startupDone__S)
                  000082ee    00000004     sysbios.aem4f : BIOS.obj (.text:ti_sysbios_gates_GateHwi_query__F)
                  000082f2    00000004                   : BIOS.obj (.text:ti_sysbios_gates_GateMutex_query__F)
                  000082f6    00000004     main_pem4f.oem4f (.text:ti_sysbios_hal_Hwi_HwiProxy_Module__startupDone__S)
                  000082fa    00000004     main_pem4f.oem4f (.text:ti_sysbios_hal_Timer_TimerProxy_Module__startupDone__S)
                  000082fe    00000004     main_pem4f.oem4f (.text:ti_sysbios_hal_Timer_TimerProxy_getPeriod__E)
                  00008302    00000004     main_pem4f.oem4f (.text:ti_sysbios_heaps_HeapMem_Module_GateProxy_enter__E)
                  00008306    00000004     main_pem4f.oem4f (.text:ti_sysbios_heaps_HeapMem_Module_GateProxy_leave__E)
                  0000830a    00000004     main_pem4f.oem4f (.text:ti_sysbios_knl_Task_SupportProxy_Module__startupDone__S)
                  0000830e    00000004     sysbios.aem4f : BIOS.obj (.text:ti_sysbios_knl_Task_startup__E)
                  00008312    00000004     main_pem4f.oem4f (.text:ti_uia_runtime_LogSync_CpuTimestampProxy_Module__startupDone__S)
                  00008316    00000004     main_pem4f.oem4f (.text:ti_uia_runtime_LogSync_GlobalTimestampProxy_Module__startupDone__S)
                  0000831a    00000004     ti.uia.runtime.aem4f : LoggerStopMode.oem4f (.text:ti_uia_runtime_LoggerStopMode_getInstanceId__E)
                  0000831e    00000004                          : LoggerStopMode.oem4f (.text:ti_uia_runtime_LoggerStopMode_getMaxLength__E)
                  00008322    00000004                          : LoggerStopMode.oem4f (.text:ti_uia_runtime_LoggerStopMode_setPriority__E)
                  00008326    00000004     ti.targets.arm.rtsarm.aem4f : Error.oem4f (.text:xdc_runtime_Error_getSite__F)
                  0000832a    00000004     main_pem4f.oem4f (.text:xdc_runtime_Memory_HeapProxy_alloc__E)
                  0000832e    00000004     main_pem4f.oem4f (.text:xdc_runtime_Memory_HeapProxy_free__E)
                  00008332    00000004     main_pem4f.oem4f (.text:xdc_runtime_System_Module_GateProxy_enter__E)
                  00008336    00000004     main_pem4f.oem4f (.text:xdc_runtime_System_Module_GateProxy_leave__E)
                  0000833a    00000004     ti.targets.arm.rtsarm.aem4f : System.oem4f (.text:xdc_runtime_System_aprintf_va__F)
                  0000833e    00000004                                 : System.oem4f (.text:xdc_runtime_System_printf_va__F)
                  00008342    00000004     main_pem4f.oem4f (.text:xdc_runtime_System_vsnprintf__E)
                  00008346    00000004     main_pem4f.oem4f (.text:xdc_runtime_TimestampNull_Module__startupDone__S)
                  0000834a    00000004     main_pem4f.oem4f (.text:xdc_runtime_Timestamp_Module__startupDone__S)

.const     0    00008350    00002f42     
                  00008350    000023a1     main_pem4f.oem4f (.const:xdc_runtime_Text_charTab__A)
                  0000a6f1    00000001     main_pem4f.oem4f (.const:xdc_runtime_Error_policy__C)
                  0000a6f2    0000013c     main_pem4f.oem4f (.const:xdc_runtime_Text_nodeTab__A)
                  0000a82e    00000102     rtsv7M4_T_le_v4SPD16_eabi.lib : ctype.obj (.const:.string:_ctypes_)
                  0000a930    000000d8     main_pem4f.oem4f (.const:ti_sysbios_family_arm_m3_Hwi_priorities__A)
                  0000aa08    00000090     driverlib.lib : gpio.obj (.const:g_pui32GPIOBaseAddrs)
                  0000aa98    0000006c     EK_LM4F120XL.obj (.const:UART_config)
                  0000ab04    00000060     main_pem4f.oem4f (.const:ti_uia_runtime_LoggerStopMode_Module__FXNS__C)
                  0000ab64    00000048     main_pem4f.oem4f (.const:.string)
                  0000abac    00000040     EK_LM4F120XL.obj (.const:uartTivaHWAttrs)
                  0000abec    0000003c     EK_LM4F120XL.obj (.const:gpioHWAttrs)
                  0000ac28    00000034     main_pem4f.oem4f (.const:xdc_runtime_Startup_sfxnTab__A)
                  0000ac5c    00000030     main_pem4f.oem4f (.const:ti_sysbios_family_arm_m3_Hwi_Object__PARAMS__C)
                  0000ac8c    00000030     main_pem4f.oem4f (.const:ti_sysbios_knl_Task_hooks__A)
                  0000acbc    00000030     main_pem4f.oem4f (.const:ti_uia_runtime_LoggerStopMode_Object__PARAMS__C)
                  0000acec    00000028     main_pem4f.oem4f (.const:ti_sysbios_heaps_HeapMem_Module__FXNS__C)
                  0000ad14    00000024     uart_tivaware.aem4f : UARTTiva.oem4f (.const:UARTTiva_fxnTable)
                  0000ad38    00000024     main_pem4f.oem4f (.const:ti_sysbios_gates_GateHwi_Module__FXNS__C)
                  0000ad5c    00000024     main_pem4f.oem4f (.const:ti_sysbios_gates_GateMutex_Module__FXNS__C)
                  0000ad80    00000024     main_pem4f.oem4f (.const:ti_sysbios_heaps_HeapMem_Object__PARAMS__C)
                  0000ada4    00000024     main_pem4f.oem4f (.const:ti_sysbios_knl_Semaphore_Object__PARAMS__C)
                  0000adc8    00000020     main_pem4f.oem4f (.const:ti_sysbios_family_arm_m3_Hwi_Object__DESC__C)
                  0000ade8    00000020     main_pem4f.oem4f (.const:ti_sysbios_gates_GateHwi_Object__DESC__C)
                  0000ae08    00000020     main_pem4f.oem4f (.const:ti_sysbios_gates_GateMutex_Object__DESC__C)
                  0000ae28    00000020     main_pem4f.oem4f (.const:ti_sysbios_heaps_HeapMem_Object__DESC__C)
                  0000ae48    00000020     main_pem4f.oem4f (.const:ti_sysbios_knl_Queue_Object__DESC__C)
                  0000ae68    00000020     main_pem4f.oem4f (.const:ti_sysbios_knl_Semaphore_Object__DESC__C)
                  0000ae88    00000020     main_pem4f.oem4f (.const:ti_uia_runtime_LoggerStopMode_Object__DESC__C)
                  0000aea8    00000020     uart_tivaware.aem4f : UART.oem4f (.const)
                  0000aec8    0000001a     main_pem4f.oem4f (.const:xdc_runtime_Startup_sfxnRts__A)
                  0000aee2    00000002     main_pem4f.oem4f (.const:ti_catalog_arm_cortexm4_tiva_ce_Boot_Module__id__C)
                  0000aee4    00000018     EK_LM4F120XL.obj (.const)
                  0000aefc    00000018     main_pem4f.oem4f (.const:ti_sysbios_gates_GateHwi_Object__PARAMS__C)
                  0000af14    00000018     main_pem4f.oem4f (.const:ti_sysbios_gates_GateMutex_Object__PARAMS__C)
                  0000af2c    00000018     main_pem4f.oem4f (.const:ti_sysbios_knl_Queue_Object__PARAMS__C)
                  0000af44    00000014     main_pem4f.oem4f (.const:xdc_runtime_Startup_firstFxns__A)
                  0000af58    00000011     ti.targets.arm.rtsarm.aem4f : System.oem4f (.const)
                  0000af69    00000001     --HOLE-- [fill = 0]
                  0000af6a    00000002     main_pem4f.oem4f (.const:ti_sysbios_BIOS_Module__id__C)
                  0000af6c    00000008     main_pem4f.oem4f (.const:ti_sysbios_family_arm_m3_Hwi_excHookFuncs__A)
                  0000af74    00000008     main_pem4f.oem4f (.const:ti_sysbios_knl_Idle_coreList__A)
                  0000af7c    00000008     main_pem4f.oem4f (.const:ti_sysbios_knl_Idle_coreList__C)
                  0000af84    00000008     main_pem4f.oem4f (.const:ti_sysbios_knl_Idle_funcList__A)
                  0000af8c    00000008     main_pem4f.oem4f (.const:ti_sysbios_knl_Idle_funcList__C)
                  0000af94    00000008     main_pem4f.oem4f (.const:ti_sysbios_knl_Task_hooks__C)
                  0000af9c    00000008     main_pem4f.oem4f (.const:xdc_runtime_Startup_firstFxns__C)
                  0000afa4    00000008     main_pem4f.oem4f (.const:xdc_runtime_Startup_lastFxns__A)
                  0000afac    00000008     main_pem4f.oem4f (.const:xdc_runtime_Startup_lastFxns__C)
                  0000afb4    00000004     main_pem4f.oem4f (.const:ti_catalog_arm_cortexm4_tiva_ce_Boot_A_mustUseEnhancedClockMode__C)
                  0000afb8    00000004     main_pem4f.oem4f (.const:ti_catalog_arm_cortexm4_tiva_ce_Boot_Module__diagsEnabled__C)
                  0000afbc    00000004     main_pem4f.oem4f (.const:ti_catalog_arm_cortexm4_tiva_ce_Boot_Module__diagsIncluded__C)
                  0000afc0    00000004     main_pem4f.oem4f (.const:ti_catalog_arm_cortexm4_tiva_ce_Boot_Module__diagsMask__C)
                  0000afc4    00000004     main_pem4f.oem4f (.const:ti_sysbios_BIOS_Module__diagsEnabled__C)
                  0000afc8    00000004     main_pem4f.oem4f (.const:ti_sysbios_BIOS_Module__diagsIncluded__C)
                  0000afcc    00000004     main_pem4f.oem4f (.const:ti_sysbios_BIOS_Module__diagsMask__C)
                  0000afd0    00000004     main_pem4f.oem4f (.const:ti_sysbios_BIOS_installedErrorHook__C)
                  0000afd4    00000004     main_pem4f.oem4f (.const:ti_sysbios_family_arm_lm4_Timer_enableFunc__C)
                  0000afd8    00000004     main_pem4f.oem4f (.const:ti_sysbios_family_arm_lm4_Timer_numTimerDevices__C)
                  0000afdc    00000004     main_pem4f.oem4f (.const:ti_sysbios_family_arm_lm4_Timer_startupNeeded__C)
                  0000afe0    00000004     main_pem4f.oem4f (.const:ti_sysbios_family_arm_m3_Hwi_E_NMI__C)
                  0000afe4    00000004     main_pem4f.oem4f (.const:ti_sysbios_family_arm_m3_Hwi_E_alreadyDefined__C)
                  0000afe8    00000004     main_pem4f.oem4f (.const:ti_sysbios_family_arm_m3_Hwi_E_busFault__C)
                  0000afec    00000004     main_pem4f.oem4f (.const:ti_sysbios_family_arm_m3_Hwi_E_debugMon__C)
                  0000aff0    00000004     main_pem4f.oem4f (.const:ti_sysbios_family_arm_m3_Hwi_E_hardFault__C)
                  0000aff4    00000004     main_pem4f.oem4f (.const:ti_sysbios_family_arm_m3_Hwi_E_memFault__C)
                  0000aff8    00000004     main_pem4f.oem4f (.const:ti_sysbios_family_arm_m3_Hwi_E_noIsr__C)
                  0000affc    00000004     main_pem4f.oem4f (.const:ti_sysbios_family_arm_m3_Hwi_E_reserved__C)
                  0000b000    00000004     main_pem4f.oem4f (.const:ti_sysbios_family_arm_m3_Hwi_E_svCall__C)
                  0000b004    00000004     main_pem4f.oem4f (.const:ti_sysbios_family_arm_m3_Hwi_E_usageFault__C)
                  0000b008    00000004     main_pem4f.oem4f (.const:ti_sysbios_family_arm_m3_Hwi_LD_end__C)
                  0000b00c    00000004     main_pem4f.oem4f (.const:ti_sysbios_family_arm_m3_Hwi_LM_begin__C)
                  0000b010    00000004     main_pem4f.oem4f (.const:ti_sysbios_family_arm_m3_Hwi_Module__diagsEnabled__C)
                  0000b014    00000004     main_pem4f.oem4f (.const:ti_sysbios_family_arm_m3_Hwi_Module__diagsIncluded__C)
                  0000b018    00000004     main_pem4f.oem4f (.const:ti_sysbios_family_arm_m3_Hwi_Module__diagsMask__C)
                  0000b01c    00000004     main_pem4f.oem4f (.const:ti_sysbios_family_arm_m3_Hwi_Module__loggerFxn1__C)
                  0000b020    00000004     main_pem4f.oem4f (.const:ti_sysbios_family_arm_m3_Hwi_Module__loggerFxn8__C)
                  0000b024    00000004     main_pem4f.oem4f (.const:ti_sysbios_family_arm_m3_Hwi_Module__loggerObj__C)
                  0000b028    00000004     main_pem4f.oem4f (.const:ti_sysbios_family_arm_m3_Hwi_NUM_INTERRUPTS__C)
                  0000b02c    00000004     main_pem4f.oem4f (.const:ti_sysbios_family_arm_m3_Hwi_ccr__C)
                  0000b030    00000004     main_pem4f.oem4f (.const:ti_sysbios_family_arm_m3_Hwi_dispatchTable__C)
                  0000b034    00000004     main_pem4f.oem4f (.const:ti_sysbios_family_arm_m3_Hwi_excHandlerFunc__C)
                  0000b038    00000004     main_pem4f.oem4f (.const:ti_sysbios_family_arm_m3_Hwi_excHookFuncs__C)
                  0000b03c    00000004     main_pem4f.oem4f (.const:ti_sysbios_family_arm_m3_Hwi_priGroup__C)
                  0000b040    00000004     main_pem4f.oem4f (.const:ti_sysbios_family_arm_m3_Hwi_priorities__C)
                  0000b044    00000004     main_pem4f.oem4f (.const:ti_sysbios_gates_GateMutex_A_badContext__C)
                  0000b048    00000004     main_pem4f.oem4f (.const:ti_sysbios_gates_GateMutex_Instance_State_sem__O)
                  0000b04c    00000004     main_pem4f.oem4f (.const:ti_sysbios_gates_GateMutex_Module__diagsEnabled__C)
                  0000b050    00000004     main_pem4f.oem4f (.const:ti_sysbios_gates_GateMutex_Module__diagsIncluded__C)
                  0000b054    00000004     main_pem4f.oem4f (.const:ti_sysbios_gates_GateMutex_Module__diagsMask__C)
                  0000b058    00000004     main_pem4f.oem4f (.const:ti_sysbios_hal_Hwi_E_stackOverflow__C)
                  0000b05c    00000004     main_pem4f.oem4f (.const:ti_sysbios_heaps_HeapMem_A_align__C)
                  0000b060    00000004     main_pem4f.oem4f (.const:ti_sysbios_heaps_HeapMem_A_heapSize__C)
                  0000b064    00000004     main_pem4f.oem4f (.const:ti_sysbios_heaps_HeapMem_A_invalidFree__C)
                  0000b068    00000004     main_pem4f.oem4f (.const:ti_sysbios_heaps_HeapMem_A_zeroBlock__C)
                  0000b06c    00000004     main_pem4f.oem4f (.const:ti_sysbios_heaps_HeapMem_E_memory__C)
                  0000b070    00000004     main_pem4f.oem4f (.const:ti_sysbios_heaps_HeapMem_Module__diagsEnabled__C)
                  0000b074    00000004     main_pem4f.oem4f (.const:ti_sysbios_heaps_HeapMem_Module__diagsIncluded__C)
                  0000b078    00000004     main_pem4f.oem4f (.const:ti_sysbios_heaps_HeapMem_Module__diagsMask__C)
                  0000b07c    00000004     main_pem4f.oem4f (.const:ti_sysbios_heaps_HeapMem_Module__gateObj__C)
                  0000b080    00000004     main_pem4f.oem4f (.const:ti_sysbios_heaps_HeapMem_Object__count__C)
                  0000b084    00000004     main_pem4f.oem4f (.const:ti_sysbios_heaps_HeapMem_reqAlign__C)
                  0000b088    00000004     main_pem4f.oem4f (.const:ti_sysbios_io_DEV_Object__count__C)
                  0000b08c    00000004     main_pem4f.oem4f (.const:ti_sysbios_io_DEV_tableSize__C)
                  0000b090    00000004     main_pem4f.oem4f (.const:ti_sysbios_knl_Clock_LM_begin__C)
                  0000b094    00000004     main_pem4f.oem4f (.const:ti_sysbios_knl_Clock_LM_tick__C)
                  0000b098    00000004     main_pem4f.oem4f (.const:ti_sysbios_knl_Clock_LW_delayed__C)
                  0000b09c    00000004     main_pem4f.oem4f (.const:ti_sysbios_knl_Clock_Module_State_clockQ__O)
                  0000b0a0    00000004     main_pem4f.oem4f (.const:ti_sysbios_knl_Clock_Module__diagsEnabled__C)
                  0000b0a4    00000004     main_pem4f.oem4f (.const:ti_sysbios_knl_Clock_Module__diagsIncluded__C)
                  0000b0a8    00000004     main_pem4f.oem4f (.const:ti_sysbios_knl_Clock_Module__diagsMask__C)
                  0000b0ac    00000004     main_pem4f.oem4f (.const:ti_sysbios_knl_Clock_Module__loggerFxn1__C)
                  0000b0b0    00000004     main_pem4f.oem4f (.const:ti_sysbios_knl_Clock_Module__loggerFxn2__C)
                  0000b0b4    00000004     main_pem4f.oem4f (.const:ti_sysbios_knl_Clock_Module__loggerObj__C)
                  0000b0b8    00000004     main_pem4f.oem4f (.const:ti_sysbios_knl_Semaphore_A_badContext__C)
                  0000b0bc    00000004     main_pem4f.oem4f (.const:ti_sysbios_knl_Semaphore_A_noEvents__C)
                  0000b0c0    00000004     main_pem4f.oem4f (.const:ti_sysbios_knl_Semaphore_A_overflow__C)
                  0000b0c4    00000004     main_pem4f.oem4f (.const:ti_sysbios_knl_Semaphore_A_pendTaskDisabled__C)
                  0000b0c8    00000004     main_pem4f.oem4f (.const:ti_sysbios_knl_Semaphore_Instance_State_pendQ__O)
                  0000b0cc    00000004     main_pem4f.oem4f (.const:ti_sysbios_knl_Semaphore_LM_pend__C)
                  0000b0d0    00000004     main_pem4f.oem4f (.const:ti_sysbios_knl_Semaphore_LM_post__C)
                  0000b0d4    00000004     main_pem4f.oem4f (.const:ti_sysbios_knl_Semaphore_Module__diagsEnabled__C)
                  0000b0d8    00000004     main_pem4f.oem4f (.const:ti_sysbios_knl_Semaphore_Module__diagsIncluded__C)
                  0000b0dc    00000004     main_pem4f.oem4f (.const:ti_sysbios_knl_Semaphore_Module__diagsMask__C)
                  0000b0e0    00000004     main_pem4f.oem4f (.const:ti_sysbios_knl_Semaphore_Module__loggerFxn2__C)
                  0000b0e4    00000004     main_pem4f.oem4f (.const:ti_sysbios_knl_Semaphore_Module__loggerFxn4__C)
                  0000b0e8    00000004     main_pem4f.oem4f (.const:ti_sysbios_knl_Semaphore_Module__loggerObj__C)
                  0000b0ec    00000004     main_pem4f.oem4f (.const:ti_sysbios_knl_Swi_LD_end__C)
                  0000b0f0    00000004     main_pem4f.oem4f (.const:ti_sysbios_knl_Swi_LM_begin__C)
                  0000b0f4    00000004     main_pem4f.oem4f (.const:ti_sysbios_knl_Swi_LM_post__C)
                  0000b0f8    00000004     main_pem4f.oem4f (.const:ti_sysbios_knl_Swi_Module__diagsEnabled__C)
                  0000b0fc    00000004     main_pem4f.oem4f (.const:ti_sysbios_knl_Swi_Module__diagsIncluded__C)
                  0000b100    00000004     main_pem4f.oem4f (.const:ti_sysbios_knl_Swi_Module__diagsMask__C)
                  0000b104    00000004     main_pem4f.oem4f (.const:ti_sysbios_knl_Swi_Module__loggerFxn1__C)
                  0000b108    00000004     main_pem4f.oem4f (.const:ti_sysbios_knl_Swi_Module__loggerFxn4__C)
                  0000b10c    00000004     main_pem4f.oem4f (.const:ti_sysbios_knl_Swi_Module__loggerObj__C)
                  0000b110    00000004     main_pem4f.oem4f (.const:ti_sysbios_knl_Swi_Object__count__C)
                  0000b114    00000004     main_pem4f.oem4f (.const:ti_sysbios_knl_Task_E_spOutOfBounds__C)
                  0000b118    00000004     main_pem4f.oem4f (.const:ti_sysbios_knl_Task_E_stackOverflow__C)
                  0000b11c    00000004     main_pem4f.oem4f (.const:ti_sysbios_knl_Task_LD_block__C)
                  0000b120    00000004     main_pem4f.oem4f (.const:ti_sysbios_knl_Task_LD_exit__C)
                  0000b124    00000004     main_pem4f.oem4f (.const:ti_sysbios_knl_Task_LD_ready__C)
                  0000b128    00000004     main_pem4f.oem4f (.const:ti_sysbios_knl_Task_LM_switch__C)
                  0000b12c    00000004     main_pem4f.oem4f (.const:ti_sysbios_knl_Task_Module_State_inactiveQ__O)
                  0000b130    00000004     main_pem4f.oem4f (.const:ti_sysbios_knl_Task_Module__diagsEnabled__C)
                  0000b134    00000004     main_pem4f.oem4f (.const:ti_sysbios_knl_Task_Module__diagsIncluded__C)
                  0000b138    00000004     main_pem4f.oem4f (.const:ti_sysbios_knl_Task_Module__diagsMask__C)
                  0000b13c    00000004     main_pem4f.oem4f (.const:ti_sysbios_knl_Task_Module__loggerFxn2__C)
                  0000b140    00000004     main_pem4f.oem4f (.const:ti_sysbios_knl_Task_Module__loggerFxn4__C)
                  0000b144    00000004     main_pem4f.oem4f (.const:ti_sysbios_knl_Task_Module__loggerObj__C)
                  0000b148    00000004     main_pem4f.oem4f (.const:ti_sysbios_knl_Task_Object__count__C)
                  0000b14c    00000004     main_pem4f.oem4f (.const:ti_sysbios_knl_Task_Object__heap__C)
                  0000b150    00000004     main_pem4f.oem4f (.const:ti_sysbios_knl_Task_allBlockedFunc__C)
                  0000b154    00000004     main_pem4f.oem4f (.const:ti_sysbios_knl_Task_numConstructedTasks__C)
                  0000b158    00000004     main_pem4f.oem4f (.const:ti_sysbios_utils_Load_LS_cpuLoad__C)
                  0000b15c    00000004     main_pem4f.oem4f (.const:ti_sysbios_utils_Load_LS_hwiLoad__C)
                  0000b160    00000004     main_pem4f.oem4f (.const:ti_sysbios_utils_Load_LS_taskLoad__C)
                  0000b164    00000004     main_pem4f.oem4f (.const:ti_sysbios_utils_Load_Module_State_taskList__O)
                  0000b168    00000004     main_pem4f.oem4f (.const:ti_sysbios_utils_Load_Module__diagsEnabled__C)
                  0000b16c    00000004     main_pem4f.oem4f (.const:ti_sysbios_utils_Load_Module__diagsIncluded__C)
                  0000b170    00000004     main_pem4f.oem4f (.const:ti_sysbios_utils_Load_Module__diagsMask__C)
                  0000b174    00000004     main_pem4f.oem4f (.const:ti_sysbios_utils_Load_Module__loggerFxn1__C)
                  0000b178    00000004     main_pem4f.oem4f (.const:ti_sysbios_utils_Load_Module__loggerFxn2__C)
                  0000b17c    00000004     main_pem4f.oem4f (.const:ti_sysbios_utils_Load_Module__loggerFxn4__C)
                  0000b180    00000004     main_pem4f.oem4f (.const:ti_sysbios_utils_Load_Module__loggerObj__C)
                  0000b184    00000004     main_pem4f.oem4f (.const:ti_sysbios_utils_Load_postUpdate__C)
                  0000b188    00000004     main_pem4f.oem4f (.const:ti_sysbios_utils_Load_windowInMs__C)
                  0000b18c    00000004     main_pem4f.oem4f (.const:ti_uia_runtime_ILoggerSnapshot_Interface__BASE__C)
                  0000b190    00000004     main_pem4f.oem4f (.const:ti_uia_runtime_IUIATransfer_Interface__BASE__C)
                  0000b194    00000004     main_pem4f.oem4f (.const:ti_uia_runtime_LoggerStopMode_E_badLevel__C)
                  0000b198    00000004     main_pem4f.oem4f (.const:ti_uia_runtime_LoggerStopMode_Object__count__C)
                  0000b19c    00000004     main_pem4f.oem4f (.const:ti_uia_runtime_LoggerStopMode_overflowLogger__C)
                  0000b1a0    00000004     main_pem4f.oem4f (.const:ti_uia_runtime_LoggerStopMode_statusLogger__C)
                  0000b1a4    00000004     main_pem4f.oem4f (.const:xdc_runtime_Assert_E_assertFailed__C)
                  0000b1a8    00000004     main_pem4f.oem4f (.const:xdc_runtime_Core_A_initializedParams__C)
                  0000b1ac    00000004     main_pem4f.oem4f (.const:xdc_runtime_Core_Module__diagsEnabled__C)
                  0000b1b0    00000004     main_pem4f.oem4f (.const:xdc_runtime_Core_Module__diagsIncluded__C)
                  0000b1b4    00000004     main_pem4f.oem4f (.const:xdc_runtime_Core_Module__diagsMask__C)
                  0000b1b8    00000004     main_pem4f.oem4f (.const:xdc_runtime_Error_E_generic__C)
                  0000b1bc    00000004     main_pem4f.oem4f (.const:xdc_runtime_Error_E_memory__C)
                  0000b1c0    00000004     main_pem4f.oem4f (.const:xdc_runtime_Error_Module__diagsEnabled__C)
                  0000b1c4    00000004     main_pem4f.oem4f (.const:xdc_runtime_Error_Module__diagsIncluded__C)
                  0000b1c8    00000004     main_pem4f.oem4f (.const:xdc_runtime_Error_Module__diagsMask__C)
                  0000b1cc    00000004     main_pem4f.oem4f (.const:xdc_runtime_Error_Module__loggerFxn8__C)
                  0000b1d0    00000004     main_pem4f.oem4f (.const:xdc_runtime_Error_Module__loggerObj__C)
                  0000b1d4    00000004     main_pem4f.oem4f (.const:xdc_runtime_Error_raiseHook__C)
                  0000b1d8    00000004     main_pem4f.oem4f (.const:xdc_runtime_IFilterLogger_Interface__BASE__C)
                  0000b1dc    00000004     main_pem4f.oem4f (.const:xdc_runtime_IGateProvider_Interface__BASE__C)
                  0000b1e0    00000004     main_pem4f.oem4f (.const:xdc_runtime_IHeap_Interface__BASE__C)
                  0000b1e4    00000004     main_pem4f.oem4f (.const:xdc_runtime_ILogger_Interface__BASE__C)
                  0000b1e8    00000004     main_pem4f.oem4f (.const:xdc_runtime_IModule_Interface__BASE__C)
                  0000b1ec    00000004     main_pem4f.oem4f (.const:xdc_runtime_Log_L_error__C)
                  0000b1f0    00000004     main_pem4f.oem4f (.const:xdc_runtime_Log_L_warning__C)
                  0000b1f4    00000004     main_pem4f.oem4f (.const:xdc_runtime_Main_Module__diagsEnabled__C)
                  0000b1f8    00000004     main_pem4f.oem4f (.const:xdc_runtime_Main_Module__diagsIncluded__C)
                  0000b1fc    00000004     main_pem4f.oem4f (.const:xdc_runtime_Main_Module__diagsMask__C)
                  0000b200    00000004     main_pem4f.oem4f (.const:xdc_runtime_Main_Module__loggerFxn2__C)
                  0000b204    00000004     main_pem4f.oem4f (.const:xdc_runtime_Main_Module__loggerFxn4__C)
                  0000b208    00000004     main_pem4f.oem4f (.const:xdc_runtime_Main_Module__loggerObj__C)
                  0000b20c    00000004     main_pem4f.oem4f (.const:xdc_runtime_Memory_defaultHeapInstance__C)
                  0000b210    00000004     main_pem4f.oem4f (.const:xdc_runtime_Startup_execImpl__C)
                  0000b214    00000004     main_pem4f.oem4f (.const:xdc_runtime_Startup_maxPasses__C)
                  0000b218    00000004     main_pem4f.oem4f (.const:xdc_runtime_Startup_sfxnRts__C)
                  0000b21c    00000004     main_pem4f.oem4f (.const:xdc_runtime_Startup_sfxnTab__C)
                  0000b220    00000004     main_pem4f.oem4f (.const:xdc_runtime_SysMin_bufSize__C)
                  0000b224    00000004     main_pem4f.oem4f (.const:xdc_runtime_SysMin_outputFunc__C)
                  0000b228    00000004     main_pem4f.oem4f (.const:xdc_runtime_System_Module__gateObj__C)
                  0000b22c    00000004     main_pem4f.oem4f (.const:xdc_runtime_System_extendFxn__C)
                  0000b230    00000004     main_pem4f.oem4f (.const:xdc_runtime_System_maxAtexitHandlers__C)
                  0000b234    00000004     main_pem4f.oem4f (.const:xdc_runtime_Text_charTab__C)
                  0000b238    00000004     main_pem4f.oem4f (.const:xdc_runtime_Text_nameEmpty__C)
                  0000b23c    00000004     main_pem4f.oem4f (.const:xdc_runtime_Text_nameStatic__C)
                  0000b240    00000004     main_pem4f.oem4f (.const:xdc_runtime_Text_nameUnknown__C)
                  0000b244    00000004     main_pem4f.oem4f (.const:xdc_runtime_Text_nodeTab__C)
                  0000b248    00000004     main_pem4f.oem4f (.const:xdc_runtime_Text_visitRopeFxn__C)
                  0000b24c    00000002     main_pem4f.oem4f (.const:ti_sysbios_family_arm_lm4_TimestampProvider_useClockTimer__C)
                  0000b24e    00000002     main_pem4f.oem4f (.const:ti_sysbios_family_arm_m3_Hwi_Module__id__C)
                  0000b250    00000002     main_pem4f.oem4f (.const:ti_sysbios_family_arm_m3_Hwi_Module__loggerDefined__C)
                  0000b252    00000002     main_pem4f.oem4f (.const:ti_sysbios_gates_GateMutex_Module__id__C)
                  0000b254    00000002     main_pem4f.oem4f (.const:ti_sysbios_hal_Hwi_Module__id__C)
                  0000b256    00000002     main_pem4f.oem4f (.const:ti_sysbios_heaps_HeapMem_Module__id__C)
                  0000b258    00000002     main_pem4f.oem4f (.const:ti_sysbios_io_DEV_Module__id__C)
                  0000b25a    00000002     main_pem4f.oem4f (.const:ti_sysbios_knl_Clock_Module__id__C)
                  0000b25c    00000002     main_pem4f.oem4f (.const:ti_sysbios_knl_Clock_Module__loggerDefined__C)
                  0000b25e    00000002     main_pem4f.oem4f (.const:ti_sysbios_knl_Semaphore_Module__id__C)
                  0000b260    00000002     main_pem4f.oem4f (.const:ti_sysbios_knl_Semaphore_Module__loggerDefined__C)
                  0000b262    00000002     main_pem4f.oem4f (.const:ti_sysbios_knl_Swi_Module__id__C)
                  0000b264    00000002     main_pem4f.oem4f (.const:ti_sysbios_knl_Swi_Module__loggerDefined__C)
                  0000b266    00000002     main_pem4f.oem4f (.const:ti_sysbios_knl_Task_Module__id__C)
                  0000b268    00000002     main_pem4f.oem4f (.const:ti_sysbios_knl_Task_Module__loggerDefined__C)
                  0000b26a    00000002     main_pem4f.oem4f (.const:ti_sysbios_knl_Task_initStackFlag__C)
                  0000b26c    00000002     main_pem4f.oem4f (.const:ti_sysbios_utils_Load_Module__id__C)
                  0000b26e    00000002     main_pem4f.oem4f (.const:ti_sysbios_utils_Load_Module__loggerDefined__C)
                  0000b270    00000002     main_pem4f.oem4f (.const:ti_sysbios_utils_Load_autoAddTasks__C)
                  0000b272    00000002     main_pem4f.oem4f (.const:ti_sysbios_utils_Load_hwiEnabled__C)
                  0000b274    00000002     main_pem4f.oem4f (.const:ti_sysbios_utils_Load_updateInIdle__C)
                  0000b276    00000002     main_pem4f.oem4f (.const:ti_uia_runtime_LoggerStopMode_Module__id__C)
                  0000b278    00000002     main_pem4f.oem4f (.const:ti_uia_runtime_LoggerStopMode_filterByLevel__C)
                  0000b27a    00000002     main_pem4f.oem4f (.const:ti_uia_runtime_LoggerStopMode_isTimestampEnabled__C)
                  0000b27c    00000002     main_pem4f.oem4f (.const:xdc_runtime_Core_Module__id__C)
                  0000b27e    00000002     main_pem4f.oem4f (.const:xdc_runtime_Error_Module__loggerDefined__C)
                  0000b280    00000002     main_pem4f.oem4f (.const:xdc_runtime_Error_maxDepth__C)
                  0000b282    00000002     main_pem4f.oem4f (.const:xdc_runtime_Main_Module__id__C)
                  0000b284    00000002     main_pem4f.oem4f (.const:xdc_runtime_Main_Module__loggerDefined__C)
                  0000b286    00000002     main_pem4f.oem4f (.const:xdc_runtime_Memory_Module__id__C)
                  0000b288    00000002     main_pem4f.oem4f (.const:xdc_runtime_SysMin_flushAtExit__C)
                  0000b28a    00000002     main_pem4f.oem4f (.const:xdc_runtime_Text_charCnt__C)
                  0000b28c    00000002     main_pem4f.oem4f (.const:xdc_runtime_Text_isLoaded__C)
                  0000b28e    00000002     main_pem4f.oem4f (.const:xdc_runtime_Text_registryModsLastId__C)
                  0000b290    00000002     main_pem4f.oem4f (.const:xdc_runtime_Text_unnamedModsLastId__C)

.cinit     0    0000b298    000005a0     
                  0000b298    00000567     (.cinit..data.load) [load image, compression = rle]
                  0000b7ff    00000001     --HOLE-- [fill = 0]
                  0000b800    0000000c     (__TI_handler_table)
                  0000b80c    00000004     --HOLE-- [fill = 0]
                  0000b810    00000008     (.cinit..bss.load) [load image, compression = zero_init]
                  0000b818    00000008     (.cinit..vecs.load) [load image, compression = zero_init]
                  0000b820    00000018     (__TI_cinit_table)

.vecs      0    20000000    00000360     UNINITIALIZED
                  20000000    00000360     main_pem4f.oem4f (.vecs)

.bss       0    20000360    000034f8     UNINITIALIZED
                  20000360    00001000     main_pem4f.oem4f (.bss:taskStackSection)
                  20001360    00001000     main_pem4f.oem4f (.bss:ti_sysbios_heaps_HeapMem_Instance_State_0_buf__A)
                  20002360    00000480     main_pem4f.oem4f (.bss:ti_uia_runtime_LoggerStopMode_Instance_State_1_bufferArray__A)
                  200027e0    00000480     main_pem4f.oem4f (.bss:ti_uia_runtime_LoggerStopMode_Instance_State_2_bufferArray__A)
                  20002c60    00000440     EK_LM4F120XL.obj (.bss:uartTivaObjects)
                  200030a0    00000400     main_pem4f.oem4f (.bss:xdc_runtime_SysMin_Module_State_0_outbuf__A)
                  200034a0    00000280     main_pem4f.oem4f (.bss:ti_uia_runtime_LoggerStopMode_Instance_State_0_bufferArray__A)
                  20003720    00000120     rtsv7M4_T_le_v4SPD16_eabi.lib : trgmsg.obj (.bss:__CIOBUF_)
                  20003840    00000008     (.common:parmbuf)
                  20003848    00000008     (.common:ti_sysbios_knl_Task_Instance_State_0_hookEnv__A)
                  20003850    00000008     (.common:ti_sysbios_knl_Task_Instance_State_1_hookEnv__A)

.stack     0    20003858    00001000     UNINITIALIZED
                  20003858    00001000     --HOLE--

.data      0    20004858    00000b00     UNINITIALIZED
                  20004858    00000360     main_pem4f.oem4f (.data:ti_sysbios_family_arm_m3_Hwi_Module_State_0_dispatchTable__A)
                  20004bb8    000001fc     main_pem4f.oem4f (.data)
                  20004db4    00000108     main_pem4f.oem4f (.data:ti_uia_runtime_LoggerStopMode_Object__table__V)
                  20004ebc    000000a0     main_pem4f.oem4f (.data:ti_sysbios_knl_Task_Object__table__V)
                  20004f5c    00000098     main_pem4f.oem4f (.data:ti_sysbios_utils_Load_Module__state__V)
                  20004ff4    00000080     main_pem4f.oem4f (.data:ti_sysbios_knl_Swi_Module_State_0_readyQ__A)
                  20005074    00000080     main_pem4f.oem4f (.data:ti_sysbios_knl_Task_Module_State_0_readyQ__A)
                  200050f4    00000070     main_pem4f.oem4f (.data:ti_sysbios_family_arm_lm4_Timer_Object__table__V)
                  20005164    0000005c     main_pem4f.oem4f (.data:ti_sysbios_family_arm_m3_Hwi_Module__state__V)
                  200051c0    00000044     main_pem4f.oem4f (.data:ti_sysbios_knl_Task_Module__state__V)
                  20005204    00000038     main_pem4f.oem4f (.data:ti_sysbios_gates_GateMutex_Object__table__V)
                  2000523c    00000038     main_pem4f.oem4f (.data:ti_sysbios_utils_Load_Module_State_0_taskEnv__A)
                  20005274    00000030     main_pem4f.oem4f (.data:ti_sysbios_family_arm_lm4_Timer_Module_State_0_device__A)
                  200052a4    00000030     main_pem4f.oem4f (.data:ti_sysbios_family_arm_m3_Hwi_Object__table__V)
                  200052d4    00000030     main_pem4f.oem4f (.data:ti_sysbios_knl_Swi_Object__table__V)
                  20005304    00000028     main_pem4f.oem4f (.data:ti_sysbios_knl_Clock_Module__state__V)
                  2000532c    00000008     gpio_tivaware.aem4f : GPIO.oem4f (.data)
                  20005334    00000008     rtsv7M4_T_le_v4SPD16_eabi.lib : _lock.obj (.data)
                  2000533c    00000008                                   : exit.obj (.data)
                  20005344    00000008     ti.uia.runtime.aem4f : QueueDescriptor.oem4f (.data)
                  2000534c    00000004     rtsv7M4_T_le_v4SPD16_eabi.lib : dtor_list.obj (.data)
                  20005350    00000004                                   : stkdepth_vars.obj (.data)
                  20005354    00000004     uart_tivaware.aem4f : UART.oem4f (.data)


LINKER GENERATED COPY TABLES

__TI_cinit_table @ 0000b820 records: 3, size/record: 8, table size: 24
	.data: load addr=0000b298, load size=00000567 bytes, run addr=20004858, run size=00000b00 bytes, compression=rle
	.bss: load addr=0000b810, load size=00000008 bytes, run addr=20000360, run size=000034f8 bytes, compression=zero_init
	.vecs: load addr=0000b818, load size=00000008 bytes, run addr=20000000, run size=00000360 bytes, compression=zero_init


LINKER GENERATED HANDLER TABLE

__TI_handler_table @ 0000b800 records: 3, size/record: 4, table size: 12
	index: 0, handler: __TI_zero_init
	index: 1, handler: __TI_decompress_rle24
	index: 2, handler: __TI_decompress_none


GLOBAL SYMBOLS: SORTED ALPHABETICALLY BY Name 

address    name
--------   ----
00006d6d   C$$EXIT
00006557   C$$IO$$
00005b2d   EK_LM4F120XL_initGPIO
00007011   EK_LM4F120XL_initGeneral
00003e85   EK_LM4F120XL_initUART
00007811   GPIODirModeSet
000038a1   GPIOPadConfigSet
00006ae9   GPIOPinConfigure
00007f31   GPIOPinTypeGPIOInput
00007d8b   GPIOPinTypeGPIOOutput
00007f43   GPIOPinTypeUART
00008289   GPIOPinWrite
0000aee4   GPIO_config
0000792d   GPIO_init
000048b1   GPIO_write
00001035   HOSTclock
00000ffd   HOSTclose
00000fbf   HOSTgetenv
00000f63   HOSTlseek
00000f11   HOSTopen
00000ec5   HOSTread
00000e67   HOSTrename
00000e2d   HOSTtime
00000df5   HOSTunlink
00000da9   HOSTwrite
UNDEFED    SHT$$INIT_ARRAY$$Base
UNDEFED    SHT$$INIT_ARRAY$$Limit
000073f9   SysCtlPeripheralEnable
20004f0c   TSK_idle
00008215   UARTCharGet
00008101   UARTCharGetNonBlocking
0000821f   UARTCharPut
0000810f   UARTCharPutNonBlocking
00006f8d   UARTConfigSetExpClk
00007bdd   UARTDisable
00007e91   UARTEnable
0000828f   UARTFIFOLevelSet
000082d7   UARTIntClear
00008229   UARTIntDisable
00008251   UARTIntEnable
00008233   UARTIntStatus
00005671   UARTTiva_close
0000ad14   UARTTiva_fxnTable
00008259   UARTTiva_init
0000107d   UARTTiva_open
00001e05   UARTTiva_read
00004c29   UARTTiva_readCancel
00002685   UARTTiva_readPolling
00001c01   UARTTiva_write
00004b69   UARTTiva_writeCancel
00002ab5   UARTTiva_writePolling
0000742d   UART_Params_init
0000aa98   UART_config
0000aea8   UART_defaultParams
00007201   UART_init
00006b31   UART_open
00007461   UART_read
00007495   UART_write
00000000   __ASM__
20003720   __CIOBUF_
00000073   __ISA__
00000086   __PLAT__
20004858   __STACK_END
00001000   __STACK_SIZE
20003958   __STACK_TOP
000000a7   __TARG__
0000b820   __TI_CINIT_Base
0000b838   __TI_CINIT_Limit
0000b800   __TI_Handler_Table_Base
0000b80c   __TI_Handler_Table_Limit
00000001   __TI_args_main
00005711   __TI_auto_init
2000533c   __TI_cleanup_ptr
0000811d   __TI_decompress_none
0000829b   __TI_decompress_rle24
20005340   __TI_dtors_ptr
0000655b   __TI_readmsg
00000000   __TI_static_base__
0000652d   __TI_writemsg
00007f55   __TI_zero_init
000000cd   __TRDR__
00004721   __aeabi_atexit
00005e47   __aeabi_memclr
00005e47   __aeabi_memclr4
00005e47   __aeabi_memclr8
000057b1   __aeabi_memcpy
000057b1   __aeabi_memcpy4
000057b1   __aeabi_memcpy8
00005e49   __aeabi_memset
00005e49   __aeabi_memset4
00005e49   __aeabi_memset8
ffffffff   __binit__
ffffffff   __c_args__
0000470f   __cxa_atexit
000046c9   __cxa_finalize
00004709   __cxa_ia64_exit
20003858   __stack
00008295   __xdc__init
20004db0   __xdc__init__addr
00007dbd   _args_main
00006761   _c_int00
0000a82e   _ctypes_
20005334   _lock
00007eb3   _nop
00007eab   _register_lock
00007ea5   _register_unlock
20005338   _unlock
00006d71   abort
00004713   atexit
00006a51   atoi
ffffffff   binit
00006d29   copy_in
00006d79   exit
00007da3   free
0000abec   gpioHWAttrs
000074c9   init_mux_pins
000068bd   init_uart
00007951   main
20005350   main_func_sp
00007655   malloc
000057b1   memcpy
00005e4f   memset
00005c3d   mux_1
00007fc1   strcpy
00007eb9   strlen
000021c9   tcp_connection
0000afb4   ti_catalog_arm_cortexm4_tiva_ce_Boot_A_mustUseEnhancedClockMode__C
0000afb8   ti_catalog_arm_cortexm4_tiva_ce_Boot_Module__diagsEnabled__C
0000afbc   ti_catalog_arm_cortexm4_tiva_ce_Boot_Module__diagsIncluded__C
0000afc0   ti_catalog_arm_cortexm4_tiva_ce_Boot_Module__diagsMask__C
0000aee2   ti_catalog_arm_cortexm4_tiva_ce_Boot_Module__id__C
00008149   ti_catalog_arm_cortexm4_tiva_ce_Boot_init__I
000040c9   ti_catalog_arm_cortexm4_tiva_ce_Boot_sysCtlClockSetI__I
000058e9   ti_catalog_arm_cortexm4_tiva_ce_Boot_sysCtlClockSet__E
000082a1   ti_catalog_arm_cortexm4_tiva_ce_Boot_sysCtlDelayI__I
0000afc4   ti_sysbios_BIOS_Module__diagsEnabled__C
0000afc8   ti_sysbios_BIOS_Module__diagsIncluded__C
0000afcc   ti_sysbios_BIOS_Module__diagsMask__C
0000af6a   ti_sysbios_BIOS_Module__id__C
20004bb8   ti_sysbios_BIOS_Module__state__V
000082db   ti_sysbios_BIOS_RtsGateProxy_enter__E
000082df   ti_sysbios_BIOS_RtsGateProxy_leave__E
000082f3   ti_sysbios_BIOS_RtsGateProxy_query__E
00006b79   ti_sysbios_BIOS_errorRaiseHook__I
00007565   ti_sysbios_BIOS_exitFunc__I
00007fd1   ti_sysbios_BIOS_getCpuFreq__E
0000afd0   ti_sysbios_BIOS_installedErrorHook__C
00002377   ti_sysbios_BIOS_nullFunc__I
00007975   ti_sysbios_BIOS_registerRTSLock__I
00007bf9   ti_sysbios_BIOS_rtsLock__I
00006395   ti_sysbios_BIOS_rtsUnlock__I
00007fe1   ti_sysbios_BIOS_setThreadType__E
00007999   ti_sysbios_BIOS_startFunc__I
00007ff1   ti_sysbios_BIOS_start__E
20005274   ti_sysbios_family_arm_lm4_Timer_Module_State_0_device__A
20004be0   ti_sysbios_family_arm_lm4_Timer_Module_State_0_handles__A
20004bd8   ti_sysbios_family_arm_lm4_Timer_Module__root__V
00007dd5   ti_sysbios_family_arm_lm4_Timer_Module__startupDone__F
00007dd5   ti_sysbios_family_arm_lm4_Timer_Module__startupDone__S
20004bf8   ti_sysbios_family_arm_lm4_Timer_Module__state__V
0000664d   ti_sysbios_family_arm_lm4_Timer_Module_startup__E
0000664d   ti_sysbios_family_arm_lm4_Timer_Module_startup__F
200050f4   ti_sysbios_family_arm_lm4_Timer_Object__table__V
0000afd4   ti_sysbios_family_arm_lm4_Timer_enableFunc__C
00005529   ti_sysbios_family_arm_lm4_Timer_enableTimers__I
00005285   ti_sysbios_family_arm_lm4_Timer_enableTiva__I
000082e3   ti_sysbios_family_arm_lm4_Timer_getPeriod__E
00005f39   ti_sysbios_family_arm_lm4_Timer_isrStub__E
00008155   ti_sysbios_family_arm_lm4_Timer_masterDisable__I
000082e7   ti_sysbios_family_arm_lm4_Timer_masterEnable__I
0000afd8   ti_sysbios_family_arm_lm4_Timer_numTimerDevices__C
000017c1   ti_sysbios_family_arm_lm4_Timer_start__E
0000afdc   ti_sysbios_family_arm_lm4_Timer_startupNeeded__C
00007051   ti_sysbios_family_arm_lm4_Timer_startup__E
00006db1   ti_sysbios_family_arm_lm4_Timer_stop__E
20004c04   ti_sysbios_family_arm_lm4_TimestampProvider_Module__state__V
000082a7   ti_sysbios_family_arm_lm4_TimestampProvider_Module_startup__E
000082a7   ti_sysbios_family_arm_lm4_TimestampProvider_Module_startup__F
00004da1   ti_sysbios_family_arm_lm4_TimestampProvider_get32__E
00003b01   ti_sysbios_family_arm_lm4_TimestampProvider_get64__E
[...]
000082a7   ti_sysbios_family_arm_lm4_TimestampProvider_Module_startup__E
000082a7   ti_sysbios_family_arm_lm4_TimestampProvider_Module_startup__F
000082ad   ti_sysbios_family_arm_m3_Hwi_restoreFxn__E
000082ad   ti_sysbios_hal_Hwi_HwiProxy_restore__E
000082ad   ti_sysbios_hal_Hwi_restore__E
000082b3   ti_sysbios_gates_GateHwi_leave__E
000082b9   ti_sysbios_heaps_HeapMem_isBlocking__E
000082bf   ti_sysbios_knl_Queue_Instance_init__F
000082c5   ti_uia_runtime_LoggerStopMode_getPriority__E
000082cb   ti_uia_runtime_LoggerStopMode_getTransferType__E
000082cb   ti_uia_runtime_LoggerStopMode_getTransferType__F
000082d1   xdc_runtime_System_Module_startup__E
000082d1   xdc_runtime_System_Module_startup__F
000082d7   UARTIntClear
000082db   ti_sysbios_BIOS_RtsGateProxy_enter__E
000082df   ti_sysbios_BIOS_RtsGateProxy_leave__E
000082e3   ti_sysbios_family_arm_lm4_Timer_getPeriod__E
000082e7   ti_sysbios_family_arm_lm4_Timer_masterEnable__I
000082eb   ti_sysbios_family_arm_m3_TaskSupport_Module__startupDone__S
000082ef   ti_sysbios_gates_GateHwi_query__E
000082ef   ti_sysbios_gates_GateHwi_query__F
000082ef   xdc_runtime_Main_Module_GateProxy_query__E
000082ef   xdc_runtime_System_Module_GateProxy_query__E
000082f3   ti_sysbios_BIOS_RtsGateProxy_query__E
000082f3   ti_sysbios_gates_GateMutex_query__E
000082f3   ti_sysbios_gates_GateMutex_query__F
000082f3   ti_sysbios_heaps_HeapMem_Module_GateProxy_query__E
000082f7   ti_sysbios_hal_Hwi_HwiProxy_Module__startupDone__S
000082fb   ti_sysbios_hal_Timer_TimerProxy_Module__startupDone__S
000082ff   ti_sysbios_hal_Timer_TimerProxy_getPeriod__E
00008303   ti_sysbios_heaps_HeapMem_Module_GateProxy_enter__E
00008307   ti_sysbios_heaps_HeapMem_Module_GateProxy_leave__E
0000830b   ti_sysbios_knl_Task_SupportProxy_Module__startupDone__S
0000830f   ti_sysbios_knl_Task_startup__E
00008313   ti_uia_runtime_LogSync_CpuTimestampProxy_Module__startupDone__S
00008317   ti_uia_runtime_LogSync_GlobalTimestampProxy_Module__startupDone__S
0000831b   ti_uia_runtime_LoggerStopMode_getInstanceId__E
0000831f   ti_uia_runtime_LoggerStopMode_getMaxLength__E
00008323   ti_uia_runtime_LoggerStopMode_setPriority__E
00008327   xdc_runtime_Error_getSite__E
00008327   xdc_runtime_Error_getSite__F
0000832b   xdc_runtime_Memory_HeapProxy_alloc__E
0000832f   xdc_runtime_Memory_HeapProxy_free__E
00008333   xdc_runtime_System_Module_GateProxy_enter__E
00008337   xdc_runtime_System_Module_GateProxy_leave__E
0000833b   xdc_runtime_System_aprintf_va__F
0000833f   xdc_runtime_System_printf_va__F
00008343   xdc_runtime_System_vsnprintf__E
00008347   xdc_runtime_TimestampNull_Module__startupDone__S
0000834b   xdc_runtime_Timestamp_Module__startupDone__S
00008350   xdc_runtime_Text_charTab__A
0000a6f1   xdc_runtime_Error_policy__C
0000a6f2   xdc_runtime_Text_nodeTab__A
0000a82e   _ctypes_
0000a930   ti_sysbios_family_arm_m3_Hwi_priorities__A
0000aa98   UART_config
0000ab04   ti_uia_runtime_LoggerStopMode_Module__FXNS__C
0000abac   uartTivaHWAttrs
0000abec   gpioHWAttrs
0000ac28   xdc_runtime_Startup_sfxnTab__A
0000ac5c   ti_sysbios_family_arm_m3_Hwi_Object__PARAMS__C
0000ac8c   ti_sysbios_knl_Task_hooks__A
0000acbc   ti_uia_runtime_LoggerStopMode_Object__PARAMS__C
0000acec   ti_sysbios_heaps_HeapMem_Module__FXNS__C
0000ad14   UARTTiva_fxnTable
0000ad38   ti_sysbios_gates_GateHwi_Module__FXNS__C
0000ad5c   ti_sysbios_gates_GateMutex_Module__FXNS__C
0000ad80   ti_sysbios_heaps_HeapMem_Object__PARAMS__C
0000ada4   ti_sysbios_knl_Semaphore_Object__PARAMS__C
0000adc8   ti_sysbios_family_arm_m3_Hwi_Object__DESC__C
0000ade8   ti_sysbios_gates_GateHwi_Object__DESC__C
0000ae08   ti_sysbios_gates_GateMutex_Object__DESC__C
0000ae28   ti_sysbios_heaps_HeapMem_Object__DESC__C
0000ae48   ti_sysbios_knl_Queue_Object__DESC__C
0000ae68   ti_sysbios_knl_Semaphore_Object__DESC__C
0000ae88   ti_uia_runtime_LoggerStopMode_Object__DESC__C
0000aea8   UART_defaultParams
0000aec8   xdc_runtime_Startup_sfxnRts__A
0000aee2   ti_catalog_arm_cortexm4_tiva_ce_Boot_Module__id__C
0000aee4   GPIO_config
0000aefc   ti_sysbios_gates_GateHwi_Object__PARAMS__C
0000af14   ti_sysbios_gates_GateMutex_Object__PARAMS__C
0000af2c   ti_sysbios_knl_Queue_Object__PARAMS__C
0000af44   xdc_runtime_Startup_firstFxns__A
0000af6a   ti_sysbios_BIOS_Module__id__C
0000af6c   ti_sysbios_family_arm_m3_Hwi_excHookFuncs__A
0000af74   ti_sysbios_knl_Idle_coreList__A
0000af7c   ti_sysbios_knl_Idle_coreList__C
0000af84   ti_sysbios_knl_Idle_funcList__A
0000af8c   ti_sysbios_knl_Idle_funcList__C
0000af94   ti_sysbios_knl_Task_hooks__C
0000af9c   xdc_runtime_Startup_firstFxns__C
0000afa4   xdc_runtime_Startup_lastFxns__A
0000afac   xdc_runtime_Startup_lastFxns__C
0000afb4   ti_catalog_arm_cortexm4_tiva_ce_Boot_A_mustUseEnhancedClockMode__C
0000afb8   ti_catalog_arm_cortexm4_tiva_ce_Boot_Module__diagsEnabled__C
0000afbc   ti_catalog_arm_cortexm4_tiva_ce_Boot_Module__diagsIncluded__C
0000afc0   ti_catalog_arm_cortexm4_tiva_ce_Boot_Module__diagsMask__C
0000afc4   ti_sysbios_BIOS_Module__diagsEnabled__C
0000afc8   ti_sysbios_BIOS_Module__diagsIncluded__C
0000afcc   ti_sysbios_BIOS_Module__diagsMask__C
0000afd0   ti_sysbios_BIOS_installedErrorHook__C
0000afd4   ti_sysbios_family_arm_lm4_Timer_enableFunc__C
0000afd8   ti_sysbios_family_arm_lm4_Timer_numTimerDevices__C
0000afdc   ti_sysbios_family_arm_lm4_Timer_startupNeeded__C
0000afe0   ti_sysbios_family_arm_m3_Hwi_E_NMI__C
0000afe4   ti_sysbios_family_arm_m3_Hwi_E_alreadyDefined__C
0000afe8   ti_sysbios_family_arm_m3_Hwi_E_busFault__C
0000afec   ti_sysbios_family_arm_m3_Hwi_E_debugMon__C
0000aff0   ti_sysbios_family_arm_m3_Hwi_E_hardFault__C
0000aff4   ti_sysbios_family_arm_m3_Hwi_E_memFault__C
0000aff8   ti_sysbios_family_arm_m3_Hwi_E_noIsr__C
0000affc   ti_sysbios_family_arm_m3_Hwi_E_reserved__C
0000b000   ti_sysbios_family_arm_m3_Hwi_E_svCall__C
0000b004   ti_sysbios_family_arm_m3_Hwi_E_usageFault__C
0000b008   ti_sysbios_family_arm_m3_Hwi_LD_end__C
0000b00c   ti_sysbios_family_arm_m3_Hwi_LM_begin__C
0000b010   ti_sysbios_family_arm_m3_Hwi_Module__diagsEnabled__C
0000b014   ti_sysbios_family_arm_m3_Hwi_Module__diagsIncluded__C
0000b018   ti_sysbios_family_arm_m3_Hwi_Module__diagsMask__C
0000b01c   ti_sysbios_family_arm_m3_Hwi_Module__loggerFxn1__C
0000b020   ti_sysbios_family_arm_m3_Hwi_Module__loggerFxn8__C
0000b024   ti_sysbios_family_arm_m3_Hwi_Module__loggerObj__C
0000b028   ti_sysbios_family_arm_m3_Hwi_NUM_INTERRUPTS__C
0000b02c   ti_sysbios_family_arm_m3_Hwi_ccr__C
0000b030   ti_sysbios_family_arm_m3_Hwi_dispatchTable__C
0000b034   ti_sysbios_family_arm_m3_Hwi_excHandlerFunc__C
0000b038   ti_sysbios_family_arm_m3_Hwi_excHookFuncs__C
0000b03c   ti_sysbios_family_arm_m3_Hwi_priGroup__C
0000b040   ti_sysbios_family_arm_m3_Hwi_priorities__C
0000b044   ti_sysbios_gates_GateMutex_A_badContext__C
0000b048   ti_sysbios_gates_GateMutex_Instance_State_sem__O
0000b04c   ti_sysbios_gates_GateMutex_Module__diagsEnabled__C
0000b050   ti_sysbios_gates_GateMutex_Module__diagsIncluded__C
0000b054   ti_sysbios_gates_GateMutex_Module__diagsMask__C
0000b058   ti_sysbios_hal_Hwi_E_stackOverflow__C
0000b05c   ti_sysbios_heaps_HeapMem_A_align__C
0000b060   ti_sysbios_heaps_HeapMem_A_heapSize__C
0000b064   ti_sysbios_heaps_HeapMem_A_invalidFree__C
0000b068   ti_sysbios_heaps_HeapMem_A_zeroBlock__C
0000b06c   ti_sysbios_heaps_HeapMem_E_memory__C
0000b070   ti_sysbios_heaps_HeapMem_Module__diagsEnabled__C
0000b074   ti_sysbios_heaps_HeapMem_Module__diagsIncluded__C
0000b078   ti_sysbios_heaps_HeapMem_Module__diagsMask__C
0000b07c   ti_sysbios_heaps_HeapMem_Module__gateObj__C
0000b080   ti_sysbios_heaps_HeapMem_Object__count__C
0000b084   ti_sysbios_heaps_HeapMem_reqAlign__C
0000b088   ti_sysbios_io_DEV_Object__count__C
0000b08c   ti_sysbios_io_DEV_tableSize__C
0000b090   ti_sysbios_knl_Clock_LM_begin__C
0000b094   ti_sysbios_knl_Clock_LM_tick__C
0000b098   ti_sysbios_knl_Clock_LW_delayed__C
0000b09c   ti_sysbios_knl_Clock_Module_State_clockQ__O
0000b0a0   ti_sysbios_knl_Clock_Module__diagsEnabled__C
0000b0a4   ti_sysbios_knl_Clock_Module__diagsIncluded__C
0000b0a8   ti_sysbios_knl_Clock_Module__diagsMask__C
0000b0ac   ti_sysbios_knl_Clock_Module__loggerFxn1__C
0000b0b0   ti_sysbios_knl_Clock_Module__loggerFxn2__C
0000b0b4   ti_sysbios_knl_Clock_Module__loggerObj__C
0000b0b8   ti_sysbios_knl_Semaphore_A_badContext__C
0000b0bc   ti_sysbios_knl_Semaphore_A_noEvents__C
0000b0c0   ti_sysbios_knl_Semaphore_A_overflow__C
0000b0c4   ti_sysbios_knl_Semaphore_A_pendTaskDisabled__C
0000b0c8   ti_sysbios_knl_Semaphore_Instance_State_pendQ__O
0000b0cc   ti_sysbios_knl_Semaphore_LM_pend__C
0000b0d0   ti_sysbios_knl_Semaphore_LM_post__C
0000b0d4   ti_sysbios_knl_Semaphore_Module__diagsEnabled__C
0000b0d8   ti_sysbios_knl_Semaphore_Module__diagsIncluded__C
0000b0dc   ti_sysbios_knl_Semaphore_Module__diagsMask__C
0000b0e0   ti_sysbios_knl_Semaphore_Module__loggerFxn2__C
0000b0e4   ti_sysbios_knl_Semaphore_Module__loggerFxn4__C
0000b0e8   ti_sysbios_knl_Semaphore_Module__loggerObj__C
0000b0ec   ti_sysbios_knl_Swi_LD_end__C
0000b0f0   ti_sysbios_knl_Swi_LM_begin__C
0000b0f4   ti_sysbios_knl_Swi_LM_post__C
0000b0f8   ti_sysbios_knl_Swi_Module__diagsEnabled__C
0000b0fc   ti_sysbios_knl_Swi_Module__diagsIncluded__C
0000b100   ti_sysbios_knl_Swi_Module__diagsMask__C
0000b104   ti_sysbios_knl_Swi_Module__loggerFxn1__C
0000b108   ti_sysbios_knl_Swi_Module__loggerFxn4__C
0000b10c   ti_sysbios_knl_Swi_Module__loggerObj__C
0000b110   ti_sysbios_knl_Swi_Object__count__C
0000b114   ti_sysbios_knl_Task_E_spOutOfBounds__C
0000b118   ti_sysbios_knl_Task_E_stackOverflow__C
0000b11c   ti_sysbios_knl_Task_LD_block__C
0000b120   ti_sysbios_knl_Task_LD_exit__C
0000b124   ti_sysbios_knl_Task_LD_ready__C
0000b128   ti_sysbios_knl_Task_LM_switch__C
0000b12c   ti_sysbios_knl_Task_Module_State_inactiveQ__O
0000b130   ti_sysbios_knl_Task_Module__diagsEnabled__C
0000b134   ti_sysbios_knl_Task_Module__diagsIncluded__C
0000b138   ti_sysbios_knl_Task_Module__diagsMask__C
0000b13c   ti_sysbios_knl_Task_Module__loggerFxn2__C
0000b140   ti_sysbios_knl_Task_Module__loggerFxn4__C
0000b144   ti_sysbios_knl_Task_Module__loggerObj__C
0000b148   ti_sysbios_knl_Task_Object__count__C
0000b14c   ti_sysbios_knl_Task_Object__heap__C
0000b150   ti_sysbios_knl_Task_allBlockedFunc__C
0000b154   ti_sysbios_knl_Task_numConstructedTasks__C
0000b158   ti_sysbios_utils_Load_LS_cpuLoad__C
0000b15c   ti_sysbios_utils_Load_LS_hwiLoad__C
0000b160   ti_sysbios_utils_Load_LS_taskLoad__C
0000b164   ti_sysbios_utils_Load_Module_State_taskList__O
0000b168   ti_sysbios_utils_Load_Module__diagsEnabled__C
0000b16c   ti_sysbios_utils_Load_Module__diagsIncluded__C
0000b170   ti_sysbios_utils_Load_Module__diagsMask__C
0000b174   ti_sysbios_utils_Load_Module__loggerFxn1__C
0000b178   ti_sysbios_utils_Load_Module__loggerFxn2__C
0000b17c   ti_sysbios_utils_Load_Module__loggerFxn4__C
0000b180   ti_sysbios_utils_Load_Module__loggerObj__C
0000b184   ti_sysbios_utils_Load_postUpdate__C
0000b188   ti_sysbios_utils_Load_windowInMs__C
0000b18c   ti_uia_runtime_ILoggerSnapshot_Interface__BASE__C
0000b190   ti_uia_runtime_IUIATransfer_Interface__BASE__C
0000b194   ti_uia_runtime_LoggerStopMode_E_badLevel__C
0000b198   ti_uia_runtime_LoggerStopMode_Object__count__C
0000b19c   ti_uia_runtime_LoggerStopMode_overflowLogger__C
0000b1a0   ti_uia_runtime_LoggerStopMode_statusLogger__C
0000b1a4   xdc_runtime_Assert_E_assertFailed__C
0000b1a8   xdc_runtime_Core_A_initializedParams__C
0000b1ac   xdc_runtime_Core_Module__diagsEnabled__C
0000b1b0   xdc_runtime_Core_Module__diagsIncluded__C
0000b1b4   xdc_runtime_Core_Module__diagsMask__C
0000b1b8   xdc_runtime_Error_E_generic__C
0000b1bc   xdc_runtime_Error_E_memory__C
0000b1c0   xdc_runtime_Error_Module__diagsEnabled__C
0000b1c4   xdc_runtime_Error_Module__diagsIncluded__C
0000b1c8   xdc_runtime_Error_Module__diagsMask__C
0000b1cc   xdc_runtime_Error_Module__loggerFxn8__C
0000b1d0   xdc_runtime_Error_Module__loggerObj__C
0000b1d4   xdc_runtime_Error_raiseHook__C
0000b1d8   xdc_runtime_IFilterLogger_Interface__BASE__C
0000b1dc   xdc_runtime_IGateProvider_Interface__BASE__C
0000b1e0   xdc_runtime_IHeap_Interface__BASE__C
0000b1e4   xdc_runtime_ILogger_Interface__BASE__C
0000b1e8   xdc_runtime_IModule_Interface__BASE__C
0000b1ec   xdc_runtime_Log_L_error__C
0000b1f0   xdc_runtime_Log_L_warning__C
0000b1f4   xdc_runtime_Main_Module__diagsEnabled__C
0000b1f8   xdc_runtime_Main_Module__diagsIncluded__C
0000b1fc   xdc_runtime_Main_Module__diagsMask__C
0000b200   xdc_runtime_Main_Module__loggerFxn2__C
0000b204   xdc_runtime_Main_Module__loggerFxn4__C
0000b208   xdc_runtime_Main_Module__loggerObj__C
0000b20c   xdc_runtime_Memory_defaultHeapInstance__C
0000b210   xdc_runtime_Startup_execImpl__C
0000b214   xdc_runtime_Startup_maxPasses__C
0000b218   xdc_runtime_Startup_sfxnRts__C
0000b21c   xdc_runtime_Startup_sfxnTab__C
0000b220   xdc_runtime_SysMin_bufSize__C
0000b224   xdc_runtime_SysMin_outputFunc__C
0000b228   xdc_runtime_System_Module__gateObj__C
0000b22c   xdc_runtime_System_extendFxn__C
0000b230   xdc_runtime_System_maxAtexitHandlers__C
0000b234   xdc_runtime_Text_charTab__C
0000b238   xdc_runtime_Text_nameEmpty__C
0000b23c   xdc_runtime_Text_nameStatic__C
0000b240   xdc_runtime_Text_nameUnknown__C
0000b244   xdc_runtime_Text_nodeTab__C
0000b248   xdc_runtime_Text_visitRopeFxn__C
0000b24c   ti_sysbios_family_arm_lm4_TimestampProvider_useClockTimer__C
0000b24e   ti_sysbios_family_arm_m3_Hwi_Module__id__C
0000b250   ti_sysbios_family_arm_m3_Hwi_Module__loggerDefined__C
0000b252   ti_sysbios_gates_GateMutex_Module__id__C
0000b254   ti_sysbios_hal_Hwi_Module__id__C
0000b256   ti_sysbios_heaps_HeapMem_Module__id__C
0000b258   ti_sysbios_io_DEV_Module__id__C
0000b25a   ti_sysbios_knl_Clock_Module__id__C
0000b25c   ti_sysbios_knl_Clock_Module__loggerDefined__C
0000b25e   ti_sysbios_knl_Semaphore_Module__id__C
0000b260   ti_sysbios_knl_Semaphore_Module__loggerDefined__C
0000b262   ti_sysbios_knl_Swi_Module__id__C
0000b264   ti_sysbios_knl_Swi_Module__loggerDefined__C
0000b266   ti_sysbios_knl_Task_Module__id__C
0000b268   ti_sysbios_knl_Task_Module__loggerDefined__C
0000b26a   ti_sysbios_knl_Task_initStackFlag__C
0000b26c   ti_sysbios_utils_Load_Module__id__C
0000b26e   ti_sysbios_utils_Load_Module__loggerDefined__C
0000b270   ti_sysbios_utils_Load_autoAddTasks__C
0000b272   ti_sysbios_utils_Load_hwiEnabled__C
0000b274   ti_sysbios_utils_Load_updateInIdle__C
0000b276   ti_uia_runtime_LoggerStopMode_Module__id__C
0000b278   ti_uia_runtime_LoggerStopMode_filterByLevel__C
0000b27a   ti_uia_runtime_LoggerStopMode_isTimestampEnabled__C
0000b27c   xdc_runtime_Core_Module__id__C
0000b27e   xdc_runtime_Error_Module__loggerDefined__C
0000b280   xdc_runtime_Error_maxDepth__C
0000b282   xdc_runtime_Main_Module__id__C
0000b284   xdc_runtime_Main_Module__loggerDefined__C
0000b286   xdc_runtime_Memory_Module__id__C
0000b288   xdc_runtime_SysMin_flushAtExit__C
0000b28a   xdc_runtime_Text_charCnt__C
0000b28c   xdc_runtime_Text_isLoaded__C
0000b28e   xdc_runtime_Text_registryModsLastId__C
0000b290   xdc_runtime_Text_unnamedModsLastId__C
0000b800   __TI_Handler_Table_Base
0000b80c   __TI_Handler_Table_Limit
0000b820   __TI_CINIT_Base
0000b838   __TI_CINIT_Limit
20000000   ti_sysbios_family_arm_m3_Hwi_ramVectors
20000360   ti_sysbios_knl_Task_Instance_State_0_stack__A
20000b60   ti_sysbios_knl_Task_Instance_State_1_stack__A
20001360   ti_sysbios_heaps_HeapMem_Instance_State_0_buf__A
20002360   ti_uia_runtime_LoggerStopMode_Instance_State_1_bufferArray__A
200027e0   ti_uia_runtime_LoggerStopMode_Instance_State_2_bufferArray__A
20002c60   uartTivaObjects
200030a0   xdc_runtime_SysMin_Module_State_0_outbuf__A
200034a0   ti_uia_runtime_LoggerStopMode_Instance_State_0_bufferArray__A
20003720   __CIOBUF_
20003848   ti_sysbios_knl_Task_Instance_State_0_hookEnv__A
20003850   ti_sysbios_knl_Task_Instance_State_1_hookEnv__A
20003858   __stack
20003958   __STACK_TOP
20004858   __STACK_END
20004858   ti_sysbios_family_arm_m3_Hwi_Module_State_0_dispatchTable__A
20004bb8   ti_sysbios_BIOS_Module__state__V
20004bd8   ti_sysbios_family_arm_lm4_Timer_Module__root__V
20004be0   ti_sysbios_family_arm_lm4_Timer_Module_State_0_handles__A
20004bf8   ti_sysbios_family_arm_lm4_Timer_Module__state__V
20004c04   ti_sysbios_family_arm_lm4_TimestampProvider_Module__state__V
20004c0c   ti_sysbios_family_arm_m3_Hwi_Module__root__V
20004c14   ti_sysbios_family_arm_m3_Hwi_Module_State_0_excActive__A
20004c18   ti_sysbios_family_arm_m3_Hwi_Module_State_0_excContext__A
20004c1c   ti_sysbios_family_arm_m3_Hwi_Module_State_0_excStack__A
20004c20   ti_sysbios_gates_GateHwi_Module__root__V
20004c28   ti_sysbios_gates_GateHwi_Object__table__V
20004c2c   ti_sysbios_gates_GateMutex_Module__root__V
20004c34   ti_sysbios_hal_Hwi_Module__root__V
20004c3c   ti_sysbios_hal_Timer_Module__root__V
20004c44   ti_sysbios_hal_Timer_Object__table__V
20004c4c   ti_sysbios_heaps_HeapMem_Module__root__V
20004c54   ti_sysbios_heaps_HeapMem_Object__table__V
20004c6c   ti_sysbios_io_DEV_Module__root__V
20004c74   ti_sysbios_io_DEV_Module_State_0_table__A
20004c94   ti_sysbios_io_DEV_Module__state__V
20004c98   ti_sysbios_io_GIO_Module__root__V
20004ca0   ti_sysbios_knl_Clock_Module__root__V
20004ca8   ti_sysbios_knl_Event_Module__root__V
20004cb4   ti_sysbios_knl_Queue_Module__root__V
20004cbc   ti_sysbios_knl_Semaphore_Module__root__V
20004cc8   ti_sysbios_knl_Swi_Module__root__V
20004cd0   ti_sysbios_knl_Swi_Module__state__V
20004cec   ti_sysbios_knl_Task_Module__root__V
20004cf8   ti_sysbios_knl_Task_Module_State_0_idleTask__A
20004cfc   ti_sysbios_utils_Load_Module__root__V
20004d00   ti_sysbios_utils_Load_Module_State_0_taskStartTime__A
20004d04   ti_sysbios_utils_Load_Module_State_0_runningTask__A
20004d08   ti_sysbios_xdcruntime_SemThreadSupport_Module__root__V
20004d10   ti_uia_runtime_LogSync_Module__root__V
20004d18   ti_uia_runtime_LogSync_Module__state__V
20004d24   ti_uia_runtime_LoggerStopMode_Module__root__V
20004d2c   ti_uia_runtime_LoggerStopMode_Module__state__V
20004d34   ti_uia_runtime_QueueDescriptor_Module__state__V
20004d40   xdc_runtime_Error_Module__state__V
20004d42   xdc_runtime_Main_Module__root__V
20004d44   xdc_runtime_Memory_Module__state__V
20004d48   xdc_runtime_Registry_Module__state__V
20004d50   xdc_runtime_Startup_Module__state__V
20004d58   xdc_runtime_SysMin_Module__state__V
20004d64   xdc_runtime_System_Module_State_0_atexitHandlers__A
20004d84   xdc_runtime_System_Module__state__V
20004d90   xdc_runtime_Text_Module__state__V
20004d98   xdc_runtime_knl_SemThread_Module__root__V
20004da0   xdc_runtime_knl_SyncNull_Module__root__V
20004da8   xdc_runtime_knl_SyncSemThread_Module__root__V
20004db0   __xdc__init__addr
20004db4   ti_uia_runtime_LoggerStopMode_Object__table__V
20004ebc   ti_sysbios_knl_Task_Object__table__V
20004f0c   TSK_idle
20004f5c   ti_sysbios_utils_Load_Module__state__V
20004ff4   ti_sysbios_knl_Swi_Module_State_0_readyQ__A
20005074   ti_sysbios_knl_Task_Module_State_0_readyQ__A
200050f4   ti_sysbios_family_arm_lm4_Timer_Object__table__V
20005164   ti_sysbios_family_arm_m3_Hwi_Module__state__V
200051c0   ti_sysbios_knl_Task_Module__state__V
20005204   ti_sysbios_gates_GateMutex_Object__table__V
2000523c   ti_sysbios_utils_Load_Module_State_0_taskEnv__A
20005274   ti_sysbios_family_arm_lm4_Timer_Module_State_0_device__A
200052a4   ti_sysbios_family_arm_m3_Hwi_Object__table__V
200052d4   ti_sysbios_knl_Swi_Object__table__V
20005304   ti_sysbios_knl_Clock_Module__state__V
20005334   _lock
20005338   _unlock
2000533c   __TI_cleanup_ptr
20005340   __TI_dtors_ptr
20005344   ti_uia_runtime_QueueDescriptor_gPtrToFirstDescriptor
20005348   ti_uia_runtime_QueueDescriptor_gUpdateCount
20005350   main_func_sp
e000e000   ti_sysbios_family_arm_m3_Hwi_nvic
ffffffff   __binit__
ffffffff   __c_args__
ffffffff   binit
UNDEFED    SHT$$INIT_ARRAY$$Base
UNDEFED    SHT$$INIT_ARRAY$$Limit

[809 symbols]
