******************************************************************************
                  TI ARM Linker PC v5.1.1                      
******************************************************************************
>> Linked Sat Mar 01 18:01:31 2014

OUTPUT FILE NAME:   <rover.out>
ENTRY POINT SYMBOL: "_c_int00"  address: 00006831


MEMORY CONFIGURATION

         name            origin    length      used     unused   attr    fill
----------------------  --------  ---------  --------  --------  ----  --------
  FLASH                 00000000   00040000  0000b9ec  00034614  R  X
  SRAM                  20000000   00008000  00005bcc  00002434  RW X


SEGMENT ALLOCATION MAP

run origin  load origin   length   init length attrs members
----------  ----------- ---------- ----------- ----- -------
00000000    00000000    0000b9f0   0000b9f0    r-x
  00000000    00000000    00000360   00000360    r-- .resetVecs
  00000360    00000360    000081ec   000081ec    r-x .text
  0000854c    0000854c    00002ec8   00002ec8    r-- .const
  0000b418    0000b418    000005d8   000005d8    r-- .cinit
20000000    20000000    00005bcc   00000000    rw-
  20000000    20000000    00000360   00000000    rw- .vecs
  20000360    20000360    00003d00   00000000    rw- .bss
  20004060    20004060    00001000   00000000    rw- .stack
  20005060    20005060    00000b6c   00000000    rw- .data


SECTION ALLOCATION MAP

 output                                  attributes/
section   page    origin      length       input sections
--------  ----  ----------  ----------   ----------------
.bootVecs 
*          0    00000000    00000008     DSECT
                  00000000    00000008     boot.aem4f : boot.oem4f (.bootVecs)

.resetVecs 
*          0    00000000    00000360     
                  00000000    00000360     main_pem4f.oem4f (.resetVecs)

xdc.meta   0    00000000    000000f5     COPY SECTION
                  00000000    000000f5     main_pem4f.oem4f (xdc.meta)

.text      0    00000360    000081ec     
                  00000360    00000424     sysbios.aem4f : BIOS.obj (.text:ti_sysbios_family_arm_m3_Hwi_excDumpRegs__I)
                  00000784    00000344     ti.targets.arm.rtsarm.aem4f : System.oem4f (.text:xdc_runtime_System_doPrint__I)
                  00000ac8    000002e0     sysbios.aem4f : BIOS.obj (.text:ti_sysbios_knl_Semaphore_pend__E)
                  00000da8    000002d4     rtsv7M4_T_le_v4SPD16_eabi.lib : trgdrv.obj (.text)
                  0000107c    000002c8     uart_tivaware.aem4f : UARTTiva.oem4f (.text:UARTTiva_open)
                  00001344    00000248     sysbios.aem4f : BIOS.obj (.text:ti_sysbios_heaps_HeapMem_free__E)
                  0000158c    00000234                   : BIOS.obj (.text:ti_sysbios_heaps_HeapMem_alloc__E)
                  000017c0    00000230                   : BIOS.obj (.text:ti_sysbios_family_arm_lm4_Timer_start__E)
                  000019f0    00000210                   : BIOS.obj (.text:ti_sysbios_family_arm_m3_Hwi_excHandlerMax__I)
                  00001c00    00000204     uart_tivaware.aem4f : UARTTiva.oem4f (.text:UARTTiva_write)
                  00001e04    000001f8                         : UARTTiva.oem4f (.text:UARTTiva_read)
                  00001ffc    000001e0     tcp.obj (.text:set_up_tcp)
                  000021dc    000001cc     uart_tivaware.aem4f : UARTTiva.oem4f (.text:UARTTiva_hwiIntFxn)
                  000023a8    000001a0     ti.uia.runtime.aem4f : LoggerStopMode.oem4f (.text:ti_uia_runtime_LoggerStopMode_write8__E)
                  00002548    0000016c     uart_tivaware.aem4f : UARTTiva.oem4f (.text:writeData)
                  000026b4    00000168                         : UARTTiva.oem4f (.text:UARTTiva_readPolling)
                  0000281c    00000168     sysbios.aem4f : BIOS.obj (.text:ti_sysbios_family_arm_m3_Hwi_excBusFault__I)
                  00002984    00000160     uart_tivaware.aem4f : UARTTiva.oem4f (.text:readData)
                  00002ae4    0000015c                         : UARTTiva.oem4f (.text:UARTTiva_writePolling)
                  00002c40    0000015c     ti.uia.runtime.aem4f : LoggerStopMode.oem4f (.text:ti_uia_runtime_LoggerStopMode_writeMemoryRange__E)
                  00002d9c    00000154     sysbios.aem4f : BIOS.obj (.text:ti_sysbios_family_arm_m3_Hwi_excUsageFault__I)
                  00002ef0    00000144                   : BIOS.obj (.text:ti_sysbios_knl_Semaphore_post__E)
                  00003034    00000140                   : BIOS.obj (.text:ti_sysbios_family_arm_m3_Hwi_dispatchC__I)
                  00003174    00000140                   : BIOS.obj (.text:ti_sysbios_family_arm_m3_Hwi_excMemFault__I)
                  000032b4    0000013c     ti.uia.runtime.aem4f : LoggerStopMode.oem4f (.text:ti_uia_runtime_LoggerStopMode_write4__E)
                  000033f0    0000013c     ti.targets.arm.rtsarm.aem4f : Error.oem4f (.text:xdc_runtime_Error_raiseX__F)
                  0000352c    00000138     sysbios.aem4f : BIOS.obj (.text:ti_sysbios_heaps_HeapMem_Instance_init__F)
                  00003664    00000138                   : BIOS.obj (.text:ti_sysbios_utils_Load_logLoads__I)
                  0000379c    00000134                   : m3_Hwi_asm.obj (.text:ti_sysbios_family_arm_m3_Hwi_dispatch__I)
                  000038d0    00000130     driverlib.lib : gpio.obj (.text:GPIOPadConfigSet)
                  00003a00    00000130     sysbios.aem4f : BIOS.obj (.text:ti_sysbios_utils_Load_updateThreadContexts__E)
                  00003b30    0000012c                   : BIOS.obj (.text:ti_sysbios_family_arm_lm4_TimestampProvider_get64__E)
                  00003c5c    0000012c                   : BIOS.obj (.text:ti_sysbios_knl_Clock_workFunc__E)
                  00003d88    0000012c                   : BIOS.obj (.text:ti_sysbios_knl_Task_exit__E)
                  00003eb4    00000124     EK_LM4F120XL.obj (.text:EK_LM4F120XL_initUART)
                  00003fd8    00000120     sysbios.aem4f : BIOS.obj (.text:ti_sysbios_knl_Swi_run__I)
                  000040f8    0000010c     Boot.aem4f : Boot_sysctl.oem4f (.text:ti_catalog_arm_cortexm4_tiva_ce_Boot_sysCtlClockSetI__I)
                  00004204    00000104     ti.targets.arm.rtsarm.aem4f : Core-mem.oem4f (.text:xdc_runtime_Core_createObject__I)
                  00004308    00000104     main_pem4f.oem4f (.text:xdc_runtime_System_printfExtend__I)
                  0000440c    000000fc     sysbios.aem4f : BIOS.obj (.text:ti_sysbios_knl_Task_schedule__I)
                  00004508    000000f8                   : BIOS.obj (.text:ti_sysbios_knl_Task_startCore__E)
                  00004600    000000f8     ti.targets.arm.rtsarm.aem4f : Startup.oem4f (.text:xdc_runtime_Startup_startMods__I)
                  000046f8    000000f4     rtsv7M4_T_le_v4SPD16_eabi.lib : dtor_list.obj (.text)
                  000047ec    000000f4     sysbios.aem4f : BIOS.obj (.text:ti_sysbios_knl_Task_postInit__I)
                  000048e0    000000e8     gpio_tivaware.aem4f : GPIO.oem4f (.text:GPIO_write)
                  000049c8    000000e8     sysbios.aem4f : BIOS.obj (.text:ti_sysbios_family_arm_m3_Hwi_initNVIC__E)
                  00004ab0    000000e8                   : BIOS.obj (.text:ti_sysbios_io_DEV_postInit__I)
                  00004b98    000000c8     driverlib.lib : sysctl.obj (.text:SysCtlClockGet)
                  00004c60    000000c0     uart_tivaware.aem4f : UARTTiva.oem4f (.text:UARTTiva_writeCancel)
                  00004d20    000000bc                         : UARTTiva.oem4f (.text:UARTTiva_readCancel)
                  00004ddc    000000bc     sysbios.aem4f : BIOS.obj (.text:ti_sysbios_knl_Task_unblockI__E)
                  00004e98    000000b8                   : BIOS.obj (.text:ti_sysbios_family_arm_lm4_TimestampProvider_get32__E)
                  00004f50    000000b4                   : BIOS.obj (.text:ti_sysbios_family_arm_m3_Hwi_excHardFault__I)
                  00005004    000000b4                   : BIOS.obj (.text:ti_sysbios_gates_GateMutex_enter__E)
                  000050b8    000000b4                   : BIOS.obj (.text:ti_sysbios_knl_Task_checkStacks__E)
                  0000516c    000000b0                   : BIOS.obj (.text:ti_sysbios_family_arm_m3_Hwi_excDebugMon__I)
                  0000521c    000000b0                   : BIOS.obj (.text:ti_sysbios_utils_Load_idleFxn__E)
                  000052cc    000000b0                   : BIOS.obj (.text:ti_sysbios_utils_Load_updateLoads__E)
                  0000537c    000000ac                   : BIOS.obj (.text:ti_sysbios_family_arm_lm4_Timer_enableTiva__I)
                  00005428    000000a8                   : BIOS.obj (.text:ti_sysbios_knl_Semaphore_Instance_init__F)
                  000054d0    000000a8                   : BIOS.obj (.text:ti_sysbios_knl_Swi_post__E)
                  00005578    000000a8                   : BIOS.obj (.text:ti_sysbios_knl_Task_blockI__E)
                  00005620    000000a4                   : BIOS.obj (.text:ti_sysbios_family_arm_lm4_Timer_enableTimers__I)
                  000056c4    000000a4                   : BIOS.obj (.text:ti_sysbios_family_arm_m3_Hwi_Module_startup__F)
                  00005768    000000a0     uart_tivaware.aem4f : UARTTiva.oem4f (.text:UARTTiva_close)
                  00005808    000000a0     auto_init.aem4f : auto_init.oem4f (.text)
                  000058a8    0000009c     rtsv7M4_T_le_v4SPD16_eabi.lib : memcpy_t2.obj (.text)
                  00005944    0000009a     ti.targets.arm.rtsarm.aem4f : Text.oem4f (.text:xdc_runtime_Text_putSite__F)
                  000059de    00000002     sysbios.aem4f : BIOS.obj (.text:ti_sysbios_BIOS_nullFunc__I)
                  000059e0    00000094     Boot.aem4f : Boot.oem4f (.text:ti_catalog_arm_cortexm4_tiva_ce_Boot_sysCtlClockSet__E)
                  00005a74    00000094     ti.targets.arm.rtsarm.aem4f : Text.oem4f (.text:xdc_runtime_Text_putMod__F)
                  00005b08    00000090     sysbios.aem4f : BIOS.obj (.text:ti_sysbios_family_arm_m3_Hwi_Instance_init__F)
                  00005b98    0000008c                   : m3_TaskSupport_asm.obj (.text:ti_sysbios_family_arm_m3_TaskSupport_buildTaskStack)
                  00005c24    00000088     EK_LM4F120XL.obj (.text:EK_LM4F120XL_initGPIO)
                  00005cac    00000088     sysbios.aem4f : BIOS.obj (.text:ti_sysbios_utils_Load_addTask__E)
                  00005d34    00000084     ti.uia.runtime.aem4f : LoggerStopMode.oem4f (.text:ti_uia_runtime_LoggerStopMode_setFilterLevel__E)
                  00005db8    00000080     sysbios.aem4f : BIOS.obj (.text:ti_sysbios_knl_Task_Module_startup__F)
                  00005e38    0000007e     ti.uia.runtime.aem4f : LoggerStopMode.oem4f (.text:ti_uia_runtime_LoggerStopMode_getContents__E)
                  00005eb6    00000078     rtsv7M4_T_le_v4SPD16_eabi.lib : memset_t2.obj (.text)
                  00005f2e    00000002     sysbios.aem4f : BIOS.obj (.text:ti_sysbios_gates_GateHwi_Instance_init__F)
                  00005f30    00000078                   : BIOS.obj (.text:ti_sysbios_utils_Load_updateCurrentThreadTime__E)
                  00005fa8    00000074                   : BIOS.obj (.text:ti_sysbios_family_arm_lm4_Timer_isrStub__E)
                  0000601c    00000070     main_pem4f.oem4f (.text:ti_sysbios_family_arm_m3_Hwi_Object__create__S)
                  0000608c    00000070     sysbios.aem4f : BIOS.obj (.text:ti_sysbios_family_arm_m3_Hwi_reconfig__E)
                  000060fc    00000070                   : BIOS.obj (.text:ti_sysbios_utils_Load_taskDeleteHook__E)
                  0000616c    00000070     ti.uia.runtime.aem4f : LoggerStopMode.oem4f (.text:ti_uia_runtime_LoggerStopMode_getFilterLevel__E)
                  000061dc    00000070                          : LoggerStopMode.oem4f (.text:ti_uia_runtime_LoggerStopMode_writeBlockOfMemory__I)
                  0000624c    00000070                          : QueueDescriptor.oem4f (.text:ti_uia_runtime_QueueDescriptor_addToList__E)
                  000062bc    00000070     ti.targets.arm.rtsarm.aem4f : Memory.oem4f (.text:xdc_runtime_Memory_alloc__F)
                  0000632c    0000006c     sysbios.aem4f : BIOS.obj (.text:ti_sysbios_utils_Load_taskCreateHook__E)
                  00006398    0000006c     ti.targets.arm.rtsarm.aem4f : Error.oem4f (.text:xdc_runtime_Error_print__F)
                  00006404    00000068     sysbios.aem4f : BIOS.obj (.text:ti_sysbios_BIOS_rtsUnlock__I)
                  0000646c    00000066     ti.targets.arm.rtsarm.aem4f : Core-mem.oem4f (.text:xdc_runtime_Core_deleteObject__I)
                  000064d2    00000002     main_pem4f.oem4f (.text:xdc_runtime_Startup_reset__I)
                  000064d4    00000064     sysbios.aem4f : BIOS.obj (.text:ti_sysbios_knl_Clock_logTick__E)
                  00006538    00000064                   : BIOS.obj (.text:ti_sysbios_utils_Load_logCPULoad__I)
                  0000659c    00000060     tcp.obj (.text:init_spi)
                  000065fc    00000060     rtsv7M4_T_le_v4SPD16_eabi.lib : trgmsg.obj (.text)
                  0000665c    00000060     main_pem4f.oem4f (.text:ti_uia_runtime_LoggerStopMode_Object__create__S)
                  000066bc    0000005e     rtsv7M4_T_le_v4SPD16_eabi.lib : copy_decompress_rle.obj (.text)
                  0000671a    00000002     --HOLE-- [fill = 0]
                  0000671c    0000005c     sysbios.aem4f : BIOS.obj (.text:ti_sysbios_family_arm_lm4_Timer_Module_startup__F)
                  00006778    0000005b     ti.targets.arm.rtsarm.aem4f : Text.oem4f (.text:xdc_runtime_Text_putLab__F)
                  000067d3    00000001     --HOLE-- [fill = 0]
                  000067d4    0000005a     ti.uia.runtime.aem4f : LoggerStopMode.oem4f (.text:ti_uia_runtime_LoggerStopMode_readBlockOfMemory__I)
                  0000682e    00000002     --HOLE-- [fill = 0]
                  00006830    00000058     boot.aem4f : boot.oem4f (.text)
                  00006888    00000058     sysbios.aem4f : BIOS.obj (.text:ti_sysbios_knl_Swi_restoreHwi__E)
                  000068e0    00000058                   : BIOS.obj (.text:ti_sysbios_knl_Swi_schedule__I)
                  00006938    00000054     main.obj (.text:init_uart)
                  0000698c    00000054     ti.uia.runtime.aem4f : QueueDescriptor.oem4f (.text:ti_uia_runtime_QueueDescriptor_removeFromList__E)
                  000069e0    00000050     tcp.obj (.text:SPI_Send)
                  00006a30    00000050     sysbios.aem4f : BIOS.obj (.text:ti_sysbios_utils_Load_taskSwitchHook__E)
                  00006a80    00000050     ti.targets.arm.rtsarm.aem4f : Startup.oem4f (.text:xdc_runtime_Startup_exec__F)
                  00006ad0    00000050                                 : System.oem4f (.text:xdc_runtime_System_formatNum__I)
                  00006b20    00000050                                 : Text.oem4f (.text:xdc_runtime_Text_visitRope2__I)
                  00006b70    0000004c     sysbios.aem4f : BIOS.obj (.text:ti_sysbios_knl_Swi_runLoop__I)
                  00006bbc    00000048     driverlib.lib : gpio.obj (.text:GPIOPinConfigure)
                  00006c04    00000048     tcp.obj (.text:SPI_Read)
                  00006c4c    00000048     uart_tivaware.aem4f : UART.oem4f (.text:UART_open)
                  00006c94    00000048     sysbios.aem4f : BIOS.obj (.text:ti_sysbios_BIOS_errorRaiseHook__I)
                  00006cdc    00000048                   : BIOS.obj (.text:ti_sysbios_family_arm_m3_Hwi_excReserved__I)
                  00006d24    00000048                   : BIOS.obj (.text:ti_sysbios_heaps_HeapMem_getStats__E)
                  00006d6c    00000048     ti.targets.arm.rtsarm.aem4f : Assert.oem4f (.text:xdc_runtime_Assert_raise__I)
                  00006db4    00000048                                 : Core-params.oem4f (.text:xdc_runtime_Core_assignParams__I)
                  00006dfc    00000046     ti.uia.runtime.aem4f : LoggerStopMode.oem4f (.text:ti_uia_runtime_LoggerStopMode_Instance_init__F)
                  00006e42    00000002     --HOLE-- [fill = 0]
                  00006e44    00000044     rtsv7M4_T_le_v4SPD16_eabi.lib : cpy_tbl.obj (.text)
                  00006e88    00000044                                   : exit.obj (.text)
                  00006ecc    00000044     sysbios.aem4f : BIOS.obj (.text:ti_sysbios_family_arm_lm4_Timer_stop__E)
                  00006f10    00000044                   : BIOS.obj (.text:ti_sysbios_family_arm_m3_Hwi_disableInterrupt__E)
                  00006f54    00000044                   : BIOS.obj (.text:ti_sysbios_family_arm_m3_Hwi_enableInterrupt__E)
                  00006f98    00000044                   : BIOS.obj (.text:ti_sysbios_knl_Task_allBlockedFunction__I)
                  00006fdc    00000044     ti.uia.runtime.aem4f : LoggerStopMode.oem4f (.text:ti_uia_runtime_LoggerStopMode_filterOutEvent__I)
                  00007020    00000044                          : LoggerStopMode.oem4f (.text:ti_uia_runtime_LoggerStopMode_reset__F)
                  00007064    00000044     ti.targets.arm.rtsarm.aem4f : SysMin.oem4f (.text:xdc_runtime_SysMin_flush__F)
                  000070a8    00000042     driverlib.lib : ssi.obj (.text:SSIConfigSetExpClk)
                  000070ea    00000042                   : uart.obj (.text:UARTConfigSetExpClk)
                  0000712c    00000042     sysbios.aem4f : BIOS.obj (.text:ti_sysbios_knl_Semaphore_pendTimeout__I)
                  0000716e    00000002     --HOLE-- [fill = 0]
                  00007170    00000040     EK_LM4F120XL.obj (.text:EK_LM4F120XL_initGeneral)
                  000071b0    00000040     sysbios.aem4f : BIOS.obj (.text:ti_sysbios_family_arm_lm4_Timer_startup__E)
                  000071f0    00000040     main_pem4f.oem4f (.text:ti_sysbios_knl_Semaphore_Object__create__S)
                  00007230    00000040     ti.targets.arm.rtsarm.aem4f : System.oem4f (.text:xdc_runtime_System_atexit__F)
                  00007270    0000003c     sysbios.aem4f : BIOS.obj (.text:ti_sysbios_family_arm_m3_Hwi_excSvCall__I)
                  000072ac    0000003c                   : BIOS.obj (.text:ti_sysbios_heaps_HeapMem_init__I)
                  000072e8    0000003c                   : BIOS.obj (.text:ti_sysbios_knl_Swi_startup__E)
                  00007324    0000003c     ti.targets.arm.rtsarm.aem4f : Text.oem4f (.text:xdc_runtime_Text_xprintf__I)
                  00007360    00000038     uart_tivaware.aem4f : UART.oem4f (.text:UART_init)
                  00007398    00000038     sysbios.aem4f : BIOS.obj (.text:ti_sysbios_family_arm_m3_Hwi_excNoIsr__I)
                  000073d0    00000038                   : BIOS.obj (.text:ti_sysbios_family_arm_m3_Hwi_getStackInfo__E)
                  00007408    00000038                   : BIOS.obj (.text:ti_sysbios_family_arm_m3_TaskSupport_start__E)
                  00007440    00000038     main_pem4f.oem4f (.text:ti_sysbios_gates_GateHwi_Object__create__S)
                  00007478    00000038     main_pem4f.oem4f (.text:ti_sysbios_gates_GateMutex_Object__create__S)
                  000074b0    00000038     main_pem4f.oem4f (.text:ti_sysbios_heaps_HeapMem_Object__create__S)
                  000074e8    00000038     main_pem4f.oem4f (.text:ti_sysbios_knl_Queue_Object__create__S)
                  00007520    00000038     ti.targets.arm.rtsarm.aem4f : SysMin.oem4f (.text:xdc_runtime_SysMin_putch__F)
                  00007558    00000034     driverlib.lib : sysctl.obj (.text:SysCtlPeripheralEnable)
                  0000758c    00000034     uart_tivaware.aem4f : UART.oem4f (.text:UART_Params_init)
                  000075c0    00000034                         : UART.oem4f (.text:UART_read)
                  000075f4    00000034                         : UART.oem4f (.text:UART_write)
                  00007628    00000034     main.obj (.text:init_mux_pins)
                  0000765c    00000034     sysbios.aem4f : BIOS.obj (.text:ti_sysbios_family_arm_m3_Hwi_excNmi__I)
                  00007690    00000034                   : BIOS.obj (.text:ti_sysbios_hal_Hwi_checkStack:ti_sysbios_hal_Hwi_checkStack)
                  000076c4    00000030     main_pem4f.oem4f (.text:ti_sysbios_BIOS_exitFunc__I)
                  000076f4    00000030     sysbios.aem4f : BIOS.obj (.text:ti_sysbios_knl_Idle_run__E)
                  00007724    00000030     ti.targets.arm.rtsarm.aem4f : Core-label.oem4f (.text:xdc_runtime_Core_assignLabel__I)
                  00007754    00000030                                 : SysMin.oem4f (.text:xdc_runtime_SysMin_abort__F)
                  00007784    0000002f     main.obj (.text:tcp)
                  000077b3    00000001     --HOLE-- [fill = 0]
                  000077b4    0000002f     ti.targets.arm.rtsarm.aem4f : Text.oem4f (.text:xdc_runtime_Text_printVisFxn__I)
                  000077e3    00000001     --HOLE-- [fill = 0]
                  000077e4    0000002e     main_pem4f.oem4f (.text:malloc)
                  00007812    0000002c     main.obj (.text:main)
                  0000783e    0000002c     sysbios.aem4f : BIOS.obj (.text:ti_sysbios_hal_Hwi_initStack:ti_sysbios_hal_Hwi_initStack)
                  0000786a    00000002     --HOLE-- [fill = 0]
                  0000786c    0000002c                   : BIOS.obj (.text:ti_sysbios_io_DEV_Module_startup__F)
                  00007898    0000002c     main_pem4f.oem4f (.text:ti_sysbios_knl_Clock_doTick__I)
                  000078c4    0000002c     sysbios.aem4f : BIOS.obj (.text:ti_sysbios_knl_Task_restore__E)
                  000078f0    0000002c     ti.uia.runtime.aem4f : LoggerStopMode.oem4f (.text:ti_uia_runtime_LoggerStopMode_Module_startup__F)
                  0000791c    0000002c                          : LoggerStopMode.oem4f (.text:ti_uia_runtime_LoggerStopMode_disable__E)
                  00007948    0000002c                          : LoggerStopMode.oem4f (.text:ti_uia_runtime_LoggerStopMode_enable__E)
                  00007974    0000002c     ti.targets.arm.rtsarm.aem4f : System.oem4f (.text:xdc_runtime_System_rtsExit__I)
                  000079a0    0000002c                                 : Text.oem4f (.text:xdc_runtime_Text_cordText__F)
                  000079cc    0000002a     driverlib.lib : gpio.obj (.text:GPIODirModeSet)
                  000079f6    0000002a     ti.targets.arm.rtsarm.aem4f : System.oem4f (.text:xdc_runtime_System_putchar__I)
                  00007a20    00000028     sysbios.aem4f : m3_Hwi_asm_switch.obj (.text:ti_sysbios_family_arm_m3_Hwi_initStacks__E)
                  00007a48    00000028                   : BIOS.obj (.text:ti_sysbios_gates_GateMutex_Instance_init__F)
                  00007a70    00000028     ti.uia.runtime.aem4f : LogSync.oem4f (.text:ti_uia_runtime_LogSync_Module_startup__F)
                  00007a98    00000028                          : QueueDescriptor.oem4f (.text:ti_uia_runtime_QueueDescriptor_initHeader__E)
                  00007ac0    00000026     ti.targets.arm.rtsarm.aem4f : System.oem4f (.text:xdc_runtime_System_avprintf__F)
                  00007ae6    00000002     --HOLE-- [fill = 0]
                  00007ae8    00000024     gpio_tivaware.aem4f : GPIO.oem4f (.text:GPIO_init)
                  00007b0c    00000024     sysbios.aem4f : BIOS.obj (.text:ti_sysbios_BIOS_registerRTSLock__I)
                  00007b30    00000024     main_pem4f.oem4f (.text:ti_sysbios_BIOS_startFunc__I)
                  00007b54    00000024     sysbios.aem4f : BIOS.obj (.text:ti_sysbios_family_arm_m3_Hwi_Instance_finalize__F)
                  00007b78    00000024                   : BIOS.obj (.text:ti_sysbios_family_arm_m3_Hwi_doTaskRestore__I)
                  00007b9c    00000024     main_pem4f.oem4f (.text:ti_sysbios_gates_GateMutex_Object__delete__S)
                  00007bc0    00000024     sysbios.aem4f : BIOS.obj (.text:ti_sysbios_knl_Clock_Module_startup__F)
                  00007be4    00000024                   : BIOS.obj (.text:ti_sysbios_knl_Swi_Module_startup__F)
                  00007c08    00000024     ti.uia.runtime.aem4f : LoggerStopMode.oem4f (.text:ti_uia_runtime_LoggerStopMode_Instance_finalize__F)
                  00007c2c    00000024     ti.targets.arm.rtsarm.aem4f : System.oem4f (.text:xdc_runtime_System_vprintf__F)
                  00007c50    00000022     main_pem4f.oem4f (.text:xdc_runtime_SysMin_output__I)
                  00007c72    00000020     sysbios.aem4f : m3_Hwi_asm_switch.obj (.text:ti_sysbios_family_xxx_Hwi_switchAndRunFunc)
                  00007c92    00000002     --HOLE-- [fill = 0]
                  00007c94    00000020     main_pem4f.oem4f (.text:ti_sysbios_gates_GateHwi_Object__delete__S)
                  00007cb4    00000020     main_pem4f.oem4f (.text:ti_sysbios_heaps_HeapMem_Object__delete__S)
                  00007cd4    00000020     main_pem4f.oem4f (.text:ti_sysbios_knl_Semaphore_Object__destruct__S)
                  00007cf4    00000020     sysbios.aem4f : BIOS.obj (.text:ti_sysbios_knl_Task_enter__I)
                  00007d14    00000020     main_pem4f.oem4f (.text:ti_uia_runtime_LoggerStopMode_Object__delete__S)
                  00007d34    00000020     main.obj (.text:uart_0_task)
                  00007d54    00000020     ti.targets.arm.rtsarm.aem4f : Registry.oem4f (.text:xdc_runtime_Registry_findById__F)
                  00007d74    00000020                                 : SysMin.oem4f (.text:xdc_runtime_SysMin_Module_startup__F)
                  00007d94    0000001c     driverlib.lib : uart.obj (.text:UARTDisable)
                  00007db0    0000001c     sysbios.aem4f : BIOS.obj (.text:ti_sysbios_BIOS_rtsLock__I)
                  00007dcc    0000001c     main_pem4f.oem4f (.text:ti_sysbios_family_arm_m3_Hwi_Object__destruct__S)
                  00007de8    0000001c     main_pem4f.oem4f (.text:ti_sysbios_knl_Queue_Object__destruct__S)
                  00007e04    0000001c     ti.targets.arm.rtsarm.aem4f : Error.oem4f (.text:xdc_runtime_Error_check__F)
                  00007e20    0000001c                                 : Memory.oem4f (.text:xdc_runtime_Memory_valloc__F)
                  00007e3c    0000001c                                 : SysMin.oem4f (.text:xdc_runtime_SysMin_exit__F)
                  00007e58    0000001a     main_pem4f.oem4f (.text:ti_sysbios_family_arm_m3_Hwi_Handle__label__S)
                  00007e72    0000001a     main_pem4f.oem4f (.text:ti_sysbios_gates_GateHwi_Handle__label__S)
                  00007e8c    0000001a     main_pem4f.oem4f (.text:ti_sysbios_gates_GateMutex_Handle__label__S)
                  00007ea6    0000001a     main_pem4f.oem4f (.text:ti_sysbios_heaps_HeapMem_Handle__label__S)
                  00007ec0    0000001a     main_pem4f.oem4f (.text:ti_sysbios_knl_Swi_Handle__label__S)
                  00007eda    0000001a     main_pem4f.oem4f (.text:ti_sysbios_knl_Task_Handle__label__S)
                  00007ef4    0000001a     main_pem4f.oem4f (.text:ti_uia_runtime_LoggerStopMode_Handle__label__S)
                  00007f0e    0000001a     main_pem4f.oem4f (.text:xdc_runtime_System_aprintf__E)
                  00007f28    0000001a     main_pem4f.oem4f (.text:xdc_runtime_System_printf__E)
                  00007f42    00000018     driverlib.lib : gpio.obj (.text:GPIOPinTypeGPIOOutput)
                  00007f5a    00000018     main_pem4f.oem4f (.text:free)
                  00007f72    00000002     --HOLE-- [fill = 0]
                  00007f74    00000018     rtsv7M4_T_le_v4SPD16_eabi.lib : args_main.obj (.text)
                  00007f8c    00000018     main_pem4f.oem4f (.text:ti_sysbios_family_arm_lm4_Timer_Module__startupDone__F)
                  00007fa4    00000018     main_pem4f.oem4f (.text:ti_sysbios_family_arm_m3_Hwi_Module__startupDone__F)
                  00007fbc    00000018     sysbios.aem4f : m3_TaskSupport_asm.obj (.text:ti_sysbios_family_arm_m3_TaskSupport_swap__E)
                  00007fd4    00000018                   : BIOS.obj (.text:ti_sysbios_gates_GateMutex_leave__E)
                  00007fec    00000018     main_pem4f.oem4f (.text:ti_sysbios_hal_Timer_Module__startupDone__F)
                  00008004    00000018     ti.targets.arm.rtsarm.aem4f : Text.oem4f (.text:xdc_runtime_Text_ropeText__F)
                  0000801c    00000016     ti.uia.runtime.aem4f : LoggerStopMode.oem4f (.text:ti_uia_runtime_LoggerStopMode_getFreeSize__E)
                  00008032    00000016                          : LoggerStopMode.oem4f (.text:ti_uia_runtime_LoggerStopMode_getUnreadSize__E)
                  00008048    00000014     driverlib.lib : uart.obj (.text:UARTEnable)
                  0000805c    00000014     rtsv7M4_T_le_v4SPD16_eabi.lib : _lock.obj (.text)
                  00008070    00000014                                   : strlen.obj (.text)
                  00008084    00000014     sysbios.aem4f : BIOS.obj (.text:ti_sysbios_family_arm_m3_Hwi_switchFromBootStack__E)
                  00008098    00000014     main_pem4f.oem4f (.text:ti_sysbios_heaps_HeapMem_Object__get__S)
                  000080ac    00000014     main_pem4f.oem4f (.text:ti_sysbios_knl_Swi_Object__get__S)
                  000080c0    00000014     main_pem4f.oem4f (.text:ti_sysbios_knl_Task_Object__get__S)
                  000080d4    00000014     ti.targets.arm.rtsarm.aem4f : System.oem4f (.text:xdc_runtime_System_abort__F)
                  000080e8    00000012     driverlib.lib : gpio.obj (.text:GPIOPinTypeGPIOInput)
                  000080fa    00000012                   : gpio.obj (.text:GPIOPinTypeSSI)
                  0000810c    00000012                   : gpio.obj (.text:GPIOPinTypeUART)
                  0000811e    00000012                   : ssi.obj (.text:SSIDataGetNonBlocking)
                  00008130    00000012     rtsv7M4_T_le_v4SPD16_eabi.lib : copy_zero_init.obj (.text:decompress:ZI)
                  00008142    00000012     sysbios.aem4f : BIOS.obj (.text:ti_sysbios_hal_Hwi_Module_startup__F)
                  00008154    00000012                   : BIOS.obj (.text:ti_sysbios_hal_Timer_Module_startup__F)
                  00008166    00000012     ti.uia.runtime.aem4f : LoggerStopMode.oem4f (.text:ti_uia_runtime_LoggerStopMode_write1__E)
                  00008178    00000012                          : LoggerStopMode.oem4f (.text:ti_uia_runtime_LoggerStopMode_write2__E)
                  0000818a    00000012     main_pem4f.oem4f (.text:xdc_runtime_Startup_exec__I)
                  0000819c    00000010     rtsv7M4_T_le_v4SPD16_eabi.lib : strcpy.obj (.text)
                  000081ac    00000010     sysbios.aem4f : BIOS.obj (.text:ti_sysbios_BIOS_getCpuFreq__E)
                  000081bc    00000010                   : BIOS.obj (.text:ti_sysbios_BIOS_setThreadType__E)
                  000081cc    00000010                   : BIOS.obj (.text:ti_sysbios_BIOS_start__E)
                  000081dc    00000010                   : BIOS.obj (.text:ti_sysbios_family_arm_lm4_TimestampProvider_rolloverFunc__E)
                  000081ec    00000010                   : BIOS.obj (.text:ti_sysbios_family_arm_m3_Hwi_excHandler__I)
                  000081fc    00000010                   : m3_TaskSupport_asm.obj (.text:ti_sysbios_family_arm_m3_TaskSupport_glue)
                  0000820c    00000010                   : m3_Hwi_asm_switch.obj (.text:ti_sysbios_family_xxx_Hwi_switchToIsrStack)
                  0000821c    00000010                   : BIOS.obj (.text:ti_sysbios_gates_GateMutex_Instance_finalize__F)
                  0000822c    00000010     main_pem4f.oem4f (.text:ti_sysbios_io_DEV_Object__get__S)
                  0000823c    00000010     sysbios.aem4f : BIOS.obj (.text:ti_sysbios_knl_Semaphore_Instance_finalize__F)
                  0000824c    00000010                   : BIOS.obj (.text:ti_sysbios_knl_Swi_disable__E)
                  0000825c    00000010                   : BIOS.obj (.text:ti_sysbios_knl_Task_disable__E)
                  0000826c    00000010     main_pem4f.oem4f (.text:ti_uia_runtime_LoggerStopMode_Object__get__S)
                  0000827c    00000010     ti.uia.runtime.aem4f : LoggerStopMode.oem4f (.text:ti_uia_runtime_LoggerStopMode_write0__E)
                  0000828c    00000010     ti.targets.arm.rtsarm.aem4f : Gate.oem4f (.text:xdc_runtime_Gate_leaveSystem__F)
                  0000829c    00000010                                 : Memory.oem4f (.text:xdc_runtime_Memory_free__F)
                  000082ac    00000010                                 : SysMin.oem4f (.text:xdc_runtime_SysMin_ready__F)
                  000082bc    00000010                                 : System.oem4f (.text:xdc_runtime_System_vsnprintf__F)
                  000082cc    00000010     main_pem4f.oem4f (.text:xdc_runtime_Text_visitRope__I)
                  000082dc    0000000e     driverlib.lib : uart.obj (.text:UARTCharGetNonBlocking)
                  000082ea    0000000e                   : uart.obj (.text:UARTCharPutNonBlocking)
                  000082f8    0000000e     rtsv7M4_T_le_v4SPD16_eabi.lib : copy_decompress_none.obj (.text:decompress:none)
                  00008306    0000000e     sysbios.aem4f : BIOS.obj (.text:ti_sysbios_knl_Queue_empty__E)
                  00008314    0000000e     ti.uia.runtime.aem4f : LoggerStopMode.oem4f (.text:ti_uia_runtime_LoggerStopMode_isEmpty__E)
                  00008322    00000002     --HOLE-- [fill = 0]
                  00008324    0000000c     main_pem4f.oem4f (.text:.bootCodeSection:ti_catalog_arm_cortexm4_tiva_ce_Boot_init__I)
                  00008330    0000000c     sysbios.aem4f : BIOS.obj (.text:ti_sysbios_family_arm_lm4_Timer_masterDisable__I)
                  0000833c    0000000c                   : BIOS.obj (.text:ti_sysbios_family_arm_lm4_TimestampProvider_startTimer__E)
                  00008348    0000000c     main_pem4f.oem4f (.text:ti_sysbios_family_arm_m3_Hwi_Params__init__S)
                  00008354    0000000c     sysbios.aem4f : BIOS.obj (.text:ti_sysbios_family_arm_m3_Hwi_disableFxn__E)
                  00008360    0000000c                   : BIOS.obj (.text:ti_sysbios_family_arm_m3_TaskSupport_checkStack__E)
                  0000836c    0000000c                   : m3_Hwi_asm_switch.obj (.text:ti_sysbios_family_xxx_Hwi_switchToTaskStack)
                  00008378    0000000c                   : BIOS.obj (.text:ti_sysbios_gates_GateHwi_enter__E)
                  00008384    0000000c     main_pem4f.oem4f (.text:ti_sysbios_knl_Queue_Object__get__S)
                  00008390    0000000c     main_pem4f.oem4f (.text:ti_sysbios_knl_Semaphore_Params__init__S)
                  0000839c    0000000c     sysbios.aem4f : BIOS.obj (.text:ti_sysbios_utils_Load_taskRegHook__E)
                  000083a8    0000000c     ti.targets.arm.rtsarm.aem4f : Error.oem4f (.text:xdc_runtime_Error_init__F)
                  000083b4    0000000c                                 : Gate.oem4f (.text:xdc_runtime_Gate_enterSystem__F)
                  000083c0    0000000c                                 : Memory.oem4f (.text:xdc_runtime_Memory_calloc__F)
                  000083cc    0000000c                                 : Memory.oem4f (.text:xdc_runtime_Memory_getMaxDefaultTypeAlign__F)
                  000083d8    0000000c                                 : System.oem4f (.text:xdc_runtime_System_exit__F)
                  000083e4    0000000c                                 : System.oem4f (.text:xdc_runtime_System_lastFxn__I)
                  000083f0    0000000a     driverlib.lib : ssi.obj (.text:SSIDataPut)
                  000083fa    0000000a                   : ssi.obj (.text:SSIEnable)
                  00008404    0000000a                   : uart.obj (.text:UARTCharGet)
                  0000840e    0000000a                   : uart.obj (.text:UARTCharPut)
                  00008418    0000000a                   : uart.obj (.text:UARTIntDisable)
                  00008422    0000000a                   : uart.obj (.text:UARTIntStatus)
                  0000842c    0000000a     main_pem4f.oem4f (.text:xdc_runtime_IHeap_alloc)
                  00008436    0000000a     main_pem4f.oem4f (.text:xdc_runtime_IHeap_free)
                  00008440    00000008     driverlib.lib : ssi.obj (.text:SSIBusy)
                  00008448    00000008                   : uart.obj (.text:UARTIntEnable)
                  00008450    00000008     uart_tivaware.aem4f : UARTTiva.oem4f (.text:UARTTiva_init)
                  00008458    00000008                         : UARTTiva.oem4f (.text:readSemCallback)
                  00008460    00000008     sysbios.aem4f : BIOS.obj (.text:ti_sysbios_family_arm_m3_Hwi_doSwiRestore__I)
                  00008468    00000008                   : BIOS.obj (.text:ti_sysbios_family_arm_m3_Hwi_startup__E)
                  00008470    00000008                   : BIOS.obj (.text:ti_sysbios_knl_Idle_loop__E)
                  00008478    00000008     uart_tivaware.aem4f : UARTTiva.oem4f (.text:writeSemCallback)
                  00008480    00000006     driverlib.lib : gpio.obj (.text:GPIOPinWrite)
                  00008486    00000006                   : sysctl.obj (.text:SysCtlDelay)
                  0000848c    00000006                   : uart.obj (.text:UARTFIFOLevelSet)
                  00008492    00000006     ti.targets.arm.rtsarm.aem4f : xdc_noinit.oem4f (.text:__xdc__init)
                  00008498    00000006     rtsv7M4_T_le_v4SPD16_eabi.lib : copy_decompress_rle.obj (.text:decompress:rle24)
                  0000849e    00000006     Boot.aem4f : Boot_sysctl.oem4f (.text:ti_catalog_arm_cortexm4_tiva_ce_Boot_sysCtlDelayI__I)
                  000084a4    00000006     sysbios.aem4f : BIOS.obj (.text:ti_sysbios_family_arm_lm4_TimestampProvider_Module_startup__F)
                  000084aa    00000006                   : BIOS.obj (.text:ti_sysbios_family_arm_m3_Hwi_restoreFxn__E)
                  000084b0    00000006                   : BIOS.obj (.text:ti_sysbios_gates_GateHwi_leave__E)
                  000084b6    00000006                   : BIOS.obj (.text:ti_sysbios_heaps_HeapMem_isBlocking__E)
                  000084bc    00000006                   : BIOS.obj (.text:ti_sysbios_knl_Queue_Instance_init__F)
                  000084c2    00000006     ti.uia.runtime.aem4f : LoggerStopMode.oem4f (.text:ti_uia_runtime_LoggerStopMode_getPriority__E)
                  000084c8    00000006                          : LoggerStopMode.oem4f (.text:ti_uia_runtime_LoggerStopMode_getTransferType__F)
                  000084ce    00000006     ti.targets.arm.rtsarm.aem4f : System.oem4f (.text:xdc_runtime_System_Module_startup__F)
                  000084d4    00000004     driverlib.lib : uart.obj (.text:UARTIntClear)
                  000084d8    00000004     main_pem4f.oem4f (.text:ti_sysbios_BIOS_RtsGateProxy_enter__E)
                  000084dc    00000004     main_pem4f.oem4f (.text:ti_sysbios_BIOS_RtsGateProxy_leave__E)
                  000084e0    00000004     sysbios.aem4f : BIOS.obj (.text:ti_sysbios_family_arm_lm4_Timer_getPeriod__E)
                  000084e4    00000004                   : BIOS.obj (.text:ti_sysbios_family_arm_lm4_Timer_masterEnable__I)
                  000084e8    00000004     main_pem4f.oem4f (.text:ti_sysbios_family_arm_m3_TaskSupport_Module__startupDone__S)
                  000084ec    00000004     sysbios.aem4f : BIOS.obj (.text:ti_sysbios_gates_GateHwi_query__F)
                  000084f0    00000004                   : BIOS.obj (.text:ti_sysbios_gates_GateMutex_query__F)
                  000084f4    00000004     main_pem4f.oem4f (.text:ti_sysbios_hal_Hwi_HwiProxy_Module__startupDone__S)
                  000084f8    00000004     main_pem4f.oem4f (.text:ti_sysbios_hal_Timer_TimerProxy_Module__startupDone__S)
                  000084fc    00000004     main_pem4f.oem4f (.text:ti_sysbios_hal_Timer_TimerProxy_getPeriod__E)
                  00008500    00000004     main_pem4f.oem4f (.text:ti_sysbios_heaps_HeapMem_Module_GateProxy_enter__E)
                  00008504    00000004     main_pem4f.oem4f (.text:ti_sysbios_heaps_HeapMem_Module_GateProxy_leave__E)
                  00008508    00000004     main_pem4f.oem4f (.text:ti_sysbios_knl_Task_SupportProxy_Module__startupDone__S)
                  0000850c    00000004     sysbios.aem4f : BIOS.obj (.text:ti_sysbios_knl_Task_startup__E)
                  00008510    00000004     main_pem4f.oem4f (.text:ti_uia_runtime_LogSync_CpuTimestampProxy_Module__startupDone__S)
                  00008514    00000004     main_pem4f.oem4f (.text:ti_uia_runtime_LogSync_GlobalTimestampProxy_Module__startupDone__S)
                  00008518    00000004     ti.uia.runtime.aem4f : LoggerStopMode.oem4f (.text:ti_uia_runtime_LoggerStopMode_getInstanceId__E)
                  0000851c    00000004                          : LoggerStopMode.oem4f (.text:ti_uia_runtime_LoggerStopMode_getMaxLength__E)
                  00008520    00000004                          : LoggerStopMode.oem4f (.text:ti_uia_runtime_LoggerStopMode_setPriority__E)
                  00008524    00000004     ti.targets.arm.rtsarm.aem4f : Error.oem4f (.text:xdc_runtime_Error_getSite__F)
                  00008528    00000004     main_pem4f.oem4f (.text:xdc_runtime_Memory_HeapProxy_alloc__E)
                  0000852c    00000004     main_pem4f.oem4f (.text:xdc_runtime_Memory_HeapProxy_free__E)
                  00008530    00000004     main_pem4f.oem4f (.text:xdc_runtime_System_Module_GateProxy_enter__E)
                  00008534    00000004     main_pem4f.oem4f (.text:xdc_runtime_System_Module_GateProxy_leave__E)
                  00008538    00000004     ti.targets.arm.rtsarm.aem4f : System.oem4f (.text:xdc_runtime_System_aprintf_va__F)
                  0000853c    00000004                                 : System.oem4f (.text:xdc_runtime_System_printf_va__F)
                  00008540    00000004     main_pem4f.oem4f (.text:xdc_runtime_System_vsnprintf__E)
                  00008544    00000004     main_pem4f.oem4f (.text:xdc_runtime_TimestampNull_Module__startupDone__S)
                  00008548    00000004     main_pem4f.oem4f (.text:xdc_runtime_Timestamp_Module__startupDone__S)

.const     0    0000854c    00002ec8     
                  0000854c    000023a7     main_pem4f.oem4f (.const:xdc_runtime_Text_charTab__A)
                  0000a8f3    00000001     main_pem4f.oem4f (.const:xdc_runtime_Error_policy__C)
                  0000a8f4    0000013c     main_pem4f.oem4f (.const:xdc_runtime_Text_nodeTab__A)
                  0000aa30    000000d8     main_pem4f.oem4f (.const:ti_sysbios_family_arm_m3_Hwi_priorities__A)
                  0000ab08    00000090     driverlib.lib : gpio.obj (.const:g_pui32GPIOBaseAddrs)
                  0000ab98    0000006c     EK_LM4F120XL.obj (.const:UART_config)
                  0000ac04    0000006c     driverlib.lib : sysctl.obj (.const:g_pui32Xtals)
                  0000ac70    00000060     main_pem4f.oem4f (.const:ti_uia_runtime_LoggerStopMode_Module__FXNS__C)
                  0000acd0    00000048     main_pem4f.oem4f (.const:.string)
                  0000ad18    00000040     EK_LM4F120XL.obj (.const:uartTivaHWAttrs)
                  0000ad58    0000003c     EK_LM4F120XL.obj (.const:gpioHWAttrs)
                  0000ad94    00000034     main_pem4f.oem4f (.const:xdc_runtime_Startup_sfxnTab__A)
                  0000adc8    00000030     main_pem4f.oem4f (.const:ti_sysbios_family_arm_m3_Hwi_Object__PARAMS__C)
                  0000adf8    00000030     main_pem4f.oem4f (.const:ti_sysbios_knl_Task_hooks__A)
                  0000ae28    00000030     main_pem4f.oem4f (.const:ti_uia_runtime_LoggerStopMode_Object__PARAMS__C)
                  0000ae58    00000028     main_pem4f.oem4f (.const:ti_sysbios_heaps_HeapMem_Module__FXNS__C)
                  0000ae80    00000024     uart_tivaware.aem4f : UARTTiva.oem4f (.const:UARTTiva_fxnTable)
                  0000aea4    00000024     main_pem4f.oem4f (.const:ti_sysbios_gates_GateHwi_Module__FXNS__C)
                  0000aec8    00000024     main_pem4f.oem4f (.const:ti_sysbios_gates_GateMutex_Module__FXNS__C)
                  0000aeec    00000024     main_pem4f.oem4f (.const:ti_sysbios_heaps_HeapMem_Object__PARAMS__C)
                  0000af10    00000024     main_pem4f.oem4f (.const:ti_sysbios_knl_Semaphore_Object__PARAMS__C)
                  0000af34    00000020     main_pem4f.oem4f (.const:ti_sysbios_family_arm_m3_Hwi_Object__DESC__C)
                  0000af54    00000020     main_pem4f.oem4f (.const:ti_sysbios_gates_GateHwi_Object__DESC__C)
                  0000af74    00000020     main_pem4f.oem4f (.const:ti_sysbios_gates_GateMutex_Object__DESC__C)
                  0000af94    00000020     main_pem4f.oem4f (.const:ti_sysbios_heaps_HeapMem_Object__DESC__C)
                  0000afb4    00000020     main_pem4f.oem4f (.const:ti_sysbios_knl_Queue_Object__DESC__C)
                  0000afd4    00000020     main_pem4f.oem4f (.const:ti_sysbios_knl_Semaphore_Object__DESC__C)
                  0000aff4    00000020     main_pem4f.oem4f (.const:ti_uia_runtime_LoggerStopMode_Object__DESC__C)
                  0000b014    00000020     uart_tivaware.aem4f : UART.oem4f (.const)
                  0000b034    0000001a     main_pem4f.oem4f (.const:xdc_runtime_Startup_sfxnRts__A)
                  0000b04e    00000002     main_pem4f.oem4f (.const:ti_catalog_arm_cortexm4_tiva_ce_Boot_Module__id__C)
                  0000b050    00000018     EK_LM4F120XL.obj (.const)
                  0000b068    00000018     main_pem4f.oem4f (.const:ti_sysbios_gates_GateHwi_Object__PARAMS__C)
                  0000b080    00000018     main_pem4f.oem4f (.const:ti_sysbios_gates_GateMutex_Object__PARAMS__C)
                  0000b098    00000018     main_pem4f.oem4f (.const:ti_sysbios_knl_Queue_Object__PARAMS__C)
                  0000b0b0    00000016     tcp.obj (.const:.string)
                  0000b0c6    00000002     main_pem4f.oem4f (.const:ti_sysbios_BIOS_Module__id__C)
                  0000b0c8    00000014     main_pem4f.oem4f (.const:xdc_runtime_Startup_firstFxns__A)
                  0000b0dc    00000011     ti.targets.arm.rtsarm.aem4f : System.oem4f (.const)
                  0000b0ed    00000001     --HOLE-- [fill = 0]
                  0000b0ee    00000002     main_pem4f.oem4f (.const:ti_sysbios_family_arm_lm4_TimestampProvider_useClockTimer__C)
                  0000b0f0    00000008     main_pem4f.oem4f (.const:ti_sysbios_family_arm_m3_Hwi_excHookFuncs__A)
                  0000b0f8    00000008     main_pem4f.oem4f (.const:ti_sysbios_knl_Idle_coreList__A)
                  0000b100    00000008     main_pem4f.oem4f (.const:ti_sysbios_knl_Idle_coreList__C)
                  0000b108    00000008     main_pem4f.oem4f (.const:ti_sysbios_knl_Idle_funcList__A)
                  0000b110    00000008     main_pem4f.oem4f (.const:ti_sysbios_knl_Idle_funcList__C)
                  0000b118    00000008     main_pem4f.oem4f (.const:ti_sysbios_knl_Task_hooks__C)
                  0000b120    00000008     main_pem4f.oem4f (.const:xdc_runtime_Startup_firstFxns__C)
                  0000b128    00000008     main_pem4f.oem4f (.const:xdc_runtime_Startup_lastFxns__A)
                  0000b130    00000008     main_pem4f.oem4f (.const:xdc_runtime_Startup_lastFxns__C)
                  0000b138    00000004     main_pem4f.oem4f (.const:ti_catalog_arm_cortexm4_tiva_ce_Boot_A_mustUseEnhancedClockMode__C)
                  0000b13c    00000004     main_pem4f.oem4f (.const:ti_catalog_arm_cortexm4_tiva_ce_Boot_Module__diagsEnabled__C)
                  0000b140    00000004     main_pem4f.oem4f (.const:ti_catalog_arm_cortexm4_tiva_ce_Boot_Module__diagsIncluded__C)
                  0000b144    00000004     main_pem4f.oem4f (.const:ti_catalog_arm_cortexm4_tiva_ce_Boot_Module__diagsMask__C)
                  0000b148    00000004     main_pem4f.oem4f (.const:ti_sysbios_BIOS_Module__diagsEnabled__C)
                  0000b14c    00000004     main_pem4f.oem4f (.const:ti_sysbios_BIOS_Module__diagsIncluded__C)
                  0000b150    00000004     main_pem4f.oem4f (.const:ti_sysbios_BIOS_Module__diagsMask__C)
                  0000b154    00000004     main_pem4f.oem4f (.const:ti_sysbios_BIOS_installedErrorHook__C)
                  0000b158    00000004     main_pem4f.oem4f (.const:ti_sysbios_family_arm_lm4_Timer_enableFunc__C)
                  0000b15c    00000004     main_pem4f.oem4f (.const:ti_sysbios_family_arm_lm4_Timer_numTimerDevices__C)
                  0000b160    00000004     main_pem4f.oem4f (.const:ti_sysbios_family_arm_lm4_Timer_startupNeeded__C)
                  0000b164    00000004     main_pem4f.oem4f (.const:ti_sysbios_family_arm_m3_Hwi_E_NMI__C)
                  0000b168    00000004     main_pem4f.oem4f (.const:ti_sysbios_family_arm_m3_Hwi_E_alreadyDefined__C)
                  0000b16c    00000004     main_pem4f.oem4f (.const:ti_sysbios_family_arm_m3_Hwi_E_busFault__C)
                  0000b170    00000004     main_pem4f.oem4f (.const:ti_sysbios_family_arm_m3_Hwi_E_debugMon__C)
                  0000b174    00000004     main_pem4f.oem4f (.const:ti_sysbios_family_arm_m3_Hwi_E_hardFault__C)
                  0000b178    00000004     main_pem4f.oem4f (.const:ti_sysbios_family_arm_m3_Hwi_E_memFault__C)
                  0000b17c    00000004     main_pem4f.oem4f (.const:ti_sysbios_family_arm_m3_Hwi_E_noIsr__C)
                  0000b180    00000004     main_pem4f.oem4f (.const:ti_sysbios_family_arm_m3_Hwi_E_reserved__C)
                  0000b184    00000004     main_pem4f.oem4f (.const:ti_sysbios_family_arm_m3_Hwi_E_svCall__C)
                  0000b188    00000004     main_pem4f.oem4f (.const:ti_sysbios_family_arm_m3_Hwi_E_usageFault__C)
                  0000b18c    00000004     main_pem4f.oem4f (.const:ti_sysbios_family_arm_m3_Hwi_LD_end__C)
                  0000b190    00000004     main_pem4f.oem4f (.const:ti_sysbios_family_arm_m3_Hwi_LM_begin__C)
                  0000b194    00000004     main_pem4f.oem4f (.const:ti_sysbios_family_arm_m3_Hwi_Module__diagsEnabled__C)
                  0000b198    00000004     main_pem4f.oem4f (.const:ti_sysbios_family_arm_m3_Hwi_Module__diagsIncluded__C)
                  0000b19c    00000004     main_pem4f.oem4f (.const:ti_sysbios_family_arm_m3_Hwi_Module__diagsMask__C)
                  0000b1a0    00000004     main_pem4f.oem4f (.const:ti_sysbios_family_arm_m3_Hwi_Module__loggerFxn1__C)
                  0000b1a4    00000004     main_pem4f.oem4f (.const:ti_sysbios_family_arm_m3_Hwi_Module__loggerFxn8__C)
                  0000b1a8    00000004     main_pem4f.oem4f (.const:ti_sysbios_family_arm_m3_Hwi_Module__loggerObj__C)
                  0000b1ac    00000004     main_pem4f.oem4f (.const:ti_sysbios_family_arm_m3_Hwi_NUM_INTERRUPTS__C)
                  0000b1b0    00000004     main_pem4f.oem4f (.const:ti_sysbios_family_arm_m3_Hwi_ccr__C)
                  0000b1b4    00000004     main_pem4f.oem4f (.const:ti_sysbios_family_arm_m3_Hwi_dispatchTable__C)
                  0000b1b8    00000004     main_pem4f.oem4f (.const:ti_sysbios_family_arm_m3_Hwi_excHandlerFunc__C)
                  0000b1bc    00000004     main_pem4f.oem4f (.const:ti_sysbios_family_arm_m3_Hwi_excHookFuncs__C)
                  0000b1c0    00000004     main_pem4f.oem4f (.const:ti_sysbios_family_arm_m3_Hwi_priGroup__C)
                  0000b1c4    00000004     main_pem4f.oem4f (.const:ti_sysbios_family_arm_m3_Hwi_priorities__C)
                  0000b1c8    00000004     main_pem4f.oem4f (.const:ti_sysbios_gates_GateMutex_A_badContext__C)
                  0000b1cc    00000004     main_pem4f.oem4f (.const:ti_sysbios_gates_GateMutex_Instance_State_sem__O)
                  0000b1d0    00000004     main_pem4f.oem4f (.const:ti_sysbios_gates_GateMutex_Module__diagsEnabled__C)
                  0000b1d4    00000004     main_pem4f.oem4f (.const:ti_sysbios_gates_GateMutex_Module__diagsIncluded__C)
                  0000b1d8    00000004     main_pem4f.oem4f (.const:ti_sysbios_gates_GateMutex_Module__diagsMask__C)
                  0000b1dc    00000004     main_pem4f.oem4f (.const:ti_sysbios_hal_Hwi_E_stackOverflow__C)
                  0000b1e0    00000004     main_pem4f.oem4f (.const:ti_sysbios_heaps_HeapMem_A_align__C)
                  0000b1e4    00000004     main_pem4f.oem4f (.const:ti_sysbios_heaps_HeapMem_A_heapSize__C)
                  0000b1e8    00000004     main_pem4f.oem4f (.const:ti_sysbios_heaps_HeapMem_A_invalidFree__C)
                  0000b1ec    00000004     main_pem4f.oem4f (.const:ti_sysbios_heaps_HeapMem_A_zeroBlock__C)
                  0000b1f0    00000004     main_pem4f.oem4f (.const:ti_sysbios_heaps_HeapMem_E_memory__C)
                  0000b1f4    00000004     main_pem4f.oem4f (.const:ti_sysbios_heaps_HeapMem_Module__diagsEnabled__C)
                  0000b1f8    00000004     main_pem4f.oem4f (.const:ti_sysbios_heaps_HeapMem_Module__diagsIncluded__C)
                  0000b1fc    00000004     main_pem4f.oem4f (.const:ti_sysbios_heaps_HeapMem_Module__diagsMask__C)
                  0000b200    00000004     main_pem4f.oem4f (.const:ti_sysbios_heaps_HeapMem_Module__gateObj__C)
                  0000b204    00000004     main_pem4f.oem4f (.const:ti_sysbios_heaps_HeapMem_Object__count__C)
                  0000b208    00000004     main_pem4f.oem4f (.const:ti_sysbios_heaps_HeapMem_reqAlign__C)
                  0000b20c    00000004     main_pem4f.oem4f (.const:ti_sysbios_io_DEV_Object__count__C)
                  0000b210    00000004     main_pem4f.oem4f (.const:ti_sysbios_io_DEV_tableSize__C)
                  0000b214    00000004     main_pem4f.oem4f (.const:ti_sysbios_knl_Clock_LM_begin__C)
                  0000b218    00000004     main_pem4f.oem4f (.const:ti_sysbios_knl_Clock_LM_tick__C)
                  0000b21c    00000004     main_pem4f.oem4f (.const:ti_sysbios_knl_Clock_LW_delayed__C)
                  0000b220    00000004     main_pem4f.oem4f (.const:ti_sysbios_knl_Clock_Module_State_clockQ__O)
                  0000b224    00000004     main_pem4f.oem4f (.const:ti_sysbios_knl_Clock_Module__diagsEnabled__C)
                  0000b228    00000004     main_pem4f.oem4f (.const:ti_sysbios_knl_Clock_Module__diagsIncluded__C)
                  0000b22c    00000004     main_pem4f.oem4f (.const:ti_sysbios_knl_Clock_Module__diagsMask__C)
                  0000b230    00000004     main_pem4f.oem4f (.const:ti_sysbios_knl_Clock_Module__loggerFxn1__C)
                  0000b234    00000004     main_pem4f.oem4f (.const:ti_sysbios_knl_Clock_Module__loggerFxn2__C)
                  0000b238    00000004     main_pem4f.oem4f (.const:ti_sysbios_knl_Clock_Module__loggerObj__C)
                  0000b23c    00000004     main_pem4f.oem4f (.const:ti_sysbios_knl_Semaphore_A_badContext__C)
                  0000b240    00000004     main_pem4f.oem4f (.const:ti_sysbios_knl_Semaphore_A_noEvents__C)
                  0000b244    00000004     main_pem4f.oem4f (.const:ti_sysbios_knl_Semaphore_A_overflow__C)
                  0000b248    00000004     main_pem4f.oem4f (.const:ti_sysbios_knl_Semaphore_A_pendTaskDisabled__C)
                  0000b24c    00000004     main_pem4f.oem4f (.const:ti_sysbios_knl_Semaphore_Instance_State_pendQ__O)
                  0000b250    00000004     main_pem4f.oem4f (.const:ti_sysbios_knl_Semaphore_LM_pend__C)
                  0000b254    00000004     main_pem4f.oem4f (.const:ti_sysbios_knl_Semaphore_LM_post__C)
                  0000b258    00000004     main_pem4f.oem4f (.const:ti_sysbios_knl_Semaphore_Module__diagsEnabled__C)
                  0000b25c    00000004     main_pem4f.oem4f (.const:ti_sysbios_knl_Semaphore_Module__diagsIncluded__C)
                  0000b260    00000004     main_pem4f.oem4f (.const:ti_sysbios_knl_Semaphore_Module__diagsMask__C)
                  0000b264    00000004     main_pem4f.oem4f (.const:ti_sysbios_knl_Semaphore_Module__loggerFxn2__C)
                  0000b268    00000004     main_pem4f.oem4f (.const:ti_sysbios_knl_Semaphore_Module__loggerFxn4__C)
                  0000b26c    00000004     main_pem4f.oem4f (.const:ti_sysbios_knl_Semaphore_Module__loggerObj__C)
                  0000b270    00000004     main_pem4f.oem4f (.const:ti_sysbios_knl_Swi_LD_end__C)
                  0000b274    00000004     main_pem4f.oem4f (.const:ti_sysbios_knl_Swi_LM_begin__C)
                  0000b278    00000004     main_pem4f.oem4f (.const:ti_sysbios_knl_Swi_LM_post__C)
                  0000b27c    00000004     main_pem4f.oem4f (.const:ti_sysbios_knl_Swi_Module__diagsEnabled__C)
                  0000b280    00000004     main_pem4f.oem4f (.const:ti_sysbios_knl_Swi_Module__diagsIncluded__C)
                  0000b284    00000004     main_pem4f.oem4f (.const:ti_sysbios_knl_Swi_Module__diagsMask__C)
                  0000b288    00000004     main_pem4f.oem4f (.const:ti_sysbios_knl_Swi_Module__loggerFxn1__C)
                  0000b28c    00000004     main_pem4f.oem4f (.const:ti_sysbios_knl_Swi_Module__loggerFxn4__C)
                  0000b290    00000004     main_pem4f.oem4f (.const:ti_sysbios_knl_Swi_Module__loggerObj__C)
                  0000b294    00000004     main_pem4f.oem4f (.const:ti_sysbios_knl_Swi_Object__count__C)
                  0000b298    00000004     main_pem4f.oem4f (.const:ti_sysbios_knl_Task_E_spOutOfBounds__C)
                  0000b29c    00000004     main_pem4f.oem4f (.const:ti_sysbios_knl_Task_E_stackOverflow__C)
                  0000b2a0    00000004     main_pem4f.oem4f (.const:ti_sysbios_knl_Task_LD_block__C)
                  0000b2a4    00000004     main_pem4f.oem4f (.const:ti_sysbios_knl_Task_LD_exit__C)
                  0000b2a8    00000004     main_pem4f.oem4f (.const:ti_sysbios_knl_Task_LD_ready__C)
                  0000b2ac    00000004     main_pem4f.oem4f (.const:ti_sysbios_knl_Task_LM_switch__C)
                  0000b2b0    00000004     main_pem4f.oem4f (.const:ti_sysbios_knl_Task_Module_State_inactiveQ__O)
                  0000b2b4    00000004     main_pem4f.oem4f (.const:ti_sysbios_knl_Task_Module__diagsEnabled__C)
                  0000b2b8    00000004     main_pem4f.oem4f (.const:ti_sysbios_knl_Task_Module__diagsIncluded__C)
                  0000b2bc    00000004     main_pem4f.oem4f (.const:ti_sysbios_knl_Task_Module__diagsMask__C)
                  0000b2c0    00000004     main_pem4f.oem4f (.const:ti_sysbios_knl_Task_Module__loggerFxn2__C)
                  0000b2c4    00000004     main_pem4f.oem4f (.const:ti_sysbios_knl_Task_Module__loggerFxn4__C)
                  0000b2c8    00000004     main_pem4f.oem4f (.const:ti_sysbios_knl_Task_Module__loggerObj__C)
                  0000b2cc    00000004     main_pem4f.oem4f (.const:ti_sysbios_knl_Task_Object__count__C)
                  0000b2d0    00000004     main_pem4f.oem4f (.const:ti_sysbios_knl_Task_Object__heap__C)
                  0000b2d4    00000004     main_pem4f.oem4f (.const:ti_sysbios_knl_Task_allBlockedFunc__C)
                  0000b2d8    00000004     main_pem4f.oem4f (.const:ti_sysbios_knl_Task_numConstructedTasks__C)
                  0000b2dc    00000004     main_pem4f.oem4f (.const:ti_sysbios_utils_Load_LS_cpuLoad__C)
                  0000b2e0    00000004     main_pem4f.oem4f (.const:ti_sysbios_utils_Load_LS_hwiLoad__C)
                  0000b2e4    00000004     main_pem4f.oem4f (.const:ti_sysbios_utils_Load_LS_taskLoad__C)
                  0000b2e8    00000004     main_pem4f.oem4f (.const:ti_sysbios_utils_Load_Module_State_taskList__O)
                  0000b2ec    00000004     main_pem4f.oem4f (.const:ti_sysbios_utils_Load_Module__diagsEnabled__C)
                  0000b2f0    00000004     main_pem4f.oem4f (.const:ti_sysbios_utils_Load_Module__diagsIncluded__C)
                  0000b2f4    00000004     main_pem4f.oem4f (.const:ti_sysbios_utils_Load_Module__diagsMask__C)
                  0000b2f8    00000004     main_pem4f.oem4f (.const:ti_sysbios_utils_Load_Module__loggerFxn1__C)
                  0000b2fc    00000004     main_pem4f.oem4f (.const:ti_sysbios_utils_Load_Module__loggerFxn2__C)
                  0000b300    00000004     main_pem4f.oem4f (.const:ti_sysbios_utils_Load_Module__loggerFxn4__C)
                  0000b304    00000004     main_pem4f.oem4f (.const:ti_sysbios_utils_Load_Module__loggerObj__C)
                  0000b308    00000004     main_pem4f.oem4f (.const:ti_sysbios_utils_Load_postUpdate__C)
                  0000b30c    00000004     main_pem4f.oem4f (.const:ti_sysbios_utils_Load_windowInMs__C)
                  0000b310    00000004     main_pem4f.oem4f (.const:ti_uia_runtime_ILoggerSnapshot_Interface__BASE__C)
                  0000b314    00000004     main_pem4f.oem4f (.const:ti_uia_runtime_IUIATransfer_Interface__BASE__C)
                  0000b318    00000004     main_pem4f.oem4f (.const:ti_uia_runtime_LoggerStopMode_E_badLevel__C)
                  0000b31c    00000004     main_pem4f.oem4f (.const:ti_uia_runtime_LoggerStopMode_Object__count__C)
                  0000b320    00000004     main_pem4f.oem4f (.const:ti_uia_runtime_LoggerStopMode_overflowLogger__C)
                  0000b324    00000004     main_pem4f.oem4f (.const:ti_uia_runtime_LoggerStopMode_statusLogger__C)
                  0000b328    00000004     main_pem4f.oem4f (.const:xdc_runtime_Assert_E_assertFailed__C)
                  0000b32c    00000004     main_pem4f.oem4f (.const:xdc_runtime_Core_A_initializedParams__C)
                  0000b330    00000004     main_pem4f.oem4f (.const:xdc_runtime_Core_Module__diagsEnabled__C)
                  0000b334    00000004     main_pem4f.oem4f (.const:xdc_runtime_Core_Module__diagsIncluded__C)
                  0000b338    00000004     main_pem4f.oem4f (.const:xdc_runtime_Core_Module__diagsMask__C)
                  0000b33c    00000004     main_pem4f.oem4f (.const:xdc_runtime_Error_E_generic__C)
                  0000b340    00000004     main_pem4f.oem4f (.const:xdc_runtime_Error_E_memory__C)
                  0000b344    00000004     main_pem4f.oem4f (.const:xdc_runtime_Error_Module__diagsEnabled__C)
                  0000b348    00000004     main_pem4f.oem4f (.const:xdc_runtime_Error_Module__diagsIncluded__C)
                  0000b34c    00000004     main_pem4f.oem4f (.const:xdc_runtime_Error_Module__diagsMask__C)
                  0000b350    00000004     main_pem4f.oem4f (.const:xdc_runtime_Error_Module__loggerFxn8__C)
                  0000b354    00000004     main_pem4f.oem4f (.const:xdc_runtime_Error_Module__loggerObj__C)
                  0000b358    00000004     main_pem4f.oem4f (.const:xdc_runtime_Error_raiseHook__C)
                  0000b35c    00000004     main_pem4f.oem4f (.const:xdc_runtime_IFilterLogger_Interface__BASE__C)
                  0000b360    00000004     main_pem4f.oem4f (.const:xdc_runtime_IGateProvider_Interface__BASE__C)
                  0000b364    00000004     main_pem4f.oem4f (.const:xdc_runtime_IHeap_Interface__BASE__C)
                  0000b368    00000004     main_pem4f.oem4f (.const:xdc_runtime_ILogger_Interface__BASE__C)
                  0000b36c    00000004     main_pem4f.oem4f (.const:xdc_runtime_IModule_Interface__BASE__C)
                  0000b370    00000004     main_pem4f.oem4f (.const:xdc_runtime_Log_L_error__C)
                  0000b374    00000004     main_pem4f.oem4f (.const:xdc_runtime_Log_L_warning__C)
                  0000b378    00000004     main_pem4f.oem4f (.const:xdc_runtime_Main_Module__diagsEnabled__C)
                  0000b37c    00000004     main_pem4f.oem4f (.const:xdc_runtime_Main_Module__diagsIncluded__C)
                  0000b380    00000004     main_pem4f.oem4f (.const:xdc_runtime_Main_Module__diagsMask__C)
                  0000b384    00000004     main_pem4f.oem4f (.const:xdc_runtime_Main_Module__loggerFxn2__C)
                  0000b388    00000004     main_pem4f.oem4f (.const:xdc_runtime_Main_Module__loggerFxn4__C)
                  0000b38c    00000004     main_pem4f.oem4f (.const:xdc_runtime_Main_Module__loggerObj__C)
                  0000b390    00000004     main_pem4f.oem4f (.const:xdc_runtime_Memory_defaultHeapInstance__C)
                  0000b394    00000004     main_pem4f.oem4f (.const:xdc_runtime_Startup_execImpl__C)
                  0000b398    00000004     main_pem4f.oem4f (.const:xdc_runtime_Startup_maxPasses__C)
                  0000b39c    00000004     main_pem4f.oem4f (.const:xdc_runtime_Startup_sfxnRts__C)
                  0000b3a0    00000004     main_pem4f.oem4f (.const:xdc_runtime_Startup_sfxnTab__C)
                  0000b3a4    00000004     main_pem4f.oem4f (.const:xdc_runtime_SysMin_bufSize__C)
                  0000b3a8    00000004     main_pem4f.oem4f (.const:xdc_runtime_SysMin_outputFunc__C)
                  0000b3ac    00000004     main_pem4f.oem4f (.const:xdc_runtime_System_Module__gateObj__C)
                  0000b3b0    00000004     main_pem4f.oem4f (.const:xdc_runtime_System_extendFxn__C)
                  0000b3b4    00000004     main_pem4f.oem4f (.const:xdc_runtime_System_maxAtexitHandlers__C)
                  0000b3b8    00000004     main_pem4f.oem4f (.const:xdc_runtime_Text_charTab__C)
                  0000b3bc    00000004     main_pem4f.oem4f (.const:xdc_runtime_Text_nameEmpty__C)
                  0000b3c0    00000004     main_pem4f.oem4f (.const:xdc_runtime_Text_nameStatic__C)
                  0000b3c4    00000004     main_pem4f.oem4f (.const:xdc_runtime_Text_nameUnknown__C)
                  0000b3c8    00000004     main_pem4f.oem4f (.const:xdc_runtime_Text_nodeTab__C)
                  0000b3cc    00000004     main_pem4f.oem4f (.const:xdc_runtime_Text_visitRopeFxn__C)
                  0000b3d0    00000002     main_pem4f.oem4f (.const:ti_sysbios_family_arm_m3_Hwi_Module__id__C)
                  0000b3d2    00000002     main_pem4f.oem4f (.const:ti_sysbios_family_arm_m3_Hwi_Module__loggerDefined__C)
                  0000b3d4    00000002     main_pem4f.oem4f (.const:ti_sysbios_gates_GateMutex_Module__id__C)
                  0000b3d6    00000002     main_pem4f.oem4f (.const:ti_sysbios_hal_Hwi_Module__id__C)
                  0000b3d8    00000002     main_pem4f.oem4f (.const:ti_sysbios_heaps_HeapMem_Module__id__C)
                  0000b3da    00000002     main_pem4f.oem4f (.const:ti_sysbios_io_DEV_Module__id__C)
                  0000b3dc    00000002     main_pem4f.oem4f (.const:ti_sysbios_knl_Clock_Module__id__C)
                  0000b3de    00000002     main_pem4f.oem4f (.const:ti_sysbios_knl_Clock_Module__loggerDefined__C)
                  0000b3e0    00000002     main_pem4f.oem4f (.const:ti_sysbios_knl_Semaphore_Module__id__C)
                  0000b3e2    00000002     main_pem4f.oem4f (.const:ti_sysbios_knl_Semaphore_Module__loggerDefined__C)
                  0000b3e4    00000002     main_pem4f.oem4f (.const:ti_sysbios_knl_Swi_Module__id__C)
                  0000b3e6    00000002     main_pem4f.oem4f (.const:ti_sysbios_knl_Swi_Module__loggerDefined__C)
                  0000b3e8    00000002     main_pem4f.oem4f (.const:ti_sysbios_knl_Task_Module__id__C)
                  0000b3ea    00000002     main_pem4f.oem4f (.const:ti_sysbios_knl_Task_Module__loggerDefined__C)
                  0000b3ec    00000002     main_pem4f.oem4f (.const:ti_sysbios_knl_Task_initStackFlag__C)
                  0000b3ee    00000002     main_pem4f.oem4f (.const:ti_sysbios_utils_Load_Module__id__C)
                  0000b3f0    00000002     main_pem4f.oem4f (.const:ti_sysbios_utils_Load_Module__loggerDefined__C)
                  0000b3f2    00000002     main_pem4f.oem4f (.const:ti_sysbios_utils_Load_autoAddTasks__C)
                  0000b3f4    00000002     main_pem4f.oem4f (.const:ti_sysbios_utils_Load_hwiEnabled__C)
                  0000b3f6    00000002     main_pem4f.oem4f (.const:ti_sysbios_utils_Load_updateInIdle__C)
                  0000b3f8    00000002     main_pem4f.oem4f (.const:ti_uia_runtime_LoggerStopMode_Module__id__C)
                  0000b3fa    00000002     main_pem4f.oem4f (.const:ti_uia_runtime_LoggerStopMode_filterByLevel__C)
                  0000b3fc    00000002     main_pem4f.oem4f (.const:ti_uia_runtime_LoggerStopMode_isTimestampEnabled__C)
                  0000b3fe    00000002     main_pem4f.oem4f (.const:xdc_runtime_Core_Module__id__C)
                  0000b400    00000002     main_pem4f.oem4f (.const:xdc_runtime_Error_Module__loggerDefined__C)
                  0000b402    00000002     main_pem4f.oem4f (.const:xdc_runtime_Error_maxDepth__C)
                  0000b404    00000002     main_pem4f.oem4f (.const:xdc_runtime_Main_Module__id__C)
                  0000b406    00000002     main_pem4f.oem4f (.const:xdc_runtime_Main_Module__loggerDefined__C)
                  0000b408    00000002     main_pem4f.oem4f (.const:xdc_runtime_Memory_Module__id__C)
                  0000b40a    00000002     main_pem4f.oem4f (.const:xdc_runtime_SysMin_flushAtExit__C)
                  0000b40c    00000002     main_pem4f.oem4f (.const:xdc_runtime_Text_charCnt__C)
                  0000b40e    00000002     main_pem4f.oem4f (.const:xdc_runtime_Text_isLoaded__C)
                  0000b410    00000002     main_pem4f.oem4f (.const:xdc_runtime_Text_registryModsLastId__C)
                  0000b412    00000002     main_pem4f.oem4f (.const:xdc_runtime_Text_unnamedModsLastId__C)

.cinit     0    0000b418    000005d8     
                  0000b418    000005a1     (.cinit..data.load) [load image, compression = rle]
                  0000b9b9    00000003     --HOLE-- [fill = 0]
                  0000b9bc    0000000c     (__TI_handler_table)
                  0000b9c8    00000008     (.cinit..bss.load) [load image, compression = zero_init]
                  0000b9d0    00000008     (.cinit..vecs.load) [load image, compression = zero_init]
                  0000b9d8    00000018     (__TI_cinit_table)

.vecs      0    20000000    00000360     UNINITIALIZED
                  20000000    00000360     main_pem4f.oem4f (.vecs)

.bss       0    20000360    00003d00     UNINITIALIZED
                  20000360    00001800     main_pem4f.oem4f (.bss:taskStackSection)
                  20001b60    00001000     main_pem4f.oem4f (.bss:ti_sysbios_heaps_HeapMem_Instance_State_0_buf__A)
                  20002b60    00000480     main_pem4f.oem4f (.bss:ti_uia_runtime_LoggerStopMode_Instance_State_1_bufferArray__A)
                  20002fe0    00000480     main_pem4f.oem4f (.bss:ti_uia_runtime_LoggerStopMode_Instance_State_2_bufferArray__A)
                  20003460    00000440     EK_LM4F120XL.obj (.bss:uartTivaObjects)
                  200038a0    00000400     main_pem4f.oem4f (.bss:xdc_runtime_SysMin_Module_State_0_outbuf__A)
                  20003ca0    00000280     main_pem4f.oem4f (.bss:ti_uia_runtime_LoggerStopMode_Instance_State_0_bufferArray__A)
                  20003f20    00000120     rtsv7M4_T_le_v4SPD16_eabi.lib : trgmsg.obj (.bss:__CIOBUF_)
                  20004040    00000008     (.common:parmbuf)
                  20004048    00000008     (.common:ti_sysbios_knl_Task_Instance_State_0_hookEnv__A)
                  20004050    00000008     (.common:ti_sysbios_knl_Task_Instance_State_1_hookEnv__A)
                  20004058    00000008     (.common:ti_sysbios_knl_Task_Instance_State_2_hookEnv__A)

.stack     0    20004060    00001000     UNINITIALIZED
                  20004060    00001000     --HOLE--

.data      0    20005060    00000b6c     UNINITIALIZED
                  20005060    00000360     main_pem4f.oem4f (.data:ti_sysbios_family_arm_m3_Hwi_Module_State_0_dispatchTable__A)
                  200053c0    000001fc     main_pem4f.oem4f (.data)
                  200055bc    00000108     main_pem4f.oem4f (.data:ti_uia_runtime_LoggerStopMode_Object__table__V)
                  200056c4    000000f0     main_pem4f.oem4f (.data:ti_sysbios_knl_Task_Object__table__V)
                  200057b4    00000098     main_pem4f.oem4f (.data:ti_sysbios_utils_Load_Module__state__V)
                  2000584c    00000080     main_pem4f.oem4f (.data:ti_sysbios_knl_Swi_Module_State_0_readyQ__A)
                  200058cc    00000080     main_pem4f.oem4f (.data:ti_sysbios_knl_Task_Module_State_0_readyQ__A)
                  2000594c    00000070     main_pem4f.oem4f (.data:ti_sysbios_family_arm_lm4_Timer_Object__table__V)
                  200059bc    0000005c     main_pem4f.oem4f (.data:ti_sysbios_family_arm_m3_Hwi_Module__state__V)
                  20005a18    00000054     main_pem4f.oem4f (.data:ti_sysbios_utils_Load_Module_State_0_taskEnv__A)
                  20005a6c    00000044     main_pem4f.oem4f (.data:ti_sysbios_knl_Task_Module__state__V)
                  20005ab0    00000038     main_pem4f.oem4f (.data:ti_sysbios_gates_GateMutex_Object__table__V)
                  20005ae8    00000030     main_pem4f.oem4f (.data:ti_sysbios_family_arm_lm4_Timer_Module_State_0_device__A)
                  20005b18    00000030     main_pem4f.oem4f (.data:ti_sysbios_family_arm_m3_Hwi_Object__table__V)
                  20005b48    00000030     main_pem4f.oem4f (.data:ti_sysbios_knl_Swi_Object__table__V)
                  20005b78    00000028     main_pem4f.oem4f (.data:ti_sysbios_knl_Clock_Module__state__V)
                  20005ba0    00000008     gpio_tivaware.aem4f : GPIO.oem4f (.data)
                  20005ba8    00000008     rtsv7M4_T_le_v4SPD16_eabi.lib : _lock.obj (.data)
                  20005bb0    00000008                                   : exit.obj (.data)
                  20005bb8    00000008     ti.uia.runtime.aem4f : QueueDescriptor.oem4f (.data)
                  20005bc0    00000004     rtsv7M4_T_le_v4SPD16_eabi.lib : dtor_list.obj (.data)
                  20005bc4    00000004                                   : stkdepth_vars.obj (.data)
                  20005bc8    00000004     uart_tivaware.aem4f : UART.oem4f (.data)


LINKER GENERATED COPY TABLES

__TI_cinit_table @ 0000b9d8 records: 3, size/record: 8, table size: 24
	.data: load addr=0000b418, load size=000005a1 bytes, run addr=20005060, run size=00000b6c bytes, compression=rle
	.bss: load addr=0000b9c8, load size=00000008 bytes, run addr=20000360, run size=00003d00 bytes, compression=zero_init
	.vecs: load addr=0000b9d0, load size=00000008 bytes, run addr=20000000, run size=00000360 bytes, compression=zero_init


LINKER GENERATED HANDLER TABLE

__TI_handler_table @ 0000b9bc records: 3, size/record: 4, table size: 12
	index: 0, handler: __TI_zero_init
	index: 1, handler: __TI_decompress_rle24
	index: 2, handler: __TI_decompress_none


GLOBAL SYMBOLS: SORTED ALPHABETICALLY BY Name 

address    name
--------   ----
00006e89   C$$EXIT
00006627   C$$IO$$
00005c25   EK_LM4F120XL_initGPIO
00007171   EK_LM4F120XL_initGeneral
00003eb5   EK_LM4F120XL_initUART
000079cd   GPIODirModeSet
000038d1   GPIOPadConfigSet
00006bbd   GPIOPinConfigure
000080e9   GPIOPinTypeGPIOInput
00007f43   GPIOPinTypeGPIOOutput
000080fb   GPIOPinTypeSSI
0000810d   GPIOPinTypeUART
00008481   GPIOPinWrite
0000b050   GPIO_config
00007ae9   GPIO_init
000048e1   GPIO_write
00001035   HOSTclock
00000ffd   HOSTclose
00000fbf   HOSTgetenv
00000f63   HOSTlseek
00000f11   HOSTopen
00000ec5   HOSTread
00000e67   HOSTrename
00000e2d   HOSTtime
00000df5   HOSTunlink
00000da9   HOSTwrite
UNDEFED    SHT$$INIT_ARRAY$$Base
UNDEFED    SHT$$INIT_ARRAY$$Limit
00006c05   SPI_Read
000069e1   SPI_Send
00008441   SSIBusy
000070a9   SSIConfigSetExpClk
0000811f   SSIDataGetNonBlocking
000083f1   SSIDataPut
000083fb   SSIEnable
00004b99   SysCtlClockGet
00008487   SysCtlDelay
00007559   SysCtlPeripheralEnable
20005764   TSK_idle
00008405   UARTCharGet
000082dd   UARTCharGetNonBlocking
0000840f   UARTCharPut
000082eb   UARTCharPutNonBlocking
000070eb   UARTConfigSetExpClk
00007d95   UARTDisable
00008049   UARTEnable
0000848d   UARTFIFOLevelSet
000084d5   UARTIntClear
00008419   UARTIntDisable
00008449   UARTIntEnable
00008423   UARTIntStatus
00005769   UARTTiva_close
0000ae80   UARTTiva_fxnTable
00008451   UARTTiva_init
0000107d   UARTTiva_open
00001e05   UARTTiva_read
00004d21   UARTTiva_readCancel
000026b5   UARTTiva_readPolling
00001c01   UARTTiva_write
00004c61   UARTTiva_writeCancel
00002ae5   UARTTiva_writePolling
0000758d   UART_Params_init
0000ab98   UART_config
0000b014   UART_defaultParams
00007361   UART_init
00006c4d   UART_open
000075c1   UART_read
000075f5   UART_write
00000000   __ASM__
20003f20   __CIOBUF_
00000073   __ISA__
00000086   __PLAT__
20005060   __STACK_END
00001000   __STACK_SIZE
20004160   __STACK_TOP
000000a7   __TARG__
0000b9d8   __TI_CINIT_Base
0000b9f0   __TI_CINIT_Limit
0000b9bc   __TI_Handler_Table_Base
0000b9c8   __TI_Handler_Table_Limit
00000001   __TI_args_main
00005809   __TI_auto_init
20005bb0   __TI_cleanup_ptr
000082f9   __TI_decompress_none
00008499   __TI_decompress_rle24
20005bb4   __TI_dtors_ptr
0000662b   __TI_readmsg
00000000   __TI_static_base__
000065fd   __TI_writemsg
00008131   __TI_zero_init
000000cd   __TRDR__
00004751   __aeabi_atexit
00005eb7   __aeabi_memclr
00005eb7   __aeabi_memclr4
00005eb7   __aeabi_memclr8
000058a9   __aeabi_memcpy
000058a9   __aeabi_memcpy4
000058a9   __aeabi_memcpy8
00005eb9   __aeabi_memset
00005eb9   __aeabi_memset4
00005eb9   __aeabi_memset8
ffffffff   __binit__
ffffffff   __c_args__
0000473f   __cxa_atexit
000046f9   __cxa_finalize
00004739   __cxa_ia64_exit
20004060   __stack
00008493   __xdc__init
200055b8   __xdc__init__addr
00007f75   _args_main
00006831   _c_int00
20005ba8   _lock
0000806b   _nop
00008063   _register_lock
0000805d   _register_unlock
20005bac   _unlock
00006e8d   abort
00004743   atexit
ffffffff   binit
00006e45   copy_in
00006e95   exit
00007f5b   free
0000ad58   gpioHWAttrs
00007629   init_mux_pins
0000659d   init_spi
00006939   init_uart
00007813   main
20005bc4   main_func_sp
000077e5   malloc
000058a9   memcpy
00005ebf   memset
00001ffd   set_up_tcp
0000819d   strcpy
00008071   strlen
00007785   tcp
0000b138   ti_catalog_arm_cortexm4_tiva_ce_Boot_A_mustUseEnhancedClockMode__C
0000b13c   ti_catalog_arm_cortexm4_tiva_ce_Boot_Module__diagsEnabled__C
0000b140   ti_catalog_arm_cortexm4_tiva_ce_Boot_Module__diagsIncluded__C
0000b144   ti_catalog_arm_cortexm4_tiva_ce_Boot_Module__diagsMask__C
0000b04e   ti_catalog_arm_cortexm4_tiva_ce_Boot_Module__id__C
00008325   ti_catalog_arm_cortexm4_tiva_ce_Boot_init__I
000040f9   ti_catalog_arm_cortexm4_tiva_ce_Boot_sysCtlClockSetI__I
000059e1   ti_catalog_arm_cortexm4_tiva_ce_Boot_sysCtlClockSet__E
0000849f   ti_catalog_arm_cortexm4_tiva_ce_Boot_sysCtlDelayI__I
0000b148   ti_sysbios_BIOS_Module__diagsEnabled__C
0000b14c   ti_sysbios_BIOS_Module__diagsIncluded__C
0000b150   ti_sysbios_BIOS_Module__diagsMask__C
0000b0c6   ti_sysbios_BIOS_Module__id__C
200053c0   ti_sysbios_BIOS_Module__state__V
000084d9   ti_sysbios_BIOS_RtsGateProxy_enter__E
000084dd   ti_sysbios_BIOS_RtsGateProxy_leave__E
000084f1   ti_sysbios_BIOS_RtsGateProxy_query__E
00006c95   ti_sysbios_BIOS_errorRaiseHook__I
000076c5   ti_sysbios_BIOS_exitFunc__I
000081ad   ti_sysbios_BIOS_getCpuFreq__E
0000b154   ti_sysbios_BIOS_installedErrorHook__C
000059df   ti_sysbios_BIOS_nullFunc__I
00007b0d   ti_sysbios_BIOS_registerRTSLock__I
00007db1   ti_sysbios_BIOS_rtsLock__I
00006405   ti_sysbios_BIOS_rtsUnlock__I
000081bd   ti_sysbios_BIOS_setThreadType__E
00007b31   ti_sysbios_BIOS_startFunc__I
000081cd   ti_sysbios_BIOS_start__E
20005ae8   ti_sysbios_family_arm_lm4_Timer_Module_State_0_device__A
200053e8   ti_sysbios_family_arm_lm4_Timer_Module_State_0_handles__A
200053e0   ti_sysbios_family_arm_lm4_Timer_Module__root__V
00007f8d   ti_sysbios_family_arm_lm4_Timer_Module__startupDone__F
00007f8d   ti_sysbios_family_arm_lm4_Timer_Module__startupDone__S
20005400   ti_sysbios_family_arm_lm4_Timer_Module__state__V
0000671d   ti_sysbios_family_arm_lm4_Timer_Module_startup__E
0000671d   ti_sysbios_family_arm_lm4_Timer_Module_startup__F
[...]
000084a5   ti_sysbios_family_arm_lm4_TimestampProvider_Module_startup__F
000084ab   ti_sysbios_family_arm_m3_Hwi_restoreFxn__E
000084ab   ti_sysbios_hal_Hwi_HwiProxy_restore__E
000084ab   ti_sysbios_hal_Hwi_restore__E
000084b1   ti_sysbios_gates_GateHwi_leave__E
000084b7   ti_sysbios_heaps_HeapMem_isBlocking__E
000084bd   ti_sysbios_knl_Queue_Instance_init__F
000084c3   ti_uia_runtime_LoggerStopMode_getPriority__E
000084c9   ti_uia_runtime_LoggerStopMode_getTransferType__E
000084c9   ti_uia_runtime_LoggerStopMode_getTransferType__F
000084cf   xdc_runtime_System_Module_startup__E
000084cf   xdc_runtime_System_Module_startup__F
000084d5   UARTIntClear
000084d9   ti_sysbios_BIOS_RtsGateProxy_enter__E
000084dd   ti_sysbios_BIOS_RtsGateProxy_leave__E
000084e1   ti_sysbios_family_arm_lm4_Timer_getPeriod__E
000084e5   ti_sysbios_family_arm_lm4_Timer_masterEnable__I
000084e9   ti_sysbios_family_arm_m3_TaskSupport_Module__startupDone__S
000084ed   ti_sysbios_gates_GateHwi_query__E
000084ed   ti_sysbios_gates_GateHwi_query__F
000084ed   xdc_runtime_Main_Module_GateProxy_query__E
000084ed   xdc_runtime_System_Module_GateProxy_query__E
000084f1   ti_sysbios_BIOS_RtsGateProxy_query__E
000084f1   ti_sysbios_gates_GateMutex_query__E
000084f1   ti_sysbios_gates_GateMutex_query__F
000084f1   ti_sysbios_heaps_HeapMem_Module_GateProxy_query__E
000084f5   ti_sysbios_hal_Hwi_HwiProxy_Module__startupDone__S
000084f9   ti_sysbios_hal_Timer_TimerProxy_Module__startupDone__S
000084fd   ti_sysbios_hal_Timer_TimerProxy_getPeriod__E
00008501   ti_sysbios_heaps_HeapMem_Module_GateProxy_enter__E
00008505   ti_sysbios_heaps_HeapMem_Module_GateProxy_leave__E
00008509   ti_sysbios_knl_Task_SupportProxy_Module__startupDone__S
0000850d   ti_sysbios_knl_Task_startup__E
00008511   ti_uia_runtime_LogSync_CpuTimestampProxy_Module__startupDone__S
00008515   ti_uia_runtime_LogSync_GlobalTimestampProxy_Module__startupDone__S
00008519   ti_uia_runtime_LoggerStopMode_getInstanceId__E
0000851d   ti_uia_runtime_LoggerStopMode_getMaxLength__E
00008521   ti_uia_runtime_LoggerStopMode_setPriority__E
00008525   xdc_runtime_Error_getSite__E
00008525   xdc_runtime_Error_getSite__F
00008529   xdc_runtime_Memory_HeapProxy_alloc__E
0000852d   xdc_runtime_Memory_HeapProxy_free__E
00008531   xdc_runtime_System_Module_GateProxy_enter__E
00008535   xdc_runtime_System_Module_GateProxy_leave__E
00008539   xdc_runtime_System_aprintf_va__F
0000853d   xdc_runtime_System_printf_va__F
00008541   xdc_runtime_System_vsnprintf__E
00008545   xdc_runtime_TimestampNull_Module__startupDone__S
00008549   xdc_runtime_Timestamp_Module__startupDone__S
0000854c   xdc_runtime_Text_charTab__A
0000a8f3   xdc_runtime_Error_policy__C
0000a8f4   xdc_runtime_Text_nodeTab__A
0000aa30   ti_sysbios_family_arm_m3_Hwi_priorities__A
0000ab98   UART_config
0000ac70   ti_uia_runtime_LoggerStopMode_Module__FXNS__C
0000ad18   uartTivaHWAttrs
0000ad58   gpioHWAttrs
0000ad94   xdc_runtime_Startup_sfxnTab__A
0000adc8   ti_sysbios_family_arm_m3_Hwi_Object__PARAMS__C
0000adf8   ti_sysbios_knl_Task_hooks__A
0000ae28   ti_uia_runtime_LoggerStopMode_Object__PARAMS__C
0000ae58   ti_sysbios_heaps_HeapMem_Module__FXNS__C
0000ae80   UARTTiva_fxnTable
0000aea4   ti_sysbios_gates_GateHwi_Module__FXNS__C
0000aec8   ti_sysbios_gates_GateMutex_Module__FXNS__C
0000aeec   ti_sysbios_heaps_HeapMem_Object__PARAMS__C
0000af10   ti_sysbios_knl_Semaphore_Object__PARAMS__C
0000af34   ti_sysbios_family_arm_m3_Hwi_Object__DESC__C
0000af54   ti_sysbios_gates_GateHwi_Object__DESC__C
0000af74   ti_sysbios_gates_GateMutex_Object__DESC__C
0000af94   ti_sysbios_heaps_HeapMem_Object__DESC__C
0000afb4   ti_sysbios_knl_Queue_Object__DESC__C
0000afd4   ti_sysbios_knl_Semaphore_Object__DESC__C
0000aff4   ti_uia_runtime_LoggerStopMode_Object__DESC__C
0000b014   UART_defaultParams
0000b034   xdc_runtime_Startup_sfxnRts__A
0000b04e   ti_catalog_arm_cortexm4_tiva_ce_Boot_Module__id__C
0000b050   GPIO_config
0000b068   ti_sysbios_gates_GateHwi_Object__PARAMS__C
0000b080   ti_sysbios_gates_GateMutex_Object__PARAMS__C
0000b098   ti_sysbios_knl_Queue_Object__PARAMS__C
0000b0c6   ti_sysbios_BIOS_Module__id__C
0000b0c8   xdc_runtime_Startup_firstFxns__A
0000b0ee   ti_sysbios_family_arm_lm4_TimestampProvider_useClockTimer__C
0000b0f0   ti_sysbios_family_arm_m3_Hwi_excHookFuncs__A
0000b0f8   ti_sysbios_knl_Idle_coreList__A
0000b100   ti_sysbios_knl_Idle_coreList__C
0000b108   ti_sysbios_knl_Idle_funcList__A
0000b110   ti_sysbios_knl_Idle_funcList__C
0000b118   ti_sysbios_knl_Task_hooks__C
0000b120   xdc_runtime_Startup_firstFxns__C
0000b128   xdc_runtime_Startup_lastFxns__A
0000b130   xdc_runtime_Startup_lastFxns__C
0000b138   ti_catalog_arm_cortexm4_tiva_ce_Boot_A_mustUseEnhancedClockMode__C
0000b13c   ti_catalog_arm_cortexm4_tiva_ce_Boot_Module__diagsEnabled__C
0000b140   ti_catalog_arm_cortexm4_tiva_ce_Boot_Module__diagsIncluded__C
0000b144   ti_catalog_arm_cortexm4_tiva_ce_Boot_Module__diagsMask__C
0000b148   ti_sysbios_BIOS_Module__diagsEnabled__C
0000b14c   ti_sysbios_BIOS_Module__diagsIncluded__C
0000b150   ti_sysbios_BIOS_Module__diagsMask__C
0000b154   ti_sysbios_BIOS_installedErrorHook__C
0000b158   ti_sysbios_family_arm_lm4_Timer_enableFunc__C
0000b15c   ti_sysbios_family_arm_lm4_Timer_numTimerDevices__C
0000b160   ti_sysbios_family_arm_lm4_Timer_startupNeeded__C
0000b164   ti_sysbios_family_arm_m3_Hwi_E_NMI__C
0000b168   ti_sysbios_family_arm_m3_Hwi_E_alreadyDefined__C
0000b16c   ti_sysbios_family_arm_m3_Hwi_E_busFault__C
0000b170   ti_sysbios_family_arm_m3_Hwi_E_debugMon__C
0000b174   ti_sysbios_family_arm_m3_Hwi_E_hardFault__C
0000b178   ti_sysbios_family_arm_m3_Hwi_E_memFault__C
0000b17c   ti_sysbios_family_arm_m3_Hwi_E_noIsr__C
0000b180   ti_sysbios_family_arm_m3_Hwi_E_reserved__C
0000b184   ti_sysbios_family_arm_m3_Hwi_E_svCall__C
0000b188   ti_sysbios_family_arm_m3_Hwi_E_usageFault__C
0000b18c   ti_sysbios_family_arm_m3_Hwi_LD_end__C
0000b190   ti_sysbios_family_arm_m3_Hwi_LM_begin__C
0000b194   ti_sysbios_family_arm_m3_Hwi_Module__diagsEnabled__C
0000b198   ti_sysbios_family_arm_m3_Hwi_Module__diagsIncluded__C
0000b19c   ti_sysbios_family_arm_m3_Hwi_Module__diagsMask__C
0000b1a0   ti_sysbios_family_arm_m3_Hwi_Module__loggerFxn1__C
0000b1a4   ti_sysbios_family_arm_m3_Hwi_Module__loggerFxn8__C
0000b1a8   ti_sysbios_family_arm_m3_Hwi_Module__loggerObj__C
0000b1ac   ti_sysbios_family_arm_m3_Hwi_NUM_INTERRUPTS__C
0000b1b0   ti_sysbios_family_arm_m3_Hwi_ccr__C
0000b1b4   ti_sysbios_family_arm_m3_Hwi_dispatchTable__C
0000b1b8   ti_sysbios_family_arm_m3_Hwi_excHandlerFunc__C
0000b1bc   ti_sysbios_family_arm_m3_Hwi_excHookFuncs__C
0000b1c0   ti_sysbios_family_arm_m3_Hwi_priGroup__C
0000b1c4   ti_sysbios_family_arm_m3_Hwi_priorities__C
0000b1c8   ti_sysbios_gates_GateMutex_A_badContext__C
0000b1cc   ti_sysbios_gates_GateMutex_Instance_State_sem__O
0000b1d0   ti_sysbios_gates_GateMutex_Module__diagsEnabled__C
0000b1d4   ti_sysbios_gates_GateMutex_Module__diagsIncluded__C
0000b1d8   ti_sysbios_gates_GateMutex_Module__diagsMask__C
0000b1dc   ti_sysbios_hal_Hwi_E_stackOverflow__C
0000b1e0   ti_sysbios_heaps_HeapMem_A_align__C
0000b1e4   ti_sysbios_heaps_HeapMem_A_heapSize__C
0000b1e8   ti_sysbios_heaps_HeapMem_A_invalidFree__C
0000b1ec   ti_sysbios_heaps_HeapMem_A_zeroBlock__C
0000b1f0   ti_sysbios_heaps_HeapMem_E_memory__C
0000b1f4   ti_sysbios_heaps_HeapMem_Module__diagsEnabled__C
0000b1f8   ti_sysbios_heaps_HeapMem_Module__diagsIncluded__C
0000b1fc   ti_sysbios_heaps_HeapMem_Module__diagsMask__C
0000b200   ti_sysbios_heaps_HeapMem_Module__gateObj__C
0000b204   ti_sysbios_heaps_HeapMem_Object__count__C
0000b208   ti_sysbios_heaps_HeapMem_reqAlign__C
0000b20c   ti_sysbios_io_DEV_Object__count__C
0000b210   ti_sysbios_io_DEV_tableSize__C
0000b214   ti_sysbios_knl_Clock_LM_begin__C
0000b218   ti_sysbios_knl_Clock_LM_tick__C
0000b21c   ti_sysbios_knl_Clock_LW_delayed__C
0000b220   ti_sysbios_knl_Clock_Module_State_clockQ__O
0000b224   ti_sysbios_knl_Clock_Module__diagsEnabled__C
0000b228   ti_sysbios_knl_Clock_Module__diagsIncluded__C
0000b22c   ti_sysbios_knl_Clock_Module__diagsMask__C
0000b230   ti_sysbios_knl_Clock_Module__loggerFxn1__C
0000b234   ti_sysbios_knl_Clock_Module__loggerFxn2__C
0000b238   ti_sysbios_knl_Clock_Module__loggerObj__C
0000b23c   ti_sysbios_knl_Semaphore_A_badContext__C
0000b240   ti_sysbios_knl_Semaphore_A_noEvents__C
0000b244   ti_sysbios_knl_Semaphore_A_overflow__C
0000b248   ti_sysbios_knl_Semaphore_A_pendTaskDisabled__C
0000b24c   ti_sysbios_knl_Semaphore_Instance_State_pendQ__O
0000b250   ti_sysbios_knl_Semaphore_LM_pend__C
0000b254   ti_sysbios_knl_Semaphore_LM_post__C
0000b258   ti_sysbios_knl_Semaphore_Module__diagsEnabled__C
0000b25c   ti_sysbios_knl_Semaphore_Module__diagsIncluded__C
0000b260   ti_sysbios_knl_Semaphore_Module__diagsMask__C
0000b264   ti_sysbios_knl_Semaphore_Module__loggerFxn2__C
0000b268   ti_sysbios_knl_Semaphore_Module__loggerFxn4__C
0000b26c   ti_sysbios_knl_Semaphore_Module__loggerObj__C
0000b270   ti_sysbios_knl_Swi_LD_end__C
0000b274   ti_sysbios_knl_Swi_LM_begin__C
0000b278   ti_sysbios_knl_Swi_LM_post__C
0000b27c   ti_sysbios_knl_Swi_Module__diagsEnabled__C
0000b280   ti_sysbios_knl_Swi_Module__diagsIncluded__C
0000b284   ti_sysbios_knl_Swi_Module__diagsMask__C
0000b288   ti_sysbios_knl_Swi_Module__loggerFxn1__C
0000b28c   ti_sysbios_knl_Swi_Module__loggerFxn4__C
0000b290   ti_sysbios_knl_Swi_Module__loggerObj__C
0000b294   ti_sysbios_knl_Swi_Object__count__C
0000b298   ti_sysbios_knl_Task_E_spOutOfBounds__C
0000b29c   ti_sysbios_knl_Task_E_stackOverflow__C
0000b2a0   ti_sysbios_knl_Task_LD_block__C
0000b2a4   ti_sysbios_knl_Task_LD_exit__C
0000b2a8   ti_sysbios_knl_Task_LD_ready__C
0000b2ac   ti_sysbios_knl_Task_LM_switch__C
0000b2b0   ti_sysbios_knl_Task_Module_State_inactiveQ__O
0000b2b4   ti_sysbios_knl_Task_Module__diagsEnabled__C
0000b2b8   ti_sysbios_knl_Task_Module__diagsIncluded__C
0000b2bc   ti_sysbios_knl_Task_Module__diagsMask__C
0000b2c0   ti_sysbios_knl_Task_Module__loggerFxn2__C
0000b2c4   ti_sysbios_knl_Task_Module__loggerFxn4__C
0000b2c8   ti_sysbios_knl_Task_Module__loggerObj__C
0000b2cc   ti_sysbios_knl_Task_Object__count__C
0000b2d0   ti_sysbios_knl_Task_Object__heap__C
0000b2d4   ti_sysbios_knl_Task_allBlockedFunc__C
0000b2d8   ti_sysbios_knl_Task_numConstructedTasks__C
0000b2dc   ti_sysbios_utils_Load_LS_cpuLoad__C
0000b2e0   ti_sysbios_utils_Load_LS_hwiLoad__C
0000b2e4   ti_sysbios_utils_Load_LS_taskLoad__C
0000b2e8   ti_sysbios_utils_Load_Module_State_taskList__O
0000b2ec   ti_sysbios_utils_Load_Module__diagsEnabled__C
0000b2f0   ti_sysbios_utils_Load_Module__diagsIncluded__C
0000b2f4   ti_sysbios_utils_Load_Module__diagsMask__C
0000b2f8   ti_sysbios_utils_Load_Module__loggerFxn1__C
0000b2fc   ti_sysbios_utils_Load_Module__loggerFxn2__C
0000b300   ti_sysbios_utils_Load_Module__loggerFxn4__C
0000b304   ti_sysbios_utils_Load_Module__loggerObj__C
0000b308   ti_sysbios_utils_Load_postUpdate__C
0000b30c   ti_sysbios_utils_Load_windowInMs__C
0000b310   ti_uia_runtime_ILoggerSnapshot_Interface__BASE__C
0000b314   ti_uia_runtime_IUIATransfer_Interface__BASE__C
0000b318   ti_uia_runtime_LoggerStopMode_E_badLevel__C
0000b31c   ti_uia_runtime_LoggerStopMode_Object__count__C
0000b320   ti_uia_runtime_LoggerStopMode_overflowLogger__C
0000b324   ti_uia_runtime_LoggerStopMode_statusLogger__C
0000b328   xdc_runtime_Assert_E_assertFailed__C
0000b32c   xdc_runtime_Core_A_initializedParams__C
0000b330   xdc_runtime_Core_Module__diagsEnabled__C
0000b334   xdc_runtime_Core_Module__diagsIncluded__C
0000b338   xdc_runtime_Core_Module__diagsMask__C
0000b33c   xdc_runtime_Error_E_generic__C
0000b340   xdc_runtime_Error_E_memory__C
0000b344   xdc_runtime_Error_Module__diagsEnabled__C
0000b348   xdc_runtime_Error_Module__diagsIncluded__C
0000b34c   xdc_runtime_Error_Module__diagsMask__C
0000b350   xdc_runtime_Error_Module__loggerFxn8__C
0000b354   xdc_runtime_Error_Module__loggerObj__C
0000b358   xdc_runtime_Error_raiseHook__C
0000b35c   xdc_runtime_IFilterLogger_Interface__BASE__C
0000b360   xdc_runtime_IGateProvider_Interface__BASE__C
0000b364   xdc_runtime_IHeap_Interface__BASE__C
0000b368   xdc_runtime_ILogger_Interface__BASE__C
0000b36c   xdc_runtime_IModule_Interface__BASE__C
0000b370   xdc_runtime_Log_L_error__C
0000b374   xdc_runtime_Log_L_warning__C
0000b378   xdc_runtime_Main_Module__diagsEnabled__C
0000b37c   xdc_runtime_Main_Module__diagsIncluded__C
0000b380   xdc_runtime_Main_Module__diagsMask__C
0000b384   xdc_runtime_Main_Module__loggerFxn2__C
0000b388   xdc_runtime_Main_Module__loggerFxn4__C
0000b38c   xdc_runtime_Main_Module__loggerObj__C
0000b390   xdc_runtime_Memory_defaultHeapInstance__C
0000b394   xdc_runtime_Startup_execImpl__C
0000b398   xdc_runtime_Startup_maxPasses__C
0000b39c   xdc_runtime_Startup_sfxnRts__C
0000b3a0   xdc_runtime_Startup_sfxnTab__C
0000b3a4   xdc_runtime_SysMin_bufSize__C
0000b3a8   xdc_runtime_SysMin_outputFunc__C
0000b3ac   xdc_runtime_System_Module__gateObj__C
0000b3b0   xdc_runtime_System_extendFxn__C
0000b3b4   xdc_runtime_System_maxAtexitHandlers__C
0000b3b8   xdc_runtime_Text_charTab__C
0000b3bc   xdc_runtime_Text_nameEmpty__C
0000b3c0   xdc_runtime_Text_nameStatic__C
0000b3c4   xdc_runtime_Text_nameUnknown__C
0000b3c8   xdc_runtime_Text_nodeTab__C
0000b3cc   xdc_runtime_Text_visitRopeFxn__C
0000b3d0   ti_sysbios_family_arm_m3_Hwi_Module__id__C
0000b3d2   ti_sysbios_family_arm_m3_Hwi_Module__loggerDefined__C
0000b3d4   ti_sysbios_gates_GateMutex_Module__id__C
0000b3d6   ti_sysbios_hal_Hwi_Module__id__C
0000b3d8   ti_sysbios_heaps_HeapMem_Module__id__C
0000b3da   ti_sysbios_io_DEV_Module__id__C
0000b3dc   ti_sysbios_knl_Clock_Module__id__C
0000b3de   ti_sysbios_knl_Clock_Module__loggerDefined__C
0000b3e0   ti_sysbios_knl_Semaphore_Module__id__C
0000b3e2   ti_sysbios_knl_Semaphore_Module__loggerDefined__C
0000b3e4   ti_sysbios_knl_Swi_Module__id__C
0000b3e6   ti_sysbios_knl_Swi_Module__loggerDefined__C
0000b3e8   ti_sysbios_knl_Task_Module__id__C
0000b3ea   ti_sysbios_knl_Task_Module__loggerDefined__C
0000b3ec   ti_sysbios_knl_Task_initStackFlag__C
0000b3ee   ti_sysbios_utils_Load_Module__id__C
0000b3f0   ti_sysbios_utils_Load_Module__loggerDefined__C
0000b3f2   ti_sysbios_utils_Load_autoAddTasks__C
0000b3f4   ti_sysbios_utils_Load_hwiEnabled__C
0000b3f6   ti_sysbios_utils_Load_updateInIdle__C
0000b3f8   ti_uia_runtime_LoggerStopMode_Module__id__C
0000b3fa   ti_uia_runtime_LoggerStopMode_filterByLevel__C
0000b3fc   ti_uia_runtime_LoggerStopMode_isTimestampEnabled__C
0000b3fe   xdc_runtime_Core_Module__id__C
0000b400   xdc_runtime_Error_Module__loggerDefined__C
0000b402   xdc_runtime_Error_maxDepth__C
0000b404   xdc_runtime_Main_Module__id__C
0000b406   xdc_runtime_Main_Module__loggerDefined__C
0000b408   xdc_runtime_Memory_Module__id__C
0000b40a   xdc_runtime_SysMin_flushAtExit__C
0000b40c   xdc_runtime_Text_charCnt__C
0000b40e   xdc_runtime_Text_isLoaded__C
0000b410   xdc_runtime_Text_registryModsLastId__C
0000b412   xdc_runtime_Text_unnamedModsLastId__C
0000b9bc   __TI_Handler_Table_Base
0000b9c8   __TI_Handler_Table_Limit
0000b9d8   __TI_CINIT_Base
0000b9f0   __TI_CINIT_Limit
20000000   ti_sysbios_family_arm_m3_Hwi_ramVectors
20000360   ti_sysbios_knl_Task_Instance_State_0_stack__A
20000b60   ti_sysbios_knl_Task_Instance_State_1_stack__A
20001360   ti_sysbios_knl_Task_Instance_State_2_stack__A
20001b60   ti_sysbios_heaps_HeapMem_Instance_State_0_buf__A
20002b60   ti_uia_runtime_LoggerStopMode_Instance_State_1_bufferArray__A
20002fe0   ti_uia_runtime_LoggerStopMode_Instance_State_2_bufferArray__A
20003460   uartTivaObjects
200038a0   xdc_runtime_SysMin_Module_State_0_outbuf__A
20003ca0   ti_uia_runtime_LoggerStopMode_Instance_State_0_bufferArray__A
20003f20   __CIOBUF_
20004048   ti_sysbios_knl_Task_Instance_State_0_hookEnv__A
20004050   ti_sysbios_knl_Task_Instance_State_1_hookEnv__A
20004058   ti_sysbios_knl_Task_Instance_State_2_hookEnv__A
20004060   __stack
20004160   __STACK_TOP
20005060   __STACK_END
20005060   ti_sysbios_family_arm_m3_Hwi_Module_State_0_dispatchTable__A
200053c0   ti_sysbios_BIOS_Module__state__V
200053e0   ti_sysbios_family_arm_lm4_Timer_Module__root__V
200053e8   ti_sysbios_family_arm_lm4_Timer_Module_State_0_handles__A
20005400   ti_sysbios_family_arm_lm4_Timer_Module__state__V
2000540c   ti_sysbios_family_arm_lm4_TimestampProvider_Module__state__V
20005414   ti_sysbios_family_arm_m3_Hwi_Module__root__V
2000541c   ti_sysbios_family_arm_m3_Hwi_Module_State_0_excActive__A
20005420   ti_sysbios_family_arm_m3_Hwi_Module_State_0_excContext__A
20005424   ti_sysbios_family_arm_m3_Hwi_Module_State_0_excStack__A
20005428   ti_sysbios_gates_GateHwi_Module__root__V
20005430   ti_sysbios_gates_GateHwi_Object__table__V
20005434   ti_sysbios_gates_GateMutex_Module__root__V
2000543c   ti_sysbios_hal_Hwi_Module__root__V
20005444   ti_sysbios_hal_Timer_Module__root__V
2000544c   ti_sysbios_hal_Timer_Object__table__V
20005454   ti_sysbios_heaps_HeapMem_Module__root__V
2000545c   ti_sysbios_heaps_HeapMem_Object__table__V
20005474   ti_sysbios_io_DEV_Module__root__V
2000547c   ti_sysbios_io_DEV_Module_State_0_table__A
2000549c   ti_sysbios_io_DEV_Module__state__V
200054a0   ti_sysbios_io_GIO_Module__root__V
200054a8   ti_sysbios_knl_Clock_Module__root__V
200054b0   ti_sysbios_knl_Event_Module__root__V
200054bc   ti_sysbios_knl_Queue_Module__root__V
200054c4   ti_sysbios_knl_Semaphore_Module__root__V
200054d0   ti_sysbios_knl_Swi_Module__root__V
200054d8   ti_sysbios_knl_Swi_Module__state__V
200054f4   ti_sysbios_knl_Task_Module__root__V
20005500   ti_sysbios_knl_Task_Module_State_0_idleTask__A
20005504   ti_sysbios_utils_Load_Module__root__V
20005508   ti_sysbios_utils_Load_Module_State_0_taskStartTime__A
2000550c   ti_sysbios_utils_Load_Module_State_0_runningTask__A
20005510   ti_sysbios_xdcruntime_SemThreadSupport_Module__root__V
20005518   ti_uia_runtime_LogSync_Module__root__V
20005520   ti_uia_runtime_LogSync_Module__state__V
2000552c   ti_uia_runtime_LoggerStopMode_Module__root__V
20005534   ti_uia_runtime_LoggerStopMode_Module__state__V
2000553c   ti_uia_runtime_QueueDescriptor_Module__state__V
20005548   xdc_runtime_Error_Module__state__V
2000554a   xdc_runtime_Main_Module__root__V
2000554c   xdc_runtime_Memory_Module__state__V
20005550   xdc_runtime_Registry_Module__state__V
20005558   xdc_runtime_Startup_Module__state__V
20005560   xdc_runtime_SysMin_Module__state__V
2000556c   xdc_runtime_System_Module_State_0_atexitHandlers__A
2000558c   xdc_runtime_System_Module__state__V
20005598   xdc_runtime_Text_Module__state__V
200055a0   xdc_runtime_knl_SemThread_Module__root__V
200055a8   xdc_runtime_knl_SyncNull_Module__root__V
200055b0   xdc_runtime_knl_SyncSemThread_Module__root__V
200055b8   __xdc__init__addr
200055bc   ti_uia_runtime_LoggerStopMode_Object__table__V
200056c4   ti_sysbios_knl_Task_Object__table__V
20005764   TSK_idle
200057b4   ti_sysbios_utils_Load_Module__state__V
2000584c   ti_sysbios_knl_Swi_Module_State_0_readyQ__A
200058cc   ti_sysbios_knl_Task_Module_State_0_readyQ__A
2000594c   ti_sysbios_family_arm_lm4_Timer_Object__table__V
200059bc   ti_sysbios_family_arm_m3_Hwi_Module__state__V
20005a18   ti_sysbios_utils_Load_Module_State_0_taskEnv__A
20005a6c   ti_sysbios_knl_Task_Module__state__V
20005ab0   ti_sysbios_gates_GateMutex_Object__table__V
20005ae8   ti_sysbios_family_arm_lm4_Timer_Module_State_0_device__A
20005b18   ti_sysbios_family_arm_m3_Hwi_Object__table__V
20005b48   ti_sysbios_knl_Swi_Object__table__V
20005b78   ti_sysbios_knl_Clock_Module__state__V
20005ba8   _lock
20005bac   _unlock
20005bb0   __TI_cleanup_ptr
20005bb4   __TI_dtors_ptr
20005bb8   ti_uia_runtime_QueueDescriptor_gPtrToFirstDescriptor
20005bbc   ti_uia_runtime_QueueDescriptor_gUpdateCount
20005bc4   main_func_sp
e000e000   ti_sysbios_family_arm_m3_Hwi_nvic
ffffffff   __binit__
ffffffff   __c_args__
ffffffff   binit
UNDEFED    SHT$$INIT_ARRAY$$Base
UNDEFED    SHT$$INIT_ARRAY$$Limit

[821 symbols]
