******************************************************************************
                  TI ARM Linker PC v5.1.1                      
******************************************************************************
>> Linked Mon Mar 24 18:15:29 2014

OUTPUT FILE NAME:   <rover.out>
ENTRY POINT SYMBOL: "_c_int00"  address: 000066a5


MEMORY CONFIGURATION

         name            origin    length      used     unused   attr    fill
----------------------  --------  ---------  --------  --------  ----  --------
  FLASH                 00000000   00040000  0000b6ae  00034952  R  X
  SRAM                  20000000   00008000  00005358  00002ca8  RW X


SEGMENT ALLOCATION MAP

run origin  load origin   length   init length attrs members
----------  ----------- ---------- ----------- ----- -------
00000000    00000000    0000b6b0   0000b6b0    r-x
  00000000    00000000    00000360   00000360    r-- .resetVecs
  00000360    00000360    00007f04   00007f04    r-x .text
  00008264    00008264    00002eaa   00002eaa    r-- .const
  0000b110    0000b110    000005a0   000005a0    r-- .cinit
20000000    20000000    00005358   00000000    rw-
  20000000    20000000    00000360   00000000    rw- .vecs
  20000360    20000360    000034f8   00000000    rw- .bss
  20003858    20003858    00001000   00000000    rw- .stack
  20004858    20004858    00000b00   00000000    rw- .data


SECTION ALLOCATION MAP

 output                                  attributes/
section   page    origin      length       input sections
--------  ----  ----------  ----------   ----------------
.bootVecs 
*          0    00000000    00000008     DSECT
                  00000000    00000008     boot.aem4f : boot.oem4f (.bootVecs)

.resetVecs 
*          0    00000000    00000360     
                  00000000    00000360     main_pem4f.oem4f (.resetVecs)

xdc.meta   0    00000000    000000f5     COPY SECTION
                  00000000    000000f5     main_pem4f.oem4f (xdc.meta)

.text      0    00000360    00007f04     
                  00000360    00000424     sysbios.aem4f : BIOS.obj (.text:ti_sysbios_family_arm_m3_Hwi_excDumpRegs__I)
                  00000784    00000344     ti.targets.arm.rtsarm.aem4f : System.oem4f (.text:xdc_runtime_System_doPrint__I)
                  00000ac8    000002e0     sysbios.aem4f : BIOS.obj (.text:ti_sysbios_knl_Semaphore_pend__E)
                  00000da8    000002d4     rtsv7M4_T_le_v4SPD16_eabi.lib : trgdrv.obj (.text)
                  0000107c    000002c8     uart_tivaware.aem4f : UARTTiva.oem4f (.text:UARTTiva_open)
                  00001344    00000248     sysbios.aem4f : BIOS.obj (.text:ti_sysbios_heaps_HeapMem_free__E)
                  0000158c    00000234                   : BIOS.obj (.text:ti_sysbios_heaps_HeapMem_alloc__E)
                  000017c0    00000230                   : BIOS.obj (.text:ti_sysbios_family_arm_lm4_Timer_start__E)
                  000019f0    00000210                   : BIOS.obj (.text:ti_sysbios_family_arm_m3_Hwi_excHandlerMax__I)
                  00001c00    00000204     uart_tivaware.aem4f : UARTTiva.oem4f (.text:UARTTiva_write)
                  00001e04    000001f8                         : UARTTiva.oem4f (.text:UARTTiva_read)
                  00001ffc    000001cc                         : UARTTiva.oem4f (.text:UARTTiva_hwiIntFxn)
                  000021c8    000001a0     ti.uia.runtime.aem4f : LoggerStopMode.oem4f (.text:ti_uia_runtime_LoggerStopMode_write8__E)
                  00002368    0000016c     uart_tivaware.aem4f : UARTTiva.oem4f (.text:writeData)
                  000024d4    00000168                         : UARTTiva.oem4f (.text:UARTTiva_readPolling)
                  0000263c    00000168     sysbios.aem4f : BIOS.obj (.text:ti_sysbios_family_arm_m3_Hwi_excBusFault__I)
                  000027a4    00000160     uart_tivaware.aem4f : UARTTiva.oem4f (.text:readData)
                  00002904    0000015c                         : UARTTiva.oem4f (.text:UARTTiva_writePolling)
                  00002a60    0000015c     ti.uia.runtime.aem4f : LoggerStopMode.oem4f (.text:ti_uia_runtime_LoggerStopMode_writeMemoryRange__E)
                  00002bbc    00000154     sysbios.aem4f : BIOS.obj (.text:ti_sysbios_family_arm_m3_Hwi_excUsageFault__I)
                  00002d10    00000144                   : BIOS.obj (.text:ti_sysbios_knl_Semaphore_post__E)
                  00002e54    00000140                   : BIOS.obj (.text:ti_sysbios_family_arm_m3_Hwi_dispatchC__I)
                  00002f94    00000140                   : BIOS.obj (.text:ti_sysbios_family_arm_m3_Hwi_excMemFault__I)
                  000030d4    0000013c     ti.uia.runtime.aem4f : LoggerStopMode.oem4f (.text:ti_uia_runtime_LoggerStopMode_write4__E)
                  00003210    0000013c     ti.targets.arm.rtsarm.aem4f : Error.oem4f (.text:xdc_runtime_Error_raiseX__F)
                  0000334c    00000138     sysbios.aem4f : BIOS.obj (.text:ti_sysbios_heaps_HeapMem_Instance_init__F)
                  00003484    00000138                   : BIOS.obj (.text:ti_sysbios_utils_Load_logLoads__I)
                  000035bc    00000134                   : m3_Hwi_asm.obj (.text:ti_sysbios_family_arm_m3_Hwi_dispatch__I)
                  000036f0    00000130     driverlib.lib : gpio.obj (.text:GPIOPadConfigSet)
                  00003820    00000130     sysbios.aem4f : BIOS.obj (.text:ti_sysbios_utils_Load_updateThreadContexts__E)
                  00003950    0000012c                   : BIOS.obj (.text:ti_sysbios_family_arm_lm4_TimestampProvider_get64__E)
                  00003a7c    0000012c                   : BIOS.obj (.text:ti_sysbios_knl_Clock_workFunc__E)
                  00003ba8    0000012c                   : BIOS.obj (.text:ti_sysbios_knl_Task_exit__E)
                  00003cd4    00000124     EK_LM4F120XL.obj (.text:EK_LM4F120XL_initUART)
                  00003df8    00000120     sysbios.aem4f : BIOS.obj (.text:ti_sysbios_knl_Swi_run__I)
                  00003f18    0000010c     Boot.aem4f : Boot_sysctl.oem4f (.text:ti_catalog_arm_cortexm4_tiva_ce_Boot_sysCtlClockSetI__I)
                  00004024    00000104     ti.targets.arm.rtsarm.aem4f : Core-mem.oem4f (.text:xdc_runtime_Core_createObject__I)
                  00004128    00000104     main_pem4f.oem4f (.text:xdc_runtime_System_printfExtend__I)
                  0000422c    000000fc     sysbios.aem4f : BIOS.obj (.text:ti_sysbios_knl_Task_schedule__I)
                  00004328    000000f8                   : BIOS.obj (.text:ti_sysbios_knl_Task_startCore__E)
                  00004420    000000f8     ti.targets.arm.rtsarm.aem4f : Startup.oem4f (.text:xdc_runtime_Startup_startMods__I)
                  00004518    000000f4     rtsv7M4_T_le_v4SPD16_eabi.lib : dtor_list.obj (.text)
                  0000460c    000000f4     sysbios.aem4f : BIOS.obj (.text:ti_sysbios_knl_Task_postInit__I)
                  00004700    000000e8     gpio_tivaware.aem4f : GPIO.oem4f (.text:GPIO_write)
                  000047e8    000000e8     sysbios.aem4f : BIOS.obj (.text:ti_sysbios_family_arm_m3_Hwi_initNVIC__E)
                  000048d0    000000e8                   : BIOS.obj (.text:ti_sysbios_io_DEV_postInit__I)
                  000049b8    000000c8     driverlib.lib : sysctl.obj (.text:SysCtlClockGet)
                  00004a80    000000c0     uart_tivaware.aem4f : UARTTiva.oem4f (.text:UARTTiva_writeCancel)
                  00004b40    000000bc                         : UARTTiva.oem4f (.text:UARTTiva_readCancel)
                  00004bfc    000000bc     sysbios.aem4f : BIOS.obj (.text:ti_sysbios_knl_Task_unblockI__E)
                  00004cb8    000000b8                   : BIOS.obj (.text:ti_sysbios_family_arm_lm4_TimestampProvider_get32__E)
                  00004d70    000000b4                   : BIOS.obj (.text:ti_sysbios_family_arm_m3_Hwi_excHardFault__I)
                  00004e24    000000b4                   : BIOS.obj (.text:ti_sysbios_gates_GateMutex_enter__E)
                  00004ed8    000000b4                   : BIOS.obj (.text:ti_sysbios_knl_Task_checkStacks__E)
                  00004f8c    000000b2     main.obj (.text:send_struct)
                  0000503e    00000002     sysbios.aem4f : BIOS.obj (.text:ti_sysbios_BIOS_nullFunc__I)
                  00005040    000000b0                   : BIOS.obj (.text:ti_sysbios_family_arm_m3_Hwi_excDebugMon__I)
                  000050f0    000000b0                   : BIOS.obj (.text:ti_sysbios_utils_Load_idleFxn__E)
                  000051a0    000000b0                   : BIOS.obj (.text:ti_sysbios_utils_Load_updateLoads__E)
                  00005250    000000ac                   : BIOS.obj (.text:ti_sysbios_family_arm_lm4_Timer_enableTiva__I)
                  000052fc    000000a8                   : BIOS.obj (.text:ti_sysbios_knl_Semaphore_Instance_init__F)
                  000053a4    000000a8                   : BIOS.obj (.text:ti_sysbios_knl_Swi_post__E)
                  0000544c    000000a8                   : BIOS.obj (.text:ti_sysbios_knl_Task_blockI__E)
                  000054f4    000000a4                   : BIOS.obj (.text:ti_sysbios_family_arm_lm4_Timer_enableTimers__I)
                  00005598    000000a4                   : BIOS.obj (.text:ti_sysbios_family_arm_m3_Hwi_Module_startup__F)
                  0000563c    000000a0     uart_tivaware.aem4f : UARTTiva.oem4f (.text:UARTTiva_close)
                  000056dc    000000a0     auto_init.aem4f : auto_init.oem4f (.text)
                  0000577c    0000009c     rtsv7M4_T_le_v4SPD16_eabi.lib : memcpy_t2.obj (.text)
                  00005818    0000009a     ti.targets.arm.rtsarm.aem4f : Text.oem4f (.text:xdc_runtime_Text_putSite__F)
                  000058b2    00000002     sysbios.aem4f : BIOS.obj (.text:ti_sysbios_gates_GateHwi_Instance_init__F)
                  000058b4    00000094     Boot.aem4f : Boot.oem4f (.text:ti_catalog_arm_cortexm4_tiva_ce_Boot_sysCtlClockSet__E)
                  00005948    00000094     ti.targets.arm.rtsarm.aem4f : Text.oem4f (.text:xdc_runtime_Text_putMod__F)
                  000059dc    00000090     sysbios.aem4f : BIOS.obj (.text:ti_sysbios_family_arm_m3_Hwi_Instance_init__F)
                  00005a6c    0000008c                   : m3_TaskSupport_asm.obj (.text:ti_sysbios_family_arm_m3_TaskSupport_buildTaskStack)
                  00005af8    00000088     EK_LM4F120XL.obj (.text:EK_LM4F120XL_initGPIO)
                  00005b80    00000088     sysbios.aem4f : BIOS.obj (.text:ti_sysbios_utils_Load_addTask__E)
                  00005c08    00000084     ti.uia.runtime.aem4f : LoggerStopMode.oem4f (.text:ti_uia_runtime_LoggerStopMode_setFilterLevel__E)
                  00005c8c    00000080     sysbios.aem4f : BIOS.obj (.text:ti_sysbios_knl_Task_Module_startup__F)
                  00005d0c    0000007e     ti.uia.runtime.aem4f : LoggerStopMode.oem4f (.text:ti_uia_runtime_LoggerStopMode_getContents__E)
                  00005d8a    00000078     rtsv7M4_T_le_v4SPD16_eabi.lib : memset_t2.obj (.text)
                  00005e02    00000002     main_pem4f.oem4f (.text:xdc_runtime_Startup_reset__I)
                  00005e04    00000078     sysbios.aem4f : BIOS.obj (.text:ti_sysbios_utils_Load_updateCurrentThreadTime__E)
                  00005e7c    00000074                   : BIOS.obj (.text:ti_sysbios_family_arm_lm4_Timer_isrStub__E)
                  00005ef0    00000070     main_pem4f.oem4f (.text:ti_sysbios_family_arm_m3_Hwi_Object__create__S)
                  00005f60    00000070     sysbios.aem4f : BIOS.obj (.text:ti_sysbios_family_arm_m3_Hwi_reconfig__E)
                  00005fd0    00000070                   : BIOS.obj (.text:ti_sysbios_utils_Load_taskDeleteHook__E)
                  00006040    00000070     ti.uia.runtime.aem4f : LoggerStopMode.oem4f (.text:ti_uia_runtime_LoggerStopMode_getFilterLevel__E)
                  000060b0    00000070                          : LoggerStopMode.oem4f (.text:ti_uia_runtime_LoggerStopMode_writeBlockOfMemory__I)
                  00006120    00000070                          : QueueDescriptor.oem4f (.text:ti_uia_runtime_QueueDescriptor_addToList__E)
                  00006190    00000070     ti.targets.arm.rtsarm.aem4f : Memory.oem4f (.text:xdc_runtime_Memory_alloc__F)
                  00006200    0000006c     sysbios.aem4f : BIOS.obj (.text:ti_sysbios_utils_Load_taskCreateHook__E)
                  0000626c    0000006c     ti.targets.arm.rtsarm.aem4f : Error.oem4f (.text:xdc_runtime_Error_print__F)
                  000062d8    00000068     sysbios.aem4f : BIOS.obj (.text:ti_sysbios_BIOS_rtsUnlock__I)
                  00006340    00000066     ti.targets.arm.rtsarm.aem4f : Core-mem.oem4f (.text:xdc_runtime_Core_deleteObject__I)
                  000063a6    00000002     --HOLE-- [fill = 0]
                  000063a8    00000064     sysbios.aem4f : BIOS.obj (.text:ti_sysbios_knl_Clock_logTick__E)
                  0000640c    00000064                   : BIOS.obj (.text:ti_sysbios_utils_Load_logCPULoad__I)
                  00006470    00000060     rtsv7M4_T_le_v4SPD16_eabi.lib : trgmsg.obj (.text)
                  000064d0    00000060     main_pem4f.oem4f (.text:ti_uia_runtime_LoggerStopMode_Object__create__S)
                  00006530    0000005e     rtsv7M4_T_le_v4SPD16_eabi.lib : copy_decompress_rle.obj (.text)
                  0000658e    00000002     --HOLE-- [fill = 0]
                  00006590    0000005c     sysbios.aem4f : BIOS.obj (.text:ti_sysbios_family_arm_lm4_Timer_Module_startup__F)
                  000065ec    0000005b     ti.targets.arm.rtsarm.aem4f : Text.oem4f (.text:xdc_runtime_Text_putLab__F)
                  00006647    00000001     --HOLE-- [fill = 0]
                  00006648    0000005a     ti.uia.runtime.aem4f : LoggerStopMode.oem4f (.text:ti_uia_runtime_LoggerStopMode_readBlockOfMemory__I)
                  000066a2    00000002     --HOLE-- [fill = 0]
                  000066a4    00000058     boot.aem4f : boot.oem4f (.text)
                  000066fc    00000058     sysbios.aem4f : BIOS.obj (.text:ti_sysbios_knl_Swi_restoreHwi__E)
                  00006754    00000058                   : BIOS.obj (.text:ti_sysbios_knl_Swi_schedule__I)
                  000067ac    00000054     ti.uia.runtime.aem4f : QueueDescriptor.oem4f (.text:ti_uia_runtime_QueueDescriptor_removeFromList__E)
                  00006800    00000053     main.obj (.text:init_uart)
                  00006853    00000001     --HOLE-- [fill = 0]
                  00006854    00000050     sysbios.aem4f : BIOS.obj (.text:ti_sysbios_utils_Load_taskSwitchHook__E)
                  000068a4    00000050     ti.targets.arm.rtsarm.aem4f : Startup.oem4f (.text:xdc_runtime_Startup_exec__F)
                  000068f4    00000050                                 : System.oem4f (.text:xdc_runtime_System_formatNum__I)
                  00006944    00000050                                 : Text.oem4f (.text:xdc_runtime_Text_visitRope2__I)
                  00006994    0000004c     main.obj (.text:struct_xfer_test)
                  000069e0    0000004c     sysbios.aem4f : BIOS.obj (.text:ti_sysbios_knl_Swi_runLoop__I)
                  00006a2c    00000048     driverlib.lib : gpio.obj (.text:GPIOPinConfigure)
                  00006a74    00000048     uart_tivaware.aem4f : UART.oem4f (.text:UART_open)
                  00006abc    00000048     sysbios.aem4f : BIOS.obj (.text:ti_sysbios_BIOS_errorRaiseHook__I)
                  00006b04    00000048                   : BIOS.obj (.text:ti_sysbios_family_arm_m3_Hwi_excReserved__I)
                  00006b4c    00000048                   : BIOS.obj (.text:ti_sysbios_heaps_HeapMem_getStats__E)
                  00006b94    00000048     ti.targets.arm.rtsarm.aem4f : Assert.oem4f (.text:xdc_runtime_Assert_raise__I)
                  00006bdc    00000048                                 : Core-params.oem4f (.text:xdc_runtime_Core_assignParams__I)
                  00006c24    00000046     ti.uia.runtime.aem4f : LoggerStopMode.oem4f (.text:ti_uia_runtime_LoggerStopMode_Instance_init__F)
                  00006c6a    00000002     --HOLE-- [fill = 0]
                  00006c6c    00000044     rtsv7M4_T_le_v4SPD16_eabi.lib : cpy_tbl.obj (.text)
                  00006cb0    00000044                                   : exit.obj (.text)
                  00006cf4    00000044     sysbios.aem4f : BIOS.obj (.text:ti_sysbios_family_arm_lm4_Timer_stop__E)
                  00006d38    00000044                   : BIOS.obj (.text:ti_sysbios_family_arm_m3_Hwi_disableInterrupt__E)
                  00006d7c    00000044                   : BIOS.obj (.text:ti_sysbios_family_arm_m3_Hwi_enableInterrupt__E)
                  00006dc0    00000044                   : BIOS.obj (.text:ti_sysbios_knl_Task_allBlockedFunction__I)
                  00006e04    00000044     ti.uia.runtime.aem4f : LoggerStopMode.oem4f (.text:ti_uia_runtime_LoggerStopMode_filterOutEvent__I)
                  00006e48    00000044                          : LoggerStopMode.oem4f (.text:ti_uia_runtime_LoggerStopMode_reset__F)
                  00006e8c    00000044     ti.targets.arm.rtsarm.aem4f : SysMin.oem4f (.text:xdc_runtime_SysMin_flush__F)
                  00006ed0    00000042     driverlib.lib : uart.obj (.text:UARTConfigSetExpClk)
                  00006f12    00000042     sysbios.aem4f : BIOS.obj (.text:ti_sysbios_knl_Semaphore_pendTimeout__I)
                  00006f54    00000040     EK_LM4F120XL.obj (.text:EK_LM4F120XL_initGeneral)
                  00006f94    00000040     sysbios.aem4f : BIOS.obj (.text:ti_sysbios_family_arm_lm4_Timer_startup__E)
                  00006fd4    00000040     main_pem4f.oem4f (.text:ti_sysbios_knl_Semaphore_Object__create__S)
                  00007014    00000040     ti.targets.arm.rtsarm.aem4f : System.oem4f (.text:xdc_runtime_System_atexit__F)
                  00007054    0000003c     sysbios.aem4f : BIOS.obj (.text:ti_sysbios_family_arm_m3_Hwi_excSvCall__I)
                  00007090    0000003c                   : BIOS.obj (.text:ti_sysbios_heaps_HeapMem_init__I)
                  000070cc    0000003c                   : BIOS.obj (.text:ti_sysbios_knl_Swi_startup__E)
                  00007108    0000003c     ti.targets.arm.rtsarm.aem4f : Text.oem4f (.text:xdc_runtime_Text_xprintf__I)
                  00007144    00000038     uart_tivaware.aem4f : UART.oem4f (.text:UART_init)
                  0000717c    00000038     sysbios.aem4f : BIOS.obj (.text:ti_sysbios_family_arm_m3_Hwi_excNoIsr__I)
                  000071b4    00000038                   : BIOS.obj (.text:ti_sysbios_family_arm_m3_Hwi_getStackInfo__E)
                  000071ec    00000038                   : BIOS.obj (.text:ti_sysbios_family_arm_m3_TaskSupport_start__E)
                  00007224    00000038     main_pem4f.oem4f (.text:ti_sysbios_gates_GateHwi_Object__create__S)
                  0000725c    00000038     main_pem4f.oem4f (.text:ti_sysbios_gates_GateMutex_Object__create__S)
                  00007294    00000038     main_pem4f.oem4f (.text:ti_sysbios_heaps_HeapMem_Object__create__S)
                  000072cc    00000038     main_pem4f.oem4f (.text:ti_sysbios_knl_Queue_Object__create__S)
                  00007304    00000038     ti.targets.arm.rtsarm.aem4f : SysMin.oem4f (.text:xdc_runtime_SysMin_putch__F)
                  0000733c    00000034     driverlib.lib : sysctl.obj (.text:SysCtlPeripheralEnable)
                  00007370    00000034     uart_tivaware.aem4f : UART.oem4f (.text:UART_Params_init)
                  000073a4    00000034                         : UART.oem4f (.text:UART_write)
                  000073d8    00000034     main.obj (.text:init_mux_pins)
                  0000740c    00000034     sysbios.aem4f : BIOS.obj (.text:ti_sysbios_family_arm_m3_Hwi_excNmi__I)
                  00007440    00000034                   : BIOS.obj (.text:ti_sysbios_hal_Hwi_checkStack:ti_sysbios_hal_Hwi_checkStack)
                  00007474    00000030     main_pem4f.oem4f (.text:ti_sysbios_BIOS_exitFunc__I)
                  000074a4    00000030     sysbios.aem4f : BIOS.obj (.text:ti_sysbios_knl_Idle_run__E)
                  000074d4    00000030     ti.targets.arm.rtsarm.aem4f : Core-label.oem4f (.text:xdc_runtime_Core_assignLabel__I)
                  00007504    00000030                                 : SysMin.oem4f (.text:xdc_runtime_SysMin_abort__F)
                  00007534    0000002f                                 : Text.oem4f (.text:xdc_runtime_Text_printVisFxn__I)
                  00007563    00000001     --HOLE-- [fill = 0]
                  00007564    0000002e     main_pem4f.oem4f (.text:malloc)
                  00007592    0000002c     sysbios.aem4f : BIOS.obj (.text:ti_sysbios_hal_Hwi_initStack:ti_sysbios_hal_Hwi_initStack)
                  000075be    00000002     --HOLE-- [fill = 0]
                  000075c0    0000002c                   : BIOS.obj (.text:ti_sysbios_io_DEV_Module_startup__F)
                  000075ec    0000002c     main_pem4f.oem4f (.text:ti_sysbios_knl_Clock_doTick__I)
                  00007618    0000002c     sysbios.aem4f : BIOS.obj (.text:ti_sysbios_knl_Task_restore__E)
                  00007644    0000002c     ti.uia.runtime.aem4f : LoggerStopMode.oem4f (.text:ti_uia_runtime_LoggerStopMode_Module_startup__F)
                  00007670    0000002c                          : LoggerStopMode.oem4f (.text:ti_uia_runtime_LoggerStopMode_disable__E)
                  0000769c    0000002c                          : LoggerStopMode.oem4f (.text:ti_uia_runtime_LoggerStopMode_enable__E)
                  000076c8    0000002c     ti.targets.arm.rtsarm.aem4f : System.oem4f (.text:xdc_runtime_System_rtsExit__I)
                  000076f4    0000002c                                 : Text.oem4f (.text:xdc_runtime_Text_cordText__F)
                  00007720    0000002a     driverlib.lib : gpio.obj (.text:GPIODirModeSet)
                  0000774a    0000002a     ti.targets.arm.rtsarm.aem4f : System.oem4f (.text:xdc_runtime_System_putchar__I)
                  00007774    00000028     sysbios.aem4f : m3_Hwi_asm_switch.obj (.text:ti_sysbios_family_arm_m3_Hwi_initStacks__E)
                  0000779c    00000028                   : BIOS.obj (.text:ti_sysbios_gates_GateMutex_Instance_init__F)
                  000077c4    00000028     ti.uia.runtime.aem4f : LogSync.oem4f (.text:ti_uia_runtime_LogSync_Module_startup__F)
                  000077ec    00000028                          : QueueDescriptor.oem4f (.text:ti_uia_runtime_QueueDescriptor_initHeader__E)
                  00007814    00000026     ti.targets.arm.rtsarm.aem4f : System.oem4f (.text:xdc_runtime_System_avprintf__F)
                  0000783a    00000002     --HOLE-- [fill = 0]
                  0000783c    00000024     gpio_tivaware.aem4f : GPIO.oem4f (.text:GPIO_init)
                  00007860    00000024     main.obj (.text:main)
                  00007884    00000024     sysbios.aem4f : BIOS.obj (.text:ti_sysbios_BIOS_registerRTSLock__I)
                  000078a8    00000024     main_pem4f.oem4f (.text:ti_sysbios_BIOS_startFunc__I)
                  000078cc    00000024     sysbios.aem4f : BIOS.obj (.text:ti_sysbios_family_arm_m3_Hwi_Instance_finalize__F)
                  000078f0    00000024                   : BIOS.obj (.text:ti_sysbios_family_arm_m3_Hwi_doTaskRestore__I)
                  00007914    00000024     main_pem4f.oem4f (.text:ti_sysbios_gates_GateMutex_Object__delete__S)
                  00007938    00000024     sysbios.aem4f : BIOS.obj (.text:ti_sysbios_knl_Clock_Module_startup__F)
                  0000795c    00000024                   : BIOS.obj (.text:ti_sysbios_knl_Swi_Module_startup__F)
                  00007980    00000024     ti.uia.runtime.aem4f : LoggerStopMode.oem4f (.text:ti_uia_runtime_LoggerStopMode_Instance_finalize__F)
                  000079a4    00000024     ti.targets.arm.rtsarm.aem4f : System.oem4f (.text:xdc_runtime_System_vprintf__F)
                  000079c8    00000022     main_pem4f.oem4f (.text:xdc_runtime_SysMin_output__I)
                  000079ea    00000020     sysbios.aem4f : m3_Hwi_asm_switch.obj (.text:ti_sysbios_family_xxx_Hwi_switchAndRunFunc)
                  00007a0a    00000002     --HOLE-- [fill = 0]
                  00007a0c    00000020     main_pem4f.oem4f (.text:ti_sysbios_gates_GateHwi_Object__delete__S)
                  00007a2c    00000020     main_pem4f.oem4f (.text:ti_sysbios_heaps_HeapMem_Object__delete__S)
                  00007a4c    00000020     main_pem4f.oem4f (.text:ti_sysbios_knl_Semaphore_Object__destruct__S)
                  00007a6c    00000020     sysbios.aem4f : BIOS.obj (.text:ti_sysbios_knl_Task_enter__I)
                  00007a8c    00000020     main_pem4f.oem4f (.text:ti_uia_runtime_LoggerStopMode_Object__delete__S)
                  00007aac    00000020     ti.targets.arm.rtsarm.aem4f : Registry.oem4f (.text:xdc_runtime_Registry_findById__F)
                  00007acc    00000020                                 : SysMin.oem4f (.text:xdc_runtime_SysMin_Module_startup__F)
                  00007aec    0000001c     driverlib.lib : uart.obj (.text:UARTDisable)
                  00007b08    0000001c     sysbios.aem4f : BIOS.obj (.text:ti_sysbios_BIOS_rtsLock__I)
                  00007b24    0000001c     main_pem4f.oem4f (.text:ti_sysbios_family_arm_m3_Hwi_Object__destruct__S)
                  00007b40    0000001c     main_pem4f.oem4f (.text:ti_sysbios_knl_Queue_Object__destruct__S)
                  00007b5c    0000001c     ti.targets.arm.rtsarm.aem4f : Error.oem4f (.text:xdc_runtime_Error_check__F)
                  00007b78    0000001c                                 : Memory.oem4f (.text:xdc_runtime_Memory_valloc__F)
                  00007b94    0000001c                                 : SysMin.oem4f (.text:xdc_runtime_SysMin_exit__F)
                  00007bb0    0000001a     main_pem4f.oem4f (.text:ti_sysbios_family_arm_m3_Hwi_Handle__label__S)
                  00007bca    0000001a     main_pem4f.oem4f (.text:ti_sysbios_gates_GateHwi_Handle__label__S)
                  00007be4    0000001a     main_pem4f.oem4f (.text:ti_sysbios_gates_GateMutex_Handle__label__S)
                  00007bfe    0000001a     main_pem4f.oem4f (.text:ti_sysbios_heaps_HeapMem_Handle__label__S)
                  00007c18    0000001a     main_pem4f.oem4f (.text:ti_sysbios_knl_Swi_Handle__label__S)
                  00007c32    0000001a     main_pem4f.oem4f (.text:ti_sysbios_knl_Task_Handle__label__S)
                  00007c4c    0000001a     main_pem4f.oem4f (.text:ti_uia_runtime_LoggerStopMode_Handle__label__S)
                  00007c66    0000001a     main_pem4f.oem4f (.text:xdc_runtime_System_aprintf__E)
                  00007c80    0000001a     main_pem4f.oem4f (.text:xdc_runtime_System_printf__E)
                  00007c9a    00000018     driverlib.lib : gpio.obj (.text:GPIOPinTypeGPIOOutput)
                  00007cb2    00000018     main_pem4f.oem4f (.text:free)
                  00007cca    00000002     --HOLE-- [fill = 0]
                  00007ccc    00000018     rtsv7M4_T_le_v4SPD16_eabi.lib : args_main.obj (.text)
                  00007ce4    00000018     main_pem4f.oem4f (.text:ti_sysbios_family_arm_lm4_Timer_Module__startupDone__F)
                  00007cfc    00000018     main_pem4f.oem4f (.text:ti_sysbios_family_arm_m3_Hwi_Module__startupDone__F)
                  00007d14    00000018     sysbios.aem4f : m3_TaskSupport_asm.obj (.text:ti_sysbios_family_arm_m3_TaskSupport_swap__E)
                  00007d2c    00000018                   : BIOS.obj (.text:ti_sysbios_gates_GateMutex_leave__E)
                  00007d44    00000018     main_pem4f.oem4f (.text:ti_sysbios_hal_Timer_Module__startupDone__F)
                  00007d5c    00000018     ti.targets.arm.rtsarm.aem4f : Text.oem4f (.text:xdc_runtime_Text_ropeText__F)
                  00007d74    00000016     ti.uia.runtime.aem4f : LoggerStopMode.oem4f (.text:ti_uia_runtime_LoggerStopMode_getFreeSize__E)
                  00007d8a    00000016                          : LoggerStopMode.oem4f (.text:ti_uia_runtime_LoggerStopMode_getUnreadSize__E)
                  00007da0    00000014     driverlib.lib : uart.obj (.text:UARTEnable)
                  00007db4    00000014     rtsv7M4_T_le_v4SPD16_eabi.lib : _lock.obj (.text)
                  00007dc8    00000014                                   : strlen.obj (.text)
                  00007ddc    00000014     sysbios.aem4f : BIOS.obj (.text:ti_sysbios_family_arm_m3_Hwi_switchFromBootStack__E)
                  00007df0    00000014     main_pem4f.oem4f (.text:ti_sysbios_heaps_HeapMem_Object__get__S)
                  00007e04    00000014     main_pem4f.oem4f (.text:ti_sysbios_knl_Swi_Object__get__S)
                  00007e18    00000014     main_pem4f.oem4f (.text:ti_sysbios_knl_Task_Object__get__S)
                  00007e2c    00000014     ti.targets.arm.rtsarm.aem4f : System.oem4f (.text:xdc_runtime_System_abort__F)
                  00007e40    00000012     driverlib.lib : gpio.obj (.text:GPIOPinTypeGPIOInput)
                  00007e52    00000012                   : gpio.obj (.text:GPIOPinTypeUART)
                  00007e64    00000012     rtsv7M4_T_le_v4SPD16_eabi.lib : copy_zero_init.obj (.text:decompress:ZI)
                  00007e76    00000012     sysbios.aem4f : BIOS.obj (.text:ti_sysbios_hal_Hwi_Module_startup__F)
                  00007e88    00000012                   : BIOS.obj (.text:ti_sysbios_hal_Timer_Module_startup__F)
                  00007e9a    00000012     ti.uia.runtime.aem4f : LoggerStopMode.oem4f (.text:ti_uia_runtime_LoggerStopMode_write1__E)
                  00007eac    00000012                          : LoggerStopMode.oem4f (.text:ti_uia_runtime_LoggerStopMode_write2__E)
                  00007ebe    00000012     main_pem4f.oem4f (.text:xdc_runtime_Startup_exec__I)
                  00007ed0    00000010     rtsv7M4_T_le_v4SPD16_eabi.lib : strcpy.obj (.text)
                  00007ee0    00000010     sysbios.aem4f : BIOS.obj (.text:ti_sysbios_BIOS_getCpuFreq__E)
                  00007ef0    00000010                   : BIOS.obj (.text:ti_sysbios_BIOS_setThreadType__E)
                  00007f00    00000010                   : BIOS.obj (.text:ti_sysbios_BIOS_start__E)
                  00007f10    00000010                   : BIOS.obj (.text:ti_sysbios_family_arm_lm4_TimestampProvider_rolloverFunc__E)
                  00007f20    00000010                   : BIOS.obj (.text:ti_sysbios_family_arm_m3_Hwi_excHandler__I)
                  00007f30    00000010                   : m3_TaskSupport_asm.obj (.text:ti_sysbios_family_arm_m3_TaskSupport_glue)
                  00007f40    00000010                   : m3_Hwi_asm_switch.obj (.text:ti_sysbios_family_xxx_Hwi_switchToIsrStack)
                  00007f50    00000010                   : BIOS.obj (.text:ti_sysbios_gates_GateMutex_Instance_finalize__F)
                  00007f60    00000010     main_pem4f.oem4f (.text:ti_sysbios_io_DEV_Object__get__S)
                  00007f70    00000010     sysbios.aem4f : BIOS.obj (.text:ti_sysbios_knl_Semaphore_Instance_finalize__F)
                  00007f80    00000010                   : BIOS.obj (.text:ti_sysbios_knl_Swi_disable__E)
                  00007f90    00000010                   : BIOS.obj (.text:ti_sysbios_knl_Task_disable__E)
                  00007fa0    00000010     main_pem4f.oem4f (.text:ti_uia_runtime_LoggerStopMode_Object__get__S)
                  00007fb0    00000010     ti.uia.runtime.aem4f : LoggerStopMode.oem4f (.text:ti_uia_runtime_LoggerStopMode_write0__E)
                  00007fc0    00000010     ti.targets.arm.rtsarm.aem4f : Gate.oem4f (.text:xdc_runtime_Gate_leaveSystem__F)
                  00007fd0    00000010                                 : Memory.oem4f (.text:xdc_runtime_Memory_free__F)
                  00007fe0    00000010                                 : SysMin.oem4f (.text:xdc_runtime_SysMin_ready__F)
                  00007ff0    00000010                                 : System.oem4f (.text:xdc_runtime_System_vsnprintf__F)
                  00008000    00000010     main_pem4f.oem4f (.text:xdc_runtime_Text_visitRope__I)
                  00008010    0000000e     driverlib.lib : uart.obj (.text:UARTCharGetNonBlocking)
                  0000801e    0000000e                   : uart.obj (.text:UARTCharPutNonBlocking)
                  0000802c    0000000e     rtsv7M4_T_le_v4SPD16_eabi.lib : copy_decompress_none.obj (.text:decompress:none)
                  0000803a    0000000e     sysbios.aem4f : BIOS.obj (.text:ti_sysbios_knl_Queue_empty__E)
                  00008048    0000000e     ti.uia.runtime.aem4f : LoggerStopMode.oem4f (.text:ti_uia_runtime_LoggerStopMode_isEmpty__E)
                  00008056    00000002     --HOLE-- [fill = 0]
                  00008058    0000000c     main_pem4f.oem4f (.text:.bootCodeSection:ti_catalog_arm_cortexm4_tiva_ce_Boot_init__I)
                  00008064    0000000c     sysbios.aem4f : BIOS.obj (.text:ti_sysbios_family_arm_lm4_Timer_masterDisable__I)
                  00008070    0000000c                   : BIOS.obj (.text:ti_sysbios_family_arm_lm4_TimestampProvider_startTimer__E)
                  0000807c    0000000c     main_pem4f.oem4f (.text:ti_sysbios_family_arm_m3_Hwi_Params__init__S)
                  00008088    0000000c     sysbios.aem4f : BIOS.obj (.text:ti_sysbios_family_arm_m3_Hwi_disableFxn__E)
                  00008094    0000000c                   : BIOS.obj (.text:ti_sysbios_family_arm_m3_TaskSupport_checkStack__E)
                  000080a0    0000000c                   : m3_Hwi_asm_switch.obj (.text:ti_sysbios_family_xxx_Hwi_switchToTaskStack)
                  000080ac    0000000c                   : BIOS.obj (.text:ti_sysbios_gates_GateHwi_enter__E)
                  000080b8    0000000c     main_pem4f.oem4f (.text:ti_sysbios_knl_Queue_Object__get__S)
                  000080c4    0000000c     main_pem4f.oem4f (.text:ti_sysbios_knl_Semaphore_Params__init__S)
                  000080d0    0000000c     sysbios.aem4f : BIOS.obj (.text:ti_sysbios_utils_Load_taskRegHook__E)
                  000080dc    0000000c     ti.targets.arm.rtsarm.aem4f : Error.oem4f (.text:xdc_runtime_Error_init__F)
                  000080e8    0000000c                                 : Gate.oem4f (.text:xdc_runtime_Gate_enterSystem__F)
                  000080f4    0000000c                                 : Memory.oem4f (.text:xdc_runtime_Memory_calloc__F)
                  00008100    0000000c                                 : Memory.oem4f (.text:xdc_runtime_Memory_getMaxDefaultTypeAlign__F)
                  0000810c    0000000c                                 : System.oem4f (.text:xdc_runtime_System_exit__F)
                  00008118    0000000c                                 : System.oem4f (.text:xdc_runtime_System_lastFxn__I)
                  00008124    0000000a     driverlib.lib : uart.obj (.text:UARTCharGet)
                  0000812e    0000000a                   : uart.obj (.text:UARTCharPut)
                  00008138    0000000a                   : uart.obj (.text:UARTIntDisable)
                  00008142    0000000a                   : uart.obj (.text:UARTIntStatus)
                  0000814c    0000000a     main_pem4f.oem4f (.text:xdc_runtime_IHeap_alloc)
                  00008156    0000000a     main_pem4f.oem4f (.text:xdc_runtime_IHeap_free)
                  00008160    00000008     driverlib.lib : uart.obj (.text:UARTIntEnable)
                  00008168    00000008     uart_tivaware.aem4f : UARTTiva.oem4f (.text:UARTTiva_init)
                  00008170    00000008                         : UARTTiva.oem4f (.text:readSemCallback)
                  00008178    00000008     sysbios.aem4f : BIOS.obj (.text:ti_sysbios_family_arm_m3_Hwi_doSwiRestore__I)
                  00008180    00000008                   : BIOS.obj (.text:ti_sysbios_family_arm_m3_Hwi_startup__E)
                  00008188    00000008                   : BIOS.obj (.text:ti_sysbios_knl_Idle_loop__E)
                  00008190    00000008     uart_tivaware.aem4f : UARTTiva.oem4f (.text:writeSemCallback)
                  00008198    00000006     driverlib.lib : gpio.obj (.text:GPIOPinWrite)
                  0000819e    00000006                   : sysctl.obj (.text:SysCtlDelay)
                  000081a4    00000006                   : uart.obj (.text:UARTFIFOLevelSet)
                  000081aa    00000006     ti.targets.arm.rtsarm.aem4f : xdc_noinit.oem4f (.text:__xdc__init)
                  000081b0    00000006     rtsv7M4_T_le_v4SPD16_eabi.lib : copy_decompress_rle.obj (.text:decompress:rle24)
                  000081b6    00000006     Boot.aem4f : Boot_sysctl.oem4f (.text:ti_catalog_arm_cortexm4_tiva_ce_Boot_sysCtlDelayI__I)
                  000081bc    00000006     sysbios.aem4f : BIOS.obj (.text:ti_sysbios_family_arm_lm4_TimestampProvider_Module_startup__F)
                  000081c2    00000006                   : BIOS.obj (.text:ti_sysbios_family_arm_m3_Hwi_restoreFxn__E)
                  000081c8    00000006                   : BIOS.obj (.text:ti_sysbios_gates_GateHwi_leave__E)
                  000081ce    00000006                   : BIOS.obj (.text:ti_sysbios_heaps_HeapMem_isBlocking__E)
                  000081d4    00000006                   : BIOS.obj (.text:ti_sysbios_knl_Queue_Instance_init__F)
                  000081da    00000006     ti.uia.runtime.aem4f : LoggerStopMode.oem4f (.text:ti_uia_runtime_LoggerStopMode_getPriority__E)
                  000081e0    00000006                          : LoggerStopMode.oem4f (.text:ti_uia_runtime_LoggerStopMode_getTransferType__F)
                  000081e6    00000006     ti.targets.arm.rtsarm.aem4f : System.oem4f (.text:xdc_runtime_System_Module_startup__F)
                  000081ec    00000004     driverlib.lib : uart.obj (.text:UARTIntClear)
                  000081f0    00000004     main_pem4f.oem4f (.text:ti_sysbios_BIOS_RtsGateProxy_enter__E)
                  000081f4    00000004     main_pem4f.oem4f (.text:ti_sysbios_BIOS_RtsGateProxy_leave__E)
                  000081f8    00000004     sysbios.aem4f : BIOS.obj (.text:ti_sysbios_family_arm_lm4_Timer_getPeriod__E)
                  000081fc    00000004                   : BIOS.obj (.text:ti_sysbios_family_arm_lm4_Timer_masterEnable__I)
                  00008200    00000004     main_pem4f.oem4f (.text:ti_sysbios_family_arm_m3_TaskSupport_Module__startupDone__S)
                  00008204    00000004     sysbios.aem4f : BIOS.obj (.text:ti_sysbios_gates_GateHwi_query__F)
                  00008208    00000004                   : BIOS.obj (.text:ti_sysbios_gates_GateMutex_query__F)
                  0000820c    00000004     main_pem4f.oem4f (.text:ti_sysbios_hal_Hwi_HwiProxy_Module__startupDone__S)
                  00008210    00000004     main_pem4f.oem4f (.text:ti_sysbios_hal_Timer_TimerProxy_Module__startupDone__S)
                  00008214    00000004     main_pem4f.oem4f (.text:ti_sysbios_hal_Timer_TimerProxy_getPeriod__E)
                  00008218    00000004     main_pem4f.oem4f (.text:ti_sysbios_heaps_HeapMem_Module_GateProxy_enter__E)
                  0000821c    00000004     main_pem4f.oem4f (.text:ti_sysbios_heaps_HeapMem_Module_GateProxy_leave__E)
                  00008220    00000004     main_pem4f.oem4f (.text:ti_sysbios_knl_Task_SupportProxy_Module__startupDone__S)
                  00008224    00000004     sysbios.aem4f : BIOS.obj (.text:ti_sysbios_knl_Task_startup__E)
                  00008228    00000004     main_pem4f.oem4f (.text:ti_uia_runtime_LogSync_CpuTimestampProxy_Module__startupDone__S)
                  0000822c    00000004     main_pem4f.oem4f (.text:ti_uia_runtime_LogSync_GlobalTimestampProxy_Module__startupDone__S)
                  00008230    00000004     ti.uia.runtime.aem4f : LoggerStopMode.oem4f (.text:ti_uia_runtime_LoggerStopMode_getInstanceId__E)
                  00008234    00000004                          : LoggerStopMode.oem4f (.text:ti_uia_runtime_LoggerStopMode_getMaxLength__E)
                  00008238    00000004                          : LoggerStopMode.oem4f (.text:ti_uia_runtime_LoggerStopMode_setPriority__E)
                  0000823c    00000004     ti.targets.arm.rtsarm.aem4f : Error.oem4f (.text:xdc_runtime_Error_getSite__F)
                  00008240    00000004     main_pem4f.oem4f (.text:xdc_runtime_Memory_HeapProxy_alloc__E)
                  00008244    00000004     main_pem4f.oem4f (.text:xdc_runtime_Memory_HeapProxy_free__E)
                  00008248    00000004     main_pem4f.oem4f (.text:xdc_runtime_System_Module_GateProxy_enter__E)
                  0000824c    00000004     main_pem4f.oem4f (.text:xdc_runtime_System_Module_GateProxy_leave__E)
                  00008250    00000004     ti.targets.arm.rtsarm.aem4f : System.oem4f (.text:xdc_runtime_System_aprintf_va__F)
                  00008254    00000004                                 : System.oem4f (.text:xdc_runtime_System_printf_va__F)
                  00008258    00000004     main_pem4f.oem4f (.text:xdc_runtime_System_vsnprintf__E)
                  0000825c    00000004     main_pem4f.oem4f (.text:xdc_runtime_TimestampNull_Module__startupDone__S)
                  00008260    00000004     main_pem4f.oem4f (.text:xdc_runtime_Timestamp_Module__startupDone__S)

.const     0    00008264    00002eaa     
                  00008264    000023a0     main_pem4f.oem4f (.const:xdc_runtime_Text_charTab__A)
                  0000a604    0000013c     main_pem4f.oem4f (.const:xdc_runtime_Text_nodeTab__A)
                  0000a740    000000d8     main_pem4f.oem4f (.const:ti_sysbios_family_arm_m3_Hwi_priorities__A)
                  0000a818    00000090     driverlib.lib : gpio.obj (.const:g_pui32GPIOBaseAddrs)
                  0000a8a8    0000006c     EK_LM4F120XL.obj (.const:UART_config)
                  0000a914    0000006c     driverlib.lib : sysctl.obj (.const:g_pui32Xtals)
                  0000a980    00000060     main_pem4f.oem4f (.const:ti_uia_runtime_LoggerStopMode_Module__FXNS__C)
                  0000a9e0    00000048     main_pem4f.oem4f (.const:.string)
                  0000aa28    00000040     EK_LM4F120XL.obj (.const:uartTivaHWAttrs)
                  0000aa68    0000003c     EK_LM4F120XL.obj (.const:gpioHWAttrs)
                  0000aaa4    00000034     main_pem4f.oem4f (.const:xdc_runtime_Startup_sfxnTab__A)
                  0000aad8    00000030     main_pem4f.oem4f (.const:ti_sysbios_family_arm_m3_Hwi_Object__PARAMS__C)
                  0000ab08    00000030     main_pem4f.oem4f (.const:ti_sysbios_knl_Task_hooks__A)
                  0000ab38    00000030     main_pem4f.oem4f (.const:ti_uia_runtime_LoggerStopMode_Object__PARAMS__C)
                  0000ab68    00000028     main_pem4f.oem4f (.const:ti_sysbios_heaps_HeapMem_Module__FXNS__C)
                  0000ab90    00000024     uart_tivaware.aem4f : UARTTiva.oem4f (.const:UARTTiva_fxnTable)
                  0000abb4    00000024     main_pem4f.oem4f (.const:ti_sysbios_gates_GateHwi_Module__FXNS__C)
                  0000abd8    00000024     main_pem4f.oem4f (.const:ti_sysbios_gates_GateMutex_Module__FXNS__C)
                  0000abfc    00000024     main_pem4f.oem4f (.const:ti_sysbios_heaps_HeapMem_Object__PARAMS__C)
                  0000ac20    00000024     main_pem4f.oem4f (.const:ti_sysbios_knl_Semaphore_Object__PARAMS__C)
                  0000ac44    00000020     main_pem4f.oem4f (.const:ti_sysbios_family_arm_m3_Hwi_Object__DESC__C)
                  0000ac64    00000020     main_pem4f.oem4f (.const:ti_sysbios_gates_GateHwi_Object__DESC__C)
                  0000ac84    00000020     main_pem4f.oem4f (.const:ti_sysbios_gates_GateMutex_Object__DESC__C)
                  0000aca4    00000020     main_pem4f.oem4f (.const:ti_sysbios_heaps_HeapMem_Object__DESC__C)
                  0000acc4    00000020     main_pem4f.oem4f (.const:ti_sysbios_knl_Queue_Object__DESC__C)
                  0000ace4    00000020     main_pem4f.oem4f (.const:ti_sysbios_knl_Semaphore_Object__DESC__C)
                  0000ad04    00000020     main_pem4f.oem4f (.const:ti_uia_runtime_LoggerStopMode_Object__DESC__C)
                  0000ad24    00000020     uart_tivaware.aem4f : UART.oem4f (.const)
                  0000ad44    0000001a     main_pem4f.oem4f (.const:xdc_runtime_Startup_sfxnRts__A)
                  0000ad5e    00000002     main_pem4f.oem4f (.const:ti_catalog_arm_cortexm4_tiva_ce_Boot_Module__id__C)
                  0000ad60    00000018     EK_LM4F120XL.obj (.const)
                  0000ad78    00000018     main_pem4f.oem4f (.const:ti_sysbios_gates_GateHwi_Object__PARAMS__C)
                  0000ad90    00000018     main_pem4f.oem4f (.const:ti_sysbios_gates_GateMutex_Object__PARAMS__C)
                  0000ada8    00000018     main_pem4f.oem4f (.const:ti_sysbios_knl_Queue_Object__PARAMS__C)
                  0000adc0    00000014     main_pem4f.oem4f (.const:xdc_runtime_Startup_firstFxns__A)
                  0000add4    00000011     ti.targets.arm.rtsarm.aem4f : System.oem4f (.const)
                  0000ade5    00000001     main_pem4f.oem4f (.const:xdc_runtime_Error_policy__C)
                  0000ade6    00000002     main_pem4f.oem4f (.const:ti_sysbios_BIOS_Module__id__C)
                  0000ade8    00000008     main_pem4f.oem4f (.const:ti_sysbios_family_arm_m3_Hwi_excHookFuncs__A)
                  0000adf0    00000008     main_pem4f.oem4f (.const:ti_sysbios_knl_Idle_coreList__A)
                  0000adf8    00000008     main_pem4f.oem4f (.const:ti_sysbios_knl_Idle_coreList__C)
                  0000ae00    00000008     main_pem4f.oem4f (.const:ti_sysbios_knl_Idle_funcList__A)
                  0000ae08    00000008     main_pem4f.oem4f (.const:ti_sysbios_knl_Idle_funcList__C)
                  0000ae10    00000008     main_pem4f.oem4f (.const:ti_sysbios_knl_Task_hooks__C)
                  0000ae18    00000008     main_pem4f.oem4f (.const:xdc_runtime_Startup_firstFxns__C)
                  0000ae20    00000008     main_pem4f.oem4f (.const:xdc_runtime_Startup_lastFxns__A)
                  0000ae28    00000008     main_pem4f.oem4f (.const:xdc_runtime_Startup_lastFxns__C)
                  0000ae30    00000004     main_pem4f.oem4f (.const:ti_catalog_arm_cortexm4_tiva_ce_Boot_A_mustUseEnhancedClockMode__C)
                  0000ae34    00000004     main_pem4f.oem4f (.const:ti_catalog_arm_cortexm4_tiva_ce_Boot_Module__diagsEnabled__C)
                  0000ae38    00000004     main_pem4f.oem4f (.const:ti_catalog_arm_cortexm4_tiva_ce_Boot_Module__diagsIncluded__C)
                  0000ae3c    00000004     main_pem4f.oem4f (.const:ti_catalog_arm_cortexm4_tiva_ce_Boot_Module__diagsMask__C)
                  0000ae40    00000004     main_pem4f.oem4f (.const:ti_sysbios_BIOS_Module__diagsEnabled__C)
                  0000ae44    00000004     main_pem4f.oem4f (.const:ti_sysbios_BIOS_Module__diagsIncluded__C)
                  0000ae48    00000004     main_pem4f.oem4f (.const:ti_sysbios_BIOS_Module__diagsMask__C)
                  0000ae4c    00000004     main_pem4f.oem4f (.const:ti_sysbios_BIOS_installedErrorHook__C)
                  0000ae50    00000004     main_pem4f.oem4f (.const:ti_sysbios_family_arm_lm4_Timer_enableFunc__C)
                  0000ae54    00000004     main_pem4f.oem4f (.const:ti_sysbios_family_arm_lm4_Timer_numTimerDevices__C)
                  0000ae58    00000004     main_pem4f.oem4f (.const:ti_sysbios_family_arm_lm4_Timer_startupNeeded__C)
                  0000ae5c    00000004     main_pem4f.oem4f (.const:ti_sysbios_family_arm_m3_Hwi_E_NMI__C)
                  0000ae60    00000004     main_pem4f.oem4f (.const:ti_sysbios_family_arm_m3_Hwi_E_alreadyDefined__C)
                  0000ae64    00000004     main_pem4f.oem4f (.const:ti_sysbios_family_arm_m3_Hwi_E_busFault__C)
                  0000ae68    00000004     main_pem4f.oem4f (.const:ti_sysbios_family_arm_m3_Hwi_E_debugMon__C)
                  0000ae6c    00000004     main_pem4f.oem4f (.const:ti_sysbios_family_arm_m3_Hwi_E_hardFault__C)
                  0000ae70    00000004     main_pem4f.oem4f (.const:ti_sysbios_family_arm_m3_Hwi_E_memFault__C)
                  0000ae74    00000004     main_pem4f.oem4f (.const:ti_sysbios_family_arm_m3_Hwi_E_noIsr__C)
                  0000ae78    00000004     main_pem4f.oem4f (.const:ti_sysbios_family_arm_m3_Hwi_E_reserved__C)
                  0000ae7c    00000004     main_pem4f.oem4f (.const:ti_sysbios_family_arm_m3_Hwi_E_svCall__C)
                  0000ae80    00000004     main_pem4f.oem4f (.const:ti_sysbios_family_arm_m3_Hwi_E_usageFault__C)
                  0000ae84    00000004     main_pem4f.oem4f (.const:ti_sysbios_family_arm_m3_Hwi_LD_end__C)
                  0000ae88    00000004     main_pem4f.oem4f (.const:ti_sysbios_family_arm_m3_Hwi_LM_begin__C)
                  0000ae8c    00000004     main_pem4f.oem4f (.const:ti_sysbios_family_arm_m3_Hwi_Module__diagsEnabled__C)
                  0000ae90    00000004     main_pem4f.oem4f (.const:ti_sysbios_family_arm_m3_Hwi_Module__diagsIncluded__C)
                  0000ae94    00000004     main_pem4f.oem4f (.const:ti_sysbios_family_arm_m3_Hwi_Module__diagsMask__C)
                  0000ae98    00000004     main_pem4f.oem4f (.const:ti_sysbios_family_arm_m3_Hwi_Module__loggerFxn1__C)
                  0000ae9c    00000004     main_pem4f.oem4f (.const:ti_sysbios_family_arm_m3_Hwi_Module__loggerFxn8__C)
                  0000aea0    00000004     main_pem4f.oem4f (.const:ti_sysbios_family_arm_m3_Hwi_Module__loggerObj__C)
                  0000aea4    00000004     main_pem4f.oem4f (.const:ti_sysbios_family_arm_m3_Hwi_NUM_INTERRUPTS__C)
                  0000aea8    00000004     main_pem4f.oem4f (.const:ti_sysbios_family_arm_m3_Hwi_ccr__C)
                  0000aeac    00000004     main_pem4f.oem4f (.const:ti_sysbios_family_arm_m3_Hwi_dispatchTable__C)
                  0000aeb0    00000004     main_pem4f.oem4f (.const:ti_sysbios_family_arm_m3_Hwi_excHandlerFunc__C)
                  0000aeb4    00000004     main_pem4f.oem4f (.const:ti_sysbios_family_arm_m3_Hwi_excHookFuncs__C)
                  0000aeb8    00000004     main_pem4f.oem4f (.const:ti_sysbios_family_arm_m3_Hwi_priGroup__C)
                  0000aebc    00000004     main_pem4f.oem4f (.const:ti_sysbios_family_arm_m3_Hwi_priorities__C)
                  0000aec0    00000004     main_pem4f.oem4f (.const:ti_sysbios_gates_GateMutex_A_badContext__C)
                  0000aec4    00000004     main_pem4f.oem4f (.const:ti_sysbios_gates_GateMutex_Instance_State_sem__O)
                  0000aec8    00000004     main_pem4f.oem4f (.const:ti_sysbios_gates_GateMutex_Module__diagsEnabled__C)
                  0000aecc    00000004     main_pem4f.oem4f (.const:ti_sysbios_gates_GateMutex_Module__diagsIncluded__C)
                  0000aed0    00000004     main_pem4f.oem4f (.const:ti_sysbios_gates_GateMutex_Module__diagsMask__C)
                  0000aed4    00000004     main_pem4f.oem4f (.const:ti_sysbios_hal_Hwi_E_stackOverflow__C)
                  0000aed8    00000004     main_pem4f.oem4f (.const:ti_sysbios_heaps_HeapMem_A_align__C)
                  0000aedc    00000004     main_pem4f.oem4f (.const:ti_sysbios_heaps_HeapMem_A_heapSize__C)
                  0000aee0    00000004     main_pem4f.oem4f (.const:ti_sysbios_heaps_HeapMem_A_invalidFree__C)
                  0000aee4    00000004     main_pem4f.oem4f (.const:ti_sysbios_heaps_HeapMem_A_zeroBlock__C)
                  0000aee8    00000004     main_pem4f.oem4f (.const:ti_sysbios_heaps_HeapMem_E_memory__C)
                  0000aeec    00000004     main_pem4f.oem4f (.const:ti_sysbios_heaps_HeapMem_Module__diagsEnabled__C)
                  0000aef0    00000004     main_pem4f.oem4f (.const:ti_sysbios_heaps_HeapMem_Module__diagsIncluded__C)
                  0000aef4    00000004     main_pem4f.oem4f (.const:ti_sysbios_heaps_HeapMem_Module__diagsMask__C)
                  0000aef8    00000004     main_pem4f.oem4f (.const:ti_sysbios_heaps_HeapMem_Module__gateObj__C)
                  0000aefc    00000004     main_pem4f.oem4f (.const:ti_sysbios_heaps_HeapMem_Object__count__C)
                  0000af00    00000004     main_pem4f.oem4f (.const:ti_sysbios_heaps_HeapMem_reqAlign__C)
                  0000af04    00000004     main_pem4f.oem4f (.const:ti_sysbios_io_DEV_Object__count__C)
                  0000af08    00000004     main_pem4f.oem4f (.const:ti_sysbios_io_DEV_tableSize__C)
                  0000af0c    00000004     main_pem4f.oem4f (.const:ti_sysbios_knl_Clock_LM_begin__C)
                  0000af10    00000004     main_pem4f.oem4f (.const:ti_sysbios_knl_Clock_LM_tick__C)
                  0000af14    00000004     main_pem4f.oem4f (.const:ti_sysbios_knl_Clock_LW_delayed__C)
                  0000af18    00000004     main_pem4f.oem4f (.const:ti_sysbios_knl_Clock_Module_State_clockQ__O)
                  0000af1c    00000004     main_pem4f.oem4f (.const:ti_sysbios_knl_Clock_Module__diagsEnabled__C)
                  0000af20    00000004     main_pem4f.oem4f (.const:ti_sysbios_knl_Clock_Module__diagsIncluded__C)
                  0000af24    00000004     main_pem4f.oem4f (.const:ti_sysbios_knl_Clock_Module__diagsMask__C)
                  0000af28    00000004     main_pem4f.oem4f (.const:ti_sysbios_knl_Clock_Module__loggerFxn1__C)
                  0000af2c    00000004     main_pem4f.oem4f (.const:ti_sysbios_knl_Clock_Module__loggerFxn2__C)
                  0000af30    00000004     main_pem4f.oem4f (.const:ti_sysbios_knl_Clock_Module__loggerObj__C)
                  0000af34    00000004     main_pem4f.oem4f (.const:ti_sysbios_knl_Semaphore_A_badContext__C)
                  0000af38    00000004     main_pem4f.oem4f (.const:ti_sysbios_knl_Semaphore_A_noEvents__C)
                  0000af3c    00000004     main_pem4f.oem4f (.const:ti_sysbios_knl_Semaphore_A_overflow__C)
                  0000af40    00000004     main_pem4f.oem4f (.const:ti_sysbios_knl_Semaphore_A_pendTaskDisabled__C)
                  0000af44    00000004     main_pem4f.oem4f (.const:ti_sysbios_knl_Semaphore_Instance_State_pendQ__O)
                  0000af48    00000004     main_pem4f.oem4f (.const:ti_sysbios_knl_Semaphore_LM_pend__C)
                  0000af4c    00000004     main_pem4f.oem4f (.const:ti_sysbios_knl_Semaphore_LM_post__C)
                  0000af50    00000004     main_pem4f.oem4f (.const:ti_sysbios_knl_Semaphore_Module__diagsEnabled__C)
                  0000af54    00000004     main_pem4f.oem4f (.const:ti_sysbios_knl_Semaphore_Module__diagsIncluded__C)
                  0000af58    00000004     main_pem4f.oem4f (.const:ti_sysbios_knl_Semaphore_Module__diagsMask__C)
                  0000af5c    00000004     main_pem4f.oem4f (.const:ti_sysbios_knl_Semaphore_Module__loggerFxn2__C)
                  0000af60    00000004     main_pem4f.oem4f (.const:ti_sysbios_knl_Semaphore_Module__loggerFxn4__C)
                  0000af64    00000004     main_pem4f.oem4f (.const:ti_sysbios_knl_Semaphore_Module__loggerObj__C)
                  0000af68    00000004     main_pem4f.oem4f (.const:ti_sysbios_knl_Swi_LD_end__C)
                  0000af6c    00000004     main_pem4f.oem4f (.const:ti_sysbios_knl_Swi_LM_begin__C)
                  0000af70    00000004     main_pem4f.oem4f (.const:ti_sysbios_knl_Swi_LM_post__C)
                  0000af74    00000004     main_pem4f.oem4f (.const:ti_sysbios_knl_Swi_Module__diagsEnabled__C)
                  0000af78    00000004     main_pem4f.oem4f (.const:ti_sysbios_knl_Swi_Module__diagsIncluded__C)
                  0000af7c    00000004     main_pem4f.oem4f (.const:ti_sysbios_knl_Swi_Module__diagsMask__C)
                  0000af80    00000004     main_pem4f.oem4f (.const:ti_sysbios_knl_Swi_Module__loggerFxn1__C)
                  0000af84    00000004     main_pem4f.oem4f (.const:ti_sysbios_knl_Swi_Module__loggerFxn4__C)
                  0000af88    00000004     main_pem4f.oem4f (.const:ti_sysbios_knl_Swi_Module__loggerObj__C)
                  0000af8c    00000004     main_pem4f.oem4f (.const:ti_sysbios_knl_Swi_Object__count__C)
                  0000af90    00000004     main_pem4f.oem4f (.const:ti_sysbios_knl_Task_E_spOutOfBounds__C)
                  0000af94    00000004     main_pem4f.oem4f (.const:ti_sysbios_knl_Task_E_stackOverflow__C)
                  0000af98    00000004     main_pem4f.oem4f (.const:ti_sysbios_knl_Task_LD_block__C)
                  0000af9c    00000004     main_pem4f.oem4f (.const:ti_sysbios_knl_Task_LD_exit__C)
                  0000afa0    00000004     main_pem4f.oem4f (.const:ti_sysbios_knl_Task_LD_ready__C)
                  0000afa4    00000004     main_pem4f.oem4f (.const:ti_sysbios_knl_Task_LM_switch__C)
                  0000afa8    00000004     main_pem4f.oem4f (.const:ti_sysbios_knl_Task_Module_State_inactiveQ__O)
                  0000afac    00000004     main_pem4f.oem4f (.const:ti_sysbios_knl_Task_Module__diagsEnabled__C)
                  0000afb0    00000004     main_pem4f.oem4f (.const:ti_sysbios_knl_Task_Module__diagsIncluded__C)
                  0000afb4    00000004     main_pem4f.oem4f (.const:ti_sysbios_knl_Task_Module__diagsMask__C)
                  0000afb8    00000004     main_pem4f.oem4f (.const:ti_sysbios_knl_Task_Module__loggerFxn2__C)
                  0000afbc    00000004     main_pem4f.oem4f (.const:ti_sysbios_knl_Task_Module__loggerFxn4__C)
                  0000afc0    00000004     main_pem4f.oem4f (.const:ti_sysbios_knl_Task_Module__loggerObj__C)
                  0000afc4    00000004     main_pem4f.oem4f (.const:ti_sysbios_knl_Task_Object__count__C)
                  0000afc8    00000004     main_pem4f.oem4f (.const:ti_sysbios_knl_Task_Object__heap__C)
                  0000afcc    00000004     main_pem4f.oem4f (.const:ti_sysbios_knl_Task_allBlockedFunc__C)
                  0000afd0    00000004     main_pem4f.oem4f (.const:ti_sysbios_knl_Task_numConstructedTasks__C)
                  0000afd4    00000004     main_pem4f.oem4f (.const:ti_sysbios_utils_Load_LS_cpuLoad__C)
                  0000afd8    00000004     main_pem4f.oem4f (.const:ti_sysbios_utils_Load_LS_hwiLoad__C)
                  0000afdc    00000004     main_pem4f.oem4f (.const:ti_sysbios_utils_Load_LS_taskLoad__C)
                  0000afe0    00000004     main_pem4f.oem4f (.const:ti_sysbios_utils_Load_Module_State_taskList__O)
                  0000afe4    00000004     main_pem4f.oem4f (.const:ti_sysbios_utils_Load_Module__diagsEnabled__C)
                  0000afe8    00000004     main_pem4f.oem4f (.const:ti_sysbios_utils_Load_Module__diagsIncluded__C)
                  0000afec    00000004     main_pem4f.oem4f (.const:ti_sysbios_utils_Load_Module__diagsMask__C)
                  0000aff0    00000004     main_pem4f.oem4f (.const:ti_sysbios_utils_Load_Module__loggerFxn1__C)
                  0000aff4    00000004     main_pem4f.oem4f (.const:ti_sysbios_utils_Load_Module__loggerFxn2__C)
                  0000aff8    00000004     main_pem4f.oem4f (.const:ti_sysbios_utils_Load_Module__loggerFxn4__C)
                  0000affc    00000004     main_pem4f.oem4f (.const:ti_sysbios_utils_Load_Module__loggerObj__C)
                  0000b000    00000004     main_pem4f.oem4f (.const:ti_sysbios_utils_Load_postUpdate__C)
                  0000b004    00000004     main_pem4f.oem4f (.const:ti_sysbios_utils_Load_windowInMs__C)
                  0000b008    00000004     main_pem4f.oem4f (.const:ti_uia_runtime_ILoggerSnapshot_Interface__BASE__C)
                  0000b00c    00000004     main_pem4f.oem4f (.const:ti_uia_runtime_IUIATransfer_Interface__BASE__C)
                  0000b010    00000004     main_pem4f.oem4f (.const:ti_uia_runtime_LoggerStopMode_E_badLevel__C)
                  0000b014    00000004     main_pem4f.oem4f (.const:ti_uia_runtime_LoggerStopMode_Object__count__C)
                  0000b018    00000004     main_pem4f.oem4f (.const:ti_uia_runtime_LoggerStopMode_overflowLogger__C)
                  0000b01c    00000004     main_pem4f.oem4f (.const:ti_uia_runtime_LoggerStopMode_statusLogger__C)
                  0000b020    00000004     main_pem4f.oem4f (.const:xdc_runtime_Assert_E_assertFailed__C)
                  0000b024    00000004     main_pem4f.oem4f (.const:xdc_runtime_Core_A_initializedParams__C)
                  0000b028    00000004     main_pem4f.oem4f (.const:xdc_runtime_Core_Module__diagsEnabled__C)
                  0000b02c    00000004     main_pem4f.oem4f (.const:xdc_runtime_Core_Module__diagsIncluded__C)
                  0000b030    00000004     main_pem4f.oem4f (.const:xdc_runtime_Core_Module__diagsMask__C)
                  0000b034    00000004     main_pem4f.oem4f (.const:xdc_runtime_Error_E_generic__C)
                  0000b038    00000004     main_pem4f.oem4f (.const:xdc_runtime_Error_E_memory__C)
                  0000b03c    00000004     main_pem4f.oem4f (.const:xdc_runtime_Error_Module__diagsEnabled__C)
                  0000b040    00000004     main_pem4f.oem4f (.const:xdc_runtime_Error_Module__diagsIncluded__C)
                  0000b044    00000004     main_pem4f.oem4f (.const:xdc_runtime_Error_Module__diagsMask__C)
                  0000b048    00000004     main_pem4f.oem4f (.const:xdc_runtime_Error_Module__loggerFxn8__C)
                  0000b04c    00000004     main_pem4f.oem4f (.const:xdc_runtime_Error_Module__loggerObj__C)
                  0000b050    00000004     main_pem4f.oem4f (.const:xdc_runtime_Error_raiseHook__C)
                  0000b054    00000004     main_pem4f.oem4f (.const:xdc_runtime_IFilterLogger_Interface__BASE__C)
                  0000b058    00000004     main_pem4f.oem4f (.const:xdc_runtime_IGateProvider_Interface__BASE__C)
                  0000b05c    00000004     main_pem4f.oem4f (.const:xdc_runtime_IHeap_Interface__BASE__C)
                  0000b060    00000004     main_pem4f.oem4f (.const:xdc_runtime_ILogger_Interface__BASE__C)
                  0000b064    00000004     main_pem4f.oem4f (.const:xdc_runtime_IModule_Interface__BASE__C)
                  0000b068    00000004     main_pem4f.oem4f (.const:xdc_runtime_Log_L_error__C)
                  0000b06c    00000004     main_pem4f.oem4f (.const:xdc_runtime_Log_L_warning__C)
                  0000b070    00000004     main_pem4f.oem4f (.const:xdc_runtime_Main_Module__diagsEnabled__C)
                  0000b074    00000004     main_pem4f.oem4f (.const:xdc_runtime_Main_Module__diagsIncluded__C)
                  0000b078    00000004     main_pem4f.oem4f (.const:xdc_runtime_Main_Module__diagsMask__C)
                  0000b07c    00000004     main_pem4f.oem4f (.const:xdc_runtime_Main_Module__loggerFxn2__C)
                  0000b080    00000004     main_pem4f.oem4f (.const:xdc_runtime_Main_Module__loggerFxn4__C)
                  0000b084    00000004     main_pem4f.oem4f (.const:xdc_runtime_Main_Module__loggerObj__C)
                  0000b088    00000004     main_pem4f.oem4f (.const:xdc_runtime_Memory_defaultHeapInstance__C)
                  0000b08c    00000004     main_pem4f.oem4f (.const:xdc_runtime_Startup_execImpl__C)
                  0000b090    00000004     main_pem4f.oem4f (.const:xdc_runtime_Startup_maxPasses__C)
                  0000b094    00000004     main_pem4f.oem4f (.const:xdc_runtime_Startup_sfxnRts__C)
                  0000b098    00000004     main_pem4f.oem4f (.const:xdc_runtime_Startup_sfxnTab__C)
                  0000b09c    00000004     main_pem4f.oem4f (.const:xdc_runtime_SysMin_bufSize__C)
                  0000b0a0    00000004     main_pem4f.oem4f (.const:xdc_runtime_SysMin_outputFunc__C)
                  0000b0a4    00000004     main_pem4f.oem4f (.const:xdc_runtime_System_Module__gateObj__C)
                  0000b0a8    00000004     main_pem4f.oem4f (.const:xdc_runtime_System_extendFxn__C)
                  0000b0ac    00000004     main_pem4f.oem4f (.const:xdc_runtime_System_maxAtexitHandlers__C)
                  0000b0b0    00000004     main_pem4f.oem4f (.const:xdc_runtime_Text_charTab__C)
                  0000b0b4    00000004     main_pem4f.oem4f (.const:xdc_runtime_Text_nameEmpty__C)
                  0000b0b8    00000004     main_pem4f.oem4f (.const:xdc_runtime_Text_nameStatic__C)
                  0000b0bc    00000004     main_pem4f.oem4f (.const:xdc_runtime_Text_nameUnknown__C)
                  0000b0c0    00000004     main_pem4f.oem4f (.const:xdc_runtime_Text_nodeTab__C)
                  0000b0c4    00000004     main_pem4f.oem4f (.const:xdc_runtime_Text_visitRopeFxn__C)
                  0000b0c8    00000002     main_pem4f.oem4f (.const:ti_sysbios_family_arm_lm4_TimestampProvider_useClockTimer__C)
                  0000b0ca    00000002     main_pem4f.oem4f (.const:ti_sysbios_family_arm_m3_Hwi_Module__id__C)
                  0000b0cc    00000002     main_pem4f.oem4f (.const:ti_sysbios_family_arm_m3_Hwi_Module__loggerDefined__C)
                  0000b0ce    00000002     main_pem4f.oem4f (.const:ti_sysbios_gates_GateMutex_Module__id__C)
                  0000b0d0    00000002     main_pem4f.oem4f (.const:ti_sysbios_hal_Hwi_Module__id__C)
                  0000b0d2    00000002     main_pem4f.oem4f (.const:ti_sysbios_heaps_HeapMem_Module__id__C)
                  0000b0d4    00000002     main_pem4f.oem4f (.const:ti_sysbios_io_DEV_Module__id__C)
                  0000b0d6    00000002     main_pem4f.oem4f (.const:ti_sysbios_knl_Clock_Module__id__C)
                  0000b0d8    00000002     main_pem4f.oem4f (.const:ti_sysbios_knl_Clock_Module__loggerDefined__C)
                  0000b0da    00000002     main_pem4f.oem4f (.const:ti_sysbios_knl_Semaphore_Module__id__C)
                  0000b0dc    00000002     main_pem4f.oem4f (.const:ti_sysbios_knl_Semaphore_Module__loggerDefined__C)
                  0000b0de    00000002     main_pem4f.oem4f (.const:ti_sysbios_knl_Swi_Module__id__C)
                  0000b0e0    00000002     main_pem4f.oem4f (.const:ti_sysbios_knl_Swi_Module__loggerDefined__C)
                  0000b0e2    00000002     main_pem4f.oem4f (.const:ti_sysbios_knl_Task_Module__id__C)
                  0000b0e4    00000002     main_pem4f.oem4f (.const:ti_sysbios_knl_Task_Module__loggerDefined__C)
                  0000b0e6    00000002     main_pem4f.oem4f (.const:ti_sysbios_knl_Task_initStackFlag__C)
                  0000b0e8    00000002     main_pem4f.oem4f (.const:ti_sysbios_utils_Load_Module__id__C)
                  0000b0ea    00000002     main_pem4f.oem4f (.const:ti_sysbios_utils_Load_Module__loggerDefined__C)
                  0000b0ec    00000002     main_pem4f.oem4f (.const:ti_sysbios_utils_Load_autoAddTasks__C)
                  0000b0ee    00000002     main_pem4f.oem4f (.const:ti_sysbios_utils_Load_hwiEnabled__C)
                  0000b0f0    00000002     main_pem4f.oem4f (.const:ti_sysbios_utils_Load_updateInIdle__C)
                  0000b0f2    00000002     main_pem4f.oem4f (.const:ti_uia_runtime_LoggerStopMode_Module__id__C)
                  0000b0f4    00000002     main_pem4f.oem4f (.const:ti_uia_runtime_LoggerStopMode_filterByLevel__C)
                  0000b0f6    00000002     main_pem4f.oem4f (.const:ti_uia_runtime_LoggerStopMode_isTimestampEnabled__C)
                  0000b0f8    00000002     main_pem4f.oem4f (.const:xdc_runtime_Core_Module__id__C)
                  0000b0fa    00000002     main_pem4f.oem4f (.const:xdc_runtime_Error_Module__loggerDefined__C)
                  0000b0fc    00000002     main_pem4f.oem4f (.const:xdc_runtime_Error_maxDepth__C)
                  0000b0fe    00000002     main_pem4f.oem4f (.const:xdc_runtime_Main_Module__id__C)
                  0000b100    00000002     main_pem4f.oem4f (.const:xdc_runtime_Main_Module__loggerDefined__C)
                  0000b102    00000002     main_pem4f.oem4f (.const:xdc_runtime_Memory_Module__id__C)
                  0000b104    00000002     main_pem4f.oem4f (.const:xdc_runtime_SysMin_flushAtExit__C)
                  0000b106    00000002     main_pem4f.oem4f (.const:xdc_runtime_Text_charCnt__C)
                  0000b108    00000002     main_pem4f.oem4f (.const:xdc_runtime_Text_isLoaded__C)
                  0000b10a    00000002     main_pem4f.oem4f (.const:xdc_runtime_Text_registryModsLastId__C)
                  0000b10c    00000002     main_pem4f.oem4f (.const:xdc_runtime_Text_unnamedModsLastId__C)

.cinit     0    0000b110    000005a0     
                  0000b110    00000567     (.cinit..data.load) [load image, compression = rle]
                  0000b677    00000001     --HOLE-- [fill = 0]
                  0000b678    0000000c     (__TI_handler_table)
                  0000b684    00000004     --HOLE-- [fill = 0]
                  0000b688    00000008     (.cinit..bss.load) [load image, compression = zero_init]
                  0000b690    00000008     (.cinit..vecs.load) [load image, compression = zero_init]
                  0000b698    00000018     (__TI_cinit_table)

.vecs      0    20000000    00000360     UNINITIALIZED
                  20000000    00000360     main_pem4f.oem4f (.vecs)

.bss       0    20000360    000034f8     UNINITIALIZED
                  20000360    00001000     main_pem4f.oem4f (.bss:taskStackSection)
                  20001360    00001000     main_pem4f.oem4f (.bss:ti_sysbios_heaps_HeapMem_Instance_State_0_buf__A)
                  20002360    00000480     main_pem4f.oem4f (.bss:ti_uia_runtime_LoggerStopMode_Instance_State_1_bufferArray__A)
                  200027e0    00000480     main_pem4f.oem4f (.bss:ti_uia_runtime_LoggerStopMode_Instance_State_2_bufferArray__A)
                  20002c60    00000440     EK_LM4F120XL.obj (.bss:uartTivaObjects)
                  200030a0    00000400     main_pem4f.oem4f (.bss:xdc_runtime_SysMin_Module_State_0_outbuf__A)
                  200034a0    00000280     main_pem4f.oem4f (.bss:ti_uia_runtime_LoggerStopMode_Instance_State_0_bufferArray__A)
                  20003720    00000120     rtsv7M4_T_le_v4SPD16_eabi.lib : trgmsg.obj (.bss:__CIOBUF_)
                  20003840    00000008     (.common:parmbuf)
                  20003848    00000008     (.common:ti_sysbios_knl_Task_Instance_State_0_hookEnv__A)
                  20003850    00000008     (.common:ti_sysbios_knl_Task_Instance_State_1_hookEnv__A)

.stack     0    20003858    00001000     UNINITIALIZED
                  20003858    00001000     --HOLE--

.data      0    20004858    00000b00     UNINITIALIZED
                  20004858    00000360     main_pem4f.oem4f (.data:ti_sysbios_family_arm_m3_Hwi_Module_State_0_dispatchTable__A)
                  20004bb8    000001fc     main_pem4f.oem4f (.data)
                  20004db4    00000108     main_pem4f.oem4f (.data:ti_uia_runtime_LoggerStopMode_Object__table__V)
                  20004ebc    000000a0     main_pem4f.oem4f (.data:ti_sysbios_knl_Task_Object__table__V)
                  20004f5c    00000098     main_pem4f.oem4f (.data:ti_sysbios_utils_Load_Module__state__V)
                  20004ff4    00000080     main_pem4f.oem4f (.data:ti_sysbios_knl_Swi_Module_State_0_readyQ__A)
                  20005074    00000080     main_pem4f.oem4f (.data:ti_sysbios_knl_Task_Module_State_0_readyQ__A)
                  200050f4    00000070     main_pem4f.oem4f (.data:ti_sysbios_family_arm_lm4_Timer_Object__table__V)
                  20005164    0000005c     main_pem4f.oem4f (.data:ti_sysbios_family_arm_m3_Hwi_Module__state__V)
                  200051c0    00000044     main_pem4f.oem4f (.data:ti_sysbios_knl_Task_Module__state__V)
                  20005204    00000038     main_pem4f.oem4f (.data:ti_sysbios_gates_GateMutex_Object__table__V)
                  2000523c    00000038     main_pem4f.oem4f (.data:ti_sysbios_utils_Load_Module_State_0_taskEnv__A)
                  20005274    00000030     main_pem4f.oem4f (.data:ti_sysbios_family_arm_lm4_Timer_Module_State_0_device__A)
                  200052a4    00000030     main_pem4f.oem4f (.data:ti_sysbios_family_arm_m3_Hwi_Object__table__V)
                  200052d4    00000030     main_pem4f.oem4f (.data:ti_sysbios_knl_Swi_Object__table__V)
                  20005304    00000028     main_pem4f.oem4f (.data:ti_sysbios_knl_Clock_Module__state__V)
                  2000532c    00000008     gpio_tivaware.aem4f : GPIO.oem4f (.data)
                  20005334    00000008     rtsv7M4_T_le_v4SPD16_eabi.lib : _lock.obj (.data)
                  2000533c    00000008                                   : exit.obj (.data)
                  20005344    00000008     ti.uia.runtime.aem4f : QueueDescriptor.oem4f (.data)
                  2000534c    00000004     rtsv7M4_T_le_v4SPD16_eabi.lib : dtor_list.obj (.data)
                  20005350    00000004                                   : stkdepth_vars.obj (.data)
                  20005354    00000004     uart_tivaware.aem4f : UART.oem4f (.data)


LINKER GENERATED COPY TABLES

__TI_cinit_table @ 0000b698 records: 3, size/record: 8, table size: 24
	.data: load addr=0000b110, load size=00000567 bytes, run addr=20004858, run size=00000b00 bytes, compression=rle
	.bss: load addr=0000b688, load size=00000008 bytes, run addr=20000360, run size=000034f8 bytes, compression=zero_init
	.vecs: load addr=0000b690, load size=00000008 bytes, run addr=20000000, run size=00000360 bytes, compression=zero_init


LINKER GENERATED HANDLER TABLE

__TI_handler_table @ 0000b678 records: 3, size/record: 4, table size: 12
	index: 0, handler: __TI_zero_init
	index: 1, handler: __TI_decompress_rle24
	index: 2, handler: __TI_decompress_none


GLOBAL SYMBOLS: SORTED ALPHABETICALLY BY Name 

address    name
--------   ----
00006cb1   C$$EXIT
0000649b   C$$IO$$
00005af9   EK_LM4F120XL_initGPIO
00006f55   EK_LM4F120XL_initGeneral
00003cd5   EK_LM4F120XL_initUART
00007721   GPIODirModeSet
000036f1   GPIOPadConfigSet
00006a2d   GPIOPinConfigure
00007e41   GPIOPinTypeGPIOInput
00007c9b   GPIOPinTypeGPIOOutput
00007e53   GPIOPinTypeUART
00008199   GPIOPinWrite
0000ad60   GPIO_config
0000783d   GPIO_init
00004701   GPIO_write
00001035   HOSTclock
00000ffd   HOSTclose
00000fbf   HOSTgetenv
00000f63   HOSTlseek
00000f11   HOSTopen
00000ec5   HOSTread
00000e67   HOSTrename
00000e2d   HOSTtime
00000df5   HOSTunlink
00000da9   HOSTwrite
UNDEFED    SHT$$INIT_ARRAY$$Base
UNDEFED    SHT$$INIT_ARRAY$$Limit
000049b9   SysCtlClockGet
0000819f   SysCtlDelay
0000733d   SysCtlPeripheralEnable
20004f0c   TSK_idle
00008125   UARTCharGet
00008011   UARTCharGetNonBlocking
0000812f   UARTCharPut
0000801f   UARTCharPutNonBlocking
00006ed1   UARTConfigSetExpClk
00007aed   UARTDisable
00007da1   UARTEnable
000081a5   UARTFIFOLevelSet
000081ed   UARTIntClear
00008139   UARTIntDisable
00008161   UARTIntEnable
00008143   UARTIntStatus
0000563d   UARTTiva_close
0000ab90   UARTTiva_fxnTable
00008169   UARTTiva_init
0000107d   UARTTiva_open
00001e05   UARTTiva_read
00004b41   UARTTiva_readCancel
000024d5   UARTTiva_readPolling
00001c01   UARTTiva_write
00004a81   UARTTiva_writeCancel
00002905   UARTTiva_writePolling
00007371   UART_Params_init
0000a8a8   UART_config
0000ad24   UART_defaultParams
00007145   UART_init
00006a75   UART_open
000073a5   UART_write
00000000   __ASM__
20003720   __CIOBUF_
00000073   __ISA__
00000086   __PLAT__
20004858   __STACK_END
00001000   __STACK_SIZE
20003958   __STACK_TOP
000000a7   __TARG__
0000b698   __TI_CINIT_Base
0000b6b0   __TI_CINIT_Limit
0000b678   __TI_Handler_Table_Base
0000b684   __TI_Handler_Table_Limit
00000001   __TI_args_main
000056dd   __TI_auto_init
2000533c   __TI_cleanup_ptr
0000802d   __TI_decompress_none
000081b1   __TI_decompress_rle24
20005340   __TI_dtors_ptr
0000649f   __TI_readmsg
00000000   __TI_static_base__
00006471   __TI_writemsg
00007e65   __TI_zero_init
000000cd   __TRDR__
00004571   __aeabi_atexit
00005d8b   __aeabi_memclr
00005d8b   __aeabi_memclr4
00005d8b   __aeabi_memclr8
0000577d   __aeabi_memcpy
0000577d   __aeabi_memcpy4
0000577d   __aeabi_memcpy8
00005d8d   __aeabi_memset
00005d8d   __aeabi_memset4
00005d8d   __aeabi_memset8
ffffffff   __binit__
ffffffff   __c_args__
0000455f   __cxa_atexit
00004519   __cxa_finalize
00004559   __cxa_ia64_exit
20003858   __stack
000081ab   __xdc__init
20004db0   __xdc__init__addr
00007ccd   _args_main
000066a5   _c_int00
20005334   _lock
00007dc3   _nop
00007dbb   _register_lock
00007db5   _register_unlock
20005338   _unlock
00006cb5   abort
00004563   atexit
ffffffff   binit
00006c6d   copy_in
00006cbd   exit
00007cb3   free
0000aa68   gpioHWAttrs
000073d9   init_mux_pins
00006801   init_uart
00007861   main
20005350   main_func_sp
00007565   malloc
0000577d   memcpy
00005d93   memset
00004f8d   send_struct
00007ed1   strcpy
00007dc9   strlen
00006995   struct_xfer_test
0000ae30   ti_catalog_arm_cortexm4_tiva_ce_Boot_A_mustUseEnhancedClockMode__C
0000ae34   ti_catalog_arm_cortexm4_tiva_ce_Boot_Module__diagsEnabled__C
0000ae38   ti_catalog_arm_cortexm4_tiva_ce_Boot_Module__diagsIncluded__C
0000ae3c   ti_catalog_arm_cortexm4_tiva_ce_Boot_Module__diagsMask__C
0000ad5e   ti_catalog_arm_cortexm4_tiva_ce_Boot_Module__id__C
00008059   ti_catalog_arm_cortexm4_tiva_ce_Boot_init__I
00003f19   ti_catalog_arm_cortexm4_tiva_ce_Boot_sysCtlClockSetI__I
000058b5   ti_catalog_arm_cortexm4_tiva_ce_Boot_sysCtlClockSet__E
000081b7   ti_catalog_arm_cortexm4_tiva_ce_Boot_sysCtlDelayI__I
0000ae40   ti_sysbios_BIOS_Module__diagsEnabled__C
0000ae44   ti_sysbios_BIOS_Module__diagsIncluded__C
0000ae48   ti_sysbios_BIOS_Module__diagsMask__C
0000ade6   ti_sysbios_BIOS_Module__id__C
20004bb8   ti_sysbios_BIOS_Module__state__V
000081f1   ti_sysbios_BIOS_RtsGateProxy_enter__E
000081f5   ti_sysbios_BIOS_RtsGateProxy_leave__E
00008209   ti_sysbios_BIOS_RtsGateProxy_query__E
00006abd   ti_sysbios_BIOS_errorRaiseHook__I
00007475   ti_sysbios_BIOS_exitFunc__I
00007ee1   ti_sysbios_BIOS_getCpuFreq__E
0000ae4c   ti_sysbios_BIOS_installedErrorHook__C
0000503f   ti_sysbios_BIOS_nullFunc__I
00007885   ti_sysbios_BIOS_registerRTSLock__I
00007b09   ti_sysbios_BIOS_rtsLock__I
000062d9   ti_sysbios_BIOS_rtsUnlock__I
00007ef1   ti_sysbios_BIOS_setThreadType__E
000078a9   ti_sysbios_BIOS_startFunc__I
00007f01   ti_sysbios_BIOS_start__E
20005274   ti_sysbios_family_arm_lm4_Timer_Module_State_0_device__A
20004be0   ti_sysbios_family_arm_lm4_Timer_Module_State_0_handles__A
20004bd8   ti_sysbios_family_arm_lm4_Timer_Module__root__V
00007ce5   ti_sysbios_family_arm_lm4_Timer_Module__startupDone__F
00007ce5   ti_sysbios_family_arm_lm4_Timer_Module__startupDone__S
20004bf8   ti_sysbios_family_arm_lm4_Timer_Module__state__V
00006591   ti_sysbios_family_arm_lm4_Timer_Module_startup__E
00006591   ti_sysbios_family_arm_lm4_Timer_Module_startup__F
200050f4   ti_sysbios_family_arm_lm4_Timer_Object__table__V
0000ae50   ti_sysbios_family_arm_lm4_Timer_enableFunc__C
000054f5   ti_sysbios_family_arm_lm4_Timer_enableTimers__I
00005251   ti_sysbios_family_arm_lm4_Timer_enableTiva__I
000081f9   ti_sysbios_family_arm_lm4_Timer_getPeriod__E
00005e7d   ti_sysbios_family_arm_lm4_Timer_isrStub__E
00008065   ti_sysbios_family_arm_lm4_Timer_masterDisable__I
000081fd   ti_sysbios_family_arm_lm4_Timer_masterEnable__I
0000ae54   ti_sysbios_family_arm_lm4_Timer_numTimerDevices__C
000017c1   ti_sysbios_family_arm_lm4_Timer_start__E
0000ae58   ti_sysbios_family_arm_lm4_Timer_startupNeeded__C
00006f95   ti_sysbios_family_arm_lm4_Timer_startup__E
00006cf5   ti_sysbios_family_arm_lm4_Timer_stop__E
20004c04   ti_sysbios_family_arm_lm4_TimestampProvider_Module__state__V
000081bd   ti_sysbios_family_arm_lm4_TimestampProvider_Module_startup__E
000081bd   ti_sysbios_family_arm_lm4_TimestampProvider_Module_startup__F
00004cb9   ti_sysbios_family_arm_lm4_TimestampProvider_get32__E
00003951   ti_sysbios_family_arm_lm4_TimestampProvider_get64__E
00007ee1   ti_sysbios_family_arm_lm4_TimestampProvider_getFreq__E
00007f11   ti_sysbios_family_arm_lm4_TimestampProvider_rolloverFunc__E
00008071   ti_sysbios_family_arm_lm4_TimestampProvider_startTimer__E
[...]
000081b7   ti_catalog_arm_cortexm4_tiva_ce_Boot_sysCtlDelayI__I
000081bd   ti_sysbios_family_arm_lm4_TimestampProvider_Module_startup__E
000081bd   ti_sysbios_family_arm_lm4_TimestampProvider_Module_startup__F
000081c3   ti_sysbios_family_arm_m3_Hwi_restoreFxn__E
000081c3   ti_sysbios_hal_Hwi_HwiProxy_restore__E
000081c3   ti_sysbios_hal_Hwi_restore__E
000081c9   ti_sysbios_gates_GateHwi_leave__E
000081cf   ti_sysbios_heaps_HeapMem_isBlocking__E
000081d5   ti_sysbios_knl_Queue_Instance_init__F
000081db   ti_uia_runtime_LoggerStopMode_getPriority__E
000081e1   ti_uia_runtime_LoggerStopMode_getTransferType__E
000081e1   ti_uia_runtime_LoggerStopMode_getTransferType__F
000081e7   xdc_runtime_System_Module_startup__E
000081e7   xdc_runtime_System_Module_startup__F
000081ed   UARTIntClear
000081f1   ti_sysbios_BIOS_RtsGateProxy_enter__E
000081f5   ti_sysbios_BIOS_RtsGateProxy_leave__E
000081f9   ti_sysbios_family_arm_lm4_Timer_getPeriod__E
000081fd   ti_sysbios_family_arm_lm4_Timer_masterEnable__I
00008201   ti_sysbios_family_arm_m3_TaskSupport_Module__startupDone__S
00008205   ti_sysbios_gates_GateHwi_query__E
00008205   ti_sysbios_gates_GateHwi_query__F
00008205   xdc_runtime_Main_Module_GateProxy_query__E
00008205   xdc_runtime_System_Module_GateProxy_query__E
00008209   ti_sysbios_BIOS_RtsGateProxy_query__E
00008209   ti_sysbios_gates_GateMutex_query__E
00008209   ti_sysbios_gates_GateMutex_query__F
00008209   ti_sysbios_heaps_HeapMem_Module_GateProxy_query__E
0000820d   ti_sysbios_hal_Hwi_HwiProxy_Module__startupDone__S
00008211   ti_sysbios_hal_Timer_TimerProxy_Module__startupDone__S
00008215   ti_sysbios_hal_Timer_TimerProxy_getPeriod__E
00008219   ti_sysbios_heaps_HeapMem_Module_GateProxy_enter__E
0000821d   ti_sysbios_heaps_HeapMem_Module_GateProxy_leave__E
00008221   ti_sysbios_knl_Task_SupportProxy_Module__startupDone__S
00008225   ti_sysbios_knl_Task_startup__E
00008229   ti_uia_runtime_LogSync_CpuTimestampProxy_Module__startupDone__S
0000822d   ti_uia_runtime_LogSync_GlobalTimestampProxy_Module__startupDone__S
00008231   ti_uia_runtime_LoggerStopMode_getInstanceId__E
00008235   ti_uia_runtime_LoggerStopMode_getMaxLength__E
00008239   ti_uia_runtime_LoggerStopMode_setPriority__E
0000823d   xdc_runtime_Error_getSite__E
0000823d   xdc_runtime_Error_getSite__F
00008241   xdc_runtime_Memory_HeapProxy_alloc__E
00008245   xdc_runtime_Memory_HeapProxy_free__E
00008249   xdc_runtime_System_Module_GateProxy_enter__E
0000824d   xdc_runtime_System_Module_GateProxy_leave__E
00008251   xdc_runtime_System_aprintf_va__F
00008255   xdc_runtime_System_printf_va__F
00008259   xdc_runtime_System_vsnprintf__E
0000825d   xdc_runtime_TimestampNull_Module__startupDone__S
00008261   xdc_runtime_Timestamp_Module__startupDone__S
00008264   xdc_runtime_Text_charTab__A
0000a604   xdc_runtime_Text_nodeTab__A
0000a740   ti_sysbios_family_arm_m3_Hwi_priorities__A
0000a8a8   UART_config
0000a980   ti_uia_runtime_LoggerStopMode_Module__FXNS__C
0000aa28   uartTivaHWAttrs
0000aa68   gpioHWAttrs
0000aaa4   xdc_runtime_Startup_sfxnTab__A
0000aad8   ti_sysbios_family_arm_m3_Hwi_Object__PARAMS__C
0000ab08   ti_sysbios_knl_Task_hooks__A
0000ab38   ti_uia_runtime_LoggerStopMode_Object__PARAMS__C
0000ab68   ti_sysbios_heaps_HeapMem_Module__FXNS__C
0000ab90   UARTTiva_fxnTable
0000abb4   ti_sysbios_gates_GateHwi_Module__FXNS__C
0000abd8   ti_sysbios_gates_GateMutex_Module__FXNS__C
0000abfc   ti_sysbios_heaps_HeapMem_Object__PARAMS__C
0000ac20   ti_sysbios_knl_Semaphore_Object__PARAMS__C
0000ac44   ti_sysbios_family_arm_m3_Hwi_Object__DESC__C
0000ac64   ti_sysbios_gates_GateHwi_Object__DESC__C
0000ac84   ti_sysbios_gates_GateMutex_Object__DESC__C
0000aca4   ti_sysbios_heaps_HeapMem_Object__DESC__C
0000acc4   ti_sysbios_knl_Queue_Object__DESC__C
0000ace4   ti_sysbios_knl_Semaphore_Object__DESC__C
0000ad04   ti_uia_runtime_LoggerStopMode_Object__DESC__C
0000ad24   UART_defaultParams
0000ad44   xdc_runtime_Startup_sfxnRts__A
0000ad5e   ti_catalog_arm_cortexm4_tiva_ce_Boot_Module__id__C
0000ad60   GPIO_config
0000ad78   ti_sysbios_gates_GateHwi_Object__PARAMS__C
0000ad90   ti_sysbios_gates_GateMutex_Object__PARAMS__C
0000ada8   ti_sysbios_knl_Queue_Object__PARAMS__C
0000adc0   xdc_runtime_Startup_firstFxns__A
0000ade5   xdc_runtime_Error_policy__C
0000ade6   ti_sysbios_BIOS_Module__id__C
0000ade8   ti_sysbios_family_arm_m3_Hwi_excHookFuncs__A
0000adf0   ti_sysbios_knl_Idle_coreList__A
0000adf8   ti_sysbios_knl_Idle_coreList__C
0000ae00   ti_sysbios_knl_Idle_funcList__A
0000ae08   ti_sysbios_knl_Idle_funcList__C
0000ae10   ti_sysbios_knl_Task_hooks__C
0000ae18   xdc_runtime_Startup_firstFxns__C
0000ae20   xdc_runtime_Startup_lastFxns__A
0000ae28   xdc_runtime_Startup_lastFxns__C
0000ae30   ti_catalog_arm_cortexm4_tiva_ce_Boot_A_mustUseEnhancedClockMode__C
0000ae34   ti_catalog_arm_cortexm4_tiva_ce_Boot_Module__diagsEnabled__C
0000ae38   ti_catalog_arm_cortexm4_tiva_ce_Boot_Module__diagsIncluded__C
0000ae3c   ti_catalog_arm_cortexm4_tiva_ce_Boot_Module__diagsMask__C
0000ae40   ti_sysbios_BIOS_Module__diagsEnabled__C
0000ae44   ti_sysbios_BIOS_Module__diagsIncluded__C
0000ae48   ti_sysbios_BIOS_Module__diagsMask__C
0000ae4c   ti_sysbios_BIOS_installedErrorHook__C
0000ae50   ti_sysbios_family_arm_lm4_Timer_enableFunc__C
0000ae54   ti_sysbios_family_arm_lm4_Timer_numTimerDevices__C
0000ae58   ti_sysbios_family_arm_lm4_Timer_startupNeeded__C
0000ae5c   ti_sysbios_family_arm_m3_Hwi_E_NMI__C
0000ae60   ti_sysbios_family_arm_m3_Hwi_E_alreadyDefined__C
0000ae64   ti_sysbios_family_arm_m3_Hwi_E_busFault__C
0000ae68   ti_sysbios_family_arm_m3_Hwi_E_debugMon__C
0000ae6c   ti_sysbios_family_arm_m3_Hwi_E_hardFault__C
0000ae70   ti_sysbios_family_arm_m3_Hwi_E_memFault__C
0000ae74   ti_sysbios_family_arm_m3_Hwi_E_noIsr__C
0000ae78   ti_sysbios_family_arm_m3_Hwi_E_reserved__C
0000ae7c   ti_sysbios_family_arm_m3_Hwi_E_svCall__C
0000ae80   ti_sysbios_family_arm_m3_Hwi_E_usageFault__C
0000ae84   ti_sysbios_family_arm_m3_Hwi_LD_end__C
0000ae88   ti_sysbios_family_arm_m3_Hwi_LM_begin__C
0000ae8c   ti_sysbios_family_arm_m3_Hwi_Module__diagsEnabled__C
0000ae90   ti_sysbios_family_arm_m3_Hwi_Module__diagsIncluded__C
0000ae94   ti_sysbios_family_arm_m3_Hwi_Module__diagsMask__C
0000ae98   ti_sysbios_family_arm_m3_Hwi_Module__loggerFxn1__C
0000ae9c   ti_sysbios_family_arm_m3_Hwi_Module__loggerFxn8__C
0000aea0   ti_sysbios_family_arm_m3_Hwi_Module__loggerObj__C
0000aea4   ti_sysbios_family_arm_m3_Hwi_NUM_INTERRUPTS__C
0000aea8   ti_sysbios_family_arm_m3_Hwi_ccr__C
0000aeac   ti_sysbios_family_arm_m3_Hwi_dispatchTable__C
0000aeb0   ti_sysbios_family_arm_m3_Hwi_excHandlerFunc__C
0000aeb4   ti_sysbios_family_arm_m3_Hwi_excHookFuncs__C
0000aeb8   ti_sysbios_family_arm_m3_Hwi_priGroup__C
0000aebc   ti_sysbios_family_arm_m3_Hwi_priorities__C
0000aec0   ti_sysbios_gates_GateMutex_A_badContext__C
0000aec4   ti_sysbios_gates_GateMutex_Instance_State_sem__O
0000aec8   ti_sysbios_gates_GateMutex_Module__diagsEnabled__C
0000aecc   ti_sysbios_gates_GateMutex_Module__diagsIncluded__C
0000aed0   ti_sysbios_gates_GateMutex_Module__diagsMask__C
0000aed4   ti_sysbios_hal_Hwi_E_stackOverflow__C
0000aed8   ti_sysbios_heaps_HeapMem_A_align__C
0000aedc   ti_sysbios_heaps_HeapMem_A_heapSize__C
0000aee0   ti_sysbios_heaps_HeapMem_A_invalidFree__C
0000aee4   ti_sysbios_heaps_HeapMem_A_zeroBlock__C
0000aee8   ti_sysbios_heaps_HeapMem_E_memory__C
0000aeec   ti_sysbios_heaps_HeapMem_Module__diagsEnabled__C
0000aef0   ti_sysbios_heaps_HeapMem_Module__diagsIncluded__C
0000aef4   ti_sysbios_heaps_HeapMem_Module__diagsMask__C
0000aef8   ti_sysbios_heaps_HeapMem_Module__gateObj__C
0000aefc   ti_sysbios_heaps_HeapMem_Object__count__C
0000af00   ti_sysbios_heaps_HeapMem_reqAlign__C
0000af04   ti_sysbios_io_DEV_Object__count__C
0000af08   ti_sysbios_io_DEV_tableSize__C
0000af0c   ti_sysbios_knl_Clock_LM_begin__C
0000af10   ti_sysbios_knl_Clock_LM_tick__C
0000af14   ti_sysbios_knl_Clock_LW_delayed__C
0000af18   ti_sysbios_knl_Clock_Module_State_clockQ__O
0000af1c   ti_sysbios_knl_Clock_Module__diagsEnabled__C
0000af20   ti_sysbios_knl_Clock_Module__diagsIncluded__C
0000af24   ti_sysbios_knl_Clock_Module__diagsMask__C
0000af28   ti_sysbios_knl_Clock_Module__loggerFxn1__C
0000af2c   ti_sysbios_knl_Clock_Module__loggerFxn2__C
0000af30   ti_sysbios_knl_Clock_Module__loggerObj__C
0000af34   ti_sysbios_knl_Semaphore_A_badContext__C
0000af38   ti_sysbios_knl_Semaphore_A_noEvents__C
0000af3c   ti_sysbios_knl_Semaphore_A_overflow__C
0000af40   ti_sysbios_knl_Semaphore_A_pendTaskDisabled__C
0000af44   ti_sysbios_knl_Semaphore_Instance_State_pendQ__O
0000af48   ti_sysbios_knl_Semaphore_LM_pend__C
0000af4c   ti_sysbios_knl_Semaphore_LM_post__C
0000af50   ti_sysbios_knl_Semaphore_Module__diagsEnabled__C
0000af54   ti_sysbios_knl_Semaphore_Module__diagsIncluded__C
0000af58   ti_sysbios_knl_Semaphore_Module__diagsMask__C
0000af5c   ti_sysbios_knl_Semaphore_Module__loggerFxn2__C
0000af60   ti_sysbios_knl_Semaphore_Module__loggerFxn4__C
0000af64   ti_sysbios_knl_Semaphore_Module__loggerObj__C
0000af68   ti_sysbios_knl_Swi_LD_end__C
0000af6c   ti_sysbios_knl_Swi_LM_begin__C
0000af70   ti_sysbios_knl_Swi_LM_post__C
0000af74   ti_sysbios_knl_Swi_Module__diagsEnabled__C
0000af78   ti_sysbios_knl_Swi_Module__diagsIncluded__C
0000af7c   ti_sysbios_knl_Swi_Module__diagsMask__C
0000af80   ti_sysbios_knl_Swi_Module__loggerFxn1__C
0000af84   ti_sysbios_knl_Swi_Module__loggerFxn4__C
0000af88   ti_sysbios_knl_Swi_Module__loggerObj__C
0000af8c   ti_sysbios_knl_Swi_Object__count__C
0000af90   ti_sysbios_knl_Task_E_spOutOfBounds__C
0000af94   ti_sysbios_knl_Task_E_stackOverflow__C
0000af98   ti_sysbios_knl_Task_LD_block__C
0000af9c   ti_sysbios_knl_Task_LD_exit__C
0000afa0   ti_sysbios_knl_Task_LD_ready__C
0000afa4   ti_sysbios_knl_Task_LM_switch__C
0000afa8   ti_sysbios_knl_Task_Module_State_inactiveQ__O
0000afac   ti_sysbios_knl_Task_Module__diagsEnabled__C
0000afb0   ti_sysbios_knl_Task_Module__diagsIncluded__C
0000afb4   ti_sysbios_knl_Task_Module__diagsMask__C
0000afb8   ti_sysbios_knl_Task_Module__loggerFxn2__C
0000afbc   ti_sysbios_knl_Task_Module__loggerFxn4__C
0000afc0   ti_sysbios_knl_Task_Module__loggerObj__C
0000afc4   ti_sysbios_knl_Task_Object__count__C
0000afc8   ti_sysbios_knl_Task_Object__heap__C
0000afcc   ti_sysbios_knl_Task_allBlockedFunc__C
0000afd0   ti_sysbios_knl_Task_numConstructedTasks__C
0000afd4   ti_sysbios_utils_Load_LS_cpuLoad__C
0000afd8   ti_sysbios_utils_Load_LS_hwiLoad__C
0000afdc   ti_sysbios_utils_Load_LS_taskLoad__C
0000afe0   ti_sysbios_utils_Load_Module_State_taskList__O
0000afe4   ti_sysbios_utils_Load_Module__diagsEnabled__C
0000afe8   ti_sysbios_utils_Load_Module__diagsIncluded__C
0000afec   ti_sysbios_utils_Load_Module__diagsMask__C
0000aff0   ti_sysbios_utils_Load_Module__loggerFxn1__C
0000aff4   ti_sysbios_utils_Load_Module__loggerFxn2__C
0000aff8   ti_sysbios_utils_Load_Module__loggerFxn4__C
0000affc   ti_sysbios_utils_Load_Module__loggerObj__C
0000b000   ti_sysbios_utils_Load_postUpdate__C
0000b004   ti_sysbios_utils_Load_windowInMs__C
0000b008   ti_uia_runtime_ILoggerSnapshot_Interface__BASE__C
0000b00c   ti_uia_runtime_IUIATransfer_Interface__BASE__C
0000b010   ti_uia_runtime_LoggerStopMode_E_badLevel__C
0000b014   ti_uia_runtime_LoggerStopMode_Object__count__C
0000b018   ti_uia_runtime_LoggerStopMode_overflowLogger__C
0000b01c   ti_uia_runtime_LoggerStopMode_statusLogger__C
0000b020   xdc_runtime_Assert_E_assertFailed__C
0000b024   xdc_runtime_Core_A_initializedParams__C
0000b028   xdc_runtime_Core_Module__diagsEnabled__C
0000b02c   xdc_runtime_Core_Module__diagsIncluded__C
0000b030   xdc_runtime_Core_Module__diagsMask__C
0000b034   xdc_runtime_Error_E_generic__C
0000b038   xdc_runtime_Error_E_memory__C
0000b03c   xdc_runtime_Error_Module__diagsEnabled__C
0000b040   xdc_runtime_Error_Module__diagsIncluded__C
0000b044   xdc_runtime_Error_Module__diagsMask__C
0000b048   xdc_runtime_Error_Module__loggerFxn8__C
0000b04c   xdc_runtime_Error_Module__loggerObj__C
0000b050   xdc_runtime_Error_raiseHook__C
0000b054   xdc_runtime_IFilterLogger_Interface__BASE__C
0000b058   xdc_runtime_IGateProvider_Interface__BASE__C
0000b05c   xdc_runtime_IHeap_Interface__BASE__C
0000b060   xdc_runtime_ILogger_Interface__BASE__C
0000b064   xdc_runtime_IModule_Interface__BASE__C
0000b068   xdc_runtime_Log_L_error__C
0000b06c   xdc_runtime_Log_L_warning__C
0000b070   xdc_runtime_Main_Module__diagsEnabled__C
0000b074   xdc_runtime_Main_Module__diagsIncluded__C
0000b078   xdc_runtime_Main_Module__diagsMask__C
0000b07c   xdc_runtime_Main_Module__loggerFxn2__C
0000b080   xdc_runtime_Main_Module__loggerFxn4__C
0000b084   xdc_runtime_Main_Module__loggerObj__C
0000b088   xdc_runtime_Memory_defaultHeapInstance__C
0000b08c   xdc_runtime_Startup_execImpl__C
0000b090   xdc_runtime_Startup_maxPasses__C
0000b094   xdc_runtime_Startup_sfxnRts__C
0000b098   xdc_runtime_Startup_sfxnTab__C
0000b09c   xdc_runtime_SysMin_bufSize__C
0000b0a0   xdc_runtime_SysMin_outputFunc__C
0000b0a4   xdc_runtime_System_Module__gateObj__C
0000b0a8   xdc_runtime_System_extendFxn__C
0000b0ac   xdc_runtime_System_maxAtexitHandlers__C
0000b0b0   xdc_runtime_Text_charTab__C
0000b0b4   xdc_runtime_Text_nameEmpty__C
0000b0b8   xdc_runtime_Text_nameStatic__C
0000b0bc   xdc_runtime_Text_nameUnknown__C
0000b0c0   xdc_runtime_Text_nodeTab__C
0000b0c4   xdc_runtime_Text_visitRopeFxn__C
0000b0c8   ti_sysbios_family_arm_lm4_TimestampProvider_useClockTimer__C
0000b0ca   ti_sysbios_family_arm_m3_Hwi_Module__id__C
0000b0cc   ti_sysbios_family_arm_m3_Hwi_Module__loggerDefined__C
0000b0ce   ti_sysbios_gates_GateMutex_Module__id__C
0000b0d0   ti_sysbios_hal_Hwi_Module__id__C
0000b0d2   ti_sysbios_heaps_HeapMem_Module__id__C
0000b0d4   ti_sysbios_io_DEV_Module__id__C
0000b0d6   ti_sysbios_knl_Clock_Module__id__C
0000b0d8   ti_sysbios_knl_Clock_Module__loggerDefined__C
0000b0da   ti_sysbios_knl_Semaphore_Module__id__C
0000b0dc   ti_sysbios_knl_Semaphore_Module__loggerDefined__C
0000b0de   ti_sysbios_knl_Swi_Module__id__C
0000b0e0   ti_sysbios_knl_Swi_Module__loggerDefined__C
0000b0e2   ti_sysbios_knl_Task_Module__id__C
0000b0e4   ti_sysbios_knl_Task_Module__loggerDefined__C
0000b0e6   ti_sysbios_knl_Task_initStackFlag__C
0000b0e8   ti_sysbios_utils_Load_Module__id__C
0000b0ea   ti_sysbios_utils_Load_Module__loggerDefined__C
0000b0ec   ti_sysbios_utils_Load_autoAddTasks__C
0000b0ee   ti_sysbios_utils_Load_hwiEnabled__C
0000b0f0   ti_sysbios_utils_Load_updateInIdle__C
0000b0f2   ti_uia_runtime_LoggerStopMode_Module__id__C
0000b0f4   ti_uia_runtime_LoggerStopMode_filterByLevel__C
0000b0f6   ti_uia_runtime_LoggerStopMode_isTimestampEnabled__C
0000b0f8   xdc_runtime_Core_Module__id__C
0000b0fa   xdc_runtime_Error_Module__loggerDefined__C
0000b0fc   xdc_runtime_Error_maxDepth__C
0000b0fe   xdc_runtime_Main_Module__id__C
0000b100   xdc_runtime_Main_Module__loggerDefined__C
0000b102   xdc_runtime_Memory_Module__id__C
0000b104   xdc_runtime_SysMin_flushAtExit__C
0000b106   xdc_runtime_Text_charCnt__C
0000b108   xdc_runtime_Text_isLoaded__C
0000b10a   xdc_runtime_Text_registryModsLastId__C
0000b10c   xdc_runtime_Text_unnamedModsLastId__C
0000b678   __TI_Handler_Table_Base
0000b684   __TI_Handler_Table_Limit
0000b698   __TI_CINIT_Base
0000b6b0   __TI_CINIT_Limit
20000000   ti_sysbios_family_arm_m3_Hwi_ramVectors
20000360   ti_sysbios_knl_Task_Instance_State_0_stack__A
20000b60   ti_sysbios_knl_Task_Instance_State_1_stack__A
20001360   ti_sysbios_heaps_HeapMem_Instance_State_0_buf__A
20002360   ti_uia_runtime_LoggerStopMode_Instance_State_1_bufferArray__A
200027e0   ti_uia_runtime_LoggerStopMode_Instance_State_2_bufferArray__A
20002c60   uartTivaObjects
200030a0   xdc_runtime_SysMin_Module_State_0_outbuf__A
200034a0   ti_uia_runtime_LoggerStopMode_Instance_State_0_bufferArray__A
20003720   __CIOBUF_
20003848   ti_sysbios_knl_Task_Instance_State_0_hookEnv__A
20003850   ti_sysbios_knl_Task_Instance_State_1_hookEnv__A
20003858   __stack
20003958   __STACK_TOP
20004858   __STACK_END
20004858   ti_sysbios_family_arm_m3_Hwi_Module_State_0_dispatchTable__A
20004bb8   ti_sysbios_BIOS_Module__state__V
20004bd8   ti_sysbios_family_arm_lm4_Timer_Module__root__V
20004be0   ti_sysbios_family_arm_lm4_Timer_Module_State_0_handles__A
20004bf8   ti_sysbios_family_arm_lm4_Timer_Module__state__V
20004c04   ti_sysbios_family_arm_lm4_TimestampProvider_Module__state__V
20004c0c   ti_sysbios_family_arm_m3_Hwi_Module__root__V
20004c14   ti_sysbios_family_arm_m3_Hwi_Module_State_0_excActive__A
20004c18   ti_sysbios_family_arm_m3_Hwi_Module_State_0_excContext__A
20004c1c   ti_sysbios_family_arm_m3_Hwi_Module_State_0_excStack__A
20004c20   ti_sysbios_gates_GateHwi_Module__root__V
20004c28   ti_sysbios_gates_GateHwi_Object__table__V
20004c2c   ti_sysbios_gates_GateMutex_Module__root__V
20004c34   ti_sysbios_hal_Hwi_Module__root__V
20004c3c   ti_sysbios_hal_Timer_Module__root__V
20004c44   ti_sysbios_hal_Timer_Object__table__V
20004c4c   ti_sysbios_heaps_HeapMem_Module__root__V
20004c54   ti_sysbios_heaps_HeapMem_Object__table__V
20004c6c   ti_sysbios_io_DEV_Module__root__V
20004c74   ti_sysbios_io_DEV_Module_State_0_table__A
20004c94   ti_sysbios_io_DEV_Module__state__V
20004c98   ti_sysbios_io_GIO_Module__root__V
20004ca0   ti_sysbios_knl_Clock_Module__root__V
20004ca8   ti_sysbios_knl_Event_Module__root__V
20004cb4   ti_sysbios_knl_Queue_Module__root__V
20004cbc   ti_sysbios_knl_Semaphore_Module__root__V
20004cc8   ti_sysbios_knl_Swi_Module__root__V
20004cd0   ti_sysbios_knl_Swi_Module__state__V
20004cec   ti_sysbios_knl_Task_Module__root__V
20004cf8   ti_sysbios_knl_Task_Module_State_0_idleTask__A
20004cfc   ti_sysbios_utils_Load_Module__root__V
20004d00   ti_sysbios_utils_Load_Module_State_0_taskStartTime__A
20004d04   ti_sysbios_utils_Load_Module_State_0_runningTask__A
20004d08   ti_sysbios_xdcruntime_SemThreadSupport_Module__root__V
20004d10   ti_uia_runtime_LogSync_Module__root__V
20004d18   ti_uia_runtime_LogSync_Module__state__V
20004d24   ti_uia_runtime_LoggerStopMode_Module__root__V
20004d2c   ti_uia_runtime_LoggerStopMode_Module__state__V
20004d34   ti_uia_runtime_QueueDescriptor_Module__state__V
20004d40   xdc_runtime_Error_Module__state__V
20004d42   xdc_runtime_Main_Module__root__V
20004d44   xdc_runtime_Memory_Module__state__V
20004d48   xdc_runtime_Registry_Module__state__V
20004d50   xdc_runtime_Startup_Module__state__V
20004d58   xdc_runtime_SysMin_Module__state__V
20004d64   xdc_runtime_System_Module_State_0_atexitHandlers__A
20004d84   xdc_runtime_System_Module__state__V
20004d90   xdc_runtime_Text_Module__state__V
20004d98   xdc_runtime_knl_SemThread_Module__root__V
20004da0   xdc_runtime_knl_SyncNull_Module__root__V
20004da8   xdc_runtime_knl_SyncSemThread_Module__root__V
20004db0   __xdc__init__addr
20004db4   ti_uia_runtime_LoggerStopMode_Object__table__V
20004ebc   ti_sysbios_knl_Task_Object__table__V
20004f0c   TSK_idle
20004f5c   ti_sysbios_utils_Load_Module__state__V
20004ff4   ti_sysbios_knl_Swi_Module_State_0_readyQ__A
20005074   ti_sysbios_knl_Task_Module_State_0_readyQ__A
200050f4   ti_sysbios_family_arm_lm4_Timer_Object__table__V
20005164   ti_sysbios_family_arm_m3_Hwi_Module__state__V
200051c0   ti_sysbios_knl_Task_Module__state__V
20005204   ti_sysbios_gates_GateMutex_Object__table__V
2000523c   ti_sysbios_utils_Load_Module_State_0_taskEnv__A
20005274   ti_sysbios_family_arm_lm4_Timer_Module_State_0_device__A
200052a4   ti_sysbios_family_arm_m3_Hwi_Object__table__V
200052d4   ti_sysbios_knl_Swi_Object__table__V
20005304   ti_sysbios_knl_Clock_Module__state__V
20005334   _lock
20005338   _unlock
2000533c   __TI_cleanup_ptr
20005340   __TI_dtors_ptr
20005344   ti_uia_runtime_QueueDescriptor_gPtrToFirstDescriptor
20005348   ti_uia_runtime_QueueDescriptor_gUpdateCount
20005350   main_func_sp
e000e000   ti_sysbios_family_arm_m3_Hwi_nvic
ffffffff   __binit__
ffffffff   __c_args__
ffffffff   binit
UNDEFED    SHT$$INIT_ARRAY$$Base
UNDEFED    SHT$$INIT_ARRAY$$Limit

[808 symbols]
