******************************************************************************
                  TI ARM Linker PC v5.1.1                      
******************************************************************************
>> Linked Sun Feb 09 23:42:44 2014

OUTPUT FILE NAME:   <rover.out>
ENTRY POINT SYMBOL: "_c_int00"  address: 00005889


MEMORY CONFIGURATION

         name            origin    length      used     unused   attr    fill
----------------------  --------  ---------  --------  --------  ----  --------
  FLASH                 00000000   00040000  0000a768  00035898  R  X
  SRAM                  20000000   00008000  00005028  00002fd8  RW X


SEGMENT ALLOCATION MAP

run origin  load origin   length   init length attrs members
----------  ----------- ---------- ----------- ----- -------
00000000    00000000    0000a768   0000a768    r-x
  00000000    00000000    00000360   00000360    r-- .resetVecs
  00000360    00000360    000070a0   000070a0    r-x .text
  00007400    00007400    00002dc8   00002dc8    r-- .const
  0000a1c8    0000a1c8    000005a0   000005a0    r-- .cinit
20000000    20000000    00005028   00000000    rw-
  20000000    20000000    00000360   00000000    rw- .vecs
  20000360    20000360    000031c8   00000000    rw- .bss
  20003528    20003528    00001000   00000000    rw- .stack
  20004528    20004528    00000b00   00000000    rw- .data


SECTION ALLOCATION MAP

 output                                  attributes/
section   page    origin      length       input sections
--------  ----  ----------  ----------   ----------------
.bootVecs 
*          0    00000000    00000008     DSECT
                  00000000    00000008     boot.aem4f : boot.oem4f (.bootVecs)

.resetVecs 
*          0    00000000    00000360     
                  00000000    00000360     main_pem4f.oem4f (.resetVecs)

xdc.meta   0    00000000    000000f5     COPY SECTION
                  00000000    000000f5     main_pem4f.oem4f (xdc.meta)

.text      0    00000360    000070a0     
                  00000360    00000424     sysbios.aem4f : BIOS.obj (.text:ti_sysbios_family_arm_m3_Hwi_excDumpRegs__I)
                  00000784    00000344     ti.targets.arm.rtsarm.aem4f : System.oem4f (.text:xdc_runtime_System_doPrint__I)
                  00000ac8    000002e0     sysbios.aem4f : BIOS.obj (.text:ti_sysbios_knl_Semaphore_pend__E)
                  00000da8    000002d4     rtsv7M4_T_le_v4SPD16_eabi.lib : trgdrv.obj (.text)
                  0000107c    00000248     sysbios.aem4f : BIOS.obj (.text:ti_sysbios_heaps_HeapMem_free__E)
                  000012c4    00000234                   : BIOS.obj (.text:ti_sysbios_heaps_HeapMem_alloc__E)
                  000014f8    00000230                   : BIOS.obj (.text:ti_sysbios_family_arm_lm4_Timer_start__E)
                  00001728    00000210                   : BIOS.obj (.text:ti_sysbios_family_arm_m3_Hwi_excHandlerMax__I)
                  00001938    000001a0     ti.uia.runtime.aem4f : LoggerStopMode.oem4f (.text:ti_uia_runtime_LoggerStopMode_write8__E)
                  00001ad8    00000168     sysbios.aem4f : BIOS.obj (.text:ti_sysbios_family_arm_m3_Hwi_excBusFault__I)
                  00001c40    0000015c     ti.uia.runtime.aem4f : LoggerStopMode.oem4f (.text:ti_uia_runtime_LoggerStopMode_writeMemoryRange__E)
                  00001d9c    00000154     sysbios.aem4f : BIOS.obj (.text:ti_sysbios_family_arm_m3_Hwi_excUsageFault__I)
                  00001ef0    00000148     uart_tivaware.aem4f : UARTTiva.oem4f (.text:UARTTiva_open)
                  00002038    00000144     sysbios.aem4f : BIOS.obj (.text:ti_sysbios_knl_Semaphore_post__E)
                  0000217c    00000140                   : BIOS.obj (.text:ti_sysbios_family_arm_m3_Hwi_dispatchC__I)
                  000022bc    00000140                   : BIOS.obj (.text:ti_sysbios_family_arm_m3_Hwi_excMemFault__I)
                  000023fc    0000013c     ti.uia.runtime.aem4f : LoggerStopMode.oem4f (.text:ti_uia_runtime_LoggerStopMode_write4__E)
                  00002538    0000013c     ti.targets.arm.rtsarm.aem4f : Error.oem4f (.text:xdc_runtime_Error_raiseX__F)
                  00002674    00000138     sysbios.aem4f : BIOS.obj (.text:ti_sysbios_heaps_HeapMem_Instance_init__F)
                  000027ac    00000138                   : BIOS.obj (.text:ti_sysbios_utils_Load_logLoads__I)
                  000028e4    00000134                   : m3_Hwi_asm.obj (.text:ti_sysbios_family_arm_m3_Hwi_dispatch__I)
                  00002a18    00000130     driverlib.lib : gpio.obj (.text:GPIOPadConfigSet)
                  00002b48    00000130     sysbios.aem4f : BIOS.obj (.text:ti_sysbios_utils_Load_updateThreadContexts__E)
                  00002c78    0000012c                   : BIOS.obj (.text:ti_sysbios_family_arm_lm4_TimestampProvider_get64__E)
                  00002da4    0000012c                   : BIOS.obj (.text:ti_sysbios_knl_Clock_workFunc__E)
                  00002ed0    0000012c                   : BIOS.obj (.text:ti_sysbios_knl_Task_exit__E)
                  00002ffc    00000120                   : BIOS.obj (.text:ti_sysbios_knl_Swi_run__I)
                  0000311c    0000010c     Boot.aem4f : Boot_sysctl.oem4f (.text:ti_catalog_arm_cortexm4_tiva_ce_Boot_sysCtlClockSetI__I)
                  00003228    00000104     ti.targets.arm.rtsarm.aem4f : Core-mem.oem4f (.text:xdc_runtime_Core_createObject__I)
                  0000332c    00000104     main_pem4f.oem4f (.text:xdc_runtime_System_printfExtend__I)
                  00003430    000000fc     sysbios.aem4f : BIOS.obj (.text:ti_sysbios_knl_Task_schedule__I)
                  0000352c    000000f8                   : BIOS.obj (.text:ti_sysbios_knl_Task_startCore__E)
                  00003624    000000f8     ti.targets.arm.rtsarm.aem4f : Startup.oem4f (.text:xdc_runtime_Startup_startMods__I)
                  0000371c    000000f4     rtsv7M4_T_le_v4SPD16_eabi.lib : dtor_list.obj (.text)
                  00003810    000000f4     sysbios.aem4f : BIOS.obj (.text:ti_sysbios_knl_Task_postInit__I)
                  00003904    000000e8     gpio_tivaware.aem4f : GPIO.oem4f (.text:GPIO_write)
                  000039ec    000000e8     sysbios.aem4f : BIOS.obj (.text:ti_sysbios_family_arm_m3_Hwi_initNVIC__E)
                  00003ad4    000000e8                   : BIOS.obj (.text:ti_sysbios_io_DEV_postInit__I)
                  00003bbc    000000bc                   : BIOS.obj (.text:ti_sysbios_knl_Task_unblockI__E)
                  00003c78    000000b8                   : BIOS.obj (.text:ti_sysbios_family_arm_lm4_TimestampProvider_get32__E)
                  00003d30    000000b4                   : BIOS.obj (.text:ti_sysbios_family_arm_m3_Hwi_excHardFault__I)
                  00003de4    000000b4                   : BIOS.obj (.text:ti_sysbios_gates_GateMutex_enter__E)
                  00003e98    000000b4                   : BIOS.obj (.text:ti_sysbios_knl_Task_checkStacks__E)
                  00003f4c    000000b0                   : BIOS.obj (.text:ti_sysbios_family_arm_m3_Hwi_excDebugMon__I)
                  00003ffc    000000b0                   : BIOS.obj (.text:ti_sysbios_utils_Load_idleFxn__E)
                  000040ac    000000b0                   : BIOS.obj (.text:ti_sysbios_utils_Load_updateLoads__E)
                  0000415c    000000ac                   : BIOS.obj (.text:ti_sysbios_family_arm_lm4_Timer_enableTiva__I)
                  00004208    000000a8                   : BIOS.obj (.text:ti_sysbios_knl_Semaphore_Instance_init__F)
                  000042b0    000000a8                   : BIOS.obj (.text:ti_sysbios_knl_Swi_post__E)
                  00004358    000000a8                   : BIOS.obj (.text:ti_sysbios_knl_Task_blockI__E)
                  00004400    000000a4                   : BIOS.obj (.text:ti_sysbios_family_arm_lm4_Timer_enableTimers__I)
                  000044a4    000000a4                   : BIOS.obj (.text:ti_sysbios_family_arm_m3_Hwi_Module_startup__F)
                  00004548    000000a0     auto_init.aem4f : auto_init.oem4f (.text)
                  000045e8    0000009c     rtsv7M4_T_le_v4SPD16_eabi.lib : memcpy_t2.obj (.text)
                  00004684    0000009a     ti.targets.arm.rtsarm.aem4f : Text.oem4f (.text:xdc_runtime_Text_putSite__F)
                  0000471e    00000002     sysbios.aem4f : BIOS.obj (.text:ti_sysbios_BIOS_nullFunc__I)
                  00004720    00000094     Boot.aem4f : Boot.oem4f (.text:ti_catalog_arm_cortexm4_tiva_ce_Boot_sysCtlClockSet__E)
                  000047b4    00000094     ti.targets.arm.rtsarm.aem4f : Text.oem4f (.text:xdc_runtime_Text_putMod__F)
                  00004848    00000090     main.obj (.text:main)
                  000048d8    00000090     sysbios.aem4f : BIOS.obj (.text:ti_sysbios_family_arm_m3_Hwi_Instance_init__F)
                  00004968    0000008c                   : m3_TaskSupport_asm.obj (.text:ti_sysbios_family_arm_m3_TaskSupport_buildTaskStack)
                  000049f4    00000088     EK_LM4F120XL.obj (.text:EK_LM4F120XL_initGPIO)
                  00004a7c    00000088     sysbios.aem4f : BIOS.obj (.text:ti_sysbios_utils_Load_addTask__E)
                  00004b04    00000084     ti.uia.runtime.aem4f : LoggerStopMode.oem4f (.text:ti_uia_runtime_LoggerStopMode_setFilterLevel__E)
                  00004b88    00000080     sysbios.aem4f : BIOS.obj (.text:ti_sysbios_knl_Task_Module_startup__F)
                  00004c08    0000007e     ti.uia.runtime.aem4f : LoggerStopMode.oem4f (.text:ti_uia_runtime_LoggerStopMode_getContents__E)
                  00004c86    00000002     sysbios.aem4f : BIOS.obj (.text:ti_sysbios_gates_GateHwi_Instance_init__F)
                  00004c88    0000007c     main.obj (.text:echoFxn)
                  00004d04    00000078     rtsv7M4_T_le_v4SPD16_eabi.lib : memset_t2.obj (.text)
                  00004d7c    00000078     sysbios.aem4f : BIOS.obj (.text:ti_sysbios_utils_Load_updateCurrentThreadTime__E)
                  00004df4    00000074                   : BIOS.obj (.text:ti_sysbios_family_arm_lm4_Timer_isrStub__E)
                  00004e68    00000070     main_pem4f.oem4f (.text:ti_sysbios_family_arm_m3_Hwi_Object__create__S)
                  00004ed8    00000070     sysbios.aem4f : BIOS.obj (.text:ti_sysbios_family_arm_m3_Hwi_reconfig__E)
                  00004f48    00000070                   : BIOS.obj (.text:ti_sysbios_utils_Load_taskDeleteHook__E)
                  00004fb8    00000070     ti.uia.runtime.aem4f : LoggerStopMode.oem4f (.text:ti_uia_runtime_LoggerStopMode_getFilterLevel__E)
                  00005028    00000070                          : LoggerStopMode.oem4f (.text:ti_uia_runtime_LoggerStopMode_writeBlockOfMemory__I)
                  00005098    00000070                          : QueueDescriptor.oem4f (.text:ti_uia_runtime_QueueDescriptor_addToList__E)
                  00005108    00000070     uart_tivaware.aem4f : UARTTiva.oem4f (.text:writeData)
                  00005178    00000070     ti.targets.arm.rtsarm.aem4f : Memory.oem4f (.text:xdc_runtime_Memory_alloc__F)
                  000051e8    0000006c     uart_tivaware.aem4f : UARTTiva.oem4f (.text:UARTTiva_read)
                  00005254    0000006c                         : UARTTiva.oem4f (.text:UARTTiva_write)
                  000052c0    0000006c     sysbios.aem4f : BIOS.obj (.text:ti_sysbios_utils_Load_taskCreateHook__E)
                  0000532c    0000006c     ti.targets.arm.rtsarm.aem4f : Error.oem4f (.text:xdc_runtime_Error_print__F)
                  00005398    00000068     sysbios.aem4f : BIOS.obj (.text:ti_sysbios_BIOS_rtsUnlock__I)
                  00005400    00000066     uart_tivaware.aem4f : UARTTiva.oem4f (.text:UARTTiva_readPolling)
                  00005466    00000066     ti.targets.arm.rtsarm.aem4f : Core-mem.oem4f (.text:xdc_runtime_Core_deleteObject__I)
                  000054cc    00000064     sysbios.aem4f : BIOS.obj (.text:ti_sysbios_knl_Clock_logTick__E)
                  00005530    00000064                   : BIOS.obj (.text:ti_sysbios_utils_Load_logCPULoad__I)
                  00005594    00000062     uart_tivaware.aem4f : UARTTiva.oem4f (.text:UARTTiva_hwiIntFxn)
                  000055f6    00000002     main_pem4f.oem4f (.text:xdc_runtime_Startup_reset__I)
                  000055f8    00000060     rtsv7M4_T_le_v4SPD16_eabi.lib : trgmsg.obj (.text)
                  00005658    00000060     main_pem4f.oem4f (.text:ti_uia_runtime_LoggerStopMode_Object__create__S)
                  000056b8    0000005e     uart_tivaware.aem4f : UARTTiva.oem4f (.text:readData)
                  00005716    0000005e     rtsv7M4_T_le_v4SPD16_eabi.lib : copy_decompress_rle.obj (.text)
                  00005774    0000005c     sysbios.aem4f : BIOS.obj (.text:ti_sysbios_family_arm_lm4_Timer_Module_startup__F)
                  000057d0    0000005b     ti.targets.arm.rtsarm.aem4f : Text.oem4f (.text:xdc_runtime_Text_putLab__F)
                  0000582b    00000001     --HOLE-- [fill = 0]
                  0000582c    0000005a     ti.uia.runtime.aem4f : LoggerStopMode.oem4f (.text:ti_uia_runtime_LoggerStopMode_readBlockOfMemory__I)
                  00005886    00000002     --HOLE-- [fill = 0]
                  00005888    00000058     boot.aem4f : boot.oem4f (.text)
                  000058e0    00000058     EK_LM4F120XL.obj (.text:EK_LM4F120XL_initUART)
                  00005938    00000058     sysbios.aem4f : BIOS.obj (.text:ti_sysbios_knl_Swi_restoreHwi__E)
                  00005990    00000058                   : BIOS.obj (.text:ti_sysbios_knl_Swi_schedule__I)
                  000059e8    00000054     ti.uia.runtime.aem4f : QueueDescriptor.oem4f (.text:ti_uia_runtime_QueueDescriptor_removeFromList__E)
                  00005a3c    00000050     sysbios.aem4f : BIOS.obj (.text:ti_sysbios_utils_Load_taskSwitchHook__E)
                  00005a8c    00000050     ti.targets.arm.rtsarm.aem4f : Startup.oem4f (.text:xdc_runtime_Startup_exec__F)
                  00005adc    00000050                                 : System.oem4f (.text:xdc_runtime_System_formatNum__I)
                  00005b2c    00000050                                 : Text.oem4f (.text:xdc_runtime_Text_visitRope2__I)
                  00005b7c    0000004c     sysbios.aem4f : BIOS.obj (.text:ti_sysbios_knl_Swi_runLoop__I)
                  00005bc8    00000048     driverlib.lib : gpio.obj (.text:GPIOPinConfigure)
                  00005c10    00000048     sysbios.aem4f : BIOS.obj (.text:ti_sysbios_BIOS_errorRaiseHook__I)
                  00005c58    00000048                   : BIOS.obj (.text:ti_sysbios_family_arm_m3_Hwi_excReserved__I)
                  00005ca0    00000048                   : BIOS.obj (.text:ti_sysbios_heaps_HeapMem_getStats__E)
                  00005ce8    00000048     ti.targets.arm.rtsarm.aem4f : Assert.oem4f (.text:xdc_runtime_Assert_raise__I)
                  00005d30    00000048                                 : Core-params.oem4f (.text:xdc_runtime_Core_assignParams__I)
                  00005d78    00000046     ti.uia.runtime.aem4f : LoggerStopMode.oem4f (.text:ti_uia_runtime_LoggerStopMode_Instance_init__F)
                  00005dbe    00000002     --HOLE-- [fill = 0]
                  00005dc0    00000044     rtsv7M4_T_le_v4SPD16_eabi.lib : cpy_tbl.obj (.text)
                  00005e04    00000044                                   : exit.obj (.text)
                  00005e48    00000044     sysbios.aem4f : BIOS.obj (.text:ti_sysbios_family_arm_lm4_Timer_stop__E)
                  00005e8c    00000044                   : BIOS.obj (.text:ti_sysbios_family_arm_m3_Hwi_disableInterrupt__E)
                  00005ed0    00000044                   : BIOS.obj (.text:ti_sysbios_family_arm_m3_Hwi_enableInterrupt__E)
                  00005f14    00000044                   : BIOS.obj (.text:ti_sysbios_knl_Task_allBlockedFunction__I)
                  00005f58    00000044     ti.uia.runtime.aem4f : LoggerStopMode.oem4f (.text:ti_uia_runtime_LoggerStopMode_filterOutEvent__I)
                  00005f9c    00000044                          : LoggerStopMode.oem4f (.text:ti_uia_runtime_LoggerStopMode_reset__F)
                  00005fe0    00000044     ti.targets.arm.rtsarm.aem4f : SysMin.oem4f (.text:xdc_runtime_SysMin_flush__F)
                  00006024    00000042     driverlib.lib : uart.obj (.text:UARTConfigSetExpClk)
                  00006066    00000042     sysbios.aem4f : BIOS.obj (.text:ti_sysbios_knl_Semaphore_pendTimeout__I)
                  000060a8    00000040     EK_LM4F120XL.obj (.text:EK_LM4F120XL_initGeneral)
                  000060e8    00000040     uart_tivaware.aem4f : UARTTiva.oem4f (.text:UARTTiva_writePolling)
                  00006128    00000040     sysbios.aem4f : BIOS.obj (.text:ti_sysbios_family_arm_lm4_Timer_startup__E)
                  00006168    00000040     main_pem4f.oem4f (.text:ti_sysbios_knl_Semaphore_Object__create__S)
                  000061a8    00000040     ti.targets.arm.rtsarm.aem4f : System.oem4f (.text:xdc_runtime_System_atexit__F)
                  000061e8    0000003c     sysbios.aem4f : BIOS.obj (.text:ti_sysbios_family_arm_m3_Hwi_excSvCall__I)
                  00006224    0000003c                   : BIOS.obj (.text:ti_sysbios_heaps_HeapMem_init__I)
                  00006260    0000003c                   : BIOS.obj (.text:ti_sysbios_knl_Swi_startup__E)
                  0000629c    0000003c     ti.targets.arm.rtsarm.aem4f : Text.oem4f (.text:xdc_runtime_Text_xprintf__I)
                  000062d8    00000038     uart_tivaware.aem4f : UART.oem4f (.text:UART_init)
                  00006310    00000038     sysbios.aem4f : BIOS.obj (.text:ti_sysbios_family_arm_m3_Hwi_excNoIsr__I)
                  00006348    00000038                   : BIOS.obj (.text:ti_sysbios_family_arm_m3_Hwi_getStackInfo__E)
                  00006380    00000038                   : BIOS.obj (.text:ti_sysbios_family_arm_m3_TaskSupport_start__E)
                  000063b8    00000038     main_pem4f.oem4f (.text:ti_sysbios_gates_GateHwi_Object__create__S)
                  000063f0    00000038     main_pem4f.oem4f (.text:ti_sysbios_gates_GateMutex_Object__create__S)
                  00006428    00000038     main_pem4f.oem4f (.text:ti_sysbios_heaps_HeapMem_Object__create__S)
                  00006460    00000038     main_pem4f.oem4f (.text:ti_sysbios_knl_Queue_Object__create__S)
                  00006498    00000038     ti.targets.arm.rtsarm.aem4f : SysMin.oem4f (.text:xdc_runtime_SysMin_putch__F)
                  000064d0    00000034     driverlib.lib : sysctl.obj (.text:SysCtlPeripheralEnable)
                  00006504    00000034     uart_tivaware.aem4f : UARTTiva.oem4f (.text:UARTTiva_close)
                  00006538    00000034     sysbios.aem4f : BIOS.obj (.text:ti_sysbios_family_arm_m3_Hwi_excNmi__I)
                  0000656c    00000034                   : BIOS.obj (.text:ti_sysbios_hal_Hwi_checkStack:ti_sysbios_hal_Hwi_checkStack)
                  000065a0    00000032     uart_tivaware.aem4f : UARTTiva.oem4f (.text:UARTTiva_readCancel)
                  000065d2    00000032                         : UARTTiva.oem4f (.text:UARTTiva_writeCancel)
                  00006604    00000030     main_pem4f.oem4f (.text:ti_sysbios_BIOS_exitFunc__I)
                  00006634    00000030     sysbios.aem4f : BIOS.obj (.text:ti_sysbios_knl_Idle_run__E)
                  00006664    00000030     ti.targets.arm.rtsarm.aem4f : Core-label.oem4f (.text:xdc_runtime_Core_assignLabel__I)
                  00006694    00000030                                 : SysMin.oem4f (.text:xdc_runtime_SysMin_abort__F)
                  000066c4    0000002f                                 : Text.oem4f (.text:xdc_runtime_Text_printVisFxn__I)
                  000066f3    00000001     --HOLE-- [fill = 0]
                  000066f4    0000002e     main_pem4f.oem4f (.text:malloc)
                  00006722    0000002c     sysbios.aem4f : BIOS.obj (.text:ti_sysbios_hal_Hwi_initStack:ti_sysbios_hal_Hwi_initStack)
                  0000674e    00000002     --HOLE-- [fill = 0]
                  00006750    0000002c                   : BIOS.obj (.text:ti_sysbios_io_DEV_Module_startup__F)
                  0000677c    0000002c     main_pem4f.oem4f (.text:ti_sysbios_knl_Clock_doTick__I)
                  000067a8    0000002c     sysbios.aem4f : BIOS.obj (.text:ti_sysbios_knl_Task_restore__E)
                  000067d4    0000002c     ti.uia.runtime.aem4f : LoggerStopMode.oem4f (.text:ti_uia_runtime_LoggerStopMode_Module_startup__F)
                  00006800    0000002c                          : LoggerStopMode.oem4f (.text:ti_uia_runtime_LoggerStopMode_disable__E)
                  0000682c    0000002c                          : LoggerStopMode.oem4f (.text:ti_uia_runtime_LoggerStopMode_enable__E)
                  00006858    0000002c     ti.targets.arm.rtsarm.aem4f : System.oem4f (.text:xdc_runtime_System_rtsExit__I)
                  00006884    0000002c                                 : Text.oem4f (.text:xdc_runtime_Text_cordText__F)
                  000068b0    0000002a     driverlib.lib : gpio.obj (.text:GPIODirModeSet)
                  000068da    0000002a     ti.targets.arm.rtsarm.aem4f : System.oem4f (.text:xdc_runtime_System_putchar__I)
                  00006904    00000028     sysbios.aem4f : m3_Hwi_asm_switch.obj (.text:ti_sysbios_family_arm_m3_Hwi_initStacks__E)
                  0000692c    00000028                   : BIOS.obj (.text:ti_sysbios_gates_GateMutex_Instance_init__F)
                  00006954    00000028     ti.uia.runtime.aem4f : LogSync.oem4f (.text:ti_uia_runtime_LogSync_Module_startup__F)
                  0000697c    00000028                          : QueueDescriptor.oem4f (.text:ti_uia_runtime_QueueDescriptor_initHeader__E)
                  000069a4    00000026     ti.targets.arm.rtsarm.aem4f : System.oem4f (.text:xdc_runtime_System_avprintf__F)
                  000069ca    00000002     --HOLE-- [fill = 0]
                  000069cc    00000024     gpio_tivaware.aem4f : GPIO.oem4f (.text:GPIO_init)
                  000069f0    00000024     sysbios.aem4f : BIOS.obj (.text:ti_sysbios_BIOS_registerRTSLock__I)
                  00006a14    00000024     main_pem4f.oem4f (.text:ti_sysbios_BIOS_startFunc__I)
                  00006a38    00000024     sysbios.aem4f : BIOS.obj (.text:ti_sysbios_family_arm_m3_Hwi_Instance_finalize__F)
                  00006a5c    00000024                   : BIOS.obj (.text:ti_sysbios_family_arm_m3_Hwi_doTaskRestore__I)
                  00006a80    00000024     main_pem4f.oem4f (.text:ti_sysbios_gates_GateMutex_Object__delete__S)
                  00006aa4    00000024     sysbios.aem4f : BIOS.obj (.text:ti_sysbios_knl_Clock_Module_startup__F)
                  00006ac8    00000024                   : BIOS.obj (.text:ti_sysbios_knl_Swi_Module_startup__F)
                  00006aec    00000024     ti.uia.runtime.aem4f : LoggerStopMode.oem4f (.text:ti_uia_runtime_LoggerStopMode_Instance_finalize__F)
                  00006b10    00000024     ti.targets.arm.rtsarm.aem4f : System.oem4f (.text:xdc_runtime_System_vprintf__F)
                  00006b34    00000022     main_pem4f.oem4f (.text:xdc_runtime_SysMin_output__I)
                  00006b56    00000020     sysbios.aem4f : m3_Hwi_asm_switch.obj (.text:ti_sysbios_family_xxx_Hwi_switchAndRunFunc)
                  00006b76    00000002     --HOLE-- [fill = 0]
                  00006b78    00000020     main_pem4f.oem4f (.text:ti_sysbios_gates_GateHwi_Object__delete__S)
                  00006b98    00000020     main_pem4f.oem4f (.text:ti_sysbios_heaps_HeapMem_Object__delete__S)
                  00006bb8    00000020     main_pem4f.oem4f (.text:ti_sysbios_knl_Semaphore_Object__destruct__S)
                  00006bd8    00000020     sysbios.aem4f : BIOS.obj (.text:ti_sysbios_knl_Task_enter__I)
                  00006bf8    00000020     main_pem4f.oem4f (.text:ti_uia_runtime_LoggerStopMode_Object__delete__S)
                  00006c18    00000020     ti.targets.arm.rtsarm.aem4f : Registry.oem4f (.text:xdc_runtime_Registry_findById__F)
                  00006c38    00000020                                 : SysMin.oem4f (.text:xdc_runtime_SysMin_Module_startup__F)
                  00006c58    0000001c     driverlib.lib : uart.obj (.text:UARTDisable)
                  00006c74    0000001c     sysbios.aem4f : BIOS.obj (.text:ti_sysbios_BIOS_rtsLock__I)
                  00006c90    0000001c     main_pem4f.oem4f (.text:ti_sysbios_family_arm_m3_Hwi_Object__destruct__S)
                  00006cac    0000001c     main_pem4f.oem4f (.text:ti_sysbios_knl_Queue_Object__destruct__S)
                  00006cc8    0000001c     ti.targets.arm.rtsarm.aem4f : Error.oem4f (.text:xdc_runtime_Error_check__F)
                  00006ce4    0000001c                                 : Memory.oem4f (.text:xdc_runtime_Memory_valloc__F)
                  00006d00    0000001c                                 : SysMin.oem4f (.text:xdc_runtime_SysMin_exit__F)
                  00006d1c    0000001a     main_pem4f.oem4f (.text:ti_sysbios_family_arm_m3_Hwi_Handle__label__S)
                  00006d36    0000001a     main_pem4f.oem4f (.text:ti_sysbios_gates_GateHwi_Handle__label__S)
                  00006d50    0000001a     main_pem4f.oem4f (.text:ti_sysbios_gates_GateMutex_Handle__label__S)
                  00006d6a    0000001a     main_pem4f.oem4f (.text:ti_sysbios_heaps_HeapMem_Handle__label__S)
                  00006d84    0000001a     main_pem4f.oem4f (.text:ti_sysbios_knl_Swi_Handle__label__S)
                  00006d9e    0000001a     main_pem4f.oem4f (.text:ti_sysbios_knl_Task_Handle__label__S)
                  00006db8    0000001a     main_pem4f.oem4f (.text:ti_uia_runtime_LoggerStopMode_Handle__label__S)
                  00006dd2    0000001a     main_pem4f.oem4f (.text:xdc_runtime_System_aprintf__E)
                  00006dec    0000001a     main_pem4f.oem4f (.text:xdc_runtime_System_printf__E)
                  00006e06    00000018     driverlib.lib : gpio.obj (.text:GPIOPinTypeGPIOOutput)
                  00006e1e    00000002     --HOLE-- [fill = 0]
                  00006e20    00000018     uart_tivaware.aem4f : UART.oem4f (.text:UART_open)
                  00006e38    00000018     main_pem4f.oem4f (.text:free)
                  00006e50    00000018     rtsv7M4_T_le_v4SPD16_eabi.lib : args_main.obj (.text)
                  00006e68    00000018     main_pem4f.oem4f (.text:ti_sysbios_family_arm_lm4_Timer_Module__startupDone__F)
                  00006e80    00000018     main_pem4f.oem4f (.text:ti_sysbios_family_arm_m3_Hwi_Module__startupDone__F)
                  00006e98    00000018     sysbios.aem4f : m3_TaskSupport_asm.obj (.text:ti_sysbios_family_arm_m3_TaskSupport_swap__E)
                  00006eb0    00000018                   : BIOS.obj (.text:ti_sysbios_gates_GateMutex_leave__E)
                  00006ec8    00000018     main_pem4f.oem4f (.text:ti_sysbios_hal_Timer_Module__startupDone__F)
                  00006ee0    00000018     ti.targets.arm.rtsarm.aem4f : Text.oem4f (.text:xdc_runtime_Text_ropeText__F)
                  00006ef8    00000016     ti.uia.runtime.aem4f : LoggerStopMode.oem4f (.text:ti_uia_runtime_LoggerStopMode_getFreeSize__E)
                  00006f0e    00000016                          : LoggerStopMode.oem4f (.text:ti_uia_runtime_LoggerStopMode_getUnreadSize__E)
                  00006f24    00000014     driverlib.lib : uart.obj (.text:UARTEnable)
                  00006f38    00000014     uart_tivaware.aem4f : UART.oem4f (.text:UART_Params_init)
                  00006f4c    00000014     rtsv7M4_T_le_v4SPD16_eabi.lib : _lock.obj (.text)
                  00006f60    00000014                                   : strlen.obj (.text)
                  00006f74    00000014     sysbios.aem4f : BIOS.obj (.text:ti_sysbios_family_arm_m3_Hwi_switchFromBootStack__E)
                  00006f88    00000014     main_pem4f.oem4f (.text:ti_sysbios_heaps_HeapMem_Object__get__S)
                  00006f9c    00000014     main_pem4f.oem4f (.text:ti_sysbios_knl_Swi_Object__get__S)
                  00006fb0    00000014     main_pem4f.oem4f (.text:ti_sysbios_knl_Task_Object__get__S)
                  00006fc4    00000014     ti.targets.arm.rtsarm.aem4f : System.oem4f (.text:xdc_runtime_System_abort__F)
                  00006fd8    00000012     driverlib.lib : gpio.obj (.text:GPIOPinTypeGPIOInput)
                  00006fea    00000012                   : gpio.obj (.text:GPIOPinTypeUART)
                  00006ffc    00000012     rtsv7M4_T_le_v4SPD16_eabi.lib : copy_zero_init.obj (.text:decompress:ZI)
                  0000700e    00000012     sysbios.aem4f : BIOS.obj (.text:ti_sysbios_hal_Hwi_Module_startup__F)
                  00007020    00000012                   : BIOS.obj (.text:ti_sysbios_hal_Timer_Module_startup__F)
                  00007032    00000012     ti.uia.runtime.aem4f : LoggerStopMode.oem4f (.text:ti_uia_runtime_LoggerStopMode_write1__E)
                  00007044    00000012                          : LoggerStopMode.oem4f (.text:ti_uia_runtime_LoggerStopMode_write2__E)
                  00007056    00000012     main_pem4f.oem4f (.text:xdc_runtime_Startup_exec__I)
                  00007068    00000010     rtsv7M4_T_le_v4SPD16_eabi.lib : strcpy.obj (.text)
                  00007078    00000010     sysbios.aem4f : BIOS.obj (.text:ti_sysbios_BIOS_getCpuFreq__E)
                  00007088    00000010                   : BIOS.obj (.text:ti_sysbios_BIOS_setThreadType__E)
                  00007098    00000010                   : BIOS.obj (.text:ti_sysbios_BIOS_start__E)
                  000070a8    00000010                   : BIOS.obj (.text:ti_sysbios_family_arm_lm4_TimestampProvider_rolloverFunc__E)
                  000070b8    00000010                   : BIOS.obj (.text:ti_sysbios_family_arm_m3_Hwi_excHandler__I)
                  000070c8    00000010                   : m3_TaskSupport_asm.obj (.text:ti_sysbios_family_arm_m3_TaskSupport_glue)
                  000070d8    00000010                   : m3_Hwi_asm_switch.obj (.text:ti_sysbios_family_xxx_Hwi_switchToIsrStack)
                  000070e8    00000010                   : BIOS.obj (.text:ti_sysbios_gates_GateMutex_Instance_finalize__F)
                  000070f8    00000010     main_pem4f.oem4f (.text:ti_sysbios_io_DEV_Object__get__S)
                  00007108    00000010     sysbios.aem4f : BIOS.obj (.text:ti_sysbios_knl_Semaphore_Instance_finalize__F)
                  00007118    00000010                   : BIOS.obj (.text:ti_sysbios_knl_Swi_disable__E)
                  00007128    00000010                   : BIOS.obj (.text:ti_sysbios_knl_Task_disable__E)
                  00007138    00000010     main_pem4f.oem4f (.text:ti_uia_runtime_LoggerStopMode_Object__get__S)
                  00007148    00000010     ti.uia.runtime.aem4f : LoggerStopMode.oem4f (.text:ti_uia_runtime_LoggerStopMode_write0__E)
                  00007158    00000010     ti.targets.arm.rtsarm.aem4f : Gate.oem4f (.text:xdc_runtime_Gate_leaveSystem__F)
                  00007168    00000010                                 : Memory.oem4f (.text:xdc_runtime_Memory_free__F)
                  00007178    00000010                                 : SysMin.oem4f (.text:xdc_runtime_SysMin_ready__F)
                  00007188    00000010                                 : System.oem4f (.text:xdc_runtime_System_vsnprintf__F)
                  00007198    00000010     main_pem4f.oem4f (.text:xdc_runtime_Text_visitRope__I)
                  000071a8    0000000e     driverlib.lib : uart.obj (.text:UARTCharGetNonBlocking)
                  000071b6    0000000e                   : uart.obj (.text:UARTCharPutNonBlocking)
                  000071c4    0000000e     rtsv7M4_T_le_v4SPD16_eabi.lib : copy_decompress_none.obj (.text:decompress:none)
                  000071d2    0000000e     sysbios.aem4f : BIOS.obj (.text:ti_sysbios_knl_Queue_empty__E)
                  000071e0    0000000e     ti.uia.runtime.aem4f : LoggerStopMode.oem4f (.text:ti_uia_runtime_LoggerStopMode_isEmpty__E)
                  000071ee    00000002     --HOLE-- [fill = 0]
                  000071f0    0000000c     main_pem4f.oem4f (.text:.bootCodeSection:ti_catalog_arm_cortexm4_tiva_ce_Boot_init__I)
                  000071fc    0000000c     sysbios.aem4f : BIOS.obj (.text:ti_sysbios_family_arm_lm4_Timer_masterDisable__I)
                  00007208    0000000c                   : BIOS.obj (.text:ti_sysbios_family_arm_lm4_TimestampProvider_startTimer__E)
                  00007214    0000000c     main_pem4f.oem4f (.text:ti_sysbios_family_arm_m3_Hwi_Params__init__S)
                  00007220    0000000c     sysbios.aem4f : BIOS.obj (.text:ti_sysbios_family_arm_m3_Hwi_disableFxn__E)
                  0000722c    0000000c                   : BIOS.obj (.text:ti_sysbios_family_arm_m3_TaskSupport_checkStack__E)
                  00007238    0000000c                   : m3_Hwi_asm_switch.obj (.text:ti_sysbios_family_xxx_Hwi_switchToTaskStack)
                  00007244    0000000c                   : BIOS.obj (.text:ti_sysbios_gates_GateHwi_enter__E)
                  00007250    0000000c     main_pem4f.oem4f (.text:ti_sysbios_knl_Queue_Object__get__S)
                  0000725c    0000000c     main_pem4f.oem4f (.text:ti_sysbios_knl_Semaphore_Params__init__S)
                  00007268    0000000c     sysbios.aem4f : BIOS.obj (.text:ti_sysbios_utils_Load_taskRegHook__E)
                  00007274    0000000c     ti.targets.arm.rtsarm.aem4f : Error.oem4f (.text:xdc_runtime_Error_init__F)
                  00007280    0000000c                                 : Gate.oem4f (.text:xdc_runtime_Gate_enterSystem__F)
                  0000728c    0000000c                                 : Memory.oem4f (.text:xdc_runtime_Memory_calloc__F)
                  00007298    0000000c                                 : Memory.oem4f (.text:xdc_runtime_Memory_getMaxDefaultTypeAlign__F)
                  000072a4    0000000c                                 : System.oem4f (.text:xdc_runtime_System_exit__F)
                  000072b0    0000000c                                 : System.oem4f (.text:xdc_runtime_System_lastFxn__I)
                  000072bc    0000000a     driverlib.lib : uart.obj (.text:UARTCharGet)
                  000072c6    0000000a                   : uart.obj (.text:UARTCharPut)
                  000072d0    0000000a                   : uart.obj (.text:UARTIntDisable)
                  000072da    0000000a                   : uart.obj (.text:UARTIntStatus)
                  000072e4    0000000a     uart_tivaware.aem4f : UART.oem4f (.text:UART_write)
                  000072ee    0000000a     main_pem4f.oem4f (.text:xdc_runtime_IHeap_alloc)
                  000072f8    0000000a     main_pem4f.oem4f (.text:xdc_runtime_IHeap_free)
                  00007302    00000008     driverlib.lib : uart.obj (.text:UARTIntEnable)
                  0000730a    00000008     uart_tivaware.aem4f : UARTTiva.oem4f (.text:UARTTiva_init)
                  00007312    00000008                         : UARTTiva.oem4f (.text:readSemCallback)
                  0000731a    00000008     sysbios.aem4f : BIOS.obj (.text:ti_sysbios_family_arm_m3_Hwi_doSwiRestore__I)
                  00007322    00000008                   : BIOS.obj (.text:ti_sysbios_family_arm_m3_Hwi_startup__E)
                  0000732a    00000008                   : BIOS.obj (.text:ti_sysbios_knl_Idle_loop__E)
                  00007332    00000008     uart_tivaware.aem4f : UARTTiva.oem4f (.text:writeSemCallback)
                  0000733a    00000006     driverlib.lib : gpio.obj (.text:GPIOPinWrite)
                  00007340    00000006                   : uart.obj (.text:UARTFIFOLevelSet)
                  00007346    00000006     ti.targets.arm.rtsarm.aem4f : xdc_noinit.oem4f (.text:__xdc__init)
                  0000734c    00000006     rtsv7M4_T_le_v4SPD16_eabi.lib : copy_decompress_rle.obj (.text:decompress:rle24)
                  00007352    00000006     Boot.aem4f : Boot_sysctl.oem4f (.text:ti_catalog_arm_cortexm4_tiva_ce_Boot_sysCtlDelayI__I)
                  00007358    00000006     sysbios.aem4f : BIOS.obj (.text:ti_sysbios_family_arm_lm4_TimestampProvider_Module_startup__F)
                  0000735e    00000006                   : BIOS.obj (.text:ti_sysbios_family_arm_m3_Hwi_restoreFxn__E)
                  00007364    00000006                   : BIOS.obj (.text:ti_sysbios_gates_GateHwi_leave__E)
                  0000736a    00000006                   : BIOS.obj (.text:ti_sysbios_heaps_HeapMem_isBlocking__E)
                  00007370    00000006                   : BIOS.obj (.text:ti_sysbios_knl_Queue_Instance_init__F)
                  00007376    00000006     ti.uia.runtime.aem4f : LoggerStopMode.oem4f (.text:ti_uia_runtime_LoggerStopMode_getPriority__E)
                  0000737c    00000006                          : LoggerStopMode.oem4f (.text:ti_uia_runtime_LoggerStopMode_getTransferType__F)
                  00007382    00000006     ti.targets.arm.rtsarm.aem4f : System.oem4f (.text:xdc_runtime_System_Module_startup__F)
                  00007388    00000004     driverlib.lib : uart.obj (.text:UARTIntClear)
                  0000738c    00000004     main_pem4f.oem4f (.text:ti_sysbios_BIOS_RtsGateProxy_enter__E)
                  00007390    00000004     main_pem4f.oem4f (.text:ti_sysbios_BIOS_RtsGateProxy_leave__E)
                  00007394    00000004     sysbios.aem4f : BIOS.obj (.text:ti_sysbios_family_arm_lm4_Timer_getPeriod__E)
                  00007398    00000004                   : BIOS.obj (.text:ti_sysbios_family_arm_lm4_Timer_masterEnable__I)
                  0000739c    00000004     main_pem4f.oem4f (.text:ti_sysbios_family_arm_m3_TaskSupport_Module__startupDone__S)
                  000073a0    00000004     sysbios.aem4f : BIOS.obj (.text:ti_sysbios_gates_GateHwi_query__F)
                  000073a4    00000004                   : BIOS.obj (.text:ti_sysbios_gates_GateMutex_query__F)
                  000073a8    00000004     main_pem4f.oem4f (.text:ti_sysbios_hal_Hwi_HwiProxy_Module__startupDone__S)
                  000073ac    00000004     main_pem4f.oem4f (.text:ti_sysbios_hal_Timer_TimerProxy_Module__startupDone__S)
                  000073b0    00000004     main_pem4f.oem4f (.text:ti_sysbios_hal_Timer_TimerProxy_getPeriod__E)
                  000073b4    00000004     main_pem4f.oem4f (.text:ti_sysbios_heaps_HeapMem_Module_GateProxy_enter__E)
                  000073b8    00000004     main_pem4f.oem4f (.text:ti_sysbios_heaps_HeapMem_Module_GateProxy_leave__E)
                  000073bc    00000004     main_pem4f.oem4f (.text:ti_sysbios_knl_Task_SupportProxy_Module__startupDone__S)
                  000073c0    00000004     sysbios.aem4f : BIOS.obj (.text:ti_sysbios_knl_Task_startup__E)
                  000073c4    00000004     main_pem4f.oem4f (.text:ti_uia_runtime_LogSync_CpuTimestampProxy_Module__startupDone__S)
                  000073c8    00000004     main_pem4f.oem4f (.text:ti_uia_runtime_LogSync_GlobalTimestampProxy_Module__startupDone__S)
                  000073cc    00000004     ti.uia.runtime.aem4f : LoggerStopMode.oem4f (.text:ti_uia_runtime_LoggerStopMode_getInstanceId__E)
                  000073d0    00000004                          : LoggerStopMode.oem4f (.text:ti_uia_runtime_LoggerStopMode_getMaxLength__E)
                  000073d4    00000004                          : LoggerStopMode.oem4f (.text:ti_uia_runtime_LoggerStopMode_setPriority__E)
                  000073d8    00000004     ti.targets.arm.rtsarm.aem4f : Error.oem4f (.text:xdc_runtime_Error_getSite__F)
                  000073dc    00000004     main_pem4f.oem4f (.text:xdc_runtime_Memory_HeapProxy_alloc__E)
                  000073e0    00000004     main_pem4f.oem4f (.text:xdc_runtime_Memory_HeapProxy_free__E)
                  000073e4    00000004     main_pem4f.oem4f (.text:xdc_runtime_System_Module_GateProxy_enter__E)
                  000073e8    00000004     main_pem4f.oem4f (.text:xdc_runtime_System_Module_GateProxy_leave__E)
                  000073ec    00000004     ti.targets.arm.rtsarm.aem4f : System.oem4f (.text:xdc_runtime_System_aprintf_va__F)
                  000073f0    00000004                                 : System.oem4f (.text:xdc_runtime_System_printf_va__F)
                  000073f4    00000004     main_pem4f.oem4f (.text:xdc_runtime_System_vsnprintf__E)
                  000073f8    00000004     main_pem4f.oem4f (.text:xdc_runtime_TimestampNull_Module__startupDone__S)
                  000073fc    00000004     main_pem4f.oem4f (.text:xdc_runtime_Timestamp_Module__startupDone__S)

.const     0    00007400    00002dc8     
                  00007400    0000239e     main_pem4f.oem4f (.const:xdc_runtime_Text_charTab__A)
                  0000979e    0000013c     main_pem4f.oem4f (.const:xdc_runtime_Text_nodeTab__A)
                  000098da    000000d8     main_pem4f.oem4f (.const:ti_sysbios_family_arm_m3_Hwi_priorities__A)
                  000099b2    00000002     main_pem4f.oem4f (.const:ti_catalog_arm_cortexm4_tiva_ce_Boot_Module__id__C)
                  000099b4    00000090     driverlib.lib : gpio.obj (.const:g_pui32GPIOBaseAddrs)
                  00009a44    00000060     main_pem4f.oem4f (.const:ti_uia_runtime_LoggerStopMode_Module__FXNS__C)
                  00009aa4    00000048     main_pem4f.oem4f (.const:.string)
                  00009aec    00000040     EK_LM4F120XL.obj (.const)
                  00009b2c    0000003c     EK_LM4F120XL.obj (.const:gpioHWAttrs)
                  00009b68    00000034     main_pem4f.oem4f (.const:xdc_runtime_Startup_sfxnTab__A)
                  00009b9c    00000030     main_pem4f.oem4f (.const:ti_sysbios_family_arm_m3_Hwi_Object__PARAMS__C)
                  00009bcc    00000030     main_pem4f.oem4f (.const:ti_sysbios_knl_Task_hooks__A)
                  00009bfc    00000030     main_pem4f.oem4f (.const:ti_uia_runtime_LoggerStopMode_Object__PARAMS__C)
                  00009c2c    00000028     main_pem4f.oem4f (.const:ti_sysbios_heaps_HeapMem_Module__FXNS__C)
                  00009c54    00000024     uart_tivaware.aem4f : UARTTiva.oem4f (.const:UARTTiva_fxnTable)
                  00009c78    00000024     main_pem4f.oem4f (.const:ti_sysbios_gates_GateHwi_Module__FXNS__C)
                  00009c9c    00000024     main_pem4f.oem4f (.const:ti_sysbios_gates_GateMutex_Module__FXNS__C)
                  00009cc0    00000024     main_pem4f.oem4f (.const:ti_sysbios_heaps_HeapMem_Object__PARAMS__C)
                  00009ce4    00000024     main_pem4f.oem4f (.const:ti_sysbios_knl_Semaphore_Object__PARAMS__C)
                  00009d08    00000020     main_pem4f.oem4f (.const:ti_sysbios_family_arm_m3_Hwi_Object__DESC__C)
                  00009d28    00000020     main_pem4f.oem4f (.const:ti_sysbios_gates_GateHwi_Object__DESC__C)
                  00009d48    00000020     main_pem4f.oem4f (.const:ti_sysbios_gates_GateMutex_Object__DESC__C)
                  00009d68    00000020     main_pem4f.oem4f (.const:ti_sysbios_heaps_HeapMem_Object__DESC__C)
                  00009d88    00000020     main_pem4f.oem4f (.const:ti_sysbios_knl_Queue_Object__DESC__C)
                  00009da8    00000020     main_pem4f.oem4f (.const:ti_sysbios_knl_Semaphore_Object__DESC__C)
                  00009dc8    00000020     main_pem4f.oem4f (.const:ti_uia_runtime_LoggerStopMode_Object__DESC__C)
                  00009de8    00000020     uart_tivaware.aem4f : UART.oem4f (.const)
                  00009e08    0000001a     main_pem4f.oem4f (.const:xdc_runtime_Startup_sfxnRts__A)
                  00009e22    00000002     main_pem4f.oem4f (.const:ti_sysbios_BIOS_Module__id__C)
                  00009e24    00000018     main_pem4f.oem4f (.const:ti_sysbios_gates_GateHwi_Object__PARAMS__C)
                  00009e3c    00000018     main_pem4f.oem4f (.const:ti_sysbios_gates_GateMutex_Object__PARAMS__C)
                  00009e54    00000018     main_pem4f.oem4f (.const:ti_sysbios_knl_Queue_Object__PARAMS__C)
                  00009e6c    00000017     main.obj (.const:.string)
                  00009e83    00000001     main_pem4f.oem4f (.const:xdc_runtime_Error_policy__C)
                  00009e84    00000014     main_pem4f.oem4f (.const:xdc_runtime_Startup_firstFxns__A)
                  00009e98    00000011     ti.targets.arm.rtsarm.aem4f : System.oem4f (.const)
                  00009ea9    00000001     --HOLE-- [fill = 0]
                  00009eaa    00000002     main_pem4f.oem4f (.const:ti_sysbios_family_arm_lm4_TimestampProvider_useClockTimer__C)
                  00009eac    00000008     main_pem4f.oem4f (.const:ti_sysbios_family_arm_m3_Hwi_excHookFuncs__A)
                  00009eb4    00000008     main_pem4f.oem4f (.const:ti_sysbios_knl_Idle_coreList__A)
                  00009ebc    00000008     main_pem4f.oem4f (.const:ti_sysbios_knl_Idle_coreList__C)
                  00009ec4    00000008     main_pem4f.oem4f (.const:ti_sysbios_knl_Idle_funcList__A)
                  00009ecc    00000008     main_pem4f.oem4f (.const:ti_sysbios_knl_Idle_funcList__C)
                  00009ed4    00000008     main_pem4f.oem4f (.const:ti_sysbios_knl_Task_hooks__C)
                  00009edc    00000008     main_pem4f.oem4f (.const:xdc_runtime_Startup_firstFxns__C)
                  00009ee4    00000008     main_pem4f.oem4f (.const:xdc_runtime_Startup_lastFxns__A)
                  00009eec    00000008     main_pem4f.oem4f (.const:xdc_runtime_Startup_lastFxns__C)
                  00009ef4    00000004     main_pem4f.oem4f (.const:ti_catalog_arm_cortexm4_tiva_ce_Boot_A_mustUseEnhancedClockMode__C)
                  00009ef8    00000004     main_pem4f.oem4f (.const:ti_catalog_arm_cortexm4_tiva_ce_Boot_Module__diagsEnabled__C)
                  00009efc    00000004     main_pem4f.oem4f (.const:ti_catalog_arm_cortexm4_tiva_ce_Boot_Module__diagsIncluded__C)
                  00009f00    00000004     main_pem4f.oem4f (.const:ti_catalog_arm_cortexm4_tiva_ce_Boot_Module__diagsMask__C)
                  00009f04    00000004     main_pem4f.oem4f (.const:ti_sysbios_BIOS_Module__diagsEnabled__C)
                  00009f08    00000004     main_pem4f.oem4f (.const:ti_sysbios_BIOS_Module__diagsIncluded__C)
                  00009f0c    00000004     main_pem4f.oem4f (.const:ti_sysbios_BIOS_Module__diagsMask__C)
                  00009f10    00000004     main_pem4f.oem4f (.const:ti_sysbios_BIOS_installedErrorHook__C)
                  00009f14    00000004     main_pem4f.oem4f (.const:ti_sysbios_family_arm_lm4_Timer_enableFunc__C)
                  00009f18    00000004     main_pem4f.oem4f (.const:ti_sysbios_family_arm_lm4_Timer_numTimerDevices__C)
                  00009f1c    00000004     main_pem4f.oem4f (.const:ti_sysbios_family_arm_lm4_Timer_startupNeeded__C)
                  00009f20    00000004     main_pem4f.oem4f (.const:ti_sysbios_family_arm_m3_Hwi_E_NMI__C)
                  00009f24    00000004     main_pem4f.oem4f (.const:ti_sysbios_family_arm_m3_Hwi_E_alreadyDefined__C)
                  00009f28    00000004     main_pem4f.oem4f (.const:ti_sysbios_family_arm_m3_Hwi_E_busFault__C)
                  00009f2c    00000004     main_pem4f.oem4f (.const:ti_sysbios_family_arm_m3_Hwi_E_debugMon__C)
                  00009f30    00000004     main_pem4f.oem4f (.const:ti_sysbios_family_arm_m3_Hwi_E_hardFault__C)
                  00009f34    00000004     main_pem4f.oem4f (.const:ti_sysbios_family_arm_m3_Hwi_E_memFault__C)
                  00009f38    00000004     main_pem4f.oem4f (.const:ti_sysbios_family_arm_m3_Hwi_E_noIsr__C)
                  00009f3c    00000004     main_pem4f.oem4f (.const:ti_sysbios_family_arm_m3_Hwi_E_reserved__C)
                  00009f40    00000004     main_pem4f.oem4f (.const:ti_sysbios_family_arm_m3_Hwi_E_svCall__C)
                  00009f44    00000004     main_pem4f.oem4f (.const:ti_sysbios_family_arm_m3_Hwi_E_usageFault__C)
                  00009f48    00000004     main_pem4f.oem4f (.const:ti_sysbios_family_arm_m3_Hwi_LD_end__C)
                  00009f4c    00000004     main_pem4f.oem4f (.const:ti_sysbios_family_arm_m3_Hwi_LM_begin__C)
                  00009f50    00000004     main_pem4f.oem4f (.const:ti_sysbios_family_arm_m3_Hwi_Module__diagsEnabled__C)
                  00009f54    00000004     main_pem4f.oem4f (.const:ti_sysbios_family_arm_m3_Hwi_Module__diagsIncluded__C)
                  00009f58    00000004     main_pem4f.oem4f (.const:ti_sysbios_family_arm_m3_Hwi_Module__diagsMask__C)
                  00009f5c    00000004     main_pem4f.oem4f (.const:ti_sysbios_family_arm_m3_Hwi_Module__loggerFxn1__C)
                  00009f60    00000004     main_pem4f.oem4f (.const:ti_sysbios_family_arm_m3_Hwi_Module__loggerFxn8__C)
                  00009f64    00000004     main_pem4f.oem4f (.const:ti_sysbios_family_arm_m3_Hwi_Module__loggerObj__C)
                  00009f68    00000004     main_pem4f.oem4f (.const:ti_sysbios_family_arm_m3_Hwi_NUM_INTERRUPTS__C)
                  00009f6c    00000004     main_pem4f.oem4f (.const:ti_sysbios_family_arm_m3_Hwi_ccr__C)
                  00009f70    00000004     main_pem4f.oem4f (.const:ti_sysbios_family_arm_m3_Hwi_dispatchTable__C)
                  00009f74    00000004     main_pem4f.oem4f (.const:ti_sysbios_family_arm_m3_Hwi_excHandlerFunc__C)
                  00009f78    00000004     main_pem4f.oem4f (.const:ti_sysbios_family_arm_m3_Hwi_excHookFuncs__C)
                  00009f7c    00000004     main_pem4f.oem4f (.const:ti_sysbios_family_arm_m3_Hwi_priGroup__C)
                  00009f80    00000004     main_pem4f.oem4f (.const:ti_sysbios_family_arm_m3_Hwi_priorities__C)
                  00009f84    00000004     main_pem4f.oem4f (.const:ti_sysbios_gates_GateMutex_A_badContext__C)
                  00009f88    00000004     main_pem4f.oem4f (.const:ti_sysbios_gates_GateMutex_Instance_State_sem__O)
                  00009f8c    00000004     main_pem4f.oem4f (.const:ti_sysbios_gates_GateMutex_Module__diagsEnabled__C)
                  00009f90    00000004     main_pem4f.oem4f (.const:ti_sysbios_gates_GateMutex_Module__diagsIncluded__C)
                  00009f94    00000004     main_pem4f.oem4f (.const:ti_sysbios_gates_GateMutex_Module__diagsMask__C)
                  00009f98    00000004     main_pem4f.oem4f (.const:ti_sysbios_hal_Hwi_E_stackOverflow__C)
                  00009f9c    00000004     main_pem4f.oem4f (.const:ti_sysbios_heaps_HeapMem_A_align__C)
                  00009fa0    00000004     main_pem4f.oem4f (.const:ti_sysbios_heaps_HeapMem_A_heapSize__C)
                  00009fa4    00000004     main_pem4f.oem4f (.const:ti_sysbios_heaps_HeapMem_A_invalidFree__C)
                  00009fa8    00000004     main_pem4f.oem4f (.const:ti_sysbios_heaps_HeapMem_A_zeroBlock__C)
                  00009fac    00000004     main_pem4f.oem4f (.const:ti_sysbios_heaps_HeapMem_E_memory__C)
                  00009fb0    00000004     main_pem4f.oem4f (.const:ti_sysbios_heaps_HeapMem_Module__diagsEnabled__C)
                  00009fb4    00000004     main_pem4f.oem4f (.const:ti_sysbios_heaps_HeapMem_Module__diagsIncluded__C)
                  00009fb8    00000004     main_pem4f.oem4f (.const:ti_sysbios_heaps_HeapMem_Module__diagsMask__C)
                  00009fbc    00000004     main_pem4f.oem4f (.const:ti_sysbios_heaps_HeapMem_Module__gateObj__C)
                  00009fc0    00000004     main_pem4f.oem4f (.const:ti_sysbios_heaps_HeapMem_Object__count__C)
                  00009fc4    00000004     main_pem4f.oem4f (.const:ti_sysbios_heaps_HeapMem_reqAlign__C)
                  00009fc8    00000004     main_pem4f.oem4f (.const:ti_sysbios_io_DEV_Object__count__C)
                  00009fcc    00000004     main_pem4f.oem4f (.const:ti_sysbios_io_DEV_tableSize__C)
                  00009fd0    00000004     main_pem4f.oem4f (.const:ti_sysbios_knl_Clock_LM_begin__C)
                  00009fd4    00000004     main_pem4f.oem4f (.const:ti_sysbios_knl_Clock_LM_tick__C)
                  00009fd8    00000004     main_pem4f.oem4f (.const:ti_sysbios_knl_Clock_LW_delayed__C)
                  00009fdc    00000004     main_pem4f.oem4f (.const:ti_sysbios_knl_Clock_Module_State_clockQ__O)
                  00009fe0    00000004     main_pem4f.oem4f (.const:ti_sysbios_knl_Clock_Module__diagsEnabled__C)
                  00009fe4    00000004     main_pem4f.oem4f (.const:ti_sysbios_knl_Clock_Module__diagsIncluded__C)
                  00009fe8    00000004     main_pem4f.oem4f (.const:ti_sysbios_knl_Clock_Module__diagsMask__C)
                  00009fec    00000004     main_pem4f.oem4f (.const:ti_sysbios_knl_Clock_Module__loggerFxn1__C)
                  00009ff0    00000004     main_pem4f.oem4f (.const:ti_sysbios_knl_Clock_Module__loggerFxn2__C)
                  00009ff4    00000004     main_pem4f.oem4f (.const:ti_sysbios_knl_Clock_Module__loggerObj__C)
                  00009ff8    00000004     main_pem4f.oem4f (.const:ti_sysbios_knl_Semaphore_A_badContext__C)
                  00009ffc    00000004     main_pem4f.oem4f (.const:ti_sysbios_knl_Semaphore_A_noEvents__C)
                  0000a000    00000004     main_pem4f.oem4f (.const:ti_sysbios_knl_Semaphore_A_overflow__C)
                  0000a004    00000004     main_pem4f.oem4f (.const:ti_sysbios_knl_Semaphore_A_pendTaskDisabled__C)
                  0000a008    00000004     main_pem4f.oem4f (.const:ti_sysbios_knl_Semaphore_Instance_State_pendQ__O)
                  0000a00c    00000004     main_pem4f.oem4f (.const:ti_sysbios_knl_Semaphore_LM_pend__C)
                  0000a010    00000004     main_pem4f.oem4f (.const:ti_sysbios_knl_Semaphore_LM_post__C)
                  0000a014    00000004     main_pem4f.oem4f (.const:ti_sysbios_knl_Semaphore_Module__diagsEnabled__C)
                  0000a018    00000004     main_pem4f.oem4f (.const:ti_sysbios_knl_Semaphore_Module__diagsIncluded__C)
                  0000a01c    00000004     main_pem4f.oem4f (.const:ti_sysbios_knl_Semaphore_Module__diagsMask__C)
                  0000a020    00000004     main_pem4f.oem4f (.const:ti_sysbios_knl_Semaphore_Module__loggerFxn2__C)
                  0000a024    00000004     main_pem4f.oem4f (.const:ti_sysbios_knl_Semaphore_Module__loggerFxn4__C)
                  0000a028    00000004     main_pem4f.oem4f (.const:ti_sysbios_knl_Semaphore_Module__loggerObj__C)
                  0000a02c    00000004     main_pem4f.oem4f (.const:ti_sysbios_knl_Swi_LD_end__C)
                  0000a030    00000004     main_pem4f.oem4f (.const:ti_sysbios_knl_Swi_LM_begin__C)
                  0000a034    00000004     main_pem4f.oem4f (.const:ti_sysbios_knl_Swi_LM_post__C)
                  0000a038    00000004     main_pem4f.oem4f (.const:ti_sysbios_knl_Swi_Module__diagsEnabled__C)
                  0000a03c    00000004     main_pem4f.oem4f (.const:ti_sysbios_knl_Swi_Module__diagsIncluded__C)
                  0000a040    00000004     main_pem4f.oem4f (.const:ti_sysbios_knl_Swi_Module__diagsMask__C)
                  0000a044    00000004     main_pem4f.oem4f (.const:ti_sysbios_knl_Swi_Module__loggerFxn1__C)
                  0000a048    00000004     main_pem4f.oem4f (.const:ti_sysbios_knl_Swi_Module__loggerFxn4__C)
                  0000a04c    00000004     main_pem4f.oem4f (.const:ti_sysbios_knl_Swi_Module__loggerObj__C)
                  0000a050    00000004     main_pem4f.oem4f (.const:ti_sysbios_knl_Swi_Object__count__C)
                  0000a054    00000004     main_pem4f.oem4f (.const:ti_sysbios_knl_Task_E_spOutOfBounds__C)
                  0000a058    00000004     main_pem4f.oem4f (.const:ti_sysbios_knl_Task_E_stackOverflow__C)
                  0000a05c    00000004     main_pem4f.oem4f (.const:ti_sysbios_knl_Task_LD_block__C)
                  0000a060    00000004     main_pem4f.oem4f (.const:ti_sysbios_knl_Task_LD_exit__C)
                  0000a064    00000004     main_pem4f.oem4f (.const:ti_sysbios_knl_Task_LD_ready__C)
                  0000a068    00000004     main_pem4f.oem4f (.const:ti_sysbios_knl_Task_LM_switch__C)
                  0000a06c    00000004     main_pem4f.oem4f (.const:ti_sysbios_knl_Task_Module_State_inactiveQ__O)
                  0000a070    00000004     main_pem4f.oem4f (.const:ti_sysbios_knl_Task_Module__diagsEnabled__C)
                  0000a074    00000004     main_pem4f.oem4f (.const:ti_sysbios_knl_Task_Module__diagsIncluded__C)
                  0000a078    00000004     main_pem4f.oem4f (.const:ti_sysbios_knl_Task_Module__diagsMask__C)
                  0000a07c    00000004     main_pem4f.oem4f (.const:ti_sysbios_knl_Task_Module__loggerFxn2__C)
                  0000a080    00000004     main_pem4f.oem4f (.const:ti_sysbios_knl_Task_Module__loggerFxn4__C)
                  0000a084    00000004     main_pem4f.oem4f (.const:ti_sysbios_knl_Task_Module__loggerObj__C)
                  0000a088    00000004     main_pem4f.oem4f (.const:ti_sysbios_knl_Task_Object__count__C)
                  0000a08c    00000004     main_pem4f.oem4f (.const:ti_sysbios_knl_Task_Object__heap__C)
                  0000a090    00000004     main_pem4f.oem4f (.const:ti_sysbios_knl_Task_allBlockedFunc__C)
                  0000a094    00000004     main_pem4f.oem4f (.const:ti_sysbios_knl_Task_numConstructedTasks__C)
                  0000a098    00000004     main_pem4f.oem4f (.const:ti_sysbios_utils_Load_LS_cpuLoad__C)
                  0000a09c    00000004     main_pem4f.oem4f (.const:ti_sysbios_utils_Load_LS_hwiLoad__C)
                  0000a0a0    00000004     main_pem4f.oem4f (.const:ti_sysbios_utils_Load_LS_taskLoad__C)
                  0000a0a4    00000004     main_pem4f.oem4f (.const:ti_sysbios_utils_Load_Module_State_taskList__O)
                  0000a0a8    00000004     main_pem4f.oem4f (.const:ti_sysbios_utils_Load_Module__diagsEnabled__C)
                  0000a0ac    00000004     main_pem4f.oem4f (.const:ti_sysbios_utils_Load_Module__diagsIncluded__C)
                  0000a0b0    00000004     main_pem4f.oem4f (.const:ti_sysbios_utils_Load_Module__diagsMask__C)
                  0000a0b4    00000004     main_pem4f.oem4f (.const:ti_sysbios_utils_Load_Module__loggerFxn1__C)
                  0000a0b8    00000004     main_pem4f.oem4f (.const:ti_sysbios_utils_Load_Module__loggerFxn2__C)
                  0000a0bc    00000004     main_pem4f.oem4f (.const:ti_sysbios_utils_Load_Module__loggerFxn4__C)
                  0000a0c0    00000004     main_pem4f.oem4f (.const:ti_sysbios_utils_Load_Module__loggerObj__C)
                  0000a0c4    00000004     main_pem4f.oem4f (.const:ti_sysbios_utils_Load_postUpdate__C)
                  0000a0c8    00000004     main_pem4f.oem4f (.const:ti_sysbios_utils_Load_windowInMs__C)
                  0000a0cc    00000004     main_pem4f.oem4f (.const:ti_uia_runtime_ILoggerSnapshot_Interface__BASE__C)
                  0000a0d0    00000004     main_pem4f.oem4f (.const:ti_uia_runtime_IUIATransfer_Interface__BASE__C)
                  0000a0d4    00000004     main_pem4f.oem4f (.const:ti_uia_runtime_LoggerStopMode_E_badLevel__C)
                  0000a0d8    00000004     main_pem4f.oem4f (.const:ti_uia_runtime_LoggerStopMode_Object__count__C)
                  0000a0dc    00000004     main_pem4f.oem4f (.const:ti_uia_runtime_LoggerStopMode_overflowLogger__C)
                  0000a0e0    00000004     main_pem4f.oem4f (.const:ti_uia_runtime_LoggerStopMode_statusLogger__C)
                  0000a0e4    00000004     main_pem4f.oem4f (.const:xdc_runtime_Assert_E_assertFailed__C)
                  0000a0e8    00000004     main_pem4f.oem4f (.const:xdc_runtime_Core_A_initializedParams__C)
                  0000a0ec    00000004     main_pem4f.oem4f (.const:xdc_runtime_Core_Module__diagsEnabled__C)
                  0000a0f0    00000004     main_pem4f.oem4f (.const:xdc_runtime_Core_Module__diagsIncluded__C)
                  0000a0f4    00000004     main_pem4f.oem4f (.const:xdc_runtime_Core_Module__diagsMask__C)
                  0000a0f8    00000004     main_pem4f.oem4f (.const:xdc_runtime_Error_E_generic__C)
                  0000a0fc    00000004     main_pem4f.oem4f (.const:xdc_runtime_Error_E_memory__C)
                  0000a100    00000004     main_pem4f.oem4f (.const:xdc_runtime_Error_Module__diagsEnabled__C)
                  0000a104    00000004     main_pem4f.oem4f (.const:xdc_runtime_Error_Module__diagsIncluded__C)
                  0000a108    00000004     main_pem4f.oem4f (.const:xdc_runtime_Error_Module__diagsMask__C)
                  0000a10c    00000004     main_pem4f.oem4f (.const:xdc_runtime_Error_Module__loggerFxn8__C)
                  0000a110    00000004     main_pem4f.oem4f (.const:xdc_runtime_Error_Module__loggerObj__C)
                  0000a114    00000004     main_pem4f.oem4f (.const:xdc_runtime_Error_raiseHook__C)
                  0000a118    00000004     main_pem4f.oem4f (.const:xdc_runtime_IFilterLogger_Interface__BASE__C)
                  0000a11c    00000004     main_pem4f.oem4f (.const:xdc_runtime_IGateProvider_Interface__BASE__C)
                  0000a120    00000004     main_pem4f.oem4f (.const:xdc_runtime_IHeap_Interface__BASE__C)
                  0000a124    00000004     main_pem4f.oem4f (.const:xdc_runtime_ILogger_Interface__BASE__C)
                  0000a128    00000004     main_pem4f.oem4f (.const:xdc_runtime_IModule_Interface__BASE__C)
                  0000a12c    00000004     main_pem4f.oem4f (.const:xdc_runtime_Log_L_error__C)
                  0000a130    00000004     main_pem4f.oem4f (.const:xdc_runtime_Main_Module__diagsEnabled__C)
                  0000a134    00000004     main_pem4f.oem4f (.const:xdc_runtime_Main_Module__diagsIncluded__C)
                  0000a138    00000004     main_pem4f.oem4f (.const:xdc_runtime_Main_Module__diagsMask__C)
                  0000a13c    00000004     main_pem4f.oem4f (.const:xdc_runtime_Main_Module__loggerFxn4__C)
                  0000a140    00000004     main_pem4f.oem4f (.const:xdc_runtime_Main_Module__loggerObj__C)
                  0000a144    00000004     main_pem4f.oem4f (.const:xdc_runtime_Memory_defaultHeapInstance__C)
                  0000a148    00000004     main_pem4f.oem4f (.const:xdc_runtime_Startup_execImpl__C)
                  0000a14c    00000004     main_pem4f.oem4f (.const:xdc_runtime_Startup_maxPasses__C)
                  0000a150    00000004     main_pem4f.oem4f (.const:xdc_runtime_Startup_sfxnRts__C)
                  0000a154    00000004     main_pem4f.oem4f (.const:xdc_runtime_Startup_sfxnTab__C)
                  0000a158    00000004     main_pem4f.oem4f (.const:xdc_runtime_SysMin_bufSize__C)
                  0000a15c    00000004     main_pem4f.oem4f (.const:xdc_runtime_SysMin_outputFunc__C)
                  0000a160    00000004     main_pem4f.oem4f (.const:xdc_runtime_System_Module__gateObj__C)
                  0000a164    00000004     main_pem4f.oem4f (.const:xdc_runtime_System_extendFxn__C)
                  0000a168    00000004     main_pem4f.oem4f (.const:xdc_runtime_System_maxAtexitHandlers__C)
                  0000a16c    00000004     main_pem4f.oem4f (.const:xdc_runtime_Text_charTab__C)
                  0000a170    00000004     main_pem4f.oem4f (.const:xdc_runtime_Text_nameEmpty__C)
                  0000a174    00000004     main_pem4f.oem4f (.const:xdc_runtime_Text_nameStatic__C)
                  0000a178    00000004     main_pem4f.oem4f (.const:xdc_runtime_Text_nameUnknown__C)
                  0000a17c    00000004     main_pem4f.oem4f (.const:xdc_runtime_Text_nodeTab__C)
                  0000a180    00000004     main_pem4f.oem4f (.const:xdc_runtime_Text_visitRopeFxn__C)
                  0000a184    00000002     main_pem4f.oem4f (.const:ti_sysbios_family_arm_m3_Hwi_Module__id__C)
                  0000a186    00000002     main_pem4f.oem4f (.const:ti_sysbios_family_arm_m3_Hwi_Module__loggerDefined__C)
                  0000a188    00000002     main_pem4f.oem4f (.const:ti_sysbios_gates_GateMutex_Module__id__C)
                  0000a18a    00000002     main_pem4f.oem4f (.const:ti_sysbios_hal_Hwi_Module__id__C)
                  0000a18c    00000002     main_pem4f.oem4f (.const:ti_sysbios_heaps_HeapMem_Module__id__C)
                  0000a18e    00000002     main_pem4f.oem4f (.const:ti_sysbios_io_DEV_Module__id__C)
                  0000a190    00000002     main_pem4f.oem4f (.const:ti_sysbios_knl_Clock_Module__id__C)
                  0000a192    00000002     main_pem4f.oem4f (.const:ti_sysbios_knl_Clock_Module__loggerDefined__C)
                  0000a194    00000002     main_pem4f.oem4f (.const:ti_sysbios_knl_Semaphore_Module__id__C)
                  0000a196    00000002     main_pem4f.oem4f (.const:ti_sysbios_knl_Semaphore_Module__loggerDefined__C)
                  0000a198    00000002     main_pem4f.oem4f (.const:ti_sysbios_knl_Swi_Module__id__C)
                  0000a19a    00000002     main_pem4f.oem4f (.const:ti_sysbios_knl_Swi_Module__loggerDefined__C)
                  0000a19c    00000002     main_pem4f.oem4f (.const:ti_sysbios_knl_Task_Module__id__C)
                  0000a19e    00000002     main_pem4f.oem4f (.const:ti_sysbios_knl_Task_Module__loggerDefined__C)
                  0000a1a0    00000002     main_pem4f.oem4f (.const:ti_sysbios_knl_Task_initStackFlag__C)
                  0000a1a2    00000002     main_pem4f.oem4f (.const:ti_sysbios_utils_Load_Module__id__C)
                  0000a1a4    00000002     main_pem4f.oem4f (.const:ti_sysbios_utils_Load_Module__loggerDefined__C)
                  0000a1a6    00000002     main_pem4f.oem4f (.const:ti_sysbios_utils_Load_autoAddTasks__C)
                  0000a1a8    00000002     main_pem4f.oem4f (.const:ti_sysbios_utils_Load_hwiEnabled__C)
                  0000a1aa    00000002     main_pem4f.oem4f (.const:ti_sysbios_utils_Load_updateInIdle__C)
                  0000a1ac    00000002     main_pem4f.oem4f (.const:ti_uia_runtime_LoggerStopMode_Module__id__C)
                  0000a1ae    00000002     main_pem4f.oem4f (.const:ti_uia_runtime_LoggerStopMode_filterByLevel__C)
                  0000a1b0    00000002     main_pem4f.oem4f (.const:ti_uia_runtime_LoggerStopMode_isTimestampEnabled__C)
                  0000a1b2    00000002     main_pem4f.oem4f (.const:xdc_runtime_Core_Module__id__C)
                  0000a1b4    00000002     main_pem4f.oem4f (.const:xdc_runtime_Error_Module__loggerDefined__C)
                  0000a1b6    00000002     main_pem4f.oem4f (.const:xdc_runtime_Error_maxDepth__C)
                  0000a1b8    00000002     main_pem4f.oem4f (.const:xdc_runtime_Main_Module__id__C)
                  0000a1ba    00000002     main_pem4f.oem4f (.const:xdc_runtime_Main_Module__loggerDefined__C)
                  0000a1bc    00000002     main_pem4f.oem4f (.const:xdc_runtime_Memory_Module__id__C)
                  0000a1be    00000002     main_pem4f.oem4f (.const:xdc_runtime_SysMin_flushAtExit__C)
                  0000a1c0    00000002     main_pem4f.oem4f (.const:xdc_runtime_Text_charCnt__C)
                  0000a1c2    00000002     main_pem4f.oem4f (.const:xdc_runtime_Text_isLoaded__C)
                  0000a1c4    00000002     main_pem4f.oem4f (.const:xdc_runtime_Text_registryModsLastId__C)
                  0000a1c6    00000002     main_pem4f.oem4f (.const:xdc_runtime_Text_unnamedModsLastId__C)

.cinit     0    0000a1c8    000005a0     
                  0000a1c8    00000568     (.cinit..data.load) [load image, compression = rle]
                  0000a730    0000000c     (__TI_handler_table)
                  0000a73c    00000004     --HOLE-- [fill = 0]
                  0000a740    00000008     (.cinit..bss.load) [load image, compression = zero_init]
                  0000a748    00000008     (.cinit..vecs.load) [load image, compression = zero_init]
                  0000a750    00000018     (__TI_cinit_table)

.vecs      0    20000000    00000360     UNINITIALIZED
                  20000000    00000360     main_pem4f.oem4f (.vecs)

.bss       0    20000360    000031c8     UNINITIALIZED
                  20000360    00001000     main_pem4f.oem4f (.bss:taskStackSection)
                  20001360    00001000     main_pem4f.oem4f (.bss:ti_sysbios_heaps_HeapMem_Instance_State_0_buf__A)
                  20002360    00000480     main_pem4f.oem4f (.bss:ti_uia_runtime_LoggerStopMode_Instance_State_1_bufferArray__A)
                  200027e0    00000480     main_pem4f.oem4f (.bss:ti_uia_runtime_LoggerStopMode_Instance_State_2_bufferArray__A)
                  20002c60    00000400     main_pem4f.oem4f (.bss:xdc_runtime_SysMin_Module_State_0_outbuf__A)
                  20003060    00000280     main_pem4f.oem4f (.bss:ti_uia_runtime_LoggerStopMode_Instance_State_0_bufferArray__A)
                  200032e0    00000120     rtsv7M4_T_le_v4SPD16_eabi.lib : trgmsg.obj (.bss:__CIOBUF_)
                  20003400    00000110     EK_LM4F120XL.obj (.bss:uartTivaObjects)
                  20003510    00000008     (.common:parmbuf)
                  20003518    00000008     (.common:ti_sysbios_knl_Task_Instance_State_0_hookEnv__A)
                  20003520    00000008     (.common:ti_sysbios_knl_Task_Instance_State_1_hookEnv__A)

.stack     0    20003528    00001000     UNINITIALIZED
                  20003528    00001000     --HOLE--

.data      0    20004528    00000b00     UNINITIALIZED
                  20004528    00000360     main_pem4f.oem4f (.data:ti_sysbios_family_arm_m3_Hwi_Module_State_0_dispatchTable__A)
                  20004888    000001fc     main_pem4f.oem4f (.data)
                  20004a84    00000108     main_pem4f.oem4f (.data:ti_uia_runtime_LoggerStopMode_Object__table__V)
                  20004b8c    000000a0     main_pem4f.oem4f (.data:ti_sysbios_knl_Task_Object__table__V)
                  20004c2c    00000098     main_pem4f.oem4f (.data:ti_sysbios_utils_Load_Module__state__V)
                  20004cc4    00000080     main_pem4f.oem4f (.data:ti_sysbios_knl_Swi_Module_State_0_readyQ__A)
                  20004d44    00000080     main_pem4f.oem4f (.data:ti_sysbios_knl_Task_Module_State_0_readyQ__A)
                  20004dc4    00000070     main_pem4f.oem4f (.data:ti_sysbios_family_arm_lm4_Timer_Object__table__V)
                  20004e34    0000005c     main_pem4f.oem4f (.data:ti_sysbios_family_arm_m3_Hwi_Module__state__V)
                  20004e90    00000044     main_pem4f.oem4f (.data:ti_sysbios_knl_Task_Module__state__V)
                  20004ed4    00000038     main_pem4f.oem4f (.data:ti_sysbios_gates_GateMutex_Object__table__V)
                  20004f0c    00000038     main_pem4f.oem4f (.data:ti_sysbios_utils_Load_Module_State_0_taskEnv__A)
                  20004f44    00000030     main_pem4f.oem4f (.data:ti_sysbios_family_arm_lm4_Timer_Module_State_0_device__A)
                  20004f74    00000030     main_pem4f.oem4f (.data:ti_sysbios_family_arm_m3_Hwi_Object__table__V)
                  20004fa4    00000030     main_pem4f.oem4f (.data:ti_sysbios_knl_Swi_Object__table__V)
                  20004fd4    00000028     main_pem4f.oem4f (.data:ti_sysbios_knl_Clock_Module__state__V)
                  20004ffc    00000008     gpio_tivaware.aem4f : GPIO.oem4f (.data)
                  20005004    00000008     rtsv7M4_T_le_v4SPD16_eabi.lib : _lock.obj (.data)
                  2000500c    00000008                                   : exit.obj (.data)
                  20005014    00000008     ti.uia.runtime.aem4f : QueueDescriptor.oem4f (.data)
                  2000501c    00000004     rtsv7M4_T_le_v4SPD16_eabi.lib : dtor_list.obj (.data)
                  20005020    00000004                                   : stkdepth_vars.obj (.data)
                  20005024    00000004     uart_tivaware.aem4f : UART.oem4f (.data)


LINKER GENERATED COPY TABLES

__TI_cinit_table @ 0000a750 records: 3, size/record: 8, table size: 24
	.data: load addr=0000a1c8, load size=00000568 bytes, run addr=20004528, run size=00000b00 bytes, compression=rle
	.bss: load addr=0000a740, load size=00000008 bytes, run addr=20000360, run size=000031c8 bytes, compression=zero_init
	.vecs: load addr=0000a748, load size=00000008 bytes, run addr=20000000, run size=00000360 bytes, compression=zero_init


LINKER GENERATED HANDLER TABLE

__TI_handler_table @ 0000a730 records: 3, size/record: 4, table size: 12
	index: 0, handler: __TI_zero_init
	index: 1, handler: __TI_decompress_rle24
	index: 2, handler: __TI_decompress_none


GLOBAL SYMBOLS: SORTED ALPHABETICALLY BY Name 

address    name
--------   ----
00005e05   C$$EXIT
00005623   C$$IO$$
000049f5   EK_LM4F120XL_initGPIO
000060a9   EK_LM4F120XL_initGeneral
000058e1   EK_LM4F120XL_initUART
000068b1   GPIODirModeSet
00002a19   GPIOPadConfigSet
00005bc9   GPIOPinConfigure
00006fd9   GPIOPinTypeGPIOInput
00006e07   GPIOPinTypeGPIOOutput
00006feb   GPIOPinTypeUART
0000733b   GPIOPinWrite
00009aec   GPIO_config
000069cd   GPIO_init
00003905   GPIO_write
00001035   HOSTclock
00000ffd   HOSTclose
00000fbf   HOSTgetenv
00000f63   HOSTlseek
00000f11   HOSTopen
00000ec5   HOSTread
00000e67   HOSTrename
00000e2d   HOSTtime
00000df5   HOSTunlink
00000da9   HOSTwrite
UNDEFED    SHT$$INIT_ARRAY$$Base
UNDEFED    SHT$$INIT_ARRAY$$Limit
000064d1   SysCtlPeripheralEnable
20004bdc   TSK_idle
000072bd   UARTCharGet
000071a9   UARTCharGetNonBlocking
000072c7   UARTCharPut
000071b7   UARTCharPutNonBlocking
00006025   UARTConfigSetExpClk
00006c59   UARTDisable
00006f25   UARTEnable
00007341   UARTFIFOLevelSet
00007389   UARTIntClear
000072d1   UARTIntDisable
00007303   UARTIntEnable
000072db   UARTIntStatus
00006505   UARTTiva_close
00009c54   UARTTiva_fxnTable
0000730b   UARTTiva_init
00001ef1   UARTTiva_open
000051e9   UARTTiva_read
000065a1   UARTTiva_readCancel
00005401   UARTTiva_readPolling
00005255   UARTTiva_write
000065d3   UARTTiva_writeCancel
000060e9   UARTTiva_writePolling
00006f39   UART_Params_init
00009b14   UART_config
00009de8   UART_defaultParams
000062d9   UART_init
00006e21   UART_open
000072e5   UART_write
00000000   __ASM__
200032e0   __CIOBUF_
00000073   __ISA__
00000086   __PLAT__
20004528   __STACK_END
00001000   __STACK_SIZE
20003628   __STACK_TOP
000000a7   __TARG__
0000a750   __TI_CINIT_Base
0000a768   __TI_CINIT_Limit
0000a730   __TI_Handler_Table_Base
0000a73c   __TI_Handler_Table_Limit
00000001   __TI_args_main
00004549   __TI_auto_init
2000500c   __TI_cleanup_ptr
000071c5   __TI_decompress_none
0000734d   __TI_decompress_rle24
20005010   __TI_dtors_ptr
00005627   __TI_readmsg
00000000   __TI_static_base__
000055f9   __TI_writemsg
00006ffd   __TI_zero_init
000000cd   __TRDR__
00003775   __aeabi_atexit
00004d05   __aeabi_memclr
00004d05   __aeabi_memclr4
00004d05   __aeabi_memclr8
000045e9   __aeabi_memcpy
000045e9   __aeabi_memcpy4
000045e9   __aeabi_memcpy8
00004d07   __aeabi_memset
00004d07   __aeabi_memset4
00004d07   __aeabi_memset8
ffffffff   __binit__
ffffffff   __c_args__
00003763   __cxa_atexit
0000371d   __cxa_finalize
0000375d   __cxa_ia64_exit
20003528   __stack
00007347   __xdc__init
20004a80   __xdc__init__addr
00006e51   _args_main
00005889   _c_int00
20005004   _lock
00006f5b   _nop
00006f53   _register_lock
00006f4d   _register_unlock
20005008   _unlock
00005e09   abort
00003767   atexit
ffffffff   binit
00005dc1   copy_in
00004c89   echoFxn
00005e11   exit
00006e39   free
00009b2c   gpioHWAttrs
00004849   main
20005020   main_func_sp
000066f5   malloc
000045e9   memcpy
00004d0d   memset
00007069   strcpy
00006f61   strlen
00009ef4   ti_catalog_arm_cortexm4_tiva_ce_Boot_A_mustUseEnhancedClockMode__C
00009ef8   ti_catalog_arm_cortexm4_tiva_ce_Boot_Module__diagsEnabled__C
00009efc   ti_catalog_arm_cortexm4_tiva_ce_Boot_Module__diagsIncluded__C
00009f00   ti_catalog_arm_cortexm4_tiva_ce_Boot_Module__diagsMask__C
000099b2   ti_catalog_arm_cortexm4_tiva_ce_Boot_Module__id__C
000071f1   ti_catalog_arm_cortexm4_tiva_ce_Boot_init__I
0000311d   ti_catalog_arm_cortexm4_tiva_ce_Boot_sysCtlClockSetI__I
00004721   ti_catalog_arm_cortexm4_tiva_ce_Boot_sysCtlClockSet__E
00007353   ti_catalog_arm_cortexm4_tiva_ce_Boot_sysCtlDelayI__I
00009f04   ti_sysbios_BIOS_Module__diagsEnabled__C
00009f08   ti_sysbios_BIOS_Module__diagsIncluded__C
00009f0c   ti_sysbios_BIOS_Module__diagsMask__C
00009e22   ti_sysbios_BIOS_Module__id__C
20004888   ti_sysbios_BIOS_Module__state__V
0000738d   ti_sysbios_BIOS_RtsGateProxy_enter__E
00007391   ti_sysbios_BIOS_RtsGateProxy_leave__E
000073a5   ti_sysbios_BIOS_RtsGateProxy_query__E
00005c11   ti_sysbios_BIOS_errorRaiseHook__I
00006605   ti_sysbios_BIOS_exitFunc__I
00007079   ti_sysbios_BIOS_getCpuFreq__E
00009f10   ti_sysbios_BIOS_installedErrorHook__C
0000471f   ti_sysbios_BIOS_nullFunc__I
000069f1   ti_sysbios_BIOS_registerRTSLock__I
00006c75   ti_sysbios_BIOS_rtsLock__I
00005399   ti_sysbios_BIOS_rtsUnlock__I
00007089   ti_sysbios_BIOS_setThreadType__E
00006a15   ti_sysbios_BIOS_startFunc__I
00007099   ti_sysbios_BIOS_start__E
20004f44   ti_sysbios_family_arm_lm4_Timer_Module_State_0_device__A
200048b0   ti_sysbios_family_arm_lm4_Timer_Module_State_0_handles__A
200048a8   ti_sysbios_family_arm_lm4_Timer_Module__root__V
00006e69   ti_sysbios_family_arm_lm4_Timer_Module__startupDone__F
00006e69   ti_sysbios_family_arm_lm4_Timer_Module__startupDone__S
200048c8   ti_sysbios_family_arm_lm4_Timer_Module__state__V
00005775   ti_sysbios_family_arm_lm4_Timer_Module_startup__E
00005775   ti_sysbios_family_arm_lm4_Timer_Module_startup__F
20004dc4   ti_sysbios_family_arm_lm4_Timer_Object__table__V
00009f14   ti_sysbios_family_arm_lm4_Timer_enableFunc__C
00004401   ti_sysbios_family_arm_lm4_Timer_enableTimers__I
0000415d   ti_sysbios_family_arm_lm4_Timer_enableTiva__I
00007395   ti_sysbios_family_arm_lm4_Timer_getPeriod__E
00004df5   ti_sysbios_family_arm_lm4_Timer_isrStub__E
000071fd   ti_sysbios_family_arm_lm4_Timer_masterDisable__I
00007399   ti_sysbios_family_arm_lm4_Timer_masterEnable__I
00009f18   ti_sysbios_family_arm_lm4_Timer_numTimerDevices__C
000014f9   ti_sysbios_family_arm_lm4_Timer_start__E
00009f1c   ti_sysbios_family_arm_lm4_Timer_startupNeeded__C
00006129   ti_sysbios_family_arm_lm4_Timer_startup__E
00005e49   ti_sysbios_family_arm_lm4_Timer_stop__E
200048d4   ti_sysbios_family_arm_lm4_TimestampProvider_Module__state__V
00007359   ti_sysbios_family_arm_lm4_TimestampProvider_Module_startup__E
00007359   ti_sysbios_family_arm_lm4_TimestampProvider_Module_startup__F
00003c79   ti_sysbios_family_arm_lm4_TimestampProvider_get32__E
00002c79   ti_sysbios_family_arm_lm4_TimestampProvider_get64__E
00007079   ti_sysbios_family_arm_lm4_TimestampProvider_getFreq__E
000070a9   ti_sysbios_family_arm_lm4_TimestampProvider_rolloverFunc__E
00007209   ti_sysbios_family_arm_lm4_TimestampProvider_startTimer__E
00009eaa   ti_sysbios_family_arm_lm4_TimestampProvider_useClockTimer__C
00009f20   ti_sysbios_family_arm_m3_Hwi_E_NMI__C
00009f24   ti_sysbios_family_arm_m3_Hwi_E_alreadyDefined__C
00009f28   ti_sysbios_family_arm_m3_Hwi_E_busFault__C
00009f2c   ti_sysbios_family_arm_m3_Hwi_E_debugMon__C
00009f30   ti_sysbios_family_arm_m3_Hwi_E_hardFault__C
00009f34   ti_sysbios_family_arm_m3_Hwi_E_memFault__C
00009f38   ti_sysbios_family_arm_m3_Hwi_E_noIsr__C
00009f3c   ti_sysbios_family_arm_m3_Hwi_E_reserved__C
00009f40   ti_sysbios_family_arm_m3_Hwi_E_svCall__C
00009f44   ti_sysbios_family_arm_m3_Hwi_E_usageFault__C
00006d1d   ti_sysbios_family_arm_m3_Hwi_Handle__label__S
00006a39   ti_sysbios_family_arm_m3_Hwi_Instance_finalize__F
000048d9   ti_sysbios_family_arm_m3_Hwi_Instance_init__F
00009f48   ti_sysbios_family_arm_m3_Hwi_LD_end__C
00009f4c   ti_sysbios_family_arm_m3_Hwi_LM_begin__C
20004528   ti_sysbios_family_arm_m3_Hwi_Module_State_0_dispatchTable__A
200048e4   ti_sysbios_family_arm_m3_Hwi_Module_State_0_excActive__A
200048e8   ti_sysbios_family_arm_m3_Hwi_Module_State_0_excContext__A
[...]
00007341   UARTFIFOLevelSet
00007347   __xdc__init
0000734d   __TI_decompress_rle24
00007353   ti_catalog_arm_cortexm4_tiva_ce_Boot_sysCtlDelayI__I
00007359   ti_sysbios_family_arm_lm4_TimestampProvider_Module_startup__E
00007359   ti_sysbios_family_arm_lm4_TimestampProvider_Module_startup__F
0000735f   ti_sysbios_family_arm_m3_Hwi_restoreFxn__E
0000735f   ti_sysbios_hal_Hwi_HwiProxy_restore__E
0000735f   ti_sysbios_hal_Hwi_restore__E
00007365   ti_sysbios_gates_GateHwi_leave__E
0000736b   ti_sysbios_heaps_HeapMem_isBlocking__E
00007371   ti_sysbios_knl_Queue_Instance_init__F
00007377   ti_uia_runtime_LoggerStopMode_getPriority__E
0000737d   ti_uia_runtime_LoggerStopMode_getTransferType__E
0000737d   ti_uia_runtime_LoggerStopMode_getTransferType__F
00007383   xdc_runtime_System_Module_startup__E
00007383   xdc_runtime_System_Module_startup__F
00007389   UARTIntClear
0000738d   ti_sysbios_BIOS_RtsGateProxy_enter__E
00007391   ti_sysbios_BIOS_RtsGateProxy_leave__E
00007395   ti_sysbios_family_arm_lm4_Timer_getPeriod__E
00007399   ti_sysbios_family_arm_lm4_Timer_masterEnable__I
0000739d   ti_sysbios_family_arm_m3_TaskSupport_Module__startupDone__S
000073a1   ti_sysbios_gates_GateHwi_query__E
000073a1   ti_sysbios_gates_GateHwi_query__F
000073a1   xdc_runtime_Main_Module_GateProxy_query__E
000073a1   xdc_runtime_System_Module_GateProxy_query__E
000073a5   ti_sysbios_BIOS_RtsGateProxy_query__E
000073a5   ti_sysbios_gates_GateMutex_query__E
000073a5   ti_sysbios_gates_GateMutex_query__F
000073a5   ti_sysbios_heaps_HeapMem_Module_GateProxy_query__E
000073a9   ti_sysbios_hal_Hwi_HwiProxy_Module__startupDone__S
000073ad   ti_sysbios_hal_Timer_TimerProxy_Module__startupDone__S
000073b1   ti_sysbios_hal_Timer_TimerProxy_getPeriod__E
000073b5   ti_sysbios_heaps_HeapMem_Module_GateProxy_enter__E
000073b9   ti_sysbios_heaps_HeapMem_Module_GateProxy_leave__E
000073bd   ti_sysbios_knl_Task_SupportProxy_Module__startupDone__S
000073c1   ti_sysbios_knl_Task_startup__E
000073c5   ti_uia_runtime_LogSync_CpuTimestampProxy_Module__startupDone__S
000073c9   ti_uia_runtime_LogSync_GlobalTimestampProxy_Module__startupDone__S
000073cd   ti_uia_runtime_LoggerStopMode_getInstanceId__E
000073d1   ti_uia_runtime_LoggerStopMode_getMaxLength__E
000073d5   ti_uia_runtime_LoggerStopMode_setPriority__E
000073d9   xdc_runtime_Error_getSite__E
000073d9   xdc_runtime_Error_getSite__F
000073dd   xdc_runtime_Memory_HeapProxy_alloc__E
000073e1   xdc_runtime_Memory_HeapProxy_free__E
000073e5   xdc_runtime_System_Module_GateProxy_enter__E
000073e9   xdc_runtime_System_Module_GateProxy_leave__E
000073ed   xdc_runtime_System_aprintf_va__F
000073f1   xdc_runtime_System_printf_va__F
000073f5   xdc_runtime_System_vsnprintf__E
000073f9   xdc_runtime_TimestampNull_Module__startupDone__S
000073fd   xdc_runtime_Timestamp_Module__startupDone__S
00007400   xdc_runtime_Text_charTab__A
0000979e   xdc_runtime_Text_nodeTab__A
000098da   ti_sysbios_family_arm_m3_Hwi_priorities__A
000099b2   ti_catalog_arm_cortexm4_tiva_ce_Boot_Module__id__C
00009a44   ti_uia_runtime_LoggerStopMode_Module__FXNS__C
00009aec   GPIO_config
00009b04   uartTivaHWAttrs
00009b14   UART_config
00009b2c   gpioHWAttrs
00009b68   xdc_runtime_Startup_sfxnTab__A
00009b9c   ti_sysbios_family_arm_m3_Hwi_Object__PARAMS__C
00009bcc   ti_sysbios_knl_Task_hooks__A
00009bfc   ti_uia_runtime_LoggerStopMode_Object__PARAMS__C
00009c2c   ti_sysbios_heaps_HeapMem_Module__FXNS__C
00009c54   UARTTiva_fxnTable
00009c78   ti_sysbios_gates_GateHwi_Module__FXNS__C
00009c9c   ti_sysbios_gates_GateMutex_Module__FXNS__C
00009cc0   ti_sysbios_heaps_HeapMem_Object__PARAMS__C
00009ce4   ti_sysbios_knl_Semaphore_Object__PARAMS__C
00009d08   ti_sysbios_family_arm_m3_Hwi_Object__DESC__C
00009d28   ti_sysbios_gates_GateHwi_Object__DESC__C
00009d48   ti_sysbios_gates_GateMutex_Object__DESC__C
00009d68   ti_sysbios_heaps_HeapMem_Object__DESC__C
00009d88   ti_sysbios_knl_Queue_Object__DESC__C
00009da8   ti_sysbios_knl_Semaphore_Object__DESC__C
00009dc8   ti_uia_runtime_LoggerStopMode_Object__DESC__C
00009de8   UART_defaultParams
00009e08   xdc_runtime_Startup_sfxnRts__A
00009e22   ti_sysbios_BIOS_Module__id__C
00009e24   ti_sysbios_gates_GateHwi_Object__PARAMS__C
00009e3c   ti_sysbios_gates_GateMutex_Object__PARAMS__C
00009e54   ti_sysbios_knl_Queue_Object__PARAMS__C
00009e83   xdc_runtime_Error_policy__C
00009e84   xdc_runtime_Startup_firstFxns__A
00009eaa   ti_sysbios_family_arm_lm4_TimestampProvider_useClockTimer__C
00009eac   ti_sysbios_family_arm_m3_Hwi_excHookFuncs__A
00009eb4   ti_sysbios_knl_Idle_coreList__A
00009ebc   ti_sysbios_knl_Idle_coreList__C
00009ec4   ti_sysbios_knl_Idle_funcList__A
00009ecc   ti_sysbios_knl_Idle_funcList__C
00009ed4   ti_sysbios_knl_Task_hooks__C
00009edc   xdc_runtime_Startup_firstFxns__C
00009ee4   xdc_runtime_Startup_lastFxns__A
00009eec   xdc_runtime_Startup_lastFxns__C
00009ef4   ti_catalog_arm_cortexm4_tiva_ce_Boot_A_mustUseEnhancedClockMode__C
00009ef8   ti_catalog_arm_cortexm4_tiva_ce_Boot_Module__diagsEnabled__C
00009efc   ti_catalog_arm_cortexm4_tiva_ce_Boot_Module__diagsIncluded__C
00009f00   ti_catalog_arm_cortexm4_tiva_ce_Boot_Module__diagsMask__C
00009f04   ti_sysbios_BIOS_Module__diagsEnabled__C
00009f08   ti_sysbios_BIOS_Module__diagsIncluded__C
00009f0c   ti_sysbios_BIOS_Module__diagsMask__C
00009f10   ti_sysbios_BIOS_installedErrorHook__C
00009f14   ti_sysbios_family_arm_lm4_Timer_enableFunc__C
00009f18   ti_sysbios_family_arm_lm4_Timer_numTimerDevices__C
00009f1c   ti_sysbios_family_arm_lm4_Timer_startupNeeded__C
00009f20   ti_sysbios_family_arm_m3_Hwi_E_NMI__C
00009f24   ti_sysbios_family_arm_m3_Hwi_E_alreadyDefined__C
00009f28   ti_sysbios_family_arm_m3_Hwi_E_busFault__C
00009f2c   ti_sysbios_family_arm_m3_Hwi_E_debugMon__C
00009f30   ti_sysbios_family_arm_m3_Hwi_E_hardFault__C
00009f34   ti_sysbios_family_arm_m3_Hwi_E_memFault__C
00009f38   ti_sysbios_family_arm_m3_Hwi_E_noIsr__C
00009f3c   ti_sysbios_family_arm_m3_Hwi_E_reserved__C
00009f40   ti_sysbios_family_arm_m3_Hwi_E_svCall__C
00009f44   ti_sysbios_family_arm_m3_Hwi_E_usageFault__C
00009f48   ti_sysbios_family_arm_m3_Hwi_LD_end__C
00009f4c   ti_sysbios_family_arm_m3_Hwi_LM_begin__C
00009f50   ti_sysbios_family_arm_m3_Hwi_Module__diagsEnabled__C
00009f54   ti_sysbios_family_arm_m3_Hwi_Module__diagsIncluded__C
00009f58   ti_sysbios_family_arm_m3_Hwi_Module__diagsMask__C
00009f5c   ti_sysbios_family_arm_m3_Hwi_Module__loggerFxn1__C
00009f60   ti_sysbios_family_arm_m3_Hwi_Module__loggerFxn8__C
00009f64   ti_sysbios_family_arm_m3_Hwi_Module__loggerObj__C
00009f68   ti_sysbios_family_arm_m3_Hwi_NUM_INTERRUPTS__C
00009f6c   ti_sysbios_family_arm_m3_Hwi_ccr__C
00009f70   ti_sysbios_family_arm_m3_Hwi_dispatchTable__C
00009f74   ti_sysbios_family_arm_m3_Hwi_excHandlerFunc__C
00009f78   ti_sysbios_family_arm_m3_Hwi_excHookFuncs__C
00009f7c   ti_sysbios_family_arm_m3_Hwi_priGroup__C
00009f80   ti_sysbios_family_arm_m3_Hwi_priorities__C
00009f84   ti_sysbios_gates_GateMutex_A_badContext__C
00009f88   ti_sysbios_gates_GateMutex_Instance_State_sem__O
00009f8c   ti_sysbios_gates_GateMutex_Module__diagsEnabled__C
00009f90   ti_sysbios_gates_GateMutex_Module__diagsIncluded__C
00009f94   ti_sysbios_gates_GateMutex_Module__diagsMask__C
00009f98   ti_sysbios_hal_Hwi_E_stackOverflow__C
00009f9c   ti_sysbios_heaps_HeapMem_A_align__C
00009fa0   ti_sysbios_heaps_HeapMem_A_heapSize__C
00009fa4   ti_sysbios_heaps_HeapMem_A_invalidFree__C
00009fa8   ti_sysbios_heaps_HeapMem_A_zeroBlock__C
00009fac   ti_sysbios_heaps_HeapMem_E_memory__C
00009fb0   ti_sysbios_heaps_HeapMem_Module__diagsEnabled__C
00009fb4   ti_sysbios_heaps_HeapMem_Module__diagsIncluded__C
00009fb8   ti_sysbios_heaps_HeapMem_Module__diagsMask__C
00009fbc   ti_sysbios_heaps_HeapMem_Module__gateObj__C
00009fc0   ti_sysbios_heaps_HeapMem_Object__count__C
00009fc4   ti_sysbios_heaps_HeapMem_reqAlign__C
00009fc8   ti_sysbios_io_DEV_Object__count__C
00009fcc   ti_sysbios_io_DEV_tableSize__C
00009fd0   ti_sysbios_knl_Clock_LM_begin__C
00009fd4   ti_sysbios_knl_Clock_LM_tick__C
00009fd8   ti_sysbios_knl_Clock_LW_delayed__C
00009fdc   ti_sysbios_knl_Clock_Module_State_clockQ__O
00009fe0   ti_sysbios_knl_Clock_Module__diagsEnabled__C
00009fe4   ti_sysbios_knl_Clock_Module__diagsIncluded__C
00009fe8   ti_sysbios_knl_Clock_Module__diagsMask__C
00009fec   ti_sysbios_knl_Clock_Module__loggerFxn1__C
00009ff0   ti_sysbios_knl_Clock_Module__loggerFxn2__C
00009ff4   ti_sysbios_knl_Clock_Module__loggerObj__C
00009ff8   ti_sysbios_knl_Semaphore_A_badContext__C
00009ffc   ti_sysbios_knl_Semaphore_A_noEvents__C
0000a000   ti_sysbios_knl_Semaphore_A_overflow__C
0000a004   ti_sysbios_knl_Semaphore_A_pendTaskDisabled__C
0000a008   ti_sysbios_knl_Semaphore_Instance_State_pendQ__O
0000a00c   ti_sysbios_knl_Semaphore_LM_pend__C
0000a010   ti_sysbios_knl_Semaphore_LM_post__C
0000a014   ti_sysbios_knl_Semaphore_Module__diagsEnabled__C
0000a018   ti_sysbios_knl_Semaphore_Module__diagsIncluded__C
0000a01c   ti_sysbios_knl_Semaphore_Module__diagsMask__C
0000a020   ti_sysbios_knl_Semaphore_Module__loggerFxn2__C
0000a024   ti_sysbios_knl_Semaphore_Module__loggerFxn4__C
0000a028   ti_sysbios_knl_Semaphore_Module__loggerObj__C
0000a02c   ti_sysbios_knl_Swi_LD_end__C
0000a030   ti_sysbios_knl_Swi_LM_begin__C
0000a034   ti_sysbios_knl_Swi_LM_post__C
0000a038   ti_sysbios_knl_Swi_Module__diagsEnabled__C
0000a03c   ti_sysbios_knl_Swi_Module__diagsIncluded__C
0000a040   ti_sysbios_knl_Swi_Module__diagsMask__C
0000a044   ti_sysbios_knl_Swi_Module__loggerFxn1__C
0000a048   ti_sysbios_knl_Swi_Module__loggerFxn4__C
0000a04c   ti_sysbios_knl_Swi_Module__loggerObj__C
0000a050   ti_sysbios_knl_Swi_Object__count__C
0000a054   ti_sysbios_knl_Task_E_spOutOfBounds__C
0000a058   ti_sysbios_knl_Task_E_stackOverflow__C
0000a05c   ti_sysbios_knl_Task_LD_block__C
0000a060   ti_sysbios_knl_Task_LD_exit__C
0000a064   ti_sysbios_knl_Task_LD_ready__C
0000a068   ti_sysbios_knl_Task_LM_switch__C
0000a06c   ti_sysbios_knl_Task_Module_State_inactiveQ__O
0000a070   ti_sysbios_knl_Task_Module__diagsEnabled__C
0000a074   ti_sysbios_knl_Task_Module__diagsIncluded__C
0000a078   ti_sysbios_knl_Task_Module__diagsMask__C
0000a07c   ti_sysbios_knl_Task_Module__loggerFxn2__C
0000a080   ti_sysbios_knl_Task_Module__loggerFxn4__C
0000a084   ti_sysbios_knl_Task_Module__loggerObj__C
0000a088   ti_sysbios_knl_Task_Object__count__C
0000a08c   ti_sysbios_knl_Task_Object__heap__C
0000a090   ti_sysbios_knl_Task_allBlockedFunc__C
0000a094   ti_sysbios_knl_Task_numConstructedTasks__C
0000a098   ti_sysbios_utils_Load_LS_cpuLoad__C
0000a09c   ti_sysbios_utils_Load_LS_hwiLoad__C
0000a0a0   ti_sysbios_utils_Load_LS_taskLoad__C
0000a0a4   ti_sysbios_utils_Load_Module_State_taskList__O
0000a0a8   ti_sysbios_utils_Load_Module__diagsEnabled__C
0000a0ac   ti_sysbios_utils_Load_Module__diagsIncluded__C
0000a0b0   ti_sysbios_utils_Load_Module__diagsMask__C
0000a0b4   ti_sysbios_utils_Load_Module__loggerFxn1__C
0000a0b8   ti_sysbios_utils_Load_Module__loggerFxn2__C
0000a0bc   ti_sysbios_utils_Load_Module__loggerFxn4__C
0000a0c0   ti_sysbios_utils_Load_Module__loggerObj__C
0000a0c4   ti_sysbios_utils_Load_postUpdate__C
0000a0c8   ti_sysbios_utils_Load_windowInMs__C
0000a0cc   ti_uia_runtime_ILoggerSnapshot_Interface__BASE__C
0000a0d0   ti_uia_runtime_IUIATransfer_Interface__BASE__C
0000a0d4   ti_uia_runtime_LoggerStopMode_E_badLevel__C
0000a0d8   ti_uia_runtime_LoggerStopMode_Object__count__C
0000a0dc   ti_uia_runtime_LoggerStopMode_overflowLogger__C
0000a0e0   ti_uia_runtime_LoggerStopMode_statusLogger__C
0000a0e4   xdc_runtime_Assert_E_assertFailed__C
0000a0e8   xdc_runtime_Core_A_initializedParams__C
0000a0ec   xdc_runtime_Core_Module__diagsEnabled__C
0000a0f0   xdc_runtime_Core_Module__diagsIncluded__C
0000a0f4   xdc_runtime_Core_Module__diagsMask__C
0000a0f8   xdc_runtime_Error_E_generic__C
0000a0fc   xdc_runtime_Error_E_memory__C
0000a100   xdc_runtime_Error_Module__diagsEnabled__C
0000a104   xdc_runtime_Error_Module__diagsIncluded__C
0000a108   xdc_runtime_Error_Module__diagsMask__C
0000a10c   xdc_runtime_Error_Module__loggerFxn8__C
0000a110   xdc_runtime_Error_Module__loggerObj__C
0000a114   xdc_runtime_Error_raiseHook__C
0000a118   xdc_runtime_IFilterLogger_Interface__BASE__C
0000a11c   xdc_runtime_IGateProvider_Interface__BASE__C
0000a120   xdc_runtime_IHeap_Interface__BASE__C
0000a124   xdc_runtime_ILogger_Interface__BASE__C
0000a128   xdc_runtime_IModule_Interface__BASE__C
0000a12c   xdc_runtime_Log_L_error__C
0000a130   xdc_runtime_Main_Module__diagsEnabled__C
0000a134   xdc_runtime_Main_Module__diagsIncluded__C
0000a138   xdc_runtime_Main_Module__diagsMask__C
0000a13c   xdc_runtime_Main_Module__loggerFxn4__C
0000a140   xdc_runtime_Main_Module__loggerObj__C
0000a144   xdc_runtime_Memory_defaultHeapInstance__C
0000a148   xdc_runtime_Startup_execImpl__C
0000a14c   xdc_runtime_Startup_maxPasses__C
0000a150   xdc_runtime_Startup_sfxnRts__C
0000a154   xdc_runtime_Startup_sfxnTab__C
0000a158   xdc_runtime_SysMin_bufSize__C
0000a15c   xdc_runtime_SysMin_outputFunc__C
0000a160   xdc_runtime_System_Module__gateObj__C
0000a164   xdc_runtime_System_extendFxn__C
0000a168   xdc_runtime_System_maxAtexitHandlers__C
0000a16c   xdc_runtime_Text_charTab__C
0000a170   xdc_runtime_Text_nameEmpty__C
0000a174   xdc_runtime_Text_nameStatic__C
0000a178   xdc_runtime_Text_nameUnknown__C
0000a17c   xdc_runtime_Text_nodeTab__C
0000a180   xdc_runtime_Text_visitRopeFxn__C
0000a184   ti_sysbios_family_arm_m3_Hwi_Module__id__C
0000a186   ti_sysbios_family_arm_m3_Hwi_Module__loggerDefined__C
0000a188   ti_sysbios_gates_GateMutex_Module__id__C
0000a18a   ti_sysbios_hal_Hwi_Module__id__C
0000a18c   ti_sysbios_heaps_HeapMem_Module__id__C
0000a18e   ti_sysbios_io_DEV_Module__id__C
0000a190   ti_sysbios_knl_Clock_Module__id__C
0000a192   ti_sysbios_knl_Clock_Module__loggerDefined__C
0000a194   ti_sysbios_knl_Semaphore_Module__id__C
0000a196   ti_sysbios_knl_Semaphore_Module__loggerDefined__C
0000a198   ti_sysbios_knl_Swi_Module__id__C
0000a19a   ti_sysbios_knl_Swi_Module__loggerDefined__C
0000a19c   ti_sysbios_knl_Task_Module__id__C
0000a19e   ti_sysbios_knl_Task_Module__loggerDefined__C
0000a1a0   ti_sysbios_knl_Task_initStackFlag__C
0000a1a2   ti_sysbios_utils_Load_Module__id__C
0000a1a4   ti_sysbios_utils_Load_Module__loggerDefined__C
0000a1a6   ti_sysbios_utils_Load_autoAddTasks__C
0000a1a8   ti_sysbios_utils_Load_hwiEnabled__C
0000a1aa   ti_sysbios_utils_Load_updateInIdle__C
0000a1ac   ti_uia_runtime_LoggerStopMode_Module__id__C
0000a1ae   ti_uia_runtime_LoggerStopMode_filterByLevel__C
0000a1b0   ti_uia_runtime_LoggerStopMode_isTimestampEnabled__C
0000a1b2   xdc_runtime_Core_Module__id__C
0000a1b4   xdc_runtime_Error_Module__loggerDefined__C
0000a1b6   xdc_runtime_Error_maxDepth__C
0000a1b8   xdc_runtime_Main_Module__id__C
0000a1ba   xdc_runtime_Main_Module__loggerDefined__C
0000a1bc   xdc_runtime_Memory_Module__id__C
0000a1be   xdc_runtime_SysMin_flushAtExit__C
0000a1c0   xdc_runtime_Text_charCnt__C
0000a1c2   xdc_runtime_Text_isLoaded__C
0000a1c4   xdc_runtime_Text_registryModsLastId__C
0000a1c6   xdc_runtime_Text_unnamedModsLastId__C
0000a730   __TI_Handler_Table_Base
0000a73c   __TI_Handler_Table_Limit
0000a750   __TI_CINIT_Base
0000a768   __TI_CINIT_Limit
20000000   ti_sysbios_family_arm_m3_Hwi_ramVectors
20000360   ti_sysbios_knl_Task_Instance_State_0_stack__A
20000b60   ti_sysbios_knl_Task_Instance_State_1_stack__A
20001360   ti_sysbios_heaps_HeapMem_Instance_State_0_buf__A
20002360   ti_uia_runtime_LoggerStopMode_Instance_State_1_bufferArray__A
200027e0   ti_uia_runtime_LoggerStopMode_Instance_State_2_bufferArray__A
20002c60   xdc_runtime_SysMin_Module_State_0_outbuf__A
20003060   ti_uia_runtime_LoggerStopMode_Instance_State_0_bufferArray__A
200032e0   __CIOBUF_
20003400   uartTivaObjects
20003518   ti_sysbios_knl_Task_Instance_State_0_hookEnv__A
20003520   ti_sysbios_knl_Task_Instance_State_1_hookEnv__A
20003528   __stack
20003628   __STACK_TOP
20004528   __STACK_END
20004528   ti_sysbios_family_arm_m3_Hwi_Module_State_0_dispatchTable__A
20004888   ti_sysbios_BIOS_Module__state__V
200048a8   ti_sysbios_family_arm_lm4_Timer_Module__root__V
200048b0   ti_sysbios_family_arm_lm4_Timer_Module_State_0_handles__A
200048c8   ti_sysbios_family_arm_lm4_Timer_Module__state__V
200048d4   ti_sysbios_family_arm_lm4_TimestampProvider_Module__state__V
200048dc   ti_sysbios_family_arm_m3_Hwi_Module__root__V
200048e4   ti_sysbios_family_arm_m3_Hwi_Module_State_0_excActive__A
200048e8   ti_sysbios_family_arm_m3_Hwi_Module_State_0_excContext__A
200048ec   ti_sysbios_family_arm_m3_Hwi_Module_State_0_excStack__A
200048f0   ti_sysbios_gates_GateHwi_Module__root__V
200048f8   ti_sysbios_gates_GateHwi_Object__table__V
200048fc   ti_sysbios_gates_GateMutex_Module__root__V
20004904   ti_sysbios_hal_Hwi_Module__root__V
2000490c   ti_sysbios_hal_Timer_Module__root__V
20004914   ti_sysbios_hal_Timer_Object__table__V
2000491c   ti_sysbios_heaps_HeapMem_Module__root__V
20004924   ti_sysbios_heaps_HeapMem_Object__table__V
2000493c   ti_sysbios_io_DEV_Module__root__V
20004944   ti_sysbios_io_DEV_Module_State_0_table__A
20004964   ti_sysbios_io_DEV_Module__state__V
20004968   ti_sysbios_io_GIO_Module__root__V
20004970   ti_sysbios_knl_Clock_Module__root__V
20004978   ti_sysbios_knl_Event_Module__root__V
20004984   ti_sysbios_knl_Queue_Module__root__V
2000498c   ti_sysbios_knl_Semaphore_Module__root__V
20004998   ti_sysbios_knl_Swi_Module__root__V
200049a0   ti_sysbios_knl_Swi_Module__state__V
200049bc   ti_sysbios_knl_Task_Module__root__V
200049c8   ti_sysbios_knl_Task_Module_State_0_idleTask__A
200049cc   ti_sysbios_utils_Load_Module__root__V
200049d0   ti_sysbios_utils_Load_Module_State_0_taskStartTime__A
200049d4   ti_sysbios_utils_Load_Module_State_0_runningTask__A
200049d8   ti_sysbios_xdcruntime_SemThreadSupport_Module__root__V
200049e0   ti_uia_runtime_LogSync_Module__root__V
200049e8   ti_uia_runtime_LogSync_Module__state__V
200049f4   ti_uia_runtime_LoggerStopMode_Module__root__V
200049fc   ti_uia_runtime_LoggerStopMode_Module__state__V
20004a04   ti_uia_runtime_QueueDescriptor_Module__state__V
20004a10   xdc_runtime_Error_Module__state__V
20004a12   xdc_runtime_Main_Module__root__V
20004a14   xdc_runtime_Memory_Module__state__V
20004a18   xdc_runtime_Registry_Module__state__V
20004a20   xdc_runtime_Startup_Module__state__V
20004a28   xdc_runtime_SysMin_Module__state__V
20004a34   xdc_runtime_System_Module_State_0_atexitHandlers__A
20004a54   xdc_runtime_System_Module__state__V
20004a60   xdc_runtime_Text_Module__state__V
20004a68   xdc_runtime_knl_SemThread_Module__root__V
20004a70   xdc_runtime_knl_SyncNull_Module__root__V
20004a78   xdc_runtime_knl_SyncSemThread_Module__root__V
20004a80   __xdc__init__addr
20004a84   ti_uia_runtime_LoggerStopMode_Object__table__V
20004b8c   ti_sysbios_knl_Task_Object__table__V
20004bdc   TSK_idle
20004c2c   ti_sysbios_utils_Load_Module__state__V
20004cc4   ti_sysbios_knl_Swi_Module_State_0_readyQ__A
20004d44   ti_sysbios_knl_Task_Module_State_0_readyQ__A
20004dc4   ti_sysbios_family_arm_lm4_Timer_Object__table__V
20004e34   ti_sysbios_family_arm_m3_Hwi_Module__state__V
20004e90   ti_sysbios_knl_Task_Module__state__V
20004ed4   ti_sysbios_gates_GateMutex_Object__table__V
20004f0c   ti_sysbios_utils_Load_Module_State_0_taskEnv__A
20004f44   ti_sysbios_family_arm_lm4_Timer_Module_State_0_device__A
20004f74   ti_sysbios_family_arm_m3_Hwi_Object__table__V
20004fa4   ti_sysbios_knl_Swi_Object__table__V
20004fd4   ti_sysbios_knl_Clock_Module__state__V
20005004   _lock
20005008   _unlock
2000500c   __TI_cleanup_ptr
20005010   __TI_dtors_ptr
20005014   ti_uia_runtime_QueueDescriptor_gPtrToFirstDescriptor
20005018   ti_uia_runtime_QueueDescriptor_gUpdateCount
20005020   main_func_sp
e000e000   ti_sysbios_family_arm_m3_Hwi_nvic
ffffffff   __binit__
ffffffff   __c_args__
ffffffff   binit
UNDEFED    SHT$$INIT_ARRAY$$Base
UNDEFED    SHT$$INIT_ARRAY$$Limit

[801 symbols]
