******************************************************************************
                  TI ARM Linker PC v5.1.1                      
******************************************************************************
>> Linked Fri Feb 14 10:49:04 2014

OUTPUT FILE NAME:   <rover.out>
ENTRY POINT SYMBOL: "_c_int00"  address: 00005a81


MEMORY CONFIGURATION

         name            origin    length      used     unused   attr    fill
----------------------  --------  ---------  --------  --------  ----  --------
  FLASH                 00000000   00040000  0000a9d6  0003562a  R  X
  SRAM                  20000000   00008000  00005358  00002ca8  RW X


SEGMENT ALLOCATION MAP

run origin  load origin   length   init length attrs members
----------  ----------- ---------- ----------- ----- -------
00000000    00000000    0000a9d8   0000a9d8    r-x
  00000000    00000000    00000360   00000360    r-- .resetVecs
  00000360    00000360    00007290   00007290    r-x .text
  000075f0    000075f0    00002e46   00002e46    r-- .const
  0000a438    0000a438    000005a0   000005a0    r-- .cinit
20000000    20000000    00005358   00000000    rw-
  20000000    20000000    00000360   00000000    rw- .vecs
  20000360    20000360    000034f8   00000000    rw- .bss
  20003858    20003858    00001000   00000000    rw- .stack
  20004858    20004858    00000b00   00000000    rw- .data


SECTION ALLOCATION MAP

 output                                  attributes/
section   page    origin      length       input sections
--------  ----  ----------  ----------   ----------------
.bootVecs 
*          0    00000000    00000008     DSECT
                  00000000    00000008     boot.aem4f : boot.oem4f (.bootVecs)

.resetVecs 
*          0    00000000    00000360     
                  00000000    00000360     main_pem4f.oem4f (.resetVecs)

xdc.meta   0    00000000    000000f5     COPY SECTION
                  00000000    000000f5     main_pem4f.oem4f (xdc.meta)

.text      0    00000360    00007290     
                  00000360    00000424     sysbios.aem4f : BIOS.obj (.text:ti_sysbios_family_arm_m3_Hwi_excDumpRegs__I)
                  00000784    00000344     ti.targets.arm.rtsarm.aem4f : System.oem4f (.text:xdc_runtime_System_doPrint__I)
                  00000ac8    000002e0     sysbios.aem4f : BIOS.obj (.text:ti_sysbios_knl_Semaphore_pend__E)
                  00000da8    000002d4     rtsv7M4_T_le_v4SPD16_eabi.lib : trgdrv.obj (.text)
                  0000107c    00000248     sysbios.aem4f : BIOS.obj (.text:ti_sysbios_heaps_HeapMem_free__E)
                  000012c4    00000234                   : BIOS.obj (.text:ti_sysbios_heaps_HeapMem_alloc__E)
                  000014f8    00000230                   : BIOS.obj (.text:ti_sysbios_family_arm_lm4_Timer_start__E)
                  00001728    00000210                   : BIOS.obj (.text:ti_sysbios_family_arm_m3_Hwi_excHandlerMax__I)
                  00001938    000001a0     ti.uia.runtime.aem4f : LoggerStopMode.oem4f (.text:ti_uia_runtime_LoggerStopMode_write8__E)
                  00001ad8    00000194     main.obj (.text:main)
                  00001c6c    00000168     sysbios.aem4f : BIOS.obj (.text:ti_sysbios_family_arm_m3_Hwi_excBusFault__I)
                  00001dd4    0000015c     ti.uia.runtime.aem4f : LoggerStopMode.oem4f (.text:ti_uia_runtime_LoggerStopMode_writeMemoryRange__E)
                  00001f30    00000154     sysbios.aem4f : BIOS.obj (.text:ti_sysbios_family_arm_m3_Hwi_excUsageFault__I)
                  00002084    00000148     uart_tivaware.aem4f : UARTTiva.oem4f (.text:UARTTiva_open)
                  000021cc    00000144     sysbios.aem4f : BIOS.obj (.text:ti_sysbios_knl_Semaphore_post__E)
                  00002310    00000140                   : BIOS.obj (.text:ti_sysbios_family_arm_m3_Hwi_dispatchC__I)
                  00002450    00000140                   : BIOS.obj (.text:ti_sysbios_family_arm_m3_Hwi_excMemFault__I)
                  00002590    0000013c     ti.uia.runtime.aem4f : LoggerStopMode.oem4f (.text:ti_uia_runtime_LoggerStopMode_write4__E)
                  000026cc    0000013c     ti.targets.arm.rtsarm.aem4f : Error.oem4f (.text:xdc_runtime_Error_raiseX__F)
                  00002808    00000138     sysbios.aem4f : BIOS.obj (.text:ti_sysbios_heaps_HeapMem_Instance_init__F)
                  00002940    00000138                   : BIOS.obj (.text:ti_sysbios_utils_Load_logLoads__I)
                  00002a78    00000134                   : m3_Hwi_asm.obj (.text:ti_sysbios_family_arm_m3_Hwi_dispatch__I)
                  00002bac    00000130     driverlib.lib : gpio.obj (.text:GPIOPadConfigSet)
                  00002cdc    00000130     sysbios.aem4f : BIOS.obj (.text:ti_sysbios_utils_Load_updateThreadContexts__E)
                  00002e0c    0000012c                   : BIOS.obj (.text:ti_sysbios_family_arm_lm4_TimestampProvider_get64__E)
                  00002f38    0000012c                   : BIOS.obj (.text:ti_sysbios_knl_Clock_workFunc__E)
                  00003064    0000012c                   : BIOS.obj (.text:ti_sysbios_knl_Task_exit__E)
                  00003190    00000120                   : BIOS.obj (.text:ti_sysbios_knl_Swi_run__I)
                  000032b0    0000010c     EK_LM4F120XL.obj (.text:EK_LM4F120XL_initUART)
                  000033bc    0000010c     Boot.aem4f : Boot_sysctl.oem4f (.text:ti_catalog_arm_cortexm4_tiva_ce_Boot_sysCtlClockSetI__I)
                  000034c8    00000104     ti.targets.arm.rtsarm.aem4f : Core-mem.oem4f (.text:xdc_runtime_Core_createObject__I)
                  000035cc    00000104     main_pem4f.oem4f (.text:xdc_runtime_System_printfExtend__I)
                  000036d0    000000fc     sysbios.aem4f : BIOS.obj (.text:ti_sysbios_knl_Task_schedule__I)
                  000037cc    000000f8                   : BIOS.obj (.text:ti_sysbios_knl_Task_startCore__E)
                  000038c4    000000f8     ti.targets.arm.rtsarm.aem4f : Startup.oem4f (.text:xdc_runtime_Startup_startMods__I)
                  000039bc    000000f4     rtsv7M4_T_le_v4SPD16_eabi.lib : dtor_list.obj (.text)
                  00003ab0    000000f4     sysbios.aem4f : BIOS.obj (.text:ti_sysbios_knl_Task_postInit__I)
                  00003ba4    000000e8     gpio_tivaware.aem4f : GPIO.oem4f (.text:GPIO_write)
                  00003c8c    000000e8     sysbios.aem4f : BIOS.obj (.text:ti_sysbios_family_arm_m3_Hwi_initNVIC__E)
                  00003d74    000000e8                   : BIOS.obj (.text:ti_sysbios_io_DEV_postInit__I)
                  00003e5c    000000bc                   : BIOS.obj (.text:ti_sysbios_knl_Task_unblockI__E)
                  00003f18    000000b8                   : BIOS.obj (.text:ti_sysbios_family_arm_lm4_TimestampProvider_get32__E)
                  00003fd0    000000b4                   : BIOS.obj (.text:ti_sysbios_family_arm_m3_Hwi_excHardFault__I)
                  00004084    000000b4                   : BIOS.obj (.text:ti_sysbios_gates_GateMutex_enter__E)
                  00004138    000000b4                   : BIOS.obj (.text:ti_sysbios_knl_Task_checkStacks__E)
                  000041ec    000000b0                   : BIOS.obj (.text:ti_sysbios_family_arm_m3_Hwi_excDebugMon__I)
                  0000429c    000000b0                   : BIOS.obj (.text:ti_sysbios_utils_Load_idleFxn__E)
                  0000434c    000000b0                   : BIOS.obj (.text:ti_sysbios_utils_Load_updateLoads__E)
                  000043fc    000000ac                   : BIOS.obj (.text:ti_sysbios_family_arm_lm4_Timer_enableTiva__I)
                  000044a8    000000a8                   : BIOS.obj (.text:ti_sysbios_knl_Semaphore_Instance_init__F)
                  00004550    000000a8                   : BIOS.obj (.text:ti_sysbios_knl_Swi_post__E)
                  000045f8    000000a8                   : BIOS.obj (.text:ti_sysbios_knl_Task_blockI__E)
                  000046a0    000000a4                   : BIOS.obj (.text:ti_sysbios_family_arm_lm4_Timer_enableTimers__I)
                  00004744    000000a4                   : BIOS.obj (.text:ti_sysbios_family_arm_m3_Hwi_Module_startup__F)
                  000047e8    000000a0     auto_init.aem4f : auto_init.oem4f (.text)
                  00004888    0000009c     rtsv7M4_T_le_v4SPD16_eabi.lib : memcpy_t2.obj (.text)
                  00004924    0000009a     ti.targets.arm.rtsarm.aem4f : Text.oem4f (.text:xdc_runtime_Text_putSite__F)
                  000049be    00000002     sysbios.aem4f : BIOS.obj (.text:ti_sysbios_BIOS_nullFunc__I)
                  000049c0    00000094     Boot.aem4f : Boot.oem4f (.text:ti_catalog_arm_cortexm4_tiva_ce_Boot_sysCtlClockSet__E)
                  00004a54    00000094     ti.targets.arm.rtsarm.aem4f : Text.oem4f (.text:xdc_runtime_Text_putMod__F)
                  00004ae8    00000090     sysbios.aem4f : BIOS.obj (.text:ti_sysbios_family_arm_m3_Hwi_Instance_init__F)
                  00004b78    0000008c                   : m3_TaskSupport_asm.obj (.text:ti_sysbios_family_arm_m3_TaskSupport_buildTaskStack)
                  00004c04    00000088     EK_LM4F120XL.obj (.text:EK_LM4F120XL_initGPIO)
                  00004c8c    00000088     sysbios.aem4f : BIOS.obj (.text:ti_sysbios_utils_Load_addTask__E)
                  00004d14    00000084     ti.uia.runtime.aem4f : LoggerStopMode.oem4f (.text:ti_uia_runtime_LoggerStopMode_setFilterLevel__E)
                  00004d98    00000080     sysbios.aem4f : BIOS.obj (.text:ti_sysbios_knl_Task_Module_startup__F)
                  00004e18    0000007e     ti.uia.runtime.aem4f : LoggerStopMode.oem4f (.text:ti_uia_runtime_LoggerStopMode_getContents__E)
                  00004e96    00000078     rtsv7M4_T_le_v4SPD16_eabi.lib : memset_t2.obj (.text)
                  00004f0e    00000002     sysbios.aem4f : BIOS.obj (.text:ti_sysbios_gates_GateHwi_Instance_init__F)
                  00004f10    00000078                   : BIOS.obj (.text:ti_sysbios_utils_Load_updateCurrentThreadTime__E)
                  00004f88    00000074                   : BIOS.obj (.text:ti_sysbios_family_arm_lm4_Timer_isrStub__E)
                  00004ffc    00000070     main_pem4f.oem4f (.text:ti_sysbios_family_arm_m3_Hwi_Object__create__S)
                  0000506c    00000070     sysbios.aem4f : BIOS.obj (.text:ti_sysbios_family_arm_m3_Hwi_reconfig__E)
                  000050dc    00000070                   : BIOS.obj (.text:ti_sysbios_utils_Load_taskDeleteHook__E)
                  0000514c    00000070     ti.uia.runtime.aem4f : LoggerStopMode.oem4f (.text:ti_uia_runtime_LoggerStopMode_getFilterLevel__E)
                  000051bc    00000070                          : LoggerStopMode.oem4f (.text:ti_uia_runtime_LoggerStopMode_writeBlockOfMemory__I)
                  0000522c    00000070                          : QueueDescriptor.oem4f (.text:ti_uia_runtime_QueueDescriptor_addToList__E)
                  0000529c    00000070     uart_tivaware.aem4f : UARTTiva.oem4f (.text:writeData)
                  0000530c    00000070     ti.targets.arm.rtsarm.aem4f : Memory.oem4f (.text:xdc_runtime_Memory_alloc__F)
                  0000537c    0000006c     uart_tivaware.aem4f : UARTTiva.oem4f (.text:UARTTiva_read)
                  000053e8    0000006c                         : UARTTiva.oem4f (.text:UARTTiva_write)
                  00005454    0000006c     sysbios.aem4f : BIOS.obj (.text:ti_sysbios_utils_Load_taskCreateHook__E)
                  000054c0    0000006c     ti.targets.arm.rtsarm.aem4f : Error.oem4f (.text:xdc_runtime_Error_print__F)
                  0000552c    00000068     sysbios.aem4f : BIOS.obj (.text:ti_sysbios_BIOS_rtsUnlock__I)
                  00005594    00000066     uart_tivaware.aem4f : UARTTiva.oem4f (.text:UARTTiva_readPolling)
                  000055fa    00000066     ti.targets.arm.rtsarm.aem4f : Core-mem.oem4f (.text:xdc_runtime_Core_deleteObject__I)
                  00005660    00000064     sysbios.aem4f : BIOS.obj (.text:ti_sysbios_knl_Clock_logTick__E)
                  000056c4    00000064                   : BIOS.obj (.text:ti_sysbios_utils_Load_logCPULoad__I)
                  00005728    00000063     main.obj (.text:echoFxn)
                  0000578b    00000001     --HOLE-- [fill = 0]
                  0000578c    00000062     uart_tivaware.aem4f : UARTTiva.oem4f (.text:UARTTiva_hwiIntFxn)
                  000057ee    00000002     main_pem4f.oem4f (.text:xdc_runtime_Startup_reset__I)
                  000057f0    00000060     rtsv7M4_T_le_v4SPD16_eabi.lib : trgmsg.obj (.text)
                  00005850    00000060     main_pem4f.oem4f (.text:ti_uia_runtime_LoggerStopMode_Object__create__S)
                  000058b0    0000005e     uart_tivaware.aem4f : UARTTiva.oem4f (.text:readData)
                  0000590e    0000005e     rtsv7M4_T_le_v4SPD16_eabi.lib : copy_decompress_rle.obj (.text)
                  0000596c    0000005c     sysbios.aem4f : BIOS.obj (.text:ti_sysbios_family_arm_lm4_Timer_Module_startup__F)
                  000059c8    0000005b     ti.targets.arm.rtsarm.aem4f : Text.oem4f (.text:xdc_runtime_Text_putLab__F)
                  00005a23    00000001     --HOLE-- [fill = 0]
                  00005a24    0000005a     ti.uia.runtime.aem4f : LoggerStopMode.oem4f (.text:ti_uia_runtime_LoggerStopMode_readBlockOfMemory__I)
                  00005a7e    00000002     --HOLE-- [fill = 0]
                  00005a80    00000058     boot.aem4f : boot.oem4f (.text)
                  00005ad8    00000058     sysbios.aem4f : BIOS.obj (.text:ti_sysbios_knl_Swi_restoreHwi__E)
                  00005b30    00000058                   : BIOS.obj (.text:ti_sysbios_knl_Swi_schedule__I)
                  00005b88    00000054     ti.uia.runtime.aem4f : QueueDescriptor.oem4f (.text:ti_uia_runtime_QueueDescriptor_removeFromList__E)
                  00005bdc    00000050     sysbios.aem4f : BIOS.obj (.text:ti_sysbios_utils_Load_taskSwitchHook__E)
                  00005c2c    00000050     ti.targets.arm.rtsarm.aem4f : Startup.oem4f (.text:xdc_runtime_Startup_exec__F)
                  00005c7c    00000050                                 : System.oem4f (.text:xdc_runtime_System_formatNum__I)
                  00005ccc    00000050                                 : Text.oem4f (.text:xdc_runtime_Text_visitRope2__I)
                  00005d1c    0000004c     sysbios.aem4f : BIOS.obj (.text:ti_sysbios_knl_Swi_runLoop__I)
                  00005d68    00000048     driverlib.lib : gpio.obj (.text:GPIOPinConfigure)
                  00005db0    00000048     main.obj (.text:SPI_Send)
                  00005df8    00000048     sysbios.aem4f : BIOS.obj (.text:ti_sysbios_BIOS_errorRaiseHook__I)
                  00005e40    00000048                   : BIOS.obj (.text:ti_sysbios_family_arm_m3_Hwi_excReserved__I)
                  00005e88    00000048                   : BIOS.obj (.text:ti_sysbios_heaps_HeapMem_getStats__E)
                  00005ed0    00000048     ti.targets.arm.rtsarm.aem4f : Assert.oem4f (.text:xdc_runtime_Assert_raise__I)
                  00005f18    00000048                                 : Core-params.oem4f (.text:xdc_runtime_Core_assignParams__I)
                  00005f60    00000046     ti.uia.runtime.aem4f : LoggerStopMode.oem4f (.text:ti_uia_runtime_LoggerStopMode_Instance_init__F)
                  00005fa6    00000002     --HOLE-- [fill = 0]
                  00005fa8    00000044     rtsv7M4_T_le_v4SPD16_eabi.lib : cpy_tbl.obj (.text)
                  00005fec    00000044                                   : exit.obj (.text)
                  00006030    00000044     sysbios.aem4f : BIOS.obj (.text:ti_sysbios_family_arm_lm4_Timer_stop__E)
                  00006074    00000044                   : BIOS.obj (.text:ti_sysbios_family_arm_m3_Hwi_disableInterrupt__E)
                  000060b8    00000044                   : BIOS.obj (.text:ti_sysbios_family_arm_m3_Hwi_enableInterrupt__E)
                  000060fc    00000044                   : BIOS.obj (.text:ti_sysbios_knl_Task_allBlockedFunction__I)
                  00006140    00000044     ti.uia.runtime.aem4f : LoggerStopMode.oem4f (.text:ti_uia_runtime_LoggerStopMode_filterOutEvent__I)
                  00006184    00000044                          : LoggerStopMode.oem4f (.text:ti_uia_runtime_LoggerStopMode_reset__F)
                  000061c8    00000044     ti.targets.arm.rtsarm.aem4f : SysMin.oem4f (.text:xdc_runtime_SysMin_flush__F)
                  0000620c    00000042     driverlib.lib : uart.obj (.text:UARTConfigSetExpClk)
                  0000624e    00000042     sysbios.aem4f : BIOS.obj (.text:ti_sysbios_knl_Semaphore_pendTimeout__I)
                  00006290    00000040     EK_LM4F120XL.obj (.text:EK_LM4F120XL_initGeneral)
                  000062d0    00000040     uart_tivaware.aem4f : UARTTiva.oem4f (.text:UARTTiva_writePolling)
                  00006310    00000040     sysbios.aem4f : BIOS.obj (.text:ti_sysbios_family_arm_lm4_Timer_startup__E)
                  00006350    00000040     main_pem4f.oem4f (.text:ti_sysbios_knl_Semaphore_Object__create__S)
                  00006390    00000040     ti.targets.arm.rtsarm.aem4f : System.oem4f (.text:xdc_runtime_System_atexit__F)
                  000063d0    0000003c     sysbios.aem4f : BIOS.obj (.text:ti_sysbios_family_arm_m3_Hwi_excSvCall__I)
                  0000640c    0000003c                   : BIOS.obj (.text:ti_sysbios_heaps_HeapMem_init__I)
                  00006448    0000003c                   : BIOS.obj (.text:ti_sysbios_knl_Swi_startup__E)
                  00006484    0000003c     ti.targets.arm.rtsarm.aem4f : Text.oem4f (.text:xdc_runtime_Text_xprintf__I)
                  000064c0    00000038     uart_tivaware.aem4f : UART.oem4f (.text:UART_init)
                  000064f8    00000038     sysbios.aem4f : BIOS.obj (.text:ti_sysbios_family_arm_m3_Hwi_excNoIsr__I)
                  00006530    00000038                   : BIOS.obj (.text:ti_sysbios_family_arm_m3_Hwi_getStackInfo__E)
                  00006568    00000038                   : BIOS.obj (.text:ti_sysbios_family_arm_m3_TaskSupport_start__E)
                  000065a0    00000038     main_pem4f.oem4f (.text:ti_sysbios_gates_GateHwi_Object__create__S)
                  000065d8    00000038     main_pem4f.oem4f (.text:ti_sysbios_gates_GateMutex_Object__create__S)
                  00006610    00000038     main_pem4f.oem4f (.text:ti_sysbios_heaps_HeapMem_Object__create__S)
                  00006648    00000038     main_pem4f.oem4f (.text:ti_sysbios_knl_Queue_Object__create__S)
                  00006680    00000038     ti.targets.arm.rtsarm.aem4f : SysMin.oem4f (.text:xdc_runtime_SysMin_putch__F)
                  000066b8    00000034     driverlib.lib : sysctl.obj (.text:SysCtlPeripheralEnable)
                  000066ec    00000034     uart_tivaware.aem4f : UARTTiva.oem4f (.text:UARTTiva_close)
                  00006720    00000034     sysbios.aem4f : BIOS.obj (.text:ti_sysbios_family_arm_m3_Hwi_excNmi__I)
                  00006754    00000034                   : BIOS.obj (.text:ti_sysbios_hal_Hwi_checkStack:ti_sysbios_hal_Hwi_checkStack)
                  00006788    00000032     uart_tivaware.aem4f : UARTTiva.oem4f (.text:UARTTiva_readCancel)
                  000067ba    00000032                         : UARTTiva.oem4f (.text:UARTTiva_writeCancel)
                  000067ec    00000030     main_pem4f.oem4f (.text:ti_sysbios_BIOS_exitFunc__I)
                  0000681c    00000030     sysbios.aem4f : BIOS.obj (.text:ti_sysbios_knl_Idle_run__E)
                  0000684c    00000030     ti.targets.arm.rtsarm.aem4f : Core-label.oem4f (.text:xdc_runtime_Core_assignLabel__I)
                  0000687c    00000030                                 : SysMin.oem4f (.text:xdc_runtime_SysMin_abort__F)
                  000068ac    0000002f                                 : Text.oem4f (.text:xdc_runtime_Text_printVisFxn__I)
                  000068db    00000001     --HOLE-- [fill = 0]
                  000068dc    0000002e     main_pem4f.oem4f (.text:malloc)
                  0000690a    0000002c     sysbios.aem4f : BIOS.obj (.text:ti_sysbios_hal_Hwi_initStack:ti_sysbios_hal_Hwi_initStack)
                  00006936    00000002     --HOLE-- [fill = 0]
                  00006938    0000002c                   : BIOS.obj (.text:ti_sysbios_io_DEV_Module_startup__F)
                  00006964    0000002c     main_pem4f.oem4f (.text:ti_sysbios_knl_Clock_doTick__I)
                  00006990    0000002c     sysbios.aem4f : BIOS.obj (.text:ti_sysbios_knl_Task_restore__E)
                  000069bc    0000002c     ti.uia.runtime.aem4f : LoggerStopMode.oem4f (.text:ti_uia_runtime_LoggerStopMode_Module_startup__F)
                  000069e8    0000002c                          : LoggerStopMode.oem4f (.text:ti_uia_runtime_LoggerStopMode_disable__E)
                  00006a14    0000002c                          : LoggerStopMode.oem4f (.text:ti_uia_runtime_LoggerStopMode_enable__E)
                  00006a40    0000002c     ti.targets.arm.rtsarm.aem4f : System.oem4f (.text:xdc_runtime_System_rtsExit__I)
                  00006a6c    0000002c                                 : Text.oem4f (.text:xdc_runtime_Text_cordText__F)
                  00006a98    0000002a     driverlib.lib : gpio.obj (.text:GPIODirModeSet)
                  00006ac2    0000002a     ti.targets.arm.rtsarm.aem4f : System.oem4f (.text:xdc_runtime_System_putchar__I)
                  00006aec    00000028     sysbios.aem4f : m3_Hwi_asm_switch.obj (.text:ti_sysbios_family_arm_m3_Hwi_initStacks__E)
                  00006b14    00000028                   : BIOS.obj (.text:ti_sysbios_gates_GateMutex_Instance_init__F)
                  00006b3c    00000028     ti.uia.runtime.aem4f : LogSync.oem4f (.text:ti_uia_runtime_LogSync_Module_startup__F)
                  00006b64    00000028                          : QueueDescriptor.oem4f (.text:ti_uia_runtime_QueueDescriptor_initHeader__E)
                  00006b8c    00000026     ti.targets.arm.rtsarm.aem4f : System.oem4f (.text:xdc_runtime_System_avprintf__F)
                  00006bb2    00000002     --HOLE-- [fill = 0]
                  00006bb4    00000024     gpio_tivaware.aem4f : GPIO.oem4f (.text:GPIO_init)
                  00006bd8    00000024     sysbios.aem4f : BIOS.obj (.text:ti_sysbios_BIOS_registerRTSLock__I)
                  00006bfc    00000024     main_pem4f.oem4f (.text:ti_sysbios_BIOS_startFunc__I)
                  00006c20    00000024     sysbios.aem4f : BIOS.obj (.text:ti_sysbios_family_arm_m3_Hwi_Instance_finalize__F)
                  00006c44    00000024                   : BIOS.obj (.text:ti_sysbios_family_arm_m3_Hwi_doTaskRestore__I)
                  00006c68    00000024     main_pem4f.oem4f (.text:ti_sysbios_gates_GateMutex_Object__delete__S)
                  00006c8c    00000024     sysbios.aem4f : BIOS.obj (.text:ti_sysbios_knl_Clock_Module_startup__F)
                  00006cb0    00000024                   : BIOS.obj (.text:ti_sysbios_knl_Swi_Module_startup__F)
                  00006cd4    00000024     ti.uia.runtime.aem4f : LoggerStopMode.oem4f (.text:ti_uia_runtime_LoggerStopMode_Instance_finalize__F)
                  00006cf8    00000024     ti.targets.arm.rtsarm.aem4f : System.oem4f (.text:xdc_runtime_System_vprintf__F)
                  00006d1c    00000022     main_pem4f.oem4f (.text:xdc_runtime_SysMin_output__I)
                  00006d3e    00000020     sysbios.aem4f : m3_Hwi_asm_switch.obj (.text:ti_sysbios_family_xxx_Hwi_switchAndRunFunc)
                  00006d5e    00000002     --HOLE-- [fill = 0]
                  00006d60    00000020     main_pem4f.oem4f (.text:ti_sysbios_gates_GateHwi_Object__delete__S)
                  00006d80    00000020     main_pem4f.oem4f (.text:ti_sysbios_heaps_HeapMem_Object__delete__S)
                  00006da0    00000020     main_pem4f.oem4f (.text:ti_sysbios_knl_Semaphore_Object__destruct__S)
                  00006dc0    00000020     sysbios.aem4f : BIOS.obj (.text:ti_sysbios_knl_Task_enter__I)
                  00006de0    00000020     main_pem4f.oem4f (.text:ti_uia_runtime_LoggerStopMode_Object__delete__S)
                  00006e00    00000020     ti.targets.arm.rtsarm.aem4f : Registry.oem4f (.text:xdc_runtime_Registry_findById__F)
                  00006e20    00000020                                 : SysMin.oem4f (.text:xdc_runtime_SysMin_Module_startup__F)
                  00006e40    0000001c     driverlib.lib : uart.obj (.text:UARTDisable)
                  00006e5c    0000001c     sysbios.aem4f : BIOS.obj (.text:ti_sysbios_BIOS_rtsLock__I)
                  00006e78    0000001c     main_pem4f.oem4f (.text:ti_sysbios_family_arm_m3_Hwi_Object__destruct__S)
                  00006e94    0000001c     main_pem4f.oem4f (.text:ti_sysbios_knl_Queue_Object__destruct__S)
                  00006eb0    0000001c     ti.targets.arm.rtsarm.aem4f : Error.oem4f (.text:xdc_runtime_Error_check__F)
                  00006ecc    0000001c                                 : Memory.oem4f (.text:xdc_runtime_Memory_valloc__F)
                  00006ee8    0000001c                                 : SysMin.oem4f (.text:xdc_runtime_SysMin_exit__F)
                  00006f04    0000001a     main_pem4f.oem4f (.text:ti_sysbios_family_arm_m3_Hwi_Handle__label__S)
                  00006f1e    0000001a     main_pem4f.oem4f (.text:ti_sysbios_gates_GateHwi_Handle__label__S)
                  00006f38    0000001a     main_pem4f.oem4f (.text:ti_sysbios_gates_GateMutex_Handle__label__S)
                  00006f52    0000001a     main_pem4f.oem4f (.text:ti_sysbios_heaps_HeapMem_Handle__label__S)
                  00006f6c    0000001a     main_pem4f.oem4f (.text:ti_sysbios_knl_Swi_Handle__label__S)
                  00006f86    0000001a     main_pem4f.oem4f (.text:ti_sysbios_knl_Task_Handle__label__S)
                  00006fa0    0000001a     main_pem4f.oem4f (.text:ti_uia_runtime_LoggerStopMode_Handle__label__S)
                  00006fba    0000001a     main_pem4f.oem4f (.text:xdc_runtime_System_aprintf__E)
                  00006fd4    0000001a     main_pem4f.oem4f (.text:xdc_runtime_System_printf__E)
                  00006fee    00000018     driverlib.lib : gpio.obj (.text:GPIOPinTypeGPIOOutput)
                  00007006    00000002     --HOLE-- [fill = 0]
                  00007008    00000018     uart_tivaware.aem4f : UART.oem4f (.text:UART_open)
                  00007020    00000018     main_pem4f.oem4f (.text:free)
                  00007038    00000018     rtsv7M4_T_le_v4SPD16_eabi.lib : args_main.obj (.text)
                  00007050    00000018     main_pem4f.oem4f (.text:ti_sysbios_family_arm_lm4_Timer_Module__startupDone__F)
                  00007068    00000018     main_pem4f.oem4f (.text:ti_sysbios_family_arm_m3_Hwi_Module__startupDone__F)
                  00007080    00000018     sysbios.aem4f : m3_TaskSupport_asm.obj (.text:ti_sysbios_family_arm_m3_TaskSupport_swap__E)
                  00007098    00000018                   : BIOS.obj (.text:ti_sysbios_gates_GateMutex_leave__E)
                  000070b0    00000018     main_pem4f.oem4f (.text:ti_sysbios_hal_Timer_Module__startupDone__F)
                  000070c8    00000018     ti.targets.arm.rtsarm.aem4f : Text.oem4f (.text:xdc_runtime_Text_ropeText__F)
                  000070e0    00000016     ti.uia.runtime.aem4f : LoggerStopMode.oem4f (.text:ti_uia_runtime_LoggerStopMode_getFreeSize__E)
                  000070f6    00000016                          : LoggerStopMode.oem4f (.text:ti_uia_runtime_LoggerStopMode_getUnreadSize__E)
                  0000710c    00000014     driverlib.lib : uart.obj (.text:UARTEnable)
                  00007120    00000014     uart_tivaware.aem4f : UART.oem4f (.text:UART_Params_init)
                  00007134    00000014     rtsv7M4_T_le_v4SPD16_eabi.lib : _lock.obj (.text)
                  00007148    00000014                                   : strlen.obj (.text)
                  0000715c    00000014     sysbios.aem4f : BIOS.obj (.text:ti_sysbios_family_arm_m3_Hwi_switchFromBootStack__E)
                  00007170    00000014     main_pem4f.oem4f (.text:ti_sysbios_heaps_HeapMem_Object__get__S)
                  00007184    00000014     main_pem4f.oem4f (.text:ti_sysbios_knl_Swi_Object__get__S)
                  00007198    00000014     main_pem4f.oem4f (.text:ti_sysbios_knl_Task_Object__get__S)
                  000071ac    00000014     ti.targets.arm.rtsarm.aem4f : System.oem4f (.text:xdc_runtime_System_abort__F)
                  000071c0    00000012     driverlib.lib : gpio.obj (.text:GPIOPinTypeGPIOInput)
                  000071d2    00000012                   : gpio.obj (.text:GPIOPinTypeUART)
                  000071e4    00000012     rtsv7M4_T_le_v4SPD16_eabi.lib : copy_zero_init.obj (.text:decompress:ZI)
                  000071f6    00000012     sysbios.aem4f : BIOS.obj (.text:ti_sysbios_hal_Hwi_Module_startup__F)
                  00007208    00000012                   : BIOS.obj (.text:ti_sysbios_hal_Timer_Module_startup__F)
                  0000721a    00000012     ti.uia.runtime.aem4f : LoggerStopMode.oem4f (.text:ti_uia_runtime_LoggerStopMode_write1__E)
                  0000722c    00000012                          : LoggerStopMode.oem4f (.text:ti_uia_runtime_LoggerStopMode_write2__E)
                  0000723e    00000012     main_pem4f.oem4f (.text:xdc_runtime_Startup_exec__I)
                  00007250    00000010     rtsv7M4_T_le_v4SPD16_eabi.lib : strcpy.obj (.text)
                  00007260    00000010     sysbios.aem4f : BIOS.obj (.text:ti_sysbios_BIOS_getCpuFreq__E)
                  00007270    00000010                   : BIOS.obj (.text:ti_sysbios_BIOS_setThreadType__E)
                  00007280    00000010                   : BIOS.obj (.text:ti_sysbios_family_arm_lm4_TimestampProvider_rolloverFunc__E)
                  00007290    00000010                   : BIOS.obj (.text:ti_sysbios_family_arm_m3_Hwi_excHandler__I)
                  000072a0    00000010                   : m3_TaskSupport_asm.obj (.text:ti_sysbios_family_arm_m3_TaskSupport_glue)
                  000072b0    00000010                   : m3_Hwi_asm_switch.obj (.text:ti_sysbios_family_xxx_Hwi_switchToIsrStack)
                  000072c0    00000010                   : BIOS.obj (.text:ti_sysbios_gates_GateMutex_Instance_finalize__F)
                  000072d0    00000010     main_pem4f.oem4f (.text:ti_sysbios_io_DEV_Object__get__S)
                  000072e0    00000010     sysbios.aem4f : BIOS.obj (.text:ti_sysbios_knl_Semaphore_Instance_finalize__F)
                  000072f0    00000010                   : BIOS.obj (.text:ti_sysbios_knl_Swi_disable__E)
                  00007300    00000010                   : BIOS.obj (.text:ti_sysbios_knl_Task_disable__E)
                  00007310    00000010     main_pem4f.oem4f (.text:ti_uia_runtime_LoggerStopMode_Object__get__S)
                  00007320    00000010     ti.uia.runtime.aem4f : LoggerStopMode.oem4f (.text:ti_uia_runtime_LoggerStopMode_write0__E)
                  00007330    00000010     ti.targets.arm.rtsarm.aem4f : Gate.oem4f (.text:xdc_runtime_Gate_leaveSystem__F)
                  00007340    00000010                                 : Memory.oem4f (.text:xdc_runtime_Memory_free__F)
                  00007350    00000010                                 : SysMin.oem4f (.text:xdc_runtime_SysMin_ready__F)
                  00007360    00000010                                 : System.oem4f (.text:xdc_runtime_System_vsnprintf__F)
                  00007370    00000010     main_pem4f.oem4f (.text:xdc_runtime_Text_visitRope__I)
                  00007380    0000000e     driverlib.lib : uart.obj (.text:UARTCharGetNonBlocking)
                  0000738e    0000000e                   : uart.obj (.text:UARTCharPutNonBlocking)
                  0000739c    0000000e     rtsv7M4_T_le_v4SPD16_eabi.lib : copy_decompress_none.obj (.text:decompress:none)
                  000073aa    0000000e     sysbios.aem4f : BIOS.obj (.text:ti_sysbios_knl_Queue_empty__E)
                  000073b8    0000000e     ti.uia.runtime.aem4f : LoggerStopMode.oem4f (.text:ti_uia_runtime_LoggerStopMode_isEmpty__E)
                  000073c6    00000002     --HOLE-- [fill = 0]
                  000073c8    0000000c     main_pem4f.oem4f (.text:.bootCodeSection:ti_catalog_arm_cortexm4_tiva_ce_Boot_init__I)
                  000073d4    0000000c     sysbios.aem4f : BIOS.obj (.text:ti_sysbios_family_arm_lm4_Timer_masterDisable__I)
                  000073e0    0000000c                   : BIOS.obj (.text:ti_sysbios_family_arm_lm4_TimestampProvider_startTimer__E)
                  000073ec    0000000c     main_pem4f.oem4f (.text:ti_sysbios_family_arm_m3_Hwi_Params__init__S)
                  000073f8    0000000c     sysbios.aem4f : BIOS.obj (.text:ti_sysbios_family_arm_m3_Hwi_disableFxn__E)
                  00007404    0000000c                   : BIOS.obj (.text:ti_sysbios_family_arm_m3_TaskSupport_checkStack__E)
                  00007410    0000000c                   : m3_Hwi_asm_switch.obj (.text:ti_sysbios_family_xxx_Hwi_switchToTaskStack)
                  0000741c    0000000c                   : BIOS.obj (.text:ti_sysbios_gates_GateHwi_enter__E)
                  00007428    0000000c     main_pem4f.oem4f (.text:ti_sysbios_knl_Queue_Object__get__S)
                  00007434    0000000c     main_pem4f.oem4f (.text:ti_sysbios_knl_Semaphore_Params__init__S)
                  00007440    0000000c     sysbios.aem4f : BIOS.obj (.text:ti_sysbios_utils_Load_taskRegHook__E)
                  0000744c    0000000c     ti.targets.arm.rtsarm.aem4f : Error.oem4f (.text:xdc_runtime_Error_init__F)
                  00007458    0000000c                                 : Gate.oem4f (.text:xdc_runtime_Gate_enterSystem__F)
                  00007464    0000000c                                 : Memory.oem4f (.text:xdc_runtime_Memory_calloc__F)
                  00007470    0000000c                                 : Memory.oem4f (.text:xdc_runtime_Memory_getMaxDefaultTypeAlign__F)
                  0000747c    0000000c                                 : System.oem4f (.text:xdc_runtime_System_exit__F)
                  00007488    0000000c                                 : System.oem4f (.text:xdc_runtime_System_lastFxn__I)
                  00007494    0000000a     driverlib.lib : ssi.obj (.text:SSIDataPut)
                  0000749e    0000000a                   : uart.obj (.text:UARTCharGet)
                  000074a8    0000000a                   : uart.obj (.text:UARTCharPut)
                  000074b2    0000000a                   : uart.obj (.text:UARTIntDisable)
                  000074bc    0000000a                   : uart.obj (.text:UARTIntStatus)
                  000074c6    0000000a     uart_tivaware.aem4f : UART.oem4f (.text:UART_write)
                  000074d0    0000000a     main_pem4f.oem4f (.text:xdc_runtime_IHeap_alloc)
                  000074da    0000000a     main_pem4f.oem4f (.text:xdc_runtime_IHeap_free)
                  000074e4    00000008     driverlib.lib : ssi.obj (.text:SSIBusy)
                  000074ec    00000008                   : uart.obj (.text:UARTIntEnable)
                  000074f4    00000008     uart_tivaware.aem4f : UARTTiva.oem4f (.text:UARTTiva_init)
                  000074fc    00000008                         : UARTTiva.oem4f (.text:readSemCallback)
                  00007504    00000008     sysbios.aem4f : BIOS.obj (.text:ti_sysbios_family_arm_m3_Hwi_doSwiRestore__I)
                  0000750c    00000008                   : BIOS.obj (.text:ti_sysbios_family_arm_m3_Hwi_startup__E)
                  00007514    00000008                   : BIOS.obj (.text:ti_sysbios_knl_Idle_loop__E)
                  0000751c    00000008     uart_tivaware.aem4f : UARTTiva.oem4f (.text:writeSemCallback)
                  00007524    00000006     driverlib.lib : gpio.obj (.text:GPIOPinWrite)
                  0000752a    00000006                   : sysctl.obj (.text:SysCtlDelay)
                  00007530    00000006                   : uart.obj (.text:UARTFIFOLevelSet)
                  00007536    00000006     ti.targets.arm.rtsarm.aem4f : xdc_noinit.oem4f (.text:__xdc__init)
                  0000753c    00000006     rtsv7M4_T_le_v4SPD16_eabi.lib : copy_decompress_rle.obj (.text:decompress:rle24)
                  00007542    00000006     Boot.aem4f : Boot_sysctl.oem4f (.text:ti_catalog_arm_cortexm4_tiva_ce_Boot_sysCtlDelayI__I)
                  00007548    00000006     sysbios.aem4f : BIOS.obj (.text:ti_sysbios_family_arm_lm4_TimestampProvider_Module_startup__F)
                  0000754e    00000006                   : BIOS.obj (.text:ti_sysbios_family_arm_m3_Hwi_restoreFxn__E)
                  00007554    00000006                   : BIOS.obj (.text:ti_sysbios_gates_GateHwi_leave__E)
                  0000755a    00000006                   : BIOS.obj (.text:ti_sysbios_heaps_HeapMem_isBlocking__E)
                  00007560    00000006                   : BIOS.obj (.text:ti_sysbios_knl_Queue_Instance_init__F)
                  00007566    00000006     ti.uia.runtime.aem4f : LoggerStopMode.oem4f (.text:ti_uia_runtime_LoggerStopMode_getPriority__E)
                  0000756c    00000006                          : LoggerStopMode.oem4f (.text:ti_uia_runtime_LoggerStopMode_getTransferType__F)
                  00007572    00000006     ti.targets.arm.rtsarm.aem4f : System.oem4f (.text:xdc_runtime_System_Module_startup__F)
                  00007578    00000004     driverlib.lib : uart.obj (.text:UARTIntClear)
                  0000757c    00000004     main_pem4f.oem4f (.text:ti_sysbios_BIOS_RtsGateProxy_enter__E)
                  00007580    00000004     main_pem4f.oem4f (.text:ti_sysbios_BIOS_RtsGateProxy_leave__E)
                  00007584    00000004     sysbios.aem4f : BIOS.obj (.text:ti_sysbios_family_arm_lm4_Timer_getPeriod__E)
                  00007588    00000004                   : BIOS.obj (.text:ti_sysbios_family_arm_lm4_Timer_masterEnable__I)
                  0000758c    00000004     main_pem4f.oem4f (.text:ti_sysbios_family_arm_m3_TaskSupport_Module__startupDone__S)
                  00007590    00000004     sysbios.aem4f : BIOS.obj (.text:ti_sysbios_gates_GateHwi_query__F)
                  00007594    00000004                   : BIOS.obj (.text:ti_sysbios_gates_GateMutex_query__F)
                  00007598    00000004     main_pem4f.oem4f (.text:ti_sysbios_hal_Hwi_HwiProxy_Module__startupDone__S)
                  0000759c    00000004     main_pem4f.oem4f (.text:ti_sysbios_hal_Timer_TimerProxy_Module__startupDone__S)
                  000075a0    00000004     main_pem4f.oem4f (.text:ti_sysbios_hal_Timer_TimerProxy_getPeriod__E)
                  000075a4    00000004     main_pem4f.oem4f (.text:ti_sysbios_heaps_HeapMem_Module_GateProxy_enter__E)
                  000075a8    00000004     main_pem4f.oem4f (.text:ti_sysbios_heaps_HeapMem_Module_GateProxy_leave__E)
                  000075ac    00000004     main_pem4f.oem4f (.text:ti_sysbios_knl_Task_SupportProxy_Module__startupDone__S)
                  000075b0    00000004     sysbios.aem4f : BIOS.obj (.text:ti_sysbios_knl_Task_startup__E)
                  000075b4    00000004     main_pem4f.oem4f (.text:ti_uia_runtime_LogSync_CpuTimestampProxy_Module__startupDone__S)
                  000075b8    00000004     main_pem4f.oem4f (.text:ti_uia_runtime_LogSync_GlobalTimestampProxy_Module__startupDone__S)
                  000075bc    00000004     ti.uia.runtime.aem4f : LoggerStopMode.oem4f (.text:ti_uia_runtime_LoggerStopMode_getInstanceId__E)
                  000075c0    00000004                          : LoggerStopMode.oem4f (.text:ti_uia_runtime_LoggerStopMode_getMaxLength__E)
                  000075c4    00000004                          : LoggerStopMode.oem4f (.text:ti_uia_runtime_LoggerStopMode_setPriority__E)
                  000075c8    00000004     ti.targets.arm.rtsarm.aem4f : Error.oem4f (.text:xdc_runtime_Error_getSite__F)
                  000075cc    00000004     main_pem4f.oem4f (.text:xdc_runtime_Memory_HeapProxy_alloc__E)
                  000075d0    00000004     main_pem4f.oem4f (.text:xdc_runtime_Memory_HeapProxy_free__E)
                  000075d4    00000004     main_pem4f.oem4f (.text:xdc_runtime_System_Module_GateProxy_enter__E)
                  000075d8    00000004     main_pem4f.oem4f (.text:xdc_runtime_System_Module_GateProxy_leave__E)
                  000075dc    00000004     ti.targets.arm.rtsarm.aem4f : System.oem4f (.text:xdc_runtime_System_aprintf_va__F)
                  000075e0    00000004                                 : System.oem4f (.text:xdc_runtime_System_printf_va__F)
                  000075e4    00000004     main_pem4f.oem4f (.text:xdc_runtime_System_vsnprintf__E)
                  000075e8    00000004     main_pem4f.oem4f (.text:xdc_runtime_TimestampNull_Module__startupDone__S)
                  000075ec    00000004     main_pem4f.oem4f (.text:xdc_runtime_Timestamp_Module__startupDone__S)

.const     0    000075f0    00002e46     
                  000075f0    0000239e     main_pem4f.oem4f (.const:xdc_runtime_Text_charTab__A)
                  0000998e    0000013c     main_pem4f.oem4f (.const:xdc_runtime_Text_nodeTab__A)
                  00009aca    000000d8     main_pem4f.oem4f (.const:ti_sysbios_family_arm_m3_Hwi_priorities__A)
                  00009ba2    00000002     main_pem4f.oem4f (.const:ti_catalog_arm_cortexm4_tiva_ce_Boot_Module__id__C)
                  00009ba4    00000090     driverlib.lib : gpio.obj (.const:g_pui32GPIOBaseAddrs)
                  00009c34    0000006c     EK_LM4F120XL.obj (.const:UART_config)
                  00009ca0    00000060     main_pem4f.oem4f (.const:ti_uia_runtime_LoggerStopMode_Module__FXNS__C)
                  00009d00    00000048     main_pem4f.oem4f (.const:.string)
                  00009d48    00000040     EK_LM4F120XL.obj (.const:uartTivaHWAttrs)
                  00009d88    0000003c     EK_LM4F120XL.obj (.const:gpioHWAttrs)
                  00009dc4    00000034     main_pem4f.oem4f (.const:xdc_runtime_Startup_sfxnTab__A)
                  00009df8    00000030     main_pem4f.oem4f (.const:ti_sysbios_family_arm_m3_Hwi_Object__PARAMS__C)
                  00009e28    00000030     main_pem4f.oem4f (.const:ti_sysbios_knl_Task_hooks__A)
                  00009e58    00000030     main_pem4f.oem4f (.const:ti_uia_runtime_LoggerStopMode_Object__PARAMS__C)
                  00009e88    00000028     main_pem4f.oem4f (.const:ti_sysbios_heaps_HeapMem_Module__FXNS__C)
                  00009eb0    00000024     uart_tivaware.aem4f : UARTTiva.oem4f (.const:UARTTiva_fxnTable)
                  00009ed4    00000024     main_pem4f.oem4f (.const:ti_sysbios_gates_GateHwi_Module__FXNS__C)
                  00009ef8    00000024     main_pem4f.oem4f (.const:ti_sysbios_gates_GateMutex_Module__FXNS__C)
                  00009f1c    00000024     main_pem4f.oem4f (.const:ti_sysbios_heaps_HeapMem_Object__PARAMS__C)
                  00009f40    00000024     main_pem4f.oem4f (.const:ti_sysbios_knl_Semaphore_Object__PARAMS__C)
                  00009f64    00000020     main_pem4f.oem4f (.const:ti_sysbios_family_arm_m3_Hwi_Object__DESC__C)
                  00009f84    00000020     main_pem4f.oem4f (.const:ti_sysbios_gates_GateHwi_Object__DESC__C)
                  00009fa4    00000020     main_pem4f.oem4f (.const:ti_sysbios_gates_GateMutex_Object__DESC__C)
                  00009fc4    00000020     main_pem4f.oem4f (.const:ti_sysbios_heaps_HeapMem_Object__DESC__C)
                  00009fe4    00000020     main_pem4f.oem4f (.const:ti_sysbios_knl_Queue_Object__DESC__C)
                  0000a004    00000020     main_pem4f.oem4f (.const:ti_sysbios_knl_Semaphore_Object__DESC__C)
                  0000a024    00000020     main_pem4f.oem4f (.const:ti_uia_runtime_LoggerStopMode_Object__DESC__C)
                  0000a044    00000020     uart_tivaware.aem4f : UART.oem4f (.const)
                  0000a064    0000001a     main_pem4f.oem4f (.const:xdc_runtime_Startup_sfxnRts__A)
                  0000a07e    00000002     main_pem4f.oem4f (.const:ti_sysbios_BIOS_Module__id__C)
                  0000a080    00000018     EK_LM4F120XL.obj (.const)
                  0000a098    00000018     main_pem4f.oem4f (.const:ti_sysbios_gates_GateHwi_Object__PARAMS__C)
                  0000a0b0    00000018     main_pem4f.oem4f (.const:ti_sysbios_gates_GateMutex_Object__PARAMS__C)
                  0000a0c8    00000018     main_pem4f.oem4f (.const:ti_sysbios_knl_Queue_Object__PARAMS__C)
                  0000a0e0    00000014     main_pem4f.oem4f (.const:xdc_runtime_Startup_firstFxns__A)
                  0000a0f4    00000012     main.obj (.const:.string)
                  0000a106    00000002     main_pem4f.oem4f (.const:ti_sysbios_family_arm_lm4_TimestampProvider_useClockTimer__C)
                  0000a108    00000011     ti.targets.arm.rtsarm.aem4f : System.oem4f (.const)
                  0000a119    00000001     main_pem4f.oem4f (.const:xdc_runtime_Error_policy__C)
                  0000a11a    00000002     main_pem4f.oem4f (.const:ti_sysbios_family_arm_m3_Hwi_Module__id__C)
                  0000a11c    00000008     main_pem4f.oem4f (.const:ti_sysbios_family_arm_m3_Hwi_excHookFuncs__A)
                  0000a124    00000008     main_pem4f.oem4f (.const:ti_sysbios_knl_Idle_coreList__A)
                  0000a12c    00000008     main_pem4f.oem4f (.const:ti_sysbios_knl_Idle_coreList__C)
                  0000a134    00000008     main_pem4f.oem4f (.const:ti_sysbios_knl_Idle_funcList__A)
                  0000a13c    00000008     main_pem4f.oem4f (.const:ti_sysbios_knl_Idle_funcList__C)
                  0000a144    00000008     main_pem4f.oem4f (.const:ti_sysbios_knl_Task_hooks__C)
                  0000a14c    00000008     main_pem4f.oem4f (.const:xdc_runtime_Startup_firstFxns__C)
                  0000a154    00000008     main_pem4f.oem4f (.const:xdc_runtime_Startup_lastFxns__A)
                  0000a15c    00000008     main_pem4f.oem4f (.const:xdc_runtime_Startup_lastFxns__C)
                  0000a164    00000004     main_pem4f.oem4f (.const:ti_catalog_arm_cortexm4_tiva_ce_Boot_A_mustUseEnhancedClockMode__C)
                  0000a168    00000004     main_pem4f.oem4f (.const:ti_catalog_arm_cortexm4_tiva_ce_Boot_Module__diagsEnabled__C)
                  0000a16c    00000004     main_pem4f.oem4f (.const:ti_catalog_arm_cortexm4_tiva_ce_Boot_Module__diagsIncluded__C)
                  0000a170    00000004     main_pem4f.oem4f (.const:ti_catalog_arm_cortexm4_tiva_ce_Boot_Module__diagsMask__C)
                  0000a174    00000004     main_pem4f.oem4f (.const:ti_sysbios_BIOS_Module__diagsEnabled__C)
                  0000a178    00000004     main_pem4f.oem4f (.const:ti_sysbios_BIOS_Module__diagsIncluded__C)
                  0000a17c    00000004     main_pem4f.oem4f (.const:ti_sysbios_BIOS_Module__diagsMask__C)
                  0000a180    00000004     main_pem4f.oem4f (.const:ti_sysbios_BIOS_installedErrorHook__C)
                  0000a184    00000004     main_pem4f.oem4f (.const:ti_sysbios_family_arm_lm4_Timer_enableFunc__C)
                  0000a188    00000004     main_pem4f.oem4f (.const:ti_sysbios_family_arm_lm4_Timer_numTimerDevices__C)
                  0000a18c    00000004     main_pem4f.oem4f (.const:ti_sysbios_family_arm_lm4_Timer_startupNeeded__C)
                  0000a190    00000004     main_pem4f.oem4f (.const:ti_sysbios_family_arm_m3_Hwi_E_NMI__C)
                  0000a194    00000004     main_pem4f.oem4f (.const:ti_sysbios_family_arm_m3_Hwi_E_alreadyDefined__C)
                  0000a198    00000004     main_pem4f.oem4f (.const:ti_sysbios_family_arm_m3_Hwi_E_busFault__C)
                  0000a19c    00000004     main_pem4f.oem4f (.const:ti_sysbios_family_arm_m3_Hwi_E_debugMon__C)
                  0000a1a0    00000004     main_pem4f.oem4f (.const:ti_sysbios_family_arm_m3_Hwi_E_hardFault__C)
                  0000a1a4    00000004     main_pem4f.oem4f (.const:ti_sysbios_family_arm_m3_Hwi_E_memFault__C)
                  0000a1a8    00000004     main_pem4f.oem4f (.const:ti_sysbios_family_arm_m3_Hwi_E_noIsr__C)
                  0000a1ac    00000004     main_pem4f.oem4f (.const:ti_sysbios_family_arm_m3_Hwi_E_reserved__C)
                  0000a1b0    00000004     main_pem4f.oem4f (.const:ti_sysbios_family_arm_m3_Hwi_E_svCall__C)
                  0000a1b4    00000004     main_pem4f.oem4f (.const:ti_sysbios_family_arm_m3_Hwi_E_usageFault__C)
                  0000a1b8    00000004     main_pem4f.oem4f (.const:ti_sysbios_family_arm_m3_Hwi_LD_end__C)
                  0000a1bc    00000004     main_pem4f.oem4f (.const:ti_sysbios_family_arm_m3_Hwi_LM_begin__C)
                  0000a1c0    00000004     main_pem4f.oem4f (.const:ti_sysbios_family_arm_m3_Hwi_Module__diagsEnabled__C)
                  0000a1c4    00000004     main_pem4f.oem4f (.const:ti_sysbios_family_arm_m3_Hwi_Module__diagsIncluded__C)
                  0000a1c8    00000004     main_pem4f.oem4f (.const:ti_sysbios_family_arm_m3_Hwi_Module__diagsMask__C)
                  0000a1cc    00000004     main_pem4f.oem4f (.const:ti_sysbios_family_arm_m3_Hwi_Module__loggerFxn1__C)
                  0000a1d0    00000004     main_pem4f.oem4f (.const:ti_sysbios_family_arm_m3_Hwi_Module__loggerFxn8__C)
                  0000a1d4    00000004     main_pem4f.oem4f (.const:ti_sysbios_family_arm_m3_Hwi_Module__loggerObj__C)
                  0000a1d8    00000004     main_pem4f.oem4f (.const:ti_sysbios_family_arm_m3_Hwi_NUM_INTERRUPTS__C)
                  0000a1dc    00000004     main_pem4f.oem4f (.const:ti_sysbios_family_arm_m3_Hwi_ccr__C)
                  0000a1e0    00000004     main_pem4f.oem4f (.const:ti_sysbios_family_arm_m3_Hwi_dispatchTable__C)
                  0000a1e4    00000004     main_pem4f.oem4f (.const:ti_sysbios_family_arm_m3_Hwi_excHandlerFunc__C)
                  0000a1e8    00000004     main_pem4f.oem4f (.const:ti_sysbios_family_arm_m3_Hwi_excHookFuncs__C)
                  0000a1ec    00000004     main_pem4f.oem4f (.const:ti_sysbios_family_arm_m3_Hwi_priGroup__C)
                  0000a1f0    00000004     main_pem4f.oem4f (.const:ti_sysbios_family_arm_m3_Hwi_priorities__C)
                  0000a1f4    00000004     main_pem4f.oem4f (.const:ti_sysbios_gates_GateMutex_A_badContext__C)
                  0000a1f8    00000004     main_pem4f.oem4f (.const:ti_sysbios_gates_GateMutex_Instance_State_sem__O)
                  0000a1fc    00000004     main_pem4f.oem4f (.const:ti_sysbios_gates_GateMutex_Module__diagsEnabled__C)
                  0000a200    00000004     main_pem4f.oem4f (.const:ti_sysbios_gates_GateMutex_Module__diagsIncluded__C)
                  0000a204    00000004     main_pem4f.oem4f (.const:ti_sysbios_gates_GateMutex_Module__diagsMask__C)
                  0000a208    00000004     main_pem4f.oem4f (.const:ti_sysbios_hal_Hwi_E_stackOverflow__C)
                  0000a20c    00000004     main_pem4f.oem4f (.const:ti_sysbios_heaps_HeapMem_A_align__C)
                  0000a210    00000004     main_pem4f.oem4f (.const:ti_sysbios_heaps_HeapMem_A_heapSize__C)
                  0000a214    00000004     main_pem4f.oem4f (.const:ti_sysbios_heaps_HeapMem_A_invalidFree__C)
                  0000a218    00000004     main_pem4f.oem4f (.const:ti_sysbios_heaps_HeapMem_A_zeroBlock__C)
                  0000a21c    00000004     main_pem4f.oem4f (.const:ti_sysbios_heaps_HeapMem_E_memory__C)
                  0000a220    00000004     main_pem4f.oem4f (.const:ti_sysbios_heaps_HeapMem_Module__diagsEnabled__C)
                  0000a224    00000004     main_pem4f.oem4f (.const:ti_sysbios_heaps_HeapMem_Module__diagsIncluded__C)
                  0000a228    00000004     main_pem4f.oem4f (.const:ti_sysbios_heaps_HeapMem_Module__diagsMask__C)
                  0000a22c    00000004     main_pem4f.oem4f (.const:ti_sysbios_heaps_HeapMem_Module__gateObj__C)
                  0000a230    00000004     main_pem4f.oem4f (.const:ti_sysbios_heaps_HeapMem_Object__count__C)
                  0000a234    00000004     main_pem4f.oem4f (.const:ti_sysbios_heaps_HeapMem_reqAlign__C)
                  0000a238    00000004     main_pem4f.oem4f (.const:ti_sysbios_io_DEV_Object__count__C)
                  0000a23c    00000004     main_pem4f.oem4f (.const:ti_sysbios_io_DEV_tableSize__C)
                  0000a240    00000004     main_pem4f.oem4f (.const:ti_sysbios_knl_Clock_LM_begin__C)
                  0000a244    00000004     main_pem4f.oem4f (.const:ti_sysbios_knl_Clock_LM_tick__C)
                  0000a248    00000004     main_pem4f.oem4f (.const:ti_sysbios_knl_Clock_LW_delayed__C)
                  0000a24c    00000004     main_pem4f.oem4f (.const:ti_sysbios_knl_Clock_Module_State_clockQ__O)
                  0000a250    00000004     main_pem4f.oem4f (.const:ti_sysbios_knl_Clock_Module__diagsEnabled__C)
                  0000a254    00000004     main_pem4f.oem4f (.const:ti_sysbios_knl_Clock_Module__diagsIncluded__C)
                  0000a258    00000004     main_pem4f.oem4f (.const:ti_sysbios_knl_Clock_Module__diagsMask__C)
                  0000a25c    00000004     main_pem4f.oem4f (.const:ti_sysbios_knl_Clock_Module__loggerFxn1__C)
                  0000a260    00000004     main_pem4f.oem4f (.const:ti_sysbios_knl_Clock_Module__loggerFxn2__C)
                  0000a264    00000004     main_pem4f.oem4f (.const:ti_sysbios_knl_Clock_Module__loggerObj__C)
                  0000a268    00000004     main_pem4f.oem4f (.const:ti_sysbios_knl_Semaphore_A_badContext__C)
                  0000a26c    00000004     main_pem4f.oem4f (.const:ti_sysbios_knl_Semaphore_A_noEvents__C)
                  0000a270    00000004     main_pem4f.oem4f (.const:ti_sysbios_knl_Semaphore_A_overflow__C)
                  0000a274    00000004     main_pem4f.oem4f (.const:ti_sysbios_knl_Semaphore_A_pendTaskDisabled__C)
                  0000a278    00000004     main_pem4f.oem4f (.const:ti_sysbios_knl_Semaphore_Instance_State_pendQ__O)
                  0000a27c    00000004     main_pem4f.oem4f (.const:ti_sysbios_knl_Semaphore_LM_pend__C)
                  0000a280    00000004     main_pem4f.oem4f (.const:ti_sysbios_knl_Semaphore_LM_post__C)
                  0000a284    00000004     main_pem4f.oem4f (.const:ti_sysbios_knl_Semaphore_Module__diagsEnabled__C)
                  0000a288    00000004     main_pem4f.oem4f (.const:ti_sysbios_knl_Semaphore_Module__diagsIncluded__C)
                  0000a28c    00000004     main_pem4f.oem4f (.const:ti_sysbios_knl_Semaphore_Module__diagsMask__C)
                  0000a290    00000004     main_pem4f.oem4f (.const:ti_sysbios_knl_Semaphore_Module__loggerFxn2__C)
                  0000a294    00000004     main_pem4f.oem4f (.const:ti_sysbios_knl_Semaphore_Module__loggerFxn4__C)
                  0000a298    00000004     main_pem4f.oem4f (.const:ti_sysbios_knl_Semaphore_Module__loggerObj__C)
                  0000a29c    00000004     main_pem4f.oem4f (.const:ti_sysbios_knl_Swi_LD_end__C)
                  0000a2a0    00000004     main_pem4f.oem4f (.const:ti_sysbios_knl_Swi_LM_begin__C)
                  0000a2a4    00000004     main_pem4f.oem4f (.const:ti_sysbios_knl_Swi_LM_post__C)
                  0000a2a8    00000004     main_pem4f.oem4f (.const:ti_sysbios_knl_Swi_Module__diagsEnabled__C)
                  0000a2ac    00000004     main_pem4f.oem4f (.const:ti_sysbios_knl_Swi_Module__diagsIncluded__C)
                  0000a2b0    00000004     main_pem4f.oem4f (.const:ti_sysbios_knl_Swi_Module__diagsMask__C)
                  0000a2b4    00000004     main_pem4f.oem4f (.const:ti_sysbios_knl_Swi_Module__loggerFxn1__C)
                  0000a2b8    00000004     main_pem4f.oem4f (.const:ti_sysbios_knl_Swi_Module__loggerFxn4__C)
                  0000a2bc    00000004     main_pem4f.oem4f (.const:ti_sysbios_knl_Swi_Module__loggerObj__C)
                  0000a2c0    00000004     main_pem4f.oem4f (.const:ti_sysbios_knl_Swi_Object__count__C)
                  0000a2c4    00000004     main_pem4f.oem4f (.const:ti_sysbios_knl_Task_E_spOutOfBounds__C)
                  0000a2c8    00000004     main_pem4f.oem4f (.const:ti_sysbios_knl_Task_E_stackOverflow__C)
                  0000a2cc    00000004     main_pem4f.oem4f (.const:ti_sysbios_knl_Task_LD_block__C)
                  0000a2d0    00000004     main_pem4f.oem4f (.const:ti_sysbios_knl_Task_LD_exit__C)
                  0000a2d4    00000004     main_pem4f.oem4f (.const:ti_sysbios_knl_Task_LD_ready__C)
                  0000a2d8    00000004     main_pem4f.oem4f (.const:ti_sysbios_knl_Task_LM_switch__C)
                  0000a2dc    00000004     main_pem4f.oem4f (.const:ti_sysbios_knl_Task_Module_State_inactiveQ__O)
                  0000a2e0    00000004     main_pem4f.oem4f (.const:ti_sysbios_knl_Task_Module__diagsEnabled__C)
                  0000a2e4    00000004     main_pem4f.oem4f (.const:ti_sysbios_knl_Task_Module__diagsIncluded__C)
                  0000a2e8    00000004     main_pem4f.oem4f (.const:ti_sysbios_knl_Task_Module__diagsMask__C)
                  0000a2ec    00000004     main_pem4f.oem4f (.const:ti_sysbios_knl_Task_Module__loggerFxn2__C)
                  0000a2f0    00000004     main_pem4f.oem4f (.const:ti_sysbios_knl_Task_Module__loggerFxn4__C)
                  0000a2f4    00000004     main_pem4f.oem4f (.const:ti_sysbios_knl_Task_Module__loggerObj__C)
                  0000a2f8    00000004     main_pem4f.oem4f (.const:ti_sysbios_knl_Task_Object__count__C)
                  0000a2fc    00000004     main_pem4f.oem4f (.const:ti_sysbios_knl_Task_Object__heap__C)
                  0000a300    00000004     main_pem4f.oem4f (.const:ti_sysbios_knl_Task_allBlockedFunc__C)
                  0000a304    00000004     main_pem4f.oem4f (.const:ti_sysbios_knl_Task_numConstructedTasks__C)
                  0000a308    00000004     main_pem4f.oem4f (.const:ti_sysbios_utils_Load_LS_cpuLoad__C)
                  0000a30c    00000004     main_pem4f.oem4f (.const:ti_sysbios_utils_Load_LS_hwiLoad__C)
                  0000a310    00000004     main_pem4f.oem4f (.const:ti_sysbios_utils_Load_LS_taskLoad__C)
                  0000a314    00000004     main_pem4f.oem4f (.const:ti_sysbios_utils_Load_Module_State_taskList__O)
                  0000a318    00000004     main_pem4f.oem4f (.const:ti_sysbios_utils_Load_Module__diagsEnabled__C)
                  0000a31c    00000004     main_pem4f.oem4f (.const:ti_sysbios_utils_Load_Module__diagsIncluded__C)
                  0000a320    00000004     main_pem4f.oem4f (.const:ti_sysbios_utils_Load_Module__diagsMask__C)
                  0000a324    00000004     main_pem4f.oem4f (.const:ti_sysbios_utils_Load_Module__loggerFxn1__C)
                  0000a328    00000004     main_pem4f.oem4f (.const:ti_sysbios_utils_Load_Module__loggerFxn2__C)
                  0000a32c    00000004     main_pem4f.oem4f (.const:ti_sysbios_utils_Load_Module__loggerFxn4__C)
                  0000a330    00000004     main_pem4f.oem4f (.const:ti_sysbios_utils_Load_Module__loggerObj__C)
                  0000a334    00000004     main_pem4f.oem4f (.const:ti_sysbios_utils_Load_postUpdate__C)
                  0000a338    00000004     main_pem4f.oem4f (.const:ti_sysbios_utils_Load_windowInMs__C)
                  0000a33c    00000004     main_pem4f.oem4f (.const:ti_uia_runtime_ILoggerSnapshot_Interface__BASE__C)
                  0000a340    00000004     main_pem4f.oem4f (.const:ti_uia_runtime_IUIATransfer_Interface__BASE__C)
                  0000a344    00000004     main_pem4f.oem4f (.const:ti_uia_runtime_LoggerStopMode_E_badLevel__C)
                  0000a348    00000004     main_pem4f.oem4f (.const:ti_uia_runtime_LoggerStopMode_Object__count__C)
                  0000a34c    00000004     main_pem4f.oem4f (.const:ti_uia_runtime_LoggerStopMode_overflowLogger__C)
                  0000a350    00000004     main_pem4f.oem4f (.const:ti_uia_runtime_LoggerStopMode_statusLogger__C)
                  0000a354    00000004     main_pem4f.oem4f (.const:xdc_runtime_Assert_E_assertFailed__C)
                  0000a358    00000004     main_pem4f.oem4f (.const:xdc_runtime_Core_A_initializedParams__C)
                  0000a35c    00000004     main_pem4f.oem4f (.const:xdc_runtime_Core_Module__diagsEnabled__C)
                  0000a360    00000004     main_pem4f.oem4f (.const:xdc_runtime_Core_Module__diagsIncluded__C)
                  0000a364    00000004     main_pem4f.oem4f (.const:xdc_runtime_Core_Module__diagsMask__C)
                  0000a368    00000004     main_pem4f.oem4f (.const:xdc_runtime_Error_E_generic__C)
                  0000a36c    00000004     main_pem4f.oem4f (.const:xdc_runtime_Error_E_memory__C)
                  0000a370    00000004     main_pem4f.oem4f (.const:xdc_runtime_Error_Module__diagsEnabled__C)
                  0000a374    00000004     main_pem4f.oem4f (.const:xdc_runtime_Error_Module__diagsIncluded__C)
                  0000a378    00000004     main_pem4f.oem4f (.const:xdc_runtime_Error_Module__diagsMask__C)
                  0000a37c    00000004     main_pem4f.oem4f (.const:xdc_runtime_Error_Module__loggerFxn8__C)
                  0000a380    00000004     main_pem4f.oem4f (.const:xdc_runtime_Error_Module__loggerObj__C)
                  0000a384    00000004     main_pem4f.oem4f (.const:xdc_runtime_Error_raiseHook__C)
                  0000a388    00000004     main_pem4f.oem4f (.const:xdc_runtime_IFilterLogger_Interface__BASE__C)
                  0000a38c    00000004     main_pem4f.oem4f (.const:xdc_runtime_IGateProvider_Interface__BASE__C)
                  0000a390    00000004     main_pem4f.oem4f (.const:xdc_runtime_IHeap_Interface__BASE__C)
                  0000a394    00000004     main_pem4f.oem4f (.const:xdc_runtime_ILogger_Interface__BASE__C)
                  0000a398    00000004     main_pem4f.oem4f (.const:xdc_runtime_IModule_Interface__BASE__C)
                  0000a39c    00000004     main_pem4f.oem4f (.const:xdc_runtime_Log_L_error__C)
                  0000a3a0    00000004     main_pem4f.oem4f (.const:xdc_runtime_Main_Module__diagsEnabled__C)
                  0000a3a4    00000004     main_pem4f.oem4f (.const:xdc_runtime_Main_Module__diagsIncluded__C)
                  0000a3a8    00000004     main_pem4f.oem4f (.const:xdc_runtime_Main_Module__diagsMask__C)
                  0000a3ac    00000004     main_pem4f.oem4f (.const:xdc_runtime_Main_Module__loggerFxn4__C)
                  0000a3b0    00000004     main_pem4f.oem4f (.const:xdc_runtime_Main_Module__loggerObj__C)
                  0000a3b4    00000004     main_pem4f.oem4f (.const:xdc_runtime_Memory_defaultHeapInstance__C)
                  0000a3b8    00000004     main_pem4f.oem4f (.const:xdc_runtime_Startup_execImpl__C)
                  0000a3bc    00000004     main_pem4f.oem4f (.const:xdc_runtime_Startup_maxPasses__C)
                  0000a3c0    00000004     main_pem4f.oem4f (.const:xdc_runtime_Startup_sfxnRts__C)
                  0000a3c4    00000004     main_pem4f.oem4f (.const:xdc_runtime_Startup_sfxnTab__C)
                  0000a3c8    00000004     main_pem4f.oem4f (.const:xdc_runtime_SysMin_bufSize__C)
                  0000a3cc    00000004     main_pem4f.oem4f (.const:xdc_runtime_SysMin_outputFunc__C)
                  0000a3d0    00000004     main_pem4f.oem4f (.const:xdc_runtime_System_Module__gateObj__C)
                  0000a3d4    00000004     main_pem4f.oem4f (.const:xdc_runtime_System_extendFxn__C)
                  0000a3d8    00000004     main_pem4f.oem4f (.const:xdc_runtime_System_maxAtexitHandlers__C)
                  0000a3dc    00000004     main_pem4f.oem4f (.const:xdc_runtime_Text_charTab__C)
                  0000a3e0    00000004     main_pem4f.oem4f (.const:xdc_runtime_Text_nameEmpty__C)
                  0000a3e4    00000004     main_pem4f.oem4f (.const:xdc_runtime_Text_nameStatic__C)
                  0000a3e8    00000004     main_pem4f.oem4f (.const:xdc_runtime_Text_nameUnknown__C)
                  0000a3ec    00000004     main_pem4f.oem4f (.const:xdc_runtime_Text_nodeTab__C)
                  0000a3f0    00000004     main_pem4f.oem4f (.const:xdc_runtime_Text_visitRopeFxn__C)
                  0000a3f4    00000002     main_pem4f.oem4f (.const:ti_sysbios_family_arm_m3_Hwi_Module__loggerDefined__C)
                  0000a3f6    00000002     main_pem4f.oem4f (.const:ti_sysbios_gates_GateMutex_Module__id__C)
                  0000a3f8    00000002     main_pem4f.oem4f (.const:ti_sysbios_hal_Hwi_Module__id__C)
                  0000a3fa    00000002     main_pem4f.oem4f (.const:ti_sysbios_heaps_HeapMem_Module__id__C)
                  0000a3fc    00000002     main_pem4f.oem4f (.const:ti_sysbios_io_DEV_Module__id__C)
                  0000a3fe    00000002     main_pem4f.oem4f (.const:ti_sysbios_knl_Clock_Module__id__C)
                  0000a400    00000002     main_pem4f.oem4f (.const:ti_sysbios_knl_Clock_Module__loggerDefined__C)
                  0000a402    00000002     main_pem4f.oem4f (.const:ti_sysbios_knl_Semaphore_Module__id__C)
                  0000a404    00000002     main_pem4f.oem4f (.const:ti_sysbios_knl_Semaphore_Module__loggerDefined__C)
                  0000a406    00000002     main_pem4f.oem4f (.const:ti_sysbios_knl_Swi_Module__id__C)
                  0000a408    00000002     main_pem4f.oem4f (.const:ti_sysbios_knl_Swi_Module__loggerDefined__C)
                  0000a40a    00000002     main_pem4f.oem4f (.const:ti_sysbios_knl_Task_Module__id__C)
                  0000a40c    00000002     main_pem4f.oem4f (.const:ti_sysbios_knl_Task_Module__loggerDefined__C)
                  0000a40e    00000002     main_pem4f.oem4f (.const:ti_sysbios_knl_Task_initStackFlag__C)
                  0000a410    00000002     main_pem4f.oem4f (.const:ti_sysbios_utils_Load_Module__id__C)
                  0000a412    00000002     main_pem4f.oem4f (.const:ti_sysbios_utils_Load_Module__loggerDefined__C)
                  0000a414    00000002     main_pem4f.oem4f (.const:ti_sysbios_utils_Load_autoAddTasks__C)
                  0000a416    00000002     main_pem4f.oem4f (.const:ti_sysbios_utils_Load_hwiEnabled__C)
                  0000a418    00000002     main_pem4f.oem4f (.const:ti_sysbios_utils_Load_updateInIdle__C)
                  0000a41a    00000002     main_pem4f.oem4f (.const:ti_uia_runtime_LoggerStopMode_Module__id__C)
                  0000a41c    00000002     main_pem4f.oem4f (.const:ti_uia_runtime_LoggerStopMode_filterByLevel__C)
                  0000a41e    00000002     main_pem4f.oem4f (.const:ti_uia_runtime_LoggerStopMode_isTimestampEnabled__C)
                  0000a420    00000002     main_pem4f.oem4f (.const:xdc_runtime_Core_Module__id__C)
                  0000a422    00000002     main_pem4f.oem4f (.const:xdc_runtime_Error_Module__loggerDefined__C)
                  0000a424    00000002     main_pem4f.oem4f (.const:xdc_runtime_Error_maxDepth__C)
                  0000a426    00000002     main_pem4f.oem4f (.const:xdc_runtime_Main_Module__id__C)
                  0000a428    00000002     main_pem4f.oem4f (.const:xdc_runtime_Main_Module__loggerDefined__C)
                  0000a42a    00000002     main_pem4f.oem4f (.const:xdc_runtime_Memory_Module__id__C)
                  0000a42c    00000002     main_pem4f.oem4f (.const:xdc_runtime_SysMin_flushAtExit__C)
                  0000a42e    00000002     main_pem4f.oem4f (.const:xdc_runtime_Text_charCnt__C)
                  0000a430    00000002     main_pem4f.oem4f (.const:xdc_runtime_Text_isLoaded__C)
                  0000a432    00000002     main_pem4f.oem4f (.const:xdc_runtime_Text_registryModsLastId__C)
                  0000a434    00000002     main_pem4f.oem4f (.const:xdc_runtime_Text_unnamedModsLastId__C)

.cinit     0    0000a438    000005a0     
                  0000a438    00000567     (.cinit..data.load) [load image, compression = rle]
                  0000a99f    00000001     --HOLE-- [fill = 0]
                  0000a9a0    0000000c     (__TI_handler_table)
                  0000a9ac    00000004     --HOLE-- [fill = 0]
                  0000a9b0    00000008     (.cinit..bss.load) [load image, compression = zero_init]
                  0000a9b8    00000008     (.cinit..vecs.load) [load image, compression = zero_init]
                  0000a9c0    00000018     (__TI_cinit_table)

.vecs      0    20000000    00000360     UNINITIALIZED
                  20000000    00000360     main_pem4f.oem4f (.vecs)

.bss       0    20000360    000034f8     UNINITIALIZED
                  20000360    00001000     main_pem4f.oem4f (.bss:taskStackSection)
                  20001360    00001000     main_pem4f.oem4f (.bss:ti_sysbios_heaps_HeapMem_Instance_State_0_buf__A)
                  20002360    00000480     main_pem4f.oem4f (.bss:ti_uia_runtime_LoggerStopMode_Instance_State_1_bufferArray__A)
                  200027e0    00000480     main_pem4f.oem4f (.bss:ti_uia_runtime_LoggerStopMode_Instance_State_2_bufferArray__A)
                  20002c60    00000440     EK_LM4F120XL.obj (.bss:uartTivaObjects)
                  200030a0    00000400     main_pem4f.oem4f (.bss:xdc_runtime_SysMin_Module_State_0_outbuf__A)
                  200034a0    00000280     main_pem4f.oem4f (.bss:ti_uia_runtime_LoggerStopMode_Instance_State_0_bufferArray__A)
                  20003720    00000120     rtsv7M4_T_le_v4SPD16_eabi.lib : trgmsg.obj (.bss:__CIOBUF_)
                  20003840    00000008     (.common:parmbuf)
                  20003848    00000008     (.common:ti_sysbios_knl_Task_Instance_State_0_hookEnv__A)
                  20003850    00000008     (.common:ti_sysbios_knl_Task_Instance_State_1_hookEnv__A)

.stack     0    20003858    00001000     UNINITIALIZED
                  20003858    00001000     --HOLE--

.data      0    20004858    00000b00     UNINITIALIZED
                  20004858    00000360     main_pem4f.oem4f (.data:ti_sysbios_family_arm_m3_Hwi_Module_State_0_dispatchTable__A)
                  20004bb8    000001fc     main_pem4f.oem4f (.data)
                  20004db4    00000108     main_pem4f.oem4f (.data:ti_uia_runtime_LoggerStopMode_Object__table__V)
                  20004ebc    000000a0     main_pem4f.oem4f (.data:ti_sysbios_knl_Task_Object__table__V)
                  20004f5c    00000098     main_pem4f.oem4f (.data:ti_sysbios_utils_Load_Module__state__V)
                  20004ff4    00000080     main_pem4f.oem4f (.data:ti_sysbios_knl_Swi_Module_State_0_readyQ__A)
                  20005074    00000080     main_pem4f.oem4f (.data:ti_sysbios_knl_Task_Module_State_0_readyQ__A)
                  200050f4    00000070     main_pem4f.oem4f (.data:ti_sysbios_family_arm_lm4_Timer_Object__table__V)
                  20005164    0000005c     main_pem4f.oem4f (.data:ti_sysbios_family_arm_m3_Hwi_Module__state__V)
                  200051c0    00000044     main_pem4f.oem4f (.data:ti_sysbios_knl_Task_Module__state__V)
                  20005204    00000038     main_pem4f.oem4f (.data:ti_sysbios_gates_GateMutex_Object__table__V)
                  2000523c    00000038     main_pem4f.oem4f (.data:ti_sysbios_utils_Load_Module_State_0_taskEnv__A)
                  20005274    00000030     main_pem4f.oem4f (.data:ti_sysbios_family_arm_lm4_Timer_Module_State_0_device__A)
                  200052a4    00000030     main_pem4f.oem4f (.data:ti_sysbios_family_arm_m3_Hwi_Object__table__V)
                  200052d4    00000030     main_pem4f.oem4f (.data:ti_sysbios_knl_Swi_Object__table__V)
                  20005304    00000028     main_pem4f.oem4f (.data:ti_sysbios_knl_Clock_Module__state__V)
                  2000532c    00000008     gpio_tivaware.aem4f : GPIO.oem4f (.data)
                  20005334    00000008     rtsv7M4_T_le_v4SPD16_eabi.lib : _lock.obj (.data)
                  2000533c    00000008                                   : exit.obj (.data)
                  20005344    00000008     ti.uia.runtime.aem4f : QueueDescriptor.oem4f (.data)
                  2000534c    00000004     rtsv7M4_T_le_v4SPD16_eabi.lib : dtor_list.obj (.data)
                  20005350    00000004                                   : stkdepth_vars.obj (.data)
                  20005354    00000004     uart_tivaware.aem4f : UART.oem4f (.data)


LINKER GENERATED COPY TABLES

__TI_cinit_table @ 0000a9c0 records: 3, size/record: 8, table size: 24
	.data: load addr=0000a438, load size=00000567 bytes, run addr=20004858, run size=00000b00 bytes, compression=rle
	.bss: load addr=0000a9b0, load size=00000008 bytes, run addr=20000360, run size=000034f8 bytes, compression=zero_init
	.vecs: load addr=0000a9b8, load size=00000008 bytes, run addr=20000000, run size=00000360 bytes, compression=zero_init


LINKER GENERATED HANDLER TABLE

__TI_handler_table @ 0000a9a0 records: 3, size/record: 4, table size: 12
	index: 0, handler: __TI_zero_init
	index: 1, handler: __TI_decompress_rle24
	index: 2, handler: __TI_decompress_none


GLOBAL SYMBOLS: SORTED ALPHABETICALLY BY Name 

address    name
--------   ----
00005fed   C$$EXIT
0000581b   C$$IO$$
00004c05   EK_LM4F120XL_initGPIO
00006291   EK_LM4F120XL_initGeneral
UNDEFED    EK_LM4F120XL_initSPI
000032b1   EK_LM4F120XL_initUART
00006a99   GPIODirModeSet
00002bad   GPIOPadConfigSet
00005d69   GPIOPinConfigure
000071c1   GPIOPinTypeGPIOInput
00006fef   GPIOPinTypeGPIOOutput
000071d3   GPIOPinTypeUART
00007525   GPIOPinWrite
0000a080   GPIO_config
00006bb5   GPIO_init
00003ba5   GPIO_write
00001035   HOSTclock
00000ffd   HOSTclose
00000fbf   HOSTgetenv
00000f63   HOSTlseek
00000f11   HOSTopen
00000ec5   HOSTread
00000e67   HOSTrename
00000e2d   HOSTtime
00000df5   HOSTunlink
00000da9   HOSTwrite
UNDEFED    SHT$$INIT_ARRAY$$Base
UNDEFED    SHT$$INIT_ARRAY$$Limit
00005db1   SPI_Send
000074e5   SSIBusy
00007495   SSIDataPut
0000752b   SysCtlDelay
000066b9   SysCtlPeripheralEnable
20004f0c   TSK_idle
0000749f   UARTCharGet
00007381   UARTCharGetNonBlocking
000074a9   UARTCharPut
0000738f   UARTCharPutNonBlocking
0000620d   UARTConfigSetExpClk
00006e41   UARTDisable
0000710d   UARTEnable
00007531   UARTFIFOLevelSet
00007579   UARTIntClear
000074b3   UARTIntDisable
000074ed   UARTIntEnable
000074bd   UARTIntStatus
000066ed   UARTTiva_close
00009eb0   UARTTiva_fxnTable
000074f5   UARTTiva_init
00002085   UARTTiva_open
0000537d   UARTTiva_read
00006789   UARTTiva_readCancel
00005595   UARTTiva_readPolling
000053e9   UARTTiva_write
000067bb   UARTTiva_writeCancel
000062d1   UARTTiva_writePolling
00007121   UART_Params_init
00009c34   UART_config
0000a044   UART_defaultParams
000064c1   UART_init
00007009   UART_open
000074c7   UART_write
00000000   __ASM__
20003720   __CIOBUF_
00000073   __ISA__
00000086   __PLAT__
20004858   __STACK_END
00001000   __STACK_SIZE
20003958   __STACK_TOP
000000a7   __TARG__
0000a9c0   __TI_CINIT_Base
0000a9d8   __TI_CINIT_Limit
0000a9a0   __TI_Handler_Table_Base
0000a9ac   __TI_Handler_Table_Limit
00000001   __TI_args_main
000047e9   __TI_auto_init
2000533c   __TI_cleanup_ptr
0000739d   __TI_decompress_none
0000753d   __TI_decompress_rle24
20005340   __TI_dtors_ptr
0000581f   __TI_readmsg
00000000   __TI_static_base__
000057f1   __TI_writemsg
000071e5   __TI_zero_init
000000cd   __TRDR__
00003a15   __aeabi_atexit
00004e97   __aeabi_memclr
00004e97   __aeabi_memclr4
00004e97   __aeabi_memclr8
00004889   __aeabi_memcpy
00004889   __aeabi_memcpy4
00004889   __aeabi_memcpy8
00004e99   __aeabi_memset
00004e99   __aeabi_memset4
00004e99   __aeabi_memset8
ffffffff   __binit__
ffffffff   __c_args__
00003a03   __cxa_atexit
000039bd   __cxa_finalize
000039fd   __cxa_ia64_exit
20003858   __stack
00007537   __xdc__init
20004db0   __xdc__init__addr
00007039   _args_main
00005a81   _c_int00
20005334   _lock
00007143   _nop
0000713b   _register_lock
00007135   _register_unlock
20005338   _unlock
00005ff1   abort
00003a07   atexit
ffffffff   binit
00005fa9   copy_in
00005729   echoFxn
00005ff9   exit
00007021   free
00009d88   gpioHWAttrs
00001ad9   main
20005350   main_func_sp
000068dd   malloc
00004889   memcpy
00004e9f   memset
00007251   strcpy
00007149   strlen
0000a164   ti_catalog_arm_cortexm4_tiva_ce_Boot_A_mustUseEnhancedClockMode__C
0000a168   ti_catalog_arm_cortexm4_tiva_ce_Boot_Module__diagsEnabled__C
0000a16c   ti_catalog_arm_cortexm4_tiva_ce_Boot_Module__diagsIncluded__C
0000a170   ti_catalog_arm_cortexm4_tiva_ce_Boot_Module__diagsMask__C
00009ba2   ti_catalog_arm_cortexm4_tiva_ce_Boot_Module__id__C
000073c9   ti_catalog_arm_cortexm4_tiva_ce_Boot_init__I
000033bd   ti_catalog_arm_cortexm4_tiva_ce_Boot_sysCtlClockSetI__I
000049c1   ti_catalog_arm_cortexm4_tiva_ce_Boot_sysCtlClockSet__E
00007543   ti_catalog_arm_cortexm4_tiva_ce_Boot_sysCtlDelayI__I
0000a174   ti_sysbios_BIOS_Module__diagsEnabled__C
0000a178   ti_sysbios_BIOS_Module__diagsIncluded__C
0000a17c   ti_sysbios_BIOS_Module__diagsMask__C
0000a07e   ti_sysbios_BIOS_Module__id__C
20004bb8   ti_sysbios_BIOS_Module__state__V
0000757d   ti_sysbios_BIOS_RtsGateProxy_enter__E
00007581   ti_sysbios_BIOS_RtsGateProxy_leave__E
00007595   ti_sysbios_BIOS_RtsGateProxy_query__E
00005df9   ti_sysbios_BIOS_errorRaiseHook__I
000067ed   ti_sysbios_BIOS_exitFunc__I
00007261   ti_sysbios_BIOS_getCpuFreq__E
0000a180   ti_sysbios_BIOS_installedErrorHook__C
000049bf   ti_sysbios_BIOS_nullFunc__I
00006bd9   ti_sysbios_BIOS_registerRTSLock__I
00006e5d   ti_sysbios_BIOS_rtsLock__I
0000552d   ti_sysbios_BIOS_rtsUnlock__I
00007271   ti_sysbios_BIOS_setThreadType__E
00006bfd   ti_sysbios_BIOS_startFunc__I
20005274   ti_sysbios_family_arm_lm4_Timer_Module_State_0_device__A
20004be0   ti_sysbios_family_arm_lm4_Timer_Module_State_0_handles__A
20004bd8   ti_sysbios_family_arm_lm4_Timer_Module__root__V
00007051   ti_sysbios_family_arm_lm4_Timer_Module__startupDone__F
00007051   ti_sysbios_family_arm_lm4_Timer_Module__startupDone__S
20004bf8   ti_sysbios_family_arm_lm4_Timer_Module__state__V
0000596d   ti_sysbios_family_arm_lm4_Timer_Module_startup__E
0000596d   ti_sysbios_family_arm_lm4_Timer_Module_startup__F
200050f4   ti_sysbios_family_arm_lm4_Timer_Object__table__V
0000a184   ti_sysbios_family_arm_lm4_Timer_enableFunc__C
000046a1   ti_sysbios_family_arm_lm4_Timer_enableTimers__I
000043fd   ti_sysbios_family_arm_lm4_Timer_enableTiva__I
00007585   ti_sysbios_family_arm_lm4_Timer_getPeriod__E
00004f89   ti_sysbios_family_arm_lm4_Timer_isrStub__E
000073d5   ti_sysbios_family_arm_lm4_Timer_masterDisable__I
00007589   ti_sysbios_family_arm_lm4_Timer_masterEnable__I
0000a188   ti_sysbios_family_arm_lm4_Timer_numTimerDevices__C
000014f9   ti_sysbios_family_arm_lm4_Timer_start__E
0000a18c   ti_sysbios_family_arm_lm4_Timer_startupNeeded__C
00006311   ti_sysbios_family_arm_lm4_Timer_startup__E
00006031   ti_sysbios_family_arm_lm4_Timer_stop__E
20004c04   ti_sysbios_family_arm_lm4_TimestampProvider_Module__state__V
00007549   ti_sysbios_family_arm_lm4_TimestampProvider_Module_startup__E
00007549   ti_sysbios_family_arm_lm4_TimestampProvider_Module_startup__F
00003f19   ti_sysbios_family_arm_lm4_TimestampProvider_get32__E
00002e0d   ti_sysbios_family_arm_lm4_TimestampProvider_get64__E
00007261   ti_sysbios_family_arm_lm4_TimestampProvider_getFreq__E
00007281   ti_sysbios_family_arm_lm4_TimestampProvider_rolloverFunc__E
000073e1   ti_sysbios_family_arm_lm4_TimestampProvider_startTimer__E
0000a106   ti_sysbios_family_arm_lm4_TimestampProvider_useClockTimer__C
0000a190   ti_sysbios_family_arm_m3_Hwi_E_NMI__C
0000a194   ti_sysbios_family_arm_m3_Hwi_E_alreadyDefined__C
0000a198   ti_sysbios_family_arm_m3_Hwi_E_busFault__C
0000a19c   ti_sysbios_family_arm_m3_Hwi_E_debugMon__C
0000a1a0   ti_sysbios_family_arm_m3_Hwi_E_hardFault__C
0000a1a4   ti_sysbios_family_arm_m3_Hwi_E_memFault__C
0000a1a8   ti_sysbios_family_arm_m3_Hwi_E_noIsr__C
0000a1ac   ti_sysbios_family_arm_m3_Hwi_E_reserved__C
0000a1b0   ti_sysbios_family_arm_m3_Hwi_E_svCall__C
[...]
00007537   __xdc__init
0000753d   __TI_decompress_rle24
00007543   ti_catalog_arm_cortexm4_tiva_ce_Boot_sysCtlDelayI__I
00007549   ti_sysbios_family_arm_lm4_TimestampProvider_Module_startup__E
00007549   ti_sysbios_family_arm_lm4_TimestampProvider_Module_startup__F
0000754f   ti_sysbios_family_arm_m3_Hwi_restoreFxn__E
0000754f   ti_sysbios_hal_Hwi_HwiProxy_restore__E
0000754f   ti_sysbios_hal_Hwi_restore__E
00007555   ti_sysbios_gates_GateHwi_leave__E
0000755b   ti_sysbios_heaps_HeapMem_isBlocking__E
00007561   ti_sysbios_knl_Queue_Instance_init__F
00007567   ti_uia_runtime_LoggerStopMode_getPriority__E
0000756d   ti_uia_runtime_LoggerStopMode_getTransferType__E
0000756d   ti_uia_runtime_LoggerStopMode_getTransferType__F
00007573   xdc_runtime_System_Module_startup__E
00007573   xdc_runtime_System_Module_startup__F
00007579   UARTIntClear
0000757d   ti_sysbios_BIOS_RtsGateProxy_enter__E
00007581   ti_sysbios_BIOS_RtsGateProxy_leave__E
00007585   ti_sysbios_family_arm_lm4_Timer_getPeriod__E
00007589   ti_sysbios_family_arm_lm4_Timer_masterEnable__I
0000758d   ti_sysbios_family_arm_m3_TaskSupport_Module__startupDone__S
00007591   ti_sysbios_gates_GateHwi_query__E
00007591   ti_sysbios_gates_GateHwi_query__F
00007591   xdc_runtime_Main_Module_GateProxy_query__E
00007591   xdc_runtime_System_Module_GateProxy_query__E
00007595   ti_sysbios_BIOS_RtsGateProxy_query__E
00007595   ti_sysbios_gates_GateMutex_query__E
00007595   ti_sysbios_gates_GateMutex_query__F
00007595   ti_sysbios_heaps_HeapMem_Module_GateProxy_query__E
00007599   ti_sysbios_hal_Hwi_HwiProxy_Module__startupDone__S
0000759d   ti_sysbios_hal_Timer_TimerProxy_Module__startupDone__S
000075a1   ti_sysbios_hal_Timer_TimerProxy_getPeriod__E
000075a5   ti_sysbios_heaps_HeapMem_Module_GateProxy_enter__E
000075a9   ti_sysbios_heaps_HeapMem_Module_GateProxy_leave__E
000075ad   ti_sysbios_knl_Task_SupportProxy_Module__startupDone__S
000075b1   ti_sysbios_knl_Task_startup__E
000075b5   ti_uia_runtime_LogSync_CpuTimestampProxy_Module__startupDone__S
000075b9   ti_uia_runtime_LogSync_GlobalTimestampProxy_Module__startupDone__S
000075bd   ti_uia_runtime_LoggerStopMode_getInstanceId__E
000075c1   ti_uia_runtime_LoggerStopMode_getMaxLength__E
000075c5   ti_uia_runtime_LoggerStopMode_setPriority__E
000075c9   xdc_runtime_Error_getSite__E
000075c9   xdc_runtime_Error_getSite__F
000075cd   xdc_runtime_Memory_HeapProxy_alloc__E
000075d1   xdc_runtime_Memory_HeapProxy_free__E
000075d5   xdc_runtime_System_Module_GateProxy_enter__E
000075d9   xdc_runtime_System_Module_GateProxy_leave__E
000075dd   xdc_runtime_System_aprintf_va__F
000075e1   xdc_runtime_System_printf_va__F
000075e5   xdc_runtime_System_vsnprintf__E
000075e9   xdc_runtime_TimestampNull_Module__startupDone__S
000075ed   xdc_runtime_Timestamp_Module__startupDone__S
000075f0   xdc_runtime_Text_charTab__A
0000998e   xdc_runtime_Text_nodeTab__A
00009aca   ti_sysbios_family_arm_m3_Hwi_priorities__A
00009ba2   ti_catalog_arm_cortexm4_tiva_ce_Boot_Module__id__C
00009c34   UART_config
00009ca0   ti_uia_runtime_LoggerStopMode_Module__FXNS__C
00009d48   uartTivaHWAttrs
00009d88   gpioHWAttrs
00009dc4   xdc_runtime_Startup_sfxnTab__A
00009df8   ti_sysbios_family_arm_m3_Hwi_Object__PARAMS__C
00009e28   ti_sysbios_knl_Task_hooks__A
00009e58   ti_uia_runtime_LoggerStopMode_Object__PARAMS__C
00009e88   ti_sysbios_heaps_HeapMem_Module__FXNS__C
00009eb0   UARTTiva_fxnTable
00009ed4   ti_sysbios_gates_GateHwi_Module__FXNS__C
00009ef8   ti_sysbios_gates_GateMutex_Module__FXNS__C
00009f1c   ti_sysbios_heaps_HeapMem_Object__PARAMS__C
00009f40   ti_sysbios_knl_Semaphore_Object__PARAMS__C
00009f64   ti_sysbios_family_arm_m3_Hwi_Object__DESC__C
00009f84   ti_sysbios_gates_GateHwi_Object__DESC__C
00009fa4   ti_sysbios_gates_GateMutex_Object__DESC__C
00009fc4   ti_sysbios_heaps_HeapMem_Object__DESC__C
00009fe4   ti_sysbios_knl_Queue_Object__DESC__C
0000a004   ti_sysbios_knl_Semaphore_Object__DESC__C
0000a024   ti_uia_runtime_LoggerStopMode_Object__DESC__C
0000a044   UART_defaultParams
0000a064   xdc_runtime_Startup_sfxnRts__A
0000a07e   ti_sysbios_BIOS_Module__id__C
0000a080   GPIO_config
0000a098   ti_sysbios_gates_GateHwi_Object__PARAMS__C
0000a0b0   ti_sysbios_gates_GateMutex_Object__PARAMS__C
0000a0c8   ti_sysbios_knl_Queue_Object__PARAMS__C
0000a0e0   xdc_runtime_Startup_firstFxns__A
0000a106   ti_sysbios_family_arm_lm4_TimestampProvider_useClockTimer__C
0000a119   xdc_runtime_Error_policy__C
0000a11a   ti_sysbios_family_arm_m3_Hwi_Module__id__C
0000a11c   ti_sysbios_family_arm_m3_Hwi_excHookFuncs__A
0000a124   ti_sysbios_knl_Idle_coreList__A
0000a12c   ti_sysbios_knl_Idle_coreList__C
0000a134   ti_sysbios_knl_Idle_funcList__A
0000a13c   ti_sysbios_knl_Idle_funcList__C
0000a144   ti_sysbios_knl_Task_hooks__C
0000a14c   xdc_runtime_Startup_firstFxns__C
0000a154   xdc_runtime_Startup_lastFxns__A
0000a15c   xdc_runtime_Startup_lastFxns__C
0000a164   ti_catalog_arm_cortexm4_tiva_ce_Boot_A_mustUseEnhancedClockMode__C
0000a168   ti_catalog_arm_cortexm4_tiva_ce_Boot_Module__diagsEnabled__C
0000a16c   ti_catalog_arm_cortexm4_tiva_ce_Boot_Module__diagsIncluded__C
0000a170   ti_catalog_arm_cortexm4_tiva_ce_Boot_Module__diagsMask__C
0000a174   ti_sysbios_BIOS_Module__diagsEnabled__C
0000a178   ti_sysbios_BIOS_Module__diagsIncluded__C
0000a17c   ti_sysbios_BIOS_Module__diagsMask__C
0000a180   ti_sysbios_BIOS_installedErrorHook__C
0000a184   ti_sysbios_family_arm_lm4_Timer_enableFunc__C
0000a188   ti_sysbios_family_arm_lm4_Timer_numTimerDevices__C
0000a18c   ti_sysbios_family_arm_lm4_Timer_startupNeeded__C
0000a190   ti_sysbios_family_arm_m3_Hwi_E_NMI__C
0000a194   ti_sysbios_family_arm_m3_Hwi_E_alreadyDefined__C
0000a198   ti_sysbios_family_arm_m3_Hwi_E_busFault__C
0000a19c   ti_sysbios_family_arm_m3_Hwi_E_debugMon__C
0000a1a0   ti_sysbios_family_arm_m3_Hwi_E_hardFault__C
0000a1a4   ti_sysbios_family_arm_m3_Hwi_E_memFault__C
0000a1a8   ti_sysbios_family_arm_m3_Hwi_E_noIsr__C
0000a1ac   ti_sysbios_family_arm_m3_Hwi_E_reserved__C
0000a1b0   ti_sysbios_family_arm_m3_Hwi_E_svCall__C
0000a1b4   ti_sysbios_family_arm_m3_Hwi_E_usageFault__C
0000a1b8   ti_sysbios_family_arm_m3_Hwi_LD_end__C
0000a1bc   ti_sysbios_family_arm_m3_Hwi_LM_begin__C
0000a1c0   ti_sysbios_family_arm_m3_Hwi_Module__diagsEnabled__C
0000a1c4   ti_sysbios_family_arm_m3_Hwi_Module__diagsIncluded__C
0000a1c8   ti_sysbios_family_arm_m3_Hwi_Module__diagsMask__C
0000a1cc   ti_sysbios_family_arm_m3_Hwi_Module__loggerFxn1__C
0000a1d0   ti_sysbios_family_arm_m3_Hwi_Module__loggerFxn8__C
0000a1d4   ti_sysbios_family_arm_m3_Hwi_Module__loggerObj__C
0000a1d8   ti_sysbios_family_arm_m3_Hwi_NUM_INTERRUPTS__C
0000a1dc   ti_sysbios_family_arm_m3_Hwi_ccr__C
0000a1e0   ti_sysbios_family_arm_m3_Hwi_dispatchTable__C
0000a1e4   ti_sysbios_family_arm_m3_Hwi_excHandlerFunc__C
0000a1e8   ti_sysbios_family_arm_m3_Hwi_excHookFuncs__C
0000a1ec   ti_sysbios_family_arm_m3_Hwi_priGroup__C
0000a1f0   ti_sysbios_family_arm_m3_Hwi_priorities__C
0000a1f4   ti_sysbios_gates_GateMutex_A_badContext__C
0000a1f8   ti_sysbios_gates_GateMutex_Instance_State_sem__O
0000a1fc   ti_sysbios_gates_GateMutex_Module__diagsEnabled__C
0000a200   ti_sysbios_gates_GateMutex_Module__diagsIncluded__C
0000a204   ti_sysbios_gates_GateMutex_Module__diagsMask__C
0000a208   ti_sysbios_hal_Hwi_E_stackOverflow__C
0000a20c   ti_sysbios_heaps_HeapMem_A_align__C
0000a210   ti_sysbios_heaps_HeapMem_A_heapSize__C
0000a214   ti_sysbios_heaps_HeapMem_A_invalidFree__C
0000a218   ti_sysbios_heaps_HeapMem_A_zeroBlock__C
0000a21c   ti_sysbios_heaps_HeapMem_E_memory__C
0000a220   ti_sysbios_heaps_HeapMem_Module__diagsEnabled__C
0000a224   ti_sysbios_heaps_HeapMem_Module__diagsIncluded__C
0000a228   ti_sysbios_heaps_HeapMem_Module__diagsMask__C
0000a22c   ti_sysbios_heaps_HeapMem_Module__gateObj__C
0000a230   ti_sysbios_heaps_HeapMem_Object__count__C
0000a234   ti_sysbios_heaps_HeapMem_reqAlign__C
0000a238   ti_sysbios_io_DEV_Object__count__C
0000a23c   ti_sysbios_io_DEV_tableSize__C
0000a240   ti_sysbios_knl_Clock_LM_begin__C
0000a244   ti_sysbios_knl_Clock_LM_tick__C
0000a248   ti_sysbios_knl_Clock_LW_delayed__C
0000a24c   ti_sysbios_knl_Clock_Module_State_clockQ__O
0000a250   ti_sysbios_knl_Clock_Module__diagsEnabled__C
0000a254   ti_sysbios_knl_Clock_Module__diagsIncluded__C
0000a258   ti_sysbios_knl_Clock_Module__diagsMask__C
0000a25c   ti_sysbios_knl_Clock_Module__loggerFxn1__C
0000a260   ti_sysbios_knl_Clock_Module__loggerFxn2__C
0000a264   ti_sysbios_knl_Clock_Module__loggerObj__C
0000a268   ti_sysbios_knl_Semaphore_A_badContext__C
0000a26c   ti_sysbios_knl_Semaphore_A_noEvents__C
0000a270   ti_sysbios_knl_Semaphore_A_overflow__C
0000a274   ti_sysbios_knl_Semaphore_A_pendTaskDisabled__C
0000a278   ti_sysbios_knl_Semaphore_Instance_State_pendQ__O
0000a27c   ti_sysbios_knl_Semaphore_LM_pend__C
0000a280   ti_sysbios_knl_Semaphore_LM_post__C
0000a284   ti_sysbios_knl_Semaphore_Module__diagsEnabled__C
0000a288   ti_sysbios_knl_Semaphore_Module__diagsIncluded__C
0000a28c   ti_sysbios_knl_Semaphore_Module__diagsMask__C
0000a290   ti_sysbios_knl_Semaphore_Module__loggerFxn2__C
0000a294   ti_sysbios_knl_Semaphore_Module__loggerFxn4__C
0000a298   ti_sysbios_knl_Semaphore_Module__loggerObj__C
0000a29c   ti_sysbios_knl_Swi_LD_end__C
0000a2a0   ti_sysbios_knl_Swi_LM_begin__C
0000a2a4   ti_sysbios_knl_Swi_LM_post__C
0000a2a8   ti_sysbios_knl_Swi_Module__diagsEnabled__C
0000a2ac   ti_sysbios_knl_Swi_Module__diagsIncluded__C
0000a2b0   ti_sysbios_knl_Swi_Module__diagsMask__C
0000a2b4   ti_sysbios_knl_Swi_Module__loggerFxn1__C
0000a2b8   ti_sysbios_knl_Swi_Module__loggerFxn4__C
0000a2bc   ti_sysbios_knl_Swi_Module__loggerObj__C
0000a2c0   ti_sysbios_knl_Swi_Object__count__C
0000a2c4   ti_sysbios_knl_Task_E_spOutOfBounds__C
0000a2c8   ti_sysbios_knl_Task_E_stackOverflow__C
0000a2cc   ti_sysbios_knl_Task_LD_block__C
0000a2d0   ti_sysbios_knl_Task_LD_exit__C
0000a2d4   ti_sysbios_knl_Task_LD_ready__C
0000a2d8   ti_sysbios_knl_Task_LM_switch__C
0000a2dc   ti_sysbios_knl_Task_Module_State_inactiveQ__O
0000a2e0   ti_sysbios_knl_Task_Module__diagsEnabled__C
0000a2e4   ti_sysbios_knl_Task_Module__diagsIncluded__C
0000a2e8   ti_sysbios_knl_Task_Module__diagsMask__C
0000a2ec   ti_sysbios_knl_Task_Module__loggerFxn2__C
0000a2f0   ti_sysbios_knl_Task_Module__loggerFxn4__C
0000a2f4   ti_sysbios_knl_Task_Module__loggerObj__C
0000a2f8   ti_sysbios_knl_Task_Object__count__C
0000a2fc   ti_sysbios_knl_Task_Object__heap__C
0000a300   ti_sysbios_knl_Task_allBlockedFunc__C
0000a304   ti_sysbios_knl_Task_numConstructedTasks__C
0000a308   ti_sysbios_utils_Load_LS_cpuLoad__C
0000a30c   ti_sysbios_utils_Load_LS_hwiLoad__C
0000a310   ti_sysbios_utils_Load_LS_taskLoad__C
0000a314   ti_sysbios_utils_Load_Module_State_taskList__O
0000a318   ti_sysbios_utils_Load_Module__diagsEnabled__C
0000a31c   ti_sysbios_utils_Load_Module__diagsIncluded__C
0000a320   ti_sysbios_utils_Load_Module__diagsMask__C
0000a324   ti_sysbios_utils_Load_Module__loggerFxn1__C
0000a328   ti_sysbios_utils_Load_Module__loggerFxn2__C
0000a32c   ti_sysbios_utils_Load_Module__loggerFxn4__C
0000a330   ti_sysbios_utils_Load_Module__loggerObj__C
0000a334   ti_sysbios_utils_Load_postUpdate__C
0000a338   ti_sysbios_utils_Load_windowInMs__C
0000a33c   ti_uia_runtime_ILoggerSnapshot_Interface__BASE__C
0000a340   ti_uia_runtime_IUIATransfer_Interface__BASE__C
0000a344   ti_uia_runtime_LoggerStopMode_E_badLevel__C
0000a348   ti_uia_runtime_LoggerStopMode_Object__count__C
0000a34c   ti_uia_runtime_LoggerStopMode_overflowLogger__C
0000a350   ti_uia_runtime_LoggerStopMode_statusLogger__C
0000a354   xdc_runtime_Assert_E_assertFailed__C
0000a358   xdc_runtime_Core_A_initializedParams__C
0000a35c   xdc_runtime_Core_Module__diagsEnabled__C
0000a360   xdc_runtime_Core_Module__diagsIncluded__C
0000a364   xdc_runtime_Core_Module__diagsMask__C
0000a368   xdc_runtime_Error_E_generic__C
0000a36c   xdc_runtime_Error_E_memory__C
0000a370   xdc_runtime_Error_Module__diagsEnabled__C
0000a374   xdc_runtime_Error_Module__diagsIncluded__C
0000a378   xdc_runtime_Error_Module__diagsMask__C
0000a37c   xdc_runtime_Error_Module__loggerFxn8__C
0000a380   xdc_runtime_Error_Module__loggerObj__C
0000a384   xdc_runtime_Error_raiseHook__C
0000a388   xdc_runtime_IFilterLogger_Interface__BASE__C
0000a38c   xdc_runtime_IGateProvider_Interface__BASE__C
0000a390   xdc_runtime_IHeap_Interface__BASE__C
0000a394   xdc_runtime_ILogger_Interface__BASE__C
0000a398   xdc_runtime_IModule_Interface__BASE__C
0000a39c   xdc_runtime_Log_L_error__C
0000a3a0   xdc_runtime_Main_Module__diagsEnabled__C
0000a3a4   xdc_runtime_Main_Module__diagsIncluded__C
0000a3a8   xdc_runtime_Main_Module__diagsMask__C
0000a3ac   xdc_runtime_Main_Module__loggerFxn4__C
0000a3b0   xdc_runtime_Main_Module__loggerObj__C
0000a3b4   xdc_runtime_Memory_defaultHeapInstance__C
0000a3b8   xdc_runtime_Startup_execImpl__C
0000a3bc   xdc_runtime_Startup_maxPasses__C
0000a3c0   xdc_runtime_Startup_sfxnRts__C
0000a3c4   xdc_runtime_Startup_sfxnTab__C
0000a3c8   xdc_runtime_SysMin_bufSize__C
0000a3cc   xdc_runtime_SysMin_outputFunc__C
0000a3d0   xdc_runtime_System_Module__gateObj__C
0000a3d4   xdc_runtime_System_extendFxn__C
0000a3d8   xdc_runtime_System_maxAtexitHandlers__C
0000a3dc   xdc_runtime_Text_charTab__C
0000a3e0   xdc_runtime_Text_nameEmpty__C
0000a3e4   xdc_runtime_Text_nameStatic__C
0000a3e8   xdc_runtime_Text_nameUnknown__C
0000a3ec   xdc_runtime_Text_nodeTab__C
0000a3f0   xdc_runtime_Text_visitRopeFxn__C
0000a3f4   ti_sysbios_family_arm_m3_Hwi_Module__loggerDefined__C
0000a3f6   ti_sysbios_gates_GateMutex_Module__id__C
0000a3f8   ti_sysbios_hal_Hwi_Module__id__C
0000a3fa   ti_sysbios_heaps_HeapMem_Module__id__C
0000a3fc   ti_sysbios_io_DEV_Module__id__C
0000a3fe   ti_sysbios_knl_Clock_Module__id__C
0000a400   ti_sysbios_knl_Clock_Module__loggerDefined__C
0000a402   ti_sysbios_knl_Semaphore_Module__id__C
0000a404   ti_sysbios_knl_Semaphore_Module__loggerDefined__C
0000a406   ti_sysbios_knl_Swi_Module__id__C
0000a408   ti_sysbios_knl_Swi_Module__loggerDefined__C
0000a40a   ti_sysbios_knl_Task_Module__id__C
0000a40c   ti_sysbios_knl_Task_Module__loggerDefined__C
0000a40e   ti_sysbios_knl_Task_initStackFlag__C
0000a410   ti_sysbios_utils_Load_Module__id__C
0000a412   ti_sysbios_utils_Load_Module__loggerDefined__C
0000a414   ti_sysbios_utils_Load_autoAddTasks__C
0000a416   ti_sysbios_utils_Load_hwiEnabled__C
0000a418   ti_sysbios_utils_Load_updateInIdle__C
0000a41a   ti_uia_runtime_LoggerStopMode_Module__id__C
0000a41c   ti_uia_runtime_LoggerStopMode_filterByLevel__C
0000a41e   ti_uia_runtime_LoggerStopMode_isTimestampEnabled__C
0000a420   xdc_runtime_Core_Module__id__C
0000a422   xdc_runtime_Error_Module__loggerDefined__C
0000a424   xdc_runtime_Error_maxDepth__C
0000a426   xdc_runtime_Main_Module__id__C
0000a428   xdc_runtime_Main_Module__loggerDefined__C
0000a42a   xdc_runtime_Memory_Module__id__C
0000a42c   xdc_runtime_SysMin_flushAtExit__C
0000a42e   xdc_runtime_Text_charCnt__C
0000a430   xdc_runtime_Text_isLoaded__C
0000a432   xdc_runtime_Text_registryModsLastId__C
0000a434   xdc_runtime_Text_unnamedModsLastId__C
0000a9a0   __TI_Handler_Table_Base
0000a9ac   __TI_Handler_Table_Limit
0000a9c0   __TI_CINIT_Base
0000a9d8   __TI_CINIT_Limit
20000000   ti_sysbios_family_arm_m3_Hwi_ramVectors
20000360   ti_sysbios_knl_Task_Instance_State_0_stack__A
20000b60   ti_sysbios_knl_Task_Instance_State_1_stack__A
20001360   ti_sysbios_heaps_HeapMem_Instance_State_0_buf__A
20002360   ti_uia_runtime_LoggerStopMode_Instance_State_1_bufferArray__A
200027e0   ti_uia_runtime_LoggerStopMode_Instance_State_2_bufferArray__A
20002c60   uartTivaObjects
200030a0   xdc_runtime_SysMin_Module_State_0_outbuf__A
200034a0   ti_uia_runtime_LoggerStopMode_Instance_State_0_bufferArray__A
20003720   __CIOBUF_
20003848   ti_sysbios_knl_Task_Instance_State_0_hookEnv__A
20003850   ti_sysbios_knl_Task_Instance_State_1_hookEnv__A
20003858   __stack
20003958   __STACK_TOP
20004858   __STACK_END
20004858   ti_sysbios_family_arm_m3_Hwi_Module_State_0_dispatchTable__A
20004bb8   ti_sysbios_BIOS_Module__state__V
20004bd8   ti_sysbios_family_arm_lm4_Timer_Module__root__V
20004be0   ti_sysbios_family_arm_lm4_Timer_Module_State_0_handles__A
20004bf8   ti_sysbios_family_arm_lm4_Timer_Module__state__V
20004c04   ti_sysbios_family_arm_lm4_TimestampProvider_Module__state__V
20004c0c   ti_sysbios_family_arm_m3_Hwi_Module__root__V
20004c14   ti_sysbios_family_arm_m3_Hwi_Module_State_0_excActive__A
20004c18   ti_sysbios_family_arm_m3_Hwi_Module_State_0_excContext__A
20004c1c   ti_sysbios_family_arm_m3_Hwi_Module_State_0_excStack__A
20004c20   ti_sysbios_gates_GateHwi_Module__root__V
20004c28   ti_sysbios_gates_GateHwi_Object__table__V
20004c2c   ti_sysbios_gates_GateMutex_Module__root__V
20004c34   ti_sysbios_hal_Hwi_Module__root__V
20004c3c   ti_sysbios_hal_Timer_Module__root__V
20004c44   ti_sysbios_hal_Timer_Object__table__V
20004c4c   ti_sysbios_heaps_HeapMem_Module__root__V
20004c54   ti_sysbios_heaps_HeapMem_Object__table__V
20004c6c   ti_sysbios_io_DEV_Module__root__V
20004c74   ti_sysbios_io_DEV_Module_State_0_table__A
20004c94   ti_sysbios_io_DEV_Module__state__V
20004c98   ti_sysbios_io_GIO_Module__root__V
20004ca0   ti_sysbios_knl_Clock_Module__root__V
20004ca8   ti_sysbios_knl_Event_Module__root__V
20004cb4   ti_sysbios_knl_Queue_Module__root__V
20004cbc   ti_sysbios_knl_Semaphore_Module__root__V
20004cc8   ti_sysbios_knl_Swi_Module__root__V
20004cd0   ti_sysbios_knl_Swi_Module__state__V
20004cec   ti_sysbios_knl_Task_Module__root__V
20004cf8   ti_sysbios_knl_Task_Module_State_0_idleTask__A
20004cfc   ti_sysbios_utils_Load_Module__root__V
20004d00   ti_sysbios_utils_Load_Module_State_0_taskStartTime__A
20004d04   ti_sysbios_utils_Load_Module_State_0_runningTask__A
20004d08   ti_sysbios_xdcruntime_SemThreadSupport_Module__root__V
20004d10   ti_uia_runtime_LogSync_Module__root__V
20004d18   ti_uia_runtime_LogSync_Module__state__V
20004d24   ti_uia_runtime_LoggerStopMode_Module__root__V
20004d2c   ti_uia_runtime_LoggerStopMode_Module__state__V
20004d34   ti_uia_runtime_QueueDescriptor_Module__state__V
20004d40   xdc_runtime_Error_Module__state__V
20004d42   xdc_runtime_Main_Module__root__V
20004d44   xdc_runtime_Memory_Module__state__V
20004d48   xdc_runtime_Registry_Module__state__V
20004d50   xdc_runtime_Startup_Module__state__V
20004d58   xdc_runtime_SysMin_Module__state__V
20004d64   xdc_runtime_System_Module_State_0_atexitHandlers__A
20004d84   xdc_runtime_System_Module__state__V
20004d90   xdc_runtime_Text_Module__state__V
20004d98   xdc_runtime_knl_SemThread_Module__root__V
20004da0   xdc_runtime_knl_SyncNull_Module__root__V
20004da8   xdc_runtime_knl_SyncSemThread_Module__root__V
20004db0   __xdc__init__addr
20004db4   ti_uia_runtime_LoggerStopMode_Object__table__V
20004ebc   ti_sysbios_knl_Task_Object__table__V
20004f0c   TSK_idle
20004f5c   ti_sysbios_utils_Load_Module__state__V
20004ff4   ti_sysbios_knl_Swi_Module_State_0_readyQ__A
20005074   ti_sysbios_knl_Task_Module_State_0_readyQ__A
200050f4   ti_sysbios_family_arm_lm4_Timer_Object__table__V
20005164   ti_sysbios_family_arm_m3_Hwi_Module__state__V
200051c0   ti_sysbios_knl_Task_Module__state__V
20005204   ti_sysbios_gates_GateMutex_Object__table__V
2000523c   ti_sysbios_utils_Load_Module_State_0_taskEnv__A
20005274   ti_sysbios_family_arm_lm4_Timer_Module_State_0_device__A
200052a4   ti_sysbios_family_arm_m3_Hwi_Object__table__V
200052d4   ti_sysbios_knl_Swi_Object__table__V
20005304   ti_sysbios_knl_Clock_Module__state__V
20005334   _lock
20005338   _unlock
2000533c   __TI_cleanup_ptr
20005340   __TI_dtors_ptr
20005344   ti_uia_runtime_QueueDescriptor_gPtrToFirstDescriptor
20005348   ti_uia_runtime_QueueDescriptor_gUpdateCount
20005350   main_func_sp
e000e000   ti_sysbios_family_arm_m3_Hwi_nvic
ffffffff   __binit__
ffffffff   __c_args__
ffffffff   binit
UNDEFED    EK_LM4F120XL_initSPI
UNDEFED    SHT$$INIT_ARRAY$$Base
UNDEFED    SHT$$INIT_ARRAY$$Limit

[805 symbols]
