******************************************************************************
                  TI ARM Linker PC v5.1.1                      
******************************************************************************
>> Linked Wed Feb 19 21:09:40 2014

OUTPUT FILE NAME:   <rover.out>
ENTRY POINT SYMBOL: "_c_int00"  address: 0000595d


MEMORY CONFIGURATION

         name            origin    length      used     unused   attr    fill
----------------------  --------  ---------  --------  --------  ----  --------
  FLASH                 00000000   00040000  0000a906  000356fa  R  X
  SRAM                  20000000   00008000  00005bd4  0000242c  RW X


SEGMENT ALLOCATION MAP

run origin  load origin   length   init length attrs members
----------  ----------- ---------- ----------- ----- -------
00000000    00000000    0000a908   0000a908    r-x
  00000000    00000000    00000360   00000360    r-- .resetVecs
  00000360    00000360    00007182   00007182    r-x .text
  000074e4    000074e4    00002e44   00002e44    r-- .const
  0000a328    0000a328    000005e0   000005e0    r-- .cinit
20000000    20000000    00005bd4   00000000    rw-
  20000000    20000000    00000360   00000000    rw- .vecs
  20000360    20000360    00003d00   00000000    rw- .bss
  20004060    20004060    00001000   00000000    rw- .stack
  20005060    20005060    00000b74   00000000    rw- .data


SECTION ALLOCATION MAP

 output                                  attributes/
section   page    origin      length       input sections
--------  ----  ----------  ----------   ----------------
.bootVecs 
*          0    00000000    00000008     DSECT
                  00000000    00000008     boot.aem4f : boot.oem4f (.bootVecs)

.resetVecs 
*          0    00000000    00000360     
                  00000000    00000360     main_pem4f.oem4f (.resetVecs)

xdc.meta   0    00000000    000000f5     COPY SECTION
                  00000000    000000f5     main_pem4f.oem4f (xdc.meta)

.text      0    00000360    00007182     
                  00000360    00000424     sysbios.aem4f : BIOS.obj (.text:ti_sysbios_family_arm_m3_Hwi_excDumpRegs__I)
                  00000784    00000344     ti.targets.arm.rtsarm.aem4f : System.oem4f (.text:xdc_runtime_System_doPrint__I)
                  00000ac8    000002e0     sysbios.aem4f : BIOS.obj (.text:ti_sysbios_knl_Semaphore_pend__E)
                  00000da8    000002d4     rtsv7M4_T_le_v4SPD16_eabi.lib : trgdrv.obj (.text)
                  0000107c    00000248     sysbios.aem4f : BIOS.obj (.text:ti_sysbios_heaps_HeapMem_free__E)
                  000012c4    00000234                   : BIOS.obj (.text:ti_sysbios_heaps_HeapMem_alloc__E)
                  000014f8    00000230                   : BIOS.obj (.text:ti_sysbios_family_arm_lm4_Timer_start__E)
                  00001728    00000210                   : BIOS.obj (.text:ti_sysbios_family_arm_m3_Hwi_excHandlerMax__I)
                  00001938    000001a0     ti.uia.runtime.aem4f : LoggerStopMode.oem4f (.text:ti_uia_runtime_LoggerStopMode_write8__E)
                  00001ad8    00000168     sysbios.aem4f : BIOS.obj (.text:ti_sysbios_family_arm_m3_Hwi_excBusFault__I)
                  00001c40    0000015c     ti.uia.runtime.aem4f : LoggerStopMode.oem4f (.text:ti_uia_runtime_LoggerStopMode_writeMemoryRange__E)
                  00001d9c    00000154     sysbios.aem4f : BIOS.obj (.text:ti_sysbios_family_arm_m3_Hwi_excUsageFault__I)
                  00001ef0    00000148     uart_tivaware.aem4f : UARTTiva.oem4f (.text:UARTTiva_open)
                  00002038    00000144     sysbios.aem4f : BIOS.obj (.text:ti_sysbios_knl_Semaphore_post__E)
                  0000217c    00000140                   : BIOS.obj (.text:ti_sysbios_family_arm_m3_Hwi_dispatchC__I)
                  000022bc    00000140                   : BIOS.obj (.text:ti_sysbios_family_arm_m3_Hwi_excMemFault__I)
                  000023fc    0000013c     ti.uia.runtime.aem4f : LoggerStopMode.oem4f (.text:ti_uia_runtime_LoggerStopMode_write4__E)
                  00002538    0000013c     ti.targets.arm.rtsarm.aem4f : Error.oem4f (.text:xdc_runtime_Error_raiseX__F)
                  00002674    00000138     sysbios.aem4f : BIOS.obj (.text:ti_sysbios_heaps_HeapMem_Instance_init__F)
                  000027ac    00000138                   : BIOS.obj (.text:ti_sysbios_utils_Load_logLoads__I)
                  000028e4    00000134                   : m3_Hwi_asm.obj (.text:ti_sysbios_family_arm_m3_Hwi_dispatch__I)
                  00002a18    00000130     driverlib.lib : gpio.obj (.text:GPIOPadConfigSet)
                  00002b48    00000130     sysbios.aem4f : BIOS.obj (.text:ti_sysbios_utils_Load_updateThreadContexts__E)
                  00002c78    0000012c                   : BIOS.obj (.text:ti_sysbios_family_arm_lm4_TimestampProvider_get64__E)
                  00002da4    0000012c                   : BIOS.obj (.text:ti_sysbios_knl_Clock_workFunc__E)
                  00002ed0    0000012c                   : BIOS.obj (.text:ti_sysbios_knl_Task_exit__E)
                  00002ffc    00000120                   : BIOS.obj (.text:ti_sysbios_knl_Swi_run__I)
                  0000311c    0000010c     EK_LM4F120XL.obj (.text:EK_LM4F120XL_initUART)
                  00003228    0000010c     Boot.aem4f : Boot_sysctl.oem4f (.text:ti_catalog_arm_cortexm4_tiva_ce_Boot_sysCtlClockSetI__I)
                  00003334    00000104     ti.targets.arm.rtsarm.aem4f : Core-mem.oem4f (.text:xdc_runtime_Core_createObject__I)
                  00003438    00000104     main_pem4f.oem4f (.text:xdc_runtime_System_printfExtend__I)
                  0000353c    000000fc     sysbios.aem4f : BIOS.obj (.text:ti_sysbios_knl_Task_schedule__I)
                  00003638    000000f8                   : BIOS.obj (.text:ti_sysbios_knl_Task_startCore__E)
                  00003730    000000f8     ti.targets.arm.rtsarm.aem4f : Startup.oem4f (.text:xdc_runtime_Startup_startMods__I)
                  00003828    000000f4     rtsv7M4_T_le_v4SPD16_eabi.lib : dtor_list.obj (.text)
                  0000391c    000000f4     sysbios.aem4f : BIOS.obj (.text:ti_sysbios_knl_Task_postInit__I)
                  00003a10    000000e8     gpio_tivaware.aem4f : GPIO.oem4f (.text:GPIO_write)
                  00003af8    000000e8     sysbios.aem4f : BIOS.obj (.text:ti_sysbios_family_arm_m3_Hwi_initNVIC__E)
                  00003be0    000000e8                   : BIOS.obj (.text:ti_sysbios_io_DEV_postInit__I)
                  00003cc8    000000bc                   : BIOS.obj (.text:ti_sysbios_knl_Task_unblockI__E)
                  00003d84    000000b8                   : BIOS.obj (.text:ti_sysbios_family_arm_lm4_TimestampProvider_get32__E)
                  00003e3c    000000b4                   : BIOS.obj (.text:ti_sysbios_family_arm_m3_Hwi_excHardFault__I)
                  00003ef0    000000b4                   : BIOS.obj (.text:ti_sysbios_gates_GateMutex_enter__E)
                  00003fa4    000000b4                   : BIOS.obj (.text:ti_sysbios_knl_Task_checkStacks__E)
                  00004058    000000b0                   : BIOS.obj (.text:ti_sysbios_family_arm_m3_Hwi_excDebugMon__I)
                  00004108    000000b0                   : BIOS.obj (.text:ti_sysbios_utils_Load_idleFxn__E)
                  000041b8    000000b0                   : BIOS.obj (.text:ti_sysbios_utils_Load_updateLoads__E)
                  00004268    000000ac                   : BIOS.obj (.text:ti_sysbios_family_arm_lm4_Timer_enableTiva__I)
                  00004314    000000a8                   : BIOS.obj (.text:ti_sysbios_knl_Semaphore_Instance_init__F)
                  000043bc    000000a8                   : BIOS.obj (.text:ti_sysbios_knl_Swi_post__E)
                  00004464    000000a8                   : BIOS.obj (.text:ti_sysbios_knl_Task_blockI__E)
                  0000450c    000000a4                   : BIOS.obj (.text:ti_sysbios_family_arm_lm4_Timer_enableTimers__I)
                  000045b0    000000a4                   : BIOS.obj (.text:ti_sysbios_family_arm_m3_Hwi_Module_startup__F)
                  00004654    000000a0     auto_init.aem4f : auto_init.oem4f (.text)
                  000046f4    0000009c     rtsv7M4_T_le_v4SPD16_eabi.lib : memcpy_t2.obj (.text)
                  00004790    0000009a     ti.targets.arm.rtsarm.aem4f : Text.oem4f (.text:xdc_runtime_Text_putSite__F)
                  0000482a    00000002     sysbios.aem4f : BIOS.obj (.text:ti_sysbios_BIOS_nullFunc__I)
                  0000482c    00000094     Boot.aem4f : Boot.oem4f (.text:ti_catalog_arm_cortexm4_tiva_ce_Boot_sysCtlClockSet__E)
                  000048c0    00000094     ti.targets.arm.rtsarm.aem4f : Text.oem4f (.text:xdc_runtime_Text_putMod__F)
                  00004954    00000090     sysbios.aem4f : BIOS.obj (.text:ti_sysbios_family_arm_m3_Hwi_Instance_init__F)
                  000049e4    0000008c                   : m3_TaskSupport_asm.obj (.text:ti_sysbios_family_arm_m3_TaskSupport_buildTaskStack)
                  00004a70    00000088     EK_LM4F120XL.obj (.text:EK_LM4F120XL_initGPIO)
                  00004af8    00000088     sysbios.aem4f : BIOS.obj (.text:ti_sysbios_utils_Load_addTask__E)
                  00004b80    00000084     ti.uia.runtime.aem4f : LoggerStopMode.oem4f (.text:ti_uia_runtime_LoggerStopMode_setFilterLevel__E)
                  00004c04    00000080     sysbios.aem4f : BIOS.obj (.text:ti_sysbios_knl_Task_Module_startup__F)
                  00004c84    0000007e     ti.uia.runtime.aem4f : LoggerStopMode.oem4f (.text:ti_uia_runtime_LoggerStopMode_getContents__E)
                  00004d02    00000078     rtsv7M4_T_le_v4SPD16_eabi.lib : memset_t2.obj (.text)
                  00004d7a    00000002     sysbios.aem4f : BIOS.obj (.text:ti_sysbios_gates_GateHwi_Instance_init__F)
                  00004d7c    00000078                   : BIOS.obj (.text:ti_sysbios_utils_Load_updateCurrentThreadTime__E)
                  00004df4    00000074                   : BIOS.obj (.text:ti_sysbios_family_arm_lm4_Timer_isrStub__E)
                  00004e68    00000073     main.obj (.text:uart1)
                  00004edb    00000001     --HOLE-- [fill = 0]
                  00004edc    00000070     main_pem4f.oem4f (.text:ti_sysbios_family_arm_m3_Hwi_Object__create__S)
                  00004f4c    00000070     sysbios.aem4f : BIOS.obj (.text:ti_sysbios_family_arm_m3_Hwi_reconfig__E)
                  00004fbc    00000070                   : BIOS.obj (.text:ti_sysbios_utils_Load_taskDeleteHook__E)
                  0000502c    00000070     ti.uia.runtime.aem4f : LoggerStopMode.oem4f (.text:ti_uia_runtime_LoggerStopMode_getFilterLevel__E)
                  0000509c    00000070                          : LoggerStopMode.oem4f (.text:ti_uia_runtime_LoggerStopMode_writeBlockOfMemory__I)
                  0000510c    00000070                          : QueueDescriptor.oem4f (.text:ti_uia_runtime_QueueDescriptor_addToList__E)
                  0000517c    00000070     uart_tivaware.aem4f : UARTTiva.oem4f (.text:writeData)
                  000051ec    00000070     ti.targets.arm.rtsarm.aem4f : Memory.oem4f (.text:xdc_runtime_Memory_alloc__F)
                  0000525c    0000006c     uart_tivaware.aem4f : UARTTiva.oem4f (.text:UARTTiva_read)
                  000052c8    0000006c                         : UARTTiva.oem4f (.text:UARTTiva_write)
                  00005334    0000006c     sysbios.aem4f : BIOS.obj (.text:ti_sysbios_utils_Load_taskCreateHook__E)
                  000053a0    0000006c     ti.targets.arm.rtsarm.aem4f : Error.oem4f (.text:xdc_runtime_Error_print__F)
                  0000540c    00000068     sysbios.aem4f : BIOS.obj (.text:ti_sysbios_BIOS_rtsUnlock__I)
                  00005474    00000066     uart_tivaware.aem4f : UARTTiva.oem4f (.text:UARTTiva_readPolling)
                  000054da    00000066     ti.targets.arm.rtsarm.aem4f : Core-mem.oem4f (.text:xdc_runtime_Core_deleteObject__I)
                  00005540    00000064     sysbios.aem4f : BIOS.obj (.text:ti_sysbios_knl_Clock_logTick__E)
                  000055a4    00000064                   : BIOS.obj (.text:ti_sysbios_utils_Load_logCPULoad__I)
                  00005608    00000062     uart_tivaware.aem4f : UARTTiva.oem4f (.text:UARTTiva_hwiIntFxn)
                  0000566a    00000002     main_pem4f.oem4f (.text:xdc_runtime_Startup_reset__I)
                  0000566c    00000060     rtsv7M4_T_le_v4SPD16_eabi.lib : trgmsg.obj (.text)
                  000056cc    00000060     main_pem4f.oem4f (.text:ti_uia_runtime_LoggerStopMode_Object__create__S)
                  0000572c    0000005e     uart_tivaware.aem4f : UARTTiva.oem4f (.text:readData)
                  0000578a    0000005e     rtsv7M4_T_le_v4SPD16_eabi.lib : copy_decompress_rle.obj (.text)
                  000057e8    0000005e     main.obj (.text:uart2)
                  00005846    00000002     --HOLE-- [fill = 0]
                  00005848    0000005c     sysbios.aem4f : BIOS.obj (.text:ti_sysbios_family_arm_lm4_Timer_Module_startup__F)
                  000058a4    0000005b     ti.targets.arm.rtsarm.aem4f : Text.oem4f (.text:xdc_runtime_Text_putLab__F)
                  000058ff    00000001     --HOLE-- [fill = 0]
                  00005900    0000005a     ti.uia.runtime.aem4f : LoggerStopMode.oem4f (.text:ti_uia_runtime_LoggerStopMode_readBlockOfMemory__I)
                  0000595a    00000002     --HOLE-- [fill = 0]
                  0000595c    00000058     boot.aem4f : boot.oem4f (.text)
                  000059b4    00000058     sysbios.aem4f : BIOS.obj (.text:ti_sysbios_knl_Swi_restoreHwi__E)
                  00005a0c    00000058                   : BIOS.obj (.text:ti_sysbios_knl_Swi_schedule__I)
                  00005a64    00000054     ti.uia.runtime.aem4f : QueueDescriptor.oem4f (.text:ti_uia_runtime_QueueDescriptor_removeFromList__E)
                  00005ab8    00000050     sysbios.aem4f : BIOS.obj (.text:ti_sysbios_utils_Load_taskSwitchHook__E)
                  00005b08    00000050     ti.targets.arm.rtsarm.aem4f : Startup.oem4f (.text:xdc_runtime_Startup_exec__F)
                  00005b58    00000050                                 : System.oem4f (.text:xdc_runtime_System_formatNum__I)
                  00005ba8    00000050                                 : Text.oem4f (.text:xdc_runtime_Text_visitRope2__I)
                  00005bf8    0000004c     sysbios.aem4f : BIOS.obj (.text:ti_sysbios_knl_Swi_runLoop__I)
                  00005c44    0000004a     main.obj (.text:main)
                  00005c8e    00000002     --HOLE-- [fill = 0]
                  00005c90    00000048     driverlib.lib : gpio.obj (.text:GPIOPinConfigure)
                  00005cd8    00000048     sysbios.aem4f : BIOS.obj (.text:ti_sysbios_BIOS_errorRaiseHook__I)
                  00005d20    00000048                   : BIOS.obj (.text:ti_sysbios_family_arm_m3_Hwi_excReserved__I)
                  00005d68    00000048                   : BIOS.obj (.text:ti_sysbios_heaps_HeapMem_getStats__E)
                  00005db0    00000048     ti.targets.arm.rtsarm.aem4f : Assert.oem4f (.text:xdc_runtime_Assert_raise__I)
                  00005df8    00000048                                 : Core-params.oem4f (.text:xdc_runtime_Core_assignParams__I)
                  00005e40    00000046     ti.uia.runtime.aem4f : LoggerStopMode.oem4f (.text:ti_uia_runtime_LoggerStopMode_Instance_init__F)
                  00005e86    00000002     --HOLE-- [fill = 0]
                  00005e88    00000044     rtsv7M4_T_le_v4SPD16_eabi.lib : cpy_tbl.obj (.text)
                  00005ecc    00000044                                   : exit.obj (.text)
                  00005f10    00000044     sysbios.aem4f : BIOS.obj (.text:ti_sysbios_family_arm_lm4_Timer_stop__E)
                  00005f54    00000044                   : BIOS.obj (.text:ti_sysbios_family_arm_m3_Hwi_disableInterrupt__E)
                  00005f98    00000044                   : BIOS.obj (.text:ti_sysbios_family_arm_m3_Hwi_enableInterrupt__E)
                  00005fdc    00000044                   : BIOS.obj (.text:ti_sysbios_knl_Task_allBlockedFunction__I)
                  00006020    00000044     ti.uia.runtime.aem4f : LoggerStopMode.oem4f (.text:ti_uia_runtime_LoggerStopMode_filterOutEvent__I)
                  00006064    00000044                          : LoggerStopMode.oem4f (.text:ti_uia_runtime_LoggerStopMode_reset__F)
                  000060a8    00000044     ti.targets.arm.rtsarm.aem4f : SysMin.oem4f (.text:xdc_runtime_SysMin_flush__F)
                  000060ec    00000042     driverlib.lib : uart.obj (.text:UARTConfigSetExpClk)
                  0000612e    00000042     sysbios.aem4f : BIOS.obj (.text:ti_sysbios_knl_Semaphore_pendTimeout__I)
                  00006170    00000040     EK_LM4F120XL.obj (.text:EK_LM4F120XL_initGeneral)
                  000061b0    00000040     uart_tivaware.aem4f : UARTTiva.oem4f (.text:UARTTiva_writePolling)
                  000061f0    00000040     sysbios.aem4f : BIOS.obj (.text:ti_sysbios_family_arm_lm4_Timer_startup__E)
                  00006230    00000040     main_pem4f.oem4f (.text:ti_sysbios_knl_Semaphore_Object__create__S)
                  00006270    00000040     ti.targets.arm.rtsarm.aem4f : System.oem4f (.text:xdc_runtime_System_atexit__F)
                  000062b0    0000003c     sysbios.aem4f : BIOS.obj (.text:ti_sysbios_family_arm_m3_Hwi_excSvCall__I)
                  000062ec    0000003c                   : BIOS.obj (.text:ti_sysbios_heaps_HeapMem_init__I)
                  00006328    0000003c                   : BIOS.obj (.text:ti_sysbios_knl_Swi_startup__E)
                  00006364    0000003c     ti.targets.arm.rtsarm.aem4f : Text.oem4f (.text:xdc_runtime_Text_xprintf__I)
                  000063a0    00000038     uart_tivaware.aem4f : UART.oem4f (.text:UART_init)
                  000063d8    00000038     sysbios.aem4f : BIOS.obj (.text:ti_sysbios_family_arm_m3_Hwi_excNoIsr__I)
                  00006410    00000038                   : BIOS.obj (.text:ti_sysbios_family_arm_m3_Hwi_getStackInfo__E)
                  00006448    00000038                   : BIOS.obj (.text:ti_sysbios_family_arm_m3_TaskSupport_start__E)
                  00006480    00000038     main_pem4f.oem4f (.text:ti_sysbios_gates_GateHwi_Object__create__S)
                  000064b8    00000038     main_pem4f.oem4f (.text:ti_sysbios_gates_GateMutex_Object__create__S)
                  000064f0    00000038     main_pem4f.oem4f (.text:ti_sysbios_heaps_HeapMem_Object__create__S)
                  00006528    00000038     main_pem4f.oem4f (.text:ti_sysbios_knl_Queue_Object__create__S)
                  00006560    00000038     ti.targets.arm.rtsarm.aem4f : SysMin.oem4f (.text:xdc_runtime_SysMin_putch__F)
                  00006598    00000034     driverlib.lib : sysctl.obj (.text:SysCtlPeripheralEnable)
                  000065cc    00000034     uart_tivaware.aem4f : UARTTiva.oem4f (.text:UARTTiva_close)
                  00006600    00000034     sysbios.aem4f : BIOS.obj (.text:ti_sysbios_family_arm_m3_Hwi_excNmi__I)
                  00006634    00000034                   : BIOS.obj (.text:ti_sysbios_hal_Hwi_checkStack:ti_sysbios_hal_Hwi_checkStack)
                  00006668    00000032     uart_tivaware.aem4f : UARTTiva.oem4f (.text:UARTTiva_readCancel)
                  0000669a    00000032                         : UARTTiva.oem4f (.text:UARTTiva_writeCancel)
                  000066cc    00000030     main_pem4f.oem4f (.text:ti_sysbios_BIOS_exitFunc__I)
                  000066fc    00000030     sysbios.aem4f : BIOS.obj (.text:ti_sysbios_knl_Idle_run__E)
                  0000672c    00000030     ti.targets.arm.rtsarm.aem4f : Core-label.oem4f (.text:xdc_runtime_Core_assignLabel__I)
                  0000675c    00000030                                 : SysMin.oem4f (.text:xdc_runtime_SysMin_abort__F)
                  0000678c    0000002f                                 : Text.oem4f (.text:xdc_runtime_Text_printVisFxn__I)
                  000067bb    00000001     --HOLE-- [fill = 0]
                  000067bc    0000002e     main_pem4f.oem4f (.text:malloc)
                  000067ea    0000002c     sysbios.aem4f : BIOS.obj (.text:ti_sysbios_hal_Hwi_initStack:ti_sysbios_hal_Hwi_initStack)
                  00006816    00000002     --HOLE-- [fill = 0]
                  00006818    0000002c                   : BIOS.obj (.text:ti_sysbios_io_DEV_Module_startup__F)
                  00006844    0000002c     main_pem4f.oem4f (.text:ti_sysbios_knl_Clock_doTick__I)
                  00006870    0000002c     sysbios.aem4f : BIOS.obj (.text:ti_sysbios_knl_Task_restore__E)
                  0000689c    0000002c     ti.uia.runtime.aem4f : LoggerStopMode.oem4f (.text:ti_uia_runtime_LoggerStopMode_Module_startup__F)
                  000068c8    0000002c                          : LoggerStopMode.oem4f (.text:ti_uia_runtime_LoggerStopMode_disable__E)
                  000068f4    0000002c                          : LoggerStopMode.oem4f (.text:ti_uia_runtime_LoggerStopMode_enable__E)
                  00006920    0000002c     ti.targets.arm.rtsarm.aem4f : System.oem4f (.text:xdc_runtime_System_rtsExit__I)
                  0000694c    0000002c                                 : Text.oem4f (.text:xdc_runtime_Text_cordText__F)
                  00006978    0000002a     driverlib.lib : gpio.obj (.text:GPIODirModeSet)
                  000069a2    0000002a     ti.targets.arm.rtsarm.aem4f : System.oem4f (.text:xdc_runtime_System_putchar__I)
                  000069cc    00000028     sysbios.aem4f : m3_Hwi_asm_switch.obj (.text:ti_sysbios_family_arm_m3_Hwi_initStacks__E)
                  000069f4    00000028                   : BIOS.obj (.text:ti_sysbios_gates_GateMutex_Instance_init__F)
                  00006a1c    00000028     ti.uia.runtime.aem4f : LogSync.oem4f (.text:ti_uia_runtime_LogSync_Module_startup__F)
                  00006a44    00000028                          : QueueDescriptor.oem4f (.text:ti_uia_runtime_QueueDescriptor_initHeader__E)
                  00006a6c    00000026     ti.targets.arm.rtsarm.aem4f : System.oem4f (.text:xdc_runtime_System_avprintf__F)
                  00006a92    00000002     --HOLE-- [fill = 0]
                  00006a94    00000024     gpio_tivaware.aem4f : GPIO.oem4f (.text:GPIO_init)
                  00006ab8    00000024     sysbios.aem4f : BIOS.obj (.text:ti_sysbios_BIOS_registerRTSLock__I)
                  00006adc    00000024     main_pem4f.oem4f (.text:ti_sysbios_BIOS_startFunc__I)
                  00006b00    00000024     sysbios.aem4f : BIOS.obj (.text:ti_sysbios_family_arm_m3_Hwi_Instance_finalize__F)
                  00006b24    00000024                   : BIOS.obj (.text:ti_sysbios_family_arm_m3_Hwi_doTaskRestore__I)
                  00006b48    00000024     main_pem4f.oem4f (.text:ti_sysbios_gates_GateMutex_Object__delete__S)
                  00006b6c    00000024     sysbios.aem4f : BIOS.obj (.text:ti_sysbios_knl_Clock_Module_startup__F)
                  00006b90    00000024                   : BIOS.obj (.text:ti_sysbios_knl_Swi_Module_startup__F)
                  00006bb4    00000024     ti.uia.runtime.aem4f : LoggerStopMode.oem4f (.text:ti_uia_runtime_LoggerStopMode_Instance_finalize__F)
                  00006bd8    00000024     ti.targets.arm.rtsarm.aem4f : System.oem4f (.text:xdc_runtime_System_vprintf__F)
                  00006bfc    00000022     main_pem4f.oem4f (.text:xdc_runtime_SysMin_output__I)
                  00006c1e    00000020     sysbios.aem4f : m3_Hwi_asm_switch.obj (.text:ti_sysbios_family_xxx_Hwi_switchAndRunFunc)
                  00006c3e    00000002     --HOLE-- [fill = 0]
                  00006c40    00000020     main_pem4f.oem4f (.text:ti_sysbios_gates_GateHwi_Object__delete__S)
                  00006c60    00000020     main_pem4f.oem4f (.text:ti_sysbios_heaps_HeapMem_Object__delete__S)
                  00006c80    00000020     main_pem4f.oem4f (.text:ti_sysbios_knl_Semaphore_Object__destruct__S)
                  00006ca0    00000020     sysbios.aem4f : BIOS.obj (.text:ti_sysbios_knl_Task_enter__I)
                  00006cc0    00000020     main_pem4f.oem4f (.text:ti_uia_runtime_LoggerStopMode_Object__delete__S)
                  00006ce0    00000020     ti.targets.arm.rtsarm.aem4f : Registry.oem4f (.text:xdc_runtime_Registry_findById__F)
                  00006d00    00000020                                 : SysMin.oem4f (.text:xdc_runtime_SysMin_Module_startup__F)
                  00006d20    0000001c     driverlib.lib : uart.obj (.text:UARTDisable)
                  00006d3c    0000001c     sysbios.aem4f : BIOS.obj (.text:ti_sysbios_BIOS_rtsLock__I)
                  00006d58    0000001c     main_pem4f.oem4f (.text:ti_sysbios_family_arm_m3_Hwi_Object__destruct__S)
                  00006d74    0000001c     main_pem4f.oem4f (.text:ti_sysbios_knl_Queue_Object__destruct__S)
                  00006d90    0000001c     ti.targets.arm.rtsarm.aem4f : Error.oem4f (.text:xdc_runtime_Error_check__F)
                  00006dac    0000001c                                 : Memory.oem4f (.text:xdc_runtime_Memory_valloc__F)
                  00006dc8    0000001c                                 : SysMin.oem4f (.text:xdc_runtime_SysMin_exit__F)
                  00006de4    0000001a     main_pem4f.oem4f (.text:ti_sysbios_family_arm_m3_Hwi_Handle__label__S)
                  00006dfe    0000001a     main_pem4f.oem4f (.text:ti_sysbios_gates_GateHwi_Handle__label__S)
                  00006e18    0000001a     main_pem4f.oem4f (.text:ti_sysbios_gates_GateMutex_Handle__label__S)
                  00006e32    0000001a     main_pem4f.oem4f (.text:ti_sysbios_heaps_HeapMem_Handle__label__S)
                  00006e4c    0000001a     main_pem4f.oem4f (.text:ti_sysbios_knl_Swi_Handle__label__S)
                  00006e66    0000001a     main_pem4f.oem4f (.text:ti_sysbios_knl_Task_Handle__label__S)
                  00006e80    0000001a     main_pem4f.oem4f (.text:ti_uia_runtime_LoggerStopMode_Handle__label__S)
                  00006e9a    0000001a     main_pem4f.oem4f (.text:xdc_runtime_System_aprintf__E)
                  00006eb4    0000001a     main_pem4f.oem4f (.text:xdc_runtime_System_printf__E)
                  00006ece    00000018     driverlib.lib : gpio.obj (.text:GPIOPinTypeGPIOOutput)
                  00006ee6    00000002     --HOLE-- [fill = 0]
                  00006ee8    00000018     uart_tivaware.aem4f : UART.oem4f (.text:UART_open)
                  00006f00    00000018     main_pem4f.oem4f (.text:free)
                  00006f18    00000018     rtsv7M4_T_le_v4SPD16_eabi.lib : args_main.obj (.text)
                  00006f30    00000018     main_pem4f.oem4f (.text:ti_sysbios_family_arm_lm4_Timer_Module__startupDone__F)
                  00006f48    00000018     main_pem4f.oem4f (.text:ti_sysbios_family_arm_m3_Hwi_Module__startupDone__F)
                  00006f60    00000018     sysbios.aem4f : m3_TaskSupport_asm.obj (.text:ti_sysbios_family_arm_m3_TaskSupport_swap__E)
                  00006f78    00000018                   : BIOS.obj (.text:ti_sysbios_gates_GateMutex_leave__E)
                  00006f90    00000018     main_pem4f.oem4f (.text:ti_sysbios_hal_Timer_Module__startupDone__F)
                  00006fa8    00000018     ti.targets.arm.rtsarm.aem4f : Text.oem4f (.text:xdc_runtime_Text_ropeText__F)
                  00006fc0    00000016     ti.uia.runtime.aem4f : LoggerStopMode.oem4f (.text:ti_uia_runtime_LoggerStopMode_getFreeSize__E)
                  00006fd6    00000016                          : LoggerStopMode.oem4f (.text:ti_uia_runtime_LoggerStopMode_getUnreadSize__E)
                  00006fec    00000014     driverlib.lib : uart.obj (.text:UARTEnable)
                  00007000    00000014     uart_tivaware.aem4f : UART.oem4f (.text:UART_Params_init)
                  00007014    00000014     rtsv7M4_T_le_v4SPD16_eabi.lib : _lock.obj (.text)
                  00007028    00000014                                   : strlen.obj (.text)
                  0000703c    00000014     sysbios.aem4f : BIOS.obj (.text:ti_sysbios_family_arm_m3_Hwi_switchFromBootStack__E)
                  00007050    00000014     main_pem4f.oem4f (.text:ti_sysbios_heaps_HeapMem_Object__get__S)
                  00007064    00000014     main_pem4f.oem4f (.text:ti_sysbios_knl_Swi_Object__get__S)
                  00007078    00000014     main_pem4f.oem4f (.text:ti_sysbios_knl_Task_Object__get__S)
                  0000708c    00000014     ti.targets.arm.rtsarm.aem4f : System.oem4f (.text:xdc_runtime_System_abort__F)
                  000070a0    00000012     driverlib.lib : gpio.obj (.text:GPIOPinTypeGPIOInput)
                  000070b2    00000012                   : gpio.obj (.text:GPIOPinTypeUART)
                  000070c4    00000012     rtsv7M4_T_le_v4SPD16_eabi.lib : copy_zero_init.obj (.text:decompress:ZI)
                  000070d6    00000012     sysbios.aem4f : BIOS.obj (.text:ti_sysbios_hal_Hwi_Module_startup__F)
                  000070e8    00000012                   : BIOS.obj (.text:ti_sysbios_hal_Timer_Module_startup__F)
                  000070fa    00000012     ti.uia.runtime.aem4f : LoggerStopMode.oem4f (.text:ti_uia_runtime_LoggerStopMode_write1__E)
                  0000710c    00000012                          : LoggerStopMode.oem4f (.text:ti_uia_runtime_LoggerStopMode_write2__E)
                  0000711e    00000012     main_pem4f.oem4f (.text:xdc_runtime_Startup_exec__I)
                  00007130    00000010     rtsv7M4_T_le_v4SPD16_eabi.lib : strcpy.obj (.text)
                  00007140    00000010     sysbios.aem4f : BIOS.obj (.text:ti_sysbios_BIOS_getCpuFreq__E)
                  00007150    00000010                   : BIOS.obj (.text:ti_sysbios_BIOS_setThreadType__E)
                  00007160    00000010                   : BIOS.obj (.text:ti_sysbios_BIOS_start__E)
                  00007170    00000010                   : BIOS.obj (.text:ti_sysbios_family_arm_lm4_TimestampProvider_rolloverFunc__E)
                  00007180    00000010                   : BIOS.obj (.text:ti_sysbios_family_arm_m3_Hwi_excHandler__I)
                  00007190    00000010                   : m3_TaskSupport_asm.obj (.text:ti_sysbios_family_arm_m3_TaskSupport_glue)
                  000071a0    00000010                   : m3_Hwi_asm_switch.obj (.text:ti_sysbios_family_xxx_Hwi_switchToIsrStack)
                  000071b0    00000010                   : BIOS.obj (.text:ti_sysbios_gates_GateMutex_Instance_finalize__F)
                  000071c0    00000010     main_pem4f.oem4f (.text:ti_sysbios_io_DEV_Object__get__S)
                  000071d0    00000010     main_pem4f.oem4f (.text:ti_sysbios_knl_Queue_Object__get__S)
                  000071e0    00000010     sysbios.aem4f : BIOS.obj (.text:ti_sysbios_knl_Semaphore_Instance_finalize__F)
                  000071f0    00000010                   : BIOS.obj (.text:ti_sysbios_knl_Swi_disable__E)
                  00007200    00000010                   : BIOS.obj (.text:ti_sysbios_knl_Task_disable__E)
                  00007210    00000010     main_pem4f.oem4f (.text:ti_uia_runtime_LoggerStopMode_Object__get__S)
                  00007220    00000010     ti.uia.runtime.aem4f : LoggerStopMode.oem4f (.text:ti_uia_runtime_LoggerStopMode_write0__E)
                  00007230    00000010     ti.targets.arm.rtsarm.aem4f : Gate.oem4f (.text:xdc_runtime_Gate_leaveSystem__F)
                  00007240    00000010                                 : Memory.oem4f (.text:xdc_runtime_Memory_free__F)
                  00007250    00000010                                 : SysMin.oem4f (.text:xdc_runtime_SysMin_ready__F)
                  00007260    00000010                                 : System.oem4f (.text:xdc_runtime_System_vsnprintf__F)
                  00007270    00000010     main_pem4f.oem4f (.text:xdc_runtime_Text_visitRope__I)
                  00007280    0000000e     driverlib.lib : uart.obj (.text:UARTCharGetNonBlocking)
                  0000728e    0000000e                   : uart.obj (.text:UARTCharPutNonBlocking)
                  0000729c    0000000e     rtsv7M4_T_le_v4SPD16_eabi.lib : copy_decompress_none.obj (.text:decompress:none)
                  000072aa    0000000e     main.obj (.text:init_mux_pins)
                  000072b8    0000000e     sysbios.aem4f : BIOS.obj (.text:ti_sysbios_knl_Queue_empty__E)
                  000072c6    0000000e     ti.uia.runtime.aem4f : LoggerStopMode.oem4f (.text:ti_uia_runtime_LoggerStopMode_isEmpty__E)
                  000072d4    0000000c     main_pem4f.oem4f (.text:.bootCodeSection:ti_catalog_arm_cortexm4_tiva_ce_Boot_init__I)
                  000072e0    0000000c     sysbios.aem4f : BIOS.obj (.text:ti_sysbios_family_arm_lm4_Timer_masterDisable__I)
                  000072ec    0000000c                   : BIOS.obj (.text:ti_sysbios_family_arm_lm4_TimestampProvider_startTimer__E)
                  000072f8    0000000c     main_pem4f.oem4f (.text:ti_sysbios_family_arm_m3_Hwi_Params__init__S)
                  00007304    0000000c     sysbios.aem4f : BIOS.obj (.text:ti_sysbios_family_arm_m3_Hwi_disableFxn__E)
                  00007310    0000000c                   : BIOS.obj (.text:ti_sysbios_family_arm_m3_TaskSupport_checkStack__E)
                  0000731c    0000000c                   : m3_Hwi_asm_switch.obj (.text:ti_sysbios_family_xxx_Hwi_switchToTaskStack)
                  00007328    0000000c                   : BIOS.obj (.text:ti_sysbios_gates_GateHwi_enter__E)
                  00007334    0000000c     main_pem4f.oem4f (.text:ti_sysbios_knl_Semaphore_Params__init__S)
                  00007340    0000000c     sysbios.aem4f : BIOS.obj (.text:ti_sysbios_utils_Load_taskRegHook__E)
                  0000734c    0000000c     ti.targets.arm.rtsarm.aem4f : Error.oem4f (.text:xdc_runtime_Error_init__F)
                  00007358    0000000c                                 : Gate.oem4f (.text:xdc_runtime_Gate_enterSystem__F)
                  00007364    0000000c                                 : Memory.oem4f (.text:xdc_runtime_Memory_calloc__F)
                  00007370    0000000c                                 : Memory.oem4f (.text:xdc_runtime_Memory_getMaxDefaultTypeAlign__F)
                  0000737c    0000000c                                 : System.oem4f (.text:xdc_runtime_System_exit__F)
                  00007388    0000000c                                 : System.oem4f (.text:xdc_runtime_System_lastFxn__I)
                  00007394    0000000a     driverlib.lib : uart.obj (.text:UARTCharGet)
                  0000739e    0000000a                   : uart.obj (.text:UARTCharPut)
                  000073a8    0000000a                   : uart.obj (.text:UARTIntDisable)
                  000073b2    0000000a                   : uart.obj (.text:UARTIntStatus)
                  000073bc    0000000a     uart_tivaware.aem4f : UART.oem4f (.text:UART_read)
                  000073c6    0000000a                         : UART.oem4f (.text:UART_write)
                  000073d0    0000000a     main_pem4f.oem4f (.text:xdc_runtime_IHeap_alloc)
                  000073da    0000000a     main_pem4f.oem4f (.text:xdc_runtime_IHeap_free)
                  000073e4    00000008     driverlib.lib : uart.obj (.text:UARTIntEnable)
                  000073ec    00000008     uart_tivaware.aem4f : UARTTiva.oem4f (.text:UARTTiva_init)
                  000073f4    00000008                         : UARTTiva.oem4f (.text:readSemCallback)
                  000073fc    00000008     sysbios.aem4f : BIOS.obj (.text:ti_sysbios_family_arm_m3_Hwi_doSwiRestore__I)
                  00007404    00000008                   : BIOS.obj (.text:ti_sysbios_family_arm_m3_Hwi_startup__E)
                  0000740c    00000008                   : BIOS.obj (.text:ti_sysbios_knl_Idle_loop__E)
                  00007414    00000008     uart_tivaware.aem4f : UARTTiva.oem4f (.text:writeSemCallback)
                  0000741c    00000006     driverlib.lib : gpio.obj (.text:GPIOPinWrite)
                  00007422    00000006                   : uart.obj (.text:UARTFIFOLevelSet)
                  00007428    00000006     ti.targets.arm.rtsarm.aem4f : xdc_noinit.oem4f (.text:__xdc__init)
                  0000742e    00000006     rtsv7M4_T_le_v4SPD16_eabi.lib : copy_decompress_rle.obj (.text:decompress:rle24)
                  00007434    00000006     Boot.aem4f : Boot_sysctl.oem4f (.text:ti_catalog_arm_cortexm4_tiva_ce_Boot_sysCtlDelayI__I)
                  0000743a    00000006     sysbios.aem4f : BIOS.obj (.text:ti_sysbios_family_arm_lm4_TimestampProvider_Module_startup__F)
                  00007440    00000006                   : BIOS.obj (.text:ti_sysbios_family_arm_m3_Hwi_restoreFxn__E)
                  00007446    00000006                   : BIOS.obj (.text:ti_sysbios_gates_GateHwi_leave__E)
                  0000744c    00000006                   : BIOS.obj (.text:ti_sysbios_heaps_HeapMem_isBlocking__E)
                  00007452    00000006                   : BIOS.obj (.text:ti_sysbios_knl_Queue_Instance_init__F)
                  00007458    00000006     ti.uia.runtime.aem4f : LoggerStopMode.oem4f (.text:ti_uia_runtime_LoggerStopMode_getPriority__E)
                  0000745e    00000006                          : LoggerStopMode.oem4f (.text:ti_uia_runtime_LoggerStopMode_getTransferType__F)
                  00007464    00000006     ti.targets.arm.rtsarm.aem4f : System.oem4f (.text:xdc_runtime_System_Module_startup__F)
                  0000746a    00000004     driverlib.lib : uart.obj (.text:UARTIntClear)
                  0000746e    00000004     main_pem4f.oem4f (.text:ti_sysbios_BIOS_RtsGateProxy_enter__E)
                  00007472    00000004     main_pem4f.oem4f (.text:ti_sysbios_BIOS_RtsGateProxy_leave__E)
                  00007476    00000004     sysbios.aem4f : BIOS.obj (.text:ti_sysbios_family_arm_lm4_Timer_getPeriod__E)
                  0000747a    00000004                   : BIOS.obj (.text:ti_sysbios_family_arm_lm4_Timer_masterEnable__I)
                  0000747e    00000004     main_pem4f.oem4f (.text:ti_sysbios_family_arm_m3_TaskSupport_Module__startupDone__S)
                  00007482    00000004     sysbios.aem4f : BIOS.obj (.text:ti_sysbios_gates_GateHwi_query__F)
                  00007486    00000004                   : BIOS.obj (.text:ti_sysbios_gates_GateMutex_query__F)
                  0000748a    00000004     main_pem4f.oem4f (.text:ti_sysbios_hal_Hwi_HwiProxy_Module__startupDone__S)
                  0000748e    00000004     main_pem4f.oem4f (.text:ti_sysbios_hal_Timer_TimerProxy_Module__startupDone__S)
                  00007492    00000004     main_pem4f.oem4f (.text:ti_sysbios_hal_Timer_TimerProxy_getPeriod__E)
                  00007496    00000004     main_pem4f.oem4f (.text:ti_sysbios_heaps_HeapMem_Module_GateProxy_enter__E)
                  0000749a    00000004     main_pem4f.oem4f (.text:ti_sysbios_heaps_HeapMem_Module_GateProxy_leave__E)
                  0000749e    00000004     main_pem4f.oem4f (.text:ti_sysbios_knl_Task_SupportProxy_Module__startupDone__S)
                  000074a2    00000004     sysbios.aem4f : BIOS.obj (.text:ti_sysbios_knl_Task_startup__E)
                  000074a6    00000004     main_pem4f.oem4f (.text:ti_uia_runtime_LogSync_CpuTimestampProxy_Module__startupDone__S)
                  000074aa    00000004     main_pem4f.oem4f (.text:ti_uia_runtime_LogSync_GlobalTimestampProxy_Module__startupDone__S)
                  000074ae    00000004     ti.uia.runtime.aem4f : LoggerStopMode.oem4f (.text:ti_uia_runtime_LoggerStopMode_getInstanceId__E)
                  000074b2    00000004                          : LoggerStopMode.oem4f (.text:ti_uia_runtime_LoggerStopMode_getMaxLength__E)
                  000074b6    00000004                          : LoggerStopMode.oem4f (.text:ti_uia_runtime_LoggerStopMode_setPriority__E)
                  000074ba    00000004     ti.targets.arm.rtsarm.aem4f : Error.oem4f (.text:xdc_runtime_Error_getSite__F)
                  000074be    00000004     main_pem4f.oem4f (.text:xdc_runtime_Memory_HeapProxy_alloc__E)
                  000074c2    00000004     main_pem4f.oem4f (.text:xdc_runtime_Memory_HeapProxy_free__E)
                  000074c6    00000004     main_pem4f.oem4f (.text:xdc_runtime_System_Module_GateProxy_enter__E)
                  000074ca    00000004     main_pem4f.oem4f (.text:xdc_runtime_System_Module_GateProxy_leave__E)
                  000074ce    00000004     ti.targets.arm.rtsarm.aem4f : System.oem4f (.text:xdc_runtime_System_aprintf_va__F)
                  000074d2    00000004                                 : System.oem4f (.text:xdc_runtime_System_printf_va__F)
                  000074d6    00000004     main_pem4f.oem4f (.text:xdc_runtime_System_vsnprintf__E)
                  000074da    00000004     main_pem4f.oem4f (.text:xdc_runtime_TimestampNull_Module__startupDone__S)
                  000074de    00000004     main_pem4f.oem4f (.text:xdc_runtime_Timestamp_Module__startupDone__S)

.const     0    000074e4    00002e44     
                  000074e4    000023ae     main_pem4f.oem4f (.const:xdc_runtime_Text_charTab__A)
                  00009892    0000013c     main_pem4f.oem4f (.const:xdc_runtime_Text_nodeTab__A)
                  000099ce    000000d8     main_pem4f.oem4f (.const:ti_sysbios_family_arm_m3_Hwi_priorities__A)
                  00009aa6    00000002     main_pem4f.oem4f (.const:ti_catalog_arm_cortexm4_tiva_ce_Boot_Module__id__C)
                  00009aa8    00000090     driverlib.lib : gpio.obj (.const:g_pui32GPIOBaseAddrs)
                  00009b38    0000006c     EK_LM4F120XL.obj (.const:UART_config)
                  00009ba4    00000060     main_pem4f.oem4f (.const:ti_uia_runtime_LoggerStopMode_Module__FXNS__C)
                  00009c04    00000048     main_pem4f.oem4f (.const:.string)
                  00009c4c    00000040     EK_LM4F120XL.obj (.const:uartTivaHWAttrs)
                  00009c8c    0000003c     EK_LM4F120XL.obj (.const:gpioHWAttrs)
                  00009cc8    00000034     main_pem4f.oem4f (.const:xdc_runtime_Startup_sfxnTab__A)
                  00009cfc    00000030     main_pem4f.oem4f (.const:ti_sysbios_family_arm_m3_Hwi_Object__PARAMS__C)
                  00009d2c    00000030     main_pem4f.oem4f (.const:ti_sysbios_knl_Task_hooks__A)
                  00009d5c    00000030     main_pem4f.oem4f (.const:ti_uia_runtime_LoggerStopMode_Object__PARAMS__C)
                  00009d8c    00000028     main_pem4f.oem4f (.const:ti_sysbios_heaps_HeapMem_Module__FXNS__C)
                  00009db4    00000024     uart_tivaware.aem4f : UARTTiva.oem4f (.const:UARTTiva_fxnTable)
                  00009dd8    00000024     main_pem4f.oem4f (.const:ti_sysbios_gates_GateHwi_Module__FXNS__C)
                  00009dfc    00000024     main_pem4f.oem4f (.const:ti_sysbios_gates_GateMutex_Module__FXNS__C)
                  00009e20    00000024     main_pem4f.oem4f (.const:ti_sysbios_heaps_HeapMem_Object__PARAMS__C)
                  00009e44    00000024     main_pem4f.oem4f (.const:ti_sysbios_knl_Semaphore_Object__PARAMS__C)
                  00009e68    00000020     main_pem4f.oem4f (.const:ti_sysbios_family_arm_m3_Hwi_Object__DESC__C)
                  00009e88    00000020     main_pem4f.oem4f (.const:ti_sysbios_gates_GateHwi_Object__DESC__C)
                  00009ea8    00000020     main_pem4f.oem4f (.const:ti_sysbios_gates_GateMutex_Object__DESC__C)
                  00009ec8    00000020     main_pem4f.oem4f (.const:ti_sysbios_heaps_HeapMem_Object__DESC__C)
                  00009ee8    00000020     main_pem4f.oem4f (.const:ti_sysbios_knl_Queue_Object__DESC__C)
                  00009f08    00000020     main_pem4f.oem4f (.const:ti_sysbios_knl_Semaphore_Object__DESC__C)
                  00009f28    00000020     main_pem4f.oem4f (.const:ti_uia_runtime_LoggerStopMode_Object__DESC__C)
                  00009f48    00000020     uart_tivaware.aem4f : UART.oem4f (.const)
                  00009f68    0000001a     main_pem4f.oem4f (.const:xdc_runtime_Startup_sfxnRts__A)
                  00009f82    00000002     main_pem4f.oem4f (.const:ti_sysbios_BIOS_Module__id__C)
                  00009f84    00000018     EK_LM4F120XL.obj (.const)
                  00009f9c    00000018     main_pem4f.oem4f (.const:ti_sysbios_gates_GateHwi_Object__PARAMS__C)
                  00009fb4    00000018     main_pem4f.oem4f (.const:ti_sysbios_gates_GateMutex_Object__PARAMS__C)
                  00009fcc    00000018     main_pem4f.oem4f (.const:ti_sysbios_knl_Queue_Object__PARAMS__C)
                  00009fe4    00000014     main_pem4f.oem4f (.const:xdc_runtime_Startup_firstFxns__A)
                  00009ff8    00000011     ti.targets.arm.rtsarm.aem4f : System.oem4f (.const)
                  0000a009    00000001     main_pem4f.oem4f (.const:xdc_runtime_Error_policy__C)
                  0000a00a    00000002     main_pem4f.oem4f (.const:ti_sysbios_family_arm_lm4_TimestampProvider_useClockTimer__C)
                  0000a00c    00000008     main_pem4f.oem4f (.const:ti_sysbios_family_arm_m3_Hwi_excHookFuncs__A)
                  0000a014    00000008     main_pem4f.oem4f (.const:ti_sysbios_knl_Idle_coreList__A)
                  0000a01c    00000008     main_pem4f.oem4f (.const:ti_sysbios_knl_Idle_coreList__C)
                  0000a024    00000008     main_pem4f.oem4f (.const:ti_sysbios_knl_Idle_funcList__A)
                  0000a02c    00000008     main_pem4f.oem4f (.const:ti_sysbios_knl_Idle_funcList__C)
                  0000a034    00000008     main_pem4f.oem4f (.const:ti_sysbios_knl_Task_hooks__C)
                  0000a03c    00000008     main_pem4f.oem4f (.const:xdc_runtime_Startup_firstFxns__C)
                  0000a044    00000008     main_pem4f.oem4f (.const:xdc_runtime_Startup_lastFxns__A)
                  0000a04c    00000008     main_pem4f.oem4f (.const:xdc_runtime_Startup_lastFxns__C)
                  0000a054    00000004     main_pem4f.oem4f (.const:ti_catalog_arm_cortexm4_tiva_ce_Boot_A_mustUseEnhancedClockMode__C)
                  0000a058    00000004     main_pem4f.oem4f (.const:ti_catalog_arm_cortexm4_tiva_ce_Boot_Module__diagsEnabled__C)
                  0000a05c    00000004     main_pem4f.oem4f (.const:ti_catalog_arm_cortexm4_tiva_ce_Boot_Module__diagsIncluded__C)
                  0000a060    00000004     main_pem4f.oem4f (.const:ti_catalog_arm_cortexm4_tiva_ce_Boot_Module__diagsMask__C)
                  0000a064    00000004     main_pem4f.oem4f (.const:ti_sysbios_BIOS_Module__diagsEnabled__C)
                  0000a068    00000004     main_pem4f.oem4f (.const:ti_sysbios_BIOS_Module__diagsIncluded__C)
                  0000a06c    00000004     main_pem4f.oem4f (.const:ti_sysbios_BIOS_Module__diagsMask__C)
                  0000a070    00000004     main_pem4f.oem4f (.const:ti_sysbios_BIOS_installedErrorHook__C)
                  0000a074    00000004     main_pem4f.oem4f (.const:ti_sysbios_family_arm_lm4_Timer_enableFunc__C)
                  0000a078    00000004     main_pem4f.oem4f (.const:ti_sysbios_family_arm_lm4_Timer_numTimerDevices__C)
                  0000a07c    00000004     main_pem4f.oem4f (.const:ti_sysbios_family_arm_lm4_Timer_startupNeeded__C)
                  0000a080    00000004     main_pem4f.oem4f (.const:ti_sysbios_family_arm_m3_Hwi_E_NMI__C)
                  0000a084    00000004     main_pem4f.oem4f (.const:ti_sysbios_family_arm_m3_Hwi_E_alreadyDefined__C)
                  0000a088    00000004     main_pem4f.oem4f (.const:ti_sysbios_family_arm_m3_Hwi_E_busFault__C)
                  0000a08c    00000004     main_pem4f.oem4f (.const:ti_sysbios_family_arm_m3_Hwi_E_debugMon__C)
                  0000a090    00000004     main_pem4f.oem4f (.const:ti_sysbios_family_arm_m3_Hwi_E_hardFault__C)
                  0000a094    00000004     main_pem4f.oem4f (.const:ti_sysbios_family_arm_m3_Hwi_E_memFault__C)
                  0000a098    00000004     main_pem4f.oem4f (.const:ti_sysbios_family_arm_m3_Hwi_E_noIsr__C)
                  0000a09c    00000004     main_pem4f.oem4f (.const:ti_sysbios_family_arm_m3_Hwi_E_reserved__C)
                  0000a0a0    00000004     main_pem4f.oem4f (.const:ti_sysbios_family_arm_m3_Hwi_E_svCall__C)
                  0000a0a4    00000004     main_pem4f.oem4f (.const:ti_sysbios_family_arm_m3_Hwi_E_usageFault__C)
                  0000a0a8    00000004     main_pem4f.oem4f (.const:ti_sysbios_family_arm_m3_Hwi_LD_end__C)
                  0000a0ac    00000004     main_pem4f.oem4f (.const:ti_sysbios_family_arm_m3_Hwi_LM_begin__C)
                  0000a0b0    00000004     main_pem4f.oem4f (.const:ti_sysbios_family_arm_m3_Hwi_Module__diagsEnabled__C)
                  0000a0b4    00000004     main_pem4f.oem4f (.const:ti_sysbios_family_arm_m3_Hwi_Module__diagsIncluded__C)
                  0000a0b8    00000004     main_pem4f.oem4f (.const:ti_sysbios_family_arm_m3_Hwi_Module__diagsMask__C)
                  0000a0bc    00000004     main_pem4f.oem4f (.const:ti_sysbios_family_arm_m3_Hwi_Module__loggerFxn1__C)
                  0000a0c0    00000004     main_pem4f.oem4f (.const:ti_sysbios_family_arm_m3_Hwi_Module__loggerFxn8__C)
                  0000a0c4    00000004     main_pem4f.oem4f (.const:ti_sysbios_family_arm_m3_Hwi_Module__loggerObj__C)
                  0000a0c8    00000004     main_pem4f.oem4f (.const:ti_sysbios_family_arm_m3_Hwi_NUM_INTERRUPTS__C)
                  0000a0cc    00000004     main_pem4f.oem4f (.const:ti_sysbios_family_arm_m3_Hwi_ccr__C)
                  0000a0d0    00000004     main_pem4f.oem4f (.const:ti_sysbios_family_arm_m3_Hwi_dispatchTable__C)
                  0000a0d4    00000004     main_pem4f.oem4f (.const:ti_sysbios_family_arm_m3_Hwi_excHandlerFunc__C)
                  0000a0d8    00000004     main_pem4f.oem4f (.const:ti_sysbios_family_arm_m3_Hwi_excHookFuncs__C)
                  0000a0dc    00000004     main_pem4f.oem4f (.const:ti_sysbios_family_arm_m3_Hwi_priGroup__C)
                  0000a0e0    00000004     main_pem4f.oem4f (.const:ti_sysbios_family_arm_m3_Hwi_priorities__C)
                  0000a0e4    00000004     main_pem4f.oem4f (.const:ti_sysbios_gates_GateMutex_A_badContext__C)
                  0000a0e8    00000004     main_pem4f.oem4f (.const:ti_sysbios_gates_GateMutex_Instance_State_sem__O)
                  0000a0ec    00000004     main_pem4f.oem4f (.const:ti_sysbios_gates_GateMutex_Module__diagsEnabled__C)
                  0000a0f0    00000004     main_pem4f.oem4f (.const:ti_sysbios_gates_GateMutex_Module__diagsIncluded__C)
                  0000a0f4    00000004     main_pem4f.oem4f (.const:ti_sysbios_gates_GateMutex_Module__diagsMask__C)
                  0000a0f8    00000004     main_pem4f.oem4f (.const:ti_sysbios_hal_Hwi_E_stackOverflow__C)
                  0000a0fc    00000004     main_pem4f.oem4f (.const:ti_sysbios_heaps_HeapMem_A_align__C)
                  0000a100    00000004     main_pem4f.oem4f (.const:ti_sysbios_heaps_HeapMem_A_heapSize__C)
                  0000a104    00000004     main_pem4f.oem4f (.const:ti_sysbios_heaps_HeapMem_A_invalidFree__C)
                  0000a108    00000004     main_pem4f.oem4f (.const:ti_sysbios_heaps_HeapMem_A_zeroBlock__C)
                  0000a10c    00000004     main_pem4f.oem4f (.const:ti_sysbios_heaps_HeapMem_E_memory__C)
                  0000a110    00000004     main_pem4f.oem4f (.const:ti_sysbios_heaps_HeapMem_Module__diagsEnabled__C)
                  0000a114    00000004     main_pem4f.oem4f (.const:ti_sysbios_heaps_HeapMem_Module__diagsIncluded__C)
                  0000a118    00000004     main_pem4f.oem4f (.const:ti_sysbios_heaps_HeapMem_Module__diagsMask__C)
                  0000a11c    00000004     main_pem4f.oem4f (.const:ti_sysbios_heaps_HeapMem_Module__gateObj__C)
                  0000a120    00000004     main_pem4f.oem4f (.const:ti_sysbios_heaps_HeapMem_Object__count__C)
                  0000a124    00000004     main_pem4f.oem4f (.const:ti_sysbios_heaps_HeapMem_reqAlign__C)
                  0000a128    00000004     main_pem4f.oem4f (.const:ti_sysbios_io_DEV_Object__count__C)
                  0000a12c    00000004     main_pem4f.oem4f (.const:ti_sysbios_io_DEV_tableSize__C)
                  0000a130    00000004     main_pem4f.oem4f (.const:ti_sysbios_knl_Clock_LM_begin__C)
                  0000a134    00000004     main_pem4f.oem4f (.const:ti_sysbios_knl_Clock_LM_tick__C)
                  0000a138    00000004     main_pem4f.oem4f (.const:ti_sysbios_knl_Clock_LW_delayed__C)
                  0000a13c    00000004     main_pem4f.oem4f (.const:ti_sysbios_knl_Clock_Module_State_clockQ__O)
                  0000a140    00000004     main_pem4f.oem4f (.const:ti_sysbios_knl_Clock_Module__diagsEnabled__C)
                  0000a144    00000004     main_pem4f.oem4f (.const:ti_sysbios_knl_Clock_Module__diagsIncluded__C)
                  0000a148    00000004     main_pem4f.oem4f (.const:ti_sysbios_knl_Clock_Module__diagsMask__C)
                  0000a14c    00000004     main_pem4f.oem4f (.const:ti_sysbios_knl_Clock_Module__loggerFxn1__C)
                  0000a150    00000004     main_pem4f.oem4f (.const:ti_sysbios_knl_Clock_Module__loggerFxn2__C)
                  0000a154    00000004     main_pem4f.oem4f (.const:ti_sysbios_knl_Clock_Module__loggerObj__C)
                  0000a158    00000004     main_pem4f.oem4f (.const:ti_sysbios_knl_Semaphore_A_badContext__C)
                  0000a15c    00000004     main_pem4f.oem4f (.const:ti_sysbios_knl_Semaphore_A_noEvents__C)
                  0000a160    00000004     main_pem4f.oem4f (.const:ti_sysbios_knl_Semaphore_A_overflow__C)
                  0000a164    00000004     main_pem4f.oem4f (.const:ti_sysbios_knl_Semaphore_A_pendTaskDisabled__C)
                  0000a168    00000004     main_pem4f.oem4f (.const:ti_sysbios_knl_Semaphore_Instance_State_pendQ__O)
                  0000a16c    00000004     main_pem4f.oem4f (.const:ti_sysbios_knl_Semaphore_LM_pend__C)
                  0000a170    00000004     main_pem4f.oem4f (.const:ti_sysbios_knl_Semaphore_LM_post__C)
                  0000a174    00000004     main_pem4f.oem4f (.const:ti_sysbios_knl_Semaphore_Module__diagsEnabled__C)
                  0000a178    00000004     main_pem4f.oem4f (.const:ti_sysbios_knl_Semaphore_Module__diagsIncluded__C)
                  0000a17c    00000004     main_pem4f.oem4f (.const:ti_sysbios_knl_Semaphore_Module__diagsMask__C)
                  0000a180    00000004     main_pem4f.oem4f (.const:ti_sysbios_knl_Semaphore_Module__loggerFxn2__C)
                  0000a184    00000004     main_pem4f.oem4f (.const:ti_sysbios_knl_Semaphore_Module__loggerFxn4__C)
                  0000a188    00000004     main_pem4f.oem4f (.const:ti_sysbios_knl_Semaphore_Module__loggerObj__C)
                  0000a18c    00000004     main_pem4f.oem4f (.const:ti_sysbios_knl_Swi_LD_end__C)
                  0000a190    00000004     main_pem4f.oem4f (.const:ti_sysbios_knl_Swi_LM_begin__C)
                  0000a194    00000004     main_pem4f.oem4f (.const:ti_sysbios_knl_Swi_LM_post__C)
                  0000a198    00000004     main_pem4f.oem4f (.const:ti_sysbios_knl_Swi_Module__diagsEnabled__C)
                  0000a19c    00000004     main_pem4f.oem4f (.const:ti_sysbios_knl_Swi_Module__diagsIncluded__C)
                  0000a1a0    00000004     main_pem4f.oem4f (.const:ti_sysbios_knl_Swi_Module__diagsMask__C)
                  0000a1a4    00000004     main_pem4f.oem4f (.const:ti_sysbios_knl_Swi_Module__loggerFxn1__C)
                  0000a1a8    00000004     main_pem4f.oem4f (.const:ti_sysbios_knl_Swi_Module__loggerFxn4__C)
                  0000a1ac    00000004     main_pem4f.oem4f (.const:ti_sysbios_knl_Swi_Module__loggerObj__C)
                  0000a1b0    00000004     main_pem4f.oem4f (.const:ti_sysbios_knl_Swi_Object__count__C)
                  0000a1b4    00000004     main_pem4f.oem4f (.const:ti_sysbios_knl_Task_E_spOutOfBounds__C)
                  0000a1b8    00000004     main_pem4f.oem4f (.const:ti_sysbios_knl_Task_E_stackOverflow__C)
                  0000a1bc    00000004     main_pem4f.oem4f (.const:ti_sysbios_knl_Task_LD_block__C)
                  0000a1c0    00000004     main_pem4f.oem4f (.const:ti_sysbios_knl_Task_LD_exit__C)
                  0000a1c4    00000004     main_pem4f.oem4f (.const:ti_sysbios_knl_Task_LD_ready__C)
                  0000a1c8    00000004     main_pem4f.oem4f (.const:ti_sysbios_knl_Task_LM_switch__C)
                  0000a1cc    00000004     main_pem4f.oem4f (.const:ti_sysbios_knl_Task_Module_State_inactiveQ__O)
                  0000a1d0    00000004     main_pem4f.oem4f (.const:ti_sysbios_knl_Task_Module__diagsEnabled__C)
                  0000a1d4    00000004     main_pem4f.oem4f (.const:ti_sysbios_knl_Task_Module__diagsIncluded__C)
                  0000a1d8    00000004     main_pem4f.oem4f (.const:ti_sysbios_knl_Task_Module__diagsMask__C)
                  0000a1dc    00000004     main_pem4f.oem4f (.const:ti_sysbios_knl_Task_Module__loggerFxn2__C)
                  0000a1e0    00000004     main_pem4f.oem4f (.const:ti_sysbios_knl_Task_Module__loggerFxn4__C)
                  0000a1e4    00000004     main_pem4f.oem4f (.const:ti_sysbios_knl_Task_Module__loggerObj__C)
                  0000a1e8    00000004     main_pem4f.oem4f (.const:ti_sysbios_knl_Task_Object__count__C)
                  0000a1ec    00000004     main_pem4f.oem4f (.const:ti_sysbios_knl_Task_Object__heap__C)
                  0000a1f0    00000004     main_pem4f.oem4f (.const:ti_sysbios_knl_Task_allBlockedFunc__C)
                  0000a1f4    00000004     main_pem4f.oem4f (.const:ti_sysbios_knl_Task_numConstructedTasks__C)
                  0000a1f8    00000004     main_pem4f.oem4f (.const:ti_sysbios_utils_Load_LS_cpuLoad__C)
                  0000a1fc    00000004     main_pem4f.oem4f (.const:ti_sysbios_utils_Load_LS_hwiLoad__C)
                  0000a200    00000004     main_pem4f.oem4f (.const:ti_sysbios_utils_Load_LS_taskLoad__C)
                  0000a204    00000004     main_pem4f.oem4f (.const:ti_sysbios_utils_Load_Module_State_taskList__O)
                  0000a208    00000004     main_pem4f.oem4f (.const:ti_sysbios_utils_Load_Module__diagsEnabled__C)
                  0000a20c    00000004     main_pem4f.oem4f (.const:ti_sysbios_utils_Load_Module__diagsIncluded__C)
                  0000a210    00000004     main_pem4f.oem4f (.const:ti_sysbios_utils_Load_Module__diagsMask__C)
                  0000a214    00000004     main_pem4f.oem4f (.const:ti_sysbios_utils_Load_Module__loggerFxn1__C)
                  0000a218    00000004     main_pem4f.oem4f (.const:ti_sysbios_utils_Load_Module__loggerFxn2__C)
                  0000a21c    00000004     main_pem4f.oem4f (.const:ti_sysbios_utils_Load_Module__loggerFxn4__C)
                  0000a220    00000004     main_pem4f.oem4f (.const:ti_sysbios_utils_Load_Module__loggerObj__C)
                  0000a224    00000004     main_pem4f.oem4f (.const:ti_sysbios_utils_Load_postUpdate__C)
                  0000a228    00000004     main_pem4f.oem4f (.const:ti_sysbios_utils_Load_windowInMs__C)
                  0000a22c    00000004     main_pem4f.oem4f (.const:ti_uia_runtime_ILoggerSnapshot_Interface__BASE__C)
                  0000a230    00000004     main_pem4f.oem4f (.const:ti_uia_runtime_IUIATransfer_Interface__BASE__C)
                  0000a234    00000004     main_pem4f.oem4f (.const:ti_uia_runtime_LoggerStopMode_E_badLevel__C)
                  0000a238    00000004     main_pem4f.oem4f (.const:ti_uia_runtime_LoggerStopMode_Object__count__C)
                  0000a23c    00000004     main_pem4f.oem4f (.const:ti_uia_runtime_LoggerStopMode_overflowLogger__C)
                  0000a240    00000004     main_pem4f.oem4f (.const:ti_uia_runtime_LoggerStopMode_statusLogger__C)
                  0000a244    00000004     main_pem4f.oem4f (.const:xdc_runtime_Assert_E_assertFailed__C)
                  0000a248    00000004     main_pem4f.oem4f (.const:xdc_runtime_Core_A_initializedParams__C)
                  0000a24c    00000004     main_pem4f.oem4f (.const:xdc_runtime_Core_Module__diagsEnabled__C)
                  0000a250    00000004     main_pem4f.oem4f (.const:xdc_runtime_Core_Module__diagsIncluded__C)
                  0000a254    00000004     main_pem4f.oem4f (.const:xdc_runtime_Core_Module__diagsMask__C)
                  0000a258    00000004     main_pem4f.oem4f (.const:xdc_runtime_Error_E_generic__C)
                  0000a25c    00000004     main_pem4f.oem4f (.const:xdc_runtime_Error_E_memory__C)
                  0000a260    00000004     main_pem4f.oem4f (.const:xdc_runtime_Error_Module__diagsEnabled__C)
                  0000a264    00000004     main_pem4f.oem4f (.const:xdc_runtime_Error_Module__diagsIncluded__C)
                  0000a268    00000004     main_pem4f.oem4f (.const:xdc_runtime_Error_Module__diagsMask__C)
                  0000a26c    00000004     main_pem4f.oem4f (.const:xdc_runtime_Error_Module__loggerFxn8__C)
                  0000a270    00000004     main_pem4f.oem4f (.const:xdc_runtime_Error_Module__loggerObj__C)
                  0000a274    00000004     main_pem4f.oem4f (.const:xdc_runtime_Error_raiseHook__C)
                  0000a278    00000004     main_pem4f.oem4f (.const:xdc_runtime_IFilterLogger_Interface__BASE__C)
                  0000a27c    00000004     main_pem4f.oem4f (.const:xdc_runtime_IGateProvider_Interface__BASE__C)
                  0000a280    00000004     main_pem4f.oem4f (.const:xdc_runtime_IHeap_Interface__BASE__C)
                  0000a284    00000004     main_pem4f.oem4f (.const:xdc_runtime_ILogger_Interface__BASE__C)
                  0000a288    00000004     main_pem4f.oem4f (.const:xdc_runtime_IModule_Interface__BASE__C)
                  0000a28c    00000004     main_pem4f.oem4f (.const:xdc_runtime_Log_L_error__C)
                  0000a290    00000004     main_pem4f.oem4f (.const:xdc_runtime_Main_Module__diagsEnabled__C)
                  0000a294    00000004     main_pem4f.oem4f (.const:xdc_runtime_Main_Module__diagsIncluded__C)
                  0000a298    00000004     main_pem4f.oem4f (.const:xdc_runtime_Main_Module__diagsMask__C)
                  0000a29c    00000004     main_pem4f.oem4f (.const:xdc_runtime_Main_Module__loggerFxn4__C)
                  0000a2a0    00000004     main_pem4f.oem4f (.const:xdc_runtime_Main_Module__loggerObj__C)
                  0000a2a4    00000004     main_pem4f.oem4f (.const:xdc_runtime_Memory_defaultHeapInstance__C)
                  0000a2a8    00000004     main_pem4f.oem4f (.const:xdc_runtime_Startup_execImpl__C)
                  0000a2ac    00000004     main_pem4f.oem4f (.const:xdc_runtime_Startup_maxPasses__C)
                  0000a2b0    00000004     main_pem4f.oem4f (.const:xdc_runtime_Startup_sfxnRts__C)
                  0000a2b4    00000004     main_pem4f.oem4f (.const:xdc_runtime_Startup_sfxnTab__C)
                  0000a2b8    00000004     main_pem4f.oem4f (.const:xdc_runtime_SysMin_bufSize__C)
                  0000a2bc    00000004     main_pem4f.oem4f (.const:xdc_runtime_SysMin_outputFunc__C)
                  0000a2c0    00000004     main_pem4f.oem4f (.const:xdc_runtime_System_Module__gateObj__C)
                  0000a2c4    00000004     main_pem4f.oem4f (.const:xdc_runtime_System_extendFxn__C)
                  0000a2c8    00000004     main_pem4f.oem4f (.const:xdc_runtime_System_maxAtexitHandlers__C)
                  0000a2cc    00000004     main_pem4f.oem4f (.const:xdc_runtime_Text_charTab__C)
                  0000a2d0    00000004     main_pem4f.oem4f (.const:xdc_runtime_Text_nameEmpty__C)
                  0000a2d4    00000004     main_pem4f.oem4f (.const:xdc_runtime_Text_nameStatic__C)
                  0000a2d8    00000004     main_pem4f.oem4f (.const:xdc_runtime_Text_nameUnknown__C)
                  0000a2dc    00000004     main_pem4f.oem4f (.const:xdc_runtime_Text_nodeTab__C)
                  0000a2e0    00000004     main_pem4f.oem4f (.const:xdc_runtime_Text_visitRopeFxn__C)
                  0000a2e4    00000002     main_pem4f.oem4f (.const:ti_sysbios_family_arm_m3_Hwi_Module__id__C)
                  0000a2e6    00000002     main_pem4f.oem4f (.const:ti_sysbios_family_arm_m3_Hwi_Module__loggerDefined__C)
                  0000a2e8    00000002     main_pem4f.oem4f (.const:ti_sysbios_gates_GateMutex_Module__id__C)
                  0000a2ea    00000002     main_pem4f.oem4f (.const:ti_sysbios_hal_Hwi_Module__id__C)
                  0000a2ec    00000002     main_pem4f.oem4f (.const:ti_sysbios_heaps_HeapMem_Module__id__C)
                  0000a2ee    00000002     main_pem4f.oem4f (.const:ti_sysbios_io_DEV_Module__id__C)
                  0000a2f0    00000002     main_pem4f.oem4f (.const:ti_sysbios_knl_Clock_Module__id__C)
                  0000a2f2    00000002     main_pem4f.oem4f (.const:ti_sysbios_knl_Clock_Module__loggerDefined__C)
                  0000a2f4    00000002     main_pem4f.oem4f (.const:ti_sysbios_knl_Semaphore_Module__id__C)
                  0000a2f6    00000002     main_pem4f.oem4f (.const:ti_sysbios_knl_Semaphore_Module__loggerDefined__C)
                  0000a2f8    00000002     main_pem4f.oem4f (.const:ti_sysbios_knl_Swi_Module__id__C)
                  0000a2fa    00000002     main_pem4f.oem4f (.const:ti_sysbios_knl_Swi_Module__loggerDefined__C)
                  0000a2fc    00000002     main_pem4f.oem4f (.const:ti_sysbios_knl_Task_Module__id__C)
                  0000a2fe    00000002     main_pem4f.oem4f (.const:ti_sysbios_knl_Task_Module__loggerDefined__C)
                  0000a300    00000002     main_pem4f.oem4f (.const:ti_sysbios_knl_Task_initStackFlag__C)
                  0000a302    00000002     main_pem4f.oem4f (.const:ti_sysbios_utils_Load_Module__id__C)
                  0000a304    00000002     main_pem4f.oem4f (.const:ti_sysbios_utils_Load_Module__loggerDefined__C)
                  0000a306    00000002     main_pem4f.oem4f (.const:ti_sysbios_utils_Load_autoAddTasks__C)
                  0000a308    00000002     main_pem4f.oem4f (.const:ti_sysbios_utils_Load_hwiEnabled__C)
                  0000a30a    00000002     main_pem4f.oem4f (.const:ti_sysbios_utils_Load_updateInIdle__C)
                  0000a30c    00000002     main_pem4f.oem4f (.const:ti_uia_runtime_LoggerStopMode_Module__id__C)
                  0000a30e    00000002     main_pem4f.oem4f (.const:ti_uia_runtime_LoggerStopMode_filterByLevel__C)
                  0000a310    00000002     main_pem4f.oem4f (.const:ti_uia_runtime_LoggerStopMode_isTimestampEnabled__C)
                  0000a312    00000002     main_pem4f.oem4f (.const:xdc_runtime_Core_Module__id__C)
                  0000a314    00000002     main_pem4f.oem4f (.const:xdc_runtime_Error_Module__loggerDefined__C)
                  0000a316    00000002     main_pem4f.oem4f (.const:xdc_runtime_Error_maxDepth__C)
                  0000a318    00000002     main_pem4f.oem4f (.const:xdc_runtime_Main_Module__id__C)
                  0000a31a    00000002     main_pem4f.oem4f (.const:xdc_runtime_Main_Module__loggerDefined__C)
                  0000a31c    00000002     main_pem4f.oem4f (.const:xdc_runtime_Memory_Module__id__C)
                  0000a31e    00000002     main_pem4f.oem4f (.const:xdc_runtime_SysMin_flushAtExit__C)
                  0000a320    00000002     main_pem4f.oem4f (.const:xdc_runtime_Text_charCnt__C)
                  0000a322    00000002     main_pem4f.oem4f (.const:xdc_runtime_Text_isLoaded__C)
                  0000a324    00000002     main_pem4f.oem4f (.const:xdc_runtime_Text_registryModsLastId__C)
                  0000a326    00000002     main_pem4f.oem4f (.const:xdc_runtime_Text_unnamedModsLastId__C)

.cinit     0    0000a328    000005e0     
                  0000a328    000005aa     (.cinit..data.load) [load image, compression = rle]
                  0000a8d2    00000002     --HOLE-- [fill = 0]
                  0000a8d4    0000000c     (__TI_handler_table)
                  0000a8e0    00000008     (.cinit..bss.load) [load image, compression = zero_init]
                  0000a8e8    00000008     (.cinit..vecs.load) [load image, compression = zero_init]
                  0000a8f0    00000018     (__TI_cinit_table)

.vecs      0    20000000    00000360     UNINITIALIZED
                  20000000    00000360     main_pem4f.oem4f (.vecs)

.bss       0    20000360    00003d00     UNINITIALIZED
                  20000360    00001800     main_pem4f.oem4f (.bss:taskStackSection)
                  20001b60    00001000     main_pem4f.oem4f (.bss:ti_sysbios_heaps_HeapMem_Instance_State_0_buf__A)
                  20002b60    00000480     main_pem4f.oem4f (.bss:ti_uia_runtime_LoggerStopMode_Instance_State_1_bufferArray__A)
                  20002fe0    00000480     main_pem4f.oem4f (.bss:ti_uia_runtime_LoggerStopMode_Instance_State_2_bufferArray__A)
                  20003460    00000440     EK_LM4F120XL.obj (.bss:uartTivaObjects)
                  200038a0    00000400     main_pem4f.oem4f (.bss:xdc_runtime_SysMin_Module_State_0_outbuf__A)
                  20003ca0    00000280     main_pem4f.oem4f (.bss:ti_uia_runtime_LoggerStopMode_Instance_State_0_bufferArray__A)
                  20003f20    00000120     rtsv7M4_T_le_v4SPD16_eabi.lib : trgmsg.obj (.bss:__CIOBUF_)
                  20004040    00000008     (.common:parmbuf)
                  20004048    00000008     (.common:ti_sysbios_knl_Task_Instance_State_0_hookEnv__A)
                  20004050    00000008     (.common:ti_sysbios_knl_Task_Instance_State_1_hookEnv__A)
                  20004058    00000008     (.common:ti_sysbios_knl_Task_Instance_State_2_hookEnv__A)

.stack     0    20004060    00001000     UNINITIALIZED
                  20004060    00001000     --HOLE--

.data      0    20005060    00000b74     UNINITIALIZED
                  20005060    00000360     main_pem4f.oem4f (.data:ti_sysbios_family_arm_m3_Hwi_Module_State_0_dispatchTable__A)
                  200053c0    00000204     main_pem4f.oem4f (.data)
                  200055c4    00000108     main_pem4f.oem4f (.data:ti_uia_runtime_LoggerStopMode_Object__table__V)
                  200056cc    000000f0     main_pem4f.oem4f (.data:ti_sysbios_knl_Task_Object__table__V)
                  200057bc    00000098     main_pem4f.oem4f (.data:ti_sysbios_utils_Load_Module__state__V)
                  20005854    00000080     main_pem4f.oem4f (.data:ti_sysbios_knl_Swi_Module_State_0_readyQ__A)
                  200058d4    00000080     main_pem4f.oem4f (.data:ti_sysbios_knl_Task_Module_State_0_readyQ__A)
                  20005954    00000070     main_pem4f.oem4f (.data:ti_sysbios_family_arm_lm4_Timer_Object__table__V)
                  200059c4    0000005c     main_pem4f.oem4f (.data:ti_sysbios_family_arm_m3_Hwi_Module__state__V)
                  20005a20    00000054     main_pem4f.oem4f (.data:ti_sysbios_utils_Load_Module_State_0_taskEnv__A)
                  20005a74    00000044     main_pem4f.oem4f (.data:ti_sysbios_knl_Task_Module__state__V)
                  20005ab8    00000038     main_pem4f.oem4f (.data:ti_sysbios_gates_GateMutex_Object__table__V)
                  20005af0    00000030     main_pem4f.oem4f (.data:ti_sysbios_family_arm_lm4_Timer_Module_State_0_device__A)
                  20005b20    00000030     main_pem4f.oem4f (.data:ti_sysbios_family_arm_m3_Hwi_Object__table__V)
                  20005b50    00000030     main_pem4f.oem4f (.data:ti_sysbios_knl_Swi_Object__table__V)
                  20005b80    00000028     main_pem4f.oem4f (.data:ti_sysbios_knl_Clock_Module__state__V)
                  20005ba8    00000008     gpio_tivaware.aem4f : GPIO.oem4f (.data)
                  20005bb0    00000008     rtsv7M4_T_le_v4SPD16_eabi.lib : _lock.obj (.data)
                  20005bb8    00000008                                   : exit.obj (.data)
                  20005bc0    00000008     ti.uia.runtime.aem4f : QueueDescriptor.oem4f (.data)
                  20005bc8    00000004     rtsv7M4_T_le_v4SPD16_eabi.lib : dtor_list.obj (.data)
                  20005bcc    00000004                                   : stkdepth_vars.obj (.data)
                  20005bd0    00000004     uart_tivaware.aem4f : UART.oem4f (.data)


LINKER GENERATED COPY TABLES

__TI_cinit_table @ 0000a8f0 records: 3, size/record: 8, table size: 24
	.data: load addr=0000a328, load size=000005aa bytes, run addr=20005060, run size=00000b74 bytes, compression=rle
	.bss: load addr=0000a8e0, load size=00000008 bytes, run addr=20000360, run size=00003d00 bytes, compression=zero_init
	.vecs: load addr=0000a8e8, load size=00000008 bytes, run addr=20000000, run size=00000360 bytes, compression=zero_init


LINKER GENERATED HANDLER TABLE

__TI_handler_table @ 0000a8d4 records: 3, size/record: 4, table size: 12
	index: 0, handler: __TI_zero_init
	index: 1, handler: __TI_decompress_rle24
	index: 2, handler: __TI_decompress_none


GLOBAL SYMBOLS: SORTED ALPHABETICALLY BY Name 

address    name
--------   ----
00005ecd   C$$EXIT
00005697   C$$IO$$
00004a71   EK_LM4F120XL_initGPIO
00006171   EK_LM4F120XL_initGeneral
0000311d   EK_LM4F120XL_initUART
00006979   GPIODirModeSet
00002a19   GPIOPadConfigSet
00005c91   GPIOPinConfigure
000070a1   GPIOPinTypeGPIOInput
00006ecf   GPIOPinTypeGPIOOutput
000070b3   GPIOPinTypeUART
0000741d   GPIOPinWrite
00009f84   GPIO_config
00006a95   GPIO_init
00003a11   GPIO_write
00001035   HOSTclock
00000ffd   HOSTclose
00000fbf   HOSTgetenv
00000f63   HOSTlseek
00000f11   HOSTopen
00000ec5   HOSTread
00000e67   HOSTrename
00000e2d   HOSTtime
00000df5   HOSTunlink
00000da9   HOSTwrite
UNDEFED    SHT$$INIT_ARRAY$$Base
UNDEFED    SHT$$INIT_ARRAY$$Limit
00006599   SysCtlPeripheralEnable
2000576c   TSK_idle
00007395   UARTCharGet
00007281   UARTCharGetNonBlocking
0000739f   UARTCharPut
0000728f   UARTCharPutNonBlocking
000060ed   UARTConfigSetExpClk
00006d21   UARTDisable
00006fed   UARTEnable
00007423   UARTFIFOLevelSet
0000746b   UARTIntClear
000073a9   UARTIntDisable
000073e5   UARTIntEnable
000073b3   UARTIntStatus
000065cd   UARTTiva_close
00009db4   UARTTiva_fxnTable
000073ed   UARTTiva_init
00001ef1   UARTTiva_open
0000525d   UARTTiva_read
00006669   UARTTiva_readCancel
00005475   UARTTiva_readPolling
000052c9   UARTTiva_write
0000669b   UARTTiva_writeCancel
000061b1   UARTTiva_writePolling
00007001   UART_Params_init
00009b38   UART_config
00009f48   UART_defaultParams
000063a1   UART_init
00006ee9   UART_open
000073bd   UART_read
000073c7   UART_write
00000000   __ASM__
20003f20   __CIOBUF_
00000073   __ISA__
00000086   __PLAT__
20005060   __STACK_END
00001000   __STACK_SIZE
20004160   __STACK_TOP
000000a7   __TARG__
0000a8f0   __TI_CINIT_Base
0000a908   __TI_CINIT_Limit
0000a8d4   __TI_Handler_Table_Base
0000a8e0   __TI_Handler_Table_Limit
00000001   __TI_args_main
00004655   __TI_auto_init
20005bb8   __TI_cleanup_ptr
0000729d   __TI_decompress_none
0000742f   __TI_decompress_rle24
20005bbc   __TI_dtors_ptr
0000569b   __TI_readmsg
00000000   __TI_static_base__
0000566d   __TI_writemsg
000070c5   __TI_zero_init
000000cd   __TRDR__
00003881   __aeabi_atexit
00004d03   __aeabi_memclr
00004d03   __aeabi_memclr4
00004d03   __aeabi_memclr8
000046f5   __aeabi_memcpy
000046f5   __aeabi_memcpy4
000046f5   __aeabi_memcpy8
00004d05   __aeabi_memset
00004d05   __aeabi_memset4
00004d05   __aeabi_memset8
ffffffff   __binit__
ffffffff   __c_args__
0000386f   __cxa_atexit
00003829   __cxa_finalize
00003869   __cxa_ia64_exit
20004060   __stack
00007429   __xdc__init
200055c0   __xdc__init__addr
00006f19   _args_main
0000595d   _c_int00
20005bb0   _lock
00007023   _nop
0000701b   _register_lock
00007015   _register_unlock
20005bb4   _unlock
00005ed1   abort
00003873   atexit
ffffffff   binit
00005e89   copy_in
00005ed9   exit
00006f01   free
00009c8c   gpioHWAttrs
000072ab   init_mux_pins
00005c45   main
20005bcc   main_func_sp
000067bd   malloc
000046f5   memcpy
00004d0b   memset
00007131   strcpy
00007029   strlen
0000a054   ti_catalog_arm_cortexm4_tiva_ce_Boot_A_mustUseEnhancedClockMode__C
0000a058   ti_catalog_arm_cortexm4_tiva_ce_Boot_Module__diagsEnabled__C
0000a05c   ti_catalog_arm_cortexm4_tiva_ce_Boot_Module__diagsIncluded__C
0000a060   ti_catalog_arm_cortexm4_tiva_ce_Boot_Module__diagsMask__C
00009aa6   ti_catalog_arm_cortexm4_tiva_ce_Boot_Module__id__C
000072d5   ti_catalog_arm_cortexm4_tiva_ce_Boot_init__I
00003229   ti_catalog_arm_cortexm4_tiva_ce_Boot_sysCtlClockSetI__I
0000482d   ti_catalog_arm_cortexm4_tiva_ce_Boot_sysCtlClockSet__E
00007435   ti_catalog_arm_cortexm4_tiva_ce_Boot_sysCtlDelayI__I
0000a064   ti_sysbios_BIOS_Module__diagsEnabled__C
0000a068   ti_sysbios_BIOS_Module__diagsIncluded__C
0000a06c   ti_sysbios_BIOS_Module__diagsMask__C
00009f82   ti_sysbios_BIOS_Module__id__C
200053c0   ti_sysbios_BIOS_Module__state__V
0000746f   ti_sysbios_BIOS_RtsGateProxy_enter__E
00007473   ti_sysbios_BIOS_RtsGateProxy_leave__E
00007487   ti_sysbios_BIOS_RtsGateProxy_query__E
00005cd9   ti_sysbios_BIOS_errorRaiseHook__I
000066cd   ti_sysbios_BIOS_exitFunc__I
00007141   ti_sysbios_BIOS_getCpuFreq__E
0000a070   ti_sysbios_BIOS_installedErrorHook__C
0000482b   ti_sysbios_BIOS_nullFunc__I
00006ab9   ti_sysbios_BIOS_registerRTSLock__I
00006d3d   ti_sysbios_BIOS_rtsLock__I
0000540d   ti_sysbios_BIOS_rtsUnlock__I
00007151   ti_sysbios_BIOS_setThreadType__E
00006add   ti_sysbios_BIOS_startFunc__I
00007161   ti_sysbios_BIOS_start__E
20005af0   ti_sysbios_family_arm_lm4_Timer_Module_State_0_device__A
200053e8   ti_sysbios_family_arm_lm4_Timer_Module_State_0_handles__A
200053e0   ti_sysbios_family_arm_lm4_Timer_Module__root__V
00006f31   ti_sysbios_family_arm_lm4_Timer_Module__startupDone__F
00006f31   ti_sysbios_family_arm_lm4_Timer_Module__startupDone__S
20005400   ti_sysbios_family_arm_lm4_Timer_Module__state__V
00005849   ti_sysbios_family_arm_lm4_Timer_Module_startup__E
00005849   ti_sysbios_family_arm_lm4_Timer_Module_startup__F
20005954   ti_sysbios_family_arm_lm4_Timer_Object__table__V
0000a074   ti_sysbios_family_arm_lm4_Timer_enableFunc__C
0000450d   ti_sysbios_family_arm_lm4_Timer_enableTimers__I
00004269   ti_sysbios_family_arm_lm4_Timer_enableTiva__I
00007477   ti_sysbios_family_arm_lm4_Timer_getPeriod__E
00004df5   ti_sysbios_family_arm_lm4_Timer_isrStub__E
000072e1   ti_sysbios_family_arm_lm4_Timer_masterDisable__I
0000747b   ti_sysbios_family_arm_lm4_Timer_masterEnable__I
0000a078   ti_sysbios_family_arm_lm4_Timer_numTimerDevices__C
000014f9   ti_sysbios_family_arm_lm4_Timer_start__E
0000a07c   ti_sysbios_family_arm_lm4_Timer_startupNeeded__C
000061f1   ti_sysbios_family_arm_lm4_Timer_startup__E
00005f11   ti_sysbios_family_arm_lm4_Timer_stop__E
2000540c   ti_sysbios_family_arm_lm4_TimestampProvider_Module__state__V
0000743b   ti_sysbios_family_arm_lm4_TimestampProvider_Module_startup__E
0000743b   ti_sysbios_family_arm_lm4_TimestampProvider_Module_startup__F
00003d85   ti_sysbios_family_arm_lm4_TimestampProvider_get32__E
00002c79   ti_sysbios_family_arm_lm4_TimestampProvider_get64__E
00007141   ti_sysbios_family_arm_lm4_TimestampProvider_getFreq__E
00007171   ti_sysbios_family_arm_lm4_TimestampProvider_rolloverFunc__E
000072ed   ti_sysbios_family_arm_lm4_TimestampProvider_startTimer__E
0000a00a   ti_sysbios_family_arm_lm4_TimestampProvider_useClockTimer__C
0000a080   ti_sysbios_family_arm_m3_Hwi_E_NMI__C
0000a084   ti_sysbios_family_arm_m3_Hwi_E_alreadyDefined__C
0000a088   ti_sysbios_family_arm_m3_Hwi_E_busFault__C
0000a08c   ti_sysbios_family_arm_m3_Hwi_E_debugMon__C
0000a090   ti_sysbios_family_arm_m3_Hwi_E_hardFault__C
0000a094   ti_sysbios_family_arm_m3_Hwi_E_memFault__C
0000a098   ti_sysbios_family_arm_m3_Hwi_E_noIsr__C
0000a09c   ti_sysbios_family_arm_m3_Hwi_E_reserved__C
0000a0a0   ti_sysbios_family_arm_m3_Hwi_E_svCall__C
[...]
0000743b   ti_sysbios_family_arm_lm4_TimestampProvider_Module_startup__E
0000743b   ti_sysbios_family_arm_lm4_TimestampProvider_Module_startup__F
00007441   ti_sysbios_family_arm_m3_Hwi_restoreFxn__E
00007441   ti_sysbios_hal_Hwi_HwiProxy_restore__E
00007441   ti_sysbios_hal_Hwi_restore__E
00007447   ti_sysbios_gates_GateHwi_leave__E
0000744d   ti_sysbios_heaps_HeapMem_isBlocking__E
00007453   ti_sysbios_knl_Queue_Instance_init__F
00007459   ti_uia_runtime_LoggerStopMode_getPriority__E
0000745f   ti_uia_runtime_LoggerStopMode_getTransferType__E
0000745f   ti_uia_runtime_LoggerStopMode_getTransferType__F
00007465   xdc_runtime_System_Module_startup__E
00007465   xdc_runtime_System_Module_startup__F
0000746b   UARTIntClear
0000746f   ti_sysbios_BIOS_RtsGateProxy_enter__E
00007473   ti_sysbios_BIOS_RtsGateProxy_leave__E
00007477   ti_sysbios_family_arm_lm4_Timer_getPeriod__E
0000747b   ti_sysbios_family_arm_lm4_Timer_masterEnable__I
0000747f   ti_sysbios_family_arm_m3_TaskSupport_Module__startupDone__S
00007483   ti_sysbios_gates_GateHwi_query__E
00007483   ti_sysbios_gates_GateHwi_query__F
00007483   xdc_runtime_Main_Module_GateProxy_query__E
00007483   xdc_runtime_System_Module_GateProxy_query__E
00007487   ti_sysbios_BIOS_RtsGateProxy_query__E
00007487   ti_sysbios_gates_GateMutex_query__E
00007487   ti_sysbios_gates_GateMutex_query__F
00007487   ti_sysbios_heaps_HeapMem_Module_GateProxy_query__E
0000748b   ti_sysbios_hal_Hwi_HwiProxy_Module__startupDone__S
0000748f   ti_sysbios_hal_Timer_TimerProxy_Module__startupDone__S
00007493   ti_sysbios_hal_Timer_TimerProxy_getPeriod__E
00007497   ti_sysbios_heaps_HeapMem_Module_GateProxy_enter__E
0000749b   ti_sysbios_heaps_HeapMem_Module_GateProxy_leave__E
0000749f   ti_sysbios_knl_Task_SupportProxy_Module__startupDone__S
000074a3   ti_sysbios_knl_Task_startup__E
000074a7   ti_uia_runtime_LogSync_CpuTimestampProxy_Module__startupDone__S
000074ab   ti_uia_runtime_LogSync_GlobalTimestampProxy_Module__startupDone__S
000074af   ti_uia_runtime_LoggerStopMode_getInstanceId__E
000074b3   ti_uia_runtime_LoggerStopMode_getMaxLength__E
000074b7   ti_uia_runtime_LoggerStopMode_setPriority__E
000074bb   xdc_runtime_Error_getSite__E
000074bb   xdc_runtime_Error_getSite__F
000074bf   xdc_runtime_Memory_HeapProxy_alloc__E
000074c3   xdc_runtime_Memory_HeapProxy_free__E
000074c7   xdc_runtime_System_Module_GateProxy_enter__E
000074cb   xdc_runtime_System_Module_GateProxy_leave__E
000074cf   xdc_runtime_System_aprintf_va__F
000074d3   xdc_runtime_System_printf_va__F
000074d7   xdc_runtime_System_vsnprintf__E
000074db   xdc_runtime_TimestampNull_Module__startupDone__S
000074df   xdc_runtime_Timestamp_Module__startupDone__S
000074e4   xdc_runtime_Text_charTab__A
00009892   xdc_runtime_Text_nodeTab__A
000099ce   ti_sysbios_family_arm_m3_Hwi_priorities__A
00009aa6   ti_catalog_arm_cortexm4_tiva_ce_Boot_Module__id__C
00009b38   UART_config
00009ba4   ti_uia_runtime_LoggerStopMode_Module__FXNS__C
00009c4c   uartTivaHWAttrs
00009c8c   gpioHWAttrs
00009cc8   xdc_runtime_Startup_sfxnTab__A
00009cfc   ti_sysbios_family_arm_m3_Hwi_Object__PARAMS__C
00009d2c   ti_sysbios_knl_Task_hooks__A
00009d5c   ti_uia_runtime_LoggerStopMode_Object__PARAMS__C
00009d8c   ti_sysbios_heaps_HeapMem_Module__FXNS__C
00009db4   UARTTiva_fxnTable
00009dd8   ti_sysbios_gates_GateHwi_Module__FXNS__C
00009dfc   ti_sysbios_gates_GateMutex_Module__FXNS__C
00009e20   ti_sysbios_heaps_HeapMem_Object__PARAMS__C
00009e44   ti_sysbios_knl_Semaphore_Object__PARAMS__C
00009e68   ti_sysbios_family_arm_m3_Hwi_Object__DESC__C
00009e88   ti_sysbios_gates_GateHwi_Object__DESC__C
00009ea8   ti_sysbios_gates_GateMutex_Object__DESC__C
00009ec8   ti_sysbios_heaps_HeapMem_Object__DESC__C
00009ee8   ti_sysbios_knl_Queue_Object__DESC__C
00009f08   ti_sysbios_knl_Semaphore_Object__DESC__C
00009f28   ti_uia_runtime_LoggerStopMode_Object__DESC__C
00009f48   UART_defaultParams
00009f68   xdc_runtime_Startup_sfxnRts__A
00009f82   ti_sysbios_BIOS_Module__id__C
00009f84   GPIO_config
00009f9c   ti_sysbios_gates_GateHwi_Object__PARAMS__C
00009fb4   ti_sysbios_gates_GateMutex_Object__PARAMS__C
00009fcc   ti_sysbios_knl_Queue_Object__PARAMS__C
00009fe4   xdc_runtime_Startup_firstFxns__A
0000a009   xdc_runtime_Error_policy__C
0000a00a   ti_sysbios_family_arm_lm4_TimestampProvider_useClockTimer__C
0000a00c   ti_sysbios_family_arm_m3_Hwi_excHookFuncs__A
0000a014   ti_sysbios_knl_Idle_coreList__A
0000a01c   ti_sysbios_knl_Idle_coreList__C
0000a024   ti_sysbios_knl_Idle_funcList__A
0000a02c   ti_sysbios_knl_Idle_funcList__C
0000a034   ti_sysbios_knl_Task_hooks__C
0000a03c   xdc_runtime_Startup_firstFxns__C
0000a044   xdc_runtime_Startup_lastFxns__A
0000a04c   xdc_runtime_Startup_lastFxns__C
0000a054   ti_catalog_arm_cortexm4_tiva_ce_Boot_A_mustUseEnhancedClockMode__C
0000a058   ti_catalog_arm_cortexm4_tiva_ce_Boot_Module__diagsEnabled__C
0000a05c   ti_catalog_arm_cortexm4_tiva_ce_Boot_Module__diagsIncluded__C
0000a060   ti_catalog_arm_cortexm4_tiva_ce_Boot_Module__diagsMask__C
0000a064   ti_sysbios_BIOS_Module__diagsEnabled__C
0000a068   ti_sysbios_BIOS_Module__diagsIncluded__C
0000a06c   ti_sysbios_BIOS_Module__diagsMask__C
0000a070   ti_sysbios_BIOS_installedErrorHook__C
0000a074   ti_sysbios_family_arm_lm4_Timer_enableFunc__C
0000a078   ti_sysbios_family_arm_lm4_Timer_numTimerDevices__C
0000a07c   ti_sysbios_family_arm_lm4_Timer_startupNeeded__C
0000a080   ti_sysbios_family_arm_m3_Hwi_E_NMI__C
0000a084   ti_sysbios_family_arm_m3_Hwi_E_alreadyDefined__C
0000a088   ti_sysbios_family_arm_m3_Hwi_E_busFault__C
0000a08c   ti_sysbios_family_arm_m3_Hwi_E_debugMon__C
0000a090   ti_sysbios_family_arm_m3_Hwi_E_hardFault__C
0000a094   ti_sysbios_family_arm_m3_Hwi_E_memFault__C
0000a098   ti_sysbios_family_arm_m3_Hwi_E_noIsr__C
0000a09c   ti_sysbios_family_arm_m3_Hwi_E_reserved__C
0000a0a0   ti_sysbios_family_arm_m3_Hwi_E_svCall__C
0000a0a4   ti_sysbios_family_arm_m3_Hwi_E_usageFault__C
0000a0a8   ti_sysbios_family_arm_m3_Hwi_LD_end__C
0000a0ac   ti_sysbios_family_arm_m3_Hwi_LM_begin__C
0000a0b0   ti_sysbios_family_arm_m3_Hwi_Module__diagsEnabled__C
0000a0b4   ti_sysbios_family_arm_m3_Hwi_Module__diagsIncluded__C
0000a0b8   ti_sysbios_family_arm_m3_Hwi_Module__diagsMask__C
0000a0bc   ti_sysbios_family_arm_m3_Hwi_Module__loggerFxn1__C
0000a0c0   ti_sysbios_family_arm_m3_Hwi_Module__loggerFxn8__C
0000a0c4   ti_sysbios_family_arm_m3_Hwi_Module__loggerObj__C
0000a0c8   ti_sysbios_family_arm_m3_Hwi_NUM_INTERRUPTS__C
0000a0cc   ti_sysbios_family_arm_m3_Hwi_ccr__C
0000a0d0   ti_sysbios_family_arm_m3_Hwi_dispatchTable__C
0000a0d4   ti_sysbios_family_arm_m3_Hwi_excHandlerFunc__C
0000a0d8   ti_sysbios_family_arm_m3_Hwi_excHookFuncs__C
0000a0dc   ti_sysbios_family_arm_m3_Hwi_priGroup__C
0000a0e0   ti_sysbios_family_arm_m3_Hwi_priorities__C
0000a0e4   ti_sysbios_gates_GateMutex_A_badContext__C
0000a0e8   ti_sysbios_gates_GateMutex_Instance_State_sem__O
0000a0ec   ti_sysbios_gates_GateMutex_Module__diagsEnabled__C
0000a0f0   ti_sysbios_gates_GateMutex_Module__diagsIncluded__C
0000a0f4   ti_sysbios_gates_GateMutex_Module__diagsMask__C
0000a0f8   ti_sysbios_hal_Hwi_E_stackOverflow__C
0000a0fc   ti_sysbios_heaps_HeapMem_A_align__C
0000a100   ti_sysbios_heaps_HeapMem_A_heapSize__C
0000a104   ti_sysbios_heaps_HeapMem_A_invalidFree__C
0000a108   ti_sysbios_heaps_HeapMem_A_zeroBlock__C
0000a10c   ti_sysbios_heaps_HeapMem_E_memory__C
0000a110   ti_sysbios_heaps_HeapMem_Module__diagsEnabled__C
0000a114   ti_sysbios_heaps_HeapMem_Module__diagsIncluded__C
0000a118   ti_sysbios_heaps_HeapMem_Module__diagsMask__C
0000a11c   ti_sysbios_heaps_HeapMem_Module__gateObj__C
0000a120   ti_sysbios_heaps_HeapMem_Object__count__C
0000a124   ti_sysbios_heaps_HeapMem_reqAlign__C
0000a128   ti_sysbios_io_DEV_Object__count__C
0000a12c   ti_sysbios_io_DEV_tableSize__C
0000a130   ti_sysbios_knl_Clock_LM_begin__C
0000a134   ti_sysbios_knl_Clock_LM_tick__C
0000a138   ti_sysbios_knl_Clock_LW_delayed__C
0000a13c   ti_sysbios_knl_Clock_Module_State_clockQ__O
0000a140   ti_sysbios_knl_Clock_Module__diagsEnabled__C
0000a144   ti_sysbios_knl_Clock_Module__diagsIncluded__C
0000a148   ti_sysbios_knl_Clock_Module__diagsMask__C
0000a14c   ti_sysbios_knl_Clock_Module__loggerFxn1__C
0000a150   ti_sysbios_knl_Clock_Module__loggerFxn2__C
0000a154   ti_sysbios_knl_Clock_Module__loggerObj__C
0000a158   ti_sysbios_knl_Semaphore_A_badContext__C
0000a15c   ti_sysbios_knl_Semaphore_A_noEvents__C
0000a160   ti_sysbios_knl_Semaphore_A_overflow__C
0000a164   ti_sysbios_knl_Semaphore_A_pendTaskDisabled__C
0000a168   ti_sysbios_knl_Semaphore_Instance_State_pendQ__O
0000a16c   ti_sysbios_knl_Semaphore_LM_pend__C
0000a170   ti_sysbios_knl_Semaphore_LM_post__C
0000a174   ti_sysbios_knl_Semaphore_Module__diagsEnabled__C
0000a178   ti_sysbios_knl_Semaphore_Module__diagsIncluded__C
0000a17c   ti_sysbios_knl_Semaphore_Module__diagsMask__C
0000a180   ti_sysbios_knl_Semaphore_Module__loggerFxn2__C
0000a184   ti_sysbios_knl_Semaphore_Module__loggerFxn4__C
0000a188   ti_sysbios_knl_Semaphore_Module__loggerObj__C
0000a18c   ti_sysbios_knl_Swi_LD_end__C
0000a190   ti_sysbios_knl_Swi_LM_begin__C
0000a194   ti_sysbios_knl_Swi_LM_post__C
0000a198   ti_sysbios_knl_Swi_Module__diagsEnabled__C
0000a19c   ti_sysbios_knl_Swi_Module__diagsIncluded__C
0000a1a0   ti_sysbios_knl_Swi_Module__diagsMask__C
0000a1a4   ti_sysbios_knl_Swi_Module__loggerFxn1__C
0000a1a8   ti_sysbios_knl_Swi_Module__loggerFxn4__C
0000a1ac   ti_sysbios_knl_Swi_Module__loggerObj__C
0000a1b0   ti_sysbios_knl_Swi_Object__count__C
0000a1b4   ti_sysbios_knl_Task_E_spOutOfBounds__C
0000a1b8   ti_sysbios_knl_Task_E_stackOverflow__C
0000a1bc   ti_sysbios_knl_Task_LD_block__C
0000a1c0   ti_sysbios_knl_Task_LD_exit__C
0000a1c4   ti_sysbios_knl_Task_LD_ready__C
0000a1c8   ti_sysbios_knl_Task_LM_switch__C
0000a1cc   ti_sysbios_knl_Task_Module_State_inactiveQ__O
0000a1d0   ti_sysbios_knl_Task_Module__diagsEnabled__C
0000a1d4   ti_sysbios_knl_Task_Module__diagsIncluded__C
0000a1d8   ti_sysbios_knl_Task_Module__diagsMask__C
0000a1dc   ti_sysbios_knl_Task_Module__loggerFxn2__C
0000a1e0   ti_sysbios_knl_Task_Module__loggerFxn4__C
0000a1e4   ti_sysbios_knl_Task_Module__loggerObj__C
0000a1e8   ti_sysbios_knl_Task_Object__count__C
0000a1ec   ti_sysbios_knl_Task_Object__heap__C
0000a1f0   ti_sysbios_knl_Task_allBlockedFunc__C
0000a1f4   ti_sysbios_knl_Task_numConstructedTasks__C
0000a1f8   ti_sysbios_utils_Load_LS_cpuLoad__C
0000a1fc   ti_sysbios_utils_Load_LS_hwiLoad__C
0000a200   ti_sysbios_utils_Load_LS_taskLoad__C
0000a204   ti_sysbios_utils_Load_Module_State_taskList__O
0000a208   ti_sysbios_utils_Load_Module__diagsEnabled__C
0000a20c   ti_sysbios_utils_Load_Module__diagsIncluded__C
0000a210   ti_sysbios_utils_Load_Module__diagsMask__C
0000a214   ti_sysbios_utils_Load_Module__loggerFxn1__C
0000a218   ti_sysbios_utils_Load_Module__loggerFxn2__C
0000a21c   ti_sysbios_utils_Load_Module__loggerFxn4__C
0000a220   ti_sysbios_utils_Load_Module__loggerObj__C
0000a224   ti_sysbios_utils_Load_postUpdate__C
0000a228   ti_sysbios_utils_Load_windowInMs__C
0000a22c   ti_uia_runtime_ILoggerSnapshot_Interface__BASE__C
0000a230   ti_uia_runtime_IUIATransfer_Interface__BASE__C
0000a234   ti_uia_runtime_LoggerStopMode_E_badLevel__C
0000a238   ti_uia_runtime_LoggerStopMode_Object__count__C
0000a23c   ti_uia_runtime_LoggerStopMode_overflowLogger__C
0000a240   ti_uia_runtime_LoggerStopMode_statusLogger__C
0000a244   xdc_runtime_Assert_E_assertFailed__C
0000a248   xdc_runtime_Core_A_initializedParams__C
0000a24c   xdc_runtime_Core_Module__diagsEnabled__C
0000a250   xdc_runtime_Core_Module__diagsIncluded__C
0000a254   xdc_runtime_Core_Module__diagsMask__C
0000a258   xdc_runtime_Error_E_generic__C
0000a25c   xdc_runtime_Error_E_memory__C
0000a260   xdc_runtime_Error_Module__diagsEnabled__C
0000a264   xdc_runtime_Error_Module__diagsIncluded__C
0000a268   xdc_runtime_Error_Module__diagsMask__C
0000a26c   xdc_runtime_Error_Module__loggerFxn8__C
0000a270   xdc_runtime_Error_Module__loggerObj__C
0000a274   xdc_runtime_Error_raiseHook__C
0000a278   xdc_runtime_IFilterLogger_Interface__BASE__C
0000a27c   xdc_runtime_IGateProvider_Interface__BASE__C
0000a280   xdc_runtime_IHeap_Interface__BASE__C
0000a284   xdc_runtime_ILogger_Interface__BASE__C
0000a288   xdc_runtime_IModule_Interface__BASE__C
0000a28c   xdc_runtime_Log_L_error__C
0000a290   xdc_runtime_Main_Module__diagsEnabled__C
0000a294   xdc_runtime_Main_Module__diagsIncluded__C
0000a298   xdc_runtime_Main_Module__diagsMask__C
0000a29c   xdc_runtime_Main_Module__loggerFxn4__C
0000a2a0   xdc_runtime_Main_Module__loggerObj__C
0000a2a4   xdc_runtime_Memory_defaultHeapInstance__C
0000a2a8   xdc_runtime_Startup_execImpl__C
0000a2ac   xdc_runtime_Startup_maxPasses__C
0000a2b0   xdc_runtime_Startup_sfxnRts__C
0000a2b4   xdc_runtime_Startup_sfxnTab__C
0000a2b8   xdc_runtime_SysMin_bufSize__C
0000a2bc   xdc_runtime_SysMin_outputFunc__C
0000a2c0   xdc_runtime_System_Module__gateObj__C
0000a2c4   xdc_runtime_System_extendFxn__C
0000a2c8   xdc_runtime_System_maxAtexitHandlers__C
0000a2cc   xdc_runtime_Text_charTab__C
0000a2d0   xdc_runtime_Text_nameEmpty__C
0000a2d4   xdc_runtime_Text_nameStatic__C
0000a2d8   xdc_runtime_Text_nameUnknown__C
0000a2dc   xdc_runtime_Text_nodeTab__C
0000a2e0   xdc_runtime_Text_visitRopeFxn__C
0000a2e4   ti_sysbios_family_arm_m3_Hwi_Module__id__C
0000a2e6   ti_sysbios_family_arm_m3_Hwi_Module__loggerDefined__C
0000a2e8   ti_sysbios_gates_GateMutex_Module__id__C
0000a2ea   ti_sysbios_hal_Hwi_Module__id__C
0000a2ec   ti_sysbios_heaps_HeapMem_Module__id__C
0000a2ee   ti_sysbios_io_DEV_Module__id__C
0000a2f0   ti_sysbios_knl_Clock_Module__id__C
0000a2f2   ti_sysbios_knl_Clock_Module__loggerDefined__C
0000a2f4   ti_sysbios_knl_Semaphore_Module__id__C
0000a2f6   ti_sysbios_knl_Semaphore_Module__loggerDefined__C
0000a2f8   ti_sysbios_knl_Swi_Module__id__C
0000a2fa   ti_sysbios_knl_Swi_Module__loggerDefined__C
0000a2fc   ti_sysbios_knl_Task_Module__id__C
0000a2fe   ti_sysbios_knl_Task_Module__loggerDefined__C
0000a300   ti_sysbios_knl_Task_initStackFlag__C
0000a302   ti_sysbios_utils_Load_Module__id__C
0000a304   ti_sysbios_utils_Load_Module__loggerDefined__C
0000a306   ti_sysbios_utils_Load_autoAddTasks__C
0000a308   ti_sysbios_utils_Load_hwiEnabled__C
0000a30a   ti_sysbios_utils_Load_updateInIdle__C
0000a30c   ti_uia_runtime_LoggerStopMode_Module__id__C
0000a30e   ti_uia_runtime_LoggerStopMode_filterByLevel__C
0000a310   ti_uia_runtime_LoggerStopMode_isTimestampEnabled__C
0000a312   xdc_runtime_Core_Module__id__C
0000a314   xdc_runtime_Error_Module__loggerDefined__C
0000a316   xdc_runtime_Error_maxDepth__C
0000a318   xdc_runtime_Main_Module__id__C
0000a31a   xdc_runtime_Main_Module__loggerDefined__C
0000a31c   xdc_runtime_Memory_Module__id__C
0000a31e   xdc_runtime_SysMin_flushAtExit__C
0000a320   xdc_runtime_Text_charCnt__C
0000a322   xdc_runtime_Text_isLoaded__C
0000a324   xdc_runtime_Text_registryModsLastId__C
0000a326   xdc_runtime_Text_unnamedModsLastId__C
0000a8d4   __TI_Handler_Table_Base
0000a8e0   __TI_Handler_Table_Limit
0000a8f0   __TI_CINIT_Base
0000a908   __TI_CINIT_Limit
20000000   ti_sysbios_family_arm_m3_Hwi_ramVectors
20000360   ti_sysbios_knl_Task_Instance_State_0_stack__A
20000b60   ti_sysbios_knl_Task_Instance_State_1_stack__A
20001360   ti_sysbios_knl_Task_Instance_State_2_stack__A
20001b60   ti_sysbios_heaps_HeapMem_Instance_State_0_buf__A
20002b60   ti_uia_runtime_LoggerStopMode_Instance_State_1_bufferArray__A
20002fe0   ti_uia_runtime_LoggerStopMode_Instance_State_2_bufferArray__A
20003460   uartTivaObjects
200038a0   xdc_runtime_SysMin_Module_State_0_outbuf__A
20003ca0   ti_uia_runtime_LoggerStopMode_Instance_State_0_bufferArray__A
20003f20   __CIOBUF_
20004048   ti_sysbios_knl_Task_Instance_State_0_hookEnv__A
20004050   ti_sysbios_knl_Task_Instance_State_1_hookEnv__A
20004058   ti_sysbios_knl_Task_Instance_State_2_hookEnv__A
20004060   __stack
20004160   __STACK_TOP
20005060   __STACK_END
20005060   ti_sysbios_family_arm_m3_Hwi_Module_State_0_dispatchTable__A
200053c0   ti_sysbios_BIOS_Module__state__V
200053e0   ti_sysbios_family_arm_lm4_Timer_Module__root__V
200053e8   ti_sysbios_family_arm_lm4_Timer_Module_State_0_handles__A
20005400   ti_sysbios_family_arm_lm4_Timer_Module__state__V
2000540c   ti_sysbios_family_arm_lm4_TimestampProvider_Module__state__V
20005414   ti_sysbios_family_arm_m3_Hwi_Module__root__V
2000541c   ti_sysbios_family_arm_m3_Hwi_Module_State_0_excActive__A
20005420   ti_sysbios_family_arm_m3_Hwi_Module_State_0_excContext__A
20005424   ti_sysbios_family_arm_m3_Hwi_Module_State_0_excStack__A
20005428   ti_sysbios_gates_GateHwi_Module__root__V
20005430   ti_sysbios_gates_GateHwi_Object__table__V
20005434   ti_sysbios_gates_GateMutex_Module__root__V
2000543c   ti_sysbios_hal_Hwi_Module__root__V
20005444   ti_sysbios_hal_Timer_Module__root__V
2000544c   ti_sysbios_hal_Timer_Object__table__V
20005454   ti_sysbios_heaps_HeapMem_Module__root__V
2000545c   ti_sysbios_heaps_HeapMem_Object__table__V
20005474   ti_sysbios_io_DEV_Module__root__V
2000547c   ti_sysbios_io_DEV_Module_State_0_table__A
2000549c   ti_sysbios_io_DEV_Module__state__V
200054a0   ti_sysbios_io_GIO_Module__root__V
200054a8   ti_sysbios_knl_Clock_Module__root__V
200054b0   ti_sysbios_knl_Event_Module__root__V
200054bc   ti_sysbios_knl_Queue_Module__root__V
200054c4   ti_sysbios_knl_Queue_Object__table__V
200054cc   ti_sysbios_knl_Semaphore_Module__root__V
200054d8   ti_sysbios_knl_Swi_Module__root__V
200054e0   ti_sysbios_knl_Swi_Module__state__V
200054fc   ti_sysbios_knl_Task_Module__root__V
20005508   ti_sysbios_knl_Task_Module_State_0_idleTask__A
2000550c   ti_sysbios_utils_Load_Module__root__V
20005510   ti_sysbios_utils_Load_Module_State_0_taskStartTime__A
20005514   ti_sysbios_utils_Load_Module_State_0_runningTask__A
20005518   ti_sysbios_xdcruntime_SemThreadSupport_Module__root__V
20005520   ti_uia_runtime_LogSync_Module__root__V
20005528   ti_uia_runtime_LogSync_Module__state__V
20005534   ti_uia_runtime_LoggerStopMode_Module__root__V
2000553c   ti_uia_runtime_LoggerStopMode_Module__state__V
20005544   ti_uia_runtime_QueueDescriptor_Module__state__V
20005550   xdc_runtime_Error_Module__state__V
20005552   xdc_runtime_Main_Module__root__V
20005554   xdc_runtime_Memory_Module__state__V
20005558   xdc_runtime_Registry_Module__state__V
20005560   xdc_runtime_Startup_Module__state__V
20005568   xdc_runtime_SysMin_Module__state__V
20005574   xdc_runtime_System_Module_State_0_atexitHandlers__A
20005594   xdc_runtime_System_Module__state__V
200055a0   xdc_runtime_Text_Module__state__V
200055a8   xdc_runtime_knl_SemThread_Module__root__V
200055b0   xdc_runtime_knl_SyncNull_Module__root__V
200055b8   xdc_runtime_knl_SyncSemThread_Module__root__V
200055c0   __xdc__init__addr
200055c4   ti_uia_runtime_LoggerStopMode_Object__table__V
200056cc   ti_sysbios_knl_Task_Object__table__V
2000576c   TSK_idle
200057bc   ti_sysbios_utils_Load_Module__state__V
20005854   ti_sysbios_knl_Swi_Module_State_0_readyQ__A
200058d4   ti_sysbios_knl_Task_Module_State_0_readyQ__A
20005954   ti_sysbios_family_arm_lm4_Timer_Object__table__V
200059c4   ti_sysbios_family_arm_m3_Hwi_Module__state__V
20005a20   ti_sysbios_utils_Load_Module_State_0_taskEnv__A
20005a74   ti_sysbios_knl_Task_Module__state__V
20005ab8   ti_sysbios_gates_GateMutex_Object__table__V
20005af0   ti_sysbios_family_arm_lm4_Timer_Module_State_0_device__A
20005b20   ti_sysbios_family_arm_m3_Hwi_Object__table__V
20005b50   ti_sysbios_knl_Swi_Object__table__V
20005b80   ti_sysbios_knl_Clock_Module__state__V
20005bb0   _lock
20005bb4   _unlock
20005bb8   __TI_cleanup_ptr
20005bbc   __TI_dtors_ptr
20005bc0   ti_uia_runtime_QueueDescriptor_gPtrToFirstDescriptor
20005bc4   ti_uia_runtime_QueueDescriptor_gUpdateCount
20005bcc   main_func_sp
e000e000   ti_sysbios_family_arm_m3_Hwi_nvic
ffffffff   __binit__
ffffffff   __c_args__
ffffffff   binit
UNDEFED    SHT$$INIT_ARRAY$$Base
UNDEFED    SHT$$INIT_ARRAY$$Limit

[807 symbols]
