<html>
<body>
<pre>
<h1>µVision Build Log</h1>
<h2>Project:</h2>
C:\Users\Zeus\Documents\GitHub\motherboard-squad\Software\Launchpad\StellarisWare\boards\ek-lm4f120xl\project0\project0.uvproj
Project File Date:  01/26/2014

<h2>Output:</h2>
Rebuild target 'project0'
compiling project0.c...
assembling startup_rvmdk.S...
linking...
Program Size: Code=1484 RO-data=476 RW-data=0 ZI-data=256  
After Build - User command #1: fromelf --bin --output .\rvmdk\project0.bin .\rvmdk\project0.axf
".\rvmdk\project0.axf" - 0 Error(s), 0 Warning(s).
Load "C:\\Users\\Zeus\\Documents\\GitHub\\motherboard-squad\\Software\\Launchpad\\StellarisWare\\boards\\ek-lm4f120xl\\project0\\rvmdk\\project0.axf" 
Connecting: Mode=JTAG, Speed=1000000Hz
Erase Done.
Programming Done.
Verify OK.
</pre>
</body>
</html>
