******************************************************************************
                  TI ARM Linker Unix v5.1.6                    
******************************************************************************
>> Linked Sat Jan 31 19:52:13 2015

OUTPUT FILE NAME:   <tcpEcho_TivaTM4C1294NCPDT.out>
ENTRY POINT SYMBOL: "_c_int00"  address: 0000e801


MEMORY CONFIGURATION

         name            origin    length      used     unused   attr    fill
----------------------  --------  ---------  --------  --------  ----  --------
  FLASH                 00000000   00100000  00014fc4  000eb03c  R  X
  SRAM                  20000000   00040000  000139d0  0002c630  RW X


SEGMENT ALLOCATION MAP

run origin  load origin   length   init length attrs members
----------  ----------- ---------- ----------- ----- -------
00000000    00000000    00014fc8   00014fc8    r-x
  00000000    00000000    0000003c   0000003c    r-- .resetVecs
  0000003c    0000003c    0001253e   0001253e    r-x .text
  0001257c    0001257c    000023aa   000023aa    r-- .const
  00014928    00014928    000006a0   000006a0    r-- .cinit
20000000    20000000    00000360   00000000    rw-
  20000000    20000000    00000360   00000000    rw- .vecs
20000380    20000380    00013670   00000000    rw-
  20000380    20000380    000124e8   00000000    rw- .bss
  20012868    20012868    00000988   00000000    rw- .data
  200131f0    200131f0    00000800   00000000    rw- .stack


SECTION ALLOCATION MAP

 output                                  attributes/
section   page    origin      length       input sections
--------  ----  ----------  ----------   ----------------
.bootVecs 
*          0    00000000    00000008     DSECT
                  00000000    00000008     boot.aem4f : boot.oem4f (.bootVecs)

.resetVecs 
*          0    00000000    0000003c     
                  00000000    0000003c     tcpEcho_pem4f.oem4f (.resetVecs)

xdc.meta   0    00000000    000000fb     COPY SECTION
                  00000000    000000fb     tcpEcho_pem4f.oem4f (xdc.meta)

.init_array 
*          0    00000000    00000000     UNINITIALIZED

.text      0    0000003c    0001253e     
                  0000003c    00000c70     stk.aem4f : tcpin.oem4f (.text:TcpInput)
                  00000cac    000008a0               : tcpout.oem4f (.text:TcpOutput)
                  0000154c    00000424     sysbios.aem4f : BIOS.obj (.text:ti_sysbios_family_arm_m3_Hwi_excDumpRegs__I)
                  00001970    00000408     stk.aem4f : ipout.oem4f (.text:IPTxPacket)
                  00001d78    00000384               : ipin.oem4f (.text:IPRxPacket)
                  000020fc    0000033c     ti.targets.arm.rtsarm.aem4f : System.oem4f (.text:xdc_runtime_System_doPrint__I)
                  00002438    00000304     sysbios.aem4f : BIOS.obj (.text:ti_sysbios_knl_Semaphore_pend__E)
                  0000273c    000002d4     rtsv7M4_T_le_v4SPD16_eabi.lib : trgdrv.obj (.text)
                  00002a10    000002c0     sysbios.aem4f : BIOS.obj (.text:ti_sysbios_knl_Task_Instance_finalize__E)
                  00002cd0    00000274     stk.aem4f : sock.oem4f (.text:SockSet)
                  00002f44    00000258     roveTcpHandler.obj (.text:roveTcpHandler)
                  0000319c    0000024c     stk.aem4f : ipfrag.oem4f (.text:IPReasm)
                  000033e8    0000024c     sysbios.aem4f : BIOS.obj (.text:ti_sysbios_family_arm_lm4_Timer_start__E)
                  00003634    00000248                   : BIOS.obj (.text:ti_sysbios_heaps_HeapMem_free__E)
                  0000387c    0000023c     stk.aem4f : icmpin.oem4f (.text:ICMPInput)
                  00003ab8    00000234     sysbios.aem4f : BIOS.obj (.text:ti_sysbios_heaps_HeapMem_alloc__E)
                  00003cec    00000224     stk.aem4f : udp.oem4f (.text:UdpInput)
                  00003f10    00000208     sysbios.aem4f : BIOS.obj (.text:ti_sysbios_knl_Task_sleep__E)
                  00004118    00000204     Boot.aem4f : Boot_sysctl.oem4f (.text:ti_catalog_arm_cortexm4_tiva_ce_Boot_sysCtlClockFreqSetI__I)
                  0000431c    000001f8     stk.aem4f : sock.oem4f (.text:SockRecv)
                  00004514    000001f8     sysbios.aem4f : BIOS.obj (.text:ti_sysbios_family_arm_m3_Hwi_excHandlerMax__I)
                  0000470c    000001e4                   : BIOS.obj (.text:ti_sysbios_knl_Task_Instance_init__E)
                  000048f0    000001b8     drivers_tivaware.aem4f : EMACSnow.oem4f (.text:EMACSnow_NIMUInit)
                  00004aa8    000001b4     stk.aem4f : lliout.oem4f (.text:LLITxIpPacket)
                  00004c5c    000001b0               : lliin.oem4f (.text:LLIRxPacket)
                  00004e0c    00000198     os.aem4f : mem.oem4f (.text:mmAlloc)
                  00004fa4    00000194     stk.aem4f : sock.oem4f (.text:SockNew)
                  00005138    00000190               : igmp.oem4f (.text:IGMPInput)
                  000052c8    00000184     sysbios.aem4f : BIOS.obj (.text:ti_sysbios_knl_Task_setPri__E)
                  0000544c    00000170     stk.aem4f : rtc.oem4f (.text:RTCReport)
                  000055bc    00000168     sysbios.aem4f : BIOS.obj (.text:ti_sysbios_family_arm_m3_Hwi_excBusFault__I)
                  00005724    00000166     stk.aem4f : sb.oem4f (.text:SBRead)
                  0000588a    00000002     hal_userled_stub.aem4f : llled.oem4f (.text:LED_TOGGLE)
                  0000588c    00000164     stk.aem4f : sock.oem4f (.text:SockConnect)
                  000059f0    00000154     netctrl_min_ipv4.aem4f : netctrl.oem4f (.text:NC_NetStart)
                  00005b44    00000154     sysbios.aem4f : BIOS.obj (.text:ti_sysbios_family_arm_m3_Hwi_excUsageFault__I)
                  00005c98    00000144     stk.aem4f : bind.oem4f (.text:BindNew)
                  00005ddc    00000140     nettool_ipv4.aem4f : config.oem4f (.text:CfgAddEntry)
                  00005f1c    00000140                        : dhcpmain.oem4f (.text:DHCPOpen)
                  0000605c    00000140     stk.aem4f : tcp.oem4f (.text:TcpTimeoutCheck)
                  0000619c    00000140     sysbios.aem4f : BIOS.obj (.text:ti_sysbios_family_arm_m3_Hwi_excMemFault__I)
                  000062dc    0000013c     stk.aem4f : sock.oem4f (.text:SockSend)
                  00006418    00000138     sysbios.aem4f : BIOS.obj (.text:ti_sysbios_family_arm_m3_Hwi_dispatchC__I)
                  00006550    00000138                   : BIOS.obj (.text:ti_sysbios_heaps_HeapMem_Instance_init__E)
                  00006688    00000138                   : BIOS.obj (.text:ti_sysbios_knl_Semaphore_post__E)
                  000067c0    00000130     driverlib.lib : gpio.obj (.text:GPIOPadConfigSet)
                  000068f0    00000130     stk.aem4f : icmp.oem4f (.text:ICMPGenPacket)
                  00006a20    0000012c     EK_TM4C1294XL.obj (.text:EK_TM4C1294XL_initEMAC)
                  00006b4c    0000012c     sysbios.aem4f : BIOS.obj (.text:ti_sysbios_knl_Clock_workFunc__E)
                  00006c78    00000128     stk.aem4f : udp.oem4f (.text:UdpOutput)
                  00006da0    00000128     sysbios.aem4f : BIOS.obj (.text:ti_sysbios_knl_Task_exit__E)
                  00006ec8    00000124     stk.aem4f : sockpcb.oem4f (.text:SockPcbResolve)
                  00006fec    00000124     tcpEcho_pem4f.oem4f (.text:ti_ndk_config_Global_stackThread)
                  00007110    00000120     sysbios.aem4f : BIOS.obj (.text:ti_sysbios_knl_Swi_run__I)
                  00007230    00000120     ti.targets.arm.rtsarm.aem4f : Error.oem4f (.text:xdc_runtime_Error_policyDefault__E)
                  00007350    0000011c     sysbios.aem4f : BIOS.obj (.text:ti_sysbios_knl_Clock_Instance_init__E)
                  0000746c    00000118     stk.aem4f : sockint.oem4f (.text:SockNotify)
                  00007584    00000118               : tcpout.oem4f (.text:TcpGenPacket)
                  0000769c    00000110               : nimu.oem4f (.text:NIMUIoctl)
                  000077ac    00000110               : node.oem4f (.text:NodeTreeFree)
                  000078bc    00000110               : raw.oem4f (.text:RawInput)
                  000079cc    0000010c               : igmp.oem4f (.text:IGMPSendReply)
                  00007ad8    0000010c               : route.oem4f (.text:RtCreate)
                  00007be4    0000010c               : rtable.oem4f (.text:RtFind)
                  00007cf0    00000104     os.aem4f : task.oem4f (.text:llEnter)
                  00007df4    00000104     sysbios.aem4f : BIOS.obj (.text:ti_sysbios_knl_Task_schedule__I)
                  00007ef8    00000104     ti.targets.arm.rtsarm.aem4f : Core-mem.oem4f (.text:xdc_runtime_Core_createObject__I)
                  00007ffc    00000104     tcpEcho_pem4f.oem4f (.text:xdc_runtime_System_printfExtend__I)
                  00008100    00000102     nettool_ipv4.aem4f : dhcppkt.oem4f (.text:dhcpPacketProcess)
                  00008202    00000002     stk.aem4f : nat.oem4f (.text:NatMsg)
                  00008204    00000100     netctrl_min_ipv4.aem4f : netctrl.oem4f (.text:NetScheduler)
                  00008304    00000100     nettool_ipv4.aem4f : inetaddr.oem4f (.text:inet_aton)
                  00008404    000000fe     stk.aem4f : pipe.oem4f (.text:PipeRecv)
                  00008502    00000002     os.aem4f : task.oem4f (.text:_TaskInit)
                  00008504    000000fc     ti.targets.arm.rtsarm.aem4f : Startup.oem4f (.text:xdc_runtime_Startup_startMods__I)
                  00008600    000000f8     drivers_tivaware.aem4f : EMACSnow.oem4f (.text:EMACSnow_emacStart)
                  000086f8    000000f4     os.aem4f : task.oem4f (.text:TaskGetEnv)
                  000087ec    000000f4     sysbios.aem4f : m3_Hwi_asm.obj (.text:ti_sysbios_family_arm_m3_Hwi_dispatch__I)
                  000088e0    000000f4                   : BIOS.obj (.text:ti_sysbios_knl_Task_startCore__E)
                  000089d4    000000f0     stk.aem4f : lliout.oem4f (.text:LLIGenArpPacket)
                  00008ac4    000000f0     sysbios.aem4f : BIOS.obj (.text:ti_sysbios_knl_Task_postInit__I)
                  00008bb4    000000ee     stk.aem4f : sock.oem4f (.text:SockClose)
                  00008ca2    00000002     os.aem4f : task.oem4f (.text:_TaskShutdown)
                  00008ca4    000000ee     roveTcpHandler.obj (.text:attemptToConnect)
                  00008d92    00000002     hal_ser_stub.aem4f : llserstb.oem4f (.text:_llSerialServiceCheck)
                  00008d94    000000e8     os.aem4f : task.oem4f (.text:TaskSetEnv)
                  00008e7c    000000e0     stk.aem4f : tcptime.oem4f (.text:TcpTimeoutRexmt)
                  00008f5c    000000dc               : sb.oem4f (.text:SBWrite)
                  00009038    000000dc     nettool_ipv4.aem4f : dhcpsock.oem4f (.text:dhcpSocketOpen)
                  00009114    000000da                        : dhcpsm.oem4f (.text:dhcpState)
                  000091ee    00000002     hal_ser_stub.aem4f : llserstb.oem4f (.text:_llSerialShutdown)
                  000091f0    000000d8     stk.aem4f : node.oem4f (.text:NodeAdd)
                  000092c8    000000d8     roveCommandParser.obj (.text:roveCommandParser)
                  000093a0    000000d5     stk.aem4f : nimu.oem4f (.text:NIMUReceivePacket)
                  00009475    00000001     --HOLE-- [fill = 0]
                  00009476    00000002     hal_userled_stub.aem4f : llled.oem4f (.text:_llUserLedInit)
                  00009478    000000d4     drivers_tivaware.aem4f : EMACSnow.oem4f (.text:EMACSnow_handleRx)
                  0000954c    000000d4     stk.aem4f : sockpcb.oem4f (.text:SockPcbBind)
                  00009620    000000d2               : tcpprot.oem4f (.text:TcpPrSetOption)
                  000096f2    00000002     hal_userled_stub.aem4f : llled.oem4f (.text:_llUserLedShutdown)
                  000096f4    000000d0     sysbios.aem4f : BIOS.obj (.text:ti_sysbios_knl_Swi_Instance_init__E)
                  000097c4    000000ce     nettool_ipv4.aem4f : dhcpsm.oem4f (.text:dhcpIPAdd)
                  00009892    00000002     hal_ser_stub.aem4f : llserstb.oem4f (.text:llSerialService)
                  00009894    000000cc     stk.aem4f : icmp.oem4f (.text:ICMPSendRtAdv)
                  00009960    000000cc     nettool_ipv4.aem4f : dhcpbild.oem4f (.text:dhcpBuildHeader)
                  00009a2c    000000cc     ti.targets.arm.rtsarm.aem4f : Core-smem.oem4f (.text:xdc_runtime_Core_constructObject__I)
                  00009af8    000000ca     nettool_ipv4.aem4f : dhcppkt.oem4f (.text:dhcpVerifyMessage)
                  00009bc2    00000002     tcpEcho_pem4f.oem4f (.text:ti_ndk_config_Global_NetworkClose)
                  00009bc4    000000c8     stk.aem4f : rawethsock.oem4f (.text:RawEthSockNew)
                  00009c8c    000000c4     drivers_tivaware.aem4f : EMACSnow.oem4f (.text:EMACSnow_InitDMADescriptors)
                  00009d50    000000c4     stk.aem4f : igmp.oem4f (.text:IGMPJoinHostGroup)
                  00009e14    000000c4     netctrl_min_ipv4.aem4f : netsrv.oem4f (.text:SPIpNet)
                  00009ed8    000000c4     sysbios.aem4f : BIOS.obj (.text:ti_sysbios_family_arm_m3_Hwi_Module_startup__E)
                  00009f9c    000000c0     nettool_ipv4.aem4f : dhcpsm.oem4f (.text:StateBound)
                  0000a05c    000000bc     stk.aem4f : sockpcb.oem4f (.text:SockPcbFind)
                  0000a118    000000bc               : vlan.oem4f (.text:VLANDeinit)
                  0000a1d4    000000bc     sysbios.aem4f : BIOS.obj (.text:ti_sysbios_knl_Task_unblockI__E)
                  0000a290    000000b8     EK_TM4C1294XL.obj (.text:EK_TM4C1294XL_initGeneral)
                  0000a348    000000b8     stk.aem4f : icmpin.oem4f (.text:ICMPRevSrcRoute)
                  0000a400    000000b8               : lli.oem4f (.text:_LLITimeoutCheck)
                  0000a4b8    000000b4               : tcptime.oem4f (.text:TcpTimeoutKeep)
                  0000a56c    000000b4     sysbios.aem4f : BIOS.obj (.text:ti_sysbios_family_arm_m3_Hwi_excHardFault__I)
                  0000a620    000000b4                   : BIOS.obj (.text:ti_sysbios_gates_GateMutex_enter__E)
                  0000a6d4    000000b4                   : BIOS.obj (.text:ti_sysbios_knl_Task_checkStacks__E)
                  0000a788    000000b0     stk.aem4f : rawethsock.oem4f (.text:RawEthSockSet)
                  0000a838    000000b0               : sockint.oem4f (.text:SockCreatePacket)
                  0000a8e8    000000b0     sysbios.aem4f : BIOS.obj (.text:ti_sysbios_family_arm_m3_Hwi_excDebugMon__I)
                  0000a998    000000ac     stk.aem4f : rtable.oem4f (.text:RtTimeoutCheck)
                  0000aa44    000000ac     tcpEcho_pem4f.oem4f (.text:ti_ndk_config_ip_init)
                  0000aaf0    000000ac     sysbios.aem4f : BIOS.obj (.text:ti_sysbios_family_arm_lm4_Timer_enableTiva__I)
                  0000ab9c    000000ab     roveTcpHandler.obj (.text:roveTcpSender)
                  0000ac47    00000001     --HOLE-- [fill = 0]
                  0000ac48    000000a8     sysbios.aem4f : BIOS.obj (.text:ti_sysbios_family_arm_lm4_Timer_enableTimers__I)
                  0000acf0    000000a8                   : BIOS.obj (.text:ti_sysbios_knl_Swi_post__E)
                  0000ad98    000000a8                   : BIOS.obj (.text:ti_sysbios_knl_Task_blockI__E)
                  0000ae40    000000a0     auto_init.aem4f : auto_init.oem4f (.text)
                  0000aee0    000000a0     sysbios.aem4f : BIOS.obj (.text:ti_sysbios_family_arm_m3_Hwi_Instance_init__E)
                  0000af80    0000009c     stk.aem4f : exec.oem4f (.text:ExecOpen)
                  0000b01c    0000009c     netctrl_min_ipv4.aem4f : netsrv.oem4f (.text:ServiceScan)
                  0000b0b8    0000009c     rtsv7M4_T_le_v4SPD16_eabi.lib : memcpy_t2.obj (.text)
                  0000b154    0000009c     sysbios.aem4f : BIOS.obj (.text:ti_sysbios_knl_Semaphore_Instance_init__E)
                  0000b1f0    0000009a     ti.targets.arm.rtsarm.aem4f : Text.oem4f (.text:xdc_runtime_Text_putSite__E)
                  0000b28a    00000002     tcpEcho_pem4f.oem4f (.text:ti_ndk_config_Global_NetworkOpen)
                  0000b28c    00000098     stk.aem4f : ip.oem4f (.text:IPGetRoute)
                  0000b324    00000098     netctrl_min_ipv4.aem4f : netctrl.oem4f (.text:NC_SystemOpen)
                  0000b3bc    00000096     stk.aem4f : nimu.oem4f (.text:NIMUAddEthernetHeader)
                  0000b452    00000002     tcpEcho_pem4f.oem4f (.text:ti_sysbios_BIOS_nullFunc__I)
                  0000b454    00000096     tcpEcho.obj (.text:main)
                  0000b4ea    00000002     sysbios.aem4f : BIOS.obj (.text:ti_sysbios_gates_GateHwi_Instance_init__E)
                  0000b4ec    00000094     nettool_ipv4.aem4f : config.oem4f (.text:CfgExecute)
                  0000b580    00000094                        : config.oem4f (.text:CfgRemoveEntry)
                  0000b614    00000094     Boot.aem4f : Boot.oem4f (.text:ti_catalog_arm_cortexm4_tiva_ce_Boot_sysCtlClockFreqSet__E)
                  0000b6a8    00000094     sysbios.aem4f : BIOS.obj (.text:ti_sysbios_knl_Mailbox_post__E)
                  0000b73c    00000094     ti.targets.arm.rtsarm.aem4f : Text.oem4f (.text:xdc_runtime_Text_putMod__E)
                  0000b7d0    00000090     stk.aem4f : igmp.oem4f (.text:IGMPMsg)
                  0000b860    00000090               : sockpcb.oem4f (.text:SockPcbCtlError)
                  0000b8f0    00000090     os.aem4f : mem.oem4f (.text:_mmInit)
                  0000b980    00000090              : mem.oem4f (.text:mmBulkAlloc)
                  0000ba10    0000008e     nettool_ipv4.aem4f : dhcpbild.oem4f (.text:dhcpBuildRequest)
                  0000ba9e    00000002     tcpEcho_pem4f.oem4f (.text:xdc_runtime_Startup_reset__I)
                  0000baa0    0000008c     os.aem4f : mem.oem4f (.text:mmInitPage)
                  0000bb2c    0000008c     sysbios.aem4f : BIOS.obj (.text:ti_sysbios_family_arm_m3_Hwi_initNVIC__E)
                  0000bbb8    0000008c                   : m3_TaskSupport_asm.obj (.text:ti_sysbios_family_arm_m3_TaskSupport_buildTaskStack)
                  0000bc44    0000008a     netctrl_min_ipv4.aem4f : netsrv.oem4f (.text:SPRoute)
                  0000bcce    00000002     --HOLE-- [fill = 0]
                  0000bcd0    00000088     sysbios.aem4f : BIOS.obj (.text:ti_sysbios_knl_Mailbox_Module_startup__E)
                  0000bd58    00000086     nettool_ipv4.aem4f : dhcpsm.oem4f (.text:StateRequesting)
                  0000bdde    00000002     --HOLE-- [fill = 0]
                  0000bde0    00000084     stk.aem4f : tcpprot.oem4f (.text:TcpPrAttach)
                  0000be64    00000084     os.aem4f : mem.oem4f (.text:mmBulkFree)
                  0000bee8    00000084     sysbios.aem4f : BIOS.obj (.text:ti_sysbios_knl_Mailbox_pend__E)
                  0000bf6c    00000084                   : BIOS.obj (.text:ti_sysbios_knl_Task_Module_startup__E)
                  0000bff0    00000082     nettool_ipv4.aem4f : dhcpsm.oem4f (.text:StateRenewRebind)
                  0000c072    00000002     --HOLE-- [fill = 0]
                  0000c074    00000080     stk.aem4f : ip.oem4f (.text:IPMsg)
                  0000c0f4    00000080               : lli.oem4f (.text:LLINew)
                  0000c174    00000080     netctrl_min_ipv4.aem4f : netsrv.oem4f (.text:NS_BootTask)
                  0000c1f4    00000080     stk.aem4f : pbm.oem4f (.text:PBM_alloc)
                  0000c274    00000080               : raw.oem4f (.text:RawOutput)
                  0000c2f4    00000080     netctrl_min_ipv4.aem4f : netsrv.oem4f (.text:ServiceSpawn)
                  0000c374    00000080     os.aem4f : mem.oem4f (.text:mmFree)
                  0000c3f4    0000007f     tcpEcho_pem4f.oem4f (.text:ti_ndk_config_Global_NetworkIPAddr)
                  0000c473    00000001     --HOLE-- [fill = 0]
                  0000c474    0000007e     stk.aem4f : fileuser.oem4f (.text:fdClose)
                  0000c4f2    00000002     --HOLE-- [fill = 0]
                  0000c4f4    0000007c     nettool_ipv4.aem4f : config.oem4f (.text:CfgGetEntry)
                  0000c570    0000007c                        : config.oem4f (.text:CfgGetNextEntry)
                  0000c5ec    0000007c     drivers_tivaware.aem4f : EMACSnow.oem4f (.text:EMACSnow_processPendingTx)
                  0000c668    0000007c                            : EMACSnow.oem4f (.text:EMACSnow_processPhyInterrupt)
                  0000c6e4    0000007c     stk.aem4f : igmp.oem4f (.text:IGMPJoin)
                  0000c760    0000007c               : socket.oem4f (.text:NDK_setsockopt)
                  0000c7dc    0000007c               : nimu.oem4f (.text:NIMURegister)
                  0000c858    0000007c               : pbm.oem4f (.text:PBM_free)
                  0000c8d4    0000007a               : igmp.oem4f (.text:IGMPDoMCast)
                  0000c94e    00000002     --HOLE-- [fill = 0]
                  0000c950    00000078     driverlib.lib : emac.obj (.text:EMACInit)
                  0000c9c8    00000078     stk.aem4f : socket.oem4f (.text:NDK_sendto)
                  0000ca40    00000078               : nimu.oem4f (.text:NIMUShutdown)
                  0000cab8    00000078               : tcptime.oem4f (.text:TcpXmitTimer)
                  0000cb30    00000078               : fileuser.oem4f (.text:fdOpenSession)
                  0000cba8    00000078     nettool_ipv4.aem4f : inetaddr.oem4f (.text:inet_pton)
                  0000cc20    00000078     os.aem4f : task.oem4f (.text:llExit)
                  0000cc98    00000078     rtsv7M4_T_le_v4SPD16_eabi.lib : memset_t2.obj (.text)
                  0000cd10    00000076     stk.aem4f : pipe.oem4f (.text:PipeSend)
                  0000cd86    00000002     --HOLE-- [fill = 0]
                  0000cd88    00000075               : tcptime.oem4f (.text:TcpTimeoutSackRexmt)
                  0000cdfd    00000003     --HOLE-- [fill = 0]
                  0000ce00    00000074               : raweth.oem4f (.text:RawEthRxPacket)
                  0000ce74    00000074               : sockpcb.oem4f (.text:SockPcbConnect)
                  0000cee8    00000074     sysbios.aem4f : BIOS.obj (.text:ti_sysbios_knl_Clock_start__E)
                  0000cf5c    00000072     stk.aem4f : rtable.oem4f (.text:RtWalkNext)
                  0000cfce    00000002     --HOLE-- [fill = 0]
                  0000cfd0    00000072     os.aem4f : semaphore.oem4f (.text:SemCreateBinary)
                  0000d042    00000002     --HOLE-- [fill = 0]
                  0000d044    00000070     drivers_tivaware.aem4f : EMACSnow.oem4f (.text:EMACSnow_hwiIntFxn)
                  0000d0b4    00000070     stk.aem4f : igmp.oem4f (.text:IGMPLeaveHostGroup)
                  0000d124    00000070               : socket.oem4f (.text:NDK_send)
                  0000d194    00000070               : rtable.oem4f (.text:RtFlush)
                  0000d204    00000070               : sock.oem4f (.text:SockShutdown)
                  0000d274    00000070     nettool_ipv4.aem4f : dhcptags.oem4f (.text:dhcpDecodeType)
                  0000d2e4    00000070     sysbios.aem4f : BIOS.obj (.text:ti_sysbios_family_arm_m3_Hwi_postInit__I)
                  0000d354    00000070     ti.targets.arm.rtsarm.aem4f : Memory.oem4f (.text:xdc_runtime_Memory_alloc__E)
                  0000d3c4    0000006e     stk.aem4f : socket.oem4f (.text:NDK_recv)
                  0000d432    00000002     --HOLE-- [fill = 0]
                  0000d434    0000006d               : node.oem4f (.text:NodeNew)
                  0000d4a1    00000003     --HOLE-- [fill = 0]
                  0000d4a4    0000006c     os.aem4f : ossys.oem4f (.text:DbgPrintf)
                  0000d510    0000006c     drivers_tivaware.aem4f : EMACSnow.oem4f (.text:EMACSnow_emacStop)
                  0000d57c    0000006c     stk.aem4f : node.oem4f (.text:NodeTreeNew)
                  0000d5e8    0000006c               : raweth.oem4f (.text:RawEthTxPacket)
                  0000d654    0000006c     ti.targets.arm.rtsarm.aem4f : Error.oem4f (.text:xdc_runtime_Error_print__E)
                  0000d6c0    0000006a     stk.aem4f : tcpprot.oem4f (.text:TcpPrInherit)
                  0000d72a    0000006a               : rtable.oem4f (.text:_RtNodeInsert)
                  0000d794    00000068               : socket.oem4f (.text:NDK_socket)
                  0000d7fc    00000068               : pbm.oem4f (.text:PBM_open)
                  0000d864    00000068     netctrl_min_ipv4.aem4f : netsrv.oem4f (.text:SPConfig)
                  0000d8cc    00000068     stk.aem4f : sockpcb.oem4f (.text:SockPcbFindRaw)
                  0000d934    00000068               : udp.oem4f (.text:UdpChecksum)
                  0000d99c    00000068     hal_timer_bios.aem4f : lltimer.oem4f (.text:llTimerTick)
                  0000da04    00000066     ti.targets.arm.rtsarm.aem4f : Core-mem.oem4f (.text:xdc_runtime_Core_deleteObject__I)
                  0000da6a    00000002     --HOLE-- [fill = 0]
                  0000da6c    00000064     nettool_ipv4.aem4f : config.oem4f (.text:CfgFree)
                  0000dad0    00000064     stk.aem4f : pbm.oem4f (.text:PBMQ_enq)
                  0000db34    00000064     tcpEcho_pem4f.oem4f (.text:ti_sysbios_family_arm_m3_Hwi_create)
                  0000db98    00000064     stk.aem4f : lliin.oem4f (.text:updateRtTable)
                  0000dbfc    00000062               : ipin.oem4f (.text:IPRouteIP)
                  0000dc5e    00000002     --HOLE-- [fill = 0]
                  0000dc60    00000062               : sb.oem4f (.text:SBNew)
                  0000dcc2    00000002     --HOLE-- [fill = 0]
                  0000dcc4    00000060     nettool_ipv4.aem4f : config.oem4f (.text:CfgGetEntryCnt)
                  0000dd24    00000060     stk.aem4f : file.oem4f (.text:FdWaitEvent)
                  0000dd84    00000060               : nimu.oem4f (.text:NIMUUnregister)
                  0000dde4    00000060               : node.oem4f (.text:NodeFind)
                  0000de44    00000060               : rtc.oem4f (.text:RTCMsg)
                  0000dea4    00000060               : tcp.oem4f (.text:TcpChecksum)
                  0000df04    00000060     nettool_ipv4.aem4f : dhcptags.oem4f (.text:dhcpBuildOptions)
                  0000df64    00000060     rtsv7M4_T_le_v4SPD16_eabi.lib : trgmsg.obj (.text)
                  0000dfc4    00000060     sysbios.aem4f : BIOS.obj (.text:ti_sysbios_family_arm_lm4_Timer_isrStub__E)
                  0000e024    00000060                   : BIOS.obj (.text:ti_sysbios_knl_Clock_logTick__E)
                  0000e084    00000060     ti.targets.arm.rtsarm.aem4f : System.oem4f (.text:xdc_runtime_System_formatNum__I)
                  0000e0e4    0000005e     stk.aem4f : route.oem4f (.text:RtRemove)
                  0000e142    0000005e     nettool_ipv4.aem4f : dhcpsm.oem4f (.text:StateSelecting)
                  0000e1a0    0000005e     rtsv7M4_T_le_v4SPD16_eabi.lib : copy_decompress_rle.obj (.text)
                  0000e1fe    00000002     --HOLE-- [fill = 0]
                  0000e200    0000005c     nettool_ipv4.aem4f : config.oem4f (.text:CfgSetExecuteOrder)
                  0000e25c    0000005c     stk.aem4f : nimu.oem4f (.text:NIMUIoctlSpecialCmd)
                  0000e2b8    0000005c               : sockint.oem4f (.text:SockSpawnAbort)
                  0000e314    0000005c               : vlan.oem4f (.text:VLANReceivePacket)
                  0000e370    0000005c     sysbios.aem4f : BIOS.obj (.text:ti_sysbios_family_arm_lm4_Timer_Module_startup__E)
                  0000e3cc    0000005c     tcpEcho_pem4f.oem4f (.text:ti_sysbios_knl_Swi_create)
                  0000e428    0000005c     tcpEcho_pem4f.oem4f (.text:ti_sysbios_knl_Task_create)
                  0000e484    0000005b     ti.targets.arm.rtsarm.aem4f : Text.oem4f (.text:xdc_runtime_Text_putLab__E)
                  0000e4df    00000001     --HOLE-- [fill = 0]
                  0000e4e0    0000005a     stk.aem4f : route.oem4f (.text:RtRedirect)
                  0000e53a    0000005a               : tcpprot.oem4f (.text:TcpValidateMetrics)
                  0000e594    0000005a     nettool_ipv4.aem4f : dhcpbild.oem4f (.text:dhcpBuildDecline)
                  0000e5ee    0000005a     tcpEcho_pem4f.oem4f (.text:ti_ndk_config_tcp_init)
                  0000e648    00000058     stk.aem4f : bind.oem4f (.text:BindFree)
                  0000e6a0    00000058     driverlib.lib : emac.obj (.text:EMACPHYConfigSet)
                  0000e6f8    00000058     stk.aem4f : igmp.oem4f (.text:IGMPTimer)
                  0000e750    00000058     netctrl_min_ipv4.aem4f : netsrv.oem4f (.text:SPService)
                  0000e7a8    00000058     os.aem4f : semaphore.oem4f (.text:SemCreate)
                  0000e800    00000058     boot.aem4f : boot.oem4f (.text)
                  0000e858    00000058     sysbios.aem4f : m3_Hwi_asm_switch.obj (.text:ti_sysbios_family_arm_m3_Hwi_initStacks__E)
                  0000e8b0    00000058                   : BIOS.obj (.text:ti_sysbios_knl_Swi_restoreHwi__E)
                  0000e908    00000058                   : BIOS.obj (.text:ti_sysbios_knl_Swi_schedule__I)
                  0000e960    00000054     nettool_ipv4.aem4f : config.oem4f (.text:CfgEntryDeRef)
                  0000e9b4    00000054     stk.aem4f : igmp.oem4f (.text:IGMPLeave)
                  0000ea08    00000054               : rawethsock_pcb.oem4f (.text:RawEthSockPcbAttach)
                  0000ea5c    00000054               : tcptime.oem4f (.text:TcpTimeoutPersist)
                  0000eab0    00000054     os.aem4f : mem.oem4f (.text:mmCopy)
                  0000eb04    00000054     sysbios.aem4f : BIOS.obj (.text:ti_sysbios_knl_Swi_Instance_finalize__E)
                  0000eb58    00000050     stk.aem4f : socket.oem4f (.text:NDK_bind)
                  0000eba8    00000050               : socket.oem4f (.text:NDK_connect)
                  0000ebf8    00000050               : route.oem4f (.text:RtNew)
                  0000ec48    00000050     driverlib.lib : sysctl.obj (.text:SysCtlPeripheralReset)
                  0000ec98    00000050     stk.aem4f : tcpprot.oem4f (.text:TcpPrDetach)
                  0000ece8    00000050     Boot.aem4f : Boot_sysctl.oem4f (.text:_SysCtlFrequencyGet)
                  0000ed38    00000050     ti.targets.arm.rtsarm.aem4f : Startup.oem4f (.text:xdc_runtime_Startup_exec__E)
                  0000ed88    00000050                                 : Text.oem4f (.text:xdc_runtime_Text_visitRope2__I)
                  0000edd8    0000004e     stk.aem4f : node.oem4f (.text:NodeDeRef)
                  0000ee26    00000002     --HOLE-- [fill = 0]
                  0000ee28    0000004c     nettool_ipv4.aem4f : ipaddr.oem4f (.text:NtAddNetwork)
                  0000ee74    0000004c     stk.aem4f : sockint.oem4f (.text:SockValidateRoute)
                  0000eec0    0000004c               : file.oem4f (.text:fdint_lockfd)
                  0000ef0c    0000004c     sysbios.aem4f : BIOS.obj (.text:ti_sysbios_knl_Swi_runLoop__I)
                  0000ef58    0000004a     stk.aem4f : sock.oem4f (.text:SockDisconnect)
                  0000efa2    00000002     --HOLE-- [fill = 0]
                  0000efa4    0000004a               : timer.oem4f (.text:TimerNew)
                  0000efee    0000004a     nettool_ipv4.aem4f : config.oem4f (.text:_CfgEntryScan)
                  0000f038    00000048                        : config.oem4f (.text:CfgNew)
                  0000f080    00000048     drivers_tivaware.aem4f : EMACSnow.oem4f (.text:EMACSnow_processTransmitted)
                  0000f0c8    00000048     driverlib.lib : gpio.obj (.text:GPIOPinConfigure)
                  0000f110    00000048     stk.aem4f : lli.oem4f (.text:LLIMsg)
                  0000f158    00000048               : node.oem4f (.text:NodeWalk)
                  0000f1a0    00000048               : sockpcb.oem4f (.text:SockPcbResolveChain)
                  0000f1e8    00000048               : tcpprot.oem4f (.text:TcpDrop)
                  0000f230    00000048               : lli.oem4f (.text:_LLIExpListInsert)
                  0000f278    00000048               : rtable.oem4f (.text:_RtExpListInsert)
                  0000f2c0    00000048     sysbios.aem4f : BIOS.obj (.text:ti_sysbios_family_arm_m3_Hwi_excReserved__I)
                  0000f308    00000048                   : BIOS.obj (.text:ti_sysbios_heaps_HeapMem_getStats__E)
                  0000f350    00000048                   : BIOS.obj (.text:ti_sysbios_knl_Task_deleteTerminatedTasksFunc__I)
                  0000f398    00000048     ti.targets.arm.rtsarm.aem4f : Assert.oem4f (.text:xdc_runtime_Assert_raise__I)
                  0000f3e0    00000046     nettool_ipv4.aem4f : ipaddr.oem4f (.text:NtIfIdx2Ip)
                  0000f426    00000046     stk.aem4f : rawethsock.oem4f (.text:RawEthSockSend)
                  0000f46c    00000046     netctrl_min_ipv4.aem4f : netsrv.oem4f (.text:ServiceKill)
                  0000f4b2    00000046     ti.targets.arm.rtsarm.aem4f : Core-params.oem4f (.text:xdc_runtime_Core_assignParams__I)
                  0000f4f8    00000044     stk.aem4f : ipfrag.oem4f (.text:IPReasmFree)
                  0000f53c    00000044               : lli.oem4f (.text:LLIGetValidTime)
                  0000f580    00000044               : rawethsock_pcb.oem4f (.text:RawEthSockPcbDetach)
                  0000f5c4    00000044               : rtable.oem4f (.text:RouteMsg)
                  0000f608    00000044               : rtable.oem4f (.text:RtWalkEnd)
                  0000f64c    00000044               : timer.oem4f (.text:TimerListInsert)
                  0000f690    00000044     hal_timer_bios.aem4f : lltimer.oem4f (.text:llTimerGetTime)
                  0000f6d4    00000044     rtsv7M4_T_le_v4SPD16_eabi.lib : cpy_tbl.obj (.text)
                  0000f718    00000044                                   : exit.obj (.text)
                  0000f75c    00000044     sysbios.aem4f : BIOS.obj (.text:ti_sysbios_family_arm_lm4_Timer_stop__E)
                  0000f7a0    00000044                   : BIOS.obj (.text:ti_sysbios_family_arm_m3_Hwi_disableInterrupt__E)
                  0000f7e4    00000044                   : BIOS.obj (.text:ti_sysbios_family_arm_m3_Hwi_enableInterrupt__E)
                  0000f828    00000044                   : BIOS.obj (.text:ti_sysbios_knl_Task_allBlockedFunction__I)
                  0000f86c    00000044     ti.targets.arm.rtsarm.aem4f : Error.oem4f (.text:xdc_runtime_Error_setX__E)
                  0000f8b0    00000044                                 : SysMin.oem4f (.text:xdc_runtime_SysMin_flush__E)
                  0000f8f4    00000042     stk.aem4f : tcpprot.oem4f (.text:TcpPrSendOOB)
                  0000f936    00000042               : fileuser.oem4f (.text:fdCloseSession)
                  0000f978    00000042     rtsv7M4_T_le_v4SPD16_eabi.lib : u_divt2.obj (.text)
                  0000f9ba    00000002     --HOLE-- [fill = 0]
                  0000f9bc    00000040     stk.aem4f : lliin.oem4f (.text:LLIValidateRoute)
                  0000f9fc    00000040               : pbm.oem4f (.text:PBM_copy)
                  0000fa3c    00000040               : sockpcb.oem4f (.text:SockPcbDetach)
                  0000fa7c    00000040               : sockpcb.oem4f (.text:SockPcbRtChange)
                  0000fabc    00000040               : tcpprot.oem4f (.text:TcpPrDisconnect)
                  0000fafc    00000040     os.aem4f : mem.oem4f (.text:mmZeroInit)
                  0000fb3c    00000040     sysbios.aem4f : BIOS.obj (.text:ti_sysbios_family_arm_lm4_Timer_startup__E)
                  0000fb7c    0000003e     nettool_ipv4.aem4f : dhcpmain.oem4f (.text:DHCPClose)
                  0000fbba    0000003e     stk.aem4f : icmp.oem4f (.text:ICMPChecksum)
                  0000fbf8    0000003e               : nimu.oem4f (.text:NIMUAllocateName)
                  0000fc36    0000003e               : tcpprot.oem4f (.text:TcpPrCtlError)
                  0000fc74    0000003e               : file.oem4f (.text:fdint_unlockfd)
                  0000fcb2    0000003c     nettool_ipv4.aem4f : config.oem4f (.text:CfgEntryGetData)
                  0000fcee    0000003c     driverlib.lib : emac.obj (.text:EMACIntDisable)
                  0000fd2a    0000003c     stk.aem4f : node.oem4f (.text:NodeUpdatePL)
                  0000fd66    00000002     --HOLE-- [fill = 0]
                  0000fd68    0000003c               : rtable.oem4f (.text:RtWalkBegin)
                  0000fda4    0000003c               : tcpprot.oem4f (.text:TcpPrConnect)
                  0000fde0    0000003c               : tcptime.oem4f (.text:TcpSetPersist)
                  0000fe1c    0000003c               : rtc.oem4f (.text:_RTCSendRtAdv)
                  0000fe58    0000003c     hal_timer_bios.aem4f : lltimer.oem4f (.text:_llTimerInit)
                  0000fe94    0000003c     sysbios.aem4f : BIOS.obj (.text:ti_sysbios_family_arm_m3_Hwi_excSvCall__I)
                  0000fed0    0000003c                   : BIOS.obj (.text:ti_sysbios_family_arm_m3_Hwi_getStackInfo__E)
                  0000ff0c    0000003c                   : BIOS.obj (.text:ti_sysbios_heaps_HeapMem_init__I)
                  0000ff48    0000003c     tcpEcho_pem4f.oem4f (.text:ti_sysbios_knl_Clock_create)
                  0000ff84    0000003c     sysbios.aem4f : BIOS.obj (.text:ti_sysbios_knl_Swi_startup__E)
                  0000ffc0    0000003c     ti.targets.arm.rtsarm.aem4f : Text.oem4f (.text:xdc_runtime_Text_xprintf__I)
                  0000fffc    0000003a     driverlib.lib : emac.obj (.text:EMACIntEnable)
                  00010036    0000003a     stk.aem4f : rtable.oem4f (.text:_RtNodeRemove)
                  00010070    00000038     driverlib.lib : emac.obj (.text:EMACConfigGet)
                  000100a8    00000038     stk.aem4f : ipfrag.oem4f (.text:IPReasmTimeout)
                  000100e0    00000038               : node.oem4f (.text:NodeGetRt)
                  00010118    00000038     driverlib.lib : sysctl.obj (.text:SysCtlPeripheralReady)
                  00010150    00000038     os.aem4f : task.oem4f (.text:TaskCreate)
                  00010188    00000038     stk.aem4f : tcpprot.oem4f (.text:TcpClose)
                  000101c0    00000038               : timer.oem4f (.text:TimerHSTick)
                  000101f8    00000038     nettool_ipv4.aem4f : dhcptags.oem4f (.text:dhcpOptionsClear)
                  00010230    00000038     stk.aem4f : file.oem4f (.text:fdint_waitevent)
                  00010268    00000038     sysbios.aem4f : BIOS.obj (.text:ti_sysbios_family_arm_m3_Hwi_excNoIsr__I)
                  000102a0    00000038                   : BIOS.obj (.text:ti_sysbios_family_arm_m3_TaskSupport_start__E)
                  000102d8    00000038                   : BIOS.obj (.text:ti_sysbios_knl_Task_processVitalTaskFlag__I)
                  00010310    00000038     ti.targets.arm.rtsarm.aem4f : SysMin.oem4f (.text:xdc_runtime_SysMin_putch__E)
                  00010348    00000038                                 : System.oem4f (.text:xdc_runtime_System_atexit__E)
                  00010380    00000034     nettool_ipv4.aem4f : config.oem4f (.text:CfgSetService)
                  000103b4    00000034     driverlib.lib : emac.obj (.text:EMACConfigSet)
                  000103e8    00000034                   : emac.obj (.text:EMACIntClear)
                  0001041c    00000034     drivers_tivaware.aem4f : EMAC.oem4f (.text:EMAC_init)
                  00010450    00000034     stk.aem4f : ip.oem4f (.text:IPChecksum)
                  00010484    00000034               : nimu.oem4f (.text:NIMUFindByName)
                  000104b8    00000034               : nimu.oem4f (.text:NIMUInit)
                  000104ec    00000034     driverlib.lib : sysctl.obj (.text:SysCtlPeripheralEnable)
                  00010520    00000034     nettool_ipv4.aem4f : dhcpbild.oem4f (.text:dhcpBuildDiscover)
                  00010554    00000034     os.aem4f : mem.oem4f (.text:mmUnInitPage)
                  00010588    00000034     sysbios.aem4f : BIOS.obj (.text:ti_sysbios_family_arm_m3_Hwi_excNmi__I)
                  000105bc    00000034                   : BIOS.obj (.text:ti_sysbios_hal_Hwi_checkStack)
                  000105f0    00000034     tcpEcho_pem4f.oem4f (.text:ti_sysbios_knl_Semaphore_create)
                  00010624    00000034     ti.targets.arm.rtsarm.aem4f : Core-label.oem4f (.text:xdc_runtime_Core_assignLabel__I)
                  00010658    00000033                                 : Text.oem4f (.text:xdc_runtime_Text_printVisFxn__I)
                  0001068b    00000001     --HOLE-- [fill = 0]
                  0001068c    00000032     nettool_ipv4.aem4f : config.oem4f (.text:CfgGetImmediate)
                  000106be    00000032     stk.aem4f : route.oem4f (.text:RtDeRef)
                  000106f0    00000032               : sb.oem4f (.text:SBSetMax)
                  00010722    00000032               : sock.oem4f (.text:SockIntAbort)
                  00010754    00000032               : tcpprot.oem4f (.text:TcpPrSend)
                  00010786    00000032     nettool_ipv4.aem4f : config.oem4f (.text:_CfgAcquire)
                  000107b8    00000032                        : dhcpsm.oem4f (.text:dhcpIPRemove)
                  000107ea    00000032     sysbios.aem4f : BIOS.obj (.text:ti_sysbios_knl_Semaphore_pendTimeout__I)
                  0001081c    00000030     driverlib.lib : emac.obj (.text:EMACAddrSet)
                  0001084c    00000030     drivers_tivaware.aem4f : EMACSnow.oem4f (.text:EMACSnow_handlePackets)
                  0001087c    00000030     os.aem4f : task.oem4f (.text:NDK_hookCreate)
                  000108ac    00000030     netctrl_min_ipv4.aem4f : netsrv.oem4f (.text:NS_PreBoot)
                  000108dc    00000030     stk.aem4f : sb.oem4f (.text:SBFlush)
                  0001090c    00000030               : sock.oem4f (.text:SockBind)
                  0001093c    00000030               : sockpcb.oem4f (.text:SockCleanPcb)
                  0001096c    00000030               : sockprot.oem4f (.text:SockPrCtlError)
                  0001099c    00000030     nettool_ipv4.aem4f : dhcpsock.oem4f (.text:dhcpPacketSend)
                  000109cc    00000030     stk.aem4f : listlib.oem4f (.text:list_remove_node)
                  000109fc    00000030     tcpEcho_pem4f.oem4f (.text:ti_sysbios_BIOS_atExitFunc__I)
                  00010a2c    00000030     tcpEcho_pem4f.oem4f (.text:ti_sysbios_gates_GateHwi_Object__create__S)
                  00010a5c    00000030     tcpEcho_pem4f.oem4f (.text:ti_sysbios_gates_GateMutex_Object__create__S)
                  00010a8c    00000030     tcpEcho_pem4f.oem4f (.text:ti_sysbios_heaps_HeapMem_Object__create__S)
                  00010abc    00000030     tcpEcho_pem4f.oem4f (.text:ti_sysbios_knl_Semaphore_construct)
                  00010aec    00000030     ti.targets.arm.rtsarm.aem4f : SysMin.oem4f (.text:xdc_runtime_SysMin_abort__E)
                  00010b1c    00000030                                 : System.oem4f (.text:xdc_runtime_System_processAtExit__E)
                  00010b4c    0000002e     stk.aem4f : rawethsock.oem4f (.text:RawEthSockNotify)
                  00010b7a    0000002e               : route.oem4f (.text:RtSetFailure)
                  00010ba8    0000002e               : sb.oem4f (.text:SBFree)
                  00010bd6    00000002     --HOLE-- [fill = 0]
                  00010bd8    0000002c     EK_TM4C1294XL.obj (.text:EK_TM4C1294XL_initGPIO)
                  00010c04    0000002c     driverlib.lib : emac.obj (.text:EMACIntStatus)
                  00010c30    0000002c     stk.aem4f : file.oem4f (.text:FdSignalEvent)
                  00010c5c    0000002c               : nimu.oem4f (.text:NIMUAllocateIndex)
                  00010c88    0000002c               : nimu.oem4f (.text:NIMUPacketServiceCheck)
                  00010cb4    0000002c               : pipe.oem4f (.text:PipeClose)
                  00010ce0    0000002c               : sockpcb.oem4f (.text:SockPcbAttach)
                  00010d0c    0000002c     Boot.aem4f : Boot_sysctl.oem4f (.text:_SysCtlMemTimingGet)
                  00010d38    0000002c     sysbios.aem4f : BIOS.obj (.text:ti_sysbios_hal_Hwi_initStack)
                  00010d64    0000002c     tcpEcho_pem4f.oem4f (.text:ti_sysbios_knl_Clock_doTick__I)
                  00010d90    0000002c     tcpEcho_pem4f.oem4f (.text:ti_sysbios_knl_Queue_construct)
                  00010dbc    0000002c     sysbios.aem4f : BIOS.obj (.text:ti_sysbios_knl_Task_restore__E)
                  00010de8    0000002c     ti.targets.arm.rtsarm.aem4f : Text.oem4f (.text:xdc_runtime_Text_cordText__E)
                  00010e14    0000002a     driverlib.lib : gpio.obj (.text:GPIODirModeSet)
                  00010e3e    0000002a     stk.aem4f : lli.oem4f (.text:LLIFree)
                  00010e68    0000002a               : pbm.oem4f (.text:PBMQ_deq)
                  00010e92    0000002a     nettool_ipv4.aem4f : config.oem4f (.text:_CfgRelease)
                  00010ebc    0000002a     ti.targets.arm.rtsarm.aem4f : System.oem4f (.text:xdc_runtime_System_putchar__I)
                  00010ee6    00000002     --HOLE-- [fill = 0]
                  00010ee8    00000028     stk.aem4f : bind.oem4f (.text:BindFindByNet)
                  00010f10    00000028     drivers_tivaware.aem4f : EMACSnow.oem4f (.text:EMACSnow_isLinkUp)
                  00010f38    00000028                            : EMACSnow.oem4f (.text:EMACSnow_pkt_service)
                  00010f60    00000028     stk.aem4f : igmp.oem4f (.text:IGMPTestGroup)
                  00010f88    00000028     netctrl_min_ipv4.aem4f : netctrl.oem4f (.text:NC_SystemClose)
                  00010fb0    00000028     stk.aem4f : nimu.oem4f (.text:NIMUCreatePacket)
                  00010fd8    00000028               : nimu.oem4f (.text:NIMUPacketService)
                  00011000    00000028     netctrl_min_ipv4.aem4f : netsrv.oem4f (.text:ServiceCallback)
                  00011028    00000028     stk.aem4f : tcpin.oem4f (.text:TcpEnterTimeWait)
                  00011050    00000028               : vlan.oem4f (.text:VLANFindSourceInterface)
                  00011078    00000028               : vlan.oem4f (.text:VLANInit)
                  000110a0    00000028               : lli.oem4f (.text:_LLIExpListRemove)
                  000110c8    00000028               : lli.oem4f (.text:_LLITimeoutFlush)
                  000110f0    00000028               : rtable.oem4f (.text:_RtExpListRemove)
                  00011118    00000028     nettool_ipv4.aem4f : dhcpsock.oem4f (.text:dhcpPacketReceive)
                  00011140    00000028     sysbios.aem4f : BIOS.obj (.text:ti_sysbios_family_arm_m3_Hwi_Instance_finalize__E)
                  00011168    00000026     driverlib.lib : emac.obj (.text:EMACPHYRead)
                  0001118e    00000026                   : emac.obj (.text:EMACPHYWrite)
                  000111b4    00000026     stk.aem4f : rawethsock.oem4f (.text:RawEthSockClose)
                  000111da    00000026               : route.oem4f (.text:RtSetTimeout)
                  00011200    00000026     tcpEcho_pem4f.oem4f (.text:ti_ndk_config_udp_init)
                  00011226    00000026     sysbios.aem4f : m3_Hwi_asm.obj (.text:ti_sysbios_family_arm_m3_Hwi_pendSV__I)
                  0001124c    00000026     ti.targets.arm.rtsarm.aem4f : System.oem4f (.text:xdc_runtime_System_avprintf__E)
                  00011272    00000024     stk.aem4f : bind.oem4f (.text:BindGetIFByDBCast)
                  00011296    00000002     --HOLE-- [fill = 0]
                  00011298    00000024     drivers_tivaware.aem4f : EMACSnow.oem4f (.text:EMACSnow_emacPoll)
                  000112bc    00000024                            : EMACSnow.oem4f (.text:EMACSnow_primeRx)
                  000112e0    00000024     stk.aem4f : exec.oem4f (.text:ExecTimer)
                  00011304    00000024     drivers_tivaware.aem4f : GPIOTiva.oem4f (.text:GPIO_init)
                  00011328    00000024     stk.aem4f : nimu.oem4f (.text:NIMUFindByIndex)
                  0001134c    00000024               : rawethsock_pcb.oem4f (.text:RawEthSockPcbFind)
                  00011370    00000024               : route.oem4f (.text:RtFree)
                  00011394    00000024               : sockpcb.oem4f (.text:SockPcbCleanup)
                  000113b8    00000024               : tcptime.oem4f (.text:TcpTimeoutWait2)
                  000113dc    00000024               : timer.oem4f (.text:TimerListRemove)
                  00011400    00000024     nettool_ipv4.aem4f : config.oem4f (.text:_CfgEntryProcess)
                  00011424    00000024     tcpEcho_pem4f.oem4f (.text:ti_sysbios_BIOS_errorRaiseHook__I)
                  00011448    00000024     tcpEcho_pem4f.oem4f (.text:ti_sysbios_BIOS_registerRTSLock__I)
                  0001146c    00000024     tcpEcho_pem4f.oem4f (.text:ti_sysbios_BIOS_removeRTSLock__I)
                  00011490    00000024     tcpEcho_pem4f.oem4f (.text:ti_sysbios_BIOS_startFunc__I)
                  000114b4    00000024     sysbios.aem4f : BIOS.obj (.text:ti_sysbios_family_arm_m3_Hwi_doTaskRestore__I)
                  000114d8    00000024     tcpEcho_pem4f.oem4f (.text:ti_sysbios_gates_GateMutex_Object__delete__S)
                  000114fc    00000024     sysbios.aem4f : BIOS.obj (.text:ti_sysbios_knl_Clock_Module_startup__E)
                  00011520    00000024     tcpEcho_pem4f.oem4f (.text:ti_sysbios_knl_Semaphore_Object__delete__S)
                  00011544    00000024     sysbios.aem4f : BIOS.obj (.text:ti_sysbios_knl_Swi_Module_startup__E)
                  00011568    00000024                   : BIOS.obj (.text:ti_sysbios_knl_Task_enter__I)
                  0001158c    00000024     ti.targets.arm.rtsarm.aem4f : System.oem4f (.text:xdc_runtime_System_vprintf__E)
                  000115b0    00000022     nettool_ipv4.aem4f : config.oem4f (.text:CfgEntryInfo)
                  000115d2    00000022                        : config.oem4f (.text:CfgEntryRef)
                  000115f4    00000022     stk.aem4f : vlan.oem4f (.text:VLANFindNode)
                  00011616    00000022     roveTcpHandler.obj (.text:setsockopt)
                  00011638    00000022     tcpEcho_pem4f.oem4f (.text:xdc_runtime_SysMin_output__I)
                  0001165a    00000002     --HOLE-- [fill = 0]
                  0001165c    00000020     stk.aem4f : bind.oem4f (.text:BindFindByHost)
                  0001167c    00000020     netctrl_min_ipv4.aem4f : netctrl.oem4f (.text:NC_BootComplete)
                  0001169c    00000020     stk.aem4f : nimu.oem4f (.text:NIMUGetNumOfObject)
                  000116bc    00000020               : rtc.oem4f (.text:RTCAddHook)
                  000116dc    00000020               : rtc.oem4f (.text:RTCRemoveHook)
                  000116fc    00000020     tcpEcho_pem4f.oem4f (.text:ti_sysbios_family_arm_m3_Hwi_Object__delete__S)
                  0001171c    00000020     sysbios.aem4f : m3_Hwi_asm.obj (.text:ti_sysbios_family_arm_m3_Hwi_excHandlerAsm__I)
                  0001173c    00000020                   : BIOS.obj (.text:ti_sysbios_family_arm_m3_Hwi_excHandler__I)
                  0001175c    00000020     tcpEcho_pem4f.oem4f (.text:ti_sysbios_gates_GateHwi_Object__delete__S)
                  0001177c    00000020     tcpEcho_pem4f.oem4f (.text:ti_sysbios_heaps_HeapMem_Object__delete__S)
                  0001179c    00000020     sysbios.aem4f : BIOS.obj (.text:ti_sysbios_knl_Idle_run__E)
                  000117bc    00000020     tcpEcho_pem4f.oem4f (.text:ti_sysbios_knl_Semaphore_Object__destruct__S)
                  000117dc    00000020     tcpEcho_pem4f.oem4f (.text:ti_sysbios_knl_Swi_Object__delete__S)
                  000117fc    00000020     tcpEcho_pem4f.oem4f (.text:ti_sysbios_knl_Task_Object__delete__S)
                  0001181c    00000020     ti.targets.arm.rtsarm.aem4f : Registry.oem4f (.text:xdc_runtime_Registry_findById__E)
                  0001183c    00000020                                 : SysMin.oem4f (.text:xdc_runtime_SysMin_Module_startup__E)
                  0001185c    0000001e     stk.aem4f : fileuser.oem4f (.text:fdError)
                  0001187a    0000001e               : listlib.oem4f (.text:list_remove)
                  00011898    0000001e     roveTcpHandler.obj (.text:recv)
                  000118b6    0000001e     roveTcpHandler.obj (.text:send)
                  000118d4    0000001e     sysbios.aem4f : m3_Hwi_asm_switch.obj (.text:ti_sysbios_family_xxx_Hwi_switchAndRunFunc)
                  000118f2    00000002     --HOLE-- [fill = 0]
                  000118f4    0000001c     stk.aem4f : bind.oem4f (.text:BindFindByIF)
                  00011910    0000001c     drivers_tivaware.aem4f : EMACSnow.oem4f (.text:EMACSnow_init)
                  0001192c    0000001c     stk.aem4f : exec.oem4f (.text:ExecBroadcast)
                  00011948    0000001c               : exec.oem4f (.text:ExecClose)
                  00011964    0000001c     os.aem4f : ossys.oem4f (.text:NDK_sprintf)
                  00011980    0000001c     stk.aem4f : nimu.oem4f (.text:NIMUAddHeader)
                  0001199c    0000001c               : sockprot.oem4f (.text:SockPrDetach)
                  000119b8    0000001c     os.aem4f : task.oem4f (.text:TaskDestroy)
                  000119d4    0000001c     stk.aem4f : tcp.oem4f (.text:TcpTimeoutRemove)
                  000119f0    0000001c     tcpEcho_pem4f.oem4f (.text:ti_ndk_config_global_taskCreateHook)
                  00011a0c    0000001c     tcpEcho_pem4f.oem4f (.text:ti_sysbios_BIOS_rtsLock__I)
                  00011a28    0000001c     sysbios.aem4f : BIOS.obj (.text:ti_sysbios_gates_GateMutex_Instance_init__E)
                  00011a44    0000001c     tcpEcho_pem4f.oem4f (.text:ti_sysbios_knl_Queue_Object__destruct__S)
                  00011a60    0000001c     ti.targets.arm.rtsarm.aem4f : Error.oem4f (.text:xdc_runtime_Error_raiseX__E)
                  00011a7c    0000001c                                 : Memory.oem4f (.text:xdc_runtime_Memory_valloc__E)
                  00011a98    0000001c                                 : SysMin.oem4f (.text:xdc_runtime_SysMin_exit__E)
                  00011ab4    0000001c                                 : System.oem4f (.text:xdc_runtime_System_abort__E)
                  00011ad0    0000001a     stk.aem4f : sockint.oem4f (.text:SockSetOOBMark)
                  00011aea    0000001a               : file.oem4f (.text:fdint_getfdt)
                  00011b04    0000001a     tcpEcho_pem4f.oem4f (.text:ti_sysbios_family_arm_m3_Hwi_Handle__label__S)
                  00011b1e    0000001a     tcpEcho_pem4f.oem4f (.text:ti_sysbios_gates_GateHwi_Handle__label__S)
                  00011b38    0000001a     tcpEcho_pem4f.oem4f (.text:ti_sysbios_gates_GateMutex_Handle__label__S)
                  00011b52    0000001a     tcpEcho_pem4f.oem4f (.text:ti_sysbios_heaps_HeapMem_Handle__label__S)
                  00011b6c    0000001a     tcpEcho_pem4f.oem4f (.text:ti_sysbios_knl_Swi_Handle__label__S)
                  00011b86    0000001a     tcpEcho_pem4f.oem4f (.text:ti_sysbios_knl_Task_Handle__label__S)
                  00011ba0    0000001a     sysbios.aem4f : BIOS.obj (.text:ti_sysbios_knl_Task_sleepTimeout__I)
                  00011bba    0000001a     tcpEcho_pem4f.oem4f (.text:xdc_runtime_System_aprintf__E)
                  00011bd4    0000001a     tcpEcho_pem4f.oem4f (.text:xdc_runtime_System_printf__E)
                  00011bee    00000002     --HOLE-- [fill = 0]
                  00011bf0    00000018     drivers_tivaware.aem4f : EMACSnow.oem4f (.text:EMACSnow_emacSend)
                  00011c08    00000018     driverlib.lib : gpio.obj (.text:GPIOPinTypeGPIOOutput)
                  00011c20    00000018     stk.aem4f : ip.oem4f (.text:IPRtChange)
                  00011c38    00000018               : rawethsock_pcb.oem4f (.text:RawEthSockPcbCleanup)
                  00011c50    00000018     nettool_ipv4.aem4f : ipaddr.oem4f (.text:RouteHook)
                  00011c68    00000018     stk.aem4f : tcpin.oem4f (.text:SEQ_GEQ)
                  00011c80    00000018               : tcpout.oem4f (.text:SEQ_GEQ)
                  00011c98    00000018               : tcpin.oem4f (.text:SEQ_GT)
                  00011cb0    00000018               : tcpout.oem4f (.text:SEQ_GT)
                  00011cc8    00000018               : tcpin.oem4f (.text:SEQ_LEQ)
                  00011ce0    00000018               : tcpout.oem4f (.text:SEQ_LEQ)
                  00011cf8    00000018               : tcpin.oem4f (.text:SEQ_LT)
                  00011d10    00000018               : tcpout.oem4f (.text:SEQ_LT)
                  00011d28    00000018               : tcp.oem4f (.text:TcpTimeoutAdd)
                  00011d40    00000018     nettool_ipv4.aem4f : dhcpsock.oem4f (.text:dhcpSocketClose)
                  00011d58    00000018     stk.aem4f : listlib.oem4f (.text:list_add)
                  00011d70    00000018     rtsv7M4_T_le_v4SPD16_eabi.lib : args_main.obj (.text)
                  00011d88    00000018                                   : strcmp.obj (.text)
                  00011da0    00000018     tcpEcho_pem4f.oem4f (.text:ti_sysbios_BIOS_rtsUnlock__I)
                  00011db8    00000018     tcpEcho_pem4f.oem4f (.text:ti_sysbios_family_arm_lm4_Timer_Module__startupDone__F)
                  00011dd0    00000018     tcpEcho_pem4f.oem4f (.text:ti_sysbios_family_arm_m3_Hwi_Module__startupDone__F)
                  00011de8    00000018     sysbios.aem4f : m3_TaskSupport_asm.obj (.text:ti_sysbios_family_arm_m3_TaskSupport_swap__E)
                  00011e00    00000018                   : BIOS.obj (.text:ti_sysbios_gates_GateMutex_leave__E)
                  00011e18    00000018     ti.targets.arm.rtsarm.aem4f : Error.oem4f (.text:xdc_runtime_Error_check__E)
                  00011e30    00000018                                 : System.oem4f (.text:xdc_runtime_System_exit__E)
                  00011e48    00000018                                 : Text.oem4f (.text:xdc_runtime_Text_ropeText__E)
                  00011e60    00000016     stk.aem4f : bind.oem4f (.text:BindGetIP)
                  00011e76    00000016     driverlib.lib : emac.obj (.text:EMACReset)
                  00011e8c    00000016                   : emac.obj (.text:EMACRxEnable)
                  00011ea2    00000016                   : emac.obj (.text:EMACTxEnable)
                  00011eb8    00000016     stk.aem4f : file.oem4f (.text:fdint_freefdt)
                  00011ece    00000016     tcpEcho_pem4f.oem4f (.text:ti_sysbios_BIOS_exitFunc__I)
                  00011ee4    00000016     roveTcpHandler.obj (.text:ti_sysbios_knl_Task_Params_init)
                  00011efa    00000016     ti.targets.arm.rtsarm.aem4f : System.oem4f (.text:xdc_runtime_System_vsprintf__E)
                  00011f10    00000014     stk.aem4f : bind.oem4f (.text:BindIPHost2IF)
                  00011f24    00000014     driverlib.lib : flash.obj (.text:FlashUserGet)
                  00011f38    00000014     netctrl_min_ipv4.aem4f : netctrl.oem4f (.text:NC_NetStop)
                  00011f4c    00000014     os.aem4f : task.oem4f (.text:NDK_hookExit)
                  00011f60    00000014     stk.aem4f : nimu.oem4f (.text:NIMUSendPacket)
                  00011f74    00000014     nettool_ipv4.aem4f : ipaddr.oem4f (.text:NtRemoveNetwork)
                  00011f88    00000014     stk.aem4f : rawethsock_pcb.oem4f (.text:RawEthSockPcbInit)
                  00011f9c    00000014               : timer.oem4f (.text:TimerFree)
                  00011fb0    00000014     roveTcpHandler.obj (.text:connect)
                  00011fc4    00000014     rtsv7M4_T_le_v4SPD16_eabi.lib : _lock.obj (.text)
                  00011fd8    00000014                                   : strlen.obj (.text)
                  00011fec    00000014     roveTcpHandler.obj (.text:socket)
                  00012000    00000014     tcpEcho_pem4f.oem4f (.text:ti_ndk_config_global_taskExitHook)
                  00012014    00000014     tcpEcho_pem4f.oem4f (.text:ti_sysbios_family_arm_m3_Hwi_Object__get__S)
                  00012028    00000014     sysbios.aem4f : BIOS.obj (.text:ti_sysbios_family_arm_m3_Hwi_switchFromBootStack__E)
                  0001203c    00000014     tcpEcho_pem4f.oem4f (.text:ti_sysbios_heaps_HeapMem_Object__get__S)
                  00012050    00000014     tcpEcho_pem4f.oem4f (.text:ti_sysbios_knl_Mailbox_Object__get__S)
                  00012064    00000014     tcpEcho_pem4f.oem4f (.text:ti_sysbios_knl_Swi_Object__get__S)
                  00012078    00000014     tcpEcho_pem4f.oem4f (.text:ti_sysbios_knl_Task_Object__first__S)
                  0001208c    00000014     tcpEcho_pem4f.oem4f (.text:ti_sysbios_knl_Task_Object__next__S)
                  000120a0    00000012     driverlib.lib : gpio.obj (.text:GPIOPinTypeEthernetLED)
                  000120b2    00000012                   : gpio.obj (.text:GPIOPinTypeGPIOInput)
                  000120c4    00000012     stk.aem4f : sockprot.oem4f (.text:SockPrAttach)
                  000120d6    00000012               : sockint.oem4f (.text:SockSetOOBData)
                  000120e8    00000012     rtsv7M4_T_le_v4SPD16_eabi.lib : copy_zero_init.obj (.text:decompress:ZI)
                  000120fa    00000012     nettool_ipv4.aem4f : inetaddr.oem4f (.text:inet_addr)
                  0001210c    00000012     sysbios.aem4f : BIOS.obj (.text:ti_sysbios_hal_Hwi_Module_startup__E)
                  0001211e    00000012                   : BIOS.obj (.text:ti_sysbios_knl_Semaphore_reset__E)
                  00012130    00000012     tcpEcho_pem4f.oem4f (.text:xdc_runtime_Startup_exec__I)
                  00012142    00000002     --HOLE-- [fill = 0]
                  00012144    00000010     tcpEcho_pem4f.oem4f (.text:.bootCodeSection:ti_catalog_arm_cortexm4_tiva_ce_Boot_init__I)
                  00012154    00000010     stk.aem4f : bind.oem4f (.text:BindIF2IPHost)
                  00012164    00000010               : bind.oem4f (.text:BindIFNet2IPHost)
                  00012174    00000010     driverlib.lib : emac.obj (.text:EMACFrameFilterSet)
                  00012184    00000010     stk.aem4f : exec.oem4f (.text:ExecHRef)
                  00012194    00000010     netctrl_min_ipv4.aem4f : netctrl.oem4f (.text:NC_IPUpdate)
                  000121a4    00000010     stk.aem4f : nimu.oem4f (.text:NIMUGetRsvdSizeInfo)
                  000121b4    00000010     rtsv7M4_T_le_v4SPD16_eabi.lib : strcpy.obj (.text)
                  000121c4    00000010     sysbios.aem4f : BIOS.obj (.text:ti_sysbios_BIOS_getCpuFreq__E)
                  000121d4    00000010                   : BIOS.obj (.text:ti_sysbios_BIOS_setThreadType__E)
                  000121e4    00000010                   : BIOS.obj (.text:ti_sysbios_BIOS_start__E)
                  000121f4    00000010                   : m3_TaskSupport_asm.obj (.text:ti_sysbios_family_arm_m3_TaskSupport_glue)
                  00012204    00000010                   : BIOS.obj (.text:ti_sysbios_gates_GateMutex_Instance_finalize__E)
                  00012214    00000010                   : BIOS.obj (.text:ti_sysbios_knl_Semaphore_Instance_finalize__E)
                  00012224    00000010                   : BIOS.obj (.text:ti_sysbios_knl_Swi_disable__E)
                  00012234    00000010     tcpEcho_pem4f.oem4f (.text:ti_sysbios_knl_Task_Object__get__S)
                  00012244    00000010     sysbios.aem4f : BIOS.obj (.text:ti_sysbios_knl_Task_disable__E)
                  00012254    00000010                   : BIOS.obj (.text:ti_sysbios_knl_Task_getIdleTask__E)
                  00012264    00000010     ti.targets.arm.rtsarm.aem4f : Gate.oem4f (.text:xdc_runtime_Gate_leaveSystem__E)
                  00012274    00000010                                 : Memory.oem4f (.text:xdc_runtime_Memory_free__E)
                  00012284    00000010                                 : SysMin.oem4f (.text:xdc_runtime_SysMin_ready__E)
                  00012294    00000010                                 : System.oem4f (.text:xdc_runtime_System_vsnprintf__E)
                  000122a4    00000010     tcpEcho_pem4f.oem4f (.text:xdc_runtime_Text_visitRope__I)
                  000122b4    0000000e     drivers_tivaware.aem4f : EMACSnow.oem4f (.text:EMACSnow_emacioctl)
                  000122c2    0000000e     stk.aem4f : exec.oem4f (.text:ExecLowResource)
                  000122d0    0000000e     rtsv7M4_T_le_v4SPD16_eabi.lib : copy_decompress_none.obj (.text:decompress:none)
                  000122de    0000000e     sysbios.aem4f : BIOS.obj (.text:ti_sysbios_knl_Queue_empty__E)
                  000122ec    0000000c     stk.aem4f : bind.oem4f (.text:BindGetFirst)
                  000122f8    0000000c     nettool_ipv4.aem4f : config.oem4f (.text:CfgSetDefault)
                  00012304    0000000c     os.aem4f : task.oem4f (.text:NDK_hookInit)
                  00012310    0000000c     stk.aem4f : nimu.oem4f (.text:NIMUSetRsvdSizeInfo)
                  0001231c    0000000c     os.aem4f : task.oem4f (.text:NotifyLowResource)
                  00012328    0000000c     stk.aem4f : pbm.oem4f (.text:PBM_close)
                  00012334    0000000c     os.aem4f : semaphore.oem4f (.text:SemDelete)
                  00012340    0000000c     hal_timer_bios.aem4f : lltimer.oem4f (.text:_llTimerShutdown)
                  0001234c    0000000c     roveTcpHandler.obj (.text:close)
                  00012358    0000000c     hal_timer_bios.aem4f : lltimer.oem4f (.text:llTimerGetStartTime)
                  00012364    0000000c     sysbios.aem4f : BIOS.obj (.text:ti_sysbios_BIOS_getThreadType__E)
                  00012370    0000000c                   : BIOS.obj (.text:ti_sysbios_family_arm_lm4_Timer_getMaxTicks__E)
                  0001237c    0000000c                   : BIOS.obj (.text:ti_sysbios_family_arm_m3_Hwi_disableFxn__E)
                  00012388    0000000c                   : BIOS.obj (.text:ti_sysbios_family_arm_m3_TaskSupport_checkStack__E)
                  00012394    0000000c                   : BIOS.obj (.text:ti_sysbios_family_arm_m3_TaskSupport_getStackAlignment__E)
                  000123a0    0000000c                   : BIOS.obj (.text:ti_sysbios_gates_GateHwi_enter__E)
                  000123ac    0000000c     tcpEcho_pem4f.oem4f (.text:ti_sysbios_knl_Clock_Params__init__S)
                  000123b8    0000000c     sysbios.aem4f : BIOS.obj (.text:ti_sysbios_knl_Clock_getTicks__E)
                  000123c4    0000000c     tcpEcho_pem4f.oem4f (.text:ti_sysbios_knl_Queue_Object__get__S)
                  000123d0    0000000c     tcpEcho_pem4f.oem4f (.text:ti_sysbios_knl_Semaphore_Params__init__S)
                  000123dc    0000000c     tcpEcho_pem4f.oem4f (.text:ti_sysbios_knl_Task_Params__init__S)
                  000123e8    0000000c     sysbios.aem4f : BIOS.obj (.text:ti_sysbios_knl_Task_self__E)
                  000123f4    0000000c     ti.targets.arm.rtsarm.aem4f : Error.oem4f (.text:xdc_runtime_Error_init__E)
                  00012400    0000000c                                 : Gate.oem4f (.text:xdc_runtime_Gate_enterSystem__E)
                  0001240c    0000000c                                 : Memory.oem4f (.text:xdc_runtime_Memory_calloc__E)
                  00012418    0000000c                                 : Memory.oem4f (.text:xdc_runtime_Memory_getMaxDefaultTypeAlign__E)
                  00012424    0000000a     stk.aem4f : file.oem4f (.text:fdint_signalevent)
                  0001242e    0000000a               : file.oem4f (.text:fdint_signaltimeout)
                  00012438    0000000a     tcpEcho_pem4f.oem4f (.text:xdc_runtime_IHeap_alloc)
                  00012442    0000000a     tcpEcho_pem4f.oem4f (.text:xdc_runtime_IHeap_free)
                  0001244c    00000008     driverlib.lib : emac.obj (.text:EMACTxDMAPollDemand)
                  00012454    00000008     stk.aem4f : node.oem4f (.text:NodeFree)
                  0001245c    00000008     os.aem4f : task.oem4f (.text:TaskBlock)
                  00012464    00000008     sysbios.aem4f : BIOS.obj (.text:ti_sysbios_family_arm_lm4_Timer_masterDisable__I)
                  0001246c    00000008                   : BIOS.obj (.text:ti_sysbios_family_arm_m3_Hwi_doSwiRestore__I)
                  00012474    00000008                   : BIOS.obj (.text:ti_sysbios_family_arm_m3_Hwi_startup__E)
                  0001247c    00000008                   : BIOS.obj (.text:ti_sysbios_knl_Idle_loop__E)
                  00012484    00000008                   : BIOS.obj (.text:ti_sysbios_knl_Task_getHookContext__E)
                  0001248c    00000008                   : BIOS.obj (.text:ti_sysbios_knl_Task_setHookContext__E)
                  00012494    00000006     driverlib.lib : emac.obj (.text:EMACRxDMADescriptorListSet)
                  0001249a    00000006                   : emac.obj (.text:EMACTxDMADescriptorListSet)
                  000124a0    00000006                   : sysctl.obj (.text:SysCtlDelay)
                  000124a6    00000006     stk.aem4f : tcpprot.oem4f (.text:TcpPrRecv)
                  000124ac    00000006     ti.targets.arm.rtsarm.aem4f : xdc_noinit.oem4f (.text:__xdc__init)
                  000124b2    00000006     rtsv7M4_T_le_v4SPD16_eabi.lib : copy_decompress_rle.obj (.text:decompress:rle24)
                  000124b8    00000006     sysbios.aem4f : BIOS.obj (.text:ti_sysbios_family_arm_m3_Hwi_restoreFxn__E)
                  000124be    00000006                   : BIOS.obj (.text:ti_sysbios_gates_GateHwi_leave__E)
                  000124c4    00000006                   : BIOS.obj (.text:ti_sysbios_heaps_HeapMem_isBlocking__E)
                  000124ca    00000006                   : BIOS.obj (.text:ti_sysbios_knl_Queue_Instance_init__E)
                  000124d0    00000006     ti.targets.arm.rtsarm.aem4f : System.oem4f (.text:xdc_runtime_System_Module_startup__E)
                  000124d6    00000004     stk.aem4f : bind.oem4f (.text:BindGetIF)
                  000124da    00000004               : bind.oem4f (.text:BindGetNext)
                  000124de    00000004     os.aem4f : ossys.oem4f (.text:NDK_vsprintf)
                  000124e2    00000004     stk.aem4f : node.oem4f (.text:NodeSetRt)
                  000124e6    00000004               : rawethsock_prot.oem4f (.text:RawEthSockPrAttach)
                  000124ea    00000004               : rawethsock_prot.oem4f (.text:RawEthSockPrDetach)
                  000124ee    00000004     os.aem4f : semaphore.oem4f (.text:SemPend)
                  000124f2    00000004              : semaphore.oem4f (.text:SemPost)
                  000124f6    00000004              : semaphore.oem4f (.text:SemReset)
                  000124fa    00000004              : task.oem4f (.text:TaskSelf)
                  000124fe    00000004              : task.oem4f (.text:TaskSetPri)
                  00012502    00000004     hal_ser_stub.aem4f : llserstb.oem4f (.text:_llSerialInit)
                  00012506    00000004     stk.aem4f : listlib.oem4f (.text:list_get_head)
                  0001250a    00000004               : listlib.oem4f (.text:list_get_next)
                  0001250e    00000004     tcpEcho_pem4f.oem4f (.text:ti_sysbios_BIOS_RtsGateProxy_enter__E)
                  00012512    00000004     tcpEcho_pem4f.oem4f (.text:ti_sysbios_BIOS_RtsGateProxy_leave__E)
                  00012516    00000004     sysbios.aem4f : BIOS.obj (.text:ti_sysbios_family_arm_lm4_Timer_masterEnable__I)
                  0001251a    00000004     tcpEcho_pem4f.oem4f (.text:ti_sysbios_family_arm_m3_Hwi_delete)
                  0001251e    00000004     tcpEcho_pem4f.oem4f (.text:ti_sysbios_family_arm_m3_TaskSupport_Module__startupDone__S)
                  00012522    00000004     sysbios.aem4f : BIOS.obj (.text:ti_sysbios_gates_GateHwi_query__E)
                  00012526    00000004                   : BIOS.obj (.text:ti_sysbios_gates_GateMutex_query__E)
                  0001252a    00000004     tcpEcho_pem4f.oem4f (.text:ti_sysbios_hal_Hwi_HwiProxy_Module__startupDone__S)
                  0001252e    00000004     tcpEcho_pem4f.oem4f (.text:ti_sysbios_heaps_HeapMem_Module_GateProxy_enter__E)
                  00012532    00000004     tcpEcho_pem4f.oem4f (.text:ti_sysbios_heaps_HeapMem_Module_GateProxy_leave__E)
                  00012536    00000004     tcpEcho_pem4f.oem4f (.text:ti_sysbios_knl_Clock_TimerProxy_Module__startupDone__S)
                  0001253a    00000004     tcpEcho_pem4f.oem4f (.text:ti_sysbios_knl_Clock_TimerProxy_getMaxTicks__E)
                  0001253e    00000004     tcpEcho_pem4f.oem4f (.text:ti_sysbios_knl_Queue_destruct)
                  00012542    00000004     tcpEcho_pem4f.oem4f (.text:ti_sysbios_knl_Semaphore_delete)
                  00012546    00000004     tcpEcho_pem4f.oem4f (.text:ti_sysbios_knl_Semaphore_destruct)
                  0001254a    00000004     tcpEcho_pem4f.oem4f (.text:ti_sysbios_knl_Swi_delete)
                  0001254e    00000004     tcpEcho_pem4f.oem4f (.text:ti_sysbios_knl_Task_SupportProxy_Module__startupDone__S)
                  00012552    00000004     tcpEcho_pem4f.oem4f (.text:ti_sysbios_knl_Task_delete)
                  00012556    00000004     sysbios.aem4f : BIOS.obj (.text:ti_sysbios_knl_Task_startup__E)
                  0001255a    00000004     ti.targets.arm.rtsarm.aem4f : Error.oem4f (.text:xdc_runtime_Error_getMsg__E)
                  0001255e    00000004                                 : Error.oem4f (.text:xdc_runtime_Error_getSite__E)
                  00012562    00000004     tcpEcho_pem4f.oem4f (.text:xdc_runtime_Memory_HeapProxy_alloc__E)
                  00012566    00000004     tcpEcho_pem4f.oem4f (.text:xdc_runtime_Memory_HeapProxy_free__E)
                  0001256a    00000004     tcpEcho_pem4f.oem4f (.text:xdc_runtime_System_Module_GateProxy_enter__E)
                  0001256e    00000004     tcpEcho_pem4f.oem4f (.text:xdc_runtime_System_Module_GateProxy_leave__E)
                  00012572    00000004     ti.targets.arm.rtsarm.aem4f : System.oem4f (.text:xdc_runtime_System_aprintf_va__F)
                  00012576    00000004                                 : System.oem4f (.text:xdc_runtime_System_printf_va__F)

.const     0    0001257c    000023aa     
                  0001257c    00001828     tcpEcho_pem4f.oem4f (.const:xdc_runtime_Text_charTab__A)
                  00013da4    00000120     Boot.aem4f : Boot_sysctl.oem4f (.const:g_pppui32XTALtoVCO)
                  00013ec4    00000100     tcpEcho_pem4f.oem4f (.const:.string)
                  00013fc4    000000d8     tcpEcho_pem4f.oem4f (.const:xdc_runtime_Text_nodeTab__A)
                  0001409c    00000090     driverlib.lib : gpio.obj (.const:g_pui32GPIOBaseAddrs)
                  0001412c    0000006c     Boot.aem4f : Boot_sysctl.oem4f (.const:g_pui32Xtals)
                  00014198    00000054     stk.aem4f : sockprot.oem4f (.const:Code2Err)
                  000141ec    0000003e               : rtc.oem4f (.const:.string)
                  0001422a    00000002     tcpEcho_pem4f.oem4f (.const:ti_catalog_arm_cortexm4_tiva_ce_Boot_Module__id__C)
                  0001422c    0000003c     tcpEcho_pem4f.oem4f (.const:ti_sysbios_knl_Task_Object__PARAMS__C)
                  00014268    00000030     Boot.aem4f : Boot_sysctl.oem4f (.const:g_sXTALtoMEMTIM)
                  00014298    00000030     EK_TM4C1294XL.obj (.const:gpioHWAttrs)
                  000142c8    00000030     tcpEcho_pem4f.oem4f (.const:ti_sysbios_family_arm_m3_Hwi_Object__PARAMS__C)
                  000142f8    00000028     tcpEcho_pem4f.oem4f (.const:ti_sysbios_heaps_HeapMem_Module__FXNS__C)
                  00014320    00000028     tcpEcho_pem4f.oem4f (.const:ti_sysbios_knl_Swi_Object__PARAMS__C)
                  00014348    00000024     tcpEcho_pem4f.oem4f (.const)
                  0001436c    00000024     tcpEcho_pem4f.oem4f (.const:ti_sysbios_gates_GateHwi_Module__FXNS__C)
                  00014390    00000024     tcpEcho_pem4f.oem4f (.const:ti_sysbios_gates_GateMutex_Module__FXNS__C)
                  000143b4    00000024     tcpEcho_pem4f.oem4f (.const:ti_sysbios_heaps_HeapMem_Object__PARAMS__C)
                  000143d8    00000024     tcpEcho_pem4f.oem4f (.const:ti_sysbios_knl_Clock_Object__PARAMS__C)
                  000143fc    00000024     tcpEcho_pem4f.oem4f (.const:ti_sysbios_knl_Semaphore_Object__PARAMS__C)
                  00014420    00000024     tcpEcho_pem4f.oem4f (.const:xdc_runtime_Startup_sfxnTab__A)
                  00014444    00000020     tcpEcho_pem4f.oem4f (.const:ti_sysbios_family_arm_m3_Hwi_Object__DESC__C)
                  00014464    00000020     tcpEcho_pem4f.oem4f (.const:ti_sysbios_gates_GateHwi_Object__DESC__C)
                  00014484    00000020     tcpEcho_pem4f.oem4f (.const:ti_sysbios_gates_GateMutex_Object__DESC__C)
                  000144a4    00000020     tcpEcho_pem4f.oem4f (.const:ti_sysbios_heaps_HeapMem_Object__DESC__C)
                  000144c4    00000020     tcpEcho_pem4f.oem4f (.const:ti_sysbios_knl_Clock_Object__DESC__C)
                  000144e4    00000020     tcpEcho_pem4f.oem4f (.const:ti_sysbios_knl_Queue_Object__DESC__C)
                  00014504    00000020     tcpEcho_pem4f.oem4f (.const:ti_sysbios_knl_Semaphore_Object__DESC__C)
                  00014524    00000020     tcpEcho_pem4f.oem4f (.const:ti_sysbios_knl_Swi_Object__DESC__C)
                  00014544    00000020     tcpEcho_pem4f.oem4f (.const:ti_sysbios_knl_Task_Object__DESC__C)
                  00014564    00000018     EK_TM4C1294XL.obj (.const:EMAC_config)
                  0001457c    00000018     driverlib.lib : emac.obj (.const)
                  00014594    00000018     tcpEcho_pem4f.oem4f (.const:ti_sysbios_gates_GateHwi_Object__PARAMS__C)
                  000145ac    00000018     tcpEcho_pem4f.oem4f (.const:ti_sysbios_gates_GateMutex_Object__PARAMS__C)
                  000145c4    00000018     tcpEcho_pem4f.oem4f (.const:ti_sysbios_knl_Queue_Object__PARAMS__C)
                  000145dc    00000018     tcpEcho_pem4f.oem4f (.const:ti_sysbios_knl_Task_hooks__A)
                  000145f4    00000014     EK_TM4C1294XL.obj (.const:GPIO_config)
                  00014608    00000014     tcpEcho_pem4f.oem4f (.const:xdc_runtime_Startup_firstFxns__A)
                  0001461c    00000012     tcpEcho_pem4f.oem4f (.const:xdc_runtime_Startup_sfxnRts__A)
                  0001462e    00000011     ti.targets.arm.rtsarm.aem4f : System.oem4f (.const:.string)
                  0001463f    00000001     tcpEcho_pem4f.oem4f (.const:xdc_runtime_Error_policy__C)
                  00014640    0000000c     EK_TM4C1294XL.obj (.const:emacHWAttrs)
                  0001464c    00000008     Boot.aem4f : Boot_sysctl.oem4f (.const)
                  00014654    00000008     drivers_tivaware.aem4f : EMACSnow.oem4f (.const)
                  0001465c    00000008     tcpEcho_pem4f.oem4f (.const:ti_sysbios_family_arm_m3_Hwi_excHookFuncs__A)
                  00014664    00000008     tcpEcho_pem4f.oem4f (.const:ti_sysbios_knl_Idle_funcList__A)
[...]
0001237d   ti_sysbios_hal_Hwi_disable__E
00012389   ti_sysbios_family_arm_m3_TaskSupport_checkStack__E
00012389   ti_sysbios_knl_Task_SupportProxy_checkStack__E
00012395   ti_sysbios_family_arm_m3_TaskSupport_getStackAlignment__E
00012395   ti_sysbios_knl_Task_SupportProxy_getStackAlignment__E
000123a1   ti_sysbios_gates_GateHwi_enter__E
000123ad   ti_sysbios_knl_Clock_Params__init__S
000123b9   ti_sysbios_knl_Clock_getTicks__E
000123c5   ti_sysbios_knl_Queue_Object__get__S
000123d1   ti_sysbios_knl_Semaphore_Params__init__S
000123dd   ti_sysbios_knl_Task_Params__init__S
000123e9   ti_sysbios_knl_Task_self__E
000123f5   xdc_runtime_Error_init__E
00012401   xdc_runtime_Gate_enterSystem__E
0001240d   xdc_runtime_Memory_calloc__E
00012419   xdc_runtime_Memory_getMaxDefaultTypeAlign__E
00012425   fdint_signalevent
0001242f   fdint_signaltimeout
0001244d   EMACTxDMAPollDemand
0001245d   TaskBlock
00012465   ti_sysbios_family_arm_lm4_Timer_masterDisable__I
0001246d   ti_sysbios_family_arm_m3_Hwi_doSwiRestore__I
00012475   ti_sysbios_family_arm_m3_Hwi_startup__E
00012475   ti_sysbios_hal_Hwi_HwiProxy_startup__E
00012475   ti_sysbios_hal_Hwi_startup__E
0001247d   ti_sysbios_knl_Idle_loop__E
00012485   ti_sysbios_knl_Task_getHookContext__E
0001248d   ti_sysbios_knl_Task_setHookContext__E
00012495   EMACRxDMADescriptorListSet
0001249b   EMACTxDMADescriptorListSet
000124a1   SysCtlDelay
000124a7   TcpPrRecv
000124ad   __xdc__init
000124b3   __TI_decompress_rle24
000124b9   OEMSysCritOff
000124b9   ti_sysbios_family_arm_m3_Hwi_restoreFxn__E
000124b9   ti_sysbios_hal_Hwi_HwiProxy_restore__E
000124b9   ti_sysbios_hal_Hwi_restore__E
000124bf   ti_sysbios_gates_GateHwi_leave__E
000124c5   ti_sysbios_heaps_HeapMem_isBlocking__E
000124cb   ti_sysbios_knl_Queue_Instance_init__E
000124d1   xdc_runtime_System_Module_startup__E
000124d7   BindGetIF
000124db   BindGetNext
000124df   NDK_vsprintf
000124e3   NodeSetRt
000124e7   RawEthSockPrAttach
000124eb   RawEthSockPrDetach
000124ef   SemPend
000124f3   SemPost
000124f7   SemReset
000124fb   TaskSelf
000124ff   TaskSetPri
00012503   _llSerialInit
00012507   list_get_head
0001250b   list_get_next
0001250f   ti_sysbios_BIOS_RtsGateProxy_enter__E
00012513   ti_sysbios_BIOS_RtsGateProxy_leave__E
00012517   ti_sysbios_family_arm_lm4_Timer_masterEnable__I
0001251b   ti_sysbios_family_arm_m3_Hwi_delete
0001251f   ti_sysbios_family_arm_m3_TaskSupport_Module__startupDone__S
00012523   ti_sysbios_gates_GateHwi_query__E
00012523   xdc_runtime_Main_Module_GateProxy_query__E
00012523   xdc_runtime_System_Module_GateProxy_query__E
00012527   ti_sysbios_BIOS_RtsGateProxy_query__E
00012527   ti_sysbios_gates_GateMutex_query__E
00012527   ti_sysbios_heaps_HeapMem_Module_GateProxy_query__E
0001252b   ti_sysbios_hal_Hwi_HwiProxy_Module__startupDone__S
0001252f   ti_sysbios_heaps_HeapMem_Module_GateProxy_enter__E
00012533   ti_sysbios_heaps_HeapMem_Module_GateProxy_leave__E
00012537   ti_sysbios_knl_Clock_TimerProxy_Module__startupDone__S
0001253b   ti_sysbios_knl_Clock_TimerProxy_getMaxTicks__E
0001253f   ti_sysbios_knl_Queue_destruct
00012543   ti_sysbios_knl_Semaphore_delete
00012547   ti_sysbios_knl_Semaphore_destruct
0001254b   ti_sysbios_knl_Swi_delete
0001254f   ti_sysbios_knl_Task_SupportProxy_Module__startupDone__S
00012553   ti_sysbios_knl_Task_delete
00012557   ti_sysbios_knl_Task_startup__E
0001255b   xdc_runtime_Error_getMsg__E
0001255f   xdc_runtime_Error_getSite__E
00012563   xdc_runtime_Memory_HeapProxy_alloc__E
00012567   xdc_runtime_Memory_HeapProxy_free__E
0001256b   xdc_runtime_System_Module_GateProxy_enter__E
0001256f   xdc_runtime_System_Module_GateProxy_leave__E
00012573   xdc_runtime_System_aprintf_va__F
00012577   xdc_runtime_System_printf_va__F
0001257c   xdc_runtime_Text_charTab__A
00013fc4   xdc_runtime_Text_nodeTab__A
00014198   Code2Err
0001422a   ti_catalog_arm_cortexm4_tiva_ce_Boot_Module__id__C
0001422c   ti_sysbios_knl_Task_Object__PARAMS__C
00014298   gpioHWAttrs
000142c8   ti_sysbios_family_arm_m3_Hwi_Object__PARAMS__C
000142f8   ti_sysbios_heaps_HeapMem_Module__FXNS__C
00014320   ti_sysbios_knl_Swi_Object__PARAMS__C
00014348   ti_ndk_config_Global_rawPageSize
0001434c   ti_ndk_config_Global_rawPageCount
00014350   ti_ndk_config_Global_smallest
00014354   ti_ndk_config_Global_largest
00014358   ti_ndk_config_Global_numFrameBuf
0001435c   ti_ndk_config_Global_sizeFrameBuf
00014360   roveTcpHandlerTask
00014364   fromBaseStationMailbox
00014368   roveCommandParserTask
0001436c   ti_sysbios_gates_GateHwi_Module__FXNS__C
00014390   ti_sysbios_gates_GateMutex_Module__FXNS__C
000143b4   ti_sysbios_heaps_HeapMem_Object__PARAMS__C
000143d8   ti_sysbios_knl_Clock_Object__PARAMS__C
000143fc   ti_sysbios_knl_Semaphore_Object__PARAMS__C
00014420   xdc_runtime_Startup_sfxnTab__A
00014444   ti_sysbios_family_arm_m3_Hwi_Object__DESC__C
00014464   ti_sysbios_gates_GateHwi_Object__DESC__C
00014484   ti_sysbios_gates_GateMutex_Object__DESC__C
000144a4   ti_sysbios_heaps_HeapMem_Object__DESC__C
000144c4   ti_sysbios_knl_Clock_Object__DESC__C
000144e4   ti_sysbios_knl_Queue_Object__DESC__C
00014504   ti_sysbios_knl_Semaphore_Object__DESC__C
00014524   ti_sysbios_knl_Swi_Object__DESC__C
00014544   ti_sysbios_knl_Task_Object__DESC__C
00014564   EMAC_config
00014594   ti_sysbios_gates_GateHwi_Object__PARAMS__C
000145ac   ti_sysbios_gates_GateMutex_Object__PARAMS__C
000145c4   ti_sysbios_knl_Queue_Object__PARAMS__C
000145dc   ti_sysbios_knl_Task_hooks__A
000145f4   GPIO_config
00014608   xdc_runtime_Startup_firstFxns__A
0001461c   xdc_runtime_Startup_sfxnRts__A
0001463f   xdc_runtime_Error_policy__C
00014640   emacHWAttrs
00014654   EMACSnow_fxnTable
0001465c   ti_sysbios_family_arm_m3_Hwi_excHookFuncs__A
00014664   ti_sysbios_knl_Idle_funcList__A
0001466c   ti_sysbios_knl_Idle_funcList__C
00014674   ti_sysbios_knl_Task_hooks__C
0001467c   xdc_runtime_Startup_firstFxns__C
00014684   xdc_runtime_Startup_lastFxns__C
0001468c   ti_catalog_arm_cortexm4_tiva_ce_Boot_A_mustNotUseEnhancedClockMode__C
00014690   ti_catalog_arm_cortexm4_tiva_ce_Boot_Module__diagsEnabled__C
00014694   ti_catalog_arm_cortexm4_tiva_ce_Boot_Module__diagsIncluded__C
00014698   ti_catalog_arm_cortexm4_tiva_ce_Boot_Module__diagsMask__C
0001469c   ti_sysbios_family_arm_lm4_Timer_enableFunc__C
000146a0   ti_sysbios_family_arm_lm4_Timer_numTimerDevices__C
000146a4   ti_sysbios_family_arm_lm4_Timer_startupNeeded__C
000146a8   ti_sysbios_family_arm_m3_Hwi_E_NMI__C
000146ac   ti_sysbios_family_arm_m3_Hwi_E_alreadyDefined__C
000146b0   ti_sysbios_family_arm_m3_Hwi_E_busFault__C
000146b4   ti_sysbios_family_arm_m3_Hwi_E_debugMon__C
000146b8   ti_sysbios_family_arm_m3_Hwi_E_hardFault__C
000146bc   ti_sysbios_family_arm_m3_Hwi_E_memFault__C
000146c0   ti_sysbios_family_arm_m3_Hwi_E_noIsr__C
000146c4   ti_sysbios_family_arm_m3_Hwi_E_reserved__C
000146c8   ti_sysbios_family_arm_m3_Hwi_E_svCall__C
000146cc   ti_sysbios_family_arm_m3_Hwi_E_usageFault__C
000146d0   ti_sysbios_family_arm_m3_Hwi_LD_end__C
000146d4   ti_sysbios_family_arm_m3_Hwi_LM_begin__C
000146d8   ti_sysbios_family_arm_m3_Hwi_Module__diagsEnabled__C
000146dc   ti_sysbios_family_arm_m3_Hwi_Module__diagsIncluded__C
000146e0   ti_sysbios_family_arm_m3_Hwi_Module__diagsMask__C
000146e4   ti_sysbios_family_arm_m3_Hwi_Module__loggerFxn1__C
000146e8   ti_sysbios_family_arm_m3_Hwi_Module__loggerFxn8__C
000146ec   ti_sysbios_family_arm_m3_Hwi_Module__loggerObj__C
000146f0   ti_sysbios_family_arm_m3_Hwi_NUM_INTERRUPTS__C
000146f4   ti_sysbios_family_arm_m3_Hwi_Object__count__C
000146f8   ti_sysbios_family_arm_m3_Hwi_ccr__C
000146fc   ti_sysbios_family_arm_m3_Hwi_excHandlerFunc__C
00014700   ti_sysbios_family_arm_m3_Hwi_excHookFuncs__C
00014704   ti_sysbios_family_arm_m3_Hwi_nullIsrFunc__C
00014708   ti_sysbios_family_arm_m3_Hwi_priGroup__C
0001470c   ti_sysbios_family_arm_m3_TaskSupport_stackAlignment__C
00014710   ti_sysbios_gates_GateMutex_A_badContext__C
00014714   ti_sysbios_gates_GateMutex_Instance_State_sem__O
00014718   ti_sysbios_gates_GateMutex_Module__diagsEnabled__C
0001471c   ti_sysbios_gates_GateMutex_Module__diagsIncluded__C
00014720   ti_sysbios_gates_GateMutex_Module__diagsMask__C
00014724   ti_sysbios_hal_Hwi_E_stackOverflow__C
00014728   ti_sysbios_heaps_HeapMem_A_align__C
0001472c   ti_sysbios_heaps_HeapMem_A_heapSize__C
00014730   ti_sysbios_heaps_HeapMem_A_invalidFree__C
00014734   ti_sysbios_heaps_HeapMem_A_zeroBlock__C
00014738   ti_sysbios_heaps_HeapMem_E_memory__C
0001473c   ti_sysbios_heaps_HeapMem_Module__diagsEnabled__C
00014740   ti_sysbios_heaps_HeapMem_Module__diagsIncluded__C
00014744   ti_sysbios_heaps_HeapMem_Module__diagsMask__C
00014748   ti_sysbios_heaps_HeapMem_Module__gateObj__C
0001474c   ti_sysbios_heaps_HeapMem_Object__count__C
00014750   ti_sysbios_heaps_HeapMem_reqAlign__C
00014754   ti_sysbios_knl_Clock_A_badThreadType__C
00014758   ti_sysbios_knl_Clock_LM_begin__C
0001475c   ti_sysbios_knl_Clock_LM_tick__C
00014760   ti_sysbios_knl_Clock_LW_delayed__C
00014764   ti_sysbios_knl_Clock_Module_State_clockQ__O
00014768   ti_sysbios_knl_Clock_Module__diagsEnabled__C
0001476c   ti_sysbios_knl_Clock_Module__diagsIncluded__C
00014770   ti_sysbios_knl_Clock_Module__diagsMask__C
00014774   ti_sysbios_knl_Clock_Module__loggerFxn1__C
00014778   ti_sysbios_knl_Clock_Module__loggerFxn2__C
0001477c   ti_sysbios_knl_Clock_Module__loggerObj__C
00014780   ti_sysbios_knl_Mailbox_Instance_State_dataQue__O
00014784   ti_sysbios_knl_Mailbox_Instance_State_dataSem__O
00014788   ti_sysbios_knl_Mailbox_Instance_State_freeQue__O
0001478c   ti_sysbios_knl_Mailbox_Instance_State_freeSem__O
00014790   ti_sysbios_knl_Mailbox_Object__count__C
00014794   ti_sysbios_knl_Mailbox_maxTypeAlign__C
00014798   ti_sysbios_knl_Semaphore_A_badContext__C
0001479c   ti_sysbios_knl_Semaphore_A_noEvents__C
000147a0   ti_sysbios_knl_Semaphore_A_overflow__C
000147a4   ti_sysbios_knl_Semaphore_A_pendTaskDisabled__C
000147a8   ti_sysbios_knl_Semaphore_Instance_State_pendQ__O
000147ac   ti_sysbios_knl_Semaphore_LM_pend__C
000147b0   ti_sysbios_knl_Semaphore_LM_post__C
000147b4   ti_sysbios_knl_Semaphore_Module__diagsEnabled__C
000147b8   ti_sysbios_knl_Semaphore_Module__diagsIncluded__C
000147bc   ti_sysbios_knl_Semaphore_Module__diagsMask__C
000147c0   ti_sysbios_knl_Semaphore_Module__loggerFxn2__C
000147c4   ti_sysbios_knl_Semaphore_Module__loggerFxn4__C
000147c8   ti_sysbios_knl_Semaphore_Module__loggerObj__C
000147cc   ti_sysbios_knl_Swi_A_badPriority__C
000147d0   ti_sysbios_knl_Swi_LD_end__C
000147d4   ti_sysbios_knl_Swi_LM_begin__C
000147d8   ti_sysbios_knl_Swi_LM_post__C
000147dc   ti_sysbios_knl_Swi_Module__diagsEnabled__C
000147e0   ti_sysbios_knl_Swi_Module__diagsIncluded__C
000147e4   ti_sysbios_knl_Swi_Module__diagsMask__C
000147e8   ti_sysbios_knl_Swi_Module__loggerFxn1__C
000147ec   ti_sysbios_knl_Swi_Module__loggerFxn4__C
000147f0   ti_sysbios_knl_Swi_Module__loggerObj__C
000147f4   ti_sysbios_knl_Swi_Object__count__C
000147f8   ti_sysbios_knl_Task_A_badPriority__C
000147fc   ti_sysbios_knl_Task_A_badTaskState__C
00014800   ti_sysbios_knl_Task_A_badThreadType__C
00014804   ti_sysbios_knl_Task_A_badTimeout__C
00014808   ti_sysbios_knl_Task_A_noPendElem__C
0001480c   ti_sysbios_knl_Task_A_sleepTaskDisabled__C
00014810   ti_sysbios_knl_Task_E_deleteNotAllowed__C
00014814   ti_sysbios_knl_Task_E_spOutOfBounds__C
00014818   ti_sysbios_knl_Task_E_stackOverflow__C
0001481c   ti_sysbios_knl_Task_LD_block__C
00014820   ti_sysbios_knl_Task_LD_exit__C
00014824   ti_sysbios_knl_Task_LD_ready__C
00014828   ti_sysbios_knl_Task_LM_setPri__C
0001482c   ti_sysbios_knl_Task_LM_sleep__C
00014830   ti_sysbios_knl_Task_LM_switch__C
00014834   ti_sysbios_knl_Task_Module_State_inactiveQ__O
00014838   ti_sysbios_knl_Task_Module_State_terminatedQ__O
0001483c   ti_sysbios_knl_Task_Module__diagsEnabled__C
00014840   ti_sysbios_knl_Task_Module__diagsIncluded__C
00014844   ti_sysbios_knl_Task_Module__diagsMask__C
00014848   ti_sysbios_knl_Task_Module__loggerFxn2__C
0001484c   ti_sysbios_knl_Task_Module__loggerFxn4__C
00014850   ti_sysbios_knl_Task_Module__loggerObj__C
00014854   ti_sysbios_knl_Task_Object__count__C
00014858   ti_sysbios_knl_Task_Object__heap__C
0001485c   ti_sysbios_knl_Task_allBlockedFunc__C
00014860   ti_sysbios_knl_Task_defaultStackHeap__C
00014864   ti_sysbios_knl_Task_defaultStackSize__C
00014868   ti_sysbios_knl_Task_numConstructedTasks__C
0001486c   xdc_runtime_Assert_E_assertFailed__C
00014870   xdc_runtime_Core_A_initializedParams__C
00014874   xdc_runtime_Core_Module__diagsEnabled__C
00014878   xdc_runtime_Core_Module__diagsIncluded__C
0001487c   xdc_runtime_Core_Module__diagsMask__C
00014880   xdc_runtime_Error_E_memory__C
00014884   xdc_runtime_Error_Module__diagsEnabled__C
00014888   xdc_runtime_Error_Module__diagsIncluded__C
0001488c   xdc_runtime_Error_Module__diagsMask__C
00014890   xdc_runtime_Error_Module__loggerFxn8__C
00014894   xdc_runtime_Error_Module__loggerObj__C
00014898   xdc_runtime_Error_policyFxn__C
0001489c   xdc_runtime_Error_raiseHook__C
000148a0   xdc_runtime_IGateProvider_Interface__BASE__C
000148a4   xdc_runtime_IHeap_Interface__BASE__C
000148a8   xdc_runtime_IModule_Interface__BASE__C
000148ac   xdc_runtime_Log_L_error__C
000148b0   xdc_runtime_Memory_defaultHeapInstance__C
000148b4   xdc_runtime_Startup_execImpl__C
000148b8   xdc_runtime_Startup_maxPasses__C
000148bc   xdc_runtime_Startup_sfxnRts__C
000148c0   xdc_runtime_Startup_sfxnTab__C
000148c4   xdc_runtime_SysMin_bufSize__C
000148c8   xdc_runtime_SysMin_outputFunc__C
000148cc   xdc_runtime_System_Module__gateObj__C
000148d0   xdc_runtime_System_abortFxn__C
000148d4   xdc_runtime_System_exitFxn__C
000148d8   xdc_runtime_System_extendFxn__C
000148dc   xdc_runtime_System_maxAtexitHandlers__C
000148e0   xdc_runtime_Text_charTab__C
000148e4   xdc_runtime_Text_nameEmpty__C
000148e8   xdc_runtime_Text_nameStatic__C
000148ec   xdc_runtime_Text_nameUnknown__C
000148f0   xdc_runtime_Text_nodeTab__C
000148f4   xdc_runtime_Text_visitRopeFxn__C
000148f8   ti_sysbios_family_arm_m3_Hwi_Module__id__C
000148fa   ti_sysbios_family_arm_m3_Hwi_Module__loggerDefined__C
000148fc   ti_sysbios_gates_GateMutex_Module__id__C
000148fe   ti_sysbios_hal_Hwi_Module__id__C
00014900   ti_sysbios_heaps_HeapMem_Module__id__C
00014902   ti_sysbios_knl_Clock_Module__id__C
00014904   ti_sysbios_knl_Clock_Module__loggerDefined__C
00014906   ti_sysbios_knl_Semaphore_Module__id__C
00014908   ti_sysbios_knl_Semaphore_Module__loggerDefined__C
0001490a   ti_sysbios_knl_Swi_Module__id__C
0001490c   ti_sysbios_knl_Swi_Module__loggerDefined__C
0001490e   ti_sysbios_knl_Task_Module__id__C
00014910   ti_sysbios_knl_Task_Module__loggerDefined__C
00014912   ti_sysbios_knl_Task_initStackFlag__C
00014914   xdc_runtime_Core_Module__id__C
00014916   xdc_runtime_Error_Module__loggerDefined__C
00014918   xdc_runtime_Error_maxDepth__C
0001491a   xdc_runtime_Memory_Module__id__C
0001491c   xdc_runtime_SysMin_flushAtExit__C
0001491e   xdc_runtime_Text_charCnt__C
00014920   xdc_runtime_Text_isLoaded__C
00014922   xdc_runtime_Text_registryModsLastId__C
00014924   xdc_runtime_Text_unnamedModsLastId__C
00014f90   __TI_Handler_Table_Base
00014f9c   __TI_Handler_Table_Limit
00014fb0   __TI_CINIT_Base
00014fc8   __TI_CINIT_Limit
20000000   ti_sysbios_family_arm_m3_Hwi_ramVectors
20000380   ti_sysbios_heaps_HeapMem_Instance_State_0_buf__A
20005380   ti_ndk_config_Global_pit
20005428   ti_ndk_config_Global_pitBuffer
20009c28   _ICMPIn
20009c74   PBMQ_free
20009c80   ti_ndk_config_Global_pBufMem
2000d880   ti_ndk_config_Global_pHdrMem
2000db78   ti_sysbios_knl_Mailbox_Instance_State_0_allocBuf__A
200103c8   ti_sysbios_knl_Task_Instance_State_0_stack__A
20010bc8   ti_sysbios_knl_Task_Instance_State_1_stack__A
200113c8   ti_sysbios_knl_Task_Instance_State_2_stack__A
200119c8   ti_sysbios_knl_Task_Instance_State_3_stack__A
20011cc8   ti_sysbios_family_arm_m3_Hwi_dispatchTable
20012028   __CIOBUF_
20012248   tcps
200124d4   xdc_runtime_SysMin_Module_State_0_outbuf__A
20012554   ips
200125bc   nimu_mcb
2001261c   _ICMPOut
200126a8   vlan_mcb
200126f4   udps
20012718   BlockCount
20012734   BlockMax
20012750   PageCount
2001276c   PageMax
20012788   stkEvent
200127c4   raweths
200127d4   raws
200127e4   tpseudo
200127f0   upseudo
200127fc   emacObjects
20012830   _IGMPInDiscard
20012834   _IGMPInQuery
20012838   _IGMPInQueryGroup
2001283c   _IGMPInResponse
20012840   _IGMPOutResponse
20012844   g_ulStatus
20012854   raweth_pcb
20012858   ti_sysbios_knl_Task_Instance_State_0_hookEnv__A
2001285c   ti_sysbios_knl_Task_Instance_State_1_hookEnv__A
20012860   ti_sysbios_knl_Task_Instance_State_2_hookEnv__A
20012864   ti_sysbios_knl_Task_Instance_State_3_hookEnv__A
20012868   ti_ndk_config_Global_Id2Size
20012884   ti_ndk_config_Global_HostName
20012888   LocalIPAddr
2001288c   LocalIPMask
20012890   GatewayIP
20012894   DomainName
200128d8   ti_sysbios_family_arm_lm4_Timer_Module__root__V
200128e0   ti_sysbios_family_arm_lm4_Timer_Module_State_0_handles__A
20012900   ti_sysbios_family_arm_lm4_Timer_Module__state__V
2001290c   ti_sysbios_family_arm_m3_Hwi_Module__root__V
20012914   ti_sysbios_family_arm_m3_Hwi_Object__table__V
2001292c   ti_sysbios_family_arm_m3_Hwi_Module_State_0_excActive__A
20012930   ti_sysbios_family_arm_m3_Hwi_Module_State_0_excContext__A
20012934   ti_sysbios_family_arm_m3_Hwi_Module_State_0_excStack__A
20012938   ti_sysbios_gates_GateHwi_Module__root__V
20012940   ti_sysbios_gates_GateHwi_Object__table__V
20012944   ti_sysbios_gates_GateMutex_Module__root__V
2001294c   ti_sysbios_hal_Hwi_Module__root__V
20012954   ti_sysbios_heaps_HeapMem_Module__root__V
2001295c   ti_sysbios_heaps_HeapMem_Object__table__V
20012974   ti_sysbios_knl_Clock_Module__root__V
2001297c   ti_sysbios_knl_Event_Module__root__V
20012984   ti_sysbios_knl_Mailbox_Module__root__V
2001298c   ti_sysbios_knl_Queue_Module__root__V
20012994   ti_sysbios_knl_Semaphore_Module__root__V
2001299c   ti_sysbios_knl_Swi_Module__root__V
200129a4   ti_sysbios_knl_Swi_Module__state__V
200129c0   ti_sysbios_knl_Task_Module__root__V
200129c8   ti_sysbios_knl_Task_Module_State_0_idleTask__A
200129cc   xdc_runtime_Error_Module__state__V
200129d0   xdc_runtime_Memory_Module__state__V
200129d4   xdc_runtime_Registry_Module__state__V
200129dc   xdc_runtime_Startup_Module__state__V
200129e4   xdc_runtime_SysMin_Module__state__V
200129f0   xdc_runtime_System_Module_State_0_atexitHandlers__A
20012a10   xdc_runtime_System_Module__state__V
20012a18   xdc_runtime_Text_Module__state__V
20012a20   __xdc__init__addr
20012a24   ti_sysbios_knl_Task_Object__table__V
20012b08   TSK_idle
20012b54   _ipcfg
20012c08   ti_sysbios_knl_Swi_Module_State_0_readyQ__A
20012c88   ti_sysbios_knl_Task_Module_State_0_readyQ__A
20012d08   ti_sysbios_knl_Mailbox_Object__table__V
20012da8   ti_sysbios_knl_Task_Module__state__V
20012e6c   ti_sysbios_family_arm_lm4_Timer_Module_State_0_device__A
20012eac   ti_sysbios_family_arm_lm4_Timer_Object__table__V
20012eec   ti_sysbios_gates_GateMutex_Object__table__V
20012f58   ti_sysbios_family_arm_m3_Hwi_Module__state__V
20012f8c   enablePrefetch
20012f90   phyCounter
20012ff0   ti_sysbios_knl_Swi_Object__table__V
20013020   ti_sysbios_knl_Clock_Module__state__V
2001304c   pstrMsgName
20013074   _oscfg
20013098   PITCount
2001309c   PITUsed
200130a0   PITHigh
200130bc   ti_sysbios_BIOS_Module__state__V
20013148   _IGMPForceVersion1
2001315e   macAddress
20013164   NIMUDeviceTable
2001317c   _lock
20013180   _unlock
20013184   __TI_cleanup_ptr
20013188   __TI_dtors_ptr
20013194   _ICMPInErrors
20013198   _ICMPOutErrors
2001319c   _IPExecuting
200131b4   tcp_iss
200131b8   ptTimeFirst
200131d8   main_func_sp
200131e0   _IPReasmPtr
200131f0   __stack
200133f0   __STACK_TOP
200139f0   __STACK_END
e000e000   ti_sysbios_family_arm_m3_Hwi_nvic
ffffffff   __binit__
ffffffff   __c_args__
ffffffff   binit
UNDEFED    SHT$$INIT_ARRAY$$Base
UNDEFED    SHT$$INIT_ARRAY$$Limit

[1060 symbols]
