<html>
<body>
<pre>
<h1>µVision Build Log</h1>
<h2>Project:</h2>
C:\Users\Zeus\Documents\GitHub\motherboard-squad\Software\Launchpad\StellarisWare\boards\ek-lm4f120xl\interrupts\interrupts.uvproj
Project File Date:  01/17/2014

<h2>Output:</h2>
Rebuild target 'interrupts'
compiling interrupts.c...
assembling startup_rvmdk.S...
compiling uartstdio.c...
linking...
Program Size: Code=2500 RO-data=200 RW-data=24 ZI-data=512  
After Build - User command #1: fromelf --bin --output .\rvmdk\interrupts.bin .\rvmdk\interrupts.axf
".\rvmdk\interrupts.axf" - 0 Error(s), 0 Warning(s).
