<html>
<body>
<pre>
<h1>µVision Build Log</h1>
<h2>Project:</h2>
C:\Users\Zeus\Documents\GitHub\motherboard-squad\Software\Launchpad\StellarisWare\boards\ek-lm4f120xl\blinky\blinky.uvproj
Project File Date:  01/17/2014

<h2>Output:</h2>
Rebuild target 'blinky'
compiling blinky.c...
assembling startup_rvmdk.S...
linking...
Program Size: Code=836 RO-data=16 RW-data=0 ZI-data=256  
After Build - User command #1: fromelf --bin --output .\rvmdk\blinky.bin .\rvmdk\blinky.axf
".\rvmdk\blinky.axf" - 0 Errors, 0 Warning(s).
